
===========================================================================
Violator List
============================================================================
[setup in-out] B[5] -> S[21] : -2.296416
[setup in-out] B[5] -> S[30] : -2.240883
[setup in-out] B[5] -> S[23] : -2.239635
[setup in-out] B[5] -> S[28] : -2.236370
[setup in-out] B[5] -> S[22] : -2.228024
[setup in-out] B[5] -> S[24] : -2.224134
[setup in-out] B[5] -> S[31] : -2.209910
[setup in-out] sub -> S[10] : -2.179790
[setup in-out] B[5] -> S[15] : -2.165429
[setup in-out] B[5] -> S[13] : -2.132236
[setup in-out] B[5] -> S[26] : -2.116045
[setup in-out] sub -> S[11] : -2.079832
[setup in-out] B[5] -> S[20] : -2.078155
[setup in-out] B[5] -> S[25] : -2.073766
[setup in-out] B[5] -> carryOut : -2.072407
[setup in-out] B[5] -> S[29] : -2.005754
[setup in-out] B[5] -> S[27] : -1.987238
[setup in-out] B[5] -> S[19] : -1.947730
[setup in-out] sub -> S[7] : -1.932994
[setup in-out] B[5] -> S[17] : -1.872740
[setup in-out] sub -> S[18] : -1.845126
[setup in-out] sub -> S[9] : -1.838573
[setup in-out] B[5] -> S[14] : -1.766306
[setup in-out] B[5] -> S[12] : -1.718571
[setup in-out] sub -> S[6] : -1.571634
[setup in-out] sub -> S[8] : -1.481891
[setup in-out] B[5] -> S[16] : -1.423979
[setup in-out] sub -> S[5] : -1.312814
[setup in-out] sub -> S[4] : -1.001722
[setup in-out] sub -> S[3] : -0.653156
[setup in-out] sub -> S[2] : -0.568130
