
===========================================================================
report_checks -unconstrained
===========================================================================
======================= min_ff_n40C_1v95 Corner ===================================

Startpoint: B[4] (input port clocked by __VIRTUAL_CLK__)
Endpoint: y[31] (output port clocked by __VIRTUAL_CLK__)
Path Group: __VIRTUAL_CLK__
Path Type: max

Fanout         Cap        Slew       Delay        Time   Description
---------------------------------------------------------------------------------------------
                      0.000000    0.000000    0.000000   clock __VIRTUAL_CLK__ (rise edge)
                                  0.000000    0.000000   clock network delay (ideal)
                                  4.000000    4.000000 v input external delay
     1    0.003844    0.006255    0.003348    4.003348 v B[4] (in)
                                                         B[4] (net)
                      0.006256    0.000000    4.003348 v input59/A (sky130_fd_sc_hd__clkdlybuf4s25_1)
     5    0.028129    0.145684    0.256991    4.260339 v input59/X (sky130_fd_sc_hd__clkdlybuf4s25_1)
                                                         net59 (net)
                      0.145684    0.000447    4.260786 v _491_/B (sky130_fd_sc_hd__xnor2_2)
     2    0.008650    0.060726    0.138913    4.399699 v _491_/Y (sky130_fd_sc_hd__xnor2_2)
                                                         _058_ (net)
                      0.060726    0.000041    4.399740 v max_cap106/A (sky130_fd_sc_hd__buf_2)
     6    0.025565    0.049898    0.124618    4.524357 v max_cap106/X (sky130_fd_sc_hd__buf_2)
                                                         net106 (net)
                      0.049900    0.000412    4.524769 v _546_/A (sky130_fd_sc_hd__or4_2)
     2    0.007700    0.077471    0.413265    4.938035 v _546_/X (sky130_fd_sc_hd__or4_2)
                                                         _109_ (net)
                      0.077471    0.000073    4.938107 v _658_/A (sky130_fd_sc_hd__or4_2)
     2    0.005488    0.072604    0.412208    5.350316 v _658_/X (sky130_fd_sc_hd__or4_2)
                                                         _213_ (net)
                      0.072604    0.000050    5.350366 v _660_/B1 (sky130_fd_sc_hd__o221a_2)
     3    0.013710    0.050712    0.197031    5.547397 v _660_/X (sky130_fd_sc_hd__o221a_2)
                                                         _215_ (net)
                      0.050712    0.000278    5.547675 v _835_/A1 (sky130_fd_sc_hd__a211o_2)
     1    0.002561    0.032425    0.188857    5.736532 v _835_/X (sky130_fd_sc_hd__a211o_2)
                                                         _378_ (net)
                      0.032425    0.000031    5.736563 v _836_/B (sky130_fd_sc_hd__and2_2)
     3    0.011720    0.041373    0.141181    5.877744 v _836_/X (sky130_fd_sc_hd__and2_2)
                                                         _379_ (net)
                      0.041373    0.000222    5.877966 v _863_/A2 (sky130_fd_sc_hd__o31a_2)
     2    0.007365    0.045154    0.216527    6.094493 v _863_/X (sky130_fd_sc_hd__o31a_2)
                                                         _404_ (net)
                      0.045154    0.000135    6.094628 v _880_/A2 (sky130_fd_sc_hd__a21o_2)
     2    0.010976    0.039622    0.161430    6.256059 v _880_/X (sky130_fd_sc_hd__a21o_2)
                                                         _420_ (net)
                      0.039622    0.000119    6.256177 v _881_/B (sky130_fd_sc_hd__or2_2)
     1    0.003361    0.037550    0.167494    6.423672 v _881_/X (sky130_fd_sc_hd__or2_2)
                                                         _421_ (net)
                      0.037550    0.000041    6.423713 v _882_/B1 (sky130_fd_sc_hd__o31a_2)
     1    0.009809    0.049395    0.086525    6.510238 v _882_/X (sky130_fd_sc_hd__o31a_2)
                                                         _422_ (net)
                      0.049395    0.000161    6.510399 v _883_/B (sky130_fd_sc_hd__xnor2_2)
     1    0.007736    0.042857    0.099146    6.609545 v _883_/Y (sky130_fd_sc_hd__xnor2_2)
                                                         _423_ (net)
                      0.042857    0.000142    6.609687 v _886_/A2 (sky130_fd_sc_hd__o21ai_2)
     1    0.006846    0.114605    0.097583    6.707270 ^ _886_/Y (sky130_fd_sc_hd__o21ai_2)
                                                         net94 (net)
                      0.114605    0.000084    6.707354 ^ output94/A (sky130_fd_sc_hd__clkdlybuf4s25_1)
     1    0.035677    0.269544    0.361450    7.068804 ^ output94/X (sky130_fd_sc_hd__clkdlybuf4s25_1)
                                                         y[31] (net)
                      0.269544    0.000426    7.069231 ^ y[31] (out)
                                              7.069231   data arrival time

                      0.000000   20.000000   20.000000   clock __VIRTUAL_CLK__ (rise edge)
                                  0.000000   20.000000   clock network delay (ideal)
                                 -0.250000   19.750002   clock uncertainty
                                  0.000000   19.750002   clock reconvergence pessimism
                                 -4.000000   15.750001   output external delay
                                             15.750001   data required time
---------------------------------------------------------------------------------------------
                                             15.750001   data required time
                                             -7.069231   data arrival time
---------------------------------------------------------------------------------------------
                                              8.680770   slack (MET)




===========================================================================
report_checks --slack_max -0.01
============================================================================
======================= min_ff_n40C_1v95 Corner ===================================

No paths found.


===========================================================================
 report_check_types -max_slew -max_cap -max_fanout -violators
============================================================================
======================= min_ff_n40C_1v95 Corner ===================================



===========================================================================
report_parasitic_annotation -report_unannotated
============================================================================
Found 2 unannotated drivers.
 statusIn[1]
 statusIn[2]
Found 0 partially unannotated drivers.

===========================================================================
max slew violation count 0
max fanout violation count 0
max cap violation count 0
============================================================================

===========================================================================
check_setup -verbose -unconstrained_endpoints -multiple_clock -no_clock -no_input_delay -loops -generated_clocks
===========================================================================
