
===========================================================================
 report_power
============================================================================
======================= min_ff_n40C_1v95 Corner ===================================

Group                    Internal    Switching      Leakage        Total
                            Power        Power        Power        Power (Watts)
------------------------------------------------------------------------
Sequential           0.000000e+00 0.000000e+00 0.000000e+00 0.000000e+00   0.0%
Combinational        9.417734e-05 1.155368e-04 5.778333e-09 2.097199e-04 100.0%
Clock                0.000000e+00 0.000000e+00 8.251446e-10 8.251446e-10   0.0%
Macro                0.000000e+00 0.000000e+00 0.000000e+00 0.000000e+00   0.0%
Pad                  0.000000e+00 0.000000e+00 0.000000e+00 0.000000e+00   0.0%
------------------------------------------------------------------------
Total                9.417734e-05 1.155368e-04 6.603478e-09 2.097207e-04 100.0%
                            44.9%        55.1%         0.0%

