107. Printing statistics.

=== addsub32 ===

        +----------Local Count, excluding submodules.
        |        +-Local Area, excluding submodules.
        |        | 
      318        - wires
      411        - wire bits
        5        - public wires
       98        - public wire bits
        5        - ports
       98        - port bits
      346 3.57E+03 cells
        2   25.024   sky130_fd_sc_hd__a211oi_2
        4   45.043   sky130_fd_sc_hd__a21boi_2
        1   18.768   sky130_fd_sc_hd__a21boi_4
        6    52.55   sky130_fd_sc_hd__a21o_2
       31   271.51   sky130_fd_sc_hd__a21oi_2
        3   48.797   sky130_fd_sc_hd__a21oi_4
        2   25.024   sky130_fd_sc_hd__a22oi_2
        4   85.082   sky130_fd_sc_hd__a22oi_4
        2   22.522   sky130_fd_sc_hd__a2bb2o_2
        1   15.014   sky130_fd_sc_hd__a2bb2oi_2
        1    8.758   sky130_fd_sc_hd__a31o_2
        3   37.536   sky130_fd_sc_hd__a31oi_2
        1   16.266   sky130_fd_sc_hd__a32oi_2
        1   27.526   sky130_fd_sc_hd__a41oi_4
       13   97.594   sky130_fd_sc_hd__and2_2
        7   61.309   sky130_fd_sc_hd__and2_4
        3   22.522   sky130_fd_sc_hd__and3_2
        1    10.01   sky130_fd_sc_hd__and3b_2
       15   56.304   sky130_fd_sc_hd__inv_2
        1   11.261   sky130_fd_sc_hd__mux2_1
       45   281.52   sky130_fd_sc_hd__nand2_2
        3   33.782   sky130_fd_sc_hd__nand2_4
       16  140.134   sky130_fd_sc_hd__nand2b_2
       11  110.106   sky130_fd_sc_hd__nand3_2
        1   17.517   sky130_fd_sc_hd__nand3_4
       11  123.869   sky130_fd_sc_hd__nand3b_2
        1   20.019   sky130_fd_sc_hd__nand3b_4
        5    62.56   sky130_fd_sc_hd__nand4_2
        1    21.27   sky130_fd_sc_hd__nand4_4
        1   23.773   sky130_fd_sc_hd__nand4b_4
       20   125.12   sky130_fd_sc_hd__nor2_2
        1   11.261   sky130_fd_sc_hd__nor2_4
        1    8.758   sky130_fd_sc_hd__nor2b_2
        1   13.763   sky130_fd_sc_hd__nor2b_4
        3   30.029   sky130_fd_sc_hd__nor3_2
        1   16.266   sky130_fd_sc_hd__nor3_4
        2   25.024   sky130_fd_sc_hd__nor4_2
        2   25.024   sky130_fd_sc_hd__o2111a_2
        2   30.029   sky130_fd_sc_hd__o2111ai_2
        3   30.029   sky130_fd_sc_hd__o211a_2
        2   25.024   sky130_fd_sc_hd__o211ai_2
        9   78.826   sky130_fd_sc_hd__o21a_2
        2   30.029   sky130_fd_sc_hd__o21a_4
       17  148.893   sky130_fd_sc_hd__o21ai_2
        2   32.531   sky130_fd_sc_hd__o21ai_4
       11  123.869   sky130_fd_sc_hd__o21bai_2
        3   56.304   sky130_fd_sc_hd__o21bai_4
        1    10.01   sky130_fd_sc_hd__o22a_2
        2   25.024   sky130_fd_sc_hd__o22ai_2
        1   20.019   sky130_fd_sc_hd__o22ai_4
        3   33.782   sky130_fd_sc_hd__o2bb2a_2
        3   45.043   sky130_fd_sc_hd__o2bb2ai_2
        1   27.526   sky130_fd_sc_hd__o2bb2ai_4
        1   26.275   sky130_fd_sc_hd__o311ai_4
        1    10.01   sky130_fd_sc_hd__o31a_2
        3   37.536   sky130_fd_sc_hd__o31ai_2
        1   22.522   sky130_fd_sc_hd__o32a_4
        1   12.512   sky130_fd_sc_hd__o41a_2
        6   37.536   sky130_fd_sc_hd__or2_2
        5   43.792   sky130_fd_sc_hd__or2_4
        1    7.507   sky130_fd_sc_hd__or3_2
        1   11.261   sky130_fd_sc_hd__or3b_4
        1    8.758   sky130_fd_sc_hd__or4_2
        1   11.261   sky130_fd_sc_hd__or4_4
       18  292.781   sky130_fd_sc_hd__xnor2_2
        1   27.526   sky130_fd_sc_hd__xnor2_4
       14  227.718   sky130_fd_sc_hd__xor2_2
        1   27.526   sky130_fd_sc_hd__xor2_4

   Chip area for module '\addsub32': 3569.673600
     of which used for sequential elements: 0.000000 (0.00%)

