
===========================================================================
report_checks -path_delay min (Hold)
============================================================================
======================= nom_tt_025C_1v80 Corner ===================================

Startpoint: A[5] (input port clocked by __VIRTUAL_CLK__)
Endpoint: y[5] (output port clocked by __VIRTUAL_CLK__)
Path Group: __VIRTUAL_CLK__
Path Type: min

Fanout         Cap        Slew       Delay        Time   Description
---------------------------------------------------------------------------------------------
                      0.000000    0.000000    0.000000   clock __VIRTUAL_CLK__ (rise edge)
                                  0.000000    0.000000   clock network delay (ideal)
                                  4.000000    4.000000 v input external delay
     4    0.018303    0.042698    0.027948    4.027948 v A[5] (in)
                                                         A[5] (net)
                      0.042698    0.000000    4.027948 v _507_/A (sky130_fd_sc_hd__nand2_2)
     3    0.008862    0.057988    0.064602    4.092549 ^ _507_/Y (sky130_fd_sc_hd__nand2_2)
                                                         _073_ (net)
                      0.057988    0.000000    4.092549 ^ _517_/A2 (sky130_fd_sc_hd__o21ai_2)
     1    0.033442    0.136441    0.126196    4.218746 v _517_/Y (sky130_fd_sc_hd__o21ai_2)
                                                         y[5] (net)
                      0.136441    0.000000    4.218746 v y[5] (out)
                                              4.218746   data arrival time

                      0.000000    0.000000    0.000000   clock __VIRTUAL_CLK__ (rise edge)
                                  0.000000    0.000000   clock network delay (ideal)
                                  0.250000    0.250000   clock uncertainty
                                  0.000000    0.250000   clock reconvergence pessimism
                                 -4.000000   -3.750000   output external delay
                                             -3.750000   data required time
---------------------------------------------------------------------------------------------
                                             -3.750000   data required time
                                             -4.218746   data arrival time
---------------------------------------------------------------------------------------------
                                              7.968746   slack (MET)


Startpoint: A[10] (input port clocked by __VIRTUAL_CLK__)
Endpoint: y[10] (output port clocked by __VIRTUAL_CLK__)
Path Group: __VIRTUAL_CLK__
Path Type: min

Fanout         Cap        Slew       Delay        Time   Description
---------------------------------------------------------------------------------------------
                      0.000000    0.000000    0.000000   clock __VIRTUAL_CLK__ (rise edge)
                                  0.000000    0.000000   clock network delay (ideal)
                                  4.000000    4.000000 v input external delay
     5    0.022866    0.052430    0.034818    4.034818 v A[10] (in)
                                                         A[10] (net)
                      0.052430    0.000000    4.034818 v _570_/A (sky130_fd_sc_hd__nand2_2)
     2    0.007089    0.049496    0.062512    4.097330 ^ _570_/Y (sky130_fd_sc_hd__nand2_2)
                                                         _131_ (net)
                      0.049496    0.000000    4.097330 ^ _582_/A2 (sky130_fd_sc_hd__o211ai_2)
     1    0.033442    0.209715    0.183631    4.280961 v _582_/Y (sky130_fd_sc_hd__o211ai_2)
                                                         y[10] (net)
                      0.209715    0.000000    4.280961 v y[10] (out)
                                              4.280961   data arrival time

                      0.000000    0.000000    0.000000   clock __VIRTUAL_CLK__ (rise edge)
                                  0.000000    0.000000   clock network delay (ideal)
                                  0.250000    0.250000   clock uncertainty
                                  0.000000    0.250000   clock reconvergence pessimism
                                 -4.000000   -3.750000   output external delay
                                             -3.750000   data required time
---------------------------------------------------------------------------------------------
                                             -3.750000   data required time
                                             -4.280961   data arrival time
---------------------------------------------------------------------------------------------
                                              8.030961   slack (MET)


Startpoint: B[6] (input port clocked by __VIRTUAL_CLK__)
Endpoint: y[6] (output port clocked by __VIRTUAL_CLK__)
Path Group: __VIRTUAL_CLK__
Path Type: min

Fanout         Cap        Slew       Delay        Time   Description
---------------------------------------------------------------------------------------------
                      0.000000    0.000000    0.000000   clock __VIRTUAL_CLK__ (rise edge)
                                  0.000000    0.000000   clock network delay (ideal)
                                  4.000000    4.000000 v input external delay
     5    0.022956    0.052622    0.034953    4.034954 v B[6] (in)
                                                         B[6] (net)
                      0.052622    0.000000    4.034954 v _519_/B (sky130_fd_sc_hd__nor2_2)
     3    0.009722    0.132348    0.117896    4.152850 ^ _519_/Y (sky130_fd_sc_hd__nor2_2)
                                                         _084_ (net)
                      0.132348    0.000000    4.152850 ^ _530_/A2 (sky130_fd_sc_hd__o21ai_2)
     1    0.033442    0.136441    0.145596    4.298445 v _530_/Y (sky130_fd_sc_hd__o21ai_2)
                                                         y[6] (net)
                      0.136441    0.000000    4.298445 v y[6] (out)
                                              4.298445   data arrival time

                      0.000000    0.000000    0.000000   clock __VIRTUAL_CLK__ (rise edge)
                                  0.000000    0.000000   clock network delay (ideal)
                                  0.250000    0.250000   clock uncertainty
                                  0.000000    0.250000   clock reconvergence pessimism
                                 -4.000000   -3.750000   output external delay
                                             -3.750000   data required time
---------------------------------------------------------------------------------------------
                                             -3.750000   data required time
                                             -4.298445   data arrival time
---------------------------------------------------------------------------------------------
                                              8.048446   slack (MET)


Startpoint: A[11] (input port clocked by __VIRTUAL_CLK__)
Endpoint: y[11] (output port clocked by __VIRTUAL_CLK__)
Path Group: __VIRTUAL_CLK__
Path Type: min

Fanout         Cap        Slew       Delay        Time   Description
---------------------------------------------------------------------------------------------
                      0.000000    0.000000    0.000000   clock __VIRTUAL_CLK__ (rise edge)
                                  0.000000    0.000000   clock network delay (ideal)
                                  4.000000    4.000000 v input external delay
     4    0.018303    0.042698    0.027948    4.027948 v A[11] (in)
                                                         A[11] (net)
                      0.042698    0.000000    4.027948 v _584_/A (sky130_fd_sc_hd__nand2_2)
     2    0.005057    0.039328    0.051676    4.079623 ^ _584_/Y (sky130_fd_sc_hd__nand2_2)
                                                         _144_ (net)
                      0.039328    0.000000    4.079623 ^ _595_/A2 (sky130_fd_sc_hd__o21a_2)
     1    0.004522    0.038589    0.104091    4.183715 ^ _595_/X (sky130_fd_sc_hd__o21a_2)
                                                         _155_ (net)
                      0.038589    0.000000    4.183715 ^ _596_/B1 (sky130_fd_sc_hd__o21ai_2)
     1    0.033442    0.136473    0.117784    4.301498 v _596_/Y (sky130_fd_sc_hd__o21ai_2)
                                                         y[11] (net)
                      0.136473    0.000000    4.301498 v y[11] (out)
                                              4.301498   data arrival time

                      0.000000    0.000000    0.000000   clock __VIRTUAL_CLK__ (rise edge)
                                  0.000000    0.000000   clock network delay (ideal)
                                  0.250000    0.250000   clock uncertainty
                                  0.000000    0.250000   clock reconvergence pessimism
                                 -4.000000   -3.750000   output external delay
                                             -3.750000   data required time
---------------------------------------------------------------------------------------------
                                             -3.750000   data required time
                                             -4.301498   data arrival time
---------------------------------------------------------------------------------------------
                                              8.051498   slack (MET)


Startpoint: A[12] (input port clocked by __VIRTUAL_CLK__)
Endpoint: y[12] (output port clocked by __VIRTUAL_CLK__)
Path Group: __VIRTUAL_CLK__
Path Type: min

Fanout         Cap        Slew       Delay        Time   Description
---------------------------------------------------------------------------------------------
                      0.000000    0.000000    0.000000   clock __VIRTUAL_CLK__ (rise edge)
                                  0.000000    0.000000   clock network delay (ideal)
                                  4.000000    4.000000 ^ input external delay
     6    0.023828    0.114624    0.073555    4.073555 ^ A[12] (in)
                                                         A[12] (net)
                      0.114624    0.000000    4.073555 ^ _611_/A1 (sky130_fd_sc_hd__o21ai_2)
     1    0.004244    0.036739    0.070135    4.143689 v _611_/Y (sky130_fd_sc_hd__o21ai_2)
                                                         _170_ (net)
                      0.036739    0.000000    4.143689 v _613_/B1 (sky130_fd_sc_hd__o211ai_2)
     1    0.033442    0.210368    0.160632    4.304321 ^ _613_/Y (sky130_fd_sc_hd__o211ai_2)
                                                         y[12] (net)
                      0.210368    0.000000    4.304321 ^ y[12] (out)
                                              4.304321   data arrival time

                      0.000000    0.000000    0.000000   clock __VIRTUAL_CLK__ (rise edge)
                                  0.000000    0.000000   clock network delay (ideal)
                                  0.250000    0.250000   clock uncertainty
                                  0.000000    0.250000   clock reconvergence pessimism
                                 -4.000000   -3.750000   output external delay
                                             -3.750000   data required time
---------------------------------------------------------------------------------------------
                                             -3.750000   data required time
                                             -4.304321   data arrival time
---------------------------------------------------------------------------------------------
                                              8.054322   slack (MET)


Startpoint: statusIn[0] (input port clocked by __VIRTUAL_CLK__)
Endpoint: y[0] (output port clocked by __VIRTUAL_CLK__)
Path Group: __VIRTUAL_CLK__
Path Type: min

Fanout         Cap        Slew       Delay        Time   Description
---------------------------------------------------------------------------------------------
                      0.000000    0.000000    0.000000   clock __VIRTUAL_CLK__ (rise edge)
                                  0.000000    0.000000   clock network delay (ideal)
                                  4.000000    4.000000 v input external delay
     5    0.014622    0.034847    0.022406    4.022406 v statusIn[0] (in)
                                                         statusIn[0] (net)
                      0.034847    0.000000    4.022406 v _440_/A (sky130_fd_sc_hd__nand2_2)
     4    0.008870    0.057909    0.061475    4.083881 ^ _440_/Y (sky130_fd_sc_hd__nand2_2)
                                                         _011_ (net)
                      0.057909    0.000000    4.083881 ^ _454_/A1 (sky130_fd_sc_hd__a21bo_2)
     1    0.033442    0.184500    0.221403    4.305284 ^ _454_/X (sky130_fd_sc_hd__a21bo_2)
                                                         y[0] (net)
                      0.184500    0.000000    4.305284 ^ y[0] (out)
                                              4.305284   data arrival time

                      0.000000    0.000000    0.000000   clock __VIRTUAL_CLK__ (rise edge)
                                  0.000000    0.000000   clock network delay (ideal)
                                  0.250000    0.250000   clock uncertainty
                                  0.000000    0.250000   clock reconvergence pessimism
                                 -4.000000   -3.750000   output external delay
                                             -3.750000   data required time
---------------------------------------------------------------------------------------------
                                             -3.750000   data required time
                                             -4.305284   data arrival time
---------------------------------------------------------------------------------------------
                                              8.055285   slack (MET)


Startpoint: A[31] (input port clocked by __VIRTUAL_CLK__)
Endpoint: statusOut (output port clocked by __VIRTUAL_CLK__)
Path Group: __VIRTUAL_CLK__
Path Type: min

Fanout         Cap        Slew       Delay        Time   Description
---------------------------------------------------------------------------------------------
                      0.000000    0.000000    0.000000   clock __VIRTUAL_CLK__ (rise edge)
                                  0.000000    0.000000   clock network delay (ideal)
                                  4.000000    4.000000 v input external delay
     3    0.009739    0.024321    0.014952    4.014953 v A[31] (in)
                                                         A[31] (net)
                      0.024321    0.000000    4.014953 v _887_/B2 (sky130_fd_sc_hd__o32ai_2)
     1    0.002423    0.114003    0.067561    4.082513 ^ _887_/Y (sky130_fd_sc_hd__o32ai_2)
                                                         _426_ (net)
                      0.114003    0.000000    4.082513 ^ _890_/A2 (sky130_fd_sc_hd__a21o_2)
     1    0.033442    0.171510    0.229533    4.312047 ^ _890_/X (sky130_fd_sc_hd__a21o_2)
                                                         statusOut (net)
                      0.171510    0.000000    4.312047 ^ statusOut (out)
                                              4.312047   data arrival time

                      0.000000    0.000000    0.000000   clock __VIRTUAL_CLK__ (rise edge)
                                  0.000000    0.000000   clock network delay (ideal)
                                  0.250000    0.250000   clock uncertainty
                                  0.000000    0.250000   clock reconvergence pessimism
                                 -4.000000   -3.750000   output external delay
                                             -3.750000   data required time
---------------------------------------------------------------------------------------------
                                             -3.750000   data required time
                                             -4.312047   data arrival time
---------------------------------------------------------------------------------------------
                                              8.062046   slack (MET)


Startpoint: B[21] (input port clocked by __VIRTUAL_CLK__)
Endpoint: y[21] (output port clocked by __VIRTUAL_CLK__)
Path Group: __VIRTUAL_CLK__
Path Type: min

Fanout         Cap        Slew       Delay        Time   Description
---------------------------------------------------------------------------------------------
                      0.000000    0.000000    0.000000   clock __VIRTUAL_CLK__ (rise edge)
                                  0.000000    0.000000   clock network delay (ideal)
                                  4.000000    4.000000 v input external delay
     5    0.017795    0.041615    0.027183    4.027183 v B[21] (in)
                                                         B[21] (net)
                      0.041615    0.000000    4.027183 v _727_/A (sky130_fd_sc_hd__nand2_2)
     1    0.002547    0.027778    0.042432    4.069615 ^ _727_/Y (sky130_fd_sc_hd__nand2_2)
                                                         _277_ (net)
                      0.027778    0.000000    4.069615 ^ _736_/A2 (sky130_fd_sc_hd__o221a_2)
     1    0.004522    0.050808    0.168817    4.238433 ^ _736_/X (sky130_fd_sc_hd__o221a_2)
                                                         _286_ (net)
                      0.050808    0.000000    4.238433 ^ _737_/B1 (sky130_fd_sc_hd__o21ai_2)
     1    0.033442    0.136441    0.121624    4.360056 v _737_/Y (sky130_fd_sc_hd__o21ai_2)
                                                         y[21] (net)
                      0.136441    0.000000    4.360056 v y[21] (out)
                                              4.360056   data arrival time

                      0.000000    0.000000    0.000000   clock __VIRTUAL_CLK__ (rise edge)
                                  0.000000    0.000000   clock network delay (ideal)
                                  0.250000    0.250000   clock uncertainty
                                  0.000000    0.250000   clock reconvergence pessimism
                                 -4.000000   -3.750000   output external delay
                                             -3.750000   data required time
---------------------------------------------------------------------------------------------
                                             -3.750000   data required time
                                             -4.360056   data arrival time
---------------------------------------------------------------------------------------------
                                              8.110057   slack (MET)


Startpoint: A[17] (input port clocked by __VIRTUAL_CLK__)
Endpoint: y[17] (output port clocked by __VIRTUAL_CLK__)
Path Group: __VIRTUAL_CLK__
Path Type: min

Fanout         Cap        Slew       Delay        Time   Description
---------------------------------------------------------------------------------------------
                      0.000000    0.000000    0.000000   clock __VIRTUAL_CLK__ (rise edge)
                                  0.000000    0.000000   clock network delay (ideal)
                                  4.000000    4.000000 ^ input external delay
     5    0.016367    0.081190    0.051438    4.051438 ^ A[17] (in)
                                                         A[17] (net)
                      0.081190    0.000000    4.051438 ^ _680_/A2 (sky130_fd_sc_hd__a31o_2)
     1    0.002564    0.031062    0.140013    4.191452 ^ _680_/X (sky130_fd_sc_hd__a31o_2)
                                                         _234_ (net)
                      0.031062    0.000000    4.191452 ^ _681_/B1 (sky130_fd_sc_hd__a21o_2)
     1    0.033442    0.171497    0.170429    4.361881 ^ _681_/X (sky130_fd_sc_hd__a21o_2)
                                                         y[17] (net)
                      0.171497    0.000000    4.361881 ^ y[17] (out)
                                              4.361881   data arrival time

                      0.000000    0.000000    0.000000   clock __VIRTUAL_CLK__ (rise edge)
                                  0.000000    0.000000   clock network delay (ideal)
                                  0.250000    0.250000   clock uncertainty
                                  0.000000    0.250000   clock reconvergence pessimism
                                 -4.000000   -3.750000   output external delay
                                             -3.750000   data required time
---------------------------------------------------------------------------------------------
                                             -3.750000   data required time
                                             -4.361881   data arrival time
---------------------------------------------------------------------------------------------
                                              8.111881   slack (MET)


Startpoint: B[1] (input port clocked by __VIRTUAL_CLK__)
Endpoint: y[1] (output port clocked by __VIRTUAL_CLK__)
Path Group: __VIRTUAL_CLK__
Path Type: min

Fanout         Cap        Slew       Delay        Time   Description
---------------------------------------------------------------------------------------------
                      0.000000    0.000000    0.000000   clock __VIRTUAL_CLK__ (rise edge)
                                  0.000000    0.000000   clock network delay (ideal)
                                  4.000000    4.000000 ^ input external delay
     4    0.019472    0.095104    0.060642    4.060642 ^ B[1] (in)
                                                         B[1] (net)
                      0.095104    0.000000    4.060642 ^ _461_/A2 (sky130_fd_sc_hd__o21ai_2)
     1    0.002253    0.026003    0.049240    4.109882 v _461_/Y (sky130_fd_sc_hd__o21ai_2)
                                                         _031_ (net)
                      0.026003    0.000000    4.109882 v _462_/C1 (sky130_fd_sc_hd__o221a_2)
     1    0.004237    0.031327    0.107741    4.217623 v _462_/X (sky130_fd_sc_hd__o221a_2)
                                                         _032_ (net)
                      0.031327    0.000000    4.217623 v _463_/B1 (sky130_fd_sc_hd__o21ai_2)
     1    0.033442    0.204077    0.148418    4.366041 ^ _463_/Y (sky130_fd_sc_hd__o21ai_2)
                                                         y[1] (net)
                      0.204077    0.000000    4.366041 ^ y[1] (out)
                                              4.366041   data arrival time

                      0.000000    0.000000    0.000000   clock __VIRTUAL_CLK__ (rise edge)
                                  0.000000    0.000000   clock network delay (ideal)
                                  0.250000    0.250000   clock uncertainty
                                  0.000000    0.250000   clock reconvergence pessimism
                                 -4.000000   -3.750000   output external delay
                                             -3.750000   data required time
---------------------------------------------------------------------------------------------
                                             -3.750000   data required time
                                             -4.366041   data arrival time
---------------------------------------------------------------------------------------------
                                              8.116041   slack (MET)


Startpoint: B[7] (input port clocked by __VIRTUAL_CLK__)
Endpoint: y[7] (output port clocked by __VIRTUAL_CLK__)
Path Group: __VIRTUAL_CLK__
Path Type: min

Fanout         Cap        Slew       Delay        Time   Description
---------------------------------------------------------------------------------------------
                      0.000000    0.000000    0.000000   clock __VIRTUAL_CLK__ (rise edge)
                                  0.000000    0.000000   clock network delay (ideal)
                                  4.000000    4.000000 ^ input external delay
     4    0.019472    0.095104    0.060642    4.060642 ^ B[7] (in)
                                                         B[7] (net)
                      0.095104    0.000000    4.060642 ^ _537_/A2 (sky130_fd_sc_hd__o21ai_2)
     1    0.002253    0.026003    0.049240    4.109882 v _537_/Y (sky130_fd_sc_hd__o21ai_2)
                                                         _101_ (net)
                      0.026003    0.000000    4.109882 v _538_/C1 (sky130_fd_sc_hd__o221a_2)
     1    0.004237    0.031327    0.107741    4.217623 v _538_/X (sky130_fd_sc_hd__o221a_2)
                                                         _102_ (net)
                      0.031327    0.000000    4.217623 v _539_/B1 (sky130_fd_sc_hd__o21ai_2)
     1    0.033442    0.204077    0.148418    4.366041 ^ _539_/Y (sky130_fd_sc_hd__o21ai_2)
                                                         y[7] (net)
                      0.204077    0.000000    4.366041 ^ y[7] (out)
                                              4.366041   data arrival time

                      0.000000    0.000000    0.000000   clock __VIRTUAL_CLK__ (rise edge)
                                  0.000000    0.000000   clock network delay (ideal)
                                  0.250000    0.250000   clock uncertainty
                                  0.000000    0.250000   clock reconvergence pessimism
                                 -4.000000   -3.750000   output external delay
                                             -3.750000   data required time
---------------------------------------------------------------------------------------------
                                             -3.750000   data required time
                                             -4.366041   data arrival time
---------------------------------------------------------------------------------------------
                                              8.116041   slack (MET)


Startpoint: B[23] (input port clocked by __VIRTUAL_CLK__)
Endpoint: y[23] (output port clocked by __VIRTUAL_CLK__)
Path Group: __VIRTUAL_CLK__
Path Type: min

Fanout         Cap        Slew       Delay        Time   Description
---------------------------------------------------------------------------------------------
                      0.000000    0.000000    0.000000   clock __VIRTUAL_CLK__ (rise edge)
                                  0.000000    0.000000   clock network delay (ideal)
                                  4.000000    4.000000 v input external delay
     3    0.007260    0.018945    0.011139    4.011139 v B[23] (in)
                                                         B[23] (net)
                      0.018945    0.000000    4.011139 v _753_/A (sky130_fd_sc_hd__nand2_2)
     3    0.009527    0.060944    0.057430    4.068569 ^ _753_/Y (sky130_fd_sc_hd__nand2_2)
                                                         _301_ (net)
                      0.060944    0.000000    4.068569 ^ _765_/A2 (sky130_fd_sc_hd__o221a_2)
     1    0.004522    0.050805    0.178263    4.246832 ^ _765_/X (sky130_fd_sc_hd__o221a_2)
                                                         _313_ (net)
                      0.050805    0.000000    4.246832 ^ _766_/B1 (sky130_fd_sc_hd__o21ai_2)
     1    0.033442    0.136441    0.121623    4.368454 v _766_/Y (sky130_fd_sc_hd__o21ai_2)
                                                         y[23] (net)
                      0.136441    0.000000    4.368454 v y[23] (out)
                                              4.368454   data arrival time

                      0.000000    0.000000    0.000000   clock __VIRTUAL_CLK__ (rise edge)
                                  0.000000    0.000000   clock network delay (ideal)
                                  0.250000    0.250000   clock uncertainty
                                  0.000000    0.250000   clock reconvergence pessimism
                                 -4.000000   -3.750000   output external delay
                                             -3.750000   data required time
---------------------------------------------------------------------------------------------
                                             -3.750000   data required time
                                             -4.368454   data arrival time
---------------------------------------------------------------------------------------------
                                              8.118455   slack (MET)


Startpoint: A[20] (input port clocked by __VIRTUAL_CLK__)
Endpoint: y[20] (output port clocked by __VIRTUAL_CLK__)
Path Group: __VIRTUAL_CLK__
Path Type: min

Fanout         Cap        Slew       Delay        Time   Description
---------------------------------------------------------------------------------------------
                      0.000000    0.000000    0.000000   clock __VIRTUAL_CLK__ (rise edge)
                                  0.000000    0.000000   clock network delay (ideal)
                                  4.000000    4.000000 ^ input external delay
     5    0.021914    0.106047    0.067881    4.067881 ^ A[20] (in)
                                                         A[20] (net)
                      0.106047    0.000000    4.067881 ^ _724_/A2 (sky130_fd_sc_hd__o21ai_2)
     1    0.002253    0.027266    0.051096    4.118977 v _724_/Y (sky130_fd_sc_hd__o21ai_2)
                                                         _275_ (net)
                      0.027266    0.000000    4.118977 v _725_/C1 (sky130_fd_sc_hd__o221a_2)
     1    0.004237    0.031325    0.108273    4.227249 v _725_/X (sky130_fd_sc_hd__o221a_2)
                                                         _276_ (net)
                      0.031325    0.000000    4.227249 v _726_/B1 (sky130_fd_sc_hd__o21ai_2)
     1    0.033442    0.204077    0.148418    4.375667 ^ _726_/Y (sky130_fd_sc_hd__o21ai_2)
                                                         y[20] (net)
                      0.204077    0.000000    4.375667 ^ y[20] (out)
                                              4.375667   data arrival time

                      0.000000    0.000000    0.000000   clock __VIRTUAL_CLK__ (rise edge)
                                  0.000000    0.000000   clock network delay (ideal)
                                  0.250000    0.250000   clock uncertainty
                                  0.000000    0.250000   clock reconvergence pessimism
                                 -4.000000   -3.750000   output external delay
                                             -3.750000   data required time
---------------------------------------------------------------------------------------------
                                             -3.750000   data required time
                                             -4.375667   data arrival time
---------------------------------------------------------------------------------------------
                                              8.125667   slack (MET)


Startpoint: B[24] (input port clocked by __VIRTUAL_CLK__)
Endpoint: y[24] (output port clocked by __VIRTUAL_CLK__)
Path Group: __VIRTUAL_CLK__
Path Type: min

Fanout         Cap        Slew       Delay        Time   Description
---------------------------------------------------------------------------------------------
                      0.000000    0.000000    0.000000   clock __VIRTUAL_CLK__ (rise edge)
                                  0.000000    0.000000   clock network delay (ideal)
                                  4.000000    4.000000 v input external delay
     3    0.007260    0.018945    0.011139    4.011139 v B[24] (in)
                                                         B[24] (net)
                      0.018945    0.000000    4.011139 v _768_/A (sky130_fd_sc_hd__nand2_2)
     4    0.011141    0.068952    0.062937    4.074076 ^ _768_/Y (sky130_fd_sc_hd__nand2_2)
                                                         _315_ (net)
                      0.068952    0.000000    4.074076 ^ _783_/A2 (sky130_fd_sc_hd__o221a_2)
     1    0.004522    0.050835    0.180224    4.254300 ^ _783_/X (sky130_fd_sc_hd__o221a_2)
                                                         _330_ (net)
                      0.050835    0.000000    4.254300 ^ _784_/B1 (sky130_fd_sc_hd__o21ai_2)
     1    0.033442    0.136441    0.121632    4.375933 v _784_/Y (sky130_fd_sc_hd__o21ai_2)
                                                         y[24] (net)
                      0.136441    0.000000    4.375933 v y[24] (out)
                                              4.375933   data arrival time

                      0.000000    0.000000    0.000000   clock __VIRTUAL_CLK__ (rise edge)
                                  0.000000    0.000000   clock network delay (ideal)
                                  0.250000    0.250000   clock uncertainty
                                  0.000000    0.250000   clock reconvergence pessimism
                                 -4.000000   -3.750000   output external delay
                                             -3.750000   data required time
---------------------------------------------------------------------------------------------
                                             -3.750000   data required time
                                             -4.375933   data arrival time
---------------------------------------------------------------------------------------------
                                              8.125932   slack (MET)


Startpoint: A[28] (input port clocked by __VIRTUAL_CLK__)
Endpoint: y[28] (output port clocked by __VIRTUAL_CLK__)
Path Group: __VIRTUAL_CLK__
Path Type: min

Fanout         Cap        Slew       Delay        Time   Description
---------------------------------------------------------------------------------------------
                      0.000000    0.000000    0.000000   clock __VIRTUAL_CLK__ (rise edge)
                                  0.000000    0.000000   clock network delay (ideal)
                                  4.000000    4.000000 v input external delay
     5    0.014396    0.034365    0.022066    4.022066 v A[28] (in)
                                                         A[28] (net)
                      0.034365    0.000000    4.022066 v _829_/A (sky130_fd_sc_hd__nand2_2)
     3    0.007474    0.051018    0.056523    4.078588 ^ _829_/Y (sky130_fd_sc_hd__nand2_2)
                                                         _372_ (net)
                      0.051018    0.000000    4.078588 ^ _845_/A2 (sky130_fd_sc_hd__o221a_2)
     1    0.004522    0.050804    0.175722    4.254310 ^ _845_/X (sky130_fd_sc_hd__o221a_2)
                                                         _388_ (net)
                      0.050804    0.000000    4.254310 ^ _846_/B1 (sky130_fd_sc_hd__o21ai_2)
     1    0.033442    0.136441    0.121623    4.375933 v _846_/Y (sky130_fd_sc_hd__o21ai_2)
                                                         y[28] (net)
                      0.136441    0.000000    4.375933 v y[28] (out)
                                              4.375933   data arrival time

                      0.000000    0.000000    0.000000   clock __VIRTUAL_CLK__ (rise edge)
                                  0.000000    0.000000   clock network delay (ideal)
                                  0.250000    0.250000   clock uncertainty
                                  0.000000    0.250000   clock reconvergence pessimism
                                 -4.000000   -3.750000   output external delay
                                             -3.750000   data required time
---------------------------------------------------------------------------------------------
                                             -3.750000   data required time
                                             -4.375933   data arrival time
---------------------------------------------------------------------------------------------
                                              8.125933   slack (MET)


Startpoint: A[3] (input port clocked by __VIRTUAL_CLK__)
Endpoint: y[3] (output port clocked by __VIRTUAL_CLK__)
Path Group: __VIRTUAL_CLK__
Path Type: min

Fanout         Cap        Slew       Delay        Time   Description
---------------------------------------------------------------------------------------------
                      0.000000    0.000000    0.000000   clock __VIRTUAL_CLK__ (rise edge)
                                  0.000000    0.000000   clock network delay (ideal)
                                  4.000000    4.000000 v input external delay
     3    0.009985    0.024854    0.015331    4.015331 v A[3] (in)
                                                         A[3] (net)
                      0.024854    0.000000    4.015331 v _478_/A (sky130_fd_sc_hd__nand2_2)
     3    0.009781    0.062281    0.060577    4.075908 ^ _478_/Y (sky130_fd_sc_hd__nand2_2)
                                                         _046_ (net)
                      0.062281    0.000000    4.075908 ^ _488_/A2 (sky130_fd_sc_hd__o221a_2)
     1    0.004522    0.050818    0.178590    4.254498 ^ _488_/X (sky130_fd_sc_hd__o221a_2)
                                                         _056_ (net)
                      0.050818    0.000000    4.254498 ^ _489_/B1 (sky130_fd_sc_hd__o21ai_2)
     1    0.033442    0.136441    0.121627    4.376125 v _489_/Y (sky130_fd_sc_hd__o21ai_2)
                                                         y[3] (net)
                      0.136441    0.000000    4.376125 v y[3] (out)
                                              4.376125   data arrival time

                      0.000000    0.000000    0.000000   clock __VIRTUAL_CLK__ (rise edge)
                                  0.000000    0.000000   clock network delay (ideal)
                                  0.250000    0.250000   clock uncertainty
                                  0.000000    0.250000   clock reconvergence pessimism
                                 -4.000000   -3.750000   output external delay
                                             -3.750000   data required time
---------------------------------------------------------------------------------------------
                                             -3.750000   data required time
                                             -4.376125   data arrival time
---------------------------------------------------------------------------------------------
                                              8.126125   slack (MET)


Startpoint: A[18] (input port clocked by __VIRTUAL_CLK__)
Endpoint: y[18] (output port clocked by __VIRTUAL_CLK__)
Path Group: __VIRTUAL_CLK__
Path Type: min

Fanout         Cap        Slew       Delay        Time   Description
---------------------------------------------------------------------------------------------
                      0.000000    0.000000    0.000000   clock __VIRTUAL_CLK__ (rise edge)
                                  0.000000    0.000000   clock network delay (ideal)
                                  4.000000    4.000000 v input external delay
     4    0.008351    0.021311    0.012817    4.012817 v A[18] (in)
                                                         A[18] (net)
                      0.021311    0.000000    4.012817 v _683_/B (sky130_fd_sc_hd__nor2_2)
     2    0.004043    0.074641    0.067094    4.079911 ^ _683_/Y (sky130_fd_sc_hd__nor2_2)
                                                         _236_ (net)
                      0.074641    0.000000    4.079911 ^ _698_/A2 (sky130_fd_sc_hd__o221a_2)
     1    0.004522    0.050821    0.181617    4.261528 ^ _698_/X (sky130_fd_sc_hd__o221a_2)
                                                         _251_ (net)
                      0.050821    0.000000    4.261528 ^ _699_/B1 (sky130_fd_sc_hd__o21ai_2)
     1    0.033442    0.136441    0.121628    4.383157 v _699_/Y (sky130_fd_sc_hd__o21ai_2)
                                                         y[18] (net)
                      0.136441    0.000000    4.383157 v y[18] (out)
                                              4.383157   data arrival time

                      0.000000    0.000000    0.000000   clock __VIRTUAL_CLK__ (rise edge)
                                  0.000000    0.000000   clock network delay (ideal)
                                  0.250000    0.250000   clock uncertainty
                                  0.000000    0.250000   clock reconvergence pessimism
                                 -4.000000   -3.750000   output external delay
                                             -3.750000   data required time
---------------------------------------------------------------------------------------------
                                             -3.750000   data required time
                                             -4.383157   data arrival time
---------------------------------------------------------------------------------------------
                                              8.133157   slack (MET)


Startpoint: B[9] (input port clocked by __VIRTUAL_CLK__)
Endpoint: y[9] (output port clocked by __VIRTUAL_CLK__)
Path Group: __VIRTUAL_CLK__
Path Type: min

Fanout         Cap        Slew       Delay        Time   Description
---------------------------------------------------------------------------------------------
                      0.000000    0.000000    0.000000   clock __VIRTUAL_CLK__ (rise edge)
                                  0.000000    0.000000   clock network delay (ideal)
                                  4.000000    4.000000 ^ input external delay
     5    0.023920    0.115036    0.073827    4.073827 ^ B[9] (in)
                                                         B[9] (net)
                      0.115036    0.000000    4.073827 ^ _567_/A2 (sky130_fd_sc_hd__o21ai_2)
     1    0.002253    0.028304    0.052621    4.126448 v _567_/Y (sky130_fd_sc_hd__o21ai_2)
                                                         _129_ (net)
                      0.028304    0.000000    4.126448 v _568_/C1 (sky130_fd_sc_hd__o221a_2)
     1    0.004237    0.031323    0.108709    4.235157 v _568_/X (sky130_fd_sc_hd__o221a_2)
                                                         _130_ (net)
                      0.031323    0.000000    4.235157 v _569_/B1 (sky130_fd_sc_hd__o21ai_2)
     1    0.033442    0.204077    0.148417    4.383574 ^ _569_/Y (sky130_fd_sc_hd__o21ai_2)
                                                         y[9] (net)
                      0.204077    0.000000    4.383574 ^ y[9] (out)
                                              4.383574   data arrival time

                      0.000000    0.000000    0.000000   clock __VIRTUAL_CLK__ (rise edge)
                                  0.000000    0.000000   clock network delay (ideal)
                                  0.250000    0.250000   clock uncertainty
                                  0.000000    0.250000   clock reconvergence pessimism
                                 -4.000000   -3.750000   output external delay
                                             -3.750000   data required time
---------------------------------------------------------------------------------------------
                                             -3.750000   data required time
                                             -4.383574   data arrival time
---------------------------------------------------------------------------------------------
                                              8.133574   slack (MET)


Startpoint: A[31] (input port clocked by __VIRTUAL_CLK__)
Endpoint: y[31] (output port clocked by __VIRTUAL_CLK__)
Path Group: __VIRTUAL_CLK__
Path Type: min

Fanout         Cap        Slew       Delay        Time   Description
---------------------------------------------------------------------------------------------
                      0.000000    0.000000    0.000000   clock __VIRTUAL_CLK__ (rise edge)
                                  0.000000    0.000000   clock network delay (ideal)
                                  4.000000    4.000000 v input external delay
     3    0.009739    0.024321    0.014952    4.014953 v A[31] (in)
                                                         A[31] (net)
                      0.024321    0.000000    4.014953 v _873_/A (sky130_fd_sc_hd__nand2_2)
     3    0.011710    0.071851    0.066964    4.081916 ^ _873_/Y (sky130_fd_sc_hd__nand2_2)
                                                         _413_ (net)
                      0.071851    0.000000    4.081916 ^ _885_/A2 (sky130_fd_sc_hd__o221a_2)
     1    0.004522    0.050804    0.180934    4.262850 ^ _885_/X (sky130_fd_sc_hd__o221a_2)
                                                         _425_ (net)
                      0.050804    0.000000    4.262850 ^ _886_/B1 (sky130_fd_sc_hd__o21ai_2)
     1    0.033442    0.136441    0.121622    4.384472 v _886_/Y (sky130_fd_sc_hd__o21ai_2)
                                                         y[31] (net)
                      0.136441    0.000000    4.384472 v y[31] (out)
                                              4.384472   data arrival time

                      0.000000    0.000000    0.000000   clock __VIRTUAL_CLK__ (rise edge)
                                  0.000000    0.000000   clock network delay (ideal)
                                  0.250000    0.250000   clock uncertainty
                                  0.000000    0.250000   clock reconvergence pessimism
                                 -4.000000   -3.750000   output external delay
                                             -3.750000   data required time
---------------------------------------------------------------------------------------------
                                             -3.750000   data required time
                                             -4.384472   data arrival time
---------------------------------------------------------------------------------------------
                                              8.134473   slack (MET)


Startpoint: B[14] (input port clocked by __VIRTUAL_CLK__)
Endpoint: y[14] (output port clocked by __VIRTUAL_CLK__)
Path Group: __VIRTUAL_CLK__
Path Type: min

Fanout         Cap        Slew       Delay        Time   Description
---------------------------------------------------------------------------------------------
                      0.000000    0.000000    0.000000   clock __VIRTUAL_CLK__ (rise edge)
                                  0.000000    0.000000   clock network delay (ideal)
                                  4.000000    4.000000 ^ input external delay
     5    0.024159    0.116107    0.074536    4.074536 ^ B[14] (in)
                                                         B[14] (net)
                      0.116107    0.000000    4.074536 ^ _634_/A2 (sky130_fd_sc_hd__o21ai_2)
     1    0.002253    0.028428    0.052802    4.127338 v _634_/Y (sky130_fd_sc_hd__o21ai_2)
                                                         _191_ (net)
                      0.028428    0.000000    4.127338 v _635_/C1 (sky130_fd_sc_hd__o221a_2)
     1    0.004237    0.031323    0.108761    4.236099 v _635_/X (sky130_fd_sc_hd__o221a_2)
                                                         _192_ (net)
                      0.031323    0.000000    4.236099 v _636_/B1 (sky130_fd_sc_hd__o21ai_2)
     1    0.033442    0.204077    0.148417    4.384516 ^ _636_/Y (sky130_fd_sc_hd__o21ai_2)
                                                         y[14] (net)
                      0.204077    0.000000    4.384516 ^ y[14] (out)
                                              4.384516   data arrival time

                      0.000000    0.000000    0.000000   clock __VIRTUAL_CLK__ (rise edge)
                                  0.000000    0.000000   clock network delay (ideal)
                                  0.250000    0.250000   clock uncertainty
                                  0.000000    0.250000   clock reconvergence pessimism
                                 -4.000000   -3.750000   output external delay
                                             -3.750000   data required time
---------------------------------------------------------------------------------------------
                                             -3.750000   data required time
                                             -4.384516   data arrival time
---------------------------------------------------------------------------------------------
                                              8.134516   slack (MET)


Startpoint: B[8] (input port clocked by __VIRTUAL_CLK__)
Endpoint: y[8] (output port clocked by __VIRTUAL_CLK__)
Path Group: __VIRTUAL_CLK__
Path Type: min

Fanout         Cap        Slew       Delay        Time   Description
---------------------------------------------------------------------------------------------
                      0.000000    0.000000    0.000000   clock __VIRTUAL_CLK__ (rise edge)
                                  0.000000    0.000000   clock network delay (ideal)
                                  4.000000    4.000000 ^ input external delay
     6    0.024552    0.117868    0.075701    4.075701 ^ B[8] (in)
                                                         B[8] (net)
                      0.117868    0.000000    4.075701 ^ _556_/A2 (sky130_fd_sc_hd__o21ai_2)
     1    0.002253    0.028631    0.053101    4.128802 v _556_/Y (sky130_fd_sc_hd__o21ai_2)
                                                         _119_ (net)
                      0.028631    0.000000    4.128802 v _557_/C1 (sky130_fd_sc_hd__o221a_2)
     1    0.004237    0.031322    0.108847    4.237648 v _557_/X (sky130_fd_sc_hd__o221a_2)
                                                         _120_ (net)
                      0.031322    0.000000    4.237648 v _558_/B1 (sky130_fd_sc_hd__o21ai_2)
     1    0.033442    0.204077    0.148416    4.386065 ^ _558_/Y (sky130_fd_sc_hd__o21ai_2)
                                                         y[8] (net)
                      0.204077    0.000000    4.386065 ^ y[8] (out)
                                              4.386065   data arrival time

                      0.000000    0.000000    0.000000   clock __VIRTUAL_CLK__ (rise edge)
                                  0.000000    0.000000   clock network delay (ideal)
                                  0.250000    0.250000   clock uncertainty
                                  0.000000    0.250000   clock reconvergence pessimism
                                 -4.000000   -3.750000   output external delay
                                             -3.750000   data required time
---------------------------------------------------------------------------------------------
                                             -3.750000   data required time
                                             -4.386065   data arrival time
---------------------------------------------------------------------------------------------
                                              8.136065   slack (MET)


Startpoint: B[26] (input port clocked by __VIRTUAL_CLK__)
Endpoint: y[26] (output port clocked by __VIRTUAL_CLK__)
Path Group: __VIRTUAL_CLK__
Path Type: min

Fanout         Cap        Slew       Delay        Time   Description
---------------------------------------------------------------------------------------------
                      0.000000    0.000000    0.000000   clock __VIRTUAL_CLK__ (rise edge)
                                  0.000000    0.000000   clock network delay (ideal)
                                  4.000000    4.000000 ^ input external delay
     3    0.010857    0.056521    0.034894    4.034894 ^ B[26] (in)
                                                         B[26] (net)
                      0.056521    0.000000    4.034894 ^ _799_/A (sky130_fd_sc_hd__nand2_2)
     3    0.008923    0.045997    0.055654    4.090549 v _799_/Y (sky130_fd_sc_hd__nand2_2)
                                                         _344_ (net)
                      0.045997    0.000000    4.090549 v _800_/B (sky130_fd_sc_hd__nand2b_2)
     6    0.016364    0.102612    0.100371    4.190919 ^ _800_/Y (sky130_fd_sc_hd__nand2b_2)
                                                         _345_ (net)
                      0.102612    0.000000    4.190919 ^ _810_/A2 (sky130_fd_sc_hd__o211ai_2)
     1    0.033442    0.209816    0.195236    4.386155 v _810_/Y (sky130_fd_sc_hd__o211ai_2)
                                                         y[26] (net)
                      0.209816    0.000000    4.386155 v y[26] (out)
                                              4.386155   data arrival time

                      0.000000    0.000000    0.000000   clock __VIRTUAL_CLK__ (rise edge)
                                  0.000000    0.000000   clock network delay (ideal)
                                  0.250000    0.250000   clock uncertainty
                                  0.000000    0.250000   clock reconvergence pessimism
                                 -4.000000   -3.750000   output external delay
                                             -3.750000   data required time
---------------------------------------------------------------------------------------------
                                             -3.750000   data required time
                                             -4.386155   data arrival time
---------------------------------------------------------------------------------------------
                                              8.136155   slack (MET)


Startpoint: B[25] (input port clocked by __VIRTUAL_CLK__)
Endpoint: y[25] (output port clocked by __VIRTUAL_CLK__)
Path Group: __VIRTUAL_CLK__
Path Type: min

Fanout         Cap        Slew       Delay        Time   Description
---------------------------------------------------------------------------------------------
                      0.000000    0.000000    0.000000   clock __VIRTUAL_CLK__ (rise edge)
                                  0.000000    0.000000   clock network delay (ideal)
                                  4.000000    4.000000 v input external delay
     4    0.011450    0.028031    0.017584    4.017584 v B[25] (in)
                                                         B[25] (net)
                      0.028031    0.000000    4.017584 v _785_/A (sky130_fd_sc_hd__nand2_2)
     3    0.009563    0.061239    0.061104    4.078689 ^ _785_/Y (sky130_fd_sc_hd__nand2_2)
                                                         _331_ (net)
                      0.061239    0.000000    4.078689 ^ _796_/A2 (sky130_fd_sc_hd__o22a_2)
     1    0.004448    0.039561    0.128877    4.207566 ^ _796_/X (sky130_fd_sc_hd__o22a_2)
                                                         _342_ (net)
                      0.039561    0.000000    4.207566 ^ _797_/C1 (sky130_fd_sc_hd__o211ai_2)
     1    0.033442    0.210227    0.180668    4.388234 v _797_/Y (sky130_fd_sc_hd__o211ai_2)
                                                         y[25] (net)
                      0.210227    0.000000    4.388234 v y[25] (out)
                                              4.388234   data arrival time

                      0.000000    0.000000    0.000000   clock __VIRTUAL_CLK__ (rise edge)
                                  0.000000    0.000000   clock network delay (ideal)
                                  0.250000    0.250000   clock uncertainty
                                  0.000000    0.250000   clock reconvergence pessimism
                                 -4.000000   -3.750000   output external delay
                                             -3.750000   data required time
---------------------------------------------------------------------------------------------
                                             -3.750000   data required time
                                             -4.388234   data arrival time
---------------------------------------------------------------------------------------------
                                              8.138234   slack (MET)


Startpoint: B[4] (input port clocked by __VIRTUAL_CLK__)
Endpoint: y[4] (output port clocked by __VIRTUAL_CLK__)
Path Group: __VIRTUAL_CLK__
Path Type: min

Fanout         Cap        Slew       Delay        Time   Description
---------------------------------------------------------------------------------------------
                      0.000000    0.000000    0.000000   clock __VIRTUAL_CLK__ (rise edge)
                                  0.000000    0.000000   clock network delay (ideal)
                                  4.000000    4.000000 ^ input external delay
     5    0.025280    0.121130    0.077859    4.077858 ^ B[4] (in)
                                                         B[4] (net)
                      0.121130    0.000000    4.077858 ^ _504_/A2 (sky130_fd_sc_hd__o21ai_2)
     1    0.002253    0.029008    0.053654    4.131513 v _504_/Y (sky130_fd_sc_hd__o21ai_2)
                                                         _071_ (net)
                      0.029008    0.000000    4.131513 v _505_/C1 (sky130_fd_sc_hd__o221a_2)
     1    0.004237    0.031322    0.109005    4.240518 v _505_/X (sky130_fd_sc_hd__o221a_2)
                                                         _072_ (net)
                      0.031322    0.000000    4.240518 v _506_/B1 (sky130_fd_sc_hd__o21ai_2)
     1    0.033442    0.204077    0.148416    4.388934 ^ _506_/Y (sky130_fd_sc_hd__o21ai_2)
                                                         y[4] (net)
                      0.204077    0.000000    4.388934 ^ y[4] (out)
                                              4.388934   data arrival time

                      0.000000    0.000000    0.000000   clock __VIRTUAL_CLK__ (rise edge)
                                  0.000000    0.000000   clock network delay (ideal)
                                  0.250000    0.250000   clock uncertainty
                                  0.000000    0.250000   clock reconvergence pessimism
                                 -4.000000   -3.750000   output external delay
                                             -3.750000   data required time
---------------------------------------------------------------------------------------------
                                             -3.750000   data required time
                                             -4.388934   data arrival time
---------------------------------------------------------------------------------------------
                                              8.138934   slack (MET)


Startpoint: A[30] (input port clocked by __VIRTUAL_CLK__)
Endpoint: y[30] (output port clocked by __VIRTUAL_CLK__)
Path Group: __VIRTUAL_CLK__
Path Type: min

Fanout         Cap        Slew       Delay        Time   Description
---------------------------------------------------------------------------------------------
                      0.000000    0.000000    0.000000   clock __VIRTUAL_CLK__ (rise edge)
                                  0.000000    0.000000   clock network delay (ideal)
                                  4.000000    4.000000 v input external delay
     5    0.012767    0.030887    0.019610    4.019609 v A[30] (in)
                                                         A[30] (net)
                      0.030887    0.000000    4.019609 v _858_/A (sky130_fd_sc_hd__nand2_2)
     3    0.009514    0.061033    0.062082    4.081692 ^ _858_/Y (sky130_fd_sc_hd__nand2_2)
                                                         _399_ (net)
                      0.061033    0.000000    4.081692 ^ _861_/A (sky130_fd_sc_hd__nand2_2)
     3    0.010654    0.051687    0.061692    4.143384 v _861_/Y (sky130_fd_sc_hd__nand2_2)
                                                         _402_ (net)
                      0.051687    0.000000    4.143384 v _868_/A (sky130_fd_sc_hd__nand2_2)
     1    0.002444    0.028120    0.046257    4.189641 ^ _868_/Y (sky130_fd_sc_hd__nand2_2)
                                                         _409_ (net)
                      0.028120    0.000000    4.189641 ^ _872_/A1 (sky130_fd_sc_hd__a21o_2)
     1    0.033442    0.171495    0.199664    4.389306 ^ _872_/X (sky130_fd_sc_hd__a21o_2)
                                                         y[30] (net)
                      0.171495    0.000000    4.389306 ^ y[30] (out)
                                              4.389306   data arrival time

                      0.000000    0.000000    0.000000   clock __VIRTUAL_CLK__ (rise edge)
                                  0.000000    0.000000   clock network delay (ideal)
                                  0.250000    0.250000   clock uncertainty
                                  0.000000    0.250000   clock reconvergence pessimism
                                 -4.000000   -3.750000   output external delay
                                             -3.750000   data required time
---------------------------------------------------------------------------------------------
                                             -3.750000   data required time
                                             -4.389306   data arrival time
---------------------------------------------------------------------------------------------
                                              8.139305   slack (MET)


Startpoint: A[13] (input port clocked by __VIRTUAL_CLK__)
Endpoint: y[13] (output port clocked by __VIRTUAL_CLK__)
Path Group: __VIRTUAL_CLK__
Path Type: min

Fanout         Cap        Slew       Delay        Time   Description
---------------------------------------------------------------------------------------------
                      0.000000    0.000000    0.000000   clock __VIRTUAL_CLK__ (rise edge)
                                  0.000000    0.000000   clock network delay (ideal)
                                  4.000000    4.000000 v input external delay
     5    0.025736    0.058551    0.039139    4.039139 v A[13] (in)
                                                         A[13] (net)
                      0.058551    0.000000    4.039139 v _614_/A (sky130_fd_sc_hd__nand2_2)
     2    0.004970    0.040221    0.057800    4.096939 ^ _614_/Y (sky130_fd_sc_hd__nand2_2)
                                                         _172_ (net)
                      0.040221    0.000000    4.096939 ^ _622_/A2 (sky130_fd_sc_hd__o221a_2)
     1    0.004522    0.050873    0.172514    4.269453 ^ _622_/X (sky130_fd_sc_hd__o221a_2)
                                                         _180_ (net)
                      0.050873    0.000000    4.269453 ^ _623_/B1 (sky130_fd_sc_hd__o21ai_2)
     1    0.033442    0.136441    0.121644    4.391097 v _623_/Y (sky130_fd_sc_hd__o21ai_2)
                                                         y[13] (net)
                      0.136441    0.000000    4.391097 v y[13] (out)
                                              4.391097   data arrival time

                      0.000000    0.000000    0.000000   clock __VIRTUAL_CLK__ (rise edge)
                                  0.000000    0.000000   clock network delay (ideal)
                                  0.250000    0.250000   clock uncertainty
                                  0.000000    0.250000   clock reconvergence pessimism
                                 -4.000000   -3.750000   output external delay
                                             -3.750000   data required time
---------------------------------------------------------------------------------------------
                                             -3.750000   data required time
                                             -4.391097   data arrival time
---------------------------------------------------------------------------------------------
                                              8.141097   slack (MET)


Startpoint: A[16] (input port clocked by __VIRTUAL_CLK__)
Endpoint: y[16] (output port clocked by __VIRTUAL_CLK__)
Path Group: __VIRTUAL_CLK__
Path Type: min

Fanout         Cap        Slew       Delay        Time   Description
---------------------------------------------------------------------------------------------
                      0.000000    0.000000    0.000000   clock __VIRTUAL_CLK__ (rise edge)
                                  0.000000    0.000000   clock network delay (ideal)
                                  4.000000    4.000000 ^ input external delay
     4    0.010072    0.053012    0.032485    4.032485 ^ A[16] (in)
                                                         A[16] (net)
                      0.053012    0.000000    4.032485 ^ _654_/B (sky130_fd_sc_hd__nand2_2)
     3    0.006957    0.038481    0.054681    4.087166 v _654_/Y (sky130_fd_sc_hd__nand2_2)
                                                         _209_ (net)
                      0.038481    0.000000    4.087166 v _668_/B (sky130_fd_sc_hd__nor2_2)
     1    0.002447    0.057997    0.060822    4.147988 ^ _668_/Y (sky130_fd_sc_hd__nor2_2)
                                                         _223_ (net)
                      0.057997    0.000000    4.147988 ^ _669_/C1 (sky130_fd_sc_hd__a221o_2)
     1    0.002564    0.029684    0.092534    4.240522 ^ _669_/X (sky130_fd_sc_hd__a221o_2)
                                                         _224_ (net)
                      0.029684    0.000000    4.240522 ^ _670_/B1 (sky130_fd_sc_hd__a21o_2)
     1    0.033442    0.171498    0.169949    4.410470 ^ _670_/X (sky130_fd_sc_hd__a21o_2)
                                                         y[16] (net)
                      0.171498    0.000000    4.410470 ^ y[16] (out)
                                              4.410470   data arrival time

                      0.000000    0.000000    0.000000   clock __VIRTUAL_CLK__ (rise edge)
                                  0.000000    0.000000   clock network delay (ideal)
                                  0.250000    0.250000   clock uncertainty
                                  0.000000    0.250000   clock reconvergence pessimism
                                 -4.000000   -3.750000   output external delay
                                             -3.750000   data required time
---------------------------------------------------------------------------------------------
                                             -3.750000   data required time
                                             -4.410470   data arrival time
---------------------------------------------------------------------------------------------
                                              8.160470   slack (MET)


Startpoint: A[19] (input port clocked by __VIRTUAL_CLK__)
Endpoint: y[19] (output port clocked by __VIRTUAL_CLK__)
Path Group: __VIRTUAL_CLK__
Path Type: min

Fanout         Cap        Slew       Delay        Time   Description
---------------------------------------------------------------------------------------------
                      0.000000    0.000000    0.000000   clock __VIRTUAL_CLK__ (rise edge)
                                  0.000000    0.000000   clock network delay (ideal)
                                  4.000000    4.000000 ^ input external delay
     3    0.004651    0.028777    0.015848    4.015848 ^ A[19] (in)
                                                         A[19] (net)
                      0.028777    0.000000    4.015848 ^ _701_/B (sky130_fd_sc_hd__or2_2)
     3    0.011786    0.072089    0.115987    4.131835 ^ _701_/X (sky130_fd_sc_hd__or2_2)
                                                         _253_ (net)
                      0.072089    0.000000    4.131835 ^ _711_/B1 (sky130_fd_sc_hd__a221o_2)
     1    0.002564    0.029754    0.127504    4.259340 ^ _711_/X (sky130_fd_sc_hd__a221o_2)
                                                         _263_ (net)
                      0.029754    0.000000    4.259340 ^ _712_/B1 (sky130_fd_sc_hd__a21o_2)
     1    0.033442    0.171498    0.169973    4.429313 ^ _712_/X (sky130_fd_sc_hd__a21o_2)
                                                         y[19] (net)
                      0.171498    0.000000    4.429313 ^ y[19] (out)
                                              4.429313   data arrival time

                      0.000000    0.000000    0.000000   clock __VIRTUAL_CLK__ (rise edge)
                                  0.000000    0.000000   clock network delay (ideal)
                                  0.250000    0.250000   clock uncertainty
                                  0.000000    0.250000   clock reconvergence pessimism
                                 -4.000000   -3.750000   output external delay
                                             -3.750000   data required time
---------------------------------------------------------------------------------------------
                                             -3.750000   data required time
                                             -4.429313   data arrival time
---------------------------------------------------------------------------------------------
                                              8.179314   slack (MET)


Startpoint: B[27] (input port clocked by __VIRTUAL_CLK__)
Endpoint: y[27] (output port clocked by __VIRTUAL_CLK__)
Path Group: __VIRTUAL_CLK__
Path Type: min

Fanout         Cap        Slew       Delay        Time   Description
---------------------------------------------------------------------------------------------
                      0.000000    0.000000    0.000000   clock __VIRTUAL_CLK__ (rise edge)
                                  0.000000    0.000000   clock network delay (ideal)
                                  4.000000    4.000000 v input external delay
     4    0.011450    0.028031    0.017584    4.017584 v B[27] (in)
                                                         B[27] (net)
                      0.028031    0.000000    4.017584 v _811_/A (sky130_fd_sc_hd__nand2_2)
     3    0.009441    0.060635    0.060687    4.078271 ^ _811_/Y (sky130_fd_sc_hd__nand2_2)
                                                         _355_ (net)
                      0.060635    0.000000    4.078271 ^ _814_/A (sky130_fd_sc_hd__nand2_2)
     6    0.015752    0.070617    0.075249    4.153521 v _814_/Y (sky130_fd_sc_hd__nand2_2)
                                                         _358_ (net)
                      0.070617    0.000000    4.153521 v _824_/B (sky130_fd_sc_hd__nor2_2)
     1    0.001615    0.052059    0.066380    4.219901 ^ _824_/Y (sky130_fd_sc_hd__nor2_2)
                                                         _368_ (net)
                      0.052059    0.000000    4.219901 ^ _826_/B (sky130_fd_sc_hd__or3b_2)
     1    0.033442    0.197104    0.211821    4.431722 ^ _826_/X (sky130_fd_sc_hd__or3b_2)
                                                         y[27] (net)
                      0.197104    0.000000    4.431722 ^ y[27] (out)
                                              4.431722   data arrival time

                      0.000000    0.000000    0.000000   clock __VIRTUAL_CLK__ (rise edge)
                                  0.000000    0.000000   clock network delay (ideal)
                                  0.250000    0.250000   clock uncertainty
                                  0.000000    0.250000   clock reconvergence pessimism
                                 -4.000000   -3.750000   output external delay
                                             -3.750000   data required time
---------------------------------------------------------------------------------------------
                                             -3.750000   data required time
                                             -4.431722   data arrival time
---------------------------------------------------------------------------------------------
                                              8.181723   slack (MET)


Startpoint: A[22] (input port clocked by __VIRTUAL_CLK__)
Endpoint: y[22] (output port clocked by __VIRTUAL_CLK__)
Path Group: __VIRTUAL_CLK__
Path Type: min

Fanout         Cap        Slew       Delay        Time   Description
---------------------------------------------------------------------------------------------
                      0.000000    0.000000    0.000000   clock __VIRTUAL_CLK__ (rise edge)
                                  0.000000    0.000000   clock network delay (ideal)
                                  4.000000    4.000000 ^ input external delay
     4    0.013093    0.066519    0.041733    4.041733 ^ A[22] (in)
                                                         A[22] (net)
                      0.066519    0.000000    4.041733 ^ _739_/B (sky130_fd_sc_hd__or2_2)
     2    0.004933    0.039796    0.104922    4.146656 ^ _739_/X (sky130_fd_sc_hd__or2_2)
                                                         _288_ (net)
                      0.039796    0.000000    4.146656 ^ _751_/B1 (sky130_fd_sc_hd__a221o_2)
     1    0.002564    0.029751    0.116774    4.263430 ^ _751_/X (sky130_fd_sc_hd__a221o_2)
                                                         _300_ (net)
                      0.029751    0.000000    4.263430 ^ _752_/B1 (sky130_fd_sc_hd__a21o_2)
     1    0.033442    0.171498    0.169972    4.433402 ^ _752_/X (sky130_fd_sc_hd__a21o_2)
                                                         y[22] (net)
                      0.171498    0.000000    4.433402 ^ y[22] (out)
                                              4.433402   data arrival time

                      0.000000    0.000000    0.000000   clock __VIRTUAL_CLK__ (rise edge)
                                  0.000000    0.000000   clock network delay (ideal)
                                  0.250000    0.250000   clock uncertainty
                                  0.000000    0.250000   clock reconvergence pessimism
                                 -4.000000   -3.750000   output external delay
                                             -3.750000   data required time
---------------------------------------------------------------------------------------------
                                             -3.750000   data required time
                                             -4.433402   data arrival time
---------------------------------------------------------------------------------------------
                                              8.183402   slack (MET)


Startpoint: A[2] (input port clocked by __VIRTUAL_CLK__)
Endpoint: y[2] (output port clocked by __VIRTUAL_CLK__)
Path Group: __VIRTUAL_CLK__
Path Type: min

Fanout         Cap        Slew       Delay        Time   Description
---------------------------------------------------------------------------------------------
                      0.000000    0.000000    0.000000   clock __VIRTUAL_CLK__ (rise edge)
                                  0.000000    0.000000   clock network delay (ideal)
                                  4.000000    4.000000 v input external delay
     4    0.018303    0.042698    0.027948    4.027948 v A[2] (in)
                                                         A[2] (net)
                      0.042698    0.000000    4.027948 v _464_/A (sky130_fd_sc_hd__nand2_2)
     2    0.003911    0.033854    0.047736    4.075685 ^ _464_/Y (sky130_fd_sc_hd__nand2_2)
                                                         _033_ (net)
                      0.033854    0.000000    4.075685 ^ _474_/B (sky130_fd_sc_hd__or2_2)
     1    0.002371    0.027693    0.082683    4.158368 ^ _474_/X (sky130_fd_sc_hd__or2_2)
                                                         _043_ (net)
                      0.027693    0.000000    4.158368 ^ _475_/C1 (sky130_fd_sc_hd__o221a_2)
     1    0.004522    0.050807    0.155833    4.314200 ^ _475_/X (sky130_fd_sc_hd__o221a_2)
                                                         _044_ (net)
                      0.050807    0.000000    4.314200 ^ _476_/B1 (sky130_fd_sc_hd__o21ai_2)
     1    0.033442    0.136441    0.121623    4.435823 v _476_/Y (sky130_fd_sc_hd__o21ai_2)
                                                         y[2] (net)
                      0.136441    0.000000    4.435823 v y[2] (out)
                                              4.435823   data arrival time

                      0.000000    0.000000    0.000000   clock __VIRTUAL_CLK__ (rise edge)
                                  0.000000    0.000000   clock network delay (ideal)
                                  0.250000    0.250000   clock uncertainty
                                  0.000000    0.250000   clock reconvergence pessimism
                                 -4.000000   -3.750000   output external delay
                                             -3.750000   data required time
---------------------------------------------------------------------------------------------
                                             -3.750000   data required time
                                             -4.435823   data arrival time
---------------------------------------------------------------------------------------------
                                              8.185823   slack (MET)


Startpoint: B[15] (input port clocked by __VIRTUAL_CLK__)
Endpoint: y[15] (output port clocked by __VIRTUAL_CLK__)
Path Group: __VIRTUAL_CLK__
Path Type: min

Fanout         Cap        Slew       Delay        Time   Description
---------------------------------------------------------------------------------------------
                      0.000000    0.000000    0.000000   clock __VIRTUAL_CLK__ (rise edge)
                                  0.000000    0.000000   clock network delay (ideal)
                                  4.000000    4.000000 ^ input external delay
     4    0.013966    0.070431    0.044321    4.044322 ^ B[15] (in)
                                                         B[15] (net)
                      0.070431    0.000000    4.044322 ^ _638_/B (sky130_fd_sc_hd__or2_2)
     2    0.007094    0.050020    0.114067    4.158388 ^ _638_/X (sky130_fd_sc_hd__or2_2)
                                                         _194_ (net)
                      0.050020    0.000000    4.158388 ^ _651_/B1 (sky130_fd_sc_hd__a221o_2)
     1    0.002564    0.029699    0.120134    4.278522 ^ _651_/X (sky130_fd_sc_hd__a221o_2)
                                                         _207_ (net)
                      0.029699    0.000000    4.278522 ^ _652_/B1 (sky130_fd_sc_hd__a21o_2)
     1    0.033442    0.171498    0.169954    4.448475 ^ _652_/X (sky130_fd_sc_hd__a21o_2)
                                                         y[15] (net)
                      0.171498    0.000000    4.448475 ^ y[15] (out)
                                              4.448475   data arrival time

                      0.000000    0.000000    0.000000   clock __VIRTUAL_CLK__ (rise edge)
                                  0.000000    0.000000   clock network delay (ideal)
                                  0.250000    0.250000   clock uncertainty
                                  0.000000    0.250000   clock reconvergence pessimism
                                 -4.000000   -3.750000   output external delay
                                             -3.750000   data required time
---------------------------------------------------------------------------------------------
                                             -3.750000   data required time
                                             -4.448475   data arrival time
---------------------------------------------------------------------------------------------
                                              8.198475   slack (MET)


Startpoint: B[28] (input port clocked by __VIRTUAL_CLK__)
Endpoint: y[29] (output port clocked by __VIRTUAL_CLK__)
Path Group: __VIRTUAL_CLK__
Path Type: min

Fanout         Cap        Slew       Delay        Time   Description
---------------------------------------------------------------------------------------------
                      0.000000    0.000000    0.000000   clock __VIRTUAL_CLK__ (rise edge)
                                  0.000000    0.000000   clock network delay (ideal)
                                  4.000000    4.000000 v input external delay
     4    0.014030    0.033585    0.021515    4.021515 v B[28] (in)
                                                         B[28] (net)
                      0.033585    0.000000    4.021515 v _435_/A (sky130_fd_sc_hd__inv_2)
     2    0.005057    0.031296    0.040780    4.062294 ^ _435_/Y (sky130_fd_sc_hd__inv_2)
                                                         _006_ (net)
                      0.031296    0.000000    4.062294 ^ _852_/A2 (sky130_fd_sc_hd__o221a_2)
     2    0.007222    0.064225    0.182117    4.244411 ^ _852_/X (sky130_fd_sc_hd__o221a_2)
                                                         _394_ (net)
                      0.064225    0.000000    4.244411 ^ _853_/A2 (sky130_fd_sc_hd__o21ai_2)
     1    0.002305    0.022615    0.044170    4.288581 v _853_/Y (sky130_fd_sc_hd__o21ai_2)
                                                         _395_ (net)
                      0.022615    0.000000    4.288581 v _857_/A1 (sky130_fd_sc_hd__a21bo_2)
     1    0.033442    0.101275    0.242647    4.531228 v _857_/X (sky130_fd_sc_hd__a21bo_2)
                                                         y[29] (net)
                      0.101275    0.000000    4.531228 v y[29] (out)
                                              4.531228   data arrival time

                      0.000000    0.000000    0.000000   clock __VIRTUAL_CLK__ (rise edge)
                                  0.000000    0.000000   clock network delay (ideal)
                                  0.250000    0.250000   clock uncertainty
                                  0.000000    0.250000   clock reconvergence pessimism
                                 -4.000000   -3.750000   output external delay
                                             -3.750000   data required time
---------------------------------------------------------------------------------------------
                                             -3.750000   data required time
                                             -4.531228   data arrival time
---------------------------------------------------------------------------------------------
                                              8.281227   slack (MET)



