
===========================================================================
 report_power
============================================================================
======================= max_ff_n40C_1v95 Corner ===================================

Group                    Internal    Switching      Leakage        Total
                            Power        Power        Power        Power (Watts)
------------------------------------------------------------------------
Sequential           0.000000e+00 0.000000e+00 0.000000e+00 0.000000e+00   0.0%
Combinational        9.434734e-05 1.215378e-04 5.778333e-09 2.158909e-04 100.0%
Clock                0.000000e+00 0.000000e+00 8.251446e-10 8.251446e-10   0.0%
Macro                0.000000e+00 0.000000e+00 0.000000e+00 0.000000e+00   0.0%
Pad                  0.000000e+00 0.000000e+00 0.000000e+00 0.000000e+00   0.0%
------------------------------------------------------------------------
Total                9.434734e-05 1.215378e-04 6.603478e-09 2.158917e-04 100.0%
                            43.7%        56.3%         0.0%

