Reading timing models for corner max_tt_025C_1v80…
Reading timing library for the 'max_tt_025C_1v80' corner at '/home/admin/.ciel/ciel/sky130/versions/8afc8346a57fe1ab7934ba5a6056ea8b43078e71/sky130A/libs.ref/sky130_fd_sc_hd/lib/sky130_fd_sc_hd__tt_025C_1v80.lib'…
Reading timing models for corner min_ss_100C_1v60…
Reading timing library for the 'min_ss_100C_1v60' corner at '/home/admin/.ciel/ciel/sky130/versions/8afc8346a57fe1ab7934ba5a6056ea8b43078e71/sky130A/libs.ref/sky130_fd_sc_hd/lib/sky130_fd_sc_hd__ss_100C_1v60.lib'…
Reading timing models for corner nom_tt_025C_1v80…
Reading timing library for the 'nom_tt_025C_1v80' corner at '/home/admin/.ciel/ciel/sky130/versions/8afc8346a57fe1ab7934ba5a6056ea8b43078e71/sky130A/libs.ref/sky130_fd_sc_hd/lib/sky130_fd_sc_hd__tt_025C_1v80.lib'…
[WARNING STA-1140] /home/admin/.ciel/ciel/sky130/versions/8afc8346a57fe1ab7934ba5a6056ea8b43078e71/sky130A/libs.ref/sky130_fd_sc_hd/lib/sky130_fd_sc_hd__tt_025C_1v80.lib line 1, library sky130_fd_sc_hd__tt_025C_1v80 already exists.
Reading timing models for corner max_ff_n40C_1v95…
Reading timing library for the 'max_ff_n40C_1v95' corner at '/home/admin/.ciel/ciel/sky130/versions/8afc8346a57fe1ab7934ba5a6056ea8b43078e71/sky130A/libs.ref/sky130_fd_sc_hd/lib/sky130_fd_sc_hd__ff_n40C_1v95.lib'…
Reading timing models for corner nom_ff_n40C_1v95…
Reading timing library for the 'nom_ff_n40C_1v95' corner at '/home/admin/.ciel/ciel/sky130/versions/8afc8346a57fe1ab7934ba5a6056ea8b43078e71/sky130A/libs.ref/sky130_fd_sc_hd/lib/sky130_fd_sc_hd__ff_n40C_1v95.lib'…
[WARNING STA-1140] /home/admin/.ciel/ciel/sky130/versions/8afc8346a57fe1ab7934ba5a6056ea8b43078e71/sky130A/libs.ref/sky130_fd_sc_hd/lib/sky130_fd_sc_hd__ff_n40C_1v95.lib line 1, library sky130_fd_sc_hd__ff_n40C_1v95 already exists.
Reading timing models for corner max_ss_100C_1v60…
Reading timing library for the 'max_ss_100C_1v60' corner at '/home/admin/.ciel/ciel/sky130/versions/8afc8346a57fe1ab7934ba5a6056ea8b43078e71/sky130A/libs.ref/sky130_fd_sc_hd/lib/sky130_fd_sc_hd__ss_100C_1v60.lib'…
[WARNING STA-1140] /home/admin/.ciel/ciel/sky130/versions/8afc8346a57fe1ab7934ba5a6056ea8b43078e71/sky130A/libs.ref/sky130_fd_sc_hd/lib/sky130_fd_sc_hd__ss_100C_1v60.lib line 1, library sky130_fd_sc_hd__ss_100C_1v60 already exists.
Reading timing models for corner min_tt_025C_1v80…
Reading timing library for the 'min_tt_025C_1v80' corner at '/home/admin/.ciel/ciel/sky130/versions/8afc8346a57fe1ab7934ba5a6056ea8b43078e71/sky130A/libs.ref/sky130_fd_sc_hd/lib/sky130_fd_sc_hd__tt_025C_1v80.lib'…
[WARNING STA-1140] /home/admin/.ciel/ciel/sky130/versions/8afc8346a57fe1ab7934ba5a6056ea8b43078e71/sky130A/libs.ref/sky130_fd_sc_hd/lib/sky130_fd_sc_hd__tt_025C_1v80.lib line 1, library sky130_fd_sc_hd__tt_025C_1v80 already exists.
Reading timing models for corner nom_ss_100C_1v60…
Reading timing library for the 'nom_ss_100C_1v60' corner at '/home/admin/.ciel/ciel/sky130/versions/8afc8346a57fe1ab7934ba5a6056ea8b43078e71/sky130A/libs.ref/sky130_fd_sc_hd/lib/sky130_fd_sc_hd__ss_100C_1v60.lib'…
[WARNING STA-1140] /home/admin/.ciel/ciel/sky130/versions/8afc8346a57fe1ab7934ba5a6056ea8b43078e71/sky130A/libs.ref/sky130_fd_sc_hd/lib/sky130_fd_sc_hd__ss_100C_1v60.lib line 1, library sky130_fd_sc_hd__ss_100C_1v60 already exists.
Reading timing models for corner min_ff_n40C_1v95…
Reading timing library for the 'min_ff_n40C_1v95' corner at '/home/admin/.ciel/ciel/sky130/versions/8afc8346a57fe1ab7934ba5a6056ea8b43078e71/sky130A/libs.ref/sky130_fd_sc_hd/lib/sky130_fd_sc_hd__ff_n40C_1v95.lib'…
[WARNING STA-1140] /home/admin/.ciel/ciel/sky130/versions/8afc8346a57fe1ab7934ba5a6056ea8b43078e71/sky130A/libs.ref/sky130_fd_sc_hd/lib/sky130_fd_sc_hd__ff_n40C_1v95.lib line 1, library sky130_fd_sc_hd__ff_n40C_1v95 already exists.
Reading OpenROAD database at '/home/admin/Documents/Projekty/Hobby/Nauka/RISC-5/.v/DDCA/code/exercises/ALUDesignIverilog/ALU/systemIverilog/build/runs/RUN_2026-09-29_09-28-25/28-openroad-globalplacement/addsub32.odb'…
Reading design constraints file at '/nix/store/33pw6r3szpqrlxwi0ri36rfq68whzq26-python3-3.13.9-env/lib/python3.13/site-packages/librelane/scripts/base.sdc'…
[WARNING STA-0366] port '__VIRTUAL_CLK__' not found.
[INFO] Using clock __VIRTUAL_CLK__…
[INFO] Setting output delay to: 0.8
[INFO] Setting input delay to: 0.8
[WARNING STA-0366] port '__VIRTUAL_CLK__' not found.
[INFO] Setting load to: 0.033442
[INFO] Setting clock uncertainty to: 0.25
[INFO] Setting clock transition to: 0.1499999999999999944488848768742172978818416595458984375
[WARNING STA-0419] transition time can not be specified for virtual clocks.
[INFO] Setting timing derate to: 5.0%
[WARNING STA-0450] virtual clock __VIRTUAL_CLK__ can not be propagated.
[INFO RSZ-0027] Inserted 65 sky130_fd_sc_hd__clkdlybuf4s25_1 input buffers.
[INFO RSZ-0028] Inserted 33 sky130_fd_sc_hd__clkdlybuf4s25_1 output buffers.
+ repair_design -verbose -max_wire_length 0.0 -slew_margin 20.0 -cap_margin 20.0
Iteration |   Area    | Resized | Buffers | Nets repaired | Remaining
---------------------------------------------------------------------
        0 |     +0.0% |       0 |       0 |             0 |       549
       10 |     +0.0% |       0 |       0 |             0 |       539
       20 |     +0.0% |       0 |       0 |             0 |       529
       30 |     +0.0% |       0 |       0 |             0 |       519
       40 |     +0.0% |       0 |       0 |             0 |       509
       50 |     +0.0% |       0 |       0 |             0 |       499
       60 |     +0.0% |       0 |       0 |             0 |       489
       70 |     +0.0% |       0 |       0 |             0 |       479
       80 |     +0.0% |       0 |       0 |             0 |       469
       90 |     +0.0% |       0 |       0 |             0 |       459
      100 |     +0.0% |       0 |       0 |             0 |       449
      110 |     +0.0% |       0 |       0 |             0 |       439
      120 |     +0.0% |       0 |       0 |             0 |       429
      130 |     +0.0% |       0 |       0 |             0 |       419
      140 |     +0.0% |       0 |       0 |             0 |       409
      150 |     +0.0% |       0 |       0 |             0 |       399
      160 |     +0.0% |       0 |       0 |             0 |       389
      170 |     +0.0% |       0 |       0 |             0 |       379
      180 |     +0.0% |       0 |       0 |             0 |       369
      190 |     +0.0% |       0 |       0 |             0 |       359
      200 |     +0.0% |       0 |       0 |             0 |       349
      210 |     +0.0% |       0 |       0 |             0 |       339
      220 |     +0.0% |       0 |       0 |             0 |       329
      230 |     +0.0% |       0 |       0 |             0 |       319
      240 |     +0.0% |       0 |       0 |             0 |       309
      250 |     +0.0% |       0 |       0 |             0 |       299
      260 |     +0.0% |       0 |       0 |             0 |       289
      270 |     +0.0% |       0 |       0 |             0 |       279
      280 |     +0.0% |       0 |       0 |             0 |       269
      290 |     +0.0% |       0 |       0 |             0 |       259
      300 |     +0.0% |       0 |       0 |             0 |       249
      310 |     +0.0% |       0 |       0 |             0 |       239
      320 |     +0.0% |       0 |       0 |             0 |       229
      330 |     +0.0% |       0 |       0 |             0 |       219
      340 |     +0.0% |       0 |       0 |             0 |       209
      350 |     +0.0% |       0 |       0 |             0 |       199
      360 |     +0.4% |       0 |       2 |             1 |       189
      370 |     +0.4% |       0 |       2 |             1 |       179
      380 |     +0.4% |       0 |       2 |             1 |       169
      390 |     +0.4% |       0 |       2 |             1 |       159
      400 |     +0.4% |       0 |       2 |             1 |       149
      410 |     +0.4% |       0 |       2 |             1 |       139
      420 |     +0.4% |       0 |       2 |             1 |       129
      430 |     +3.7% |       0 |      19 |             2 |       119
      440 |     +3.7% |       0 |      19 |             2 |       109
      450 |     +3.7% |       0 |      19 |             2 |        99
      460 |     +3.7% |       0 |      19 |             2 |        89
      470 |     +3.7% |       0 |      19 |             2 |        79
      480 |     +3.7% |       0 |      19 |             2 |        69
      490 |     +3.7% |       0 |      19 |             2 |        59
      500 |     +3.7% |       0 |      19 |             2 |        49
      510 |     +3.7% |       0 |      19 |             2 |        39
      520 |     +3.7% |       0 |      19 |             2 |        29
      530 |     +3.7% |       0 |      19 |             2 |        19
      540 |     +3.7% |       0 |      19 |             2 |         9
    final |     +3.7% |       0 |      19 |             2 |         0
---------------------------------------------------------------------
[INFO RSZ-0034] Found 1 slew violations.
[INFO RSZ-0035] Found 2 fanout violations.
[INFO RSZ-0038] Inserted 19 buffers in 2 nets.
[WARNING RSZ-0020] found 2 floating nets.
 VGND
 VPWR
+ detailed_placement -max_displacement  500 100 
Placement Analysis
---------------------------------
total displacement       2624.8 u
average displacement        3.7 u
max displacement           22.6 u
original HPWL            7278.7 u
legalized HPWL           8574.1 u
delta HPWL                   18 %

[INFO DPL-0020] Mirrored 183 instances
[INFO DPL-0021] HPWL before            8574.1 u
[INFO DPL-0022] HPWL after             8181.9 u
[INFO DPL-0023] HPWL delta               -4.6 %
Setting global connections for newly added cells…
[INFO] Setting global connections...
[INFO ODB-0403] 468 connections made, 0 conflicts skipped.
Updating metrics…
Cell type report:                       Count       Area
  Fill cell                                70     262.75
  Tap cell                                129     161.40
  Timing Repair Buffer                    117    1156.11
  Inverter                                 15      61.31
  Multi-Input combinational cell          371    3718.57
  Total                                   702    5360.14
Writing OpenROAD database to '/home/admin/Documents/Projekty/Hobby/Nauka/RISC-5/.v/DDCA/code/exercises/ALUDesignIverilog/ALU/systemIverilog/build/runs/RUN_2026-09-29_09-28-25/32-openroad-repairdesignpostgpl/addsub32.odb'…
Writing netlist to '/home/admin/Documents/Projekty/Hobby/Nauka/RISC-5/.v/DDCA/code/exercises/ALUDesignIverilog/ALU/systemIverilog/build/runs/RUN_2026-09-29_09-28-25/32-openroad-repairdesignpostgpl/addsub32.nl.v'…
Writing powered netlist to '/home/admin/Documents/Projekty/Hobby/Nauka/RISC-5/.v/DDCA/code/exercises/ALUDesignIverilog/ALU/systemIverilog/build/runs/RUN_2026-09-29_09-28-25/32-openroad-repairdesignpostgpl/addsub32.pnl.v'…
Writing layout to '/home/admin/Documents/Projekty/Hobby/Nauka/RISC-5/.v/DDCA/code/exercises/ALUDesignIverilog/ALU/systemIverilog/build/runs/RUN_2026-09-29_09-28-25/32-openroad-repairdesignpostgpl/addsub32.def'…
Writing timing constraints to '/home/admin/Documents/Projekty/Hobby/Nauka/RISC-5/.v/DDCA/code/exercises/ALUDesignIverilog/ALU/systemIverilog/build/runs/RUN_2026-09-29_09-28-25/32-openroad-repairdesignpostgpl/addsub32.sdc'…
