                                                                       Cells by Function                                                                        
┏━━━━━━━━━━━━━━━━━━━━━━━━━━━━━━━━━━━━━━━━━━━━━━━━━━━━━━━━━━━━━━━━━━━━━━━━━━━━━━━━━━━━━━━━━━━━━━━━━━━━━━━━━━━━━━━━━━━━━━━━━━━━━━━━━┳━━━━━━━━━━━━━━━━━━━━━━━━━━━━┓
┃ Cell Function                                                                                                                   ┃ Count                      ┃
┡━━━━━━━━━━━━━━━━━━━━━━━━━━━━━━━━━━━━━━━━━━━━━━━━━━━━━━━━━━━━━━━━━━━━━━━━━━━━━━━━━━━━━━━━━━━━━━━━━━━━━━━━━━━━━━━━━━━━━━━━━━━━━━━━━╇━━━━━━━━━━━━━━━━━━━━━━━━━━━━┩
│ sky130_fd_sc_hd__a2111o                                                                                                         │ 1                          │
│ sky130_fd_sc_hd__a211o                                                                                                          │ 8                          │
│ sky130_fd_sc_hd__a211oi                                                                                                         │ 7                          │
│ sky130_fd_sc_hd__a21bo                                                                                                          │ 8                          │
│ sky130_fd_sc_hd__a21boi                                                                                                         │ 2                          │
│ sky130_fd_sc_hd__a21o                                                                                                           │ 19                         │
│ sky130_fd_sc_hd__a21oi                                                                                                          │ 11                         │
│ sky130_fd_sc_hd__a221o                                                                                                          │ 2                          │
│ sky130_fd_sc_hd__a22o                                                                                                           │ 11                         │
│ sky130_fd_sc_hd__a22oi                                                                                                          │ 2                          │
│ sky130_fd_sc_hd__a2bb2o                                                                                                         │ 2                          │
│ sky130_fd_sc_hd__a311o                                                                                                          │ 1                          │
│ sky130_fd_sc_hd__a31o                                                                                                           │ 15                         │
│ sky130_fd_sc_hd__a31oi                                                                                                          │ 2                          │
│ sky130_fd_sc_hd__a32o                                                                                                           │ 3                          │
│ sky130_fd_sc_hd__and2                                                                                                           │ 5                          │
│ sky130_fd_sc_hd__and2b                                                                                                          │ 8                          │
│ sky130_fd_sc_hd__and3                                                                                                           │ 12                         │
│ sky130_fd_sc_hd__and3b                                                                                                          │ 5                          │
│ sky130_fd_sc_hd__and4                                                                                                           │ 6                          │
│ sky130_fd_sc_hd__buf                                                                                                            │ 95                         │
│ sky130_fd_sc_hd__bufinv                                                                                                         │ 1                          │
│ sky130_fd_sc_hd__clkbuf                                                                                                         │ 14                         │
│ sky130_fd_sc_hd__clkdlybuf4s25                                                                                                  │ 35                         │
│ sky130_fd_sc_hd__decap                                                                                                          │ 925                        │
│ sky130_fd_sc_hd__dlygate4sd1                                                                                                    │ 1                          │
│ sky130_fd_sc_hd__dlymetal6s2s                                                                                                   │ 8                          │
│ sky130_fd_sc_hd__dlymetal6s4s                                                                                                   │ 4                          │
│ sky130_fd_sc_hd__fill                                                                                                           │ 270                        │
│ sky130_fd_sc_hd__inv                                                                                                            │ 19                         │
│ sky130_fd_sc_hd__mux2                                                                                                           │ 7                          │
│ sky130_fd_sc_hd__nand2                                                                                                          │ 26                         │
│ sky130_fd_sc_hd__nand3                                                                                                          │ 4                          │
│ sky130_fd_sc_hd__nand3b                                                                                                         │ 1                          │
│ sky130_fd_sc_hd__nand4                                                                                                          │ 3                          │
│ sky130_fd_sc_hd__nor2                                                                                                           │ 10                         │
│ sky130_fd_sc_hd__nor3                                                                                                           │ 1                          │
│ sky130_fd_sc_hd__nor3b                                                                                                          │ 1                          │
│ sky130_fd_sc_hd__nor4                                                                                                           │ 1                          │
│ sky130_fd_sc_hd__o211a                                                                                                          │ 7                          │
│ sky130_fd_sc_hd__o211ai                                                                                                         │ 6                          │
│ sky130_fd_sc_hd__o21a                                                                                                           │ 8                          │
│ sky130_fd_sc_hd__o21ai                                                                                                          │ 3                          │
│ sky130_fd_sc_hd__o21ba                                                                                                          │ 3                          │
│ sky130_fd_sc_hd__o21bai                                                                                                         │ 5                          │
│ sky130_fd_sc_hd__o221a                                                                                                          │ 3                          │
│ sky130_fd_sc_hd__o22a                                                                                                           │ 4                          │
│ sky130_fd_sc_hd__o2bb2a                                                                                                         │ 5                          │
│ sky130_fd_sc_hd__o31a                                                                                                           │ 5                          │
│ sky130_fd_sc_hd__o32ai                                                                                                          │ 1                          │
│ sky130_fd_sc_hd__or2                                                                                                            │ 17                         │
│ sky130_fd_sc_hd__or2b                                                                                                           │ 12                         │
│ sky130_fd_sc_hd__or3                                                                                                            │ 5                          │
│ sky130_fd_sc_hd__or3b                                                                                                           │ 3                          │
│ sky130_fd_sc_hd__or4                                                                                                            │ 5                          │
│ sky130_fd_sc_hd__or4b                                                                                                           │ 3                          │
│ sky130_fd_sc_hd__tapvpwrvgnd                                                                                                    │ 136                        │
│ sky130_fd_sc_hd__xnor2                                                                                                          │ 73                         │
│ sky130_fd_sc_hd__xor2                                                                                                           │ 12                         │
└─────────────────────────────────────────────────────────────────────────────────────────────────────────────────────────────────┴────────────────────────────┘
