
===========================================================================
Violator List
============================================================================
[setup in-out] sub -> S[21] : -2.561060
[setup in-out] sub -> S[22] : -2.546148
[setup in-out] sub -> S[20] : -2.527930
[setup in-out] sub -> S[23] : -2.517653
[setup in-out] sub -> S[19] : -2.512337
[setup in-out] sub -> carryOut : -2.478530
[setup in-out] sub -> S[24] : -2.459572
[setup in-out] sub -> S[13] : -2.425776
[setup in-out] sub -> S[18] : -2.421144
[setup in-out] sub -> S[11] : -2.411288
[setup in-out] sub -> S[28] : -2.387476
[setup in-out] sub -> S[15] : -2.376850
[setup in-out] sub -> S[26] : -2.373949
[setup in-out] sub -> S[31] : -2.358888
[setup in-out] sub -> S[8] : -2.342082
[setup in-out] sub -> S[29] : -2.330878
[setup in-out] sub -> S[25] : -2.328852
[setup in-out] sub -> S[7] : -2.313852
[setup in-out] sub -> S[30] : -2.234629
[setup in-out] sub -> S[16] : -2.232544
[setup in-out] sub -> S[17] : -2.227185
[setup in-out] sub -> S[6] : -2.215486
[setup in-out] sub -> S[27] : -2.185513
[setup in-out] sub -> S[9] : -2.178255
[setup in-out] sub -> S[10] : -2.167632
[setup in-out] sub -> S[12] : -2.038744
[setup in-out] sub -> S[14] : -2.031414
[setup in-out] sub -> S[5] : -1.692245
[setup in-out] sub -> S[2] : -1.443704
[setup in-out] sub -> S[4] : -1.428854
[setup in-out] sub -> S[3] : -1.223593
[setup in-out] sub -> S[1] : -0.866659
