
===========================================================================
Violator List
============================================================================
[setup in-out] sub -> S[20] : -0.453607
[setup in-out] sub -> S[22] : -0.436181
[setup in-out] sub -> S[23] : -0.434272
[setup in-out] sub -> S[21] : -0.405414
[setup in-out] sub -> S[17] : -0.388223
[setup in-out] sub -> S[9] : -0.320771
[setup in-out] sub -> S[31] : -0.308586
[setup in-out] sub -> S[30] : -0.308011
[setup in-out] sub -> S[19] : -0.304272
[setup in-out] sub -> S[28] : -0.299150
[setup in-out] sub -> S[11] : -0.295761
[setup in-out] sub -> S[26] : -0.288254
[setup in-out] sub -> S[10] : -0.283901
[setup in-out] sub -> S[24] : -0.281513
[setup in-out] sub -> S[29] : -0.259696
[setup in-out] sub -> S[25] : -0.252050
[setup in-out] sub -> S[18] : -0.230889
[setup in-out] sub -> carryOut : -0.224905
[setup in-out] sub -> S[27] : -0.205108
[setup in-out] sub -> S[7] : -0.200081
[setup in-out] sub -> S[15] : -0.189062
[setup in-out] sub -> S[16] : -0.145628
[setup in-out] sub -> S[14] : -0.135419
[setup in-out] sub -> S[12] : -0.011625
