
===========================================================================
report_checks -unconstrained
===========================================================================
======================= nom_ff_n40C_1v95 Corner ===================================

Startpoint: sub (input port clocked by __VIRTUAL_CLK__)
Endpoint: S[31] (output port clocked by __VIRTUAL_CLK__)
Path Group: __VIRTUAL_CLK__
Path Type: max

Fanout         Cap        Slew       Delay        Time   Description
---------------------------------------------------------------------------------------------
                      0.000000    0.000000    0.000000   clock __VIRTUAL_CLK__ (rise edge)
                                  0.000000    0.000000   clock network delay (ideal)
                                  0.800000    0.800000 ^ input external delay
     1    0.008436    0.033238    0.022389    0.822389 ^ sub (in)
                                                         sub (net)
                      0.033240    0.000000    0.822389 ^ input65/A (sky130_fd_sc_hd__buf_8)
     3    0.026500    0.040655    0.075762    0.898151 ^ input65/X (sky130_fd_sc_hd__buf_8)
                                                         net65 (net)
                      0.040721    0.001350    0.899501 ^ fanout107/A (sky130_fd_sc_hd__buf_6)
     3    0.017993    0.034998    0.074274    0.973775 ^ fanout107/X (sky130_fd_sc_hd__buf_6)
                                                         net107 (net)
                      0.035005    0.000544    0.974318 ^ fanout105/A (sky130_fd_sc_hd__buf_8)
     2    0.012565    0.025408    0.064115    1.038433 ^ fanout105/X (sky130_fd_sc_hd__buf_8)
                                                         net105 (net)
                      0.025410    0.000483    1.038916 ^ load_slew106/A (sky130_fd_sc_hd__buf_8)
     4    0.027686    0.041808    0.075171    1.114087 ^ load_slew106/X (sky130_fd_sc_hd__buf_8)
                                                         net106 (net)
                      0.041858    0.000927    1.115014 ^ _666_/A (sky130_fd_sc_hd__inv_8)
     7    0.031378    0.021606    0.026539    1.141553 v _666_/Y (sky130_fd_sc_hd__inv_8)
                                                         _001_ (net)
                      0.021858    0.001885    1.143438 v _364_/D (sky130_fd_sc_hd__or4_4)
     1    0.005043    0.058779    0.251888    1.395326 v _364_/X (sky130_fd_sc_hd__or4_4)
                                                         _087_ (net)
                      0.058780    0.000164    1.395490 v _366_/A1 (sky130_fd_sc_hd__a21o_4)
     2    0.007450    0.027452    0.143940    1.539430 v _366_/X (sky130_fd_sc_hd__a21o_4)
                                                         _089_ (net)
                      0.027452    0.000214    1.539644 v _367_/A1 (sky130_fd_sc_hd__a21bo_4)
     2    0.008792    0.029360    0.140051    1.679695 v _367_/X (sky130_fd_sc_hd__a21bo_4)
                                                         _090_ (net)
                      0.029360    0.000199    1.679894 v _370_/A1 (sky130_fd_sc_hd__a211o_4)
     2    0.009498    0.040991    0.214966    1.894860 v _370_/X (sky130_fd_sc_hd__a211o_4)
                                                         _093_ (net)
                      0.040991    0.000429    1.895289 v _466_/A2 (sky130_fd_sc_hd__a311o_4)
     3    0.015250    0.055444    0.266823    2.162112 v _466_/X (sky130_fd_sc_hd__a311o_4)
                                                         _181_ (net)
                      0.055448    0.000582    2.162694 v rebuffer167/A (sky130_fd_sc_hd__buf_2)
     2    0.007408    0.023980    0.094839    2.257533 v rebuffer167/X (sky130_fd_sc_hd__buf_2)
                                                         net167 (net)
                      0.023980    0.000140    2.257672 v rebuffer125/A (sky130_fd_sc_hd__buf_2)
     1    0.009323    0.026971    0.084994    2.342666 v rebuffer125/X (sky130_fd_sc_hd__buf_2)
                                                         net125 (net)
                      0.026974    0.000292    2.342957 v _549_/A2 (sky130_fd_sc_hd__a21oi_4)
     4    0.020802    0.141267    0.153142    2.496100 ^ _549_/Y (sky130_fd_sc_hd__a21oi_4)
                                                         _258_ (net)
                      0.141271    0.000890    2.496989 ^ rebuffer132/A (sky130_fd_sc_hd__buf_6)
     3    0.020493    0.039953    0.092437    2.589427 ^ rebuffer132/X (sky130_fd_sc_hd__buf_6)
                                                         net132 (net)
                      0.039955    0.000395    2.589821 ^ _562_/A2 (sky130_fd_sc_hd__o211ai_2)
     1    0.002708    0.050810    0.040649    2.630470 v _562_/Y (sky130_fd_sc_hd__o211ai_2)
                                                         _270_ (net)
                      0.050810    0.000087    2.630557 v _563_/D (sky130_fd_sc_hd__and4_2)
     1    0.010463    0.042904    0.175968    2.806526 v _563_/X (sky130_fd_sc_hd__and4_2)
                                                         _271_ (net)
                      0.042907    0.000416    2.806942 v _564_/A (sky130_fd_sc_hd__xnor2_2)
     1    0.005511    0.097256    0.119965    2.926907 ^ _564_/Y (sky130_fd_sc_hd__xnor2_2)
                                                         net90 (net)
                      0.097256    0.000180    2.927087 ^ output90/A (sky130_fd_sc_hd__buf_6)
     1    0.035129    0.059033    0.103171    3.030258 ^ output90/X (sky130_fd_sc_hd__buf_6)
                                                         S[31] (net)
                      0.059051    0.001039    3.031297 ^ S[31] (out)
                                              3.031297   data arrival time

                      0.000000    4.000000    4.000000   clock __VIRTUAL_CLK__ (rise edge)
                                  0.000000    4.000000   clock network delay (ideal)
                                 -0.250000    3.750000   clock uncertainty
                                  0.000000    3.750000   clock reconvergence pessimism
                                 -0.800000    2.950000   output external delay
                                              2.950000   data required time
---------------------------------------------------------------------------------------------
                                              2.950000   data required time
                                             -3.031297   data arrival time
---------------------------------------------------------------------------------------------
                                             -0.081297   slack (VIOLATED)




===========================================================================
report_checks --slack_max -0.01
============================================================================
======================= nom_ff_n40C_1v95 Corner ===================================

Startpoint: sub (input port clocked by __VIRTUAL_CLK__)
Endpoint: S[31] (output port clocked by __VIRTUAL_CLK__)
Path Group: __VIRTUAL_CLK__
Path Type: max

Fanout         Cap        Slew       Delay        Time   Description
---------------------------------------------------------------------------------------------
                      0.000000    0.000000    0.000000   clock __VIRTUAL_CLK__ (rise edge)
                                  0.000000    0.000000   clock network delay (ideal)
                                  0.800000    0.800000 ^ input external delay
     1    0.008436    0.033238    0.022389    0.822389 ^ sub (in)
                                                         sub (net)
                      0.033240    0.000000    0.822389 ^ input65/A (sky130_fd_sc_hd__buf_8)
     3    0.026500    0.040655    0.075762    0.898151 ^ input65/X (sky130_fd_sc_hd__buf_8)
                                                         net65 (net)
                      0.040721    0.001350    0.899501 ^ fanout107/A (sky130_fd_sc_hd__buf_6)
     3    0.017993    0.034998    0.074274    0.973775 ^ fanout107/X (sky130_fd_sc_hd__buf_6)
                                                         net107 (net)
                      0.035005    0.000544    0.974318 ^ fanout105/A (sky130_fd_sc_hd__buf_8)
     2    0.012565    0.025408    0.064115    1.038433 ^ fanout105/X (sky130_fd_sc_hd__buf_8)
                                                         net105 (net)
                      0.025410    0.000483    1.038916 ^ load_slew106/A (sky130_fd_sc_hd__buf_8)
     4    0.027686    0.041808    0.075171    1.114087 ^ load_slew106/X (sky130_fd_sc_hd__buf_8)
                                                         net106 (net)
                      0.041858    0.000927    1.115014 ^ _666_/A (sky130_fd_sc_hd__inv_8)
     7    0.031378    0.021606    0.026539    1.141553 v _666_/Y (sky130_fd_sc_hd__inv_8)
                                                         _001_ (net)
                      0.021858    0.001885    1.143438 v _364_/D (sky130_fd_sc_hd__or4_4)
     1    0.005043    0.058779    0.251888    1.395326 v _364_/X (sky130_fd_sc_hd__or4_4)
                                                         _087_ (net)
                      0.058780    0.000164    1.395490 v _366_/A1 (sky130_fd_sc_hd__a21o_4)
     2    0.007450    0.027452    0.143940    1.539430 v _366_/X (sky130_fd_sc_hd__a21o_4)
                                                         _089_ (net)
                      0.027452    0.000214    1.539644 v _367_/A1 (sky130_fd_sc_hd__a21bo_4)
     2    0.008792    0.029360    0.140051    1.679695 v _367_/X (sky130_fd_sc_hd__a21bo_4)
                                                         _090_ (net)
                      0.029360    0.000199    1.679894 v _370_/A1 (sky130_fd_sc_hd__a211o_4)
     2    0.009498    0.040991    0.214966    1.894860 v _370_/X (sky130_fd_sc_hd__a211o_4)
                                                         _093_ (net)
                      0.040991    0.000429    1.895289 v _466_/A2 (sky130_fd_sc_hd__a311o_4)
     3    0.015250    0.055444    0.266823    2.162112 v _466_/X (sky130_fd_sc_hd__a311o_4)
                                                         _181_ (net)
                      0.055448    0.000582    2.162694 v rebuffer167/A (sky130_fd_sc_hd__buf_2)
     2    0.007408    0.023980    0.094839    2.257533 v rebuffer167/X (sky130_fd_sc_hd__buf_2)
                                                         net167 (net)
                      0.023980    0.000140    2.257672 v rebuffer125/A (sky130_fd_sc_hd__buf_2)
     1    0.009323    0.026971    0.084994    2.342666 v rebuffer125/X (sky130_fd_sc_hd__buf_2)
                                                         net125 (net)
                      0.026974    0.000292    2.342957 v _549_/A2 (sky130_fd_sc_hd__a21oi_4)
     4    0.020802    0.141267    0.153142    2.496100 ^ _549_/Y (sky130_fd_sc_hd__a21oi_4)
                                                         _258_ (net)
                      0.141271    0.000890    2.496989 ^ rebuffer132/A (sky130_fd_sc_hd__buf_6)
     3    0.020493    0.039953    0.092437    2.589427 ^ rebuffer132/X (sky130_fd_sc_hd__buf_6)
                                                         net132 (net)
                      0.039955    0.000395    2.589821 ^ _562_/A2 (sky130_fd_sc_hd__o211ai_2)
     1    0.002708    0.050810    0.040649    2.630470 v _562_/Y (sky130_fd_sc_hd__o211ai_2)
                                                         _270_ (net)
                      0.050810    0.000087    2.630557 v _563_/D (sky130_fd_sc_hd__and4_2)
     1    0.010463    0.042904    0.175968    2.806526 v _563_/X (sky130_fd_sc_hd__and4_2)
                                                         _271_ (net)
                      0.042907    0.000416    2.806942 v _564_/A (sky130_fd_sc_hd__xnor2_2)
     1    0.005511    0.097256    0.119965    2.926907 ^ _564_/Y (sky130_fd_sc_hd__xnor2_2)
                                                         net90 (net)
                      0.097256    0.000180    2.927087 ^ output90/A (sky130_fd_sc_hd__buf_6)
     1    0.035129    0.059033    0.103171    3.030258 ^ output90/X (sky130_fd_sc_hd__buf_6)
                                                         S[31] (net)
                      0.059051    0.001039    3.031297 ^ S[31] (out)
                                              3.031297   data arrival time

                      0.000000    4.000000    4.000000   clock __VIRTUAL_CLK__ (rise edge)
                                  0.000000    4.000000   clock network delay (ideal)
                                 -0.250000    3.750000   clock uncertainty
                                  0.000000    3.750000   clock reconvergence pessimism
                                 -0.800000    2.950000   output external delay
                                              2.950000   data required time
---------------------------------------------------------------------------------------------
                                              2.950000   data required time
                                             -3.031297   data arrival time
---------------------------------------------------------------------------------------------
                                             -0.081297   slack (VIOLATED)




===========================================================================
 report_check_types -max_slew -max_cap -max_fanout -violators
============================================================================
======================= nom_ff_n40C_1v95 Corner ===================================



===========================================================================
report_parasitic_annotation -report_unannotated
============================================================================
Found 0 unannotated drivers.
Found 0 partially unannotated drivers.

===========================================================================
max slew violation count 0
max fanout violation count 0
max cap violation count 0
============================================================================

===========================================================================
check_setup -verbose -unconstrained_endpoints -multiple_clock -no_clock -no_input_delay -loops -generated_clocks
===========================================================================
