Reading timing models for corner nom_tt_025C_1v80…
Reading timing library for the 'nom_tt_025C_1v80' corner at '/home/admin/.ciel/ciel/sky130/versions/8afc8346a57fe1ab7934ba5a6056ea8b43078e71/sky130A/libs.ref/sky130_fd_sc_hd/lib/sky130_fd_sc_hd__tt_025C_1v80.lib'…
Reading OpenROAD database at '/home/admin/Documents/Projekty/Hobby/Nauka/RISC-5/.v/DDCA/code/exercises/ALUDesignIverilog/ALU/systemIverilog/build/runs/RUN_2026-09-29_09-26-13/21-openroad-generatepdn/addsub32.odb'…
Reading design constraints file at '/nix/store/33pw6r3szpqrlxwi0ri36rfq68whzq26-python3-3.13.9-env/lib/python3.13/site-packages/librelane/scripts/base.sdc'…
[WARNING STA-0366] port '__VIRTUAL_CLK__' not found.
[INFO] Using clock __VIRTUAL_CLK__…
[INFO] Setting output delay to: 0.8
[INFO] Setting input delay to: 0.8
[WARNING STA-0366] port '__VIRTUAL_CLK__' not found.
[INFO] Setting load to: 0.033442
[INFO] Setting clock uncertainty to: 0.25
[INFO] Setting clock transition to: 0.1499999999999999944488848768742172978818416595458984375
[WARNING STA-0419] transition time can not be specified for virtual clocks.
[INFO] Setting timing derate to: 5.0%
[WARNING STA-0450] virtual clock __VIRTUAL_CLK__ can not be propagated.
+ global_placement -density 0.523027 -skip_io -pad_right 0 -pad_left 0 -init_wirelength_coef 0.25
[INFO GPL-0001] ---- Initialize GPL Main Data Structures
[INFO GPL-0002] DBU: 1000
[INFO GPL-0003] SiteSize: (  0.460  2.720 ) um
[INFO GPL-0004] CoreBBox: (  5.520 10.880 ) ( 103.960 108.800 ) um
[INFO GPL-0036] Movable instances area:       3911.251 um^2
[INFO GPL-0037] Total instances area:         4347.920 um^2
[INFO GPL-0035] Pin density area adjust:       322.852 um^2
[INFO GPL-0032] ---- Initialize Region: Top-level
[INFO GPL-0006] Number of instances:               587
[INFO GPL-0007] Movable instances:                 382
[INFO GPL-0008] Fixed instances:                   205
[INFO GPL-0009] Dummy instances:                     0
[INFO GPL-0010] Number of nets:                    447
[INFO GPL-0011] Number of pins:                   1435
[INFO GPL-0012] Die BBox:  (  0.000  0.000 ) ( 109.925 120.645 ) um
[INFO GPL-0013] Core BBox: (  5.520 10.880 ) ( 103.960 108.800 ) um
[INFO GPL-0016] Core area:                    9639.245 um^2
[INFO GPL-0014] Region name: top-level.
[INFO GPL-0015] Region area:                  9639.245 um^2
[INFO GPL-0017] Fixed instances area:          436.669 um^2
[INFO GPL-0018] Movable instances area:       4234.103 um^2
[INFO GPL-0019] Utilization:                    46.010 %
[INFO GPL-0020] Standard cells area:          4234.103 um^2
[INFO GPL-0021] Large instances area:            0.000 um^2
[INFO GPL-0005] ---- Execute Conjugate Gradient Initial Placement.
[INFO GPL-0051] Source of initial instance position counters:
	Odb location = 0	Core center = 382	Region center = 0
[INFO GPL-0033] ---- Initialize Nesterov Region: Top-level
[INFO GPL-0023] Placement target density:       0.5230
[INFO GPL-0024] Movable insts average area:     11.084 um^2
[INFO GPL-0025] Ideal bin area:                 21.192 um^2
[INFO GPL-0026] Ideal bin count:                   454
[INFO GPL-0027] Total bin area:               9639.245 um^2
[INFO GPL-0028] Bin count (X, Y):          16 ,     16
[INFO GPL-0029] Bin size (W * H):       6.152 *  6.120 um
[INFO GPL-0030] Number of bins:                    256
[INFO GPL-0007] ---- Execute Nesterov Global Placement.
[INFO GPL-0031] HPWL: Half-Perimeter Wirelength
Iteration | Overflow |     HPWL (um) |  HPWL(%) |   Penalty | Group
---------------------------------------------------------------
        0 |   0.9815 |  1.013876e+03 |   +0.00% |  2.39e-14 |      
       10 |   0.9775 |  6.640550e+02 |  -34.50% |  3.89e-14 |      
       20 |   0.9760 |  6.599110e+02 |   -0.62% |  6.33e-14 |      
       30 |   0.9754 |  6.588610e+02 |   -0.16% |  1.03e-13 |      
       40 |   0.9752 |  6.583810e+02 |   -0.07% |  1.68e-13 |      
       50 |   0.9754 |  6.584750e+02 |   +0.01% |  2.74e-13 |      
       60 |   0.9754 |  6.587080e+02 |   +0.04% |  4.46e-13 |      
       70 |   0.9750 |  6.591900e+02 |   +0.07% |  7.26e-13 |      
       80 |   0.9744 |  6.604190e+02 |   +0.19% |  1.18e-12 |      
       90 |   0.9732 |  6.624800e+02 |   +0.31% |  1.93e-12 |      
      100 |   0.9699 |  6.661190e+02 |   +0.55% |  3.14e-12 |      
      110 |   0.9632 |  6.738840e+02 |   +1.17% |  5.11e-12 |      
      120 |   0.9570 |  7.034130e+02 |   +4.38% |  8.32e-12 |      
      130 |   0.9325 |  8.202660e+02 |  +16.61% |  1.36e-11 |      
      140 |   0.8867 |  9.910120e+02 |  +20.82% |  2.21e-11 |      
      150 |   0.8644 |  1.087004e+03 |   +9.69% |  3.60e-11 |      
      160 |   0.8541 |  1.142515e+03 |   +5.11% |  5.86e-11 |      
      170 |   0.8164 |  1.231262e+03 |   +7.77% |  9.54e-11 |      
      180 |   0.7986 |  1.356872e+03 |  +10.20% |  1.55e-10 |      
      190 |   0.7663 |  1.522090e+03 |  +12.18% |  2.53e-10 |      
      200 |   0.7326 |  1.664356e+03 |   +9.35% |  4.12e-10 |      
      210 |   0.6921 |  1.804539e+03 |   +8.42% |  6.72e-10 |      
      220 |   0.6526 |  1.989677e+03 |  +10.26% |  1.09e-09 |      
      230 |   0.6161 |  2.173420e+03 |   +9.23% |  1.78e-09 |      
      240 |   0.5758 |  2.412926e+03 |  +11.02% |  2.90e-09 |      
      250 |   0.5358 |  2.598594e+03 |   +7.69% |  4.73e-09 |      
      260 |   0.4969 |  2.860926e+03 |  +10.10% |  7.70e-09 |      
      270 |   0.4544 |  3.025541e+03 |   +5.75% |  1.25e-08 |      
      280 |   0.4131 |  3.162658e+03 |   +4.53% |  2.04e-08 |      
      290 |   0.3745 |  3.332335e+03 |   +5.37% |  3.33e-08 |      
      300 |   0.3312 |  3.476616e+03 |   +4.33% |  5.26e-08 |      
      310 |   0.2999 |  3.573457e+03 |   +2.79% |  7.75e-08 |      
      320 |   0.2656 |  3.683152e+03 |   +3.07% |  1.14e-07 |      
      330 |   0.2327 |  3.801351e+03 |   +3.21% |  1.68e-07 |      
      340 |   0.2047 |  3.882332e+03 |   +2.13% |  2.48e-07 |      
      350 |   0.1799 |  3.970639e+03 |   +2.27% |  3.65e-07 |      
      360 |   0.1561 |  4.044572e+03 |   +1.86% |  5.38e-07 |      
      370 |   0.1309 |  4.091152e+03 |   +1.15% |  7.92e-07 |      
      380 |   0.1057 |  4.179424e+03 |   +2.16% |  1.17e-06 |      
      383 |   0.0991 |  4.192439e+03 |          |  1.36e-06 |      
---------------------------------------------------------------
[INFO GPL-1001] Global placement finished at iteration 383
[INFO GPL-1002] Placed Cell Area             4234.1028
[INFO GPL-1003] Available Free Area          9202.5760
[INFO GPL-1004] Minimum Feasible Density        0.4700 (cell_area / free_area)
[INFO GPL-1006]   Suggested Target Densities:
[INFO GPL-1007]     - For 90% usage of free space: 0.5112
[INFO GPL-1008]     - For 80% usage of free space: 0.5751
[INFO GPL-1009]     - For 50% usage of free space: 0.9202
[INFO GPL-1014] Final placement area: 4234.10 (+0.00%)
Setting global connections for newly added cells…
[INFO] Setting global connections...
[INFO ODB-0403] 0 connections made, 0 conflicts skipped.
Updating metrics…
Cell type report:                       Count       Area
  Fill cell                                72     270.26
  Tap cell                                133     166.41
  Inverter                                  7      33.78
  Multi-Input combinational cell          375    3877.47
  Total                                   587    4347.92
Writing OpenROAD database to '/home/admin/Documents/Projekty/Hobby/Nauka/RISC-5/.v/DDCA/code/exercises/ALUDesignIverilog/ALU/systemIverilog/build/runs/RUN_2026-09-29_09-26-13/24-openroad-globalplacementskipio/addsub32.odb'…
Writing netlist to '/home/admin/Documents/Projekty/Hobby/Nauka/RISC-5/.v/DDCA/code/exercises/ALUDesignIverilog/ALU/systemIverilog/build/runs/RUN_2026-09-29_09-26-13/24-openroad-globalplacementskipio/addsub32.nl.v'…
Writing powered netlist to '/home/admin/Documents/Projekty/Hobby/Nauka/RISC-5/.v/DDCA/code/exercises/ALUDesignIverilog/ALU/systemIverilog/build/runs/RUN_2026-09-29_09-26-13/24-openroad-globalplacementskipio/addsub32.pnl.v'…
Writing layout to '/home/admin/Documents/Projekty/Hobby/Nauka/RISC-5/.v/DDCA/code/exercises/ALUDesignIverilog/ALU/systemIverilog/build/runs/RUN_2026-09-29_09-26-13/24-openroad-globalplacementskipio/addsub32.def'…
Writing timing constraints to '/home/admin/Documents/Projekty/Hobby/Nauka/RISC-5/.v/DDCA/code/exercises/ALUDesignIverilog/ALU/systemIverilog/build/runs/RUN_2026-09-29_09-26-13/24-openroad-globalplacementskipio/addsub32.sdc'…
