
===========================================================================
report_checks -unconstrained
===========================================================================
======================= max_ff_n40C_1v95 Corner ===================================

Startpoint: B[4] (input port clocked by __VIRTUAL_CLK__)
Endpoint: y[31] (output port clocked by __VIRTUAL_CLK__)
Path Group: __VIRTUAL_CLK__
Path Type: max

Fanout         Cap        Slew       Delay        Time   Description
---------------------------------------------------------------------------------------------
                      0.000000    0.000000    0.000000   clock __VIRTUAL_CLK__ (rise edge)
                                  0.000000    0.000000   clock network delay (ideal)
                                  4.000000    4.000000 v input external delay
     1    0.004125    0.006707    0.003676    4.003676 v B[4] (in)
                                                         B[4] (net)
                      0.006714    0.000000    4.003676 v input59/A (sky130_fd_sc_hd__clkdlybuf4s25_1)
     5    0.029474    0.152634    0.261180    4.264855 v input59/X (sky130_fd_sc_hd__clkdlybuf4s25_1)
                                                         net59 (net)
                      0.152661    0.002069    4.266924 v _491_/B (sky130_fd_sc_hd__xnor2_2)
     2    0.009362    0.063951    0.142601    4.409526 v _491_/Y (sky130_fd_sc_hd__xnor2_2)
                                                         _058_ (net)
                      0.063952    0.000369    4.409895 v max_cap106/A (sky130_fd_sc_hd__buf_2)
     6    0.026841    0.052220    0.126576    4.536470 v max_cap106/X (sky130_fd_sc_hd__buf_2)
                                                         net106 (net)
                      0.052311    0.002021    4.538491 v _546_/A (sky130_fd_sc_hd__or4_2)
     2    0.008272    0.078795    0.415931    4.954422 v _546_/X (sky130_fd_sc_hd__or4_2)
                                                         _109_ (net)
                      0.078795    0.000457    4.954879 v _658_/A (sky130_fd_sc_hd__or4_2)
     2    0.005668    0.073029    0.413225    5.368105 v _658_/X (sky130_fd_sc_hd__or4_2)
                                                         _213_ (net)
                      0.073029    0.000376    5.368481 v _660_/B1 (sky130_fd_sc_hd__o221a_2)
     3    0.014987    0.052328    0.199050    5.567531 v _660_/X (sky130_fd_sc_hd__o221a_2)
                                                         _215_ (net)
                      0.052355    0.001023    5.568553 v _835_/A1 (sky130_fd_sc_hd__a211o_2)
     1    0.002836    0.033069    0.190460    5.759014 v _835_/X (sky130_fd_sc_hd__a211o_2)
                                                         _378_ (net)
                      0.033069    0.000187    5.759200 v _836_/B (sky130_fd_sc_hd__and2_2)
     3    0.012887    0.043696    0.143849    5.903049 v _836_/X (sky130_fd_sc_hd__and2_2)
                                                         _379_ (net)
                      0.043708    0.000719    5.903768 v _863_/A2 (sky130_fd_sc_hd__o31a_2)
     2    0.008373    0.046925    0.220121    6.123888 v _863_/X (sky130_fd_sc_hd__o31a_2)
                                                         _404_ (net)
                      0.046925    0.000588    6.124476 v _880_/A2 (sky130_fd_sc_hd__a21o_2)
     2    0.012333    0.042656    0.164960    6.289437 v _880_/X (sky130_fd_sc_hd__a21o_2)
                                                         _420_ (net)
                      0.042666    0.000679    6.290116 v _881_/B (sky130_fd_sc_hd__or2_2)
     1    0.003628    0.038206    0.169489    6.459606 v _881_/X (sky130_fd_sc_hd__or2_2)
                                                         _421_ (net)
                      0.038206    0.000266    6.459871 v _882_/B1 (sky130_fd_sc_hd__o31a_2)
     1    0.010269    0.050461    0.087185    6.547056 v _882_/X (sky130_fd_sc_hd__o31a_2)
                                                         _422_ (net)
                      0.050512    0.000874    6.547931 v _883_/B (sky130_fd_sc_hd__xnor2_2)
     1    0.008515    0.045386    0.101364    6.649295 v _883_/Y (sky130_fd_sc_hd__xnor2_2)
                                                         _423_ (net)
                      0.045387    0.000450    6.649745 v _886_/A2 (sky130_fd_sc_hd__o21ai_2)
     1    0.007558    0.122555    0.102454    6.752199 ^ _886_/Y (sky130_fd_sc_hd__o21ai_2)
                                                         net94 (net)
                      0.122555    0.000474    6.752673 ^ output94/A (sky130_fd_sc_hd__clkdlybuf4s25_1)
     1    0.036098    0.272934    0.364163    7.116837 ^ output94/X (sky130_fd_sc_hd__clkdlybuf4s25_1)
                                                         y[31] (net)
                      0.272944    0.002097    7.118934 ^ y[31] (out)
                                              7.118934   data arrival time

                      0.000000   20.000000   20.000000   clock __VIRTUAL_CLK__ (rise edge)
                                  0.000000   20.000000   clock network delay (ideal)
                                 -0.250000   19.750002   clock uncertainty
                                  0.000000   19.750002   clock reconvergence pessimism
                                 -4.000000   15.750001   output external delay
                                             15.750001   data required time
---------------------------------------------------------------------------------------------
                                             15.750001   data required time
                                             -7.118934   data arrival time
---------------------------------------------------------------------------------------------
                                              8.631067   slack (MET)




===========================================================================
report_checks --slack_max -0.01
============================================================================
======================= max_ff_n40C_1v95 Corner ===================================

No paths found.


===========================================================================
 report_check_types -max_slew -max_cap -max_fanout -violators
============================================================================
======================= max_ff_n40C_1v95 Corner ===================================



===========================================================================
report_parasitic_annotation -report_unannotated
============================================================================
Found 2 unannotated drivers.
 statusIn[1]
 statusIn[2]
Found 0 partially unannotated drivers.

===========================================================================
max slew violation count 0
max fanout violation count 0
max cap violation count 0
============================================================================

===========================================================================
check_setup -verbose -unconstrained_endpoints -multiple_clock -no_clock -no_input_delay -loops -generated_clocks
===========================================================================
