
===========================================================================
report_checks -unconstrained
===========================================================================
======================= min_ss_100C_1v60 Corner ===================================

Startpoint: sub (input port clocked by __VIRTUAL_CLK__)
Endpoint: S[21] (output port clocked by __VIRTUAL_CLK__)
Path Group: __VIRTUAL_CLK__
Path Type: max

Fanout         Cap        Slew       Delay        Time   Description
---------------------------------------------------------------------------------------------
                      0.000000    0.000000    0.000000   clock __VIRTUAL_CLK__ (rise edge)
                                  0.000000    0.000000   clock network delay (ideal)
                                  0.800000    0.800000 v input external delay
     1    0.007401    0.036750    0.024640    0.824640 v sub (in)
                                                         sub (net)
                      0.036750    0.000000    0.824640 v input65/A (sky130_fd_sc_hd__buf_8)
     4    0.038265    0.072499    0.239765    1.064405 v input65/X (sky130_fd_sc_hd__buf_8)
                                                         net65 (net)
                      0.072511    0.000967    1.065372 v fanout107/A (sky130_fd_sc_hd__buf_8)
     3    0.015497    0.046989    0.227972    1.293344 v fanout107/X (sky130_fd_sc_hd__buf_8)
                                                         net107 (net)
                      0.046989    0.000110    1.293455 v fanout105/A (sky130_fd_sc_hd__buf_8)
     5    0.031873    0.064647    0.236775    1.530229 v fanout105/X (sky130_fd_sc_hd__buf_8)
                                                         net105 (net)
                      0.064647    0.000172    1.530401 v fanout103/A (sky130_fd_sc_hd__clkbuf_2)
     4    0.019582    0.144788    0.276546    1.806947 v fanout103/X (sky130_fd_sc_hd__clkbuf_2)
                                                         net103 (net)
                      0.144788    0.000240    1.807188 v load_slew104/A (sky130_fd_sc_hd__buf_8)
     7    0.039071    0.073258    0.294515    2.101703 v load_slew104/X (sky130_fd_sc_hd__buf_8)
                                                         net104 (net)
                      0.073263    0.000718    2.102421 v _402_/A_N (sky130_fd_sc_hd__nand2b_2)
     1    0.011318    0.142624    0.424612    2.527033 v _402_/Y (sky130_fd_sc_hd__nand2b_2)
                                                         _127_ (net)
                      0.142624    0.000217    2.527250 v _405_/B (sky130_fd_sc_hd__nand3_4)
     3    0.021548    0.152855    0.207409    2.734659 ^ _405_/Y (sky130_fd_sc_hd__nand3_4)
                                                         _130_ (net)
                      0.152855    0.000193    2.734852 ^ _422_/B1 (sky130_fd_sc_hd__o21ai_4)
     2    0.015550    0.116056    0.172002    2.906854 v _422_/Y (sky130_fd_sc_hd__o21ai_4)
                                                         _147_ (net)
                      0.116056    0.000348    2.907202 v _425_/B (sky130_fd_sc_hd__nor2_4)
     3    0.025167    0.286496    0.299366    3.206568 ^ _425_/Y (sky130_fd_sc_hd__nor2_4)
                                                         _150_ (net)
                      0.286499    0.000800    3.207368 ^ _430_/C (sky130_fd_sc_hd__nand4_4)
     2    0.013676    0.209584    0.332507    3.539876 v _430_/Y (sky130_fd_sc_hd__nand4_4)
                                                         _155_ (net)
                      0.209584    0.000150    3.540025 v _436_/C (sky130_fd_sc_hd__nand3_4)
     3    0.033294    0.202803    0.290709    3.830735 ^ _436_/Y (sky130_fd_sc_hd__nand3_4)
                                                         _161_ (net)
                      0.202803    0.000689    3.831424 ^ _437_/A1 (sky130_fd_sc_hd__o21bai_4)
     5    0.022738    0.154516    0.248996    4.080420 v _437_/Y (sky130_fd_sc_hd__o21bai_4)
                                                         _162_ (net)
                      0.154519    0.000846    4.081266 v _482_/B1 (sky130_fd_sc_hd__o22ai_4)
     5    0.037005    0.515643    0.495654    4.576920 ^ _482_/Y (sky130_fd_sc_hd__o22ai_4)
                                                         _203_ (net)
                      0.515646    0.000983    4.577903 ^ _483_/B (sky130_fd_sc_hd__nand2_4)
     3    0.016624    0.129612    0.268500    4.846403 v _483_/Y (sky130_fd_sc_hd__nand2_4)
                                                         _204_ (net)
                      0.129612    0.000185    4.846587 v _494_/A2_N (sky130_fd_sc_hd__o2bb2ai_4)
     1    0.009744    0.094071    0.261978    5.108565 v _494_/Y (sky130_fd_sc_hd__o2bb2ai_4)
                                                         _214_ (net)
                      0.094071    0.000144    5.108709 v _495_/B (sky130_fd_sc_hd__nand2_4)
     1    0.008207    0.091684    0.124323    5.233032 ^ _495_/Y (sky130_fd_sc_hd__nand2_4)
                                                         net79 (net)
                      0.091684    0.000080    5.233112 ^ output79/A (sky130_fd_sc_hd__buf_8)
     1    0.034912    0.105957    0.226302    5.459414 ^ output79/X (sky130_fd_sc_hd__buf_8)
                                                         S[21] (net)
                      0.105957    0.000572    5.459986 ^ S[21] (out)
                                              5.459986   data arrival time

                      0.000000    4.000000    4.000000   clock __VIRTUAL_CLK__ (rise edge)
                                  0.000000    4.000000   clock network delay (ideal)
                                 -0.250000    3.750000   clock uncertainty
                                  0.000000    3.750000   clock reconvergence pessimism
                                 -0.800000    2.950000   output external delay
                                              2.950000   data required time
---------------------------------------------------------------------------------------------
                                              2.950000   data required time
                                             -5.459986   data arrival time
---------------------------------------------------------------------------------------------
                                             -2.509986   slack (VIOLATED)




===========================================================================
report_checks --slack_max -0.01
============================================================================
======================= min_ss_100C_1v60 Corner ===================================

Startpoint: sub (input port clocked by __VIRTUAL_CLK__)
Endpoint: S[21] (output port clocked by __VIRTUAL_CLK__)
Path Group: __VIRTUAL_CLK__
Path Type: max

Fanout         Cap        Slew       Delay        Time   Description
---------------------------------------------------------------------------------------------
                      0.000000    0.000000    0.000000   clock __VIRTUAL_CLK__ (rise edge)
                                  0.000000    0.000000   clock network delay (ideal)
                                  0.800000    0.800000 v input external delay
     1    0.007401    0.036750    0.024640    0.824640 v sub (in)
                                                         sub (net)
                      0.036750    0.000000    0.824640 v input65/A (sky130_fd_sc_hd__buf_8)
     4    0.038265    0.072499    0.239765    1.064405 v input65/X (sky130_fd_sc_hd__buf_8)
                                                         net65 (net)
                      0.072511    0.000967    1.065372 v fanout107/A (sky130_fd_sc_hd__buf_8)
     3    0.015497    0.046989    0.227972    1.293344 v fanout107/X (sky130_fd_sc_hd__buf_8)
                                                         net107 (net)
                      0.046989    0.000110    1.293455 v fanout105/A (sky130_fd_sc_hd__buf_8)
     5    0.031873    0.064647    0.236775    1.530229 v fanout105/X (sky130_fd_sc_hd__buf_8)
                                                         net105 (net)
                      0.064647    0.000172    1.530401 v fanout103/A (sky130_fd_sc_hd__clkbuf_2)
     4    0.019582    0.144788    0.276546    1.806947 v fanout103/X (sky130_fd_sc_hd__clkbuf_2)
                                                         net103 (net)
                      0.144788    0.000240    1.807188 v load_slew104/A (sky130_fd_sc_hd__buf_8)
     7    0.039071    0.073258    0.294515    2.101703 v load_slew104/X (sky130_fd_sc_hd__buf_8)
                                                         net104 (net)
                      0.073263    0.000718    2.102421 v _402_/A_N (sky130_fd_sc_hd__nand2b_2)
     1    0.011318    0.142624    0.424612    2.527033 v _402_/Y (sky130_fd_sc_hd__nand2b_2)
                                                         _127_ (net)
                      0.142624    0.000217    2.527250 v _405_/B (sky130_fd_sc_hd__nand3_4)
     3    0.021548    0.152855    0.207409    2.734659 ^ _405_/Y (sky130_fd_sc_hd__nand3_4)
                                                         _130_ (net)
                      0.152855    0.000193    2.734852 ^ _422_/B1 (sky130_fd_sc_hd__o21ai_4)
     2    0.015550    0.116056    0.172002    2.906854 v _422_/Y (sky130_fd_sc_hd__o21ai_4)
                                                         _147_ (net)
                      0.116056    0.000348    2.907202 v _425_/B (sky130_fd_sc_hd__nor2_4)
     3    0.025167    0.286496    0.299366    3.206568 ^ _425_/Y (sky130_fd_sc_hd__nor2_4)
                                                         _150_ (net)
                      0.286499    0.000800    3.207368 ^ _430_/C (sky130_fd_sc_hd__nand4_4)
     2    0.013676    0.209584    0.332507    3.539876 v _430_/Y (sky130_fd_sc_hd__nand4_4)
                                                         _155_ (net)
                      0.209584    0.000150    3.540025 v _436_/C (sky130_fd_sc_hd__nand3_4)
     3    0.033294    0.202803    0.290709    3.830735 ^ _436_/Y (sky130_fd_sc_hd__nand3_4)
                                                         _161_ (net)
                      0.202803    0.000689    3.831424 ^ _437_/A1 (sky130_fd_sc_hd__o21bai_4)
     5    0.022738    0.154516    0.248996    4.080420 v _437_/Y (sky130_fd_sc_hd__o21bai_4)
                                                         _162_ (net)
                      0.154519    0.000846    4.081266 v _482_/B1 (sky130_fd_sc_hd__o22ai_4)
     5    0.037005    0.515643    0.495654    4.576920 ^ _482_/Y (sky130_fd_sc_hd__o22ai_4)
                                                         _203_ (net)
                      0.515646    0.000983    4.577903 ^ _483_/B (sky130_fd_sc_hd__nand2_4)
     3    0.016624    0.129612    0.268500    4.846403 v _483_/Y (sky130_fd_sc_hd__nand2_4)
                                                         _204_ (net)
                      0.129612    0.000185    4.846587 v _494_/A2_N (sky130_fd_sc_hd__o2bb2ai_4)
     1    0.009744    0.094071    0.261978    5.108565 v _494_/Y (sky130_fd_sc_hd__o2bb2ai_4)
                                                         _214_ (net)
                      0.094071    0.000144    5.108709 v _495_/B (sky130_fd_sc_hd__nand2_4)
     1    0.008207    0.091684    0.124323    5.233032 ^ _495_/Y (sky130_fd_sc_hd__nand2_4)
                                                         net79 (net)
                      0.091684    0.000080    5.233112 ^ output79/A (sky130_fd_sc_hd__buf_8)
     1    0.034912    0.105957    0.226302    5.459414 ^ output79/X (sky130_fd_sc_hd__buf_8)
                                                         S[21] (net)
                      0.105957    0.000572    5.459986 ^ S[21] (out)
                                              5.459986   data arrival time

                      0.000000    4.000000    4.000000   clock __VIRTUAL_CLK__ (rise edge)
                                  0.000000    4.000000   clock network delay (ideal)
                                 -0.250000    3.750000   clock uncertainty
                                  0.000000    3.750000   clock reconvergence pessimism
                                 -0.800000    2.950000   output external delay
                                              2.950000   data required time
---------------------------------------------------------------------------------------------
                                              2.950000   data required time
                                             -5.459986   data arrival time
---------------------------------------------------------------------------------------------
                                             -2.509986   slack (VIOLATED)




===========================================================================
 report_check_types -max_slew -max_cap -max_fanout -violators
============================================================================
======================= min_ss_100C_1v60 Corner ===================================



===========================================================================
report_parasitic_annotation -report_unannotated
============================================================================
Found 0 unannotated drivers.
Found 0 partially unannotated drivers.

===========================================================================
max slew violation count 0
max fanout violation count 0
max cap violation count 0
============================================================================

===========================================================================
check_setup -verbose -unconstrained_endpoints -multiple_clock -no_clock -no_input_delay -loops -generated_clocks
===========================================================================
