
===========================================================================
report_checks -unconstrained
===========================================================================
======================= max_tt_025C_1v80 Corner ===================================

Startpoint: sub (input port clocked by __VIRTUAL_CLK__)
Endpoint: carryOut (output port clocked by __VIRTUAL_CLK__)
Path Group: __VIRTUAL_CLK__
Path Type: max

Fanout         Cap        Slew       Delay        Time   Description
---------------------------------------------------------------------------------------------
                      0.000000    0.000000    0.000000   clock __VIRTUAL_CLK__ (rise edge)
                                  0.000000    0.000000   clock network delay (ideal)
                                  0.800000    0.800000 v input external delay
     1    0.010311    0.025141    0.017714    0.817714 v sub (in)
                                                         sub (net)
                      0.025158    0.000000    0.817714 v input65/A (sky130_fd_sc_hd__buf_12)
     4    0.026936    0.031772    0.125543    0.943257 v input65/X (sky130_fd_sc_hd__buf_12)
                                                         net65 (net)
                      0.032129    0.002425    0.945682 v fanout106/A (sky130_fd_sc_hd__buf_8)
     4    0.022581    0.032353    0.125248    1.070930 v fanout106/X (sky130_fd_sc_hd__buf_8)
                                                         net106 (net)
                      0.032405    0.001137    1.072067 v fanout104/A (sky130_fd_sc_hd__buf_6)
     2    0.007302    0.023463    0.111777    1.183844 v fanout104/X (sky130_fd_sc_hd__buf_6)
                                                         net104 (net)
                      0.023463    0.000461    1.184305 v load_slew105/A (sky130_fd_sc_hd__buf_6)
     4    0.020341    0.033680    0.121874    1.306178 v load_slew105/X (sky130_fd_sc_hd__buf_6)
                                                         net105 (net)
                      0.033990    0.002734    1.308912 v rebuffer111/A (sky130_fd_sc_hd__buf_6)
     1    0.018204    0.032847    0.124497    1.433409 v rebuffer111/X (sky130_fd_sc_hd__buf_6)
                                                         net111 (net)
                      0.032938    0.001570    1.434979 v _378_/A (sky130_fd_sc_hd__xor2_4)
     3    0.022659    0.208315    0.238656    1.673635 ^ _378_/X (sky130_fd_sc_hd__xor2_4)
                                                         _007_ (net)
                      0.208315    0.000134    1.673769 ^ rebuffer116/A (sky130_fd_sc_hd__buf_2)
     1    0.004958    0.038714    0.158255    1.832024 ^ rebuffer116/X (sky130_fd_sc_hd__buf_2)
                                                         net116 (net)
                      0.038728    0.000389    1.832413 ^ _379_/B (sky130_fd_sc_hd__nand2_2)
     2    0.009877    0.089511    0.064293    1.896706 v _379_/Y (sky130_fd_sc_hd__nand2_2)
                                                         _008_ (net)
                      0.089517    0.000606    1.897311 v _405_/A2 (sky130_fd_sc_hd__a2111o_2)
     2    0.010055    0.083706    0.532656    2.429968 v _405_/X (sky130_fd_sc_hd__a2111o_2)
                                                         _034_ (net)
                      0.083710    0.000674    2.430641 v _406_/C1 (sky130_fd_sc_hd__o211a_4)
     1    0.004876    0.039308    0.156430    2.587071 v _406_/X (sky130_fd_sc_hd__o211a_4)
                                                         _035_ (net)
                      0.039308    0.000393    2.587464 v _429_/B1 (sky130_fd_sc_hd__a41o_4)
     2    0.008618    0.044467    0.251676    2.839140 v _429_/X (sky130_fd_sc_hd__a41o_4)
                                                         _058_ (net)
                      0.044467    0.000683    2.839823 v _210_/A1 (sky130_fd_sc_hd__a21o_4)
     2    0.008932    0.038755    0.211472    3.051295 v _210_/X (sky130_fd_sc_hd__a21o_4)
                                                         _080_ (net)
                      0.038755    0.000684    3.051979 v _280_/A2 (sky130_fd_sc_hd__a211o_4)
     4    0.013165    0.062994    0.361558    3.413537 v _280_/X (sky130_fd_sc_hd__a211o_4)
                                                         _142_ (net)
                      0.063053    0.001087    3.414624 v _327_/A2 (sky130_fd_sc_hd__a2111o_2)
     2    0.009210    0.080756    0.517900    3.932524 v _327_/X (sky130_fd_sc_hd__a2111o_2)
                                                         _183_ (net)
                      0.080756    0.000861    3.933385 v _335_/A1 (sky130_fd_sc_hd__a31o_4)
     2    0.014621    0.049594    0.258201    4.191586 v _335_/X (sky130_fd_sc_hd__a31o_4)
                                                         _190_ (net)
                      0.049626    0.001211    4.192797 v _369_/A1 (sky130_fd_sc_hd__o21ai_2)
     1    0.005231    0.107296    0.146391    4.339189 ^ _369_/Y (sky130_fd_sc_hd__o21ai_2)
                                                         net98 (net)
                      0.107296    0.000263    4.339452 ^ output98/A (sky130_fd_sc_hd__buf_6)
     1    0.037402    0.082962    0.156858    4.496309 ^ output98/X (sky130_fd_sc_hd__buf_6)
                                                         carryOut (net)
                      0.083105    0.002479    4.498788 ^ carryOut (out)
                                              4.498788   data arrival time

                      0.000000    4.000000    4.000000   clock __VIRTUAL_CLK__ (rise edge)
                                  0.000000    4.000000   clock network delay (ideal)
                                 -0.250000    3.750000   clock uncertainty
                                  0.000000    3.750000   clock reconvergence pessimism
                                 -0.800000    2.950000   output external delay
                                              2.950000   data required time
---------------------------------------------------------------------------------------------
                                              2.950000   data required time
                                             -4.498788   data arrival time
---------------------------------------------------------------------------------------------
                                             -1.548789   slack (VIOLATED)




===========================================================================
report_checks --slack_max -0.01
============================================================================
======================= max_tt_025C_1v80 Corner ===================================

Startpoint: sub (input port clocked by __VIRTUAL_CLK__)
Endpoint: carryOut (output port clocked by __VIRTUAL_CLK__)
Path Group: __VIRTUAL_CLK__
Path Type: max

Fanout         Cap        Slew       Delay        Time   Description
---------------------------------------------------------------------------------------------
                      0.000000    0.000000    0.000000   clock __VIRTUAL_CLK__ (rise edge)
                                  0.000000    0.000000   clock network delay (ideal)
                                  0.800000    0.800000 v input external delay
     1    0.010311    0.025141    0.017714    0.817714 v sub (in)
                                                         sub (net)
                      0.025158    0.000000    0.817714 v input65/A (sky130_fd_sc_hd__buf_12)
     4    0.026936    0.031772    0.125543    0.943257 v input65/X (sky130_fd_sc_hd__buf_12)
                                                         net65 (net)
                      0.032129    0.002425    0.945682 v fanout106/A (sky130_fd_sc_hd__buf_8)
     4    0.022581    0.032353    0.125248    1.070930 v fanout106/X (sky130_fd_sc_hd__buf_8)
                                                         net106 (net)
                      0.032405    0.001137    1.072067 v fanout104/A (sky130_fd_sc_hd__buf_6)
     2    0.007302    0.023463    0.111777    1.183844 v fanout104/X (sky130_fd_sc_hd__buf_6)
                                                         net104 (net)
                      0.023463    0.000461    1.184305 v load_slew105/A (sky130_fd_sc_hd__buf_6)
     4    0.020341    0.033680    0.121874    1.306178 v load_slew105/X (sky130_fd_sc_hd__buf_6)
                                                         net105 (net)
                      0.033990    0.002734    1.308912 v rebuffer111/A (sky130_fd_sc_hd__buf_6)
     1    0.018204    0.032847    0.124497    1.433409 v rebuffer111/X (sky130_fd_sc_hd__buf_6)
                                                         net111 (net)
                      0.032938    0.001570    1.434979 v _378_/A (sky130_fd_sc_hd__xor2_4)
     3    0.022659    0.208315    0.238656    1.673635 ^ _378_/X (sky130_fd_sc_hd__xor2_4)
                                                         _007_ (net)
                      0.208315    0.000134    1.673769 ^ rebuffer116/A (sky130_fd_sc_hd__buf_2)
     1    0.004958    0.038714    0.158255    1.832024 ^ rebuffer116/X (sky130_fd_sc_hd__buf_2)
                                                         net116 (net)
                      0.038728    0.000389    1.832413 ^ _379_/B (sky130_fd_sc_hd__nand2_2)
     2    0.009877    0.089511    0.064293    1.896706 v _379_/Y (sky130_fd_sc_hd__nand2_2)
                                                         _008_ (net)
                      0.089517    0.000606    1.897311 v _405_/A2 (sky130_fd_sc_hd__a2111o_2)
     2    0.010055    0.083706    0.532656    2.429968 v _405_/X (sky130_fd_sc_hd__a2111o_2)
                                                         _034_ (net)
                      0.083710    0.000674    2.430641 v _406_/C1 (sky130_fd_sc_hd__o211a_4)
     1    0.004876    0.039308    0.156430    2.587071 v _406_/X (sky130_fd_sc_hd__o211a_4)
                                                         _035_ (net)
                      0.039308    0.000393    2.587464 v _429_/B1 (sky130_fd_sc_hd__a41o_4)
     2    0.008618    0.044467    0.251676    2.839140 v _429_/X (sky130_fd_sc_hd__a41o_4)
                                                         _058_ (net)
                      0.044467    0.000683    2.839823 v _210_/A1 (sky130_fd_sc_hd__a21o_4)
     2    0.008932    0.038755    0.211472    3.051295 v _210_/X (sky130_fd_sc_hd__a21o_4)
                                                         _080_ (net)
                      0.038755    0.000684    3.051979 v _280_/A2 (sky130_fd_sc_hd__a211o_4)
     4    0.013165    0.062994    0.361558    3.413537 v _280_/X (sky130_fd_sc_hd__a211o_4)
                                                         _142_ (net)
                      0.063053    0.001087    3.414624 v _327_/A2 (sky130_fd_sc_hd__a2111o_2)
     2    0.009210    0.080756    0.517900    3.932524 v _327_/X (sky130_fd_sc_hd__a2111o_2)
                                                         _183_ (net)
                      0.080756    0.000861    3.933385 v _335_/A1 (sky130_fd_sc_hd__a31o_4)
     2    0.014621    0.049594    0.258201    4.191586 v _335_/X (sky130_fd_sc_hd__a31o_4)
                                                         _190_ (net)
                      0.049626    0.001211    4.192797 v _369_/A1 (sky130_fd_sc_hd__o21ai_2)
     1    0.005231    0.107296    0.146391    4.339189 ^ _369_/Y (sky130_fd_sc_hd__o21ai_2)
                                                         net98 (net)
                      0.107296    0.000263    4.339452 ^ output98/A (sky130_fd_sc_hd__buf_6)
     1    0.037402    0.082962    0.156858    4.496309 ^ output98/X (sky130_fd_sc_hd__buf_6)
                                                         carryOut (net)
                      0.083105    0.002479    4.498788 ^ carryOut (out)
                                              4.498788   data arrival time

                      0.000000    4.000000    4.000000   clock __VIRTUAL_CLK__ (rise edge)
                                  0.000000    4.000000   clock network delay (ideal)
                                 -0.250000    3.750000   clock uncertainty
                                  0.000000    3.750000   clock reconvergence pessimism
                                 -0.800000    2.950000   output external delay
                                              2.950000   data required time
---------------------------------------------------------------------------------------------
                                              2.950000   data required time
                                             -4.498788   data arrival time
---------------------------------------------------------------------------------------------
                                             -1.548789   slack (VIOLATED)




===========================================================================
 report_check_types -max_slew -max_cap -max_fanout -violators
============================================================================
======================= max_tt_025C_1v80 Corner ===================================



===========================================================================
report_parasitic_annotation -report_unannotated
============================================================================
Found 0 unannotated drivers.
Found 0 partially unannotated drivers.

===========================================================================
max slew violation count 0
max fanout violation count 0
max cap violation count 0
============================================================================

===========================================================================
check_setup -verbose -unconstrained_endpoints -multiple_clock -no_clock -no_input_delay -loops -generated_clocks
===========================================================================
