Reading timing models for corner max_tt_025C_1v80…
Reading timing library for the 'max_tt_025C_1v80' corner at '/home/admin/.ciel/ciel/sky130/versions/8afc8346a57fe1ab7934ba5a6056ea8b43078e71/sky130A/libs.ref/sky130_fd_sc_hd/lib/sky130_fd_sc_hd__tt_025C_1v80.lib'…
Reading timing models for corner min_ss_100C_1v60…
Reading timing library for the 'min_ss_100C_1v60' corner at '/home/admin/.ciel/ciel/sky130/versions/8afc8346a57fe1ab7934ba5a6056ea8b43078e71/sky130A/libs.ref/sky130_fd_sc_hd/lib/sky130_fd_sc_hd__ss_100C_1v60.lib'…
Reading timing models for corner nom_tt_025C_1v80…
Reading timing library for the 'nom_tt_025C_1v80' corner at '/home/admin/.ciel/ciel/sky130/versions/8afc8346a57fe1ab7934ba5a6056ea8b43078e71/sky130A/libs.ref/sky130_fd_sc_hd/lib/sky130_fd_sc_hd__tt_025C_1v80.lib'…
[WARNING STA-1140] /home/admin/.ciel/ciel/sky130/versions/8afc8346a57fe1ab7934ba5a6056ea8b43078e71/sky130A/libs.ref/sky130_fd_sc_hd/lib/sky130_fd_sc_hd__tt_025C_1v80.lib line 1, library sky130_fd_sc_hd__tt_025C_1v80 already exists.
Reading timing models for corner max_ff_n40C_1v95…
Reading timing library for the 'max_ff_n40C_1v95' corner at '/home/admin/.ciel/ciel/sky130/versions/8afc8346a57fe1ab7934ba5a6056ea8b43078e71/sky130A/libs.ref/sky130_fd_sc_hd/lib/sky130_fd_sc_hd__ff_n40C_1v95.lib'…
Reading timing models for corner nom_ff_n40C_1v95…
Reading timing library for the 'nom_ff_n40C_1v95' corner at '/home/admin/.ciel/ciel/sky130/versions/8afc8346a57fe1ab7934ba5a6056ea8b43078e71/sky130A/libs.ref/sky130_fd_sc_hd/lib/sky130_fd_sc_hd__ff_n40C_1v95.lib'…
[WARNING STA-1140] /home/admin/.ciel/ciel/sky130/versions/8afc8346a57fe1ab7934ba5a6056ea8b43078e71/sky130A/libs.ref/sky130_fd_sc_hd/lib/sky130_fd_sc_hd__ff_n40C_1v95.lib line 1, library sky130_fd_sc_hd__ff_n40C_1v95 already exists.
Reading timing models for corner max_ss_100C_1v60…
Reading timing library for the 'max_ss_100C_1v60' corner at '/home/admin/.ciel/ciel/sky130/versions/8afc8346a57fe1ab7934ba5a6056ea8b43078e71/sky130A/libs.ref/sky130_fd_sc_hd/lib/sky130_fd_sc_hd__ss_100C_1v60.lib'…
[WARNING STA-1140] /home/admin/.ciel/ciel/sky130/versions/8afc8346a57fe1ab7934ba5a6056ea8b43078e71/sky130A/libs.ref/sky130_fd_sc_hd/lib/sky130_fd_sc_hd__ss_100C_1v60.lib line 1, library sky130_fd_sc_hd__ss_100C_1v60 already exists.
Reading timing models for corner min_tt_025C_1v80…
Reading timing library for the 'min_tt_025C_1v80' corner at '/home/admin/.ciel/ciel/sky130/versions/8afc8346a57fe1ab7934ba5a6056ea8b43078e71/sky130A/libs.ref/sky130_fd_sc_hd/lib/sky130_fd_sc_hd__tt_025C_1v80.lib'…
[WARNING STA-1140] /home/admin/.ciel/ciel/sky130/versions/8afc8346a57fe1ab7934ba5a6056ea8b43078e71/sky130A/libs.ref/sky130_fd_sc_hd/lib/sky130_fd_sc_hd__tt_025C_1v80.lib line 1, library sky130_fd_sc_hd__tt_025C_1v80 already exists.
Reading timing models for corner nom_ss_100C_1v60…
Reading timing library for the 'nom_ss_100C_1v60' corner at '/home/admin/.ciel/ciel/sky130/versions/8afc8346a57fe1ab7934ba5a6056ea8b43078e71/sky130A/libs.ref/sky130_fd_sc_hd/lib/sky130_fd_sc_hd__ss_100C_1v60.lib'…
[WARNING STA-1140] /home/admin/.ciel/ciel/sky130/versions/8afc8346a57fe1ab7934ba5a6056ea8b43078e71/sky130A/libs.ref/sky130_fd_sc_hd/lib/sky130_fd_sc_hd__ss_100C_1v60.lib line 1, library sky130_fd_sc_hd__ss_100C_1v60 already exists.
Reading timing models for corner min_ff_n40C_1v95…
Reading timing library for the 'min_ff_n40C_1v95' corner at '/home/admin/.ciel/ciel/sky130/versions/8afc8346a57fe1ab7934ba5a6056ea8b43078e71/sky130A/libs.ref/sky130_fd_sc_hd/lib/sky130_fd_sc_hd__ff_n40C_1v95.lib'…
[WARNING STA-1140] /home/admin/.ciel/ciel/sky130/versions/8afc8346a57fe1ab7934ba5a6056ea8b43078e71/sky130A/libs.ref/sky130_fd_sc_hd/lib/sky130_fd_sc_hd__ff_n40C_1v95.lib line 1, library sky130_fd_sc_hd__ff_n40C_1v95 already exists.
Reading OpenROAD database at '/home/admin/Documents/Projekty/Hobby/Nauka/RISC-5/.v/DDCA/code/exercises/ALUDesignIverilog/ALU/systemIverilog/build/runs/RUN_2026-09-29_09-33-51/28-openroad-globalplacement/addsub32.odb'…
Reading design constraints file at '/nix/store/33pw6r3szpqrlxwi0ri36rfq68whzq26-python3-3.13.9-env/lib/python3.13/site-packages/librelane/scripts/base.sdc'…
[WARNING STA-0366] port '__VIRTUAL_CLK__' not found.
[INFO] Using clock __VIRTUAL_CLK__…
[INFO] Setting output delay to: 0.8
[INFO] Setting input delay to: 0.8
[WARNING STA-0366] port '__VIRTUAL_CLK__' not found.
[INFO] Setting load to: 0.033442
[INFO] Setting clock uncertainty to: 0.25
[INFO] Setting clock transition to: 0.1499999999999999944488848768742172978818416595458984375
[WARNING STA-0419] transition time can not be specified for virtual clocks.
[INFO] Setting timing derate to: 5.0%
[WARNING STA-0450] virtual clock __VIRTUAL_CLK__ can not be propagated.
[INFO RSZ-0027] Inserted 65 sky130_fd_sc_hd__clkdlybuf4s25_1 input buffers.
[INFO RSZ-0028] Inserted 33 sky130_fd_sc_hd__clkdlybuf4s25_1 output buffers.
+ repair_design -verbose -max_wire_length 0.0 -slew_margin 20.0 -cap_margin 20.0
Iteration |   Area    | Resized | Buffers | Nets repaired | Remaining
---------------------------------------------------------------------
        0 |     +0.0% |       0 |       0 |             0 |       551
       10 |     +0.0% |       0 |       0 |             0 |       541
       20 |     +0.0% |       0 |       0 |             0 |       531
       30 |     +0.0% |       0 |       0 |             0 |       521
       40 |     +0.0% |       0 |       0 |             0 |       511
       50 |     +0.0% |       0 |       0 |             0 |       501
       60 |     +0.0% |       0 |       0 |             0 |       491
       70 |     +0.0% |       0 |       0 |             0 |       481
       80 |     +0.0% |       0 |       0 |             0 |       471
       90 |     +0.0% |       0 |       0 |             0 |       461
      100 |     +0.0% |       0 |       0 |             0 |       451
      110 |     +0.0% |       0 |       0 |             0 |       441
      120 |     +0.0% |       0 |       0 |             0 |       431
      130 |     +0.0% |       0 |       0 |             0 |       421
      140 |     +0.0% |       0 |       0 |             0 |       411
      150 |     +0.0% |       0 |       0 |             0 |       401
      160 |     +0.0% |       0 |       0 |             0 |       391
      170 |     +0.0% |       0 |       0 |             0 |       381
      180 |     +0.0% |       0 |       0 |             0 |       371
      190 |     +0.2% |       0 |       1 |             1 |       361
      200 |     +0.2% |       0 |       1 |             1 |       351
      210 |     +0.2% |       0 |       1 |             1 |       341
      220 |     +0.3% |       1 |       2 |             2 |       331
      230 |     +0.3% |       1 |       2 |             2 |       321
      240 |     +0.3% |       1 |       2 |             2 |       311
      250 |     +0.5% |       2 |       3 |             3 |       301
      260 |     +0.5% |       2 |       3 |             3 |       291
      270 |     +0.5% |       2 |       3 |             3 |       281
      280 |     +0.6% |       3 |       4 |             4 |       271
      290 |     +0.6% |       3 |       4 |             4 |       261
      300 |     +0.6% |       3 |       4 |             4 |       251
      310 |     +0.6% |       3 |       4 |             4 |       241
      320 |     +0.6% |       3 |       4 |             4 |       231
      330 |     +0.6% |       3 |       4 |             4 |       221
      340 |     +0.6% |       3 |       4 |             4 |       211
      350 |     +0.6% |       3 |       4 |             4 |       201
      360 |     +0.6% |       3 |       4 |             4 |       191
      370 |     +0.6% |       3 |       4 |             4 |       181
      380 |     +0.6% |       3 |       4 |             4 |       171
      390 |     +0.6% |       3 |       4 |             4 |       161
      400 |     +0.6% |       3 |       4 |             4 |       151
      410 |     +0.6% |       3 |       4 |             4 |       141
      420 |     +0.6% |       3 |       4 |             4 |       131
      430 |     +3.3% |       3 |      20 |             5 |       121
      440 |     +3.2% |       5 |      22 |             7 |       111
      450 |     +3.2% |       5 |      22 |             7 |       101
      460 |     +3.2% |       5 |      22 |             7 |        91
      470 |     +3.2% |       5 |      22 |             7 |        81
      480 |     +3.2% |       5 |      22 |             7 |        71
      490 |     +3.2% |       5 |      22 |             7 |        61
      500 |     +3.2% |       5 |      22 |             7 |        51
      510 |     +3.2% |       5 |      22 |             7 |        41
      520 |     +3.2% |       5 |      22 |             7 |        31
      530 |     +3.2% |       5 |      22 |             7 |        21
      540 |     +3.2% |       5 |      22 |             7 |        11
      550 |     +3.2% |       5 |      22 |             7 |         1
    final |     +3.2% |       5 |      22 |             7 |         0
---------------------------------------------------------------------
[INFO RSZ-0034] Found 7 slew violations.
[INFO RSZ-0035] Found 1 fanout violations.
[INFO RSZ-0039] Resized 5 instances.
[INFO RSZ-0038] Inserted 22 buffers in 7 nets.
[WARNING RSZ-0020] found 2 floating nets.
 VGND
 VPWR
+ detailed_placement -max_displacement  500 100 
Placement Analysis
---------------------------------
total displacement       2491.7 u
average displacement        3.5 u
max displacement           22.4 u
original HPWL            8301.5 u
legalized HPWL           9593.3 u
delta HPWL                   16 %

[INFO DPL-0020] Mirrored 180 instances
[INFO DPL-0021] HPWL before            9593.3 u
[INFO DPL-0022] HPWL after             9196.9 u
[INFO DPL-0023] HPWL delta               -4.1 %
Setting global connections for newly added cells…
[INFO] Setting global connections...
[INFO ODB-0403] 480 connections made, 0 conflicts skipped.
Updating metrics…
Cell type report:                       Count       Area
  Fill cell                                74     277.77
  Tap cell                                136     170.16
  Buffer                                    4      16.27
  Timing Repair Buffer                    120    1144.85
  Inverter                                 20      88.84
  Multi-Input combinational cell          364    3993.83
  Total                                   718    5691.71
Writing OpenROAD database to '/home/admin/Documents/Projekty/Hobby/Nauka/RISC-5/.v/DDCA/code/exercises/ALUDesignIverilog/ALU/systemIverilog/build/runs/RUN_2026-09-29_09-33-51/32-openroad-repairdesignpostgpl/addsub32.odb'…
Writing netlist to '/home/admin/Documents/Projekty/Hobby/Nauka/RISC-5/.v/DDCA/code/exercises/ALUDesignIverilog/ALU/systemIverilog/build/runs/RUN_2026-09-29_09-33-51/32-openroad-repairdesignpostgpl/addsub32.nl.v'…
Writing powered netlist to '/home/admin/Documents/Projekty/Hobby/Nauka/RISC-5/.v/DDCA/code/exercises/ALUDesignIverilog/ALU/systemIverilog/build/runs/RUN_2026-09-29_09-33-51/32-openroad-repairdesignpostgpl/addsub32.pnl.v'…
Writing layout to '/home/admin/Documents/Projekty/Hobby/Nauka/RISC-5/.v/DDCA/code/exercises/ALUDesignIverilog/ALU/systemIverilog/build/runs/RUN_2026-09-29_09-33-51/32-openroad-repairdesignpostgpl/addsub32.def'…
Writing timing constraints to '/home/admin/Documents/Projekty/Hobby/Nauka/RISC-5/.v/DDCA/code/exercises/ALUDesignIverilog/ALU/systemIverilog/build/runs/RUN_2026-09-29_09-33-51/32-openroad-repairdesignpostgpl/addsub32.sdc'…
