Reading timing models for corner nom_tt_025C_1v80…
Reading timing library for the 'nom_tt_025C_1v80' corner at '/home/admin/.ciel/ciel/sky130/versions/8afc8346a57fe1ab7934ba5a6056ea8b43078e71/sky130A/libs.ref/sky130_fd_sc_hd/lib/sky130_fd_sc_hd__tt_025C_1v80.lib'…
Reading OpenROAD database at '/home/admin/Documents/Projekty/Hobby/Nauka/RISC-5/.v/DDCA/code/exercises/ALUDesignIverilog/ALU/systemIverilog/build/runs/RUN_2026-09-29_09-14-42/21-openroad-generatepdn/addsub32.odb'…
Reading design constraints file at '/nix/store/33pw6r3szpqrlxwi0ri36rfq68whzq26-python3-3.13.9-env/lib/python3.13/site-packages/librelane/scripts/base.sdc'…
[WARNING STA-0366] port '__VIRTUAL_CLK__' not found.
[INFO] Using clock __VIRTUAL_CLK__…
[INFO] Setting output delay to: 0.8
[INFO] Setting input delay to: 0.8
[WARNING STA-0366] port '__VIRTUAL_CLK__' not found.
[INFO] Setting load to: 0.033442
[INFO] Setting clock uncertainty to: 0.25
[INFO] Setting clock transition to: 0.1499999999999999944488848768742172978818416595458984375
[WARNING STA-0419] transition time can not be specified for virtual clocks.
[INFO] Setting timing derate to: 5.0%
[WARNING STA-0450] virtual clock __VIRTUAL_CLK__ can not be propagated.
+ global_placement -density 0.5 -skip_io -pad_right 0 -pad_left 0 -init_wirelength_coef 0.25
[INFO GPL-0001] ---- Initialize GPL Main Data Structures
[INFO GPL-0002] DBU: 1000
[INFO GPL-0003] SiteSize: (  0.460  2.720 ) um
[INFO GPL-0004] CoreBBox: (  5.520 10.880 ) ( 119.600 122.400 ) um
[INFO GPL-0036] Movable instances area:       3911.251 um^2
[INFO GPL-0037] Total instances area:         4434.253 um^2
[INFO GPL-0035] Pin density area adjust:       322.852 um^2
[INFO GPL-0032] ---- Initialize Region: Top-level
[INFO GPL-0006] Number of instances:               636
[INFO GPL-0007] Movable instances:                 382
[INFO GPL-0008] Fixed instances:                   254
[INFO GPL-0009] Dummy instances:                     0
[INFO GPL-0010] Number of nets:                    447
[INFO GPL-0011] Number of pins:                   1435
[INFO GPL-0012] Die BBox:  (  0.000  0.000 ) ( 125.220 135.940 ) um
[INFO GPL-0013] Core BBox: (  5.520 10.880 ) ( 119.600 122.400 ) um
[INFO GPL-0016] Core area:                   12722.202 um^2
[INFO GPL-0014] Region name: top-level.
[INFO GPL-0015] Region area:                 12722.202 um^2
[INFO GPL-0017] Fixed instances area:          523.002 um^2
[INFO GPL-0018] Movable instances area:       4234.103 um^2
[INFO GPL-0019] Utilization:                    34.708 %
[INFO GPL-0020] Standard cells area:          4234.103 um^2
[INFO GPL-0021] Large instances area:            0.000 um^2
[INFO GPL-0005] ---- Execute Conjugate Gradient Initial Placement.
[INFO GPL-0051] Source of initial instance position counters:
	Odb location = 0	Core center = 382	Region center = 0
[INFO GPL-0033] ---- Initialize Nesterov Region: Top-level
[INFO GPL-0023] Placement target density:       0.5000
[INFO GPL-0024] Movable insts average area:     11.084 um^2
[INFO GPL-0025] Ideal bin area:                 22.168 um^2
[INFO GPL-0026] Ideal bin count:                   573
[INFO GPL-0027] Total bin area:              12722.202 um^2
[INFO GPL-0028] Bin count (X, Y):          16 ,     16
[INFO GPL-0029] Bin size (W * H):       7.130 *  6.970 um
[INFO GPL-0030] Number of bins:                    256
[INFO GPL-0007] ---- Execute Nesterov Global Placement.
[INFO GPL-0031] HPWL: Half-Perimeter Wirelength
Iteration | Overflow |     HPWL (um) |  HPWL(%) |   Penalty | Group
---------------------------------------------------------------
        0 |   0.9766 |  1.027130e+03 |   +0.00% |  2.07e-14 |      
       10 |   0.9741 |  6.639780e+02 |  -35.36% |  3.38e-14 |      
       20 |   0.9736 |  6.599400e+02 |   -0.61% |  5.50e-14 |      
       30 |   0.9733 |  6.588480e+02 |   -0.17% |  8.96e-14 |      
       40 |   0.9732 |  6.583270e+02 |   -0.08% |  1.46e-13 |      
       50 |   0.9733 |  6.585250e+02 |   +0.03% |  2.38e-13 |      
       60 |   0.9733 |  6.591040e+02 |   +0.09% |  3.87e-13 |      
       70 |   0.9732 |  6.603800e+02 |   +0.19% |  6.30e-13 |      
       80 |   0.9730 |  6.626200e+02 |   +0.34% |  1.03e-12 |      
       90 |   0.9726 |  6.662890e+02 |   +0.55% |  1.67e-12 |      
      100 |   0.9718 |  6.716740e+02 |   +0.81% |  2.72e-12 |      
      110 |   0.9697 |  6.794930e+02 |   +1.16% |  4.44e-12 |      
      120 |   0.9616 |  6.919410e+02 |   +1.83% |  7.23e-12 |      
      130 |   0.9401 |  7.342160e+02 |   +6.11% |  1.18e-11 |      
      140 |   0.9168 |  8.828740e+02 |  +20.25% |  1.92e-11 |      
      150 |   0.8623 |  1.065247e+03 |  +20.66% |  3.12e-11 |      
      160 |   0.8389 |  1.147121e+03 |   +7.69% |  5.09e-11 |      
      170 |   0.8238 |  1.184611e+03 |   +3.27% |  8.29e-11 |      
      180 |   0.7908 |  1.307323e+03 |  +10.36% |  1.35e-10 |      
      190 |   0.7556 |  1.471706e+03 |  +12.57% |  2.20e-10 |      
      200 |   0.7308 |  1.587870e+03 |   +7.89% |  3.58e-10 |      
      210 |   0.6984 |  1.742755e+03 |   +9.75% |  5.84e-10 |      
      220 |   0.6569 |  1.949090e+03 |  +11.84% |  9.51e-10 |      
      230 |   0.6219 |  2.055152e+03 |   +5.44% |  1.55e-09 |      
      240 |   0.5719 |  2.259686e+03 |   +9.95% |  2.52e-09 |      
      250 |   0.5329 |  2.443298e+03 |   +8.13% |  4.11e-09 |      
      260 |   0.4982 |  2.675778e+03 |   +9.52% |  6.69e-09 |      
      270 |   0.4590 |  2.860505e+03 |   +6.90% |  1.09e-08 |      
      280 |   0.4161 |  3.075574e+03 |   +7.52% |  1.78e-08 |      
      290 |   0.3713 |  3.238447e+03 |   +5.30% |  2.89e-08 |      
      300 |   0.3278 |  3.409167e+03 |   +5.27% |  4.57e-08 |      
      310 |   0.2954 |  3.489730e+03 |   +2.36% |  6.73e-08 |      
      320 |   0.2663 |  3.626008e+03 |   +3.91% |  9.92e-08 |      
      330 |   0.2336 |  3.740005e+03 |   +3.14% |  1.46e-07 |      
      340 |   0.2050 |  3.808365e+03 |   +1.83% |  2.15e-07 |      
      350 |   0.1750 |  3.879789e+03 |   +1.88% |  3.17e-07 |      
      360 |   0.1519 |  3.947309e+03 |   +1.74% |  4.67e-07 |      
      370 |   0.1242 |  3.997210e+03 |   +1.26% |  6.88e-07 |      
      380 |   0.1034 |  4.047177e+03 |   +1.25% |  1.01e-06 |      
      383 |   0.0992 |  4.074144e+03 |          |  1.18e-06 |      
---------------------------------------------------------------
[INFO GPL-1001] Global placement finished at iteration 383
[INFO GPL-1002] Placed Cell Area             4234.1028
[INFO GPL-1003] Available Free Area         12199.2000
[INFO GPL-1004] Minimum Feasible Density        0.3500 (cell_area / free_area)
[INFO GPL-1006]   Suggested Target Densities:
[INFO GPL-1007]     - For 90% usage of free space: 0.3856
[INFO GPL-1008]     - For 80% usage of free space: 0.4339
[INFO GPL-1009]     - For 50% usage of free space: 0.6942
[INFO GPL-1014] Final placement area: 4234.10 (+0.00%)
Setting global connections for newly added cells…
[INFO] Setting global connections...
[INFO ODB-0403] 0 connections made, 0 conflicts skipped.
Updating metrics…
Cell type report:                       Count       Area
  Fill cell                                82     307.80
  Tap cell                                172     215.21
  Inverter                                  7      33.78
  Multi-Input combinational cell          375    3877.47
  Total                                   636    4434.25
Writing OpenROAD database to '/home/admin/Documents/Projekty/Hobby/Nauka/RISC-5/.v/DDCA/code/exercises/ALUDesignIverilog/ALU/systemIverilog/build/runs/RUN_2026-09-29_09-14-42/24-openroad-globalplacementskipio/addsub32.odb'…
Writing netlist to '/home/admin/Documents/Projekty/Hobby/Nauka/RISC-5/.v/DDCA/code/exercises/ALUDesignIverilog/ALU/systemIverilog/build/runs/RUN_2026-09-29_09-14-42/24-openroad-globalplacementskipio/addsub32.nl.v'…
Writing powered netlist to '/home/admin/Documents/Projekty/Hobby/Nauka/RISC-5/.v/DDCA/code/exercises/ALUDesignIverilog/ALU/systemIverilog/build/runs/RUN_2026-09-29_09-14-42/24-openroad-globalplacementskipio/addsub32.pnl.v'…
Writing layout to '/home/admin/Documents/Projekty/Hobby/Nauka/RISC-5/.v/DDCA/code/exercises/ALUDesignIverilog/ALU/systemIverilog/build/runs/RUN_2026-09-29_09-14-42/24-openroad-globalplacementskipio/addsub32.def'…
Writing timing constraints to '/home/admin/Documents/Projekty/Hobby/Nauka/RISC-5/.v/DDCA/code/exercises/ALUDesignIverilog/ALU/systemIverilog/build/runs/RUN_2026-09-29_09-14-42/24-openroad-globalplacementskipio/addsub32.sdc'…
