Reading timing models for corner max_tt_025C_1v80…
Reading timing library for the 'max_tt_025C_1v80' corner at '/home/admin/.ciel/ciel/sky130/versions/8afc8346a57fe1ab7934ba5a6056ea8b43078e71/sky130A/libs.ref/sky130_fd_sc_hd/lib/sky130_fd_sc_hd__tt_025C_1v80.lib'…
Reading timing models for corner min_ss_100C_1v60…
Reading timing library for the 'min_ss_100C_1v60' corner at '/home/admin/.ciel/ciel/sky130/versions/8afc8346a57fe1ab7934ba5a6056ea8b43078e71/sky130A/libs.ref/sky130_fd_sc_hd/lib/sky130_fd_sc_hd__ss_100C_1v60.lib'…
Reading timing models for corner nom_tt_025C_1v80…
Reading timing library for the 'nom_tt_025C_1v80' corner at '/home/admin/.ciel/ciel/sky130/versions/8afc8346a57fe1ab7934ba5a6056ea8b43078e71/sky130A/libs.ref/sky130_fd_sc_hd/lib/sky130_fd_sc_hd__tt_025C_1v80.lib'…
[WARNING STA-1140] /home/admin/.ciel/ciel/sky130/versions/8afc8346a57fe1ab7934ba5a6056ea8b43078e71/sky130A/libs.ref/sky130_fd_sc_hd/lib/sky130_fd_sc_hd__tt_025C_1v80.lib line 1, library sky130_fd_sc_hd__tt_025C_1v80 already exists.
Reading timing models for corner max_ff_n40C_1v95…
Reading timing library for the 'max_ff_n40C_1v95' corner at '/home/admin/.ciel/ciel/sky130/versions/8afc8346a57fe1ab7934ba5a6056ea8b43078e71/sky130A/libs.ref/sky130_fd_sc_hd/lib/sky130_fd_sc_hd__ff_n40C_1v95.lib'…
Reading timing models for corner nom_ff_n40C_1v95…
Reading timing library for the 'nom_ff_n40C_1v95' corner at '/home/admin/.ciel/ciel/sky130/versions/8afc8346a57fe1ab7934ba5a6056ea8b43078e71/sky130A/libs.ref/sky130_fd_sc_hd/lib/sky130_fd_sc_hd__ff_n40C_1v95.lib'…
[WARNING STA-1140] /home/admin/.ciel/ciel/sky130/versions/8afc8346a57fe1ab7934ba5a6056ea8b43078e71/sky130A/libs.ref/sky130_fd_sc_hd/lib/sky130_fd_sc_hd__ff_n40C_1v95.lib line 1, library sky130_fd_sc_hd__ff_n40C_1v95 already exists.
Reading timing models for corner max_ss_100C_1v60…
Reading timing library for the 'max_ss_100C_1v60' corner at '/home/admin/.ciel/ciel/sky130/versions/8afc8346a57fe1ab7934ba5a6056ea8b43078e71/sky130A/libs.ref/sky130_fd_sc_hd/lib/sky130_fd_sc_hd__ss_100C_1v60.lib'…
[WARNING STA-1140] /home/admin/.ciel/ciel/sky130/versions/8afc8346a57fe1ab7934ba5a6056ea8b43078e71/sky130A/libs.ref/sky130_fd_sc_hd/lib/sky130_fd_sc_hd__ss_100C_1v60.lib line 1, library sky130_fd_sc_hd__ss_100C_1v60 already exists.
Reading timing models for corner min_tt_025C_1v80…
Reading timing library for the 'min_tt_025C_1v80' corner at '/home/admin/.ciel/ciel/sky130/versions/8afc8346a57fe1ab7934ba5a6056ea8b43078e71/sky130A/libs.ref/sky130_fd_sc_hd/lib/sky130_fd_sc_hd__tt_025C_1v80.lib'…
[WARNING STA-1140] /home/admin/.ciel/ciel/sky130/versions/8afc8346a57fe1ab7934ba5a6056ea8b43078e71/sky130A/libs.ref/sky130_fd_sc_hd/lib/sky130_fd_sc_hd__tt_025C_1v80.lib line 1, library sky130_fd_sc_hd__tt_025C_1v80 already exists.
Reading timing models for corner nom_ss_100C_1v60…
Reading timing library for the 'nom_ss_100C_1v60' corner at '/home/admin/.ciel/ciel/sky130/versions/8afc8346a57fe1ab7934ba5a6056ea8b43078e71/sky130A/libs.ref/sky130_fd_sc_hd/lib/sky130_fd_sc_hd__ss_100C_1v60.lib'…
[WARNING STA-1140] /home/admin/.ciel/ciel/sky130/versions/8afc8346a57fe1ab7934ba5a6056ea8b43078e71/sky130A/libs.ref/sky130_fd_sc_hd/lib/sky130_fd_sc_hd__ss_100C_1v60.lib line 1, library sky130_fd_sc_hd__ss_100C_1v60 already exists.
Reading timing models for corner min_ff_n40C_1v95…
Reading timing library for the 'min_ff_n40C_1v95' corner at '/home/admin/.ciel/ciel/sky130/versions/8afc8346a57fe1ab7934ba5a6056ea8b43078e71/sky130A/libs.ref/sky130_fd_sc_hd/lib/sky130_fd_sc_hd__ff_n40C_1v95.lib'…
[WARNING STA-1140] /home/admin/.ciel/ciel/sky130/versions/8afc8346a57fe1ab7934ba5a6056ea8b43078e71/sky130A/libs.ref/sky130_fd_sc_hd/lib/sky130_fd_sc_hd__ff_n40C_1v95.lib line 1, library sky130_fd_sc_hd__ff_n40C_1v95 already exists.
Reading OpenROAD database at '/home/admin/Documents/Projekty/Hobby/Nauka/RISC-5/.v/DDCA/code/exercises/ALUDesignIverilog/ALU/systemIverilog/build/runs/RUN_2026-09-29_09-28-25/34-openroad-detailedplacement/addsub32.odb'…
Reading design constraints file at '/nix/store/33pw6r3szpqrlxwi0ri36rfq68whzq26-python3-3.13.9-env/lib/python3.13/site-packages/librelane/scripts/base.sdc'…
[WARNING STA-0366] port '__VIRTUAL_CLK__' not found.
[INFO] Using clock __VIRTUAL_CLK__…
[INFO] Setting output delay to: 0.8
[INFO] Setting input delay to: 0.8
[WARNING STA-0366] port '__VIRTUAL_CLK__' not found.
[INFO] Setting load to: 0.033442
[INFO] Setting clock uncertainty to: 0.25
[INFO] Setting clock transition to: 0.1499999999999999944488848768742172978818416595458984375
[WARNING STA-0419] transition time can not be specified for virtual clocks.
[INFO] Setting timing derate to: 5.0%
[WARNING STA-0450] virtual clock __VIRTUAL_CLK__ can not be propagated.
[WARNING STA-0450] virtual clock __VIRTUAL_CLK__ can not be propagated.
+ repair_timing -verbose -setup -setup_margin 0.05000000000000000277555756156289135105907917022705078125 -max_buffer_percent 50.0
[INFO RSZ-0100] Repair move sequence: UnbufferMove SizeUpMove SwapPinsMove BufferMove CloneMove SplitLoadMove 
[INFO RSZ-0094] Found 33 endpoints with setup violations.
[INFO RSZ-0099] Repairing 33 out of 33 (100.00%) violating endpoints...
   Iter   | Removed | Resized | Inserted | Cloned |  Pin  |   Area   |    WNS   |   TNS      |  Viol  | Worst
          | Buffers |  Gates  | Buffers  |  Gates | Swaps |          |          |            | Endpts | Endpt
--------------------------------------------------------------------------------------------------------------
        0 |       0 |       0 |        0 |      0 |     0 |    +0.0% |   -6.780 |     -190.6 |     33 | S[21]
       10 |       1 |       8 |        0 |      0 |     0 |    -0.3% |   -5.435 |     -159.0 |     33 | S[24]
       20 |       1 |      18 |        0 |      0 |     0 |    -0.1% |   -4.918 |     -143.2 |     33 | S[24]
       30 |       1 |      28 |        0 |      0 |     0 |    +0.1% |   -4.541 |     -131.7 |     33 | S[24]
       40 |       1 |      38 |        0 |      0 |     0 |    +0.2% |   -4.285 |     -123.7 |     33 | S[29]
       50 |       1 |      48 |        0 |      0 |     0 |    +0.3% |   -4.188 |     -122.8 |     33 | S[24]
       60 |       1 |      58 |        0 |      0 |     0 |    +0.4% |   -4.169 |     -121.9 |     33 | S[22]
       70 |       1 |      68 |        0 |      0 |     0 |    +0.6% |   -4.128 |     -121.4 |     33 | S[21]
       80 |       1 |      78 |        0 |      0 |     0 |    +0.2% |   -4.113 |     -120.7 |     33 | S[19]
       90 |       1 |      88 |        0 |      0 |     0 |    +0.2% |   -3.996 |     -118.8 |     33 | S[22]
      100 |       1 |      95 |        0 |      0 |     3 |    +0.5% |   -4.036 |     -118.8 |     33 | S[21]
      110 |       1 |     102 |        1 |      0 |     5 |    +1.0% |   -3.932 |     -117.6 |     33 | S[21]
      120 |       1 |     111 |        2 |      0 |     5 |    +1.1% |   -3.873 |     -117.1 |     33 | S[23]
      130 |       1 |     119 |        2 |      0 |     7 |    +1.4% |   -3.859 |     -115.4 |     33 | S[11]
      140 |       1 |     128 |        2 |      0 |     8 |    +1.2% |   -3.422 |     -102.1 |     33 | S[21]
      150 |       1 |     137 |        2 |      0 |     9 |    +2.2% |   -3.416 |     -101.2 |     33 | S[21]
      160 |       1 |     146 |        2 |      0 |    10 |    +2.2% |   -3.359 |     -100.9 |     33 | S[23]
      170 |       1 |     154 |        4 |      0 |    10 |    +2.3% |   -3.310 |      -98.5 |     33 | S[20]
      180 |       1 |     162 |        4 |      0 |    12 |    +2.6% |   -3.244 |      -96.2 |     33 | S[24]
      190 |       1 |     171 |        4 |      0 |    13 |    +2.7% |   -3.023 |      -88.9 |     33 | S[28]
      200 |       1 |     178 |        5 |      0 |    15 |    +2.6% |   -2.926 |      -85.3 |     33 | S[21]
      210 |       1 |     185 |        5 |      0 |    18 |    +3.0% |   -2.865 |      -83.5 |     33 | S[21]
      220 |       1 |     192 |        6 |      0 |    20 |    +3.7% |   -2.764 |      -81.4 |     33 | S[23]
      230 |       1 |     200 |        8 |      0 |    20 |    +4.5% |   -2.690 |      -78.9 |     33 | S[21]
      240 |       1 |     208 |        9 |      0 |    21 |    +5.0% |   -2.676 |      -78.5 |     33 | S[31]
      250 |       1 |     214 |       12 |      0 |    23 |    +5.6% |   -2.616 |      -77.3 |     33 | S[24]
      260 |       1 |     222 |       13 |      0 |    24 |    +5.9% |   -2.559 |      -75.6 |     33 | S[31]
      270 |       1 |     229 |       13 |      0 |    27 |    +6.2% |   -2.461 |      -72.8 |     33 | S[31]
      280 |       1 |     237 |       14 |      0 |    28 |    +6.4% |   -2.444 |      -72.2 |     33 | S[24]
      290 |       1 |     243 |       18 |      0 |    29 |    +7.1% |   -2.403 |      -71.4 |     33 | S[21]
      300 |       1 |     250 |       20 |      0 |    30 |    +7.8% |   -2.366 |      -70.0 |     33 | S[21]
      303 |       1 |     252 |       21 |      0 |    30 |    +7.9% |   -2.355 |      -69.8 |     33 | S[21]
      305 |       1 |     252 |       21 |      0 |    30 |    +7.9% |   -2.355 |      -69.8 |     33 | S[21]
      310 |       1 |     253 |       24 |      0 |    31 |    +8.4% |   -2.364 |      -69.4 |     33 | S[21]
      319 |       1 |     257 |       26 |      0 |    34 |    +9.1% |   -2.355 |      -69.2 |     33 | S[21]
      320 |       1 |     257 |       26 |      0 |    34 |    +9.1% |   -2.355 |      -69.2 |     33 | S[21]
      321 |       1 |     257 |       26 |      0 |    34 |    +9.1% |   -2.355 |      -69.2 |     33 | S[21]
      328 |       1 |     257 |       28 |      0 |    35 |    +9.3% |   -2.355 |      -68.9 |     33 | S[21]
      330 |       1 |     258 |       28 |      0 |    35 |    +9.4% |   -2.356 |      -68.8 |     33 | S[21]
      338 |       1 |     257 |       28 |      0 |    35 |    +9.3% |   -2.355 |      -68.9 |     33 | S[21]
      340 |       1 |     258 |       28 |      0 |    35 |    +9.3% |   -2.355 |      -68.9 |     33 | S[21]
      350 |       1 |     263 |       29 |      0 |    39 |    +9.9% |   -2.355 |      -68.1 |     33 | S[21]
      350 |       1 |     263 |       29 |      0 |    38 |    +9.9% |   -2.355 |      -68.1 |     33 | S[21]
      355 |       1 |     264 |       29 |      0 |    38 |    +9.9% |   -2.355 |      -68.0 |     33 | S[21]
      360 |       1 |     268 |       29 |      0 |    38 |   +10.2% |   -2.376 |      -68.1 |     33 | S[21]
      369 |       1 |     273 |       30 |      0 |    39 |   +10.8% |   -2.346 |      -68.3 |     33 | S[21]
      370 |       1 |     273 |       30 |      0 |    39 |   +10.8% |   -2.346 |      -68.3 |     33 | S[21]
      380 |       1 |     281 |       31 |      0 |    40 |   +11.7% |   -2.365 |      -68.8 |     33 | S[21]
      381 |       1 |     277 |       30 |      0 |    39 |   +11.0% |   -2.346 |      -68.2 |     33 | S[21]
      390 |       1 |     283 |       31 |      0 |    40 |   +11.4% |   -2.347 |      -67.9 |     33 | S[21]
      391 |       1 |     281 |       30 |      0 |    39 |   +11.1% |   -2.346 |      -68.1 |     33 | S[21]
      400 |       1 |     286 |       31 |      0 |    41 |   +11.5% |   -2.347 |      -67.5 |     33 | S[21]
      410 |       1 |     295 |       31 |      0 |    42 |   +12.4% |   -2.367 |      -67.4 |     33 | S[21]
      412 |       1 |     284 |       30 |      0 |    39 |   +11.3% |   -2.346 |      -67.9 |     33 | S[21]
      419 |       1 |     289 |       30 |      0 |    40 |   +11.3% |   -2.346 |      -67.7 |     33 | S[21]
      420 |       1 |     289 |       30 |      0 |    40 |   +11.3% |   -2.346 |      -67.7 |     33 | S[21]
      430 |       1 |     296 |       32 |      0 |    41 |   +11.8% |   -2.347 |      -67.1 |     33 | S[21]
      434 |       1 |     289 |       30 |      0 |    40 |   +11.3% |   -2.346 |      -67.7 |     33 | S[21]
      440 |       1 |     294 |       30 |      0 |    40 |   +11.6% |   -2.419 |      -68.3 |     33 | S[21]
      450 |       1 |     298 |       33 |      0 |    43 |   +12.4% |   -2.392 |      -68.0 |     33 | S[21]
      452 |       1 |     291 |       30 |      0 |    40 |   +11.3% |   -2.346 |      -67.7 |     33 | S[21]
      460 |       1 |     297 |       30 |      0 |    41 |   +11.4% |   -2.358 |      -67.6 |     33 | S[21]
      460 |       1 |     296 |       30 |      0 |    40 |   +11.3% |   -2.346 |      -67.5 |     33 | S[21]
      468 |       1 |     300 |       31 |      0 |    40 |   +11.7% |   -2.346 |      -67.8 |     33 | S[21]
      470 |       1 |     301 |       31 |      0 |    40 |   +11.9% |   -2.367 |      -67.9 |     33 | S[21]
      480 |       1 |     310 |       31 |      0 |    41 |   +12.4% |   -2.419 |      -67.7 |     33 | S[21]
      490 |       1 |     315 |       34 |      0 |    43 |   +13.3% |   -2.400 |      -66.9 |     33 | S[21]
      492 |       1 |     300 |       31 |      0 |    40 |   +11.7% |   -2.346 |      -67.8 |     33 | S[21]
      500 |       1 |     307 |       31 |      0 |    40 |   +11.6% |   -2.346 |      -67.4 |     33 | S[21]
      510 |       1 |     314 |       33 |      0 |    41 |   +12.8% |   -2.392 |      -68.1 |     33 | S[21]
      514 |       1 |     307 |       31 |      0 |    40 |   +11.6% |   -2.346 |      -67.4 |     33 | S[21]
      520 |       1 |     311 |       32 |      0 |    40 |   +11.6% |   -2.341 |      -67.4 |     33 | S[21]
      527 |       1 |     313 |       33 |      0 |    40 |   +11.9% |   -2.338 |      -67.5 |     33 | S[21]
      530 |       1 |     315 |       33 |      0 |    40 |   +12.0% |   -2.338 |      -67.6 |     33 | S[21]
      540 |       1 |     323 |       33 |      0 |    42 |   +12.4% |   -2.339 |      -67.5 |     33 | S[21]
      550 |       1 |     327 |       37 |      0 |    44 |   +13.2% |   -2.344 |      -67.1 |     33 | S[21]
      550 |       1 |     316 |       33 |      0 |    40 |   +12.0% |   -2.338 |      -67.6 |     33 | S[21]
      560 |       1 |     325 |       33 |      0 |    40 |   +12.3% |   -2.359 |      -67.1 |     33 | S[21]
      570 |       1 |     331 |       36 |      0 |    41 |   +13.4% |   -2.405 |      -67.7 |     33 | S[21]
      570 |       1 |     317 |       33 |      0 |    40 |   +12.1% |   -2.338 |      -67.4 |     33 | S[21]
      580 |       1 |     322 |       34 |      0 |    43 |   +12.5% |   -2.362 |      -68.0 |     33 | S[21]
      588 |       1 |     320 |       33 |      0 |    40 |   +12.1% |   -2.338 |      -67.3 |     33 | S[21]
      590 |       1 |     321 |       33 |      0 |    40 |   +12.2% |   -2.338 |      -67.1 |     33 | S[21]
      600 |       1 |     327 |       37 |      0 |    40 |   +12.8% |   -2.370 |      -67.5 |     33 | S[21]
      609 |       1 |     322 |       33 |      0 |    40 |   +12.1% |   -2.338 |      -67.0 |     33 | S[21]
      610 |       1 |     322 |       33 |      0 |    40 |   +12.1% |   -2.338 |      -67.0 |     33 | S[21]
      620 |       1 |     330 |       35 |      0 |    40 |   +12.4% |   -2.352 |      -66.9 |     33 | S[21]
      630 |       1 |     337 |       37 |      0 |    41 |   +13.4% |   -2.362 |      -66.4 |     33 | S[21]
      630 |       1 |     328 |       33 |      0 |    40 |   +12.0% |   -2.338 |      -66.6 |     33 | S[21]
      640 |       1 |     336 |       34 |      0 |    40 |   +12.4% |   -2.338 |      -66.3 |     33 | S[21]
      650 |       1 |     342 |       36 |      0 |    42 |   +13.1% |   -2.379 |      -67.1 |     33 | S[24]
      658 |       1 |     335 |       34 |      0 |    40 |   +12.3% |   -2.338 |      -66.4 |     33 | S[21]
      660 |       1 |     336 |       34 |      0 |    40 |   +12.2% |   -2.338 |      -66.3 |     33 | S[21]
      670 |       1 |     345 |       36 |      0 |    40 |   +13.1% |   -2.365 |      -66.6 |     33 | S[21]
      680 |       1 |     351 |       39 |      0 |    41 |   +14.0% |   -2.373 |      -66.3 |     33 | S[21]
      680 |       1 |     337 |       34 |      0 |    40 |   +12.2% |   -2.338 |      -66.3 |     33 | S[21]
      690 |       1 |     345 |       36 |      0 |    40 |   +12.4% |   -2.338 |      -66.5 |     33 | S[21]
      700 |       1 |     352 |       39 |      0 |    40 |   +13.4% |   -2.338 |      -66.2 |     33 | S[21]
      704 |       1 |     343 |       34 |      0 |    40 |   +12.1% |   -2.338 |      -65.8 |     33 | S[21]
      710 |       1 |     348 |       34 |      0 |    40 |   +12.0% |   -2.338 |      -65.3 |     33 | S[21]
      720 |       1 |     355 |       38 |      0 |    40 |   +12.9% |   -2.342 |      -65.0 |     33 | S[21]
      730 |       1 |     360 |       42 |      0 |    41 |   +14.0% |   -2.342 |      -65.5 |     33 | S[21]
      733 |       1 |     353 |       38 |      0 |    40 |   +12.8% |   -2.338 |      -65.6 |     33 | S[21]
      740 |       1 |     359 |       38 |      0 |    40 |   +12.8% |   -2.338 |      -65.1 |     33 | S[21]
      750 |       1 |     366 |       40 |      0 |    41 |   +13.4% |   -2.338 |      -65.3 |     33 | S[21]
      760 |       1 |     374 |       40 |      0 |    43 |   +14.0% |   -2.342 |      -64.6 |     33 | S[21]
      769 |       1 |     361 |       38 |      0 |    40 |   +12.8% |   -2.338 |      -65.0 |     33 | S[21]
      770 |       1 |     361 |       38 |      0 |    40 |   +12.8% |   -2.338 |      -65.0 |     33 | S[21]
      780 |       1 |     370 |       39 |      0 |    40 |   +13.0% |   -2.338 |      -64.3 |     33 | S[21]
      790 |       1 |     380 |       39 |      0 |    40 |   +13.8% |   -2.338 |      -64.0 |     33 | S[21]
      794 |       1 |     369 |       38 |      0 |    40 |   +12.9% |   -2.338 |      -64.5 |     33 | S[21]
      800 |       1 |     374 |       38 |      0 |    40 |   +12.8% |   -2.338 |      -64.0 |     33 | S[21]
      810 |       1 |     382 |       40 |      0 |    40 |   +13.4% |   -2.338 |      -63.5 |     33 | S[21]
      815 |       1 |     377 |       38 |      0 |    40 |   +12.9% |   -2.338 |      -63.9 |     33 | S[21]
      816 |       1 |     377 |       38 |      0 |    40 |   +12.9% |   -2.338 |      -63.9 |     32 | S[21]
     817* |       1 |     377 |       38 |      0 |    40 |   +12.9% |   -2.338 |      -63.9 |     32 | S[21]
     818* |       1 |     377 |       38 |      0 |    40 |   +12.9% |   -2.338 |      -63.9 |     32 | S[21]
     819* |       1 |     377 |       38 |      0 |    40 |   +12.9% |   -2.338 |      -63.9 |     32 | S[21]
     820* |       1 |     377 |       38 |      0 |    40 |   +12.9% |   -2.338 |      -63.9 |     32 | S[21]
     820* |       1 |     377 |       38 |      0 |    40 |   +12.9% |   -2.338 |      -63.9 |     32 | S[21]
     821* |       1 |     377 |       38 |      0 |    40 |   +12.9% |   -2.338 |      -63.9 |     32 | S[21]
     822* |       1 |     377 |       38 |      0 |    40 |   +12.9% |   -2.338 |      -63.9 |     32 | S[21]
     823* |       1 |     377 |       38 |      0 |    40 |   +12.9% |   -2.338 |      -63.9 |     32 | S[21]
     824* |       1 |     377 |       38 |      0 |    40 |   +12.9% |   -2.338 |      -63.9 |     32 | S[21]
     825* |       1 |     377 |       38 |      0 |    40 |   +12.9% |   -2.338 |      -63.9 |     32 | S[21]
     826* |       1 |     377 |       38 |      0 |    40 |   +12.9% |   -2.338 |      -63.9 |     32 | S[21]
     827* |       1 |     377 |       38 |      0 |    40 |   +12.9% |   -2.338 |      -63.9 |     32 | S[21]
     828* |       1 |     377 |       38 |      0 |    40 |   +12.9% |   -2.338 |      -63.9 |     32 | S[21]
     829* |       1 |     377 |       38 |      0 |    40 |   +12.9% |   -2.338 |      -63.9 |     32 | S[21]
     830* |       1 |     377 |       38 |      0 |    40 |   +12.9% |   -2.338 |      -63.9 |     32 | S[21]
     830* |       1 |     377 |       38 |      0 |    40 |   +12.9% |   -2.338 |      -63.9 |     32 | S[21]
     831* |       1 |     377 |       38 |      0 |    40 |   +12.9% |   -2.338 |      -63.9 |     32 | S[21]
     834* |       1 |     379 |       38 |      0 |    40 |   +13.0% |   -2.338 |      -63.9 |     32 | S[21]
     835* |       1 |     379 |       38 |      0 |    40 |   +13.0% |   -2.338 |      -63.9 |     32 | S[21]
     836* |       1 |     379 |       38 |      0 |    40 |   +13.0% |   -2.338 |      -63.9 |     32 | S[21]
     840* |       1 |     382 |       38 |      0 |    40 |   +13.1% |   -2.338 |      -63.8 |     32 | S[21]
     840* |       1 |     382 |       38 |      0 |    40 |   +13.1% |   -2.338 |      -63.8 |     32 | S[21]
     841* |       1 |     382 |       38 |      0 |    40 |   +13.1% |   -2.338 |      -63.8 |     32 | S[21]
     842* |       1 |     382 |       38 |      0 |    40 |   +13.1% |   -2.338 |      -63.8 |     32 | S[21]
     843* |       1 |     382 |       38 |      0 |    40 |   +13.1% |   -2.338 |      -63.8 |     32 | S[21]
     844* |       1 |     382 |       38 |      0 |    40 |   +13.1% |   -2.338 |      -63.8 |     32 | S[21]
     845* |       1 |     382 |       38 |      0 |    40 |   +13.1% |   -2.338 |      -63.8 |     32 | S[21]
     846* |       1 |     382 |       38 |      0 |    40 |   +13.1% |   -2.338 |      -63.8 |     32 | S[21]
     847* |       1 |     382 |       38 |      0 |    40 |   +13.1% |   -2.338 |      -63.8 |     32 | S[21]
     848* |       1 |     382 |       38 |      0 |    40 |   +13.1% |   -2.338 |      -63.8 |     32 | S[21]
     850* |       1 |     383 |       38 |      0 |    40 |   +13.1% |   -2.338 |      -63.8 |     32 | S[21]
     851* |       1 |     384 |       38 |      0 |    40 |   +13.2% |   -2.338 |      -63.8 |     32 | S[21]
     852* |       1 |     384 |       38 |      0 |    40 |   +13.2% |   -2.338 |      -63.8 |     32 | S[21]
     853* |       1 |     384 |       38 |      0 |    40 |   +13.2% |   -2.338 |      -63.8 |     32 | S[21]
     854* |       1 |     384 |       38 |      0 |    40 |   +13.2% |   -2.338 |      -63.8 |     32 | S[21]
     855* |       1 |     384 |       38 |      0 |    40 |   +13.2% |   -2.338 |      -63.8 |     32 | S[21]
    final |       1 |     384 |       38 |      0 |    40 |   +13.2% |   -2.338 |      -63.8 |     32 | S[21]
--------------------------------------------------------------------------------------------------------------
[INFO RSZ-0059] Removed 1 buffers.
[INFO RSZ-0040] Inserted 38 buffers.
[INFO RSZ-0051] Resized 384 instances: 384 up, 0 up match, 0 down, 0 VT
[INFO RSZ-0043] Swapped pins on 40 instances.
[WARNING RSZ-0062] Unable to repair all setup violations.
+ repair_timing -verbose -hold -setup_margin 0.05000000000000000277555756156289135105907917022705078125 -hold_margin 0.1000000000000000055511151231257827021181583404541015625 -max_buffer_percent 50.0
[INFO RSZ-0033] No hold violations found.
+ detailed_placement -max_displacement  500 100 
Placement Analysis
---------------------------------
total displacement        778.7 u
average displacement        1.1 u
max displacement           17.7 u
original HPWL            8504.4 u
legalized HPWL           9542.5 u
delta HPWL                   12 %

[INFO DPL-0020] Mirrored 209 instances
[INFO DPL-0021] HPWL before            9542.5 u
[INFO DPL-0022] HPWL after             9071.1 u
[INFO DPL-0023] HPWL delta               -4.9 %
Setting global connections for newly added cells…
[INFO] Setting global connections...
[INFO ODB-0403] 152 connections made, 0 conflicts skipped.
Updating metrics…
Cell type report:                       Count       Area
  Fill cell                                70     262.75
  Tap cell                                129     161.40
  Timing Repair Buffer                    154    1412.60
  Inverter                                 15      61.31
  Multi-Input combinational cell          371    4111.44
  Total                                   739    6009.51
Writing OpenROAD database to '/home/admin/Documents/Projekty/Hobby/Nauka/RISC-5/.v/DDCA/code/exercises/ALUDesignIverilog/ALU/systemIverilog/build/runs/RUN_2026-09-29_09-28-25/36-openroad-resizertimingpostcts/addsub32.odb'…
Writing netlist to '/home/admin/Documents/Projekty/Hobby/Nauka/RISC-5/.v/DDCA/code/exercises/ALUDesignIverilog/ALU/systemIverilog/build/runs/RUN_2026-09-29_09-28-25/36-openroad-resizertimingpostcts/addsub32.nl.v'…
Writing powered netlist to '/home/admin/Documents/Projekty/Hobby/Nauka/RISC-5/.v/DDCA/code/exercises/ALUDesignIverilog/ALU/systemIverilog/build/runs/RUN_2026-09-29_09-28-25/36-openroad-resizertimingpostcts/addsub32.pnl.v'…
Writing layout to '/home/admin/Documents/Projekty/Hobby/Nauka/RISC-5/.v/DDCA/code/exercises/ALUDesignIverilog/ALU/systemIverilog/build/runs/RUN_2026-09-29_09-28-25/36-openroad-resizertimingpostcts/addsub32.def'…
Writing timing constraints to '/home/admin/Documents/Projekty/Hobby/Nauka/RISC-5/.v/DDCA/code/exercises/ALUDesignIverilog/ALU/systemIverilog/build/runs/RUN_2026-09-29_09-28-25/36-openroad-resizertimingpostcts/addsub32.sdc'…
