
===========================================================================
Violator List
============================================================================
[setup in-out] sub -> S[31] : -3.210284
[setup in-out] sub -> carryOut : -3.203589
[setup in-out] sub -> S[27] : -3.128372
[setup in-out] sub -> S[30] : -3.124803
[setup in-out] sub -> S[26] : -2.938032
[setup in-out] sub -> S[11] : -2.898865
[setup in-out] sub -> S[29] : -2.885470
[setup in-out] sub -> S[15] : -2.876787
[setup in-out] sub -> S[23] : -2.845879
[setup in-out] sub -> S[22] : -2.840577
[setup in-out] sub -> S[21] : -2.834292
[setup in-out] sub -> S[25] : -2.829729
[setup in-out] sub -> S[14] : -2.788185
[setup in-out] sub -> S[24] : -2.769453
[setup in-out] sub -> S[10] : -2.721861
[setup in-out] sub -> S[28] : -2.714982
[setup in-out] sub -> S[18] : -2.688045
[setup in-out] sub -> S[20] : -2.678100
[setup in-out] sub -> S[19] : -2.657537
[setup in-out] sub -> S[17] : -2.576836
[setup in-out] sub -> S[9] : -2.503168
[setup in-out] sub -> S[16] : -2.416500
[setup in-out] sub -> S[13] : -2.343909
[setup in-out] sub -> S[7] : -2.299875
[setup in-out] sub -> S[6] : -2.246537
[setup in-out] sub -> S[12] : -2.185684
[setup in-out] sub -> S[8] : -2.111115
[setup in-out] sub -> S[5] : -2.074668
[setup in-out] sub -> S[4] : -1.830690
[setup in-out] sub -> S[3] : -1.121216
[setup in-out] sub -> S[2] : -1.120287
[setup in-out] sub -> S[1] : -0.548776
Writing metric timing__hold_vio__count__corner:nom_tt_025C_1v80: 0
Writing metric timing__hold_r2r__ws__corner:nom_tt_025C_1v80: 1e30
Writing metric timing__hold_r2r_vio__count__corner:nom_tt_025C_1v80: 0
Writing metric timing__setup_vio__count__corner:nom_tt_025C_1v80: 32
Writing metric timing__setup_r2r__ws__corner:nom_tt_025C_1v80: 1e30
Writing metric timing__setup_r2r_vio__count__corner:nom_tt_025C_1v80: 0
