
===========================================================================
Violator List
============================================================================
[setup in-out] sub -> S[31] : -1.379663
[setup in-out] sub -> S[27] : -1.374704
[setup in-out] sub -> S[29] : -1.333482
[setup in-out] sub -> S[21] : -1.288000
[setup in-out] sub -> S[23] : -1.249346
[setup in-out] sub -> carryOut : -1.163241
[setup in-out] sub -> S[30] : -1.059662
[setup in-out] sub -> S[13] : -1.040553
[setup in-out] sub -> S[25] : -1.016957
[setup in-out] sub -> S[22] : -0.988379
[setup in-out] sub -> S[15] : -0.926089
[setup in-out] sub -> S[20] : -0.918430
[setup in-out] sub -> S[19] : -0.911319
[setup in-out] sub -> S[17] : -0.883175
[setup in-out] sub -> S[26] : -0.798058
[setup in-out] sub -> S[10] : -0.765956
[setup in-out] sub -> S[24] : -0.712989
[setup in-out] sub -> S[28] : -0.704519
[setup in-out] sub -> S[14] : -0.540145
[setup in-out] sub -> S[18] : -0.530834
[setup in-out] sub -> S[5] : -0.448688
[setup in-out] sub -> S[11] : -0.442302
[setup in-out] sub -> S[6] : -0.370314
[setup in-out] sub -> S[16] : -0.294758
[setup in-out] sub -> S[7] : -0.276909
[setup in-out] sub -> S[9] : -0.235749
[setup in-out] sub -> S[12] : -0.137655
[setup in-out] sub -> S[3] : -0.100504
