
===========================================================================
report_checks -path_delay min (Hold)
============================================================================
======================= nom_tt_025C_1v80 Corner ===================================

Startpoint: A[31] (input port clocked by __VIRTUAL_CLK__)
Endpoint: carryOut (output port clocked by __VIRTUAL_CLK__)
Path Group: __VIRTUAL_CLK__
Path Type: min

Fanout         Cap        Slew       Delay        Time   Description
---------------------------------------------------------------------------------------------
                      0.000000    0.000000    0.000000   clock __VIRTUAL_CLK__ (rise edge)
                                  0.000000    0.000000   clock network delay (ideal)
                                  0.800000    0.800000 v input external delay
     2    0.005719    0.015603    0.008769    0.808769 v A[31] (in)
                                                         A[31] (net)
                      0.015603    0.000000    0.808769 v _333_/A (sky130_fd_sc_hd__nand2_2)
     2    0.009143    0.058998    0.054858    0.863627 ^ _333_/Y (sky130_fd_sc_hd__nand2_2)
                                                         _188_ (net)
                      0.058998    0.000000    0.863627 ^ _369_/B1 (sky130_fd_sc_hd__o21ai_2)
     1    0.033442    0.136641    0.124257    0.987884 v _369_/Y (sky130_fd_sc_hd__o21ai_2)
                                                         carryOut (net)
                      0.136641    0.000000    0.987884 v carryOut (out)
                                              0.987884   data arrival time

                      0.000000    0.000000    0.000000   clock __VIRTUAL_CLK__ (rise edge)
                                  0.000000    0.000000   clock network delay (ideal)
                                  0.250000    0.250000   clock uncertainty
                                  0.000000    0.250000   clock reconvergence pessimism
                                 -0.800000   -0.550000   output external delay
                                             -0.550000   data required time
---------------------------------------------------------------------------------------------
                                             -0.550000   data required time
                                             -0.987884   data arrival time
---------------------------------------------------------------------------------------------
                                              1.537884   slack (MET)


Startpoint: B[0] (input port clocked by __VIRTUAL_CLK__)
Endpoint: S[0] (output port clocked by __VIRTUAL_CLK__)
Path Group: __VIRTUAL_CLK__
Path Type: min

Fanout         Cap        Slew       Delay        Time   Description
---------------------------------------------------------------------------------------------
                      0.000000    0.000000    0.000000   clock __VIRTUAL_CLK__ (rise edge)
                                  0.000000    0.000000   clock network delay (ideal)
                                  0.800000    0.800000 ^ input external delay
     3    0.020506    0.099738    0.063707    0.863707 ^ B[0] (in)
                                                         B[0] (net)
                      0.099738    0.000000    0.863707 ^ _337_/B (sky130_fd_sc_hd__xor2_2)
     1    0.033442    0.101098    0.150585    1.014292 v _337_/X (sky130_fd_sc_hd__xor2_2)
                                                         S[0] (net)
                      0.101098    0.000000    1.014292 v S[0] (out)
                                              1.014292   data arrival time

                      0.000000    0.000000    0.000000   clock __VIRTUAL_CLK__ (rise edge)
                                  0.000000    0.000000   clock network delay (ideal)
                                  0.250000    0.250000   clock uncertainty
                                  0.000000    0.250000   clock reconvergence pessimism
                                 -0.800000   -0.550000   output external delay
                                             -0.550000   data required time
---------------------------------------------------------------------------------------------
                                             -0.550000   data required time
                                             -1.014292   data arrival time
---------------------------------------------------------------------------------------------
                                              1.564292   slack (MET)


Startpoint: A[24] (input port clocked by __VIRTUAL_CLK__)
Endpoint: S[25] (output port clocked by __VIRTUAL_CLK__)
Path Group: __VIRTUAL_CLK__
Path Type: min

Fanout         Cap        Slew       Delay        Time   Description
---------------------------------------------------------------------------------------------
                      0.000000    0.000000    0.000000   clock __VIRTUAL_CLK__ (rise edge)
                                  0.000000    0.000000   clock network delay (ideal)
                                  0.800000    0.800000 ^ input external delay
     2    0.006127    0.035375    0.020378    0.820378 ^ A[24] (in)
                                                         A[24] (net)
                      0.035375    0.000000    0.820378 ^ _274_/A (sky130_fd_sc_hd__nand2_2)
     3    0.010824    0.052429    0.054355    0.874733 v _274_/Y (sky130_fd_sc_hd__nand2_2)
                                                         _136_ (net)
                      0.052429    0.000000    0.874733 v _289_/A (sky130_fd_sc_hd__nand2_2)
     1    0.008442    0.056087    0.067090    0.941823 ^ _289_/Y (sky130_fd_sc_hd__nand2_2)
                                                         _150_ (net)
                      0.056087    0.000000    0.941823 ^ _290_/B (sky130_fd_sc_hd__xnor2_2)
     1    0.033442    0.154792    0.142297    1.084120 v _290_/Y (sky130_fd_sc_hd__xnor2_2)
                                                         S[25] (net)
                      0.154792    0.000000    1.084120 v S[25] (out)
                                              1.084120   data arrival time

                      0.000000    0.000000    0.000000   clock __VIRTUAL_CLK__ (rise edge)
                                  0.000000    0.000000   clock network delay (ideal)
                                  0.250000    0.250000   clock uncertainty
                                  0.000000    0.250000   clock reconvergence pessimism
                                 -0.800000   -0.550000   output external delay
                                             -0.550000   data required time
---------------------------------------------------------------------------------------------
                                             -0.550000   data required time
                                             -1.084120   data arrival time
---------------------------------------------------------------------------------------------
                                              1.634120   slack (MET)


Startpoint: A[12] (input port clocked by __VIRTUAL_CLK__)
Endpoint: S[13] (output port clocked by __VIRTUAL_CLK__)
Path Group: __VIRTUAL_CLK__
Path Type: min

Fanout         Cap        Slew       Delay        Time   Description
---------------------------------------------------------------------------------------------
                      0.000000    0.000000    0.000000   clock __VIRTUAL_CLK__ (rise edge)
                                  0.000000    0.000000   clock network delay (ideal)
                                  0.800000    0.800000 ^ input external delay
     2    0.006127    0.035375    0.020378    0.820378 ^ A[12] (in)
                                                         A[12] (net)
                      0.035375    0.000000    0.820378 ^ _432_/A (sky130_fd_sc_hd__nand2_2)
     3    0.010817    0.052403    0.054336    0.874714 v _432_/Y (sky130_fd_sc_hd__nand2_2)
                                                         _061_ (net)
                      0.052403    0.000000    0.874714 v _362_/B1 (sky130_fd_sc_hd__o21ai_2)
     1    0.008442    0.069527    0.069240    0.943954 ^ _362_/Y (sky130_fd_sc_hd__o21ai_2)
                                                         _203_ (net)
                      0.069527    0.000000    0.943954 ^ _363_/B (sky130_fd_sc_hd__xnor2_2)
     1    0.033442    0.154994    0.145638    1.089592 v _363_/Y (sky130_fd_sc_hd__xnor2_2)
                                                         S[13] (net)
                      0.154994    0.000000    1.089592 v S[13] (out)
                                              1.089592   data arrival time

                      0.000000    0.000000    0.000000   clock __VIRTUAL_CLK__ (rise edge)
                                  0.000000    0.000000   clock network delay (ideal)
                                  0.250000    0.250000   clock uncertainty
                                  0.000000    0.250000   clock reconvergence pessimism
                                 -0.800000   -0.550000   output external delay
                                             -0.550000   data required time
---------------------------------------------------------------------------------------------
                                             -0.550000   data required time
                                             -1.089592   data arrival time
---------------------------------------------------------------------------------------------
                                              1.639591   slack (MET)


Startpoint: A[16] (input port clocked by __VIRTUAL_CLK__)
Endpoint: S[17] (output port clocked by __VIRTUAL_CLK__)
Path Group: __VIRTUAL_CLK__
Path Type: min

Fanout         Cap        Slew       Delay        Time   Description
---------------------------------------------------------------------------------------------
                      0.000000    0.000000    0.000000   clock __VIRTUAL_CLK__ (rise edge)
                                  0.000000    0.000000   clock network delay (ideal)
                                  0.800000    0.800000 ^ input external delay
     3    0.008550    0.046207    0.027814    0.827814 ^ A[16] (in)
                                                         A[16] (net)
                      0.046207    0.000000    0.827814 ^ _216_/A (sky130_fd_sc_hd__nand2_2)
     2    0.008541    0.044698    0.051568    0.879382 v _216_/Y (sky130_fd_sc_hd__nand2_2)
                                                         _086_ (net)
                      0.044698    0.000000    0.879382 v _222_/B1 (sky130_fd_sc_hd__o21ai_2)
     1    0.008442    0.069510    0.066110    0.945492 ^ _222_/Y (sky130_fd_sc_hd__o21ai_2)
                                                         _091_ (net)
                      0.069510    0.000000    0.945492 ^ _223_/B (sky130_fd_sc_hd__xnor2_2)
     1    0.033442    0.154994    0.145634    1.091125 v _223_/Y (sky130_fd_sc_hd__xnor2_2)
                                                         S[17] (net)
                      0.154994    0.000000    1.091125 v S[17] (out)
                                              1.091125   data arrival time

                      0.000000    0.000000    0.000000   clock __VIRTUAL_CLK__ (rise edge)
                                  0.000000    0.000000   clock network delay (ideal)
                                  0.250000    0.250000   clock uncertainty
                                  0.000000    0.250000   clock reconvergence pessimism
                                 -0.800000   -0.550000   output external delay
                                             -0.550000   data required time
---------------------------------------------------------------------------------------------
                                             -0.550000   data required time
                                             -1.091125   data arrival time
---------------------------------------------------------------------------------------------
                                              1.641125   slack (MET)


Startpoint: A[10] (input port clocked by __VIRTUAL_CLK__)
Endpoint: S[11] (output port clocked by __VIRTUAL_CLK__)
Path Group: __VIRTUAL_CLK__
Path Type: min

Fanout         Cap        Slew       Delay        Time   Description
---------------------------------------------------------------------------------------------
                      0.000000    0.000000    0.000000   clock __VIRTUAL_CLK__ (rise edge)
                                  0.000000    0.000000   clock network delay (ideal)
                                  0.800000    0.800000 ^ input external delay
     3    0.016020    0.079636    0.050410    0.850410 ^ A[10] (in)
                                                         A[10] (net)
                      0.079636    0.000000    0.850410 ^ _373_/A (sky130_fd_sc_hd__nand2_2)
     1    0.004237    0.035471    0.047632    0.898042 v _373_/Y (sky130_fd_sc_hd__nand2_2)
                                                         _002_ (net)
                      0.035471    0.000000    0.898042 v _359_/B1 (sky130_fd_sc_hd__o21ai_2)
     1    0.008442    0.069491    0.062362    0.960404 ^ _359_/Y (sky130_fd_sc_hd__o21ai_2)
                                                         _202_ (net)
                      0.069491    0.000000    0.960404 ^ _360_/B (sky130_fd_sc_hd__xnor2_2)
     1    0.033442    0.154994    0.145629    1.106032 v _360_/Y (sky130_fd_sc_hd__xnor2_2)
                                                         S[11] (net)
                      0.154994    0.000000    1.106032 v S[11] (out)
                                              1.106032   data arrival time

                      0.000000    0.000000    0.000000   clock __VIRTUAL_CLK__ (rise edge)
                                  0.000000    0.000000   clock network delay (ideal)
                                  0.250000    0.250000   clock uncertainty
                                  0.000000    0.250000   clock reconvergence pessimism
                                 -0.800000   -0.550000   output external delay
                                             -0.550000   data required time
---------------------------------------------------------------------------------------------
                                             -0.550000   data required time
                                             -1.106032   data arrival time
---------------------------------------------------------------------------------------------
                                              1.656032   slack (MET)


Startpoint: A[8] (input port clocked by __VIRTUAL_CLK__)
Endpoint: S[9] (output port clocked by __VIRTUAL_CLK__)
Path Group: __VIRTUAL_CLK__
Path Type: min

Fanout         Cap        Slew       Delay        Time   Description
---------------------------------------------------------------------------------------------
                      0.000000    0.000000    0.000000   clock __VIRTUAL_CLK__ (rise edge)
                                  0.000000    0.000000   clock network delay (ideal)
                                  0.800000    0.800000 ^ input external delay
     2    0.013597    0.068778    0.043227    0.843227 ^ A[8] (in)
                                                         A[8] (net)
                      0.068778    0.000000    0.843227 ^ _376_/A (sky130_fd_sc_hd__nand2_2)
     3    0.008960    0.049231    0.059013    0.902240 v _376_/Y (sky130_fd_sc_hd__nand2_2)
                                                         _005_ (net)
                      0.049231    0.000000    0.902240 v _355_/A (sky130_fd_sc_hd__nand2_2)
     1    0.008442    0.056035    0.065804    0.968044 ^ _355_/Y (sky130_fd_sc_hd__nand2_2)
                                                         _200_ (net)
                      0.056035    0.000000    0.968044 ^ _356_/B (sky130_fd_sc_hd__xnor2_2)
     1    0.033442    0.154791    0.142284    1.110328 v _356_/Y (sky130_fd_sc_hd__xnor2_2)
                                                         S[9] (net)
                      0.154791    0.000000    1.110328 v S[9] (out)
                                              1.110328   data arrival time

                      0.000000    0.000000    0.000000   clock __VIRTUAL_CLK__ (rise edge)
                                  0.000000    0.000000   clock network delay (ideal)
                                  0.250000    0.250000   clock uncertainty
                                  0.000000    0.250000   clock reconvergence pessimism
                                 -0.800000   -0.550000   output external delay
                                             -0.550000   data required time
---------------------------------------------------------------------------------------------
                                             -0.550000   data required time
                                             -1.110328   data arrival time
---------------------------------------------------------------------------------------------
                                              1.660328   slack (MET)


Startpoint: A[31] (input port clocked by __VIRTUAL_CLK__)
Endpoint: S[31] (output port clocked by __VIRTUAL_CLK__)
Path Group: __VIRTUAL_CLK__
Path Type: min

Fanout         Cap        Slew       Delay        Time   Description
---------------------------------------------------------------------------------------------
                      0.000000    0.000000    0.000000   clock __VIRTUAL_CLK__ (rise edge)
                                  0.000000    0.000000   clock network delay (ideal)
                                  0.800000    0.800000 ^ input external delay
     2    0.006127    0.035375    0.020378    0.820378 ^ A[31] (in)
                                                         A[31] (net)
                      0.035375    0.000000    0.820378 ^ _333_/A (sky130_fd_sc_hd__nand2_2)
     2    0.008452    0.043823    0.047956    0.868334 v _333_/Y (sky130_fd_sc_hd__nand2_2)
                                                         _188_ (net)
                      0.043823    0.000000    0.868334 v _334_/B (sky130_fd_sc_hd__nand2_2)
     2    0.014446    0.085913    0.092408    0.960742 ^ _334_/Y (sky130_fd_sc_hd__nand2_2)
                                                         _189_ (net)
                      0.085913    0.000000    0.960742 ^ _336_/A (sky130_fd_sc_hd__xor2_2)
     1    0.033442    0.101078    0.151903    1.112645 v _336_/X (sky130_fd_sc_hd__xor2_2)
                                                         S[31] (net)
                      0.101078    0.000000    1.112645 v S[31] (out)
                                              1.112645   data arrival time

                      0.000000    0.000000    0.000000   clock __VIRTUAL_CLK__ (rise edge)
                                  0.000000    0.000000   clock network delay (ideal)
                                  0.250000    0.250000   clock uncertainty
                                  0.000000    0.250000   clock reconvergence pessimism
                                 -0.800000   -0.550000   output external delay
                                             -0.550000   data required time
---------------------------------------------------------------------------------------------
                                             -0.550000   data required time
                                             -1.112645   data arrival time
---------------------------------------------------------------------------------------------
                                              1.662645   slack (MET)


Startpoint: A[12] (input port clocked by __VIRTUAL_CLK__)
Endpoint: S[12] (output port clocked by __VIRTUAL_CLK__)
Path Group: __VIRTUAL_CLK__
Path Type: min

Fanout         Cap        Slew       Delay        Time   Description
---------------------------------------------------------------------------------------------
                      0.000000    0.000000    0.000000   clock __VIRTUAL_CLK__ (rise edge)
                                  0.000000    0.000000   clock network delay (ideal)
                                  0.800000    0.800000 ^ input external delay
     2    0.006127    0.035375    0.020378    0.820378 ^ A[12] (in)
                                                         A[12] (net)
                      0.035375    0.000000    0.820378 ^ _432_/A (sky130_fd_sc_hd__nand2_2)
     3    0.010817    0.052403    0.054336    0.874714 v _432_/Y (sky130_fd_sc_hd__nand2_2)
                                                         _061_ (net)
                      0.052403    0.000000    0.874714 v _434_/A (sky130_fd_sc_hd__nand2_2)
     4    0.016424    0.095290    0.093828    0.968542 ^ _434_/Y (sky130_fd_sc_hd__nand2_2)
                                                         _063_ (net)
                      0.095290    0.000000    0.968542 ^ _361_/B (sky130_fd_sc_hd__xor2_2)
     1    0.033442    0.101080    0.149161    1.117703 v _361_/X (sky130_fd_sc_hd__xor2_2)
                                                         S[12] (net)
                      0.101080    0.000000    1.117703 v S[12] (out)
                                              1.117703   data arrival time

                      0.000000    0.000000    0.000000   clock __VIRTUAL_CLK__ (rise edge)
                                  0.000000    0.000000   clock network delay (ideal)
                                  0.250000    0.250000   clock uncertainty
                                  0.000000    0.250000   clock reconvergence pessimism
                                 -0.800000   -0.550000   output external delay
                                             -0.550000   data required time
---------------------------------------------------------------------------------------------
                                             -0.550000   data required time
                                             -1.117703   data arrival time
---------------------------------------------------------------------------------------------
                                              1.667703   slack (MET)


Startpoint: A[1] (input port clocked by __VIRTUAL_CLK__)
Endpoint: S[2] (output port clocked by __VIRTUAL_CLK__)
Path Group: __VIRTUAL_CLK__
Path Type: min

Fanout         Cap        Slew       Delay        Time   Description
---------------------------------------------------------------------------------------------
                      0.000000    0.000000    0.000000   clock __VIRTUAL_CLK__ (rise edge)
                                  0.000000    0.000000   clock network delay (ideal)
                                  0.800000    0.800000 ^ input external delay
     4    0.020690    0.100562    0.064253    0.864253 ^ A[1] (in)
                                                         A[1] (net)
                      0.100562    0.000000    0.864253 ^ _418_/A1 (sky130_fd_sc_hd__a21oi_2)
     1    0.004304    0.030206    0.059122    0.923375 v _418_/Y (sky130_fd_sc_hd__a21oi_2)
                                                         _047_ (net)
                      0.030206    0.000000    0.923375 v _340_/A (sky130_fd_sc_hd__nand2_2)
     1    0.008442    0.055723    0.058149    0.981524 ^ _340_/Y (sky130_fd_sc_hd__nand2_2)
                                                         _192_ (net)
                      0.055723    0.000000    0.981524 ^ _341_/B (sky130_fd_sc_hd__xnor2_2)
     1    0.033442    0.154786    0.142207    1.123730 v _341_/Y (sky130_fd_sc_hd__xnor2_2)
                                                         S[2] (net)
                      0.154786    0.000000    1.123730 v S[2] (out)
                                              1.123730   data arrival time

                      0.000000    0.000000    0.000000   clock __VIRTUAL_CLK__ (rise edge)
                                  0.000000    0.000000   clock network delay (ideal)
                                  0.250000    0.250000   clock uncertainty
                                  0.000000    0.250000   clock reconvergence pessimism
                                 -0.800000   -0.550000   output external delay
                                             -0.550000   data required time
---------------------------------------------------------------------------------------------
                                             -0.550000   data required time
                                             -1.123730   data arrival time
---------------------------------------------------------------------------------------------
                                              1.673730   slack (MET)


Startpoint: A[5] (input port clocked by __VIRTUAL_CLK__)
Endpoint: S[6] (output port clocked by __VIRTUAL_CLK__)
Path Group: __VIRTUAL_CLK__
Path Type: min

Fanout         Cap        Slew       Delay        Time   Description
---------------------------------------------------------------------------------------------
                      0.000000    0.000000    0.000000   clock __VIRTUAL_CLK__ (rise edge)
                                  0.000000    0.000000   clock network delay (ideal)
                                  0.800000    0.800000 ^ input external delay
     4    0.020703    0.100620    0.064291    0.864291 ^ A[5] (in)
                                                         A[5] (net)
                      0.100620    0.000000    0.864291 ^ _391_/A (sky130_fd_sc_hd__nand2_2)
     1    0.004237    0.039645    0.052016    0.916307 v _391_/Y (sky130_fd_sc_hd__nand2_2)
                                                         _020_ (net)
                      0.039645    0.000000    0.916307 v _348_/B1 (sky130_fd_sc_hd__o21ai_2)
     1    0.008442    0.069499    0.064058    0.980365 ^ _348_/Y (sky130_fd_sc_hd__o21ai_2)
                                                         _196_ (net)
                      0.069499    0.000000    0.980365 ^ _349_/B (sky130_fd_sc_hd__xnor2_2)
     1    0.033442    0.154994    0.145631    1.125996 v _349_/Y (sky130_fd_sc_hd__xnor2_2)
                                                         S[6] (net)
                      0.154994    0.000000    1.125996 v S[6] (out)
                                              1.125996   data arrival time

                      0.000000    0.000000    0.000000   clock __VIRTUAL_CLK__ (rise edge)
                                  0.000000    0.000000   clock network delay (ideal)
                                  0.250000    0.250000   clock uncertainty
                                  0.000000    0.250000   clock reconvergence pessimism
                                 -0.800000   -0.550000   output external delay
                                             -0.550000   data required time
---------------------------------------------------------------------------------------------
                                             -0.550000   data required time
                                             -1.125996   data arrival time
---------------------------------------------------------------------------------------------
                                              1.675996   slack (MET)


Startpoint: A[8] (input port clocked by __VIRTUAL_CLK__)
Endpoint: S[8] (output port clocked by __VIRTUAL_CLK__)
Path Group: __VIRTUAL_CLK__
Path Type: min

Fanout         Cap        Slew       Delay        Time   Description
---------------------------------------------------------------------------------------------
                      0.000000    0.000000    0.000000   clock __VIRTUAL_CLK__ (rise edge)
                                  0.000000    0.000000   clock network delay (ideal)
                                  0.800000    0.800000 ^ input external delay
     2    0.013597    0.068778    0.043227    0.843227 ^ A[8] (in)
                                                         A[8] (net)
                      0.068778    0.000000    0.843227 ^ _377_/A (sky130_fd_sc_hd__xnor2_2)
     3    0.012553    0.079660    0.133556    0.976783 ^ _377_/Y (sky130_fd_sc_hd__xnor2_2)
                                                         _006_ (net)
                      0.079660    0.000000    0.976783 ^ _354_/A (sky130_fd_sc_hd__xor2_2)
     1    0.033442    0.101089    0.150087    1.126870 v _354_/X (sky130_fd_sc_hd__xor2_2)
                                                         S[8] (net)
                      0.101089    0.000000    1.126870 v S[8] (out)
                                              1.126870   data arrival time

                      0.000000    0.000000    0.000000   clock __VIRTUAL_CLK__ (rise edge)
                                  0.000000    0.000000   clock network delay (ideal)
                                  0.250000    0.250000   clock uncertainty
                                  0.000000    0.250000   clock reconvergence pessimism
                                 -0.800000   -0.550000   output external delay
                                             -0.550000   data required time
---------------------------------------------------------------------------------------------
                                             -0.550000   data required time
                                             -1.126870   data arrival time
---------------------------------------------------------------------------------------------
                                              1.676870   slack (MET)


Startpoint: A[19] (input port clocked by __VIRTUAL_CLK__)
Endpoint: S[19] (output port clocked by __VIRTUAL_CLK__)
Path Group: __VIRTUAL_CLK__
Path Type: min

Fanout         Cap        Slew       Delay        Time   Description
---------------------------------------------------------------------------------------------
                      0.000000    0.000000    0.000000   clock __VIRTUAL_CLK__ (rise edge)
                                  0.000000    0.000000   clock network delay (ideal)
                                  0.800000    0.800000 ^ input external delay
     2    0.009132    0.048809    0.029600    0.829600 ^ A[19] (in)
                                                         A[19] (net)
                      0.048809    0.000000    0.829600 ^ _236_/A (sky130_fd_sc_hd__nand3_2)
     2    0.006610    0.060605    0.061401    0.891001 v _236_/Y (sky130_fd_sc_hd__nand3_2)
                                                         _103_ (net)
                      0.060605    0.000000    0.891001 v _237_/B (sky130_fd_sc_hd__nand2b_2)
     2    0.010946    0.074821    0.088594    0.979594 ^ _237_/Y (sky130_fd_sc_hd__nand2b_2)
                                                         _104_ (net)
                      0.074821    0.000000    0.979594 ^ _241_/A (sky130_fd_sc_hd__xor2_2)
     1    0.033442    0.101068    0.148682    1.128276 v _241_/X (sky130_fd_sc_hd__xor2_2)
                                                         S[19] (net)
                      0.101068    0.000000    1.128276 v S[19] (out)
                                              1.128276   data arrival time

                      0.000000    0.000000    0.000000   clock __VIRTUAL_CLK__ (rise edge)
                                  0.000000    0.000000   clock network delay (ideal)
                                  0.250000    0.250000   clock uncertainty
                                  0.000000    0.250000   clock reconvergence pessimism
                                 -0.800000   -0.550000   output external delay
                                             -0.550000   data required time
---------------------------------------------------------------------------------------------
                                             -0.550000   data required time
                                             -1.128276   data arrival time
---------------------------------------------------------------------------------------------
                                              1.678276   slack (MET)


Startpoint: A[28] (input port clocked by __VIRTUAL_CLK__)
Endpoint: S[29] (output port clocked by __VIRTUAL_CLK__)
Path Group: __VIRTUAL_CLK__
Path Type: min

Fanout         Cap        Slew       Delay        Time   Description
---------------------------------------------------------------------------------------------
                      0.000000    0.000000    0.000000   clock __VIRTUAL_CLK__ (rise edge)
                                  0.000000    0.000000   clock network delay (ideal)
                                  0.800000    0.800000 ^ input external delay
     3    0.018727    0.091766    0.058434    0.858434 ^ A[28] (in)
                                                         A[28] (net)
                      0.091766    0.000000    0.858434 ^ _320_/A1_N (sky130_fd_sc_hd__o2bb2ai_2)
     1    0.008442    0.079523    0.123322    0.981755 ^ _320_/Y (sky130_fd_sc_hd__o2bb2ai_2)
                                                         _177_ (net)
                      0.079523    0.000000    0.981755 ^ _321_/B (sky130_fd_sc_hd__xnor2_2)
     1    0.033442    0.155145    0.148122    1.129878 v _321_/Y (sky130_fd_sc_hd__xnor2_2)
                                                         S[29] (net)
                      0.155145    0.000000    1.129878 v S[29] (out)
                                              1.129878   data arrival time

                      0.000000    0.000000    0.000000   clock __VIRTUAL_CLK__ (rise edge)
                                  0.000000    0.000000   clock network delay (ideal)
                                  0.250000    0.250000   clock uncertainty
                                  0.000000    0.250000   clock reconvergence pessimism
                                 -0.800000   -0.550000   output external delay
                                             -0.550000   data required time
---------------------------------------------------------------------------------------------
                                             -0.550000   data required time
                                             -1.129878   data arrival time
---------------------------------------------------------------------------------------------
                                              1.679878   slack (MET)


Startpoint: A[4] (input port clocked by __VIRTUAL_CLK__)
Endpoint: S[4] (output port clocked by __VIRTUAL_CLK__)
Path Group: __VIRTUAL_CLK__
Path Type: min

Fanout         Cap        Slew       Delay        Time   Description
---------------------------------------------------------------------------------------------
                      0.000000    0.000000    0.000000   clock __VIRTUAL_CLK__ (rise edge)
                                  0.000000    0.000000   clock network delay (ideal)
                                  0.800000    0.800000 ^ input external delay
     2    0.013597    0.068778    0.043227    0.843227 ^ A[4] (in)
                                                         A[4] (net)
                      0.068778    0.000000    0.843227 ^ _400_/A (sky130_fd_sc_hd__xnor2_2)
     3    0.013405    0.083659    0.136366    0.979593 ^ _400_/Y (sky130_fd_sc_hd__xnor2_2)
                                                         _029_ (net)
                      0.083659    0.000000    0.979593 ^ _345_/A (sky130_fd_sc_hd__xor2_2)
     1    0.033442    0.101095    0.151248    1.130841 v _345_/X (sky130_fd_sc_hd__xor2_2)
                                                         S[4] (net)
                      0.101095    0.000000    1.130841 v S[4] (out)
                                              1.130841   data arrival time

                      0.000000    0.000000    0.000000   clock __VIRTUAL_CLK__ (rise edge)
                                  0.000000    0.000000   clock network delay (ideal)
                                  0.250000    0.250000   clock uncertainty
                                  0.000000    0.250000   clock reconvergence pessimism
                                 -0.800000   -0.550000   output external delay
                                             -0.550000   data required time
---------------------------------------------------------------------------------------------
                                             -0.550000   data required time
                                             -1.130841   data arrival time
---------------------------------------------------------------------------------------------
                                              1.680841   slack (MET)


Startpoint: A[7] (input port clocked by __VIRTUAL_CLK__)
Endpoint: S[7] (output port clocked by __VIRTUAL_CLK__)
Path Group: __VIRTUAL_CLK__
Path Type: min

Fanout         Cap        Slew       Delay        Time   Description
---------------------------------------------------------------------------------------------
                      0.000000    0.000000    0.000000   clock __VIRTUAL_CLK__ (rise edge)
                                  0.000000    0.000000   clock network delay (ideal)
                                  0.800000    0.800000 ^ input external delay
     3    0.015430    0.076992    0.048661    0.848661 ^ A[7] (in)
                                                         A[7] (net)
                      0.076992    0.000000    0.848661 ^ _401_/A (sky130_fd_sc_hd__xnor2_2)
     2    0.010542    0.070278    0.129011    0.977672 ^ _401_/Y (sky130_fd_sc_hd__xnor2_2)
                                                         _030_ (net)
                      0.070278    0.000000    0.977672 ^ _351_/A (sky130_fd_sc_hd__xnor2_2)
     1    0.033442    0.154813    0.154772    1.132444 v _351_/Y (sky130_fd_sc_hd__xnor2_2)
                                                         S[7] (net)
                      0.154813    0.000000    1.132444 v S[7] (out)
                                              1.132444   data arrival time

                      0.000000    0.000000    0.000000   clock __VIRTUAL_CLK__ (rise edge)
                                  0.000000    0.000000   clock network delay (ideal)
                                  0.250000    0.250000   clock uncertainty
                                  0.000000    0.250000   clock reconvergence pessimism
                                 -0.800000   -0.550000   output external delay
                                             -0.550000   data required time
---------------------------------------------------------------------------------------------
                                             -0.550000   data required time
                                             -1.132444   data arrival time
---------------------------------------------------------------------------------------------
                                              1.682444   slack (MET)


Startpoint: A[16] (input port clocked by __VIRTUAL_CLK__)
Endpoint: S[16] (output port clocked by __VIRTUAL_CLK__)
Path Group: __VIRTUAL_CLK__
Path Type: min

Fanout         Cap        Slew       Delay        Time   Description
---------------------------------------------------------------------------------------------
                      0.000000    0.000000    0.000000   clock __VIRTUAL_CLK__ (rise edge)
                                  0.000000    0.000000   clock network delay (ideal)
                                  0.800000    0.800000 ^ input external delay
     3    0.008550    0.046207    0.027814    0.827814 ^ A[16] (in)
                                                         A[16] (net)
                      0.046207    0.000000    0.827814 ^ _216_/A (sky130_fd_sc_hd__nand2_2)
     2    0.008541    0.044698    0.051568    0.879382 v _216_/Y (sky130_fd_sc_hd__nand2_2)
                                                         _086_ (net)
                      0.044698    0.000000    0.879382 v _218_/A (sky130_fd_sc_hd__nand2_2)
     4    0.019537    0.110712    0.101142    0.980523 ^ _218_/Y (sky130_fd_sc_hd__nand2_2)
                                                         _088_ (net)
                      0.110712    0.000000    0.980523 ^ _219_/B (sky130_fd_sc_hd__xor2_2)
     1    0.033442    0.101113    0.154098    1.134622 v _219_/X (sky130_fd_sc_hd__xor2_2)
                                                         S[16] (net)
                      0.101113    0.000000    1.134622 v S[16] (out)
                                              1.134622   data arrival time

                      0.000000    0.000000    0.000000   clock __VIRTUAL_CLK__ (rise edge)
                                  0.000000    0.000000   clock network delay (ideal)
                                  0.250000    0.250000   clock uncertainty
                                  0.000000    0.250000   clock reconvergence pessimism
                                 -0.800000   -0.550000   output external delay
                                             -0.550000   data required time
---------------------------------------------------------------------------------------------
                                             -0.550000   data required time
                                             -1.134622   data arrival time
---------------------------------------------------------------------------------------------
                                              1.684621   slack (MET)


Startpoint: A[2] (input port clocked by __VIRTUAL_CLK__)
Endpoint: S[3] (output port clocked by __VIRTUAL_CLK__)
Path Group: __VIRTUAL_CLK__
Path Type: min

Fanout         Cap        Slew       Delay        Time   Description
---------------------------------------------------------------------------------------------
                      0.000000    0.000000    0.000000   clock __VIRTUAL_CLK__ (rise edge)
                                  0.000000    0.000000   clock network delay (ideal)
                                  0.800000    0.800000 ^ input external delay
     2    0.006154    0.035496    0.020461    0.820461 ^ A[2] (in)
                                                         A[2] (net)
                      0.035496    0.000000    0.820461 ^ _420_/B1 (sky130_fd_sc_hd__a21oi_2)
     3    0.007642    0.027382    0.033280    0.853741 v _420_/Y (sky130_fd_sc_hd__a21oi_2)
                                                         _049_ (net)
                      0.027382    0.000000    0.853741 v _342_/B1 (sky130_fd_sc_hd__a21oi_2)
     1    0.008442    0.134051    0.123887    0.977627 ^ _342_/Y (sky130_fd_sc_hd__a21oi_2)
                                                         _193_ (net)
                      0.134051    0.000000    0.977627 ^ _343_/B (sky130_fd_sc_hd__xnor2_2)
     1    0.033442    0.155589    0.161481    1.139108 v _343_/Y (sky130_fd_sc_hd__xnor2_2)
                                                         S[3] (net)
                      0.155589    0.000000    1.139108 v S[3] (out)
                                              1.139108   data arrival time

                      0.000000    0.000000    0.000000   clock __VIRTUAL_CLK__ (rise edge)
                                  0.000000    0.000000   clock network delay (ideal)
                                  0.250000    0.250000   clock uncertainty
                                  0.000000    0.250000   clock reconvergence pessimism
                                 -0.800000   -0.550000   output external delay
                                             -0.550000   data required time
---------------------------------------------------------------------------------------------
                                             -0.550000   data required time
                                             -1.139108   data arrival time
---------------------------------------------------------------------------------------------
                                              1.689108   slack (MET)


Startpoint: A[17] (input port clocked by __VIRTUAL_CLK__)
Endpoint: S[18] (output port clocked by __VIRTUAL_CLK__)
Path Group: __VIRTUAL_CLK__
Path Type: min

Fanout         Cap        Slew       Delay        Time   Description
---------------------------------------------------------------------------------------------
                      0.000000    0.000000    0.000000   clock __VIRTUAL_CLK__ (rise edge)
                                  0.000000    0.000000   clock network delay (ideal)
                                  0.800000    0.800000 ^ input external delay
     4    0.020588    0.100105    0.063950    0.863950 ^ A[17] (in)
                                                         A[17] (net)
                      0.100105    0.000000    0.863950 ^ _231_/A1 (sky130_fd_sc_hd__a211oi_2)
     1    0.007837    0.038039    0.082807    0.946757 v _231_/Y (sky130_fd_sc_hd__a211oi_2)
                                                         _099_ (net)
                      0.038039    0.000000    0.946757 v _232_/B (sky130_fd_sc_hd__xor2_2)
     1    0.033442    0.101105    0.193957    1.140714 v _232_/X (sky130_fd_sc_hd__xor2_2)
                                                         S[18] (net)
                      0.101105    0.000000    1.140714 v S[18] (out)
                                              1.140714   data arrival time

                      0.000000    0.000000    0.000000   clock __VIRTUAL_CLK__ (rise edge)
                                  0.000000    0.000000   clock network delay (ideal)
                                  0.250000    0.250000   clock uncertainty
                                  0.000000    0.250000   clock reconvergence pessimism
                                 -0.800000   -0.550000   output external delay
                                             -0.550000   data required time
---------------------------------------------------------------------------------------------
                                             -0.550000   data required time
                                             -1.140714   data arrival time
---------------------------------------------------------------------------------------------
                                              1.690714   slack (MET)


Startpoint: A[26] (input port clocked by __VIRTUAL_CLK__)
Endpoint: S[26] (output port clocked by __VIRTUAL_CLK__)
Path Group: __VIRTUAL_CLK__
Path Type: min

Fanout         Cap        Slew       Delay        Time   Description
---------------------------------------------------------------------------------------------
                      0.000000    0.000000    0.000000   clock __VIRTUAL_CLK__ (rise edge)
                                  0.000000    0.000000   clock network delay (ideal)
                                  0.800000    0.800000 ^ input external delay
     2    0.009132    0.048809    0.029600    0.829600 ^ A[26] (in)
                                                         A[26] (net)
                      0.048809    0.000000    0.829600 ^ _294_/A (sky130_fd_sc_hd__nand3_2)
     2    0.006675    0.060959    0.061656    0.891256 v _294_/Y (sky130_fd_sc_hd__nand3_2)
                                                         _154_ (net)
                      0.060959    0.000000    0.891256 v _295_/B (sky130_fd_sc_hd__nand2b_2)
     3    0.014092    0.090824    0.099280    0.990537 ^ _295_/Y (sky130_fd_sc_hd__nand2b_2)
                                                         _155_ (net)
                      0.090824    0.000000    0.990537 ^ _298_/A (sky130_fd_sc_hd__xnor2_2)
     1    0.033442    0.154994    0.159937    1.150474 v _298_/Y (sky130_fd_sc_hd__xnor2_2)
                                                         S[26] (net)
                      0.154994    0.000000    1.150474 v S[26] (out)
                                              1.150474   data arrival time

                      0.000000    0.000000    0.000000   clock __VIRTUAL_CLK__ (rise edge)
                                  0.000000    0.000000   clock network delay (ideal)
                                  0.250000    0.250000   clock uncertainty
                                  0.000000    0.250000   clock reconvergence pessimism
                                 -0.800000   -0.550000   output external delay
                                             -0.550000   data required time
---------------------------------------------------------------------------------------------
                                             -0.550000   data required time
                                             -1.150474   data arrival time
---------------------------------------------------------------------------------------------
                                              1.700474   slack (MET)


Startpoint: A[30] (input port clocked by __VIRTUAL_CLK__)
Endpoint: S[30] (output port clocked by __VIRTUAL_CLK__)
Path Group: __VIRTUAL_CLK__
Path Type: min

Fanout         Cap        Slew       Delay        Time   Description
---------------------------------------------------------------------------------------------
                      0.000000    0.000000    0.000000   clock __VIRTUAL_CLK__ (rise edge)
                                  0.000000    0.000000   clock network delay (ideal)
                                  0.800000    0.800000 v input external delay
     2    0.008375    0.021363    0.012854    0.812854 v A[30] (in)
                                                         A[30] (net)
                      0.021363    0.000000    0.812854 v _325_/A (sky130_fd_sc_hd__nand3_2)
     2    0.004147    0.037874    0.042404    0.855258 ^ _325_/Y (sky130_fd_sc_hd__nand3_2)
                                                         _181_ (net)
                      0.037874    0.000000    0.855258 ^ _326_/B (sky130_fd_sc_hd__and2b_2)
     1    0.009040    0.063662    0.145929    1.001187 ^ _326_/X (sky130_fd_sc_hd__and2b_2)
                                                         _182_ (net)
                      0.063662    0.000000    1.001187 ^ _330_/A (sky130_fd_sc_hd__xnor2_2)
     1    0.033442    0.154905    0.153109    1.154297 v _330_/Y (sky130_fd_sc_hd__xnor2_2)
                                                         S[30] (net)
                      0.154905    0.000000    1.154297 v S[30] (out)
                                              1.154297   data arrival time

                      0.000000    0.000000    0.000000   clock __VIRTUAL_CLK__ (rise edge)
                                  0.000000    0.000000   clock network delay (ideal)
                                  0.250000    0.250000   clock uncertainty
                                  0.000000    0.250000   clock reconvergence pessimism
                                 -0.800000   -0.550000   output external delay
                                             -0.550000   data required time
---------------------------------------------------------------------------------------------
                                             -0.550000   data required time
                                             -1.154297   data arrival time
---------------------------------------------------------------------------------------------
                                              1.704296   slack (MET)


Startpoint: A[1] (input port clocked by __VIRTUAL_CLK__)
Endpoint: S[1] (output port clocked by __VIRTUAL_CLK__)
Path Group: __VIRTUAL_CLK__
Path Type: min

Fanout         Cap        Slew       Delay        Time   Description
---------------------------------------------------------------------------------------------
                      0.000000    0.000000    0.000000   clock __VIRTUAL_CLK__ (rise edge)
                                  0.000000    0.000000   clock network delay (ideal)
                                  0.800000    0.800000 ^ input external delay
     4    0.020690    0.100562    0.064253    0.864253 ^ A[1] (in)
                                                         A[1] (net)
                      0.100562    0.000000    0.864253 ^ _423_/A (sky130_fd_sc_hd__xnor2_2)
     2    0.010597    0.070694    0.135181    0.999434 ^ _423_/Y (sky130_fd_sc_hd__xnor2_2)
                                                         _052_ (net)
                      0.070694    0.000000    0.999434 ^ _339_/A (sky130_fd_sc_hd__xnor2_2)
     1    0.033442    0.155275    0.154877    1.154310 v _339_/Y (sky130_fd_sc_hd__xnor2_2)
                                                         S[1] (net)
                      0.155275    0.000000    1.154310 v S[1] (out)
                                              1.154310   data arrival time

                      0.000000    0.000000    0.000000   clock __VIRTUAL_CLK__ (rise edge)
                                  0.000000    0.000000   clock network delay (ideal)
                                  0.250000    0.250000   clock uncertainty
                                  0.000000    0.250000   clock reconvergence pessimism
                                 -0.800000   -0.550000   output external delay
                                             -0.550000   data required time
---------------------------------------------------------------------------------------------
                                             -0.550000   data required time
                                             -1.154310   data arrival time
---------------------------------------------------------------------------------------------
                                              1.704310   slack (MET)


Startpoint: A[5] (input port clocked by __VIRTUAL_CLK__)
Endpoint: S[5] (output port clocked by __VIRTUAL_CLK__)
Path Group: __VIRTUAL_CLK__
Path Type: min

Fanout         Cap        Slew       Delay        Time   Description
---------------------------------------------------------------------------------------------
                      0.000000    0.000000    0.000000   clock __VIRTUAL_CLK__ (rise edge)
                                  0.000000    0.000000   clock network delay (ideal)
                                  0.800000    0.800000 ^ input external delay
     4    0.020703    0.100620    0.064291    0.864291 ^ A[5] (in)
                                                         A[5] (net)
                      0.100620    0.000000    0.864291 ^ _393_/A (sky130_fd_sc_hd__xnor2_2)
     3    0.012429    0.079268    0.141259    1.005550 ^ _393_/Y (sky130_fd_sc_hd__xnor2_2)
                                                         _022_ (net)
                      0.079268    0.000000    1.005550 ^ _347_/A (sky130_fd_sc_hd__xor2_2)
     1    0.033442    0.101089    0.149973    1.155523 v _347_/X (sky130_fd_sc_hd__xor2_2)
                                                         S[5] (net)
                      0.101089    0.000000    1.155523 v S[5] (out)
                                              1.155523   data arrival time

                      0.000000    0.000000    0.000000   clock __VIRTUAL_CLK__ (rise edge)
                                  0.000000    0.000000   clock network delay (ideal)
                                  0.250000    0.250000   clock uncertainty
                                  0.000000    0.250000   clock reconvergence pessimism
                                 -0.800000   -0.550000   output external delay
                                             -0.550000   data required time
---------------------------------------------------------------------------------------------
                                             -0.550000   data required time
                                             -1.155523   data arrival time
---------------------------------------------------------------------------------------------
                                              1.705523   slack (MET)


Startpoint: A[22] (input port clocked by __VIRTUAL_CLK__)
Endpoint: S[22] (output port clocked by __VIRTUAL_CLK__)
Path Group: __VIRTUAL_CLK__
Path Type: min

Fanout         Cap        Slew       Delay        Time   Description
---------------------------------------------------------------------------------------------
                      0.000000    0.000000    0.000000   clock __VIRTUAL_CLK__ (rise edge)
                                  0.000000    0.000000   clock network delay (ideal)
                                  0.800000    0.800000 ^ input external delay
     3    0.018208    0.089440    0.056896    0.856896 ^ A[22] (in)
                                                         A[22] (net)
                      0.089440    0.000000    0.856896 ^ _257_/A (sky130_fd_sc_hd__xnor2_2)
     2    0.013730    0.085296    0.142711    0.999607 ^ _257_/Y (sky130_fd_sc_hd__xnor2_2)
                                                         _121_ (net)
                      0.085296    0.000000    0.999607 ^ _262_/A (sky130_fd_sc_hd__xnor2_2)
     1    0.033442    0.154825    0.158547    1.158154 v _262_/Y (sky130_fd_sc_hd__xnor2_2)
                                                         S[22] (net)
                      0.154825    0.000000    1.158154 v S[22] (out)
                                              1.158154   data arrival time

                      0.000000    0.000000    0.000000   clock __VIRTUAL_CLK__ (rise edge)
                                  0.000000    0.000000   clock network delay (ideal)
                                  0.250000    0.250000   clock uncertainty
                                  0.000000    0.250000   clock reconvergence pessimism
                                 -0.800000   -0.550000   output external delay
                                             -0.550000   data required time
---------------------------------------------------------------------------------------------
                                             -0.550000   data required time
                                             -1.158154   data arrival time
---------------------------------------------------------------------------------------------
                                              1.708154   slack (MET)


Startpoint: A[20] (input port clocked by __VIRTUAL_CLK__)
Endpoint: S[20] (output port clocked by __VIRTUAL_CLK__)
Path Group: __VIRTUAL_CLK__
Path Type: min

Fanout         Cap        Slew       Delay        Time   Description
---------------------------------------------------------------------------------------------
                      0.000000    0.000000    0.000000   clock __VIRTUAL_CLK__ (rise edge)
                                  0.000000    0.000000   clock network delay (ideal)
                                  0.800000    0.800000 ^ input external delay
     4    0.014521    0.072918    0.045966    0.845966 ^ A[20] (in)
                                                         A[20] (net)
                      0.072918    0.000000    0.845966 ^ _245_/A (sky130_fd_sc_hd__xnor2_2)
     3    0.018252    0.106421    0.153414    0.999380 ^ _245_/Y (sky130_fd_sc_hd__xnor2_2)
                                                         _111_ (net)
                      0.106421    0.000000    0.999380 ^ _249_/A (sky130_fd_sc_hd__xnor2_2)
     1    0.033442    0.155604    0.163858    1.163238 v _249_/Y (sky130_fd_sc_hd__xnor2_2)
                                                         S[20] (net)
                      0.155604    0.000000    1.163238 v S[20] (out)
                                              1.163238   data arrival time

                      0.000000    0.000000    0.000000   clock __VIRTUAL_CLK__ (rise edge)
                                  0.000000    0.000000   clock network delay (ideal)
                                  0.250000    0.250000   clock uncertainty
                                  0.000000    0.250000   clock reconvergence pessimism
                                 -0.800000   -0.550000   output external delay
                                             -0.550000   data required time
---------------------------------------------------------------------------------------------
                                             -0.550000   data required time
                                             -1.163238   data arrival time
---------------------------------------------------------------------------------------------
                                              1.713238   slack (MET)


Startpoint: A[10] (input port clocked by __VIRTUAL_CLK__)
Endpoint: S[10] (output port clocked by __VIRTUAL_CLK__)
Path Group: __VIRTUAL_CLK__
Path Type: min

Fanout         Cap        Slew       Delay        Time   Description
---------------------------------------------------------------------------------------------
                      0.000000    0.000000    0.000000   clock __VIRTUAL_CLK__ (rise edge)
                                  0.000000    0.000000   clock network delay (ideal)
                                  0.800000    0.800000 ^ input external delay
     3    0.016020    0.079636    0.050410    0.850410 ^ A[10] (in)
                                                         A[10] (net)
                      0.079636    0.000000    0.850410 ^ _374_/A (sky130_fd_sc_hd__xnor2_2)
     4    0.018875    0.109366    0.157196    1.007606 ^ _374_/Y (sky130_fd_sc_hd__xnor2_2)
                                                         _003_ (net)
                      0.109366    0.000000    1.007606 ^ _358_/A (sky130_fd_sc_hd__xor2_2)
     1    0.033442    0.101128    0.158713    1.166319 v _358_/X (sky130_fd_sc_hd__xor2_2)
                                                         S[10] (net)
                      0.101128    0.000000    1.166319 v S[10] (out)
                                              1.166319   data arrival time

                      0.000000    0.000000    0.000000   clock __VIRTUAL_CLK__ (rise edge)
                                  0.000000    0.000000   clock network delay (ideal)
                                  0.250000    0.250000   clock uncertainty
                                  0.000000    0.250000   clock reconvergence pessimism
                                 -0.800000   -0.550000   output external delay
                                             -0.550000   data required time
---------------------------------------------------------------------------------------------
                                             -0.550000   data required time
                                             -1.166319   data arrival time
---------------------------------------------------------------------------------------------
                                              1.716319   slack (MET)


Startpoint: A[23] (input port clocked by __VIRTUAL_CLK__)
Endpoint: S[23] (output port clocked by __VIRTUAL_CLK__)
Path Group: __VIRTUAL_CLK__
Path Type: min

Fanout         Cap        Slew       Delay        Time   Description
---------------------------------------------------------------------------------------------
                      0.000000    0.000000    0.000000   clock __VIRTUAL_CLK__ (rise edge)
                                  0.000000    0.000000   clock network delay (ideal)
                                  0.800000    0.800000 v input external delay
     2    0.005523    0.015178    0.008468    0.808468 v A[23] (in)
                                                         A[23] (net)
                      0.015178    0.000000    0.808468 v _266_/B1 (sky130_fd_sc_hd__a21oi_2)
     2    0.002934    0.071436    0.079051    0.887518 ^ _266_/Y (sky130_fd_sc_hd__a21oi_2)
                                                         _129_ (net)
                      0.071436    0.000000    0.887518 ^ _267_/B (sky130_fd_sc_hd__or2_2)
     2    0.010478    0.065997    0.126565    1.014084 ^ _267_/X (sky130_fd_sc_hd__or2_2)
                                                         _130_ (net)
                      0.065997    0.000000    1.014084 ^ _271_/A (sky130_fd_sc_hd__xnor2_2)
     1    0.033442    0.154752    0.153696    1.167780 v _271_/Y (sky130_fd_sc_hd__xnor2_2)
                                                         S[23] (net)
                      0.154752    0.000000    1.167780 v S[23] (out)
                                              1.167780   data arrival time

                      0.000000    0.000000    0.000000   clock __VIRTUAL_CLK__ (rise edge)
                                  0.000000    0.000000   clock network delay (ideal)
                                  0.250000    0.250000   clock uncertainty
                                  0.000000    0.250000   clock reconvergence pessimism
                                 -0.800000   -0.550000   output external delay
                                             -0.550000   data required time
---------------------------------------------------------------------------------------------
                                             -0.550000   data required time
                                             -1.167780   data arrival time
---------------------------------------------------------------------------------------------
                                              1.717780   slack (MET)


Startpoint: A[28] (input port clocked by __VIRTUAL_CLK__)
Endpoint: S[28] (output port clocked by __VIRTUAL_CLK__)
Path Group: __VIRTUAL_CLK__
Path Type: min

Fanout         Cap        Slew       Delay        Time   Description
---------------------------------------------------------------------------------------------
                      0.000000    0.000000    0.000000   clock __VIRTUAL_CLK__ (rise edge)
                                  0.000000    0.000000   clock network delay (ideal)
                                  0.800000    0.800000 ^ input external delay
     3    0.018727    0.091766    0.058434    0.858434 ^ A[28] (in)
                                                         A[28] (net)
                      0.091766    0.000000    0.858434 ^ _308_/A (sky130_fd_sc_hd__xnor2_2)
     3    0.017047    0.100844    0.154272    1.012706 ^ _308_/Y (sky130_fd_sc_hd__xnor2_2)
                                                         _166_ (net)
                      0.100844    0.000000    1.012706 ^ _313_/A (sky130_fd_sc_hd__xor2_2)
     1    0.033442    0.101117    0.156238    1.168944 v _313_/X (sky130_fd_sc_hd__xor2_2)
                                                         S[28] (net)
                      0.101117    0.000000    1.168944 v S[28] (out)
                                              1.168944   data arrival time

                      0.000000    0.000000    0.000000   clock __VIRTUAL_CLK__ (rise edge)
                                  0.000000    0.000000   clock network delay (ideal)
                                  0.250000    0.250000   clock uncertainty
                                  0.000000    0.250000   clock reconvergence pessimism
                                 -0.800000   -0.550000   output external delay
                                             -0.550000   data required time
---------------------------------------------------------------------------------------------
                                             -0.550000   data required time
                                             -1.168944   data arrival time
---------------------------------------------------------------------------------------------
                                              1.718944   slack (MET)


Startpoint: A[21] (input port clocked by __VIRTUAL_CLK__)
Endpoint: S[21] (output port clocked by __VIRTUAL_CLK__)
Path Group: __VIRTUAL_CLK__
Path Type: min

Fanout         Cap        Slew       Delay        Time   Description
---------------------------------------------------------------------------------------------
                      0.000000    0.000000    0.000000   clock __VIRTUAL_CLK__ (rise edge)
                                  0.000000    0.000000   clock network delay (ideal)
                                  0.800000    0.800000 ^ input external delay
     3    0.016605    0.082257    0.052144    0.852144 ^ A[21] (in)
                                                         A[21] (net)
                      0.082257    0.000000    0.852144 ^ _251_/A (sky130_fd_sc_hd__xnor2_2)
     3    0.018455    0.107405    0.156484    1.008627 ^ _251_/Y (sky130_fd_sc_hd__xnor2_2)
                                                         _116_ (net)
                      0.107405    0.000000    1.008627 ^ _253_/A (sky130_fd_sc_hd__xnor2_2)
     1    0.033442    0.154753    0.164105    1.172732 v _253_/Y (sky130_fd_sc_hd__xnor2_2)
                                                         S[21] (net)
                      0.154753    0.000000    1.172732 v S[21] (out)
                                              1.172732   data arrival time

                      0.000000    0.000000    0.000000   clock __VIRTUAL_CLK__ (rise edge)
                                  0.000000    0.000000   clock network delay (ideal)
                                  0.250000    0.250000   clock uncertainty
                                  0.000000    0.250000   clock reconvergence pessimism
                                 -0.800000   -0.550000   output external delay
                                             -0.550000   data required time
---------------------------------------------------------------------------------------------
                                             -0.550000   data required time
                                             -1.172732   data arrival time
---------------------------------------------------------------------------------------------
                                              1.722732   slack (MET)


Startpoint: A[27] (input port clocked by __VIRTUAL_CLK__)
Endpoint: S[27] (output port clocked by __VIRTUAL_CLK__)
Path Group: __VIRTUAL_CLK__
Path Type: min

Fanout         Cap        Slew       Delay        Time   Description
---------------------------------------------------------------------------------------------
                      0.000000    0.000000    0.000000   clock __VIRTUAL_CLK__ (rise edge)
                                  0.000000    0.000000   clock network delay (ideal)
                                  0.800000    0.800000 v input external delay
     2    0.005523    0.015178    0.008468    0.808468 v A[27] (in)
                                                         A[27] (net)
                      0.015178    0.000000    0.808468 v _302_/B1 (sky130_fd_sc_hd__a21oi_2)
     2    0.004000    0.083513    0.087177    0.895645 ^ _302_/Y (sky130_fd_sc_hd__a21oi_2)
                                                         _161_ (net)
                      0.083513    0.000000    0.895645 ^ _303_/B (sky130_fd_sc_hd__or2_2)
     2    0.011860    0.072564    0.135778    1.031423 ^ _303_/X (sky130_fd_sc_hd__or2_2)
                                                         _162_ (net)
                      0.072564    0.000000    1.031423 ^ _306_/A (sky130_fd_sc_hd__xor2_2)
     1    0.033442    0.101110    0.148026    1.179449 v _306_/X (sky130_fd_sc_hd__xor2_2)
                                                         S[27] (net)
                      0.101110    0.000000    1.179449 v S[27] (out)
                                              1.179449   data arrival time

                      0.000000    0.000000    0.000000   clock __VIRTUAL_CLK__ (rise edge)
                                  0.000000    0.000000   clock network delay (ideal)
                                  0.250000    0.250000   clock uncertainty
                                  0.000000    0.250000   clock reconvergence pessimism
                                 -0.800000   -0.550000   output external delay
                                             -0.550000   data required time
---------------------------------------------------------------------------------------------
                                             -0.550000   data required time
                                             -1.179449   data arrival time
---------------------------------------------------------------------------------------------
                                              1.729449   slack (MET)


Startpoint: A[15] (input port clocked by __VIRTUAL_CLK__)
Endpoint: S[15] (output port clocked by __VIRTUAL_CLK__)
Path Group: __VIRTUAL_CLK__
Path Type: min

Fanout         Cap        Slew       Delay        Time   Description
---------------------------------------------------------------------------------------------
                      0.000000    0.000000    0.000000   clock __VIRTUAL_CLK__ (rise edge)
                                  0.000000    0.000000   clock network delay (ideal)
                                  0.800000    0.800000 v input external delay
     2    0.005523    0.015178    0.008468    0.808468 v A[15] (in)
                                                         A[15] (net)
                      0.015178    0.000000    0.808468 v _448_/B1 (sky130_fd_sc_hd__a21oi_2)
     2    0.004000    0.083513    0.087177    0.895645 ^ _448_/Y (sky130_fd_sc_hd__a21oi_2)
                                                         _077_ (net)
                      0.083513    0.000000    0.895645 ^ _208_/B (sky130_fd_sc_hd__or2_2)
     2    0.010476    0.066037    0.130819    1.026463 ^ _208_/X (sky130_fd_sc_hd__or2_2)
                                                         _078_ (net)
                      0.066037    0.000000    1.026463 ^ _368_/A (sky130_fd_sc_hd__xnor2_2)
     1    0.033442    0.154994    0.153706    1.180169 v _368_/Y (sky130_fd_sc_hd__xnor2_2)
                                                         S[15] (net)
                      0.154994    0.000000    1.180169 v S[15] (out)
                                              1.180169   data arrival time

                      0.000000    0.000000    0.000000   clock __VIRTUAL_CLK__ (rise edge)
                                  0.000000    0.000000   clock network delay (ideal)
                                  0.250000    0.250000   clock uncertainty
                                  0.000000    0.250000   clock reconvergence pessimism
                                 -0.800000   -0.550000   output external delay
                                             -0.550000   data required time
---------------------------------------------------------------------------------------------
                                             -0.550000   data required time
                                             -1.180169   data arrival time
---------------------------------------------------------------------------------------------
                                              1.730169   slack (MET)


Startpoint: A[14] (input port clocked by __VIRTUAL_CLK__)
Endpoint: S[14] (output port clocked by __VIRTUAL_CLK__)
Path Group: __VIRTUAL_CLK__
Path Type: min

Fanout         Cap        Slew       Delay        Time   Description
---------------------------------------------------------------------------------------------
                      0.000000    0.000000    0.000000   clock __VIRTUAL_CLK__ (rise edge)
                                  0.000000    0.000000   clock network delay (ideal)
                                  0.800000    0.800000 v input external delay
     2    0.005523    0.015178    0.008468    0.808468 v A[14] (in)
                                                         A[14] (net)
                      0.015178    0.000000    0.808468 v _443_/B1 (sky130_fd_sc_hd__a21oi_2)
     2    0.004000    0.083513    0.087177    0.895645 ^ _443_/Y (sky130_fd_sc_hd__a21oi_2)
                                                         _072_ (net)
                      0.083513    0.000000    0.895645 ^ _444_/B (sky130_fd_sc_hd__or2_2)
     3    0.015717    0.091461    0.148774    1.044419 ^ _444_/X (sky130_fd_sc_hd__or2_2)
                                                         _073_ (net)
                      0.091461    0.000000    1.044419 ^ _366_/A (sky130_fd_sc_hd__xnor2_2)
     1    0.033442    0.154788    0.160097    1.204516 v _366_/Y (sky130_fd_sc_hd__xnor2_2)
                                                         S[14] (net)
                      0.154788    0.000000    1.204516 v S[14] (out)
                                              1.204516   data arrival time

                      0.000000    0.000000    0.000000   clock __VIRTUAL_CLK__ (rise edge)
                                  0.000000    0.000000   clock network delay (ideal)
                                  0.250000    0.250000   clock uncertainty
                                  0.000000    0.250000   clock reconvergence pessimism
                                 -0.800000   -0.550000   output external delay
                                             -0.550000   data required time
---------------------------------------------------------------------------------------------
                                             -0.550000   data required time
                                             -1.204516   data arrival time
---------------------------------------------------------------------------------------------
                                              1.754516   slack (MET)


Startpoint: A[24] (input port clocked by __VIRTUAL_CLK__)
Endpoint: S[24] (output port clocked by __VIRTUAL_CLK__)
Path Group: __VIRTUAL_CLK__
Path Type: min

Fanout         Cap        Slew       Delay        Time   Description
---------------------------------------------------------------------------------------------
                      0.000000    0.000000    0.000000   clock __VIRTUAL_CLK__ (rise edge)
                                  0.000000    0.000000   clock network delay (ideal)
                                  0.800000    0.800000 ^ input external delay
     2    0.006127    0.035375    0.020378    0.820378 ^ A[24] (in)
                                                         A[24] (net)
                      0.035375    0.000000    0.820378 ^ _274_/A (sky130_fd_sc_hd__nand2_2)
     3    0.010824    0.052429    0.054355    0.874733 v _274_/Y (sky130_fd_sc_hd__nand2_2)
                                                         _136_ (net)
                      0.052429    0.000000    0.874733 v _275_/B (sky130_fd_sc_hd__nand2_2)
     3    0.006494    0.047769    0.069326    0.944059 ^ _275_/Y (sky130_fd_sc_hd__nand2_2)
                                                         _137_ (net)
                      0.047769    0.000000    0.944059 ^ _282_/B1 (sky130_fd_sc_hd__a21o_2)
     4    0.013878    0.077577    0.113833    1.057892 ^ _282_/X (sky130_fd_sc_hd__a21o_2)
                                                         _144_ (net)
                      0.077577    0.000000    1.057892 ^ _283_/B (sky130_fd_sc_hd__and2b_2)
     1    0.033442    0.175017    0.238529    1.296421 ^ _283_/X (sky130_fd_sc_hd__and2b_2)
                                                         S[24] (net)
                      0.175017    0.000000    1.296421 ^ S[24] (out)
                                              1.296421   data arrival time

                      0.000000    0.000000    0.000000   clock __VIRTUAL_CLK__ (rise edge)
                                  0.000000    0.000000   clock network delay (ideal)
                                  0.250000    0.250000   clock uncertainty
                                  0.000000    0.250000   clock reconvergence pessimism
                                 -0.800000   -0.550000   output external delay
                                             -0.550000   data required time
---------------------------------------------------------------------------------------------
                                             -0.550000   data required time
                                             -1.296421   data arrival time
---------------------------------------------------------------------------------------------
                                              1.846421   slack (MET)



