Reading timing models for corner max_tt_025C_1v80…
Reading timing library for the 'max_tt_025C_1v80' corner at '/home/admin/.ciel/ciel/sky130/versions/8afc8346a57fe1ab7934ba5a6056ea8b43078e71/sky130A/libs.ref/sky130_fd_sc_hd/lib/sky130_fd_sc_hd__tt_025C_1v80.lib'…
Reading timing models for corner min_ss_100C_1v60…
Reading timing library for the 'min_ss_100C_1v60' corner at '/home/admin/.ciel/ciel/sky130/versions/8afc8346a57fe1ab7934ba5a6056ea8b43078e71/sky130A/libs.ref/sky130_fd_sc_hd/lib/sky130_fd_sc_hd__ss_100C_1v60.lib'…
Reading timing models for corner nom_tt_025C_1v80…
Reading timing library for the 'nom_tt_025C_1v80' corner at '/home/admin/.ciel/ciel/sky130/versions/8afc8346a57fe1ab7934ba5a6056ea8b43078e71/sky130A/libs.ref/sky130_fd_sc_hd/lib/sky130_fd_sc_hd__tt_025C_1v80.lib'…
[WARNING STA-1140] /home/admin/.ciel/ciel/sky130/versions/8afc8346a57fe1ab7934ba5a6056ea8b43078e71/sky130A/libs.ref/sky130_fd_sc_hd/lib/sky130_fd_sc_hd__tt_025C_1v80.lib line 1, library sky130_fd_sc_hd__tt_025C_1v80 already exists.
Reading timing models for corner max_ff_n40C_1v95…
Reading timing library for the 'max_ff_n40C_1v95' corner at '/home/admin/.ciel/ciel/sky130/versions/8afc8346a57fe1ab7934ba5a6056ea8b43078e71/sky130A/libs.ref/sky130_fd_sc_hd/lib/sky130_fd_sc_hd__ff_n40C_1v95.lib'…
Reading timing models for corner nom_ff_n40C_1v95…
Reading timing library for the 'nom_ff_n40C_1v95' corner at '/home/admin/.ciel/ciel/sky130/versions/8afc8346a57fe1ab7934ba5a6056ea8b43078e71/sky130A/libs.ref/sky130_fd_sc_hd/lib/sky130_fd_sc_hd__ff_n40C_1v95.lib'…
[WARNING STA-1140] /home/admin/.ciel/ciel/sky130/versions/8afc8346a57fe1ab7934ba5a6056ea8b43078e71/sky130A/libs.ref/sky130_fd_sc_hd/lib/sky130_fd_sc_hd__ff_n40C_1v95.lib line 1, library sky130_fd_sc_hd__ff_n40C_1v95 already exists.
Reading timing models for corner max_ss_100C_1v60…
Reading timing library for the 'max_ss_100C_1v60' corner at '/home/admin/.ciel/ciel/sky130/versions/8afc8346a57fe1ab7934ba5a6056ea8b43078e71/sky130A/libs.ref/sky130_fd_sc_hd/lib/sky130_fd_sc_hd__ss_100C_1v60.lib'…
[WARNING STA-1140] /home/admin/.ciel/ciel/sky130/versions/8afc8346a57fe1ab7934ba5a6056ea8b43078e71/sky130A/libs.ref/sky130_fd_sc_hd/lib/sky130_fd_sc_hd__ss_100C_1v60.lib line 1, library sky130_fd_sc_hd__ss_100C_1v60 already exists.
Reading timing models for corner min_tt_025C_1v80…
Reading timing library for the 'min_tt_025C_1v80' corner at '/home/admin/.ciel/ciel/sky130/versions/8afc8346a57fe1ab7934ba5a6056ea8b43078e71/sky130A/libs.ref/sky130_fd_sc_hd/lib/sky130_fd_sc_hd__tt_025C_1v80.lib'…
[WARNING STA-1140] /home/admin/.ciel/ciel/sky130/versions/8afc8346a57fe1ab7934ba5a6056ea8b43078e71/sky130A/libs.ref/sky130_fd_sc_hd/lib/sky130_fd_sc_hd__tt_025C_1v80.lib line 1, library sky130_fd_sc_hd__tt_025C_1v80 already exists.
Reading timing models for corner nom_ss_100C_1v60…
Reading timing library for the 'nom_ss_100C_1v60' corner at '/home/admin/.ciel/ciel/sky130/versions/8afc8346a57fe1ab7934ba5a6056ea8b43078e71/sky130A/libs.ref/sky130_fd_sc_hd/lib/sky130_fd_sc_hd__ss_100C_1v60.lib'…
[WARNING STA-1140] /home/admin/.ciel/ciel/sky130/versions/8afc8346a57fe1ab7934ba5a6056ea8b43078e71/sky130A/libs.ref/sky130_fd_sc_hd/lib/sky130_fd_sc_hd__ss_100C_1v60.lib line 1, library sky130_fd_sc_hd__ss_100C_1v60 already exists.
Reading timing models for corner min_ff_n40C_1v95…
Reading timing library for the 'min_ff_n40C_1v95' corner at '/home/admin/.ciel/ciel/sky130/versions/8afc8346a57fe1ab7934ba5a6056ea8b43078e71/sky130A/libs.ref/sky130_fd_sc_hd/lib/sky130_fd_sc_hd__ff_n40C_1v95.lib'…
[WARNING STA-1140] /home/admin/.ciel/ciel/sky130/versions/8afc8346a57fe1ab7934ba5a6056ea8b43078e71/sky130A/libs.ref/sky130_fd_sc_hd/lib/sky130_fd_sc_hd__ff_n40C_1v95.lib line 1, library sky130_fd_sc_hd__ff_n40C_1v95 already exists.
Reading OpenROAD database at '/home/admin/Documents/Projekty/Hobby/Nauka/RISC-5/.v/DDCA/code/exercises/ALUDesignIverilog/ALU/systemIverilog/build/runs/RUN_2026-09-29_09-26-13/34-openroad-detailedplacement/addsub32.odb'…
Reading design constraints file at '/nix/store/33pw6r3szpqrlxwi0ri36rfq68whzq26-python3-3.13.9-env/lib/python3.13/site-packages/librelane/scripts/base.sdc'…
[WARNING STA-0366] port '__VIRTUAL_CLK__' not found.
[INFO] Using clock __VIRTUAL_CLK__…
[INFO] Setting output delay to: 0.8
[INFO] Setting input delay to: 0.8
[WARNING STA-0366] port '__VIRTUAL_CLK__' not found.
[INFO] Setting load to: 0.033442
[INFO] Setting clock uncertainty to: 0.25
[INFO] Setting clock transition to: 0.1499999999999999944488848768742172978818416595458984375
[WARNING STA-0419] transition time can not be specified for virtual clocks.
[INFO] Setting timing derate to: 5.0%
[WARNING STA-0450] virtual clock __VIRTUAL_CLK__ can not be propagated.
[WARNING STA-0450] virtual clock __VIRTUAL_CLK__ can not be propagated.
+ repair_timing -verbose -setup -setup_margin 0.05000000000000000277555756156289135105907917022705078125 -max_buffer_percent 50.0
[INFO RSZ-0100] Repair move sequence: UnbufferMove SizeUpMove SwapPinsMove BufferMove CloneMove SplitLoadMove 
[INFO RSZ-0094] Found 33 endpoints with setup violations.
[INFO RSZ-0099] Repairing 33 out of 33 (100.00%) violating endpoints...
   Iter   | Removed | Resized | Inserted | Cloned |  Pin  |   Area   |    WNS   |   TNS      |  Viol  | Worst
          | Buffers |  Gates  | Buffers  |  Gates | Swaps |          |          |            | Endpts | Endpt
--------------------------------------------------------------------------------------------------------------
        0 |       0 |       0 |        0 |      0 |     0 |    +0.0% |   -6.129 |     -166.2 |     33 | S[21]
       10 |       0 |       9 |        0 |      0 |     0 |    +0.0% |   -5.452 |     -156.0 |     33 | S[20]
       20 |       0 |      19 |        0 |      0 |     0 |    +0.1% |   -4.855 |     -140.0 |     33 | S[23]
       30 |       0 |      29 |        0 |      0 |     0 |    +0.7% |   -4.579 |     -133.0 |     33 | S[24]
       40 |       0 |      39 |        0 |      0 |     0 |    +0.4% |   -4.162 |     -120.3 |     33 | S[28]
       50 |       0 |      47 |        1 |      0 |     1 |    +0.4% |   -4.053 |     -117.7 |     33 | S[27]
       60 |       0 |      57 |        1 |      0 |     1 |    +0.7% |   -3.928 |     -115.4 |     33 | S[21]
       70 |       0 |      66 |        1 |      0 |     2 |    +0.9% |   -3.883 |     -112.5 |     33 | S[22]
       80 |       0 |      75 |        1 |      0 |     3 |    +0.9% |   -3.822 |     -111.8 |     33 | S[21]
       90 |       0 |      83 |        2 |      0 |     4 |    +1.3% |   -3.744 |     -109.5 |     33 | S[29]
      100 |       0 |      91 |        3 |      0 |     5 |    +1.4% |   -3.675 |     -108.1 |     33 | S[21]
      110 |       0 |     101 |        3 |      0 |     5 |    +1.5% |   -3.322 |      -95.2 |     33 | S[21]
      120 |       0 |     110 |        3 |      0 |     6 |    +2.2% |   -3.149 |      -90.6 |     33 | S[31]
      130 |       0 |     116 |        5 |      0 |     8 |    +2.3% |   -3.229 |      -91.4 |     33 | S[31]
      140 |       0 |     125 |        5 |      0 |     9 |    +3.0% |   -3.126 |      -90.1 |     33 | S[21]
      150 |       0 |     132 |        5 |      0 |    12 |    +3.0% |   -3.026 |      -88.7 |     33 | S[21]
      160 |       0 |     142 |        5 |      0 |    12 |    +3.1% |   -2.993 |      -85.9 |     33 | S[20]
      170 |       0 |     151 |        6 |      0 |    12 |    +3.0% |   -2.872 |      -82.0 |     33 | S[21]
      180 |       0 |     160 |        6 |      0 |    13 |    +2.8% |   -2.731 |      -79.0 |     33 | S[25]
      190 |       0 |     169 |        7 |      0 |    13 |    +2.7% |   -2.724 |      -76.9 |     33 | S[11]
      200 |       0 |     176 |        8 |      0 |    15 |    +3.0% |   -2.606 |      -75.8 |     33 | S[21]
      210 |       0 |     185 |        8 |      0 |    16 |    +3.6% |   -2.570 |      -74.2 |     33 | S[28]
      220 |       0 |     193 |        9 |      0 |    17 |    +4.2% |   -2.535 |      -72.8 |     33 | S[21]
      230 |       0 |     197 |       13 |      0 |    20 |    +5.2% |   -2.532 |      -72.7 |     33 | S[28]
      240 |       0 |     201 |       16 |      0 |    24 |    +5.8% |   -2.494 |      -72.4 |     33 | S[6]
      250 |       0 |     207 |       19 |      0 |    26 |    +6.3% |   -2.416 |      -69.8 |     33 | S[28]
      258 |       0 |     213 |       21 |      0 |    26 |    +6.9% |   -2.388 |      -69.3 |     33 | S[21]
      260 |       0 |     214 |       21 |      0 |    26 |    +6.9% |   -2.388 |      -69.3 |     33 | S[21]
      263 |       0 |     217 |       21 |      0 |    26 |    +7.0% |   -2.388 |      -69.2 |     33 | S[21]
      270 |       0 |     221 |       22 |      0 |    27 |    +7.4% |   -2.401 |      -69.1 |     33 | S[21]
      274 |       0 |     219 |       21 |      0 |    27 |    +7.1% |   -2.388 |      -69.1 |     33 | S[21]
      280 |       0 |     223 |       21 |      0 |    28 |    +7.3% |   -2.388 |      -69.1 |     33 | S[21]
      289 |       0 |     223 |       21 |      0 |    27 |    +7.3% |   -2.388 |      -69.0 |     33 | S[21]
      290 |       0 |     223 |       21 |      0 |    27 |    +7.3% |   -2.388 |      -69.0 |     33 | S[21]
      300 |       0 |     230 |       22 |      0 |    29 |    +7.9% |   -2.413 |      -69.2 |     33 | S[21]
      301 |       0 |     228 |       22 |      0 |    28 |    +7.7% |   -2.381 |      -69.1 |     33 | S[19]
      309 |       0 |     230 |       22 |      0 |    29 |    +7.8% |   -2.381 |      -69.1 |     33 | S[19]
      310 |       0 |     230 |       22 |      0 |    29 |    +7.8% |   -2.381 |      -69.1 |     33 | S[19]
      319 |       0 |     230 |       22 |      0 |    29 |    +7.8% |   -2.381 |      -69.1 |     33 | S[19]
      320 |       0 |     230 |       22 |      0 |    29 |    +7.8% |   -2.381 |      -69.1 |     33 | S[19]
      329 |       0 |     235 |       22 |      0 |    29 |    +8.1% |   -2.381 |      -69.0 |     33 | S[19]
      330 |       0 |     235 |       22 |      0 |    29 |    +8.1% |   -2.381 |      -69.0 |     33 | S[19]
      340 |       0 |     242 |       24 |      0 |    31 |    +8.7% |   -2.394 |      -69.1 |     33 | S[21]
      341 |       0 |     236 |       22 |      0 |    29 |    +8.1% |   -2.381 |      -69.0 |     33 | S[19]
      350 |       0 |     240 |       24 |      0 |    31 |    +8.6% |   -2.423 |      -69.5 |     33 | S[19]
      355 |       0 |     236 |       22 |      0 |    29 |    +8.1% |   -2.381 |      -69.0 |     33 | S[19]
      360 |       0 |     239 |       22 |      0 |    30 |    +8.2% |   -2.381 |      -69.0 |     33 | S[19]
      365 |       0 |     241 |       22 |      0 |    30 |    +8.4% |   -2.381 |      -69.0 |     33 | S[19]
      370 |       0 |     245 |       22 |      0 |    30 |    +8.6% |   -2.381 |      -68.9 |     33 | S[19]
      380 |       0 |     249 |       27 |      0 |    32 |    +9.3% |   -2.392 |      -68.9 |     33 | S[24]
      380 |       0 |     248 |       27 |      0 |    31 |    +9.2% |   -2.381 |      -68.9 |     33 | S[19]
      389 |       0 |     252 |       27 |      0 |    31 |    +9.3% |   -2.381 |      -68.8 |     33 | S[19]
      390 |       0 |     252 |       27 |      0 |    31 |    +9.3% |   -2.381 |      -68.8 |     33 | S[19]
      399 |       0 |     256 |       27 |      0 |    31 |    +9.4% |   -2.381 |      -68.7 |     33 | S[19]
      400 |       0 |     256 |       27 |      0 |    31 |    +9.4% |   -2.381 |      -68.7 |     33 | S[19]
      410 |       0 |     264 |       27 |      0 |    33 |   +10.0% |   -2.426 |      -69.0 |     33 | S[19]
      416 |       0 |     257 |       27 |      0 |    31 |    +9.3% |   -2.381 |      -68.5 |     33 | S[19]
      420 |       0 |     260 |       27 |      0 |    31 |    +9.1% |   -2.379 |      -68.2 |     33 | S[24]
      430 |       0 |     267 |       28 |      0 |    33 |    +9.9% |   -2.424 |      -68.6 |     33 | S[24]
      434 |       0 |     262 |       27 |      0 |    31 |    +9.2% |   -2.379 |      -68.2 |     33 | S[24]
      440 |       0 |     266 |       28 |      0 |    31 |    +9.2% |   -2.379 |      -68.2 |     33 | S[24]
      444 |       0 |     266 |       27 |      0 |    31 |    +9.1% |   -2.379 |      -68.0 |     33 | S[24]
      450 |       0 |     271 |       27 |      0 |    31 |    +9.0% |   -2.379 |      -67.7 |     33 | S[24]
      460 |       0 |     276 |       29 |      0 |    34 |    +9.7% |   -2.436 |      -69.1 |     33 | S[24]
      468 |       0 |     271 |       27 |      0 |    31 |    +9.0% |   -2.379 |      -67.7 |     33 | S[24]
      470 |       0 |     272 |       27 |      0 |    31 |    +8.9% |   -2.379 |      -67.8 |     33 | S[24]
      480 |       0 |     281 |       28 |      0 |    31 |    +9.5% |   -2.424 |      -67.7 |     33 | S[24]
      490 |       0 |     283 |       31 |      0 |    36 |   +10.0% |   -2.423 |      -67.9 |     33 | S[24]
      492 |       0 |     274 |       27 |      0 |    31 |    +8.8% |   -2.379 |      -67.4 |     33 | S[24]
      500 |       0 |     281 |       27 |      0 |    31 |    +9.1% |   -2.423 |      -67.6 |     33 | S[24]
      510 |       0 |     286 |       31 |      0 |    32 |   +10.0% |   -2.446 |      -68.3 |     33 | S[21]
      517 |       0 |     280 |       27 |      0 |    31 |    +8.9% |   -2.379 |      -67.1 |     33 | S[24]
      520 |       0 |     282 |       27 |      0 |    31 |    +9.1% |   -2.426 |      -67.5 |     33 | S[24]
      530 |       0 |     291 |       28 |      0 |    31 |    +9.4% |   -2.398 |      -67.4 |     33 | S[24]
      540 |       0 |     300 |       28 |      0 |    32 |   +10.3% |   -2.393 |      -67.1 |     33 | S[24]
      546 |       0 |     281 |       27 |      0 |    31 |    +9.0% |   -2.379 |      -67.1 |     33 | S[24]
      550 |       0 |     284 |       27 |      0 |    31 |    +9.2% |   -2.417 |      -66.9 |     33 | S[21]
      560 |       0 |     292 |       29 |      0 |    31 |    +9.7% |   -2.424 |      -68.0 |     33 | S[24]
      566 |       0 |     282 |       27 |      0 |    31 |    +9.0% |   -2.379 |      -67.0 |     33 | S[24]
      570 |       0 |     285 |       27 |      0 |    31 |    +9.0% |   -2.379 |      -66.8 |     33 | S[24]
      577 |       0 |     285 |       27 |      0 |    31 |    +9.0% |   -2.379 |      -66.8 |     33 | S[24]
      580 |       0 |     287 |       27 |      0 |    31 |    +9.0% |   -2.379 |      -66.7 |     33 | S[24]
      588 |       0 |     293 |       27 |      0 |    31 |    +9.0% |   -2.379 |      -66.3 |     33 | S[24]
      590 |       0 |     294 |       27 |      0 |    31 |    +9.1% |   -2.379 |      -66.1 |     33 | S[24]
      600 |       0 |     303 |       28 |      0 |    31 |    +9.6% |   -2.424 |      -65.9 |     33 | S[24]
      608 |       0 |     297 |       27 |      0 |    31 |    +8.9% |   -2.379 |      -65.8 |     33 | S[24]
      610 |       0 |     298 |       27 |      0 |    31 |    +8.9% |   -2.379 |      -65.9 |     33 | S[24]
      620 |       0 |     305 |       28 |      0 |    33 |    +9.2% |   -2.424 |      -66.3 |     33 | S[24]
      621 |       0 |     304 |       27 |      0 |    31 |    +8.9% |   -2.379 |      -65.4 |     33 | S[24]
      630 |       0 |     312 |       27 |      0 |    31 |    +9.2% |   -2.467 |      -65.8 |     33 | S[24]
      640 |       0 |     320 |       28 |      0 |    32 |    +9.9% |   -2.399 |      -65.4 |     33 | S[24]
      650 |       0 |     326 |       32 |      0 |    32 |   +10.8% |   -2.393 |      -65.8 |     33 | S[24]
      656 |       0 |     305 |       27 |      0 |    31 |    +9.0% |   -2.379 |      -65.3 |     33 | S[24]
      660 |       0 |     308 |       27 |      0 |    31 |    +9.0% |   -2.379 |      -65.0 |     33 | S[24]
      670 |       0 |     317 |       28 |      0 |    31 |    +9.6% |   -2.424 |      -65.7 |     33 | S[24]
      670 |       0 |     310 |       27 |      0 |    31 |    +8.9% |   -2.379 |      -64.8 |     33 | S[24]
      680 |       0 |     319 |       27 |      0 |    31 |    +9.0% |   -2.424 |      -64.9 |     33 | S[24]
      681 |       0 |     314 |       27 |      0 |    31 |    +8.8% |   -2.379 |      -64.4 |     33 | S[24]
      690 |       0 |     322 |       27 |      0 |    31 |    +9.0% |   -2.375 |      -63.8 |     33 | S[24]
      700 |       0 |     329 |       28 |      0 |    33 |    +9.5% |   -2.375 |      -63.3 |     33 | S[24]
      710 |       0 |     336 |       31 |      0 |    33 |   +10.4% |   -2.375 |      -63.9 |     33 | S[24]
      720 |       0 |     345 |       33 |      0 |    33 |   +11.3% |   -2.390 |      -64.5 |     33 | S[24]
      727 |       0 |     330 |       28 |      0 |    33 |    +9.6% |   -2.375 |      -63.4 |     33 | S[24]
      730 |       0 |     332 |       28 |      0 |    33 |    +9.6% |   -2.375 |      -63.3 |     33 | S[24]
      740 |       0 |     340 |       30 |      0 |    33 |    +9.9% |   -2.375 |      -63.2 |     33 | S[24]
      750 |       0 |     349 |       30 |      0 |    34 |   +10.6% |   -2.381 |      -63.2 |     33 | S[24]
      759 |       0 |     337 |       28 |      0 |    33 |    +9.6% |   -2.375 |      -62.9 |     33 | S[24]
      760 |       0 |     337 |       28 |      0 |    33 |    +9.6% |   -2.375 |      -62.9 |     33 | S[24]
      770 |       0 |     347 |       28 |      0 |    33 |    +9.7% |   -2.375 |      -62.3 |     33 | S[24]
      780 |       0 |     352 |       32 |      0 |    34 |   +10.4% |   -2.376 |      -62.7 |     33 | S[24]
      790 |       0 |     358 |       35 |      0 |    35 |   +11.2% |   -2.381 |      -63.1 |     33 | S[24]
      800 |       0 |     364 |       39 |      0 |    35 |   +12.3% |   -2.385 |      -64.0 |     33 | S[24]
      803 |       0 |     351 |       31 |      0 |    33 |   +10.3% |   -2.374 |      -62.5 |     33 | S[24]
      804 |       0 |     351 |       31 |      0 |    33 |   +10.3% |   -2.374 |      -62.5 |     32 | S[24]
     805* |       0 |     351 |       31 |      0 |    33 |   +10.3% |   -2.374 |      -62.5 |     32 | S[24]
     807* |       0 |     352 |       31 |      0 |    33 |   +10.3% |   -2.374 |      -62.5 |     32 | S[24]
     808* |       0 |     352 |       31 |      0 |    33 |   +10.3% |   -2.374 |      -62.5 |     32 | S[24]
     809* |       0 |     352 |       31 |      0 |    33 |   +10.3% |   -2.374 |      -62.5 |     32 | S[24]
     810* |       0 |     352 |       31 |      0 |    33 |   +10.3% |   -2.374 |      -62.5 |     32 | S[24]
     810* |       0 |     352 |       31 |      0 |    33 |   +10.3% |   -2.374 |      -62.5 |     32 | S[24]
     811* |       0 |     352 |       31 |      0 |    33 |   +10.3% |   -2.374 |      -62.5 |     32 | S[24]
     812* |       0 |     352 |       31 |      0 |    33 |   +10.3% |   -2.374 |      -62.5 |     32 | S[24]
     813* |       0 |     352 |       31 |      0 |    33 |   +10.3% |   -2.374 |      -62.5 |     32 | S[24]
     814* |       0 |     352 |       31 |      0 |    33 |   +10.3% |   -2.374 |      -62.5 |     32 | S[24]
     815* |       0 |     352 |       31 |      0 |    33 |   +10.3% |   -2.374 |      -62.5 |     32 | S[24]
     816* |       0 |     352 |       31 |      0 |    33 |   +10.3% |   -2.374 |      -62.5 |     32 | S[24]
     817* |       0 |     352 |       31 |      0 |    33 |   +10.3% |   -2.374 |      -62.5 |     32 | S[24]
     818* |       0 |     352 |       31 |      0 |    33 |   +10.3% |   -2.374 |      -62.5 |     32 | S[24]
     819* |       0 |     352 |       31 |      0 |    33 |   +10.3% |   -2.374 |      -62.5 |     32 | S[24]
     820* |       0 |     352 |       31 |      0 |    33 |   +10.3% |   -2.374 |      -62.5 |     32 | S[24]
     820* |       0 |     352 |       31 |      0 |    33 |   +10.3% |   -2.374 |      -62.5 |     32 | S[24]
     821* |       0 |     352 |       31 |      0 |    33 |   +10.3% |   -2.374 |      -62.5 |     32 | S[24]
     822* |       0 |     352 |       31 |      0 |    33 |   +10.3% |   -2.374 |      -62.5 |     32 | S[24]
     823* |       0 |     352 |       31 |      0 |    33 |   +10.3% |   -2.374 |      -62.5 |     32 | S[24]
     824* |       0 |     352 |       31 |      0 |    33 |   +10.3% |   -2.374 |      -62.5 |     32 | S[24]
     826* |       0 |     353 |       31 |      0 |    33 |   +10.4% |   -2.374 |      -62.5 |     32 | S[24]
     827* |       0 |     353 |       31 |      0 |    33 |   +10.4% |   -2.374 |      -62.5 |     32 | S[24]
     828* |       0 |     353 |       31 |      0 |    33 |   +10.4% |   -2.374 |      -62.5 |     32 | S[24]
     829* |       0 |     353 |       31 |      0 |    33 |   +10.4% |   -2.374 |      -62.5 |     32 | S[24]
     830* |       0 |     353 |       31 |      0 |    33 |   +10.4% |   -2.374 |      -62.5 |     32 | S[24]
     830* |       0 |     353 |       31 |      0 |    33 |   +10.4% |   -2.374 |      -62.5 |     32 | S[24]
     831* |       0 |     353 |       31 |      0 |    33 |   +10.4% |   -2.374 |      -62.5 |     32 | S[24]
     832* |       0 |     353 |       31 |      0 |    33 |   +10.4% |   -2.374 |      -62.5 |     32 | S[24]
     833* |       0 |     353 |       31 |      0 |    33 |   +10.4% |   -2.374 |      -62.5 |     32 | S[24]
     834* |       0 |     353 |       31 |      0 |    33 |   +10.4% |   -2.374 |      -62.5 |     32 | S[24]
     835* |       0 |     353 |       31 |      0 |    33 |   +10.4% |   -2.374 |      -62.5 |     32 | S[24]
     837* |       0 |     354 |       31 |      0 |    33 |   +10.6% |   -2.374 |      -62.5 |     32 | S[24]
     838* |       0 |     354 |       31 |      0 |    33 |   +10.6% |   -2.374 |      -62.5 |     32 | S[24]
     839* |       0 |     354 |       31 |      0 |    33 |   +10.6% |   -2.374 |      -62.5 |     32 | S[24]
    final |       0 |     354 |       31 |      0 |    33 |   +10.6% |   -2.374 |      -62.5 |     32 | S[24]
--------------------------------------------------------------------------------------------------------------
[INFO RSZ-0040] Inserted 31 buffers.
[INFO RSZ-0051] Resized 354 instances: 354 up, 0 up match, 0 down, 0 VT
[INFO RSZ-0043] Swapped pins on 33 instances.
[WARNING RSZ-0062] Unable to repair all setup violations.
+ repair_timing -verbose -hold -setup_margin 0.05000000000000000277555756156289135105907917022705078125 -hold_margin 0.1000000000000000055511151231257827021181583404541015625 -max_buffer_percent 50.0
[INFO RSZ-0033] No hold violations found.
+ detailed_placement -max_displacement  500 100 
Placement Analysis
---------------------------------
total displacement        567.2 u
average displacement        0.8 u
max displacement           12.0 u
original HPWL            8720.1 u
legalized HPWL           9578.8 u
delta HPWL                   10 %

[INFO DPL-0020] Mirrored 206 instances
[INFO DPL-0021] HPWL before            9578.8 u
[INFO DPL-0022] HPWL after             9172.4 u
[INFO DPL-0023] HPWL delta               -4.2 %
Setting global connections for newly added cells…
[INFO] Setting global connections...
[INFO ODB-0403] 124 connections made, 0 conflicts skipped.
Updating metrics…
Cell type report:                       Count       Area
  Fill cell                                72     270.26
  Tap cell                                133     166.41
  Timing Repair Buffer                    152    1410.10
  Inverter                                  7      33.78
  Multi-Input combinational cell          375    4170.25
  Total                                   739    6050.80
Writing OpenROAD database to '/home/admin/Documents/Projekty/Hobby/Nauka/RISC-5/.v/DDCA/code/exercises/ALUDesignIverilog/ALU/systemIverilog/build/runs/RUN_2026-09-29_09-26-13/36-openroad-resizertimingpostcts/addsub32.odb'…
Writing netlist to '/home/admin/Documents/Projekty/Hobby/Nauka/RISC-5/.v/DDCA/code/exercises/ALUDesignIverilog/ALU/systemIverilog/build/runs/RUN_2026-09-29_09-26-13/36-openroad-resizertimingpostcts/addsub32.nl.v'…
Writing powered netlist to '/home/admin/Documents/Projekty/Hobby/Nauka/RISC-5/.v/DDCA/code/exercises/ALUDesignIverilog/ALU/systemIverilog/build/runs/RUN_2026-09-29_09-26-13/36-openroad-resizertimingpostcts/addsub32.pnl.v'…
Writing layout to '/home/admin/Documents/Projekty/Hobby/Nauka/RISC-5/.v/DDCA/code/exercises/ALUDesignIverilog/ALU/systemIverilog/build/runs/RUN_2026-09-29_09-26-13/36-openroad-resizertimingpostcts/addsub32.def'…
Writing timing constraints to '/home/admin/Documents/Projekty/Hobby/Nauka/RISC-5/.v/DDCA/code/exercises/ALUDesignIverilog/ALU/systemIverilog/build/runs/RUN_2026-09-29_09-26-13/36-openroad-resizertimingpostcts/addsub32.sdc'…
