
===========================================================================
Violator List
============================================================================
[setup in-out] sub -> S[23] : -0.472108
[setup in-out] sub -> S[20] : -0.446469
[setup in-out] sub -> S[17] : -0.406050
[setup in-out] sub -> S[22] : -0.404490
[setup in-out] sub -> S[21] : -0.403209
[setup in-out] sub -> S[24] : -0.352207
[setup in-out] sub -> S[31] : -0.350197
[setup in-out] sub -> S[15] : -0.347254
[setup in-out] sub -> S[26] : -0.341452
[setup in-out] sub -> S[27] : -0.340209
[setup in-out] sub -> S[30] : -0.326872
[setup in-out] sub -> S[28] : -0.316772
[setup in-out] sub -> S[14] : -0.305356
[setup in-out] sub -> S[25] : -0.293402
[setup in-out] sub -> S[16] : -0.292488
[setup in-out] sub -> S[13] : -0.283336
[setup in-out] sub -> S[19] : -0.252587
[setup in-out] sub -> S[7] : -0.245131
[setup in-out] sub -> S[29] : -0.241358
[setup in-out] sub -> S[11] : -0.240133
[setup in-out] sub -> S[18] : -0.237578
[setup in-out] sub -> carryOut : -0.229834
[setup in-out] sub -> S[12] : -0.192597
[setup in-out] sub -> S[9] : -0.138256
[setup in-out] sub -> S[8] : -0.131300
[setup in-out] sub -> S[6] : -0.066917
[setup in-out] sub -> S[10] : -0.050712
