
===========================================================================
report_checks -unconstrained
===========================================================================
======================= nom_tt_025C_1v80 Corner ===================================

Startpoint: sub (input port clocked by __VIRTUAL_CLK__)
Endpoint: S[23] (output port clocked by __VIRTUAL_CLK__)
Path Group: __VIRTUAL_CLK__
Path Type: max

Fanout         Cap        Slew       Delay        Time   Description
---------------------------------------------------------------------------------------------
                      0.000000    0.000000    0.000000   clock __VIRTUAL_CLK__ (rise edge)
                                  0.000000    0.000000   clock network delay (ideal)
                                  0.800000    0.800000 v input external delay
     1    0.008600    0.021459    0.014684    0.814684 v sub (in)
                                                         sub (net)
                      0.021461    0.000000    0.814684 v input65/A (sky130_fd_sc_hd__buf_8)
     5    0.031221    0.037869    0.127217    0.941901 v input65/X (sky130_fd_sc_hd__buf_8)
                                                         net65 (net)
                      0.037884    0.000818    0.942720 v fanout106/A (sky130_fd_sc_hd__buf_4)
     7    0.030615    0.054777    0.168801    1.111520 v fanout106/X (sky130_fd_sc_hd__buf_4)
                                                         net106 (net)
                      0.054794    0.000957    1.112477 v fanout104/A (sky130_fd_sc_hd__clkbuf_2)
     4    0.021891    0.088629    0.166354    1.278831 v fanout104/X (sky130_fd_sc_hd__clkbuf_2)
                                                         net104 (net)
                      0.088633    0.000719    1.279549 v load_slew105/A (sky130_fd_sc_hd__buf_6)
     7    0.044790    0.051928    0.172138    1.451688 v load_slew105/X (sky130_fd_sc_hd__buf_6)
                                                         net105 (net)
                      0.051976    0.001491    1.453179 v _364_/A1 (sky130_fd_sc_hd__o21ai_4)
     3    0.012021    0.145476    0.179646    1.632824 ^ _364_/Y (sky130_fd_sc_hd__o21ai_4)
                                                         _093_ (net)
                      0.145476    0.000294    1.633118 ^ _365_/B1 (sky130_fd_sc_hd__a21oi_2)
     2    0.008515    0.070627    0.064891    1.698009 v _365_/Y (sky130_fd_sc_hd__a21oi_2)
                                                         _094_ (net)
                      0.070627    0.000137    1.698146 v _376_/A_N (sky130_fd_sc_hd__nand4b_4)
     2    0.012664    0.106889    0.205401    1.903548 v _376_/Y (sky130_fd_sc_hd__nand4b_4)
                                                         _105_ (net)
                      0.106890    0.000541    1.904089 v _377_/A (sky130_fd_sc_hd__nor2_4)
     3    0.024930    0.176462    0.215044    2.119133 ^ _377_/Y (sky130_fd_sc_hd__nor2_4)
                                                         _106_ (net)
                      0.176467    0.000790    2.119923 ^ _410_/B (sky130_fd_sc_hd__nand4_4)
     3    0.016742    0.118259    0.152872    2.272795 v _410_/Y (sky130_fd_sc_hd__nand4_4)
                                                         _139_ (net)
                      0.118259    0.000498    2.273293 v _415_/C (sky130_fd_sc_hd__nand3_4)
     3    0.025125    0.110222    0.155511    2.428804 ^ _415_/Y (sky130_fd_sc_hd__nand3_4)
                                                         _144_ (net)
                      0.110225    0.001097    2.429902 ^ _424_/B2 (sky130_fd_sc_hd__o22ai_4)
     3    0.015145    0.083213    0.095617    2.525518 v _424_/Y (sky130_fd_sc_hd__o22ai_4)
                                                         _153_ (net)
                      0.083214    0.000711    2.526229 v _470_/B1 (sky130_fd_sc_hd__o22ai_4)
     7    0.036516    0.322451    0.292336    2.818566 ^ _470_/Y (sky130_fd_sc_hd__o22ai_4)
                                                         _195_ (net)
                      0.322464    0.001667    2.820233 ^ _507_/B (sky130_fd_sc_hd__nand2_2)
     1    0.009887    0.082166    0.122202    2.942435 v _507_/Y (sky130_fd_sc_hd__nand2_2)
                                                         _229_ (net)
                      0.082166    0.000298    2.942734 v _512_/A2 (sky130_fd_sc_hd__a21oi_4)
     1    0.010113    0.124620    0.183330    3.126063 ^ _512_/Y (sky130_fd_sc_hd__a21oi_4)
                                                         _234_ (net)
                      0.124621    0.000386    3.126449 ^ _513_/A (sky130_fd_sc_hd__nor2_4)
     1    0.004893    0.047019    0.053672    3.180121 v _513_/Y (sky130_fd_sc_hd__nor2_4)
                                                         net81 (net)
                      0.047019    0.000115    3.180236 v output81/A (sky130_fd_sc_hd__buf_6)
     1    0.034856    0.044137    0.144546    3.324782 v output81/X (sky130_fd_sc_hd__buf_6)
                                                         S[23] (net)
                      0.044165    0.001070    3.325852 v S[23] (out)
                                              3.325852   data arrival time

                      0.000000    4.000000    4.000000   clock __VIRTUAL_CLK__ (rise edge)
                                  0.000000    4.000000   clock network delay (ideal)
                                 -0.250000    3.750000   clock uncertainty
                                  0.000000    3.750000   clock reconvergence pessimism
                                 -0.800000    2.950000   output external delay
                                              2.950000   data required time
---------------------------------------------------------------------------------------------
                                              2.950000   data required time
                                             -3.325852   data arrival time
---------------------------------------------------------------------------------------------
                                             -0.375852   slack (VIOLATED)




===========================================================================
report_checks --slack_max -0.01
============================================================================
======================= nom_tt_025C_1v80 Corner ===================================

Startpoint: sub (input port clocked by __VIRTUAL_CLK__)
Endpoint: S[23] (output port clocked by __VIRTUAL_CLK__)
Path Group: __VIRTUAL_CLK__
Path Type: max

Fanout         Cap        Slew       Delay        Time   Description
---------------------------------------------------------------------------------------------
                      0.000000    0.000000    0.000000   clock __VIRTUAL_CLK__ (rise edge)
                                  0.000000    0.000000   clock network delay (ideal)
                                  0.800000    0.800000 v input external delay
     1    0.008600    0.021459    0.014684    0.814684 v sub (in)
                                                         sub (net)
                      0.021461    0.000000    0.814684 v input65/A (sky130_fd_sc_hd__buf_8)
     5    0.031221    0.037869    0.127217    0.941901 v input65/X (sky130_fd_sc_hd__buf_8)
                                                         net65 (net)
                      0.037884    0.000818    0.942720 v fanout106/A (sky130_fd_sc_hd__buf_4)
     7    0.030615    0.054777    0.168801    1.111520 v fanout106/X (sky130_fd_sc_hd__buf_4)
                                                         net106 (net)
                      0.054794    0.000957    1.112477 v fanout104/A (sky130_fd_sc_hd__clkbuf_2)
     4    0.021891    0.088629    0.166354    1.278831 v fanout104/X (sky130_fd_sc_hd__clkbuf_2)
                                                         net104 (net)
                      0.088633    0.000719    1.279549 v load_slew105/A (sky130_fd_sc_hd__buf_6)
     7    0.044790    0.051928    0.172138    1.451688 v load_slew105/X (sky130_fd_sc_hd__buf_6)
                                                         net105 (net)
                      0.051976    0.001491    1.453179 v _364_/A1 (sky130_fd_sc_hd__o21ai_4)
     3    0.012021    0.145476    0.179646    1.632824 ^ _364_/Y (sky130_fd_sc_hd__o21ai_4)
                                                         _093_ (net)
                      0.145476    0.000294    1.633118 ^ _365_/B1 (sky130_fd_sc_hd__a21oi_2)
     2    0.008515    0.070627    0.064891    1.698009 v _365_/Y (sky130_fd_sc_hd__a21oi_2)
                                                         _094_ (net)
                      0.070627    0.000137    1.698146 v _376_/A_N (sky130_fd_sc_hd__nand4b_4)
     2    0.012664    0.106889    0.205401    1.903548 v _376_/Y (sky130_fd_sc_hd__nand4b_4)
                                                         _105_ (net)
                      0.106890    0.000541    1.904089 v _377_/A (sky130_fd_sc_hd__nor2_4)
     3    0.024930    0.176462    0.215044    2.119133 ^ _377_/Y (sky130_fd_sc_hd__nor2_4)
                                                         _106_ (net)
                      0.176467    0.000790    2.119923 ^ _410_/B (sky130_fd_sc_hd__nand4_4)
     3    0.016742    0.118259    0.152872    2.272795 v _410_/Y (sky130_fd_sc_hd__nand4_4)
                                                         _139_ (net)
                      0.118259    0.000498    2.273293 v _415_/C (sky130_fd_sc_hd__nand3_4)
     3    0.025125    0.110222    0.155511    2.428804 ^ _415_/Y (sky130_fd_sc_hd__nand3_4)
                                                         _144_ (net)
                      0.110225    0.001097    2.429902 ^ _424_/B2 (sky130_fd_sc_hd__o22ai_4)
     3    0.015145    0.083213    0.095617    2.525518 v _424_/Y (sky130_fd_sc_hd__o22ai_4)
                                                         _153_ (net)
                      0.083214    0.000711    2.526229 v _470_/B1 (sky130_fd_sc_hd__o22ai_4)
     7    0.036516    0.322451    0.292336    2.818566 ^ _470_/Y (sky130_fd_sc_hd__o22ai_4)
                                                         _195_ (net)
                      0.322464    0.001667    2.820233 ^ _507_/B (sky130_fd_sc_hd__nand2_2)
     1    0.009887    0.082166    0.122202    2.942435 v _507_/Y (sky130_fd_sc_hd__nand2_2)
                                                         _229_ (net)
                      0.082166    0.000298    2.942734 v _512_/A2 (sky130_fd_sc_hd__a21oi_4)
     1    0.010113    0.124620    0.183330    3.126063 ^ _512_/Y (sky130_fd_sc_hd__a21oi_4)
                                                         _234_ (net)
                      0.124621    0.000386    3.126449 ^ _513_/A (sky130_fd_sc_hd__nor2_4)
     1    0.004893    0.047019    0.053672    3.180121 v _513_/Y (sky130_fd_sc_hd__nor2_4)
                                                         net81 (net)
                      0.047019    0.000115    3.180236 v output81/A (sky130_fd_sc_hd__buf_6)
     1    0.034856    0.044137    0.144546    3.324782 v output81/X (sky130_fd_sc_hd__buf_6)
                                                         S[23] (net)
                      0.044165    0.001070    3.325852 v S[23] (out)
                                              3.325852   data arrival time

                      0.000000    4.000000    4.000000   clock __VIRTUAL_CLK__ (rise edge)
                                  0.000000    4.000000   clock network delay (ideal)
                                 -0.250000    3.750000   clock uncertainty
                                  0.000000    3.750000   clock reconvergence pessimism
                                 -0.800000    2.950000   output external delay
                                              2.950000   data required time
---------------------------------------------------------------------------------------------
                                              2.950000   data required time
                                             -3.325852   data arrival time
---------------------------------------------------------------------------------------------
                                             -0.375852   slack (VIOLATED)




===========================================================================
 report_check_types -max_slew -max_cap -max_fanout -violators
============================================================================
======================= nom_tt_025C_1v80 Corner ===================================



===========================================================================
report_parasitic_annotation -report_unannotated
============================================================================
Found 0 unannotated drivers.
Found 0 partially unannotated drivers.

===========================================================================
max slew violation count 0
Writing metric design__max_slew_violation__count__corner:nom_tt_025C_1v80: 0
max fanout violation count 0
Writing metric design__max_fanout_violation__count__corner:nom_tt_025C_1v80: 0
max cap violation count 0
Writing metric design__max_cap_violation__count__corner:nom_tt_025C_1v80: 0
============================================================================

===========================================================================
check_setup -verbose -unconstrained_endpoints -multiple_clock -no_clock -no_input_delay -loops -generated_clocks
===========================================================================
