
===========================================================================
report_checks -path_delay min (Hold)
============================================================================
======================= nom_ss_100C_1v60 Corner ===================================

Startpoint: A[5] (input port clocked by __VIRTUAL_CLK__)
Endpoint: y[5] (output port clocked by __VIRTUAL_CLK__)
Path Group: __VIRTUAL_CLK__
Path Type: min

Fanout         Cap        Slew       Delay        Time   Description
---------------------------------------------------------------------------------------------
                      0.000000    0.000000    0.000000   clock __VIRTUAL_CLK__ (rise edge)
                                  0.000000    0.000000   clock network delay (ideal)
                                  4.000000    4.000000 v input external delay
     4    0.018436    0.082771    0.053915    4.053915 v A[5] (in)
                                                         A[5] (net)
                      0.082771    0.000000    4.053915 v _507_/A (sky130_fd_sc_hd__nand2_2)
     3    0.008749    0.092169    0.112240    4.166154 ^ _507_/Y (sky130_fd_sc_hd__nand2_2)
                                                         _073_ (net)
                      0.092169    0.000000    4.166154 ^ _517_/A2 (sky130_fd_sc_hd__o21ai_2)
     1    0.033442    0.284502    0.265293    4.431447 v _517_/Y (sky130_fd_sc_hd__o21ai_2)
                                                         y[5] (net)
                      0.284502    0.000000    4.431447 v y[5] (out)
                                              4.431447   data arrival time

                      0.000000    0.000000    0.000000   clock __VIRTUAL_CLK__ (rise edge)
                                  0.000000    0.000000   clock network delay (ideal)
                                  0.250000    0.250000   clock uncertainty
                                  0.000000    0.250000   clock reconvergence pessimism
                                 -4.000000   -3.750000   output external delay
                                             -3.750000   data required time
---------------------------------------------------------------------------------------------
                                             -3.750000   data required time
                                             -4.431447   data arrival time
---------------------------------------------------------------------------------------------
                                              8.181447   slack (MET)


Startpoint: B[10] (input port clocked by __VIRTUAL_CLK__)
Endpoint: y[10] (output port clocked by __VIRTUAL_CLK__)
Path Group: __VIRTUAL_CLK__
Path Type: min

Fanout         Cap        Slew       Delay        Time   Description
---------------------------------------------------------------------------------------------
                      0.000000    0.000000    0.000000   clock __VIRTUAL_CLK__ (rise edge)
                                  0.000000    0.000000   clock network delay (ideal)
                                  4.000000    4.000000 ^ input external delay
     5    0.024065    0.180888    0.115887    4.115887 ^ B[10] (in)
                                                         B[10] (net)
                      0.180888    0.000000    4.115887 ^ _580_/A2 (sky130_fd_sc_hd__o21ai_2)
     1    0.004279    0.064286    0.132756    4.248643 v _580_/Y (sky130_fd_sc_hd__o21ai_2)
                                                         _141_ (net)
                      0.064286    0.000000    4.248643 v _582_/B1 (sky130_fd_sc_hd__o211ai_2)
     1    0.033442    0.331360    0.261500    4.510143 ^ _582_/Y (sky130_fd_sc_hd__o211ai_2)
                                                         y[10] (net)
                      0.331360    0.000000    4.510143 ^ y[10] (out)
                                              4.510143   data arrival time

                      0.000000    0.000000    0.000000   clock __VIRTUAL_CLK__ (rise edge)
                                  0.000000    0.000000   clock network delay (ideal)
                                  0.250000    0.250000   clock uncertainty
                                  0.000000    0.250000   clock reconvergence pessimism
                                 -4.000000   -3.750000   output external delay
                                             -3.750000   data required time
---------------------------------------------------------------------------------------------
                                             -3.750000   data required time
                                             -4.510143   data arrival time
---------------------------------------------------------------------------------------------
                                              8.260143   slack (MET)


Startpoint: A[12] (input port clocked by __VIRTUAL_CLK__)
Endpoint: y[12] (output port clocked by __VIRTUAL_CLK__)
Path Group: __VIRTUAL_CLK__
Path Type: min

Fanout         Cap        Slew       Delay        Time   Description
---------------------------------------------------------------------------------------------
                      0.000000    0.000000    0.000000   clock __VIRTUAL_CLK__ (rise edge)
                                  0.000000    0.000000   clock network delay (ideal)
                                  4.000000    4.000000 ^ input external delay
     6    0.023547    0.177259    0.113456    4.113456 ^ A[12] (in)
                                                         A[12] (net)
                      0.177259    0.000000    4.113456 ^ _611_/A1 (sky130_fd_sc_hd__o21ai_2)
     1    0.004279    0.065667    0.152203    4.265659 v _611_/Y (sky130_fd_sc_hd__o21ai_2)
                                                         _170_ (net)
                      0.065667    0.000000    4.265659 v _613_/B1 (sky130_fd_sc_hd__o211ai_2)
     1    0.033442    0.331355    0.262122    4.527781 ^ _613_/Y (sky130_fd_sc_hd__o211ai_2)
                                                         y[12] (net)
                      0.331355    0.000000    4.527781 ^ y[12] (out)
                                              4.527781   data arrival time

                      0.000000    0.000000    0.000000   clock __VIRTUAL_CLK__ (rise edge)
                                  0.000000    0.000000   clock network delay (ideal)
                                  0.250000    0.250000   clock uncertainty
                                  0.000000    0.250000   clock reconvergence pessimism
                                 -4.000000   -3.750000   output external delay
                                             -3.750000   data required time
---------------------------------------------------------------------------------------------
                                             -3.750000   data required time
                                             -4.527781   data arrival time
---------------------------------------------------------------------------------------------
                                              8.277781   slack (MET)


Startpoint: statusIn[0] (input port clocked by __VIRTUAL_CLK__)
Endpoint: y[0] (output port clocked by __VIRTUAL_CLK__)
Path Group: __VIRTUAL_CLK__
Path Type: min

Fanout         Cap        Slew       Delay        Time   Description
---------------------------------------------------------------------------------------------
                      0.000000    0.000000    0.000000   clock __VIRTUAL_CLK__ (rise edge)
                                  0.000000    0.000000   clock network delay (ideal)
                                  4.000000    4.000000 v input external delay
     5    0.014736    0.067696    0.043303    4.043303 v statusIn[0] (in)
                                                         statusIn[0] (net)
                      0.067696    0.000000    4.043303 v _440_/A (sky130_fd_sc_hd__nand2_2)
     4    0.008799    0.092070    0.105949    4.149252 ^ _440_/Y (sky130_fd_sc_hd__nand2_2)
                                                         _011_ (net)
                      0.092070    0.000000    4.149252 ^ _454_/A1 (sky130_fd_sc_hd__a21bo_2)
     1    0.033442    0.288579    0.411176    4.560429 ^ _454_/X (sky130_fd_sc_hd__a21bo_2)
                                                         y[0] (net)
                      0.288579    0.000000    4.560429 ^ y[0] (out)
                                              4.560429   data arrival time

                      0.000000    0.000000    0.000000   clock __VIRTUAL_CLK__ (rise edge)
                                  0.000000    0.000000   clock network delay (ideal)
                                  0.250000    0.250000   clock uncertainty
                                  0.000000    0.250000   clock reconvergence pessimism
                                 -4.000000   -3.750000   output external delay
                                             -3.750000   data required time
---------------------------------------------------------------------------------------------
                                             -3.750000   data required time
                                             -4.560429   data arrival time
---------------------------------------------------------------------------------------------
                                              8.310428   slack (MET)


Startpoint: A[31] (input port clocked by __VIRTUAL_CLK__)
Endpoint: statusOut (output port clocked by __VIRTUAL_CLK__)
Path Group: __VIRTUAL_CLK__
Path Type: min

Fanout         Cap        Slew       Delay        Time   Description
---------------------------------------------------------------------------------------------
                      0.000000    0.000000    0.000000   clock __VIRTUAL_CLK__ (rise edge)
                                  0.000000    0.000000   clock network delay (ideal)
                                  4.000000    4.000000 v input external delay
     3    0.009774    0.047480    0.029071    4.029071 v A[31] (in)
                                                         A[31] (net)
                      0.047480    0.000000    4.029071 v _887_/B2 (sky130_fd_sc_hd__o32ai_2)
     1    0.002432    0.192537    0.118311    4.147383 ^ _887_/Y (sky130_fd_sc_hd__o32ai_2)
                                                         _426_ (net)
                      0.192537    0.000000    4.147383 ^ _890_/A2 (sky130_fd_sc_hd__a21o_2)
     1    0.033442    0.268607    0.436891    4.584273 ^ _890_/X (sky130_fd_sc_hd__a21o_2)
                                                         statusOut (net)
                      0.268607    0.000000    4.584273 ^ statusOut (out)
                                              4.584273   data arrival time

                      0.000000    0.000000    0.000000   clock __VIRTUAL_CLK__ (rise edge)
                                  0.000000    0.000000   clock network delay (ideal)
                                  0.250000    0.250000   clock uncertainty
                                  0.000000    0.250000   clock reconvergence pessimism
                                 -4.000000   -3.750000   output external delay
                                             -3.750000   data required time
---------------------------------------------------------------------------------------------
                                             -3.750000   data required time
                                             -4.584273   data arrival time
---------------------------------------------------------------------------------------------
                                              8.334274   slack (MET)


Startpoint: B[6] (input port clocked by __VIRTUAL_CLK__)
Endpoint: y[6] (output port clocked by __VIRTUAL_CLK__)
Path Group: __VIRTUAL_CLK__
Path Type: min

Fanout         Cap        Slew       Delay        Time   Description
---------------------------------------------------------------------------------------------
                      0.000000    0.000000    0.000000   clock __VIRTUAL_CLK__ (rise edge)
                                  0.000000    0.000000   clock network delay (ideal)
                                  4.000000    4.000000 v input external delay
     5    0.023232    0.103037    0.067824    4.067824 v B[6] (in)
                                                         B[6] (net)
                      0.103037    0.000000    4.067824 v _519_/B (sky130_fd_sc_hd__nor2_2)
     3    0.009679    0.216600    0.207277    4.275102 ^ _519_/Y (sky130_fd_sc_hd__nor2_2)
                                                         _084_ (net)
                      0.216600    0.000000    4.275102 ^ _530_/A2 (sky130_fd_sc_hd__o21ai_2)
     1    0.033442    0.284172    0.310009    4.585111 v _530_/Y (sky130_fd_sc_hd__o21ai_2)
                                                         y[6] (net)
                      0.284172    0.000000    4.585111 v y[6] (out)
                                              4.585111   data arrival time

                      0.000000    0.000000    0.000000   clock __VIRTUAL_CLK__ (rise edge)
                                  0.000000    0.000000   clock network delay (ideal)
                                  0.250000    0.250000   clock uncertainty
                                  0.000000    0.250000   clock reconvergence pessimism
                                 -4.000000   -3.750000   output external delay
                                             -3.750000   data required time
---------------------------------------------------------------------------------------------
                                             -3.750000   data required time
                                             -4.585111   data arrival time
---------------------------------------------------------------------------------------------
                                              8.335111   slack (MET)


Startpoint: A[11] (input port clocked by __VIRTUAL_CLK__)
Endpoint: y[11] (output port clocked by __VIRTUAL_CLK__)
Path Group: __VIRTUAL_CLK__
Path Type: min

Fanout         Cap        Slew       Delay        Time   Description
---------------------------------------------------------------------------------------------
                      0.000000    0.000000    0.000000   clock __VIRTUAL_CLK__ (rise edge)
                                  0.000000    0.000000   clock network delay (ideal)
                                  4.000000    4.000000 v input external delay
     4    0.018436    0.082771    0.053915    4.053915 v A[11] (in)
                                                         A[11] (net)
                      0.082771    0.000000    4.053915 v _584_/A (sky130_fd_sc_hd__nand2_2)
     2    0.005045    0.063426    0.091926    4.145841 ^ _584_/Y (sky130_fd_sc_hd__nand2_2)
                                                         _144_ (net)
                      0.063426    0.000000    4.145841 ^ _595_/A2 (sky130_fd_sc_hd__o21a_2)
     1    0.004518    0.068835    0.216311    4.362152 ^ _595_/X (sky130_fd_sc_hd__o21a_2)
                                                         _155_ (net)
                      0.068835    0.000000    4.362152 ^ _596_/B1 (sky130_fd_sc_hd__o21ai_2)
     1    0.033442    0.284795    0.256843    4.618995 v _596_/Y (sky130_fd_sc_hd__o21ai_2)
                                                         y[11] (net)
                      0.284795    0.000000    4.618995 v y[11] (out)
                                              4.618995   data arrival time

                      0.000000    0.000000    0.000000   clock __VIRTUAL_CLK__ (rise edge)
                                  0.000000    0.000000   clock network delay (ideal)
                                  0.250000    0.250000   clock uncertainty
                                  0.000000    0.250000   clock reconvergence pessimism
                                 -4.000000   -3.750000   output external delay
                                             -3.750000   data required time
---------------------------------------------------------------------------------------------
                                             -3.750000   data required time
                                             -4.618995   data arrival time
---------------------------------------------------------------------------------------------
                                              8.368995   slack (MET)


Startpoint: B[1] (input port clocked by __VIRTUAL_CLK__)
Endpoint: y[1] (output port clocked by __VIRTUAL_CLK__)
Path Group: __VIRTUAL_CLK__
Path Type: min

Fanout         Cap        Slew       Delay        Time   Description
---------------------------------------------------------------------------------------------
                      0.000000    0.000000    0.000000   clock __VIRTUAL_CLK__ (rise edge)
                                  0.000000    0.000000   clock network delay (ideal)
                                  4.000000    4.000000 ^ input external delay
     4    0.019404    0.148235    0.094012    4.094012 ^ B[1] (in)
                                                         B[1] (net)
                      0.148235    0.000000    4.094012 ^ _461_/A2 (sky130_fd_sc_hd__o21ai_2)
     1    0.002288    0.047139    0.108981    4.202993 v _461_/Y (sky130_fd_sc_hd__o21ai_2)
                                                         _031_ (net)
                      0.047139    0.000000    4.202993 v _462_/C1 (sky130_fd_sc_hd__o221a_2)
     1    0.004270    0.060197    0.208557    4.411551 v _462_/X (sky130_fd_sc_hd__o221a_2)
                                                         _032_ (net)
                      0.060197    0.000000    4.411551 v _463_/B1 (sky130_fd_sc_hd__o21ai_2)
     1    0.033442    0.322286    0.243643    4.655194 ^ _463_/Y (sky130_fd_sc_hd__o21ai_2)
                                                         y[1] (net)
                      0.322286    0.000000    4.655194 ^ y[1] (out)
                                              4.655194   data arrival time

                      0.000000    0.000000    0.000000   clock __VIRTUAL_CLK__ (rise edge)
                                  0.000000    0.000000   clock network delay (ideal)
                                  0.250000    0.250000   clock uncertainty
                                  0.000000    0.250000   clock reconvergence pessimism
                                 -4.000000   -3.750000   output external delay
                                             -3.750000   data required time
---------------------------------------------------------------------------------------------
                                             -3.750000   data required time
                                             -4.655194   data arrival time
---------------------------------------------------------------------------------------------
                                              8.405194   slack (MET)


Startpoint: B[7] (input port clocked by __VIRTUAL_CLK__)
Endpoint: y[7] (output port clocked by __VIRTUAL_CLK__)
Path Group: __VIRTUAL_CLK__
Path Type: min

Fanout         Cap        Slew       Delay        Time   Description
---------------------------------------------------------------------------------------------
                      0.000000    0.000000    0.000000   clock __VIRTUAL_CLK__ (rise edge)
                                  0.000000    0.000000   clock network delay (ideal)
                                  4.000000    4.000000 ^ input external delay
     4    0.019404    0.148235    0.094012    4.094012 ^ B[7] (in)
                                                         B[7] (net)
                      0.148235    0.000000    4.094012 ^ _537_/A2 (sky130_fd_sc_hd__o21ai_2)
     1    0.002288    0.047139    0.108981    4.202993 v _537_/Y (sky130_fd_sc_hd__o21ai_2)
                                                         _101_ (net)
                      0.047139    0.000000    4.202993 v _538_/C1 (sky130_fd_sc_hd__o221a_2)
     1    0.004270    0.060197    0.208557    4.411551 v _538_/X (sky130_fd_sc_hd__o221a_2)
                                                         _102_ (net)
                      0.060197    0.000000    4.411551 v _539_/B1 (sky130_fd_sc_hd__o21ai_2)
     1    0.033442    0.322286    0.243643    4.655194 ^ _539_/Y (sky130_fd_sc_hd__o21ai_2)
                                                         y[7] (net)
                      0.322286    0.000000    4.655194 ^ y[7] (out)
                                              4.655194   data arrival time

                      0.000000    0.000000    0.000000   clock __VIRTUAL_CLK__ (rise edge)
                                  0.000000    0.000000   clock network delay (ideal)
                                  0.250000    0.250000   clock uncertainty
                                  0.000000    0.250000   clock reconvergence pessimism
                                 -4.000000   -3.750000   output external delay
                                             -3.750000   data required time
---------------------------------------------------------------------------------------------
                                             -3.750000   data required time
                                             -4.655194   data arrival time
---------------------------------------------------------------------------------------------
                                              8.405194   slack (MET)


Startpoint: A[20] (input port clocked by __VIRTUAL_CLK__)
Endpoint: y[20] (output port clocked by __VIRTUAL_CLK__)
Path Group: __VIRTUAL_CLK__
Path Type: min

Fanout         Cap        Slew       Delay        Time   Description
---------------------------------------------------------------------------------------------
                      0.000000    0.000000    0.000000   clock __VIRTUAL_CLK__ (rise edge)
                                  0.000000    0.000000   clock network delay (ideal)
                                  4.000000    4.000000 ^ input external delay
     5    0.021826    0.165203    0.105379    4.105379 ^ A[20] (in)
                                                         A[20] (net)
                      0.165203    0.000000    4.105379 ^ _724_/A2 (sky130_fd_sc_hd__o21ai_2)
     1    0.002288    0.048416    0.114240    4.219619 v _724_/Y (sky130_fd_sc_hd__o21ai_2)
                                                         _275_ (net)
                      0.048416    0.000000    4.219619 v _725_/C1 (sky130_fd_sc_hd__o221a_2)
     1    0.004270    0.060193    0.209129    4.428748 v _725_/X (sky130_fd_sc_hd__o221a_2)
                                                         _276_ (net)
                      0.060193    0.000000    4.428748 v _726_/B1 (sky130_fd_sc_hd__o21ai_2)
     1    0.033442    0.322286    0.243642    4.672390 ^ _726_/Y (sky130_fd_sc_hd__o21ai_2)
                                                         y[20] (net)
                      0.322286    0.000000    4.672390 ^ y[20] (out)
                                              4.672390   data arrival time

                      0.000000    0.000000    0.000000   clock __VIRTUAL_CLK__ (rise edge)
                                  0.000000    0.000000   clock network delay (ideal)
                                  0.250000    0.250000   clock uncertainty
                                  0.000000    0.250000   clock reconvergence pessimism
                                 -4.000000   -3.750000   output external delay
                                             -3.750000   data required time
---------------------------------------------------------------------------------------------
                                             -3.750000   data required time
                                             -4.672390   data arrival time
---------------------------------------------------------------------------------------------
                                              8.422390   slack (MET)


Startpoint: A[17] (input port clocked by __VIRTUAL_CLK__)
Endpoint: y[17] (output port clocked by __VIRTUAL_CLK__)
Path Group: __VIRTUAL_CLK__
Path Type: min

Fanout         Cap        Slew       Delay        Time   Description
---------------------------------------------------------------------------------------------
                      0.000000    0.000000    0.000000   clock __VIRTUAL_CLK__ (rise edge)
                                  0.000000    0.000000   clock network delay (ideal)
                                  4.000000    4.000000 ^ input external delay
     5    0.016160    0.125827    0.078740    4.078740 ^ A[17] (in)
                                                         A[17] (net)
                      0.125827    0.000000    4.078740 ^ _680_/A2 (sky130_fd_sc_hd__a31o_2)
     1    0.002547    0.054171    0.309728    4.388468 ^ _680_/X (sky130_fd_sc_hd__a31o_2)
                                                         _234_ (net)
                      0.054171    0.000000    4.388468 ^ _681_/B1 (sky130_fd_sc_hd__a21o_2)
     1    0.033442    0.268489    0.292697    4.681165 ^ _681_/X (sky130_fd_sc_hd__a21o_2)
                                                         y[17] (net)
                      0.268489    0.000000    4.681165 ^ y[17] (out)
                                              4.681165   data arrival time

                      0.000000    0.000000    0.000000   clock __VIRTUAL_CLK__ (rise edge)
                                  0.000000    0.000000   clock network delay (ideal)
                                  0.250000    0.250000   clock uncertainty
                                  0.000000    0.250000   clock reconvergence pessimism
                                 -4.000000   -3.750000   output external delay
                                             -3.750000   data required time
---------------------------------------------------------------------------------------------
                                             -3.750000   data required time
                                             -4.681165   data arrival time
---------------------------------------------------------------------------------------------
                                              8.431166   slack (MET)


Startpoint: B[9] (input port clocked by __VIRTUAL_CLK__)
Endpoint: y[9] (output port clocked by __VIRTUAL_CLK__)
Path Group: __VIRTUAL_CLK__
Path Type: min

Fanout         Cap        Slew       Delay        Time   Description
---------------------------------------------------------------------------------------------
                      0.000000    0.000000    0.000000   clock __VIRTUAL_CLK__ (rise edge)
                                  0.000000    0.000000   clock network delay (ideal)
                                  4.000000    4.000000 ^ input external delay
     5    0.023879    0.179585    0.115014    4.115014 ^ B[9] (in)
                                                         B[9] (net)
                      0.179585    0.000000    4.115014 ^ _567_/A2 (sky130_fd_sc_hd__o21ai_2)
     1    0.002288    0.049499    0.118697    4.233711 v _567_/Y (sky130_fd_sc_hd__o21ai_2)
                                                         _129_ (net)
                      0.049499    0.000000    4.233711 v _568_/C1 (sky130_fd_sc_hd__o221a_2)
     1    0.004270    0.060190    0.209614    4.443325 v _568_/X (sky130_fd_sc_hd__o221a_2)
                                                         _130_ (net)
                      0.060190    0.000000    4.443325 v _569_/B1 (sky130_fd_sc_hd__o21ai_2)
     1    0.033442    0.322286    0.243640    4.686965 ^ _569_/Y (sky130_fd_sc_hd__o21ai_2)
                                                         y[9] (net)
                      0.322286    0.000000    4.686965 ^ y[9] (out)
                                              4.686965   data arrival time

                      0.000000    0.000000    0.000000   clock __VIRTUAL_CLK__ (rise edge)
                                  0.000000    0.000000   clock network delay (ideal)
                                  0.250000    0.250000   clock uncertainty
                                  0.000000    0.250000   clock reconvergence pessimism
                                 -4.000000   -3.750000   output external delay
                                             -3.750000   data required time
---------------------------------------------------------------------------------------------
                                             -3.750000   data required time
                                             -4.686965   data arrival time
---------------------------------------------------------------------------------------------
                                              8.436965   slack (MET)


Startpoint: B[14] (input port clocked by __VIRTUAL_CLK__)
Endpoint: y[14] (output port clocked by __VIRTUAL_CLK__)
Path Group: __VIRTUAL_CLK__
Path Type: min

Fanout         Cap        Slew       Delay        Time   Description
---------------------------------------------------------------------------------------------
                      0.000000    0.000000    0.000000   clock __VIRTUAL_CLK__ (rise edge)
                                  0.000000    0.000000   clock network delay (ideal)
                                  4.000000    4.000000 ^ input external delay
     5    0.024065    0.180888    0.115887    4.115887 ^ B[14] (in)
                                                         B[14] (net)
                      0.180888    0.000000    4.115887 ^ _634_/A2 (sky130_fd_sc_hd__o21ai_2)
     1    0.002288    0.049597    0.119101    4.234988 v _634_/Y (sky130_fd_sc_hd__o21ai_2)
                                                         _191_ (net)
                      0.049597    0.000000    4.234988 v _635_/C1 (sky130_fd_sc_hd__o221a_2)
     1    0.004270    0.060189    0.209658    4.444646 v _635_/X (sky130_fd_sc_hd__o221a_2)
                                                         _192_ (net)
                      0.060189    0.000000    4.444646 v _636_/B1 (sky130_fd_sc_hd__o21ai_2)
     1    0.033442    0.322286    0.243640    4.688286 ^ _636_/Y (sky130_fd_sc_hd__o21ai_2)
                                                         y[14] (net)
                      0.322286    0.000000    4.688286 ^ y[14] (out)
                                              4.688286   data arrival time

                      0.000000    0.000000    0.000000   clock __VIRTUAL_CLK__ (rise edge)
                                  0.000000    0.000000   clock network delay (ideal)
                                  0.250000    0.250000   clock uncertainty
                                  0.000000    0.250000   clock reconvergence pessimism
                                 -4.000000   -3.750000   output external delay
                                             -3.750000   data required time
---------------------------------------------------------------------------------------------
                                             -3.750000   data required time
                                             -4.688286   data arrival time
---------------------------------------------------------------------------------------------
                                              8.438286   slack (MET)


Startpoint: B[8] (input port clocked by __VIRTUAL_CLK__)
Endpoint: y[8] (output port clocked by __VIRTUAL_CLK__)
Path Group: __VIRTUAL_CLK__
Path Type: min

Fanout         Cap        Slew       Delay        Time   Description
---------------------------------------------------------------------------------------------
                      0.000000    0.000000    0.000000   clock __VIRTUAL_CLK__ (rise edge)
                                  0.000000    0.000000   clock network delay (ideal)
                                  4.000000    4.000000 ^ input external delay
     6    0.024470    0.183725    0.117788    4.117788 ^ B[8] (in)
                                                         B[8] (net)
                      0.183725    0.000000    4.117788 ^ _556_/A2 (sky130_fd_sc_hd__o21ai_2)
     1    0.002288    0.049811    0.119980    4.237768 v _556_/Y (sky130_fd_sc_hd__o21ai_2)
                                                         _119_ (net)
                      0.049811    0.000000    4.237768 v _557_/C1 (sky130_fd_sc_hd__o221a_2)
     1    0.004270    0.060189    0.209753    4.447521 v _557_/X (sky130_fd_sc_hd__o221a_2)
                                                         _120_ (net)
                      0.060189    0.000000    4.447521 v _558_/B1 (sky130_fd_sc_hd__o21ai_2)
     1    0.033442    0.322286    0.243640    4.691161 ^ _558_/Y (sky130_fd_sc_hd__o21ai_2)
                                                         y[8] (net)
                      0.322286    0.000000    4.691161 ^ y[8] (out)
                                              4.691161   data arrival time

                      0.000000    0.000000    0.000000   clock __VIRTUAL_CLK__ (rise edge)
                                  0.000000    0.000000   clock network delay (ideal)
                                  0.250000    0.250000   clock uncertainty
                                  0.000000    0.250000   clock reconvergence pessimism
                                 -4.000000   -3.750000   output external delay
                                             -3.750000   data required time
---------------------------------------------------------------------------------------------
                                             -3.750000   data required time
                                             -4.691161   data arrival time
---------------------------------------------------------------------------------------------
                                              8.441161   slack (MET)


Startpoint: B[4] (input port clocked by __VIRTUAL_CLK__)
Endpoint: y[4] (output port clocked by __VIRTUAL_CLK__)
Path Group: __VIRTUAL_CLK__
Path Type: min

Fanout         Cap        Slew       Delay        Time   Description
---------------------------------------------------------------------------------------------
                      0.000000    0.000000    0.000000   clock __VIRTUAL_CLK__ (rise edge)
                                  0.000000    0.000000   clock network delay (ideal)
                                  4.000000    4.000000 ^ input external delay
     5    0.025305    0.189575    0.121707    4.121706 ^ B[4] (in)
                                                         B[4] (net)
                      0.189575    0.000000    4.121706 ^ _504_/A2 (sky130_fd_sc_hd__o21ai_2)
     1    0.002288    0.050251    0.121793    4.243499 v _504_/Y (sky130_fd_sc_hd__o21ai_2)
                                                         _071_ (net)
                      0.050251    0.000000    4.243499 v _505_/C1 (sky130_fd_sc_hd__o221a_2)
     1    0.004270    0.060187    0.209950    4.453450 v _505_/X (sky130_fd_sc_hd__o221a_2)
                                                         _072_ (net)
                      0.060187    0.000000    4.453450 v _506_/B1 (sky130_fd_sc_hd__o21ai_2)
     1    0.033442    0.322286    0.243639    4.697089 ^ _506_/Y (sky130_fd_sc_hd__o21ai_2)
                                                         y[4] (net)
                      0.322286    0.000000    4.697089 ^ y[4] (out)
                                              4.697089   data arrival time

                      0.000000    0.000000    0.000000   clock __VIRTUAL_CLK__ (rise edge)
                                  0.000000    0.000000   clock network delay (ideal)
                                  0.250000    0.250000   clock uncertainty
                                  0.000000    0.250000   clock reconvergence pessimism
                                 -4.000000   -3.750000   output external delay
                                             -3.750000   data required time
---------------------------------------------------------------------------------------------
                                             -3.750000   data required time
                                             -4.697089   data arrival time
---------------------------------------------------------------------------------------------
                                              8.447088   slack (MET)


Startpoint: B[13] (input port clocked by __VIRTUAL_CLK__)
Endpoint: y[13] (output port clocked by __VIRTUAL_CLK__)
Path Group: __VIRTUAL_CLK__
Path Type: min

Fanout         Cap        Slew       Delay        Time   Description
---------------------------------------------------------------------------------------------
                      0.000000    0.000000    0.000000   clock __VIRTUAL_CLK__ (rise edge)
                                  0.000000    0.000000   clock network delay (ideal)
                                  4.000000    4.000000 ^ input external delay
     6    0.025849    0.193386    0.124260    4.124260 ^ B[13] (in)
                                                         B[13] (net)
                      0.193386    0.000000    4.124260 ^ _621_/A2 (sky130_fd_sc_hd__o21ai_2)
     1    0.002288    0.050538    0.122974    4.247234 v _621_/Y (sky130_fd_sc_hd__o21ai_2)
                                                         _179_ (net)
                      0.050538    0.000000    4.247234 v _622_/C1 (sky130_fd_sc_hd__o221a_2)
     1    0.004270    0.060187    0.210079    4.457313 v _622_/X (sky130_fd_sc_hd__o221a_2)
                                                         _180_ (net)
                      0.060187    0.000000    4.457313 v _623_/B1 (sky130_fd_sc_hd__o21ai_2)
     1    0.033442    0.322286    0.243639    4.700952 ^ _623_/Y (sky130_fd_sc_hd__o21ai_2)
                                                         y[13] (net)
                      0.322286    0.000000    4.700952 ^ y[13] (out)
                                              4.700952   data arrival time

                      0.000000    0.000000    0.000000   clock __VIRTUAL_CLK__ (rise edge)
                                  0.000000    0.000000   clock network delay (ideal)
                                  0.250000    0.250000   clock uncertainty
                                  0.000000    0.250000   clock reconvergence pessimism
                                 -4.000000   -3.750000   output external delay
                                             -3.750000   data required time
---------------------------------------------------------------------------------------------
                                             -3.750000   data required time
                                             -4.700952   data arrival time
---------------------------------------------------------------------------------------------
                                              8.450953   slack (MET)


Startpoint: A[30] (input port clocked by __VIRTUAL_CLK__)
Endpoint: y[30] (output port clocked by __VIRTUAL_CLK__)
Path Group: __VIRTUAL_CLK__
Path Type: min

Fanout         Cap        Slew       Delay        Time   Description
---------------------------------------------------------------------------------------------
                      0.000000    0.000000    0.000000   clock __VIRTUAL_CLK__ (rise edge)
                                  0.000000    0.000000   clock network delay (ideal)
                                  4.000000    4.000000 v input external delay
     5    0.012639    0.059153    0.037288    4.037288 v A[30] (in)
                                                         A[30] (net)
                      0.059153    0.000000    4.037288 v _858_/A (sky130_fd_sc_hd__nand2_2)
     3    0.009502    0.097521    0.106061    4.143350 ^ _858_/Y (sky130_fd_sc_hd__nand2_2)
                                                         _399_ (net)
                      0.097521    0.000000    4.143350 ^ _861_/A (sky130_fd_sc_hd__nand2_2)
     3    0.010751    0.110625    0.129968    4.273318 v _861_/Y (sky130_fd_sc_hd__nand2_2)
                                                         _402_ (net)
                      0.110625    0.000000    4.273318 v _868_/A (sky130_fd_sc_hd__nand2_2)
     1    0.002449    0.050174    0.087827    4.361145 ^ _868_/Y (sky130_fd_sc_hd__nand2_2)
                                                         _409_ (net)
                      0.050174    0.000000    4.361145 ^ _872_/A1 (sky130_fd_sc_hd__a21o_2)
     1    0.033442    0.268518    0.373376    4.734522 ^ _872_/X (sky130_fd_sc_hd__a21o_2)
                                                         y[30] (net)
                      0.268518    0.000000    4.734522 ^ y[30] (out)
                                              4.734522   data arrival time

                      0.000000    0.000000    0.000000   clock __VIRTUAL_CLK__ (rise edge)
                                  0.000000    0.000000   clock network delay (ideal)
                                  0.250000    0.250000   clock uncertainty
                                  0.000000    0.250000   clock reconvergence pessimism
                                 -4.000000   -3.750000   output external delay
                                             -3.750000   data required time
---------------------------------------------------------------------------------------------
                                             -3.750000   data required time
                                             -4.734522   data arrival time
---------------------------------------------------------------------------------------------
                                              8.484522   slack (MET)


Startpoint: A[16] (input port clocked by __VIRTUAL_CLK__)
Endpoint: y[16] (output port clocked by __VIRTUAL_CLK__)
Path Group: __VIRTUAL_CLK__
Path Type: min

Fanout         Cap        Slew       Delay        Time   Description
---------------------------------------------------------------------------------------------
                      0.000000    0.000000    0.000000   clock __VIRTUAL_CLK__ (rise edge)
                                  0.000000    0.000000   clock network delay (ideal)
                                  4.000000    4.000000 ^ input external delay
     4    0.009801    0.082052    0.048781    4.048781 ^ A[16] (in)
                                                         A[16] (net)
                      0.082052    0.000000    4.048781 ^ _654_/B (sky130_fd_sc_hd__nand2_2)
     3    0.006906    0.080083    0.113946    4.162727 v _654_/Y (sky130_fd_sc_hd__nand2_2)
                                                         _209_ (net)
                      0.080083    0.000000    4.162727 v _668_/B (sky130_fd_sc_hd__nor2_2)
     1    0.002446    0.096097    0.111703    4.274430 ^ _668_/Y (sky130_fd_sc_hd__nor2_2)
                                                         _223_ (net)
                      0.096097    0.000000    4.274430 ^ _669_/C1 (sky130_fd_sc_hd__a221o_2)
     1    0.002547    0.053535    0.176614    4.451045 ^ _669_/X (sky130_fd_sc_hd__a221o_2)
                                                         _224_ (net)
                      0.053535    0.000000    4.451045 ^ _670_/B1 (sky130_fd_sc_hd__a21o_2)
     1    0.033442    0.268482    0.292416    4.743461 ^ _670_/X (sky130_fd_sc_hd__a21o_2)
                                                         y[16] (net)
                      0.268482    0.000000    4.743461 ^ y[16] (out)
                                              4.743461   data arrival time

                      0.000000    0.000000    0.000000   clock __VIRTUAL_CLK__ (rise edge)
                                  0.000000    0.000000   clock network delay (ideal)
                                  0.250000    0.250000   clock uncertainty
                                  0.000000    0.250000   clock reconvergence pessimism
                                 -4.000000   -3.750000   output external delay
                                             -3.750000   data required time
---------------------------------------------------------------------------------------------
                                             -3.750000   data required time
                                             -4.743461   data arrival time
---------------------------------------------------------------------------------------------
                                              8.493461   slack (MET)


Startpoint: A[25] (input port clocked by __VIRTUAL_CLK__)
Endpoint: y[25] (output port clocked by __VIRTUAL_CLK__)
Path Group: __VIRTUAL_CLK__
Path Type: min

Fanout         Cap        Slew       Delay        Time   Description
---------------------------------------------------------------------------------------------
                      0.000000    0.000000    0.000000   clock __VIRTUAL_CLK__ (rise edge)
                                  0.000000    0.000000   clock network delay (ideal)
                                  4.000000    4.000000 ^ input external delay
     4    0.012234    0.098801    0.060243    4.060243 ^ A[25] (in)
                                                         A[25] (net)
                      0.098801    0.000000    4.060243 ^ _786_/B (sky130_fd_sc_hd__nor2_2)
     2    0.004632    0.037063    0.071537    4.131780 v _786_/Y (sky130_fd_sc_hd__nor2_2)
                                                         _332_ (net)
                      0.037063    0.000000    4.131780 v _796_/B1 (sky130_fd_sc_hd__o22a_2)
     1    0.004296    0.081255    0.358304    4.490084 v _796_/X (sky130_fd_sc_hd__o22a_2)
                                                         _342_ (net)
                      0.081255    0.000000    4.490084 v _797_/C1 (sky130_fd_sc_hd__o211ai_2)
     1    0.033442    0.331360    0.256428    4.746512 ^ _797_/Y (sky130_fd_sc_hd__o211ai_2)
                                                         y[25] (net)
                      0.331360    0.000000    4.746512 ^ y[25] (out)
                                              4.746512   data arrival time

                      0.000000    0.000000    0.000000   clock __VIRTUAL_CLK__ (rise edge)
                                  0.000000    0.000000   clock network delay (ideal)
                                  0.250000    0.250000   clock uncertainty
                                  0.000000    0.250000   clock reconvergence pessimism
                                 -4.000000   -3.750000   output external delay
                                             -3.750000   data required time
---------------------------------------------------------------------------------------------
                                             -3.750000   data required time
                                             -4.746512   data arrival time
---------------------------------------------------------------------------------------------
                                              8.496512   slack (MET)


Startpoint: A[26] (input port clocked by __VIRTUAL_CLK__)
Endpoint: y[26] (output port clocked by __VIRTUAL_CLK__)
Path Group: __VIRTUAL_CLK__
Path Type: min

Fanout         Cap        Slew       Delay        Time   Description
---------------------------------------------------------------------------------------------
                      0.000000    0.000000    0.000000   clock __VIRTUAL_CLK__ (rise edge)
                                  0.000000    0.000000   clock network delay (ideal)
                                  4.000000    4.000000 ^ input external delay
     3    0.010817    0.089046    0.053568    4.053568 ^ A[26] (in)
                                                         A[26] (net)
                      0.089046    0.000000    4.053568 ^ _798_/B (sky130_fd_sc_hd__nor2_2)
     3    0.005703    0.039154    0.071646    4.125214 v _798_/Y (sky130_fd_sc_hd__nor2_2)
                                                         _343_ (net)
                      0.039154    0.000000    4.125214 v _809_/A2 (sky130_fd_sc_hd__o22a_2)
     1    0.004296    0.081192    0.371580    4.496794 v _809_/X (sky130_fd_sc_hd__o22a_2)
                                                         _354_ (net)
                      0.081192    0.000000    4.496794 v _810_/C1 (sky130_fd_sc_hd__o211ai_2)
     1    0.033442    0.331360    0.256399    4.753193 ^ _810_/Y (sky130_fd_sc_hd__o211ai_2)
                                                         y[26] (net)
                      0.331360    0.000000    4.753193 ^ y[26] (out)
                                              4.753193   data arrival time

                      0.000000    0.000000    0.000000   clock __VIRTUAL_CLK__ (rise edge)
                                  0.000000    0.000000   clock network delay (ideal)
                                  0.250000    0.250000   clock uncertainty
                                  0.000000    0.250000   clock reconvergence pessimism
                                 -4.000000   -3.750000   output external delay
                                             -3.750000   data required time
---------------------------------------------------------------------------------------------
                                             -3.750000   data required time
                                             -4.753193   data arrival time
---------------------------------------------------------------------------------------------
                                              8.503193   slack (MET)


Startpoint: B[21] (input port clocked by __VIRTUAL_CLK__)
Endpoint: y[21] (output port clocked by __VIRTUAL_CLK__)
Path Group: __VIRTUAL_CLK__
Path Type: min

Fanout         Cap        Slew       Delay        Time   Description
---------------------------------------------------------------------------------------------
                      0.000000    0.000000    0.000000   clock __VIRTUAL_CLK__ (rise edge)
                                  0.000000    0.000000   clock network delay (ideal)
                                  4.000000    4.000000 v input external delay
     5    0.017903    0.080600    0.052386    4.052386 v B[21] (in)
                                                         B[21] (net)
                      0.080600    0.000000    4.052386 v _727_/A (sky130_fd_sc_hd__nand2_2)
     1    0.002537    0.044863    0.076934    4.129320 ^ _727_/Y (sky130_fd_sc_hd__nand2_2)
                                                         _277_ (net)
                      0.044863    0.000000    4.129320 ^ _736_/A2 (sky130_fd_sc_hd__o221a_2)
     1    0.004518    0.094675    0.373790    4.503110 ^ _736_/X (sky130_fd_sc_hd__o221a_2)
                                                         _286_ (net)
                      0.094675    0.000000    4.503110 ^ _737_/B1 (sky130_fd_sc_hd__o21ai_2)
     1    0.033442    0.284795    0.266915    4.770026 v _737_/Y (sky130_fd_sc_hd__o21ai_2)
                                                         y[21] (net)
                      0.284795    0.000000    4.770026 v y[21] (out)
                                              4.770026   data arrival time

                      0.000000    0.000000    0.000000   clock __VIRTUAL_CLK__ (rise edge)
                                  0.000000    0.000000   clock network delay (ideal)
                                  0.250000    0.250000   clock uncertainty
                                  0.000000    0.250000   clock reconvergence pessimism
                                 -4.000000   -3.750000   output external delay
                                             -3.750000   data required time
---------------------------------------------------------------------------------------------
                                             -3.750000   data required time
                                             -4.770026   data arrival time
---------------------------------------------------------------------------------------------
                                              8.520026   slack (MET)


Startpoint: B[23] (input port clocked by __VIRTUAL_CLK__)
Endpoint: y[23] (output port clocked by __VIRTUAL_CLK__)
Path Group: __VIRTUAL_CLK__
Path Type: min

Fanout         Cap        Slew       Delay        Time   Description
---------------------------------------------------------------------------------------------
                      0.000000    0.000000    0.000000   clock __VIRTUAL_CLK__ (rise edge)
                                  0.000000    0.000000   clock network delay (ideal)
                                  4.000000    4.000000 v input external delay
     3    0.007189    0.036948    0.021657    4.021657 v B[23] (in)
                                                         B[23] (net)
                      0.036948    0.000000    4.021657 v _753_/A (sky130_fd_sc_hd__nand2_2)
     3    0.009513    0.097457    0.096461    4.118118 ^ _753_/Y (sky130_fd_sc_hd__nand2_2)
                                                         _301_ (net)
                      0.097457    0.000000    4.118118 ^ _765_/A2 (sky130_fd_sc_hd__o221a_2)
     1    0.004518    0.094771    0.394831    4.512949 ^ _765_/X (sky130_fd_sc_hd__o221a_2)
                                                         _313_ (net)
                      0.094771    0.000000    4.512949 ^ _766_/B1 (sky130_fd_sc_hd__o21ai_2)
     1    0.033442    0.284364    0.266952    4.779902 v _766_/Y (sky130_fd_sc_hd__o21ai_2)
                                                         y[23] (net)
                      0.284364    0.000000    4.779902 v y[23] (out)
                                              4.779902   data arrival time

                      0.000000    0.000000    0.000000   clock __VIRTUAL_CLK__ (rise edge)
                                  0.000000    0.000000   clock network delay (ideal)
                                  0.250000    0.250000   clock uncertainty
                                  0.000000    0.250000   clock reconvergence pessimism
                                 -4.000000   -3.750000   output external delay
                                             -3.750000   data required time
---------------------------------------------------------------------------------------------
                                             -3.750000   data required time
                                             -4.779902   data arrival time
---------------------------------------------------------------------------------------------
                                              8.529902   slack (MET)


Startpoint: A[24] (input port clocked by __VIRTUAL_CLK__)
Endpoint: y[24] (output port clocked by __VIRTUAL_CLK__)
Path Group: __VIRTUAL_CLK__
Path Type: min

Fanout         Cap        Slew       Delay        Time   Description
---------------------------------------------------------------------------------------------
                      0.000000    0.000000    0.000000   clock __VIRTUAL_CLK__ (rise edge)
                                  0.000000    0.000000   clock network delay (ideal)
                                  4.000000    4.000000 ^ input external delay
     3    0.007552    0.066570    0.038185    4.038186 ^ A[24] (in)
                                                         A[24] (net)
                      0.066570    0.000000    4.038186 ^ _767_/B (sky130_fd_sc_hd__or2_2)
     2    0.009163    0.096871    0.199985    4.238170 ^ _767_/X (sky130_fd_sc_hd__or2_2)
                                                         _314_ (net)
                      0.096871    0.000000    4.238170 ^ _782_/B (sky130_fd_sc_hd__nand2_2)
     1    0.002288    0.045010    0.091435    4.329605 v _782_/Y (sky130_fd_sc_hd__nand2_2)
                                                         _329_ (net)
                      0.045010    0.000000    4.329605 v _783_/C1 (sky130_fd_sc_hd__o221a_2)
     1    0.004270    0.060203    0.207604    4.537210 v _783_/X (sky130_fd_sc_hd__o221a_2)
                                                         _330_ (net)
                      0.060203    0.000000    4.537210 v _784_/B1 (sky130_fd_sc_hd__o21ai_2)
     1    0.033442    0.322286    0.243646    4.780855 ^ _784_/Y (sky130_fd_sc_hd__o21ai_2)
                                                         y[24] (net)
                      0.322286    0.000000    4.780855 ^ y[24] (out)
                                              4.780855   data arrival time

                      0.000000    0.000000    0.000000   clock __VIRTUAL_CLK__ (rise edge)
                                  0.000000    0.000000   clock network delay (ideal)
                                  0.250000    0.250000   clock uncertainty
                                  0.000000    0.250000   clock reconvergence pessimism
                                 -4.000000   -3.750000   output external delay
                                             -3.750000   data required time
---------------------------------------------------------------------------------------------
                                             -3.750000   data required time
                                             -4.780855   data arrival time
---------------------------------------------------------------------------------------------
                                              8.530855   slack (MET)


Startpoint: B[27] (input port clocked by __VIRTUAL_CLK__)
Endpoint: y[27] (output port clocked by __VIRTUAL_CLK__)
Path Group: __VIRTUAL_CLK__
Path Type: min

Fanout         Cap        Slew       Delay        Time   Description
---------------------------------------------------------------------------------------------
                      0.000000    0.000000    0.000000   clock __VIRTUAL_CLK__ (rise edge)
                                  0.000000    0.000000   clock network delay (ideal)
                                  4.000000    4.000000 v input external delay
     4    0.011435    0.054247    0.033835    4.033835 v B[27] (in)
                                                         B[27] (net)
                      0.054247    0.000000    4.033835 v _811_/A (sky130_fd_sc_hd__nand2_2)
     3    0.009430    0.096925    0.103537    4.137372 ^ _811_/Y (sky130_fd_sc_hd__nand2_2)
                                                         _355_ (net)
                      0.096925    0.000000    4.137372 ^ _814_/A (sky130_fd_sc_hd__nand2_2)
     6    0.015812    0.150842    0.159671    4.297042 v _814_/Y (sky130_fd_sc_hd__nand2_2)
                                                         _358_ (net)
                      0.150842    0.000000    4.297042 v _824_/B (sky130_fd_sc_hd__nor2_2)
     1    0.001546    0.091032    0.128165    4.425207 ^ _824_/Y (sky130_fd_sc_hd__nor2_2)
                                                         _368_ (net)
                      0.091032    0.000000    4.425207 ^ _826_/B (sky130_fd_sc_hd__or3b_2)
     1    0.033442    0.304782    0.361334    4.786541 ^ _826_/X (sky130_fd_sc_hd__or3b_2)
                                                         y[27] (net)
                      0.304782    0.000000    4.786541 ^ y[27] (out)
                                              4.786541   data arrival time

                      0.000000    0.000000    0.000000   clock __VIRTUAL_CLK__ (rise edge)
                                  0.000000    0.000000   clock network delay (ideal)
                                  0.250000    0.250000   clock uncertainty
                                  0.000000    0.250000   clock reconvergence pessimism
                                 -4.000000   -3.750000   output external delay
                                             -3.750000   data required time
---------------------------------------------------------------------------------------------
                                             -3.750000   data required time
                                             -4.786541   data arrival time
---------------------------------------------------------------------------------------------
                                              8.536541   slack (MET)


Startpoint: A[19] (input port clocked by __VIRTUAL_CLK__)
Endpoint: y[19] (output port clocked by __VIRTUAL_CLK__)
Path Group: __VIRTUAL_CLK__
Path Type: min

Fanout         Cap        Slew       Delay        Time   Description
---------------------------------------------------------------------------------------------
                      0.000000    0.000000    0.000000   clock __VIRTUAL_CLK__ (rise edge)
                                  0.000000    0.000000   clock network delay (ideal)
                                  4.000000    4.000000 ^ input external delay
     3    0.004395    0.044601    0.022955    4.022955 ^ A[19] (in)
                                                         A[19] (net)
                      0.044601    0.000000    4.022955 ^ _701_/B (sky130_fd_sc_hd__or2_2)
     3    0.011612    0.115009    0.203783    4.226738 ^ _701_/X (sky130_fd_sc_hd__or2_2)
                                                         _253_ (net)
                      0.115009    0.000000    4.226738 ^ _711_/B1 (sky130_fd_sc_hd__a221o_2)
     1    0.002547    0.053602    0.269092    4.495830 ^ _711_/X (sky130_fd_sc_hd__a221o_2)
                                                         _263_ (net)
                      0.053602    0.000000    4.495830 ^ _712_/B1 (sky130_fd_sc_hd__a21o_2)
     1    0.033442    0.268483    0.292445    4.788275 ^ _712_/X (sky130_fd_sc_hd__a21o_2)
                                                         y[19] (net)
                      0.268483    0.000000    4.788275 ^ y[19] (out)
                                              4.788275   data arrival time

                      0.000000    0.000000    0.000000   clock __VIRTUAL_CLK__ (rise edge)
                                  0.000000    0.000000   clock network delay (ideal)
                                  0.250000    0.250000   clock uncertainty
                                  0.000000    0.250000   clock reconvergence pessimism
                                 -4.000000   -3.750000   output external delay
                                             -3.750000   data required time
---------------------------------------------------------------------------------------------
                                             -3.750000   data required time
                                             -4.788275   data arrival time
---------------------------------------------------------------------------------------------
                                              8.538275   slack (MET)


Startpoint: A[3] (input port clocked by __VIRTUAL_CLK__)
Endpoint: y[3] (output port clocked by __VIRTUAL_CLK__)
Path Group: __VIRTUAL_CLK__
Path Type: min

Fanout         Cap        Slew       Delay        Time   Description
---------------------------------------------------------------------------------------------
                      0.000000    0.000000    0.000000   clock __VIRTUAL_CLK__ (rise edge)
                                  0.000000    0.000000   clock network delay (ideal)
                                  4.000000    4.000000 v input external delay
     3    0.010005    0.048421    0.029734    4.029734 v A[3] (in)
                                                         A[3] (net)
                      0.048421    0.000000    4.029734 v _478_/A (sky130_fd_sc_hd__nand2_2)
     3    0.009603    0.098238    0.101939    4.131673 ^ _478_/Y (sky130_fd_sc_hd__nand2_2)
                                                         _046_ (net)
                      0.098238    0.000000    4.131673 ^ _488_/A2 (sky130_fd_sc_hd__o221a_2)
     1    0.004518    0.094742    0.395108    4.526782 ^ _488_/X (sky130_fd_sc_hd__o221a_2)
                                                         _056_ (net)
                      0.094742    0.000000    4.526782 ^ _489_/B1 (sky130_fd_sc_hd__o21ai_2)
     1    0.033442    0.284365    0.266941    4.793723 v _489_/Y (sky130_fd_sc_hd__o21ai_2)
                                                         y[3] (net)
                      0.284365    0.000000    4.793723 v y[3] (out)
                                              4.793723   data arrival time

                      0.000000    0.000000    0.000000   clock __VIRTUAL_CLK__ (rise edge)
                                  0.000000    0.000000   clock network delay (ideal)
                                  0.250000    0.250000   clock uncertainty
                                  0.000000    0.250000   clock reconvergence pessimism
                                 -4.000000   -3.750000   output external delay
                                             -3.750000   data required time
---------------------------------------------------------------------------------------------
                                             -3.750000   data required time
                                             -4.793723   data arrival time
---------------------------------------------------------------------------------------------
                                              8.543722   slack (MET)


Startpoint: A[22] (input port clocked by __VIRTUAL_CLK__)
Endpoint: y[22] (output port clocked by __VIRTUAL_CLK__)
Path Group: __VIRTUAL_CLK__
Path Type: min

Fanout         Cap        Slew       Delay        Time   Description
---------------------------------------------------------------------------------------------
                      0.000000    0.000000    0.000000   clock __VIRTUAL_CLK__ (rise edge)
                                  0.000000    0.000000   clock network delay (ideal)
                                  4.000000    4.000000 ^ input external delay
     4    0.012887    0.103296    0.063320    4.063320 ^ A[22] (in)
                                                         A[22] (net)
                      0.103296    0.000000    4.063320 ^ _739_/B (sky130_fd_sc_hd__or2_2)
     2    0.004941    0.065721    0.192184    4.255504 ^ _739_/X (sky130_fd_sc_hd__or2_2)
                                                         _288_ (net)
                      0.065721    0.000000    4.255504 ^ _751_/B1 (sky130_fd_sc_hd__a221o_2)
     1    0.002547    0.053603    0.249148    4.504652 ^ _751_/X (sky130_fd_sc_hd__a221o_2)
                                                         _300_ (net)
                      0.053603    0.000000    4.504652 ^ _752_/B1 (sky130_fd_sc_hd__a21o_2)
     1    0.033442    0.268483    0.292446    4.797098 ^ _752_/X (sky130_fd_sc_hd__a21o_2)
                                                         y[22] (net)
                      0.268483    0.000000    4.797098 ^ y[22] (out)
                                              4.797098   data arrival time

                      0.000000    0.000000    0.000000   clock __VIRTUAL_CLK__ (rise edge)
                                  0.000000    0.000000   clock network delay (ideal)
                                  0.250000    0.250000   clock uncertainty
                                  0.000000    0.250000   clock reconvergence pessimism
                                 -4.000000   -3.750000   output external delay
                                             -3.750000   data required time
---------------------------------------------------------------------------------------------
                                             -3.750000   data required time
                                             -4.797098   data arrival time
---------------------------------------------------------------------------------------------
                                              8.547097   slack (MET)


Startpoint: A[28] (input port clocked by __VIRTUAL_CLK__)
Endpoint: y[28] (output port clocked by __VIRTUAL_CLK__)
Path Group: __VIRTUAL_CLK__
Path Type: min

Fanout         Cap        Slew       Delay        Time   Description
---------------------------------------------------------------------------------------------
                      0.000000    0.000000    0.000000   clock __VIRTUAL_CLK__ (rise edge)
                                  0.000000    0.000000   clock network delay (ideal)
                                  4.000000    4.000000 v input external delay
     5    0.014513    0.066788    0.042663    4.042663 v A[28] (in)
                                                         A[28] (net)
                      0.066788    0.000000    4.042663 v _829_/A (sky130_fd_sc_hd__nand2_2)
     3    0.007463    0.081597    0.098281    4.140944 ^ _829_/Y (sky130_fd_sc_hd__nand2_2)
                                                         _372_ (net)
                      0.081597    0.000000    4.140944 ^ _845_/A2 (sky130_fd_sc_hd__o221a_2)
     1    0.004518    0.094805    0.389201    4.530145 ^ _845_/X (sky130_fd_sc_hd__o221a_2)
                                                         _388_ (net)
                      0.094805    0.000000    4.530145 ^ _846_/B1 (sky130_fd_sc_hd__o21ai_2)
     1    0.033442    0.284790    0.266965    4.797110 v _846_/Y (sky130_fd_sc_hd__o21ai_2)
                                                         y[28] (net)
                      0.284790    0.000000    4.797110 v y[28] (out)
                                              4.797110   data arrival time

                      0.000000    0.000000    0.000000   clock __VIRTUAL_CLK__ (rise edge)
                                  0.000000    0.000000   clock network delay (ideal)
                                  0.250000    0.250000   clock uncertainty
                                  0.000000    0.250000   clock reconvergence pessimism
                                 -4.000000   -3.750000   output external delay
                                             -3.750000   data required time
---------------------------------------------------------------------------------------------
                                             -3.750000   data required time
                                             -4.797110   data arrival time
---------------------------------------------------------------------------------------------
                                              8.547110   slack (MET)


Startpoint: A[18] (input port clocked by __VIRTUAL_CLK__)
Endpoint: y[18] (output port clocked by __VIRTUAL_CLK__)
Path Group: __VIRTUAL_CLK__
Path Type: min

Fanout         Cap        Slew       Delay        Time   Description
---------------------------------------------------------------------------------------------
                      0.000000    0.000000    0.000000   clock __VIRTUAL_CLK__ (rise edge)
                                  0.000000    0.000000   clock network delay (ideal)
                                  4.000000    4.000000 ^ input external delay
     4    0.009077    0.077068    0.045370    4.045370 ^ A[18] (in)
                                                         A[18] (net)
                      0.077068    0.000000    4.045370 ^ _683_/B (sky130_fd_sc_hd__nor2_2)
     2    0.003528    0.029694    0.060524    4.105894 v _683_/Y (sky130_fd_sc_hd__nor2_2)
                                                         _236_ (net)
                      0.029694    0.000000    4.105894 v _698_/A2 (sky130_fd_sc_hd__o221a_2)
     1    0.004270    0.060200    0.458090    4.563983 v _698_/X (sky130_fd_sc_hd__o221a_2)
                                                         _251_ (net)
                      0.060200    0.000000    4.563983 v _699_/B1 (sky130_fd_sc_hd__o21ai_2)
     1    0.033442    0.322286    0.243645    4.807628 ^ _699_/Y (sky130_fd_sc_hd__o21ai_2)
                                                         y[18] (net)
                      0.322286    0.000000    4.807628 ^ y[18] (out)
                                              4.807628   data arrival time

                      0.000000    0.000000    0.000000   clock __VIRTUAL_CLK__ (rise edge)
                                  0.000000    0.000000   clock network delay (ideal)
                                  0.250000    0.250000   clock uncertainty
                                  0.000000    0.250000   clock reconvergence pessimism
                                 -4.000000   -3.750000   output external delay
                                             -3.750000   data required time
---------------------------------------------------------------------------------------------
                                             -3.750000   data required time
                                             -4.807628   data arrival time
---------------------------------------------------------------------------------------------
                                              8.557628   slack (MET)


Startpoint: A[31] (input port clocked by __VIRTUAL_CLK__)
Endpoint: y[31] (output port clocked by __VIRTUAL_CLK__)
Path Group: __VIRTUAL_CLK__
Path Type: min

Fanout         Cap        Slew       Delay        Time   Description
---------------------------------------------------------------------------------------------
                      0.000000    0.000000    0.000000   clock __VIRTUAL_CLK__ (rise edge)
                                  0.000000    0.000000   clock network delay (ideal)
                                  4.000000    4.000000 v input external delay
     3    0.009774    0.047480    0.029071    4.029071 v A[31] (in)
                                                         A[31] (net)
                      0.047480    0.000000    4.029071 v _873_/A (sky130_fd_sc_hd__nand2_2)
     3    0.011678    0.114442    0.112761    4.141832 ^ _873_/Y (sky130_fd_sc_hd__nand2_2)
                                                         _413_ (net)
                      0.114442    0.000000    4.141832 ^ _885_/A2 (sky130_fd_sc_hd__o221a_2)
     1    0.004518    0.094735    0.400861    4.542694 ^ _885_/X (sky130_fd_sc_hd__o221a_2)
                                                         _425_ (net)
                      0.094735    0.000000    4.542694 ^ _886_/B1 (sky130_fd_sc_hd__o21ai_2)
     1    0.033442    0.284790    0.266938    4.809632 v _886_/Y (sky130_fd_sc_hd__o21ai_2)
                                                         y[31] (net)
                      0.284790    0.000000    4.809632 v y[31] (out)
                                              4.809632   data arrival time

                      0.000000    0.000000    0.000000   clock __VIRTUAL_CLK__ (rise edge)
                                  0.000000    0.000000   clock network delay (ideal)
                                  0.250000    0.250000   clock uncertainty
                                  0.000000    0.250000   clock reconvergence pessimism
                                 -4.000000   -3.750000   output external delay
                                             -3.750000   data required time
---------------------------------------------------------------------------------------------
                                             -3.750000   data required time
                                             -4.809632   data arrival time
---------------------------------------------------------------------------------------------
                                              8.559631   slack (MET)


Startpoint: opCode[2] (input port clocked by __VIRTUAL_CLK__)
Endpoint: y[15] (output port clocked by __VIRTUAL_CLK__)
Path Group: __VIRTUAL_CLK__
Path Type: min

Fanout         Cap        Slew       Delay        Time   Description
---------------------------------------------------------------------------------------------
                      0.000000    0.000000    0.000000   clock __VIRTUAL_CLK__ (rise edge)
                                  0.000000    0.000000   clock network delay (ideal)
                                  4.000000    4.000000 ^ input external delay
    11    0.025152    0.188503    0.120989    4.120989 ^ opCode[2] (in)
                                                         opCode[2] (net)
                      0.188503    0.000000    4.120989 ^ _444_/A (sky130_fd_sc_hd__nor2_2)
    13    0.033434    0.152537    0.204050    4.325039 v _444_/Y (sky130_fd_sc_hd__nor2_2)
                                                         _015_ (net)
                      0.152537    0.000000    4.325039 v _652_/A1 (sky130_fd_sc_hd__a21o_2)
     1    0.033442    0.182002    0.489487    4.814526 v _652_/X (sky130_fd_sc_hd__a21o_2)
                                                         y[15] (net)
                      0.182002    0.000000    4.814526 v y[15] (out)
                                              4.814526   data arrival time

                      0.000000    0.000000    0.000000   clock __VIRTUAL_CLK__ (rise edge)
                                  0.000000    0.000000   clock network delay (ideal)
                                  0.250000    0.250000   clock uncertainty
                                  0.000000    0.250000   clock reconvergence pessimism
                                 -4.000000   -3.750000   output external delay
                                             -3.750000   data required time
---------------------------------------------------------------------------------------------
                                             -3.750000   data required time
                                             -4.814526   data arrival time
---------------------------------------------------------------------------------------------
                                              8.564526   slack (MET)


Startpoint: B[2] (input port clocked by __VIRTUAL_CLK__)
Endpoint: y[2] (output port clocked by __VIRTUAL_CLK__)
Path Group: __VIRTUAL_CLK__
Path Type: min

Fanout         Cap        Slew       Delay        Time   Description
---------------------------------------------------------------------------------------------
                      0.000000    0.000000    0.000000   clock __VIRTUAL_CLK__ (rise edge)
                                  0.000000    0.000000   clock network delay (ideal)
                                  4.000000    4.000000 ^ input external delay
     4    0.019395    0.148172    0.093970    4.093970 ^ B[2] (in)
                                                         B[2] (net)
                      0.148172    0.000000    4.093970 ^ _466_/B (sky130_fd_sc_hd__xnor2_2)
     6    0.017104    0.183400    0.218705    4.312675 v _466_/Y (sky130_fd_sc_hd__xnor2_2)
                                                         _035_ (net)
                      0.183400    0.000000    4.312675 v _473_/A (sky130_fd_sc_hd__xnor2_2)
     1    0.004691    0.072092    0.277153    4.589828 ^ _473_/Y (sky130_fd_sc_hd__xnor2_2)
                                                         _042_ (net)
                      0.072092    0.000000    4.589828 ^ _476_/A2 (sky130_fd_sc_hd__o21ai_2)
     1    0.033442    0.284791    0.257786    4.847613 v _476_/Y (sky130_fd_sc_hd__o21ai_2)
                                                         y[2] (net)
                      0.284791    0.000000    4.847613 v y[2] (out)
                                              4.847613   data arrival time

                      0.000000    0.000000    0.000000   clock __VIRTUAL_CLK__ (rise edge)
                                  0.000000    0.000000   clock network delay (ideal)
                                  0.250000    0.250000   clock uncertainty
                                  0.000000    0.250000   clock reconvergence pessimism
                                 -4.000000   -3.750000   output external delay
                                             -3.750000   data required time
---------------------------------------------------------------------------------------------
                                             -3.750000   data required time
                                             -4.847613   data arrival time
---------------------------------------------------------------------------------------------
                                              8.597613   slack (MET)


Startpoint: A[28] (input port clocked by __VIRTUAL_CLK__)
Endpoint: y[29] (output port clocked by __VIRTUAL_CLK__)
Path Group: __VIRTUAL_CLK__
Path Type: min

Fanout         Cap        Slew       Delay        Time   Description
---------------------------------------------------------------------------------------------
                      0.000000    0.000000    0.000000   clock __VIRTUAL_CLK__ (rise edge)
                                  0.000000    0.000000   clock network delay (ideal)
                                  4.000000    4.000000 ^ input external delay
     5    0.015524    0.121449    0.075744    4.075744 ^ A[28] (in)
                                                         A[28] (net)
                      0.121449    0.000000    4.075744 ^ _829_/A (sky130_fd_sc_hd__nand2_2)
     3    0.006906    0.082480    0.116138    4.191882 v _829_/Y (sky130_fd_sc_hd__nand2_2)
                                                         _372_ (net)
                      0.082480    0.000000    4.191882 v _851_/C1 (sky130_fd_sc_hd__o211a_2)
     2    0.006889    0.065102    0.223988    4.415871 v _851_/X (sky130_fd_sc_hd__o211a_2)
                                                         _393_ (net)
                      0.065102    0.000000    4.415871 v _853_/A1 (sky130_fd_sc_hd__o21ai_2)
     1    0.002481    0.073163    0.186484    4.602355 ^ _853_/Y (sky130_fd_sc_hd__o21ai_2)
                                                         _395_ (net)
                      0.073163    0.000000    4.602355 ^ _857_/A1 (sky130_fd_sc_hd__a21bo_2)
     1    0.033442    0.288579    0.403708    5.006063 ^ _857_/X (sky130_fd_sc_hd__a21bo_2)
                                                         y[29] (net)
                      0.288579    0.000000    5.006063 ^ y[29] (out)
                                              5.006063   data arrival time

                      0.000000    0.000000    0.000000   clock __VIRTUAL_CLK__ (rise edge)
                                  0.000000    0.000000   clock network delay (ideal)
                                  0.250000    0.250000   clock uncertainty
                                  0.000000    0.250000   clock reconvergence pessimism
                                 -4.000000   -3.750000   output external delay
                                             -3.750000   data required time
---------------------------------------------------------------------------------------------
                                             -3.750000   data required time
                                             -5.006063   data arrival time
---------------------------------------------------------------------------------------------
                                              8.756063   slack (MET)



