
===========================================================================
report_checks -unconstrained
===========================================================================
======================= min_tt_025C_1v80 Corner ===================================

Startpoint: sub (input port clocked by __VIRTUAL_CLK__)
Endpoint: S[27] (output port clocked by __VIRTUAL_CLK__)
Path Group: __VIRTUAL_CLK__
Path Type: max

Fanout         Cap        Slew       Delay        Time   Description
---------------------------------------------------------------------------------------------
                      0.000000    0.000000    0.000000   clock __VIRTUAL_CLK__ (rise edge)
                                  0.000000    0.000000   clock network delay (ideal)
                                  0.800000    0.800000 ^ input external delay
     1    0.008326    0.043965    0.030017    0.830017 ^ sub (in)
                                                         sub (net)
                      0.043965    0.000000    0.830017 ^ input65/A (sky130_fd_sc_hd__buf_8)
     3    0.024666    0.051404    0.109394    0.939411 ^ input65/X (sky130_fd_sc_hd__buf_8)
                                                         net65 (net)
                      0.051404    0.000162    0.939573 ^ fanout118/A (sky130_fd_sc_hd__clkbuf_2)
     5    0.029351    0.163392    0.200246    1.139819 ^ fanout118/X (sky130_fd_sc_hd__clkbuf_2)
                                                         net118 (net)
                      0.163405    0.001245    1.141064 ^ fanout116/A (sky130_fd_sc_hd__buf_6)
     7    0.041589    0.091122    0.178244    1.319308 ^ fanout116/X (sky130_fd_sc_hd__buf_6)
                                                         net116 (net)
                      0.091130    0.001010    1.320319 ^ load_slew117/A (sky130_fd_sc_hd__buf_2)
     4    0.030025    0.150623    0.211023    1.531342 ^ load_slew117/X (sky130_fd_sc_hd__buf_2)
                                                         net117 (net)
                      0.150623    0.000368    1.531711 ^ _360_/B1 (sky130_fd_sc_hd__a31o_2)
     1    0.005421    0.050356    0.140619    1.672329 ^ _360_/X (sky130_fd_sc_hd__a31o_2)
                                                         _083_ (net)
                      0.050356    0.000038    1.672367 ^ _361_/B1 (sky130_fd_sc_hd__a21oi_2)
     1    0.002446    0.033609    0.030749    1.703116 v _361_/Y (sky130_fd_sc_hd__a21oi_2)
                                                         _084_ (net)
                      0.033609    0.000022    1.703138 v _362_/B1 (sky130_fd_sc_hd__a31o_2)
     3    0.010637    0.056733    0.243869    1.947007 v _362_/X (sky130_fd_sc_hd__a31o_2)
                                                         _085_ (net)
                      0.056733    0.000219    1.947226 v _367_/A2 (sky130_fd_sc_hd__a21bo_4)
     2    0.008499    0.039551    0.231341    2.178567 v _367_/X (sky130_fd_sc_hd__a21bo_4)
                                                         _090_ (net)
                      0.039551    0.000079    2.178646 v _370_/A1 (sky130_fd_sc_hd__a211o_4)
     2    0.009089    0.056320    0.340028    2.518674 v _370_/X (sky130_fd_sc_hd__a211o_4)
                                                         _093_ (net)
                      0.056320    0.000241    2.518915 v _466_/A2 (sky130_fd_sc_hd__a311o_4)
     3    0.014529    0.071406    0.415229    2.934144 v _466_/X (sky130_fd_sc_hd__a311o_4)
                                                         _181_ (net)
                      0.071406    0.000313    2.934456 v _496_/A2 (sky130_fd_sc_hd__a21o_4)
     3    0.009191    0.038981    0.238195    3.172652 v _496_/X (sky130_fd_sc_hd__a21o_4)
                                                         _209_ (net)
                      0.038981    0.000117    3.172768 v _506_/A (sky130_fd_sc_hd__and4_2)
     1    0.003457    0.041677    0.180315    3.353084 v _506_/X (sky130_fd_sc_hd__and4_2)
                                                         _218_ (net)
                      0.041677    0.000042    3.353126 v _508_/B (sky130_fd_sc_hd__or4b_4)
     1    0.018007    0.110623    0.580493    3.933619 v _508_/X (sky130_fd_sc_hd__or4b_4)
                                                         _220_ (net)
                      0.110623    0.000326    3.933944 v _509_/A (sky130_fd_sc_hd__xnor2_4)
     1    0.005046    0.110193    0.180306    4.114250 ^ _509_/Y (sky130_fd_sc_hd__xnor2_4)
                                                         net85 (net)
                      0.110193    0.000023    4.114273 ^ output85/A (sky130_fd_sc_hd__buf_6)
     1    0.035426    0.079144    0.156348    4.270621 ^ output85/X (sky130_fd_sc_hd__buf_6)
                                                         S[27] (net)
                      0.079144    0.000275    4.270896 ^ S[27] (out)
                                              4.270896   data arrival time

                      0.000000    4.000000    4.000000   clock __VIRTUAL_CLK__ (rise edge)
                                  0.000000    4.000000   clock network delay (ideal)
                                 -0.250000    3.750000   clock uncertainty
                                  0.000000    3.750000   clock reconvergence pessimism
                                 -0.800000    2.950000   output external delay
                                              2.950000   data required time
---------------------------------------------------------------------------------------------
                                              2.950000   data required time
                                             -4.270896   data arrival time
---------------------------------------------------------------------------------------------
                                             -1.320896   slack (VIOLATED)




===========================================================================
report_checks --slack_max -0.01
============================================================================
======================= min_tt_025C_1v80 Corner ===================================

Startpoint: sub (input port clocked by __VIRTUAL_CLK__)
Endpoint: S[27] (output port clocked by __VIRTUAL_CLK__)
Path Group: __VIRTUAL_CLK__
Path Type: max

Fanout         Cap        Slew       Delay        Time   Description
---------------------------------------------------------------------------------------------
                      0.000000    0.000000    0.000000   clock __VIRTUAL_CLK__ (rise edge)
                                  0.000000    0.000000   clock network delay (ideal)
                                  0.800000    0.800000 ^ input external delay
     1    0.008326    0.043965    0.030017    0.830017 ^ sub (in)
                                                         sub (net)
                      0.043965    0.000000    0.830017 ^ input65/A (sky130_fd_sc_hd__buf_8)
     3    0.024666    0.051404    0.109394    0.939411 ^ input65/X (sky130_fd_sc_hd__buf_8)
                                                         net65 (net)
                      0.051404    0.000162    0.939573 ^ fanout118/A (sky130_fd_sc_hd__clkbuf_2)
     5    0.029351    0.163392    0.200246    1.139819 ^ fanout118/X (sky130_fd_sc_hd__clkbuf_2)
                                                         net118 (net)
                      0.163405    0.001245    1.141064 ^ fanout116/A (sky130_fd_sc_hd__buf_6)
     7    0.041589    0.091122    0.178244    1.319308 ^ fanout116/X (sky130_fd_sc_hd__buf_6)
                                                         net116 (net)
                      0.091130    0.001010    1.320319 ^ load_slew117/A (sky130_fd_sc_hd__buf_2)
     4    0.030025    0.150623    0.211023    1.531342 ^ load_slew117/X (sky130_fd_sc_hd__buf_2)
                                                         net117 (net)
                      0.150623    0.000368    1.531711 ^ _360_/B1 (sky130_fd_sc_hd__a31o_2)
     1    0.005421    0.050356    0.140619    1.672329 ^ _360_/X (sky130_fd_sc_hd__a31o_2)
                                                         _083_ (net)
                      0.050356    0.000038    1.672367 ^ _361_/B1 (sky130_fd_sc_hd__a21oi_2)
     1    0.002446    0.033609    0.030749    1.703116 v _361_/Y (sky130_fd_sc_hd__a21oi_2)
                                                         _084_ (net)
                      0.033609    0.000022    1.703138 v _362_/B1 (sky130_fd_sc_hd__a31o_2)
     3    0.010637    0.056733    0.243869    1.947007 v _362_/X (sky130_fd_sc_hd__a31o_2)
                                                         _085_ (net)
                      0.056733    0.000219    1.947226 v _367_/A2 (sky130_fd_sc_hd__a21bo_4)
     2    0.008499    0.039551    0.231341    2.178567 v _367_/X (sky130_fd_sc_hd__a21bo_4)
                                                         _090_ (net)
                      0.039551    0.000079    2.178646 v _370_/A1 (sky130_fd_sc_hd__a211o_4)
     2    0.009089    0.056320    0.340028    2.518674 v _370_/X (sky130_fd_sc_hd__a211o_4)
                                                         _093_ (net)
                      0.056320    0.000241    2.518915 v _466_/A2 (sky130_fd_sc_hd__a311o_4)
     3    0.014529    0.071406    0.415229    2.934144 v _466_/X (sky130_fd_sc_hd__a311o_4)
                                                         _181_ (net)
                      0.071406    0.000313    2.934456 v _496_/A2 (sky130_fd_sc_hd__a21o_4)
     3    0.009191    0.038981    0.238195    3.172652 v _496_/X (sky130_fd_sc_hd__a21o_4)
                                                         _209_ (net)
                      0.038981    0.000117    3.172768 v _506_/A (sky130_fd_sc_hd__and4_2)
     1    0.003457    0.041677    0.180315    3.353084 v _506_/X (sky130_fd_sc_hd__and4_2)
                                                         _218_ (net)
                      0.041677    0.000042    3.353126 v _508_/B (sky130_fd_sc_hd__or4b_4)
     1    0.018007    0.110623    0.580493    3.933619 v _508_/X (sky130_fd_sc_hd__or4b_4)
                                                         _220_ (net)
                      0.110623    0.000326    3.933944 v _509_/A (sky130_fd_sc_hd__xnor2_4)
     1    0.005046    0.110193    0.180306    4.114250 ^ _509_/Y (sky130_fd_sc_hd__xnor2_4)
                                                         net85 (net)
                      0.110193    0.000023    4.114273 ^ output85/A (sky130_fd_sc_hd__buf_6)
     1    0.035426    0.079144    0.156348    4.270621 ^ output85/X (sky130_fd_sc_hd__buf_6)
                                                         S[27] (net)
                      0.079144    0.000275    4.270896 ^ S[27] (out)
                                              4.270896   data arrival time

                      0.000000    4.000000    4.000000   clock __VIRTUAL_CLK__ (rise edge)
                                  0.000000    4.000000   clock network delay (ideal)
                                 -0.250000    3.750000   clock uncertainty
                                  0.000000    3.750000   clock reconvergence pessimism
                                 -0.800000    2.950000   output external delay
                                              2.950000   data required time
---------------------------------------------------------------------------------------------
                                              2.950000   data required time
                                             -4.270896   data arrival time
---------------------------------------------------------------------------------------------
                                             -1.320896   slack (VIOLATED)




===========================================================================
 report_check_types -max_slew -max_cap -max_fanout -violators
============================================================================
======================= min_tt_025C_1v80 Corner ===================================



===========================================================================
report_parasitic_annotation -report_unannotated
============================================================================
Found 0 unannotated drivers.
Found 0 partially unannotated drivers.

===========================================================================
max slew violation count 0
max fanout violation count 0
max cap violation count 0
============================================================================

===========================================================================
check_setup -verbose -unconstrained_endpoints -multiple_clock -no_clock -no_input_delay -loops -generated_clocks
===========================================================================
