
===========================================================================
Violator List
============================================================================
[setup in-out] sub -> S[27] : -1.320896
[setup in-out] sub -> S[31] : -1.310278
[setup in-out] sub -> S[29] : -1.279690
[setup in-out] sub -> S[21] : -1.249699
[setup in-out] sub -> S[23] : -1.205553
[setup in-out] sub -> carryOut : -1.092529
[setup in-out] sub -> S[30] : -0.993322
[setup in-out] sub -> S[13] : -0.980935
[setup in-out] sub -> S[25] : -0.959909
[setup in-out] sub -> S[22] : -0.945871
[setup in-out] sub -> S[20] : -0.878861
[setup in-out] sub -> S[15] : -0.869586
[setup in-out] sub -> S[19] : -0.854286
[setup in-out] sub -> S[17] : -0.827490
[setup in-out] sub -> S[26] : -0.743348
[setup in-out] sub -> S[10] : -0.734252
[setup in-out] sub -> S[24] : -0.654086
[setup in-out] sub -> S[28] : -0.646677
[setup in-out] sub -> S[14] : -0.486010
[setup in-out] sub -> S[18] : -0.473363
[setup in-out] sub -> S[5] : -0.406980
[setup in-out] sub -> S[11] : -0.396391
[setup in-out] sub -> S[6] : -0.329069
[setup in-out] sub -> S[16] : -0.239218
[setup in-out] sub -> S[7] : -0.228622
[setup in-out] sub -> S[9] : -0.204362
[setup in-out] sub -> S[12] : -0.063888
[setup in-out] sub -> S[3] : -0.054525
