
17. Executing PROC_DLATCH pass (convert process syncs to latches).
No latch inferred for signal `\ALU.\y' from process `\ALU.$proc$/home/admin/Documents/Projekty/Hobby/Nauka/RISC-5/.v/DDCA/code/exercises/ALU/systemIverilog/alu.sv:8$1'.
No latch inferred for signal `\ALU.\statusOut' from process `\ALU.$proc$/home/admin/Documents/Projekty/Hobby/Nauka/RISC-5/.v/DDCA/code/exercises/ALU/systemIverilog/alu.sv:8$1'.
No latch inferred for signal `\subBLA_4bit.\C' from process `\subBLA_4bit.$proc$/home/admin/Documents/Projekty/Hobby/Nauka/RISC-5/.v/DDCA/code/exercises/ALU/systemIverilog/fullSub.sv:3$77'.
No latch inferred for signal `\subBLA_4bit.\D' from process `\subBLA_4bit.$proc$/home/admin/Documents/Projekty/Hobby/Nauka/RISC-5/.v/DDCA/code/exercises/ALU/systemIverilog/fullSub.sv:3$77'.
No latch inferred for signal `\subBLA_4bit.\G' from process `\subBLA_4bit.$proc$/home/admin/Documents/Projekty/Hobby/Nauka/RISC-5/.v/DDCA/code/exercises/ALU/systemIverilog/fullSub.sv:3$77'.
No latch inferred for signal `\subBLA_4bit.\P' from process `\subBLA_4bit.$proc$/home/admin/Documents/Projekty/Hobby/Nauka/RISC-5/.v/DDCA/code/exercises/ALU/systemIverilog/fullSub.sv:3$77'.
No latch inferred for signal `\subBLA_4bit.\Gg' from process `\subBLA_4bit.$proc$/home/admin/Documents/Projekty/Hobby/Nauka/RISC-5/.v/DDCA/code/exercises/ALU/systemIverilog/fullSub.sv:3$77'.
No latch inferred for signal `\subBLA_4bit.\Pg' from process `\subBLA_4bit.$proc$/home/admin/Documents/Projekty/Hobby/Nauka/RISC-5/.v/DDCA/code/exercises/ALU/systemIverilog/fullSub.sv:3$77'.
No latch inferred for signal `\subBLA_16bit.\C' from process `\subBLA_16bit.$proc$/home/admin/Documents/Projekty/Hobby/Nauka/RISC-5/.v/DDCA/code/exercises/ALU/systemIverilog/fullSub.sv:28$48'.
No latch inferred for signal `\subBLA_16bit.\PgH' from process `\subBLA_16bit.$proc$/home/admin/Documents/Projekty/Hobby/Nauka/RISC-5/.v/DDCA/code/exercises/ALU/systemIverilog/fullSub.sv:28$48'.
No latch inferred for signal `\subBLA_16bit.\GgH' from process `\subBLA_16bit.$proc$/home/admin/Documents/Projekty/Hobby/Nauka/RISC-5/.v/DDCA/code/exercises/ALU/systemIverilog/fullSub.sv:28$48'.
No latch inferred for signal `\subBLA_32bit.\C' from process `\subBLA_32bit.$proc$/home/admin/Documents/Projekty/Hobby/Nauka/RISC-5/.v/DDCA/code/exercises/ALU/systemIverilog/fullSub.sv:47$5'.
No latch inferred for signal `\subBLA_32bit.\underflow' from process `\subBLA_32bit.$proc$/home/admin/Documents/Projekty/Hobby/Nauka/RISC-5/.v/DDCA/code/exercises/ALU/systemIverilog/fullSub.sv:47$5'.
No latch inferred for signal `\adderCLA_4bit.\C' from process `\adderCLA_4bit.$proc$/home/admin/Documents/Projekty/Hobby/Nauka/RISC-5/.v/DDCA/code/exercises/ALU/systemIverilog/fullAdder.sv:3$112'.
No latch inferred for signal `\adderCLA_4bit.\G' from process `\adderCLA_4bit.$proc$/home/admin/Documents/Projekty/Hobby/Nauka/RISC-5/.v/DDCA/code/exercises/ALU/systemIverilog/fullAdder.sv:3$112'.
No latch inferred for signal `\adderCLA_4bit.\P' from process `\adderCLA_4bit.$proc$/home/admin/Documents/Projekty/Hobby/Nauka/RISC-5/.v/DDCA/code/exercises/ALU/systemIverilog/fullAdder.sv:3$112'.
No latch inferred for signal `\adderCLA_4bit.\S' from process `\adderCLA_4bit.$proc$/home/admin/Documents/Projekty/Hobby/Nauka/RISC-5/.v/DDCA/code/exercises/ALU/systemIverilog/fullAdder.sv:3$112'.
No latch inferred for signal `\adderCLA_4bit.\Gg' from process `\adderCLA_4bit.$proc$/home/admin/Documents/Projekty/Hobby/Nauka/RISC-5/.v/DDCA/code/exercises/ALU/systemIverilog/fullAdder.sv:3$112'.
No latch inferred for signal `\adderCLA_4bit.\Pg' from process `\adderCLA_4bit.$proc$/home/admin/Documents/Projekty/Hobby/Nauka/RISC-5/.v/DDCA/code/exercises/ALU/systemIverilog/fullAdder.sv:3$112'.
