Reading timing models for corner nom_tt_025C_1v80…
Reading timing library for the 'nom_tt_025C_1v80' corner at '/home/admin/.ciel/ciel/sky130/versions/8afc8346a57fe1ab7934ba5a6056ea8b43078e71/sky130A/libs.ref/sky130_fd_sc_hd/lib/sky130_fd_sc_hd__tt_025C_1v80.lib'…
Reading OpenROAD database at '/home/admin/Documents/Projekty/Hobby/Nauka/RISC-5/.v/DDCA/code/exercises/ALUDesignIverilog/ALU/systemIverilog/build/runs/RUN_2026-09-29_07-44-16/41-openroad-repairantennas/1-openroad-diodeinsertion/addsub32.odb'…
Reading design constraints file at '/nix/store/33pw6r3szpqrlxwi0ri36rfq68whzq26-python3-3.13.9-env/lib/python3.13/site-packages/librelane/scripts/base.sdc'…
[WARNING STA-0366] port '__VIRTUAL_CLK__' not found.
[INFO] Using clock __VIRTUAL_CLK__…
[INFO] Setting output delay to: 2.0
[INFO] Setting input delay to: 2.0
[WARNING STA-0366] port '__VIRTUAL_CLK__' not found.
[INFO] Setting load to: 0.033442
[INFO] Setting clock uncertainty to: 0.25
[INFO] Setting clock transition to: 0.1499999999999999944488848768742172978818416595458984375
[WARNING STA-0419] transition time can not be specified for virtual clocks.
[INFO] Setting timing derate to: 5.0%
[WARNING STA-0450] virtual clock __VIRTUAL_CLK__ can not be propagated.
[INFO ORD-0030] Using 8 thread(s).
+ detailed_route -droute_end_iter 64 -or_seed 42 -verbose 1 -output_drc /home/admin/Documents/Projekty/Hobby/Nauka/RISC-5/.v/DDCA/code/exercises/ALUDesignIverilog/ALU/systemIverilog/build/runs/RUN_2026-09-29_07-44-16/43-openroad-detailedrouting/drt-run-0/addsub32.drc
[INFO DRT-0149] Reading tech and libs.
[WARNING DRT-0349] LEF58_ENCLOSURE with no CUTCLASS is not supported. Skipping for layer mcon
[WARNING DRT-0349] LEF58_ENCLOSURE with no CUTCLASS is not supported. Skipping for layer mcon
[WARNING DRT-0349] LEF58_ENCLOSURE with no CUTCLASS is not supported. Skipping for layer via
[WARNING DRT-0349] LEF58_ENCLOSURE with no CUTCLASS is not supported. Skipping for layer via
[WARNING DRT-0349] LEF58_ENCLOSURE with no CUTCLASS is not supported. Skipping for layer via2
[WARNING DRT-0349] LEF58_ENCLOSURE with no CUTCLASS is not supported. Skipping for layer via2
[WARNING DRT-0349] LEF58_ENCLOSURE with no CUTCLASS is not supported. Skipping for layer via3
[WARNING DRT-0349] LEF58_ENCLOSURE with no CUTCLASS is not supported. Skipping for layer via3
[WARNING DRT-0349] LEF58_ENCLOSURE with no CUTCLASS is not supported. Skipping for layer via4
[WARNING DRT-0349] LEF58_ENCLOSURE with no CUTCLASS is not supported. Skipping for layer via4

Units:                1000
Number of layers:     13
Number of macros:     445
Number of vias:       28
Number of viarulegen: 25

[INFO DRT-0150] Reading design.

Design:                   addsub32
Die area:                 ( 0 0 ) ( 122000 132720 )
Number of track patterns: 12
Number of DEF vias:       0
Number of components:     611
Number of terminals:      100
Number of snets:          2
Number of nets:           428

[INFO DRT-0167] List of default vias:
  Layer via
    default via: M1M2_PR
  Layer via2
    default via: M2M3_PR
  Layer via3
    default via: M3M4_PR
  Layer via4
    default via: M4M5_PR
[INFO DRT-0162] Library cell analysis.
[INFO DRT-0163] Instance analysis.
[INFO DRT-0164] Number of unique instances = 131.
[INFO DRT-0168] Init region query.
[INFO DRT-0024]   Complete FR_MASTERSLICE.
[INFO DRT-0024]   Complete licon.
[INFO DRT-0024]   Complete li1.
[INFO DRT-0024]   Complete mcon.
[INFO DRT-0024]   Complete met1.
[INFO DRT-0024]   Complete via.
[INFO DRT-0024]   Complete met2.
[INFO DRT-0024]   Complete via2.
[INFO DRT-0024]   Complete met3.
[INFO DRT-0024]   Complete via3.
[INFO DRT-0024]   Complete met4.
[INFO DRT-0024]   Complete via4.
[INFO DRT-0024]   Complete met5.
[INFO DRT-0033] FR_MASTERSLICE shape region query size = 0.
[INFO DRT-0033] licon shape region query size = 0.
[INFO DRT-0033] li1 shape region query size = 11874.
[INFO DRT-0033] mcon shape region query size = 0.
[INFO DRT-0033] met1 shape region query size = 1646.
[INFO DRT-0033] via shape region query size = 205.
[INFO DRT-0033] met2 shape region query size = 156.
[INFO DRT-0033] via2 shape region query size = 164.
[INFO DRT-0033] met3 shape region query size = 188.
[INFO DRT-0033] via3 shape region query size = 164.
[INFO DRT-0033] met4 shape region query size = 45.
[INFO DRT-0033] via4 shape region query size = 0.
[INFO DRT-0033] met5 shape region query size = 0.
[INFO DRT-0165] Start pin access.
[INFO DRT-0078]   Complete 951 pins.
[INFO DRT-0079]   Complete 100 unique inst patterns.
[INFO DRT-0081]   Complete 131 unique inst patterns.
[INFO DRT-0084]   Complete 247 groups.
#scanned instances     = 611
#unique  instances     = 131
#stdCellGenAp          = 3374
#stdCellValidPlanarAp  = 36
#stdCellValidViaAp     = 2490
#stdCellPinNoAp        = 0
#stdCellPinCnt         = 1090
#instTermValidViaApCnt = 0
#macroGenAp            = 0
#macroValidPlanarAp    = 0
#macroValidViaAp       = 0
#macroNoAp             = 0
[INFO DRT-0166] Complete pin access.
[INFO DRT-0267] cpu time = 00:00:54, elapsed time = 00:00:07, memory = 132.27 (MB), peak = 131.34 (MB)

[INFO DRT-0157] Number of guides:     2486

[INFO DRT-0169] Post process guides.
[INFO DRT-0176] GCELLGRID X 0 DO 17 STEP 6900 ;
[INFO DRT-0177] GCELLGRID Y 0 DO 19 STEP 6900 ;
[INFO DRT-0028]   Complete FR_MASTERSLICE.
[INFO DRT-0028]   Complete licon.
[INFO DRT-0028]   Complete li1.
[INFO DRT-0028]   Complete mcon.
[INFO DRT-0028]   Complete met1.
[INFO DRT-0028]   Complete via.
[INFO DRT-0028]   Complete met2.
[INFO DRT-0028]   Complete via2.
[INFO DRT-0028]   Complete met3.
[INFO DRT-0028]   Complete via3.
[INFO DRT-0028]   Complete met4.
[INFO DRT-0028]   Complete via4.
[INFO DRT-0028]   Complete met5.
[INFO DRT-0178] Init guide query.
[INFO DRT-0035]   Complete FR_MASTERSLICE (guide).
[INFO DRT-0035]   Complete licon (guide).
[INFO DRT-0035]   Complete li1 (guide).
[INFO DRT-0035]   Complete mcon (guide).
[INFO DRT-0035]   Complete met1 (guide).
[INFO DRT-0035]   Complete via (guide).
[INFO DRT-0035]   Complete met2 (guide).
[INFO DRT-0035]   Complete via2 (guide).
[INFO DRT-0035]   Complete met3 (guide).
[INFO DRT-0035]   Complete via3 (guide).
[INFO DRT-0035]   Complete met4 (guide).
[INFO DRT-0035]   Complete via4 (guide).
[INFO DRT-0035]   Complete met5 (guide).
[INFO DRT-0036] FR_MASTERSLICE guide region query size = 0.
[INFO DRT-0036] licon guide region query size = 0.
[INFO DRT-0036] li1 guide region query size = 865.
[INFO DRT-0036] mcon guide region query size = 0.
[INFO DRT-0036] met1 guide region query size = 752.
[INFO DRT-0036] via guide region query size = 0.
[INFO DRT-0036] met2 guide region query size = 405.
[INFO DRT-0036] via2 guide region query size = 0.
[INFO DRT-0036] met3 guide region query size = 65.
[INFO DRT-0036] via3 guide region query size = 0.
[INFO DRT-0036] met4 guide region query size = 0.
[INFO DRT-0036] via4 guide region query size = 0.
[INFO DRT-0036] met5 guide region query size = 0.
[INFO DRT-0179] Init gr pin query.
[INFO DRT-0267] cpu time = 00:00:00, elapsed time = 00:00:00, memory = 133.30 (MB), peak = 132.35 (MB)
[INFO DRT-0245] skipped writing guide updates to database.
[INFO DRT-0185] Post process initialize RPin region query.
[INFO DRT-0181] Start track assignment.
[INFO DRT-0184] Done with 1270 vertical wires in 1 frboxes and 817 horizontal wires in 1 frboxes.
[INFO DRT-0186] Done with 92 vertical wires in 1 frboxes and 135 horizontal wires in 1 frboxes.
[INFO DRT-0182] Complete track assignment.
[INFO DRT-0267] cpu time = 00:00:00, elapsed time = 00:00:00, memory = 140.06 (MB), peak = 139.14 (MB)
[INFO DRT-0187] Start routing data preparation.
[INFO DRT-0267] cpu time = 00:00:00, elapsed time = 00:00:00, memory = 140.25 (MB), peak = 139.27 (MB)
[INFO DRT-0194] Start detail routing.
[INFO DRT-0195] Start 0th optimization iteration.
    Completing 10% with 0 violations.
    elapsed time = 00:00:00, memory = 157.79 (MB).
    Completing 20% with 0 violations.
    elapsed time = 00:00:00, memory = 157.05 (MB).
    Completing 30% with 0 violations.
    elapsed time = 00:00:00, memory = 152.50 (MB).
    Completing 40% with 0 violations.
    elapsed time = 00:00:00, memory = 146.13 (MB).
    Completing 50% with 3 violations.
    elapsed time = 00:00:00, memory = 168.47 (MB).
    Completing 60% with 3 violations.
    elapsed time = 00:00:00, memory = 159.39 (MB).
    Completing 70% with 15 violations.
    elapsed time = 00:00:01, memory = 170.93 (MB).
    Completing 80% with 15 violations.
    elapsed time = 00:00:01, memory = 170.93 (MB).
    Completing 100% with 23 violations.
    elapsed time = 00:00:01, memory = 170.93 (MB).
[INFO DRT-0199]   Number of violations = 34.
Viol/Layer        mcon   met1   met2   met3
Cut Spacing          1      0      0      0
Metal Spacing        0     14      1      1
Recheck              0      9      2      0
Short                1      5      0      0
[INFO DRT-0267] cpu time = 00:00:07, elapsed time = 00:00:01, memory = 530.99 (MB), peak = 530.48 (MB)
Total wire length = 6513 um.
Total wire length on LAYER li1 = 0 um.
Total wire length on LAYER met1 = 2681 um.
Total wire length on LAYER met2 = 3340 um.
Total wire length on LAYER met3 = 491 um.
Total wire length on LAYER met4 = 0 um.
Total wire length on LAYER met5 = 0 um.
Total number of vias = 2160.
Up-via summary (total 2160):

-----------------------
 FR_MASTERSLICE       0
            li1    1077
           met1    1018
           met2      65
           met3       0
           met4       0
-----------------------
               2160


[INFO DRT-0195] Start 1st optimization iteration.
    Completing 10% with 34 violations.
    elapsed time = 00:00:00, memory = 543.76 (MB).
    Completing 20% with 34 violations.
    elapsed time = 00:00:00, memory = 544.32 (MB).
    Completing 30% with 34 violations.
    elapsed time = 00:00:00, memory = 544.57 (MB).
    Completing 40% with 34 violations.
    elapsed time = 00:00:00, memory = 544.57 (MB).
    Completing 50% with 25 violations.
    elapsed time = 00:00:00, memory = 553.89 (MB).
    Completing 60% with 25 violations.
    elapsed time = 00:00:00, memory = 553.89 (MB).
    Completing 70% with 14 violations.
    elapsed time = 00:00:00, memory = 553.89 (MB).
    Completing 80% with 14 violations.
    elapsed time = 00:00:00, memory = 553.89 (MB).
    Completing 100% with 0 violations.
    elapsed time = 00:00:01, memory = 553.89 (MB).
[INFO DRT-0199]   Number of violations = 0.
[INFO DRT-0267] cpu time = 00:00:06, elapsed time = 00:00:01, memory = 554.98 (MB), peak = 554.23 (MB)
Total wire length = 6467 um.
Total wire length on LAYER li1 = 0 um.
Total wire length on LAYER met1 = 2636 um.
Total wire length on LAYER met2 = 3317 um.
Total wire length on LAYER met3 = 513 um.
Total wire length on LAYER met4 = 0 um.
Total wire length on LAYER met5 = 0 um.
Total number of vias = 2143.
Up-via summary (total 2143):

-----------------------
 FR_MASTERSLICE       0
            li1    1075
           met1    1003
           met2      65
           met3       0
           met4       0
-----------------------
               2143


[INFO DRT-0198] Complete detail routing.
Total wire length = 6467 um.
Total wire length on LAYER li1 = 0 um.
Total wire length on LAYER met1 = 2636 um.
Total wire length on LAYER met2 = 3317 um.
Total wire length on LAYER met3 = 513 um.
Total wire length on LAYER met4 = 0 um.
Total wire length on LAYER met5 = 0 um.
Total number of vias = 2143.
Up-via summary (total 2143):

-----------------------
 FR_MASTERSLICE       0
            li1    1075
           met1    1003
           met2      65
           met3       0
           met4       0
-----------------------
               2143


[INFO DRT-0267] cpu time = 00:00:14, elapsed time = 00:00:02, memory = 555.11 (MB), peak = 554.36 (MB)

[INFO DRT-0180] Post processing.
+ check_antennas 
[INFO ANT-0002] Found 0 net violations.
[INFO ANT-0001] Found 0 pin violations.
Setting global connections for newly added cells…
[INFO] Setting global connections...
[INFO ODB-0403] 0 connections made, 0 conflicts skipped.
Updating metrics…
Cell type report:                       Count       Area
  Fill cell                                80     300.29
  Tap cell                                168     210.20
  Timing Repair Buffer                    122    1194.90
  Inverter                                  1       3.75
  Multi-Input combinational cell          240    2687.58
  Total                                   611    4396.72
Writing OpenROAD database to '/home/admin/Documents/Projekty/Hobby/Nauka/RISC-5/.v/DDCA/code/exercises/ALUDesignIverilog/ALU/systemIverilog/build/runs/RUN_2026-09-29_07-44-16/43-openroad-detailedrouting/addsub32.odb'…
Writing netlist to '/home/admin/Documents/Projekty/Hobby/Nauka/RISC-5/.v/DDCA/code/exercises/ALUDesignIverilog/ALU/systemIverilog/build/runs/RUN_2026-09-29_07-44-16/43-openroad-detailedrouting/addsub32.nl.v'…
Writing powered netlist to '/home/admin/Documents/Projekty/Hobby/Nauka/RISC-5/.v/DDCA/code/exercises/ALUDesignIverilog/ALU/systemIverilog/build/runs/RUN_2026-09-29_07-44-16/43-openroad-detailedrouting/addsub32.pnl.v'…
Writing layout to '/home/admin/Documents/Projekty/Hobby/Nauka/RISC-5/.v/DDCA/code/exercises/ALUDesignIverilog/ALU/systemIverilog/build/runs/RUN_2026-09-29_07-44-16/43-openroad-detailedrouting/addsub32.def'…
Writing timing constraints to '/home/admin/Documents/Projekty/Hobby/Nauka/RISC-5/.v/DDCA/code/exercises/ALUDesignIverilog/ALU/systemIverilog/build/runs/RUN_2026-09-29_07-44-16/43-openroad-detailedrouting/addsub32.sdc'…
