
===========================================================================
report_checks -unconstrained
===========================================================================
======================= nom_ff_n40C_1v95 Corner ===================================

Startpoint: sub (input port clocked by __VIRTUAL_CLK__)
Endpoint: S[21] (output port clocked by __VIRTUAL_CLK__)
Path Group: __VIRTUAL_CLK__
Path Type: max

Fanout         Cap        Slew       Delay        Time   Description
---------------------------------------------------------------------------------------------
                      0.000000    0.000000    0.000000   clock __VIRTUAL_CLK__ (rise edge)
                                  0.000000    0.000000   clock network delay (ideal)
                                  0.900000    0.900000 v input external delay
     1    0.007513    0.012302    0.007453    0.907453 v sub (in)
                                                         sub (net)
                      0.012306    0.000000    0.907453 v input65/A (sky130_fd_sc_hd__buf_8)
     4    0.028234    0.026683    0.082227    0.989680 v input65/X (sky130_fd_sc_hd__buf_8)
                                                         net65 (net)
                      0.026709    0.000776    0.990456 v fanout121/A (sky130_fd_sc_hd__buf_8)
     7    0.040564    0.033520    0.093785    1.084241 v fanout121/X (sky130_fd_sc_hd__buf_8)
                                                         net121 (net)
                      0.033974    0.003272    1.087513 v fanout112/A (sky130_fd_sc_hd__buf_6)
     5    0.035215    0.032604    0.096825    1.184338 v fanout112/X (sky130_fd_sc_hd__buf_6)
                                                         net112 (net)
                      0.032612    0.000554    1.184892 v load_slew113/A (sky130_fd_sc_hd__buf_6)
     6    0.037829    0.034009    0.097617    1.282510 v load_slew113/X (sky130_fd_sc_hd__buf_6)
                                                         net113 (net)
                      0.034013    0.000428    1.282938 v _369_/A (sky130_fd_sc_hd__nor2_2)
     3    0.021128    0.176465    0.168747    1.451684 ^ _369_/Y (sky130_fd_sc_hd__nor2_2)
                                                         _098_ (net)
                      0.176468    0.000567    1.452251 ^ _371_/A2 (sky130_fd_sc_hd__o21bai_4)
     4    0.030358    0.071484    0.077006    1.529257 v _371_/Y (sky130_fd_sc_hd__o21bai_4)
                                                         _100_ (net)
                      0.071498    0.000878    1.530135 v _376_/C (sky130_fd_sc_hd__nand4b_4)
     2    0.012837    0.073635    0.095081    1.625216 ^ _376_/Y (sky130_fd_sc_hd__nand4b_4)
                                                         _105_ (net)
                      0.073636    0.000411    1.625627 ^ _377_/A (sky130_fd_sc_hd__nor2_4)
     3    0.018708    0.050658    0.039294    1.664921 v _377_/Y (sky130_fd_sc_hd__nor2_4)
                                                         _106_ (net)
                      0.050665    0.000479    1.665400 v _410_/B (sky130_fd_sc_hd__nand4_4)
     3    0.020177    0.088008    0.090204    1.755604 ^ _410_/Y (sky130_fd_sc_hd__nand4_4)
                                                         _139_ (net)
                      0.088009    0.000620    1.756224 ^ _415_/C (sky130_fd_sc_hd__nand3_4)
     3    0.016552    0.066962    0.063259    1.819483 v _415_/Y (sky130_fd_sc_hd__nand3_4)
                                                         _144_ (net)
                      0.066975    0.000765    1.820248 v _424_/B1 (sky130_fd_sc_hd__o22ai_4)
     4    0.031145    0.192469    0.189457    2.009705 ^ _424_/Y (sky130_fd_sc_hd__o22ai_4)
                                                         _153_ (net)
                      0.192476    0.000915    2.010620 ^ _470_/B1 (sky130_fd_sc_hd__o22ai_4)
     5    0.022196    0.068914    0.066599    2.077218 v _470_/Y (sky130_fd_sc_hd__o22ai_4)
                                                         _195_ (net)
                      0.068925    0.000669    2.077888 v max_cap99/A (sky130_fd_sc_hd__buf_6)
     3    0.027815    0.028852    0.108457    2.186344 v max_cap99/X (sky130_fd_sc_hd__buf_6)
                                                         net99 (net)
                      0.028855    0.000460    2.186804 v _480_/A1 (sky130_fd_sc_hd__a211o_4)
     1    0.009285    0.040834    0.214429    2.401233 v _480_/X (sky130_fd_sc_hd__a211o_4)
                                                         _204_ (net)
                      0.040914    0.000308    2.401541 v _482_/B (sky130_fd_sc_hd__nand2_4)
     1    0.009444    0.038233    0.054596    2.456137 ^ _482_/Y (sky130_fd_sc_hd__nand2_4)
                                                         net79 (net)
                      0.038234    0.000378    2.456515 ^ output79/A (sky130_fd_sc_hd__buf_8)
     1    0.035403    0.050596    0.085056    2.541571 ^ output79/X (sky130_fd_sc_hd__buf_8)
                                                         S[21] (net)
                      0.050651    0.001097    2.542668 ^ S[21] (out)
                                              2.542668   data arrival time

                      0.000000    4.500000    4.500000   clock __VIRTUAL_CLK__ (rise edge)
                                  0.000000    4.500000   clock network delay (ideal)
                                 -0.250000    4.250000   clock uncertainty
                                  0.000000    4.250000   clock reconvergence pessimism
                                 -0.900000    3.350000   output external delay
                                              3.350000   data required time
---------------------------------------------------------------------------------------------
                                              3.350000   data required time
                                             -2.542668   data arrival time
---------------------------------------------------------------------------------------------
                                              0.807332   slack (MET)




===========================================================================
report_checks --slack_max -0.01
============================================================================
======================= nom_ff_n40C_1v95 Corner ===================================

No paths found.


===========================================================================
 report_check_types -max_slew -max_cap -max_fanout -violators
============================================================================
======================= nom_ff_n40C_1v95 Corner ===================================



===========================================================================
report_parasitic_annotation -report_unannotated
============================================================================
Found 0 unannotated drivers.
Found 0 partially unannotated drivers.

===========================================================================
max slew violation count 0
max fanout violation count 0
max cap violation count 0
============================================================================

===========================================================================
check_setup -verbose -unconstrained_endpoints -multiple_clock -no_clock -no_input_delay -loops -generated_clocks
===========================================================================
