
===========================================================================
report_checks -unconstrained
===========================================================================
======================= min_tt_025C_1v80 Corner ===================================

Startpoint: sub (input port clocked by __VIRTUAL_CLK__)
Endpoint: S[22] (output port clocked by __VIRTUAL_CLK__)
Path Group: __VIRTUAL_CLK__
Path Type: max

Fanout         Cap        Slew       Delay        Time   Description
---------------------------------------------------------------------------------------------
                      0.000000    0.000000    0.000000   clock __VIRTUAL_CLK__ (rise edge)
                                  0.000000    0.000000   clock network delay (ideal)
                                  0.800000    0.800000 ^ input external delay
     1    0.008773    0.045955    0.031557    0.831557 ^ sub (in)
                                                         sub (net)
                      0.045955    0.000000    0.831557 ^ input65/A (sky130_fd_sc_hd__buf_8)
     4    0.030480    0.059973    0.117272    0.948829 ^ input65/X (sky130_fd_sc_hd__buf_8)
                                                         net65 (net)
                      0.059980    0.000742    0.949571 ^ fanout121/A (sky130_fd_sc_hd__buf_8)
     5    0.030110    0.059440    0.121818    1.071389 ^ fanout121/X (sky130_fd_sc_hd__buf_8)
                                                         net121 (net)
                      0.059444    0.000639    1.072028 ^ fanout113/A (sky130_fd_sc_hd__buf_8)
     2    0.011046    0.032237    0.098928    1.170956 ^ fanout113/X (sky130_fd_sc_hd__buf_8)
                                                         net113 (net)
                      0.032242    0.000192    1.171148 ^ load_slew115/A (sky130_fd_sc_hd__buf_8)
     3    0.017500    0.041110    0.096692    1.267839 ^ load_slew115/X (sky130_fd_sc_hd__buf_8)
                                                         net115 (net)
                      0.041110    0.000071    1.267911 ^ load_slew114/A (sky130_fd_sc_hd__buf_8)
     3    0.046493    0.084110    0.134637    1.402547 ^ load_slew114/X (sky130_fd_sc_hd__buf_8)
                                                         net114 (net)
                      0.084120    0.001019    1.403566 ^ _652_/A (sky130_fd_sc_hd__inv_16)
     8    0.067578    0.040008    0.057224    1.460790 v _652_/Y (sky130_fd_sc_hd__inv_16)
                                                         _348_ (net)
                      0.040026    0.000707    1.461496 v _720_/A1 (sky130_fd_sc_hd__a21oi_4)
     1    0.009341    0.125948    0.137319    1.598815 ^ _720_/Y (sky130_fd_sc_hd__a21oi_4)
                                                         _067_ (net)
                      0.125948    0.000053    1.598868 ^ _721_/B1 (sky130_fd_sc_hd__o21ai_4)
     4    0.017806    0.084590    0.097863    1.696731 v _721_/Y (sky130_fd_sc_hd__o21ai_4)
                                                         _068_ (net)
                      0.084590    0.000172    1.696903 v _413_/A2 (sky130_fd_sc_hd__a31o_2)
     1    0.008736    0.051277    0.275382    1.972285 v _413_/X (sky130_fd_sc_hd__a31o_2)
                                                         _142_ (net)
                      0.051277    0.000106    1.972391 v _414_/B1 (sky130_fd_sc_hd__a21oi_4)
     3    0.023360    0.203800    0.202222    2.174613 ^ _414_/Y (sky130_fd_sc_hd__a21oi_4)
                                                         _143_ (net)
                      0.203800    0.000644    2.175257 ^ _415_/A (sky130_fd_sc_hd__nand3_4)
     3    0.018743    0.102907    0.131427    2.306684 v _415_/Y (sky130_fd_sc_hd__nand3_4)
                                                         _144_ (net)
                      0.102908    0.000503    2.307187 v _424_/B1 (sky130_fd_sc_hd__o22ai_4)
     4    0.023878    0.243428    0.237841    2.545027 ^ _424_/Y (sky130_fd_sc_hd__o22ai_4)
                                                         _153_ (net)
                      0.243429    0.000969    2.545996 ^ _470_/B1 (sky130_fd_sc_hd__o22ai_4)
     7    0.030753    0.117157    0.170744    2.716740 v _470_/Y (sky130_fd_sc_hd__o22ai_4)
                                                         _195_ (net)
                      0.117158    0.000665    2.717406 v rebuffer127/A (sky130_fd_sc_hd__buf_2)
     1    0.002616    0.022923    0.152679    2.870085 v rebuffer127/X (sky130_fd_sc_hd__buf_2)
                                                         net127 (net)
                      0.022923    0.000015    2.870100 v _495_/A1 (sky130_fd_sc_hd__a211o_2)
     1    0.009480    0.065503    0.321411    3.191511 v _495_/X (sky130_fd_sc_hd__a211o_2)
                                                         _218_ (net)
                      0.065503    0.000130    3.191642 v _497_/B (sky130_fd_sc_hd__nand2_4)
     1    0.007794    0.046505    0.077777    3.269418 ^ _497_/Y (sky130_fd_sc_hd__nand2_4)
                                                         net80 (net)
                      0.046505    0.000080    3.269498 ^ output80/A (sky130_fd_sc_hd__buf_8)
     1    0.035117    0.066980    0.123105    3.392603 ^ output80/X (sky130_fd_sc_hd__buf_8)
                                                         S[22] (net)
                      0.066983    0.000596    3.393199 ^ S[22] (out)
                                              3.393199   data arrival time

                      0.000000    4.000000    4.000000   clock __VIRTUAL_CLK__ (rise edge)
                                  0.000000    4.000000   clock network delay (ideal)
                                 -0.250000    3.750000   clock uncertainty
                                  0.000000    3.750000   clock reconvergence pessimism
                                 -0.800000    2.950000   output external delay
                                              2.950000   data required time
---------------------------------------------------------------------------------------------
                                              2.950000   data required time
                                             -3.393199   data arrival time
---------------------------------------------------------------------------------------------
                                             -0.443199   slack (VIOLATED)




===========================================================================
report_checks --slack_max -0.01
============================================================================
======================= min_tt_025C_1v80 Corner ===================================

Startpoint: sub (input port clocked by __VIRTUAL_CLK__)
Endpoint: S[22] (output port clocked by __VIRTUAL_CLK__)
Path Group: __VIRTUAL_CLK__
Path Type: max

Fanout         Cap        Slew       Delay        Time   Description
---------------------------------------------------------------------------------------------
                      0.000000    0.000000    0.000000   clock __VIRTUAL_CLK__ (rise edge)
                                  0.000000    0.000000   clock network delay (ideal)
                                  0.800000    0.800000 ^ input external delay
     1    0.008773    0.045955    0.031557    0.831557 ^ sub (in)
                                                         sub (net)
                      0.045955    0.000000    0.831557 ^ input65/A (sky130_fd_sc_hd__buf_8)
     4    0.030480    0.059973    0.117272    0.948829 ^ input65/X (sky130_fd_sc_hd__buf_8)
                                                         net65 (net)
                      0.059980    0.000742    0.949571 ^ fanout121/A (sky130_fd_sc_hd__buf_8)
     5    0.030110    0.059440    0.121818    1.071389 ^ fanout121/X (sky130_fd_sc_hd__buf_8)
                                                         net121 (net)
                      0.059444    0.000639    1.072028 ^ fanout113/A (sky130_fd_sc_hd__buf_8)
     2    0.011046    0.032237    0.098928    1.170956 ^ fanout113/X (sky130_fd_sc_hd__buf_8)
                                                         net113 (net)
                      0.032242    0.000192    1.171148 ^ load_slew115/A (sky130_fd_sc_hd__buf_8)
     3    0.017500    0.041110    0.096692    1.267839 ^ load_slew115/X (sky130_fd_sc_hd__buf_8)
                                                         net115 (net)
                      0.041110    0.000071    1.267911 ^ load_slew114/A (sky130_fd_sc_hd__buf_8)
     3    0.046493    0.084110    0.134637    1.402547 ^ load_slew114/X (sky130_fd_sc_hd__buf_8)
                                                         net114 (net)
                      0.084120    0.001019    1.403566 ^ _652_/A (sky130_fd_sc_hd__inv_16)
     8    0.067578    0.040008    0.057224    1.460790 v _652_/Y (sky130_fd_sc_hd__inv_16)
                                                         _348_ (net)
                      0.040026    0.000707    1.461496 v _720_/A1 (sky130_fd_sc_hd__a21oi_4)
     1    0.009341    0.125948    0.137319    1.598815 ^ _720_/Y (sky130_fd_sc_hd__a21oi_4)
                                                         _067_ (net)
                      0.125948    0.000053    1.598868 ^ _721_/B1 (sky130_fd_sc_hd__o21ai_4)
     4    0.017806    0.084590    0.097863    1.696731 v _721_/Y (sky130_fd_sc_hd__o21ai_4)
                                                         _068_ (net)
                      0.084590    0.000172    1.696903 v _413_/A2 (sky130_fd_sc_hd__a31o_2)
     1    0.008736    0.051277    0.275382    1.972285 v _413_/X (sky130_fd_sc_hd__a31o_2)
                                                         _142_ (net)
                      0.051277    0.000106    1.972391 v _414_/B1 (sky130_fd_sc_hd__a21oi_4)
     3    0.023360    0.203800    0.202222    2.174613 ^ _414_/Y (sky130_fd_sc_hd__a21oi_4)
                                                         _143_ (net)
                      0.203800    0.000644    2.175257 ^ _415_/A (sky130_fd_sc_hd__nand3_4)
     3    0.018743    0.102907    0.131427    2.306684 v _415_/Y (sky130_fd_sc_hd__nand3_4)
                                                         _144_ (net)
                      0.102908    0.000503    2.307187 v _424_/B1 (sky130_fd_sc_hd__o22ai_4)
     4    0.023878    0.243428    0.237841    2.545027 ^ _424_/Y (sky130_fd_sc_hd__o22ai_4)
                                                         _153_ (net)
                      0.243429    0.000969    2.545996 ^ _470_/B1 (sky130_fd_sc_hd__o22ai_4)
     7    0.030753    0.117157    0.170744    2.716740 v _470_/Y (sky130_fd_sc_hd__o22ai_4)
                                                         _195_ (net)
                      0.117158    0.000665    2.717406 v rebuffer127/A (sky130_fd_sc_hd__buf_2)
     1    0.002616    0.022923    0.152679    2.870085 v rebuffer127/X (sky130_fd_sc_hd__buf_2)
                                                         net127 (net)
                      0.022923    0.000015    2.870100 v _495_/A1 (sky130_fd_sc_hd__a211o_2)
     1    0.009480    0.065503    0.321411    3.191511 v _495_/X (sky130_fd_sc_hd__a211o_2)
                                                         _218_ (net)
                      0.065503    0.000130    3.191642 v _497_/B (sky130_fd_sc_hd__nand2_4)
     1    0.007794    0.046505    0.077777    3.269418 ^ _497_/Y (sky130_fd_sc_hd__nand2_4)
                                                         net80 (net)
                      0.046505    0.000080    3.269498 ^ output80/A (sky130_fd_sc_hd__buf_8)
     1    0.035117    0.066980    0.123105    3.392603 ^ output80/X (sky130_fd_sc_hd__buf_8)
                                                         S[22] (net)
                      0.066983    0.000596    3.393199 ^ S[22] (out)
                                              3.393199   data arrival time

                      0.000000    4.000000    4.000000   clock __VIRTUAL_CLK__ (rise edge)
                                  0.000000    4.000000   clock network delay (ideal)
                                 -0.250000    3.750000   clock uncertainty
                                  0.000000    3.750000   clock reconvergence pessimism
                                 -0.800000    2.950000   output external delay
                                              2.950000   data required time
---------------------------------------------------------------------------------------------
                                              2.950000   data required time
                                             -3.393199   data arrival time
---------------------------------------------------------------------------------------------
                                             -0.443199   slack (VIOLATED)




===========================================================================
 report_check_types -max_slew -max_cap -max_fanout -violators
============================================================================
======================= min_tt_025C_1v80 Corner ===================================



===========================================================================
report_parasitic_annotation -report_unannotated
============================================================================
Found 0 unannotated drivers.
Found 0 partially unannotated drivers.

===========================================================================
max slew violation count 0
max fanout violation count 0
max cap violation count 0
============================================================================

===========================================================================
check_setup -verbose -unconstrained_endpoints -multiple_clock -no_clock -no_input_delay -loops -generated_clocks
===========================================================================
