Reading timing models for corner nom_tt_025C_1v80…
Reading timing library for the 'nom_tt_025C_1v80' corner at '/home/admin/.ciel/ciel/sky130/versions/8afc8346a57fe1ab7934ba5a6056ea8b43078e71/sky130A/libs.ref/sky130_fd_sc_hd/lib/sky130_fd_sc_hd__tt_025C_1v80.lib'…
Reading OpenROAD database at '/home/admin/Documents/Projekty/Hobby/Nauka/RISC-5/.v/DDCA/code/exercises/ALUDesignIverilog/ALU/systemIverilog/build/runs/RUN_2026-09-29_09-45-57/41-openroad-repairantennas/1-openroad-diodeinsertion/addsub32.odb'…
Reading design constraints file at '/nix/store/33pw6r3szpqrlxwi0ri36rfq68whzq26-python3-3.13.9-env/lib/python3.13/site-packages/librelane/scripts/base.sdc'…
[WARNING STA-0366] port '__VIRTUAL_CLK__' not found.
[INFO] Using clock __VIRTUAL_CLK__…
[INFO] Setting output delay to: 1.0
[INFO] Setting input delay to: 1.0
[WARNING STA-0366] port '__VIRTUAL_CLK__' not found.
[INFO] Setting load to: 0.033442
[INFO] Setting clock uncertainty to: 0.25
[INFO] Setting clock transition to: 0.1499999999999999944488848768742172978818416595458984375
[WARNING STA-0419] transition time can not be specified for virtual clocks.
[INFO] Setting timing derate to: 5.0%
[WARNING STA-0450] virtual clock __VIRTUAL_CLK__ can not be propagated.
[INFO ORD-0030] Using 8 thread(s).
+ detailed_route -droute_end_iter 64 -or_seed 42 -verbose 1 -output_drc /home/admin/Documents/Projekty/Hobby/Nauka/RISC-5/.v/DDCA/code/exercises/ALUDesignIverilog/ALU/systemIverilog/build/runs/RUN_2026-09-29_09-45-57/43-openroad-detailedrouting/drt-run-0/addsub32.drc
[INFO DRT-0149] Reading tech and libs.
[WARNING DRT-0349] LEF58_ENCLOSURE with no CUTCLASS is not supported. Skipping for layer mcon
[WARNING DRT-0349] LEF58_ENCLOSURE with no CUTCLASS is not supported. Skipping for layer mcon
[WARNING DRT-0349] LEF58_ENCLOSURE with no CUTCLASS is not supported. Skipping for layer via
[WARNING DRT-0349] LEF58_ENCLOSURE with no CUTCLASS is not supported. Skipping for layer via
[WARNING DRT-0349] LEF58_ENCLOSURE with no CUTCLASS is not supported. Skipping for layer via2
[WARNING DRT-0349] LEF58_ENCLOSURE with no CUTCLASS is not supported. Skipping for layer via2
[WARNING DRT-0349] LEF58_ENCLOSURE with no CUTCLASS is not supported. Skipping for layer via3
[WARNING DRT-0349] LEF58_ENCLOSURE with no CUTCLASS is not supported. Skipping for layer via3
[WARNING DRT-0349] LEF58_ENCLOSURE with no CUTCLASS is not supported. Skipping for layer via4
[WARNING DRT-0349] LEF58_ENCLOSURE with no CUTCLASS is not supported. Skipping for layer via4

Units:                1000
Number of layers:     13
Number of macros:     445
Number of vias:       28
Number of viarulegen: 25

[INFO DRT-0150] Reading design.

Design:                   addsub32
Die area:                 ( 0 0 ) ( 109925 120645 )
Number of track patterns: 12
Number of DEF vias:       0
Number of components:     736
Number of terminals:      100
Number of snets:          2
Number of nets:           596

[INFO DRT-0167] List of default vias:
  Layer via
    default via: M1M2_PR
  Layer via2
    default via: M2M3_PR
  Layer via3
    default via: M3M4_PR
  Layer via4
    default via: M4M5_PR
[INFO DRT-0162] Library cell analysis.
[INFO DRT-0163] Instance analysis.
[INFO DRT-0164] Number of unique instances = 201.
[INFO DRT-0168] Init region query.
[INFO DRT-0024]   Complete FR_MASTERSLICE.
[INFO DRT-0024]   Complete licon.
[INFO DRT-0024]   Complete li1.
[INFO DRT-0024]   Complete mcon.
[INFO DRT-0024]   Complete met1.
[INFO DRT-0024]   Complete via.
[INFO DRT-0024]   Complete met2.
[INFO DRT-0024]   Complete via2.
[INFO DRT-0024]   Complete met3.
[INFO DRT-0024]   Complete via3.
[INFO DRT-0024]   Complete met4.
[INFO DRT-0024]   Complete via4.
[INFO DRT-0024]   Complete met5.
[INFO DRT-0033] FR_MASTERSLICE shape region query size = 0.
[INFO DRT-0033] licon shape region query size = 0.
[INFO DRT-0033] li1 shape region query size = 15662.
[INFO DRT-0033] mcon shape region query size = 0.
[INFO DRT-0033] met1 shape region query size = 1671.
[INFO DRT-0033] via shape region query size = 185.
[INFO DRT-0033] met2 shape region query size = 153.
[INFO DRT-0033] via2 shape region query size = 148.
[INFO DRT-0033] met3 shape region query size = 167.
[INFO DRT-0033] via3 shape region query size = 148.
[INFO DRT-0033] met4 shape region query size = 41.
[INFO DRT-0033] via4 shape region query size = 0.
[INFO DRT-0033] met5 shape region query size = 0.
[INFO DRT-0165] Start pin access.
[INFO DRT-0076]   Complete 1000 pins.
[INFO DRT-0078]   Complete 1528 pins.
[INFO DRT-0079]   Complete 100 unique inst patterns.
[INFO DRT-0079]   Complete 200 unique inst patterns.
[INFO DRT-0081]   Complete 201 unique inst patterns.
[INFO DRT-0084]   Complete 326 groups.
#scanned instances     = 736
#unique  instances     = 201
#stdCellGenAp          = 5324
#stdCellValidPlanarAp  = 30
#stdCellValidViaAp     = 4042
#stdCellPinNoAp        = 0
#stdCellPinCnt         = 1733
#instTermValidViaApCnt = 0
#macroGenAp            = 0
#macroValidPlanarAp    = 0
#macroValidViaAp       = 0
#macroNoAp             = 0
[INFO DRT-0166] Complete pin access.
[INFO DRT-0267] cpu time = 00:01:23, elapsed time = 00:00:12, memory = 133.58 (MB), peak = 132.89 (MB)

[INFO DRT-0157] Number of guides:     3652

[INFO DRT-0169] Post process guides.
[INFO DRT-0176] GCELLGRID X 0 DO 15 STEP 6900 ;
[INFO DRT-0177] GCELLGRID Y 0 DO 17 STEP 6900 ;
[INFO DRT-0028]   Complete FR_MASTERSLICE.
[INFO DRT-0028]   Complete licon.
[INFO DRT-0028]   Complete li1.
[INFO DRT-0028]   Complete mcon.
[INFO DRT-0028]   Complete met1.
[INFO DRT-0028]   Complete via.
[INFO DRT-0028]   Complete met2.
[INFO DRT-0028]   Complete via2.
[INFO DRT-0028]   Complete met3.
[INFO DRT-0028]   Complete via3.
[INFO DRT-0028]   Complete met4.
[INFO DRT-0028]   Complete via4.
[INFO DRT-0028]   Complete met5.
[INFO DRT-0178] Init guide query.
[INFO DRT-0035]   Complete FR_MASTERSLICE (guide).
[INFO DRT-0035]   Complete licon (guide).
[INFO DRT-0035]   Complete li1 (guide).
[INFO DRT-0035]   Complete mcon (guide).
[INFO DRT-0035]   Complete met1 (guide).
[INFO DRT-0035]   Complete via (guide).
[INFO DRT-0035]   Complete met2 (guide).
[INFO DRT-0035]   Complete via2 (guide).
[INFO DRT-0035]   Complete met3 (guide).
[INFO DRT-0035]   Complete via3 (guide).
[INFO DRT-0035]   Complete met4 (guide).
[INFO DRT-0035]   Complete via4 (guide).
[INFO DRT-0035]   Complete met5 (guide).
[INFO DRT-0036] FR_MASTERSLICE guide region query size = 0.
[INFO DRT-0036] licon guide region query size = 0.
[INFO DRT-0036] li1 guide region query size = 1339.
[INFO DRT-0036] mcon guide region query size = 0.
[INFO DRT-0036] met1 guide region query size = 1108.
[INFO DRT-0036] via guide region query size = 0.
[INFO DRT-0036] met2 guide region query size = 547.
[INFO DRT-0036] via2 guide region query size = 0.
[INFO DRT-0036] met3 guide region query size = 58.
[INFO DRT-0036] via3 guide region query size = 0.
[INFO DRT-0036] met4 guide region query size = 1.
[INFO DRT-0036] via4 guide region query size = 0.
[INFO DRT-0036] met5 guide region query size = 0.
[INFO DRT-0179] Init gr pin query.
[INFO DRT-0267] cpu time = 00:00:00, elapsed time = 00:00:00, memory = 134.98 (MB), peak = 134.17 (MB)
[INFO DRT-0245] skipped writing guide updates to database.
[INFO DRT-0185] Post process initialize RPin region query.
[INFO DRT-0181] Start track assignment.
[INFO DRT-0184] Done with 1887 vertical wires in 1 frboxes and 1166 horizontal wires in 1 frboxes.
[INFO DRT-0186] Done with 162 vertical wires in 1 frboxes and 266 horizontal wires in 1 frboxes.
[INFO DRT-0182] Complete track assignment.
[INFO DRT-0267] cpu time = 00:00:01, elapsed time = 00:00:00, memory = 141.39 (MB), peak = 140.81 (MB)
[INFO DRT-0187] Start routing data preparation.
[INFO DRT-0267] cpu time = 00:00:00, elapsed time = 00:00:00, memory = 141.67 (MB), peak = 140.93 (MB)
[INFO DRT-0194] Start detail routing.
[INFO DRT-0195] Start 0th optimization iteration.
    Completing 10% with 0 violations.
    elapsed time = 00:00:00, memory = 151.08 (MB).
    Completing 20% with 0 violations.
    elapsed time = 00:00:00, memory = 156.81 (MB).
    Completing 30% with 0 violations.
    elapsed time = 00:00:00, memory = 156.28 (MB).
    Completing 40% with 0 violations.
    elapsed time = 00:00:00, memory = 150.41 (MB).
    Completing 50% with 7 violations.
    elapsed time = 00:00:00, memory = 168.95 (MB).
    Completing 60% with 7 violations.
    elapsed time = 00:00:01, memory = 163.79 (MB).
    Completing 70% with 26 violations.
    elapsed time = 00:00:01, memory = 182.47 (MB).
    Completing 80% with 26 violations.
    elapsed time = 00:00:01, memory = 183.64 (MB).
    Completing 100% with 50 violations.
    elapsed time = 00:00:02, memory = 184.11 (MB).
[INFO DRT-0199]   Number of violations = 72.
Viol/Layer        mcon   met1   met2
Cut Spacing          1      0      0
Metal Spacing        0     16      6
Recheck              0     18      4
Short                0     27      0
[INFO DRT-0267] cpu time = 00:00:08, elapsed time = 00:00:02, memory = 523.96 (MB), peak = 523.09 (MB)
Total wire length = 9550 um.
Total wire length on LAYER li1 = 0 um.
Total wire length on LAYER met1 = 4474 um.
Total wire length on LAYER met2 = 4626 um.
Total wire length on LAYER met3 = 430 um.
Total wire length on LAYER met4 = 18 um.
Total wire length on LAYER met5 = 0 um.
Total number of vias = 3504.
Up-via summary (total 3504):

-----------------------
 FR_MASTERSLICE       0
            li1    1754
           met1    1688
           met2      60
           met3       2
           met4       0
-----------------------
               3504


[INFO DRT-0195] Start 1st optimization iteration.
    Completing 10% with 72 violations.
    elapsed time = 00:00:00, memory = 531.89 (MB).
    Completing 20% with 72 violations.
    elapsed time = 00:00:00, memory = 533.19 (MB).
    Completing 30% with 72 violations.
    elapsed time = 00:00:00, memory = 533.48 (MB).
    Completing 40% with 72 violations.
    elapsed time = 00:00:00, memory = 534.26 (MB).
    Completing 50% with 67 violations.
    elapsed time = 00:00:00, memory = 269.21 (MB).
    Completing 60% with 67 violations.
    elapsed time = 00:00:01, memory = 272.53 (MB).
    Completing 70% with 52 violations.
    elapsed time = 00:00:01, memory = 272.53 (MB).
    Completing 80% with 52 violations.
    elapsed time = 00:00:01, memory = 272.53 (MB).
    Completing 100% with 14 violations.
    elapsed time = 00:00:02, memory = 280.20 (MB).
[INFO DRT-0199]   Number of violations = 14.
Viol/Layer        met1   met2
Metal Spacing        6      2
Short                6      0
[INFO DRT-0267] cpu time = 00:00:07, elapsed time = 00:00:02, memory = 552.77 (MB), peak = 552.00 (MB)
Total wire length = 9443 um.
Total wire length on LAYER li1 = 0 um.
Total wire length on LAYER met1 = 4436 um.
Total wire length on LAYER met2 = 4541 um.
Total wire length on LAYER met3 = 441 um.
Total wire length on LAYER met4 = 23 um.
Total wire length on LAYER met5 = 0 um.
Total number of vias = 3448.
Up-via summary (total 3448):

-----------------------
 FR_MASTERSLICE       0
            li1    1754
           met1    1632
           met2      59
           met3       3
           met4       0
-----------------------
               3448


[INFO DRT-0195] Start 2nd optimization iteration.
    Completing 10% with 14 violations.
    elapsed time = 00:00:00, memory = 552.77 (MB).
    Completing 20% with 14 violations.
    elapsed time = 00:00:00, memory = 552.77 (MB).
    Completing 30% with 14 violations.
    elapsed time = 00:00:00, memory = 552.77 (MB).
    Completing 40% with 14 violations.
    elapsed time = 00:00:00, memory = 552.77 (MB).
    Completing 50% with 14 violations.
    elapsed time = 00:00:00, memory = 552.77 (MB).
    Completing 60% with 14 violations.
    elapsed time = 00:00:00, memory = 558.66 (MB).
    Completing 70% with 13 violations.
    elapsed time = 00:00:00, memory = 558.66 (MB).
    Completing 80% with 13 violations.
    elapsed time = 00:00:01, memory = 558.66 (MB).
    Completing 90% with 6 violations.
    elapsed time = 00:00:01, memory = 283.12 (MB).
    Completing 100% with 2 violations.
    elapsed time = 00:00:01, memory = 283.12 (MB).
[INFO DRT-0199]   Number of violations = 2.
Viol/Layer        met1
Metal Spacing        1
Short                1
[INFO DRT-0267] cpu time = 00:00:06, elapsed time = 00:00:02, memory = 558.98 (MB), peak = 558.24 (MB)
Total wire length = 9426 um.
Total wire length on LAYER li1 = 0 um.
Total wire length on LAYER met1 = 4440 um.
Total wire length on LAYER met2 = 4527 um.
Total wire length on LAYER met3 = 439 um.
Total wire length on LAYER met4 = 18 um.
Total wire length on LAYER met5 = 0 um.
Total number of vias = 3436.
Up-via summary (total 3436):

-----------------------
 FR_MASTERSLICE       0
            li1    1755
           met1    1621
           met2      58
           met3       2
           met4       0
-----------------------
               3436


[INFO DRT-0195] Start 3rd guides tiles iteration.
    Completing 30% with 2 violations.
    elapsed time = 00:00:00, memory = 559.04 (MB).
    Completing 60% with 2 violations.
    elapsed time = 00:00:00, memory = 559.04 (MB).
    Completing 100% with 0 violations.
    elapsed time = 00:00:00, memory = 559.04 (MB).
[INFO DRT-0199]   Number of violations = 0.
[INFO DRT-0267] cpu time = 00:00:02, elapsed time = 00:00:00, memory = 559.04 (MB), peak = 558.24 (MB)
Total wire length = 9428 um.
Total wire length on LAYER li1 = 0 um.
Total wire length on LAYER met1 = 4437 um.
Total wire length on LAYER met2 = 4533 um.
Total wire length on LAYER met3 = 439 um.
Total wire length on LAYER met4 = 18 um.
Total wire length on LAYER met5 = 0 um.
Total number of vias = 3444.
Up-via summary (total 3444):

-----------------------
 FR_MASTERSLICE       0
            li1    1755
           met1    1629
           met2      58
           met3       2
           met4       0
-----------------------
               3444


[INFO DRT-0198] Complete detail routing.
Total wire length = 9428 um.
Total wire length on LAYER li1 = 0 um.
Total wire length on LAYER met1 = 4437 um.
Total wire length on LAYER met2 = 4533 um.
Total wire length on LAYER met3 = 439 um.
Total wire length on LAYER met4 = 18 um.
Total wire length on LAYER met5 = 0 um.
Total number of vias = 3444.
Up-via summary (total 3444):

-----------------------
 FR_MASTERSLICE       0
            li1    1755
           met1    1629
           met2      58
           met3       2
           met4       0
-----------------------
               3444


[INFO DRT-0267] cpu time = 00:00:25, elapsed time = 00:00:07, memory = 559.17 (MB), peak = 558.37 (MB)

[INFO DRT-0180] Post processing.
+ check_antennas 
[INFO ANT-0002] Found 0 net violations.
[INFO ANT-0001] Found 0 pin violations.
Setting global connections for newly added cells…
[INFO] Setting global connections...
[INFO ODB-0403] 0 connections made, 0 conflicts skipped.
Updating metrics…
Cell type report:                       Count       Area
  Fill cell                                72     270.26
  Tap cell                                133     166.41
  Timing Repair Buffer                    149    1373.82
  Inverter                                  7      33.78
  Multi-Input combinational cell          375    4175.25
  Total                                   736    6019.52
Writing OpenROAD database to '/home/admin/Documents/Projekty/Hobby/Nauka/RISC-5/.v/DDCA/code/exercises/ALUDesignIverilog/ALU/systemIverilog/build/runs/RUN_2026-09-29_09-45-57/43-openroad-detailedrouting/addsub32.odb'…
Writing netlist to '/home/admin/Documents/Projekty/Hobby/Nauka/RISC-5/.v/DDCA/code/exercises/ALUDesignIverilog/ALU/systemIverilog/build/runs/RUN_2026-09-29_09-45-57/43-openroad-detailedrouting/addsub32.nl.v'…
Writing powered netlist to '/home/admin/Documents/Projekty/Hobby/Nauka/RISC-5/.v/DDCA/code/exercises/ALUDesignIverilog/ALU/systemIverilog/build/runs/RUN_2026-09-29_09-45-57/43-openroad-detailedrouting/addsub32.pnl.v'…
Writing layout to '/home/admin/Documents/Projekty/Hobby/Nauka/RISC-5/.v/DDCA/code/exercises/ALUDesignIverilog/ALU/systemIverilog/build/runs/RUN_2026-09-29_09-45-57/43-openroad-detailedrouting/addsub32.def'…
Writing timing constraints to '/home/admin/Documents/Projekty/Hobby/Nauka/RISC-5/.v/DDCA/code/exercises/ALUDesignIverilog/ALU/systemIverilog/build/runs/RUN_2026-09-29_09-45-57/43-openroad-detailedrouting/addsub32.sdc'…
