
===========================================================================
report_checks -unconstrained
===========================================================================
======================= max_ff_n40C_1v95 Corner ===================================

Startpoint: sub (input port clocked by __VIRTUAL_CLK__)
Endpoint: carryOut (output port clocked by __VIRTUAL_CLK__)
Path Group: __VIRTUAL_CLK__
Path Type: max

Fanout         Cap        Slew       Delay        Time   Description
---------------------------------------------------------------------------------------------
                      0.000000    0.000000    0.000000   clock __VIRTUAL_CLK__ (rise edge)
                                  0.000000    0.000000   clock network delay (ideal)
                                  0.800000    0.800000 v input external delay
     1    0.010344    0.016940    0.010914    0.810914 v sub (in)
                                                         sub (net)
                      0.016964    0.000000    0.810914 v input65/A (sky130_fd_sc_hd__buf_12)
     4    0.027131    0.023738    0.082540    0.893455 v input65/X (sky130_fd_sc_hd__buf_12)
                                                         net65 (net)
                      0.024378    0.002435    0.895890 v fanout106/A (sky130_fd_sc_hd__buf_8)
     4    0.022761    0.024358    0.083449    0.979339 v fanout106/X (sky130_fd_sc_hd__buf_8)
                                                         net106 (net)
                      0.024492    0.001145    0.980484 v fanout104/A (sky130_fd_sc_hd__buf_6)
     2    0.007419    0.017647    0.073437    1.053921 v fanout104/X (sky130_fd_sc_hd__buf_6)
                                                         net104 (net)
                      0.017648    0.000466    1.054387 v load_slew105/A (sky130_fd_sc_hd__buf_6)
     4    0.020453    0.026021    0.080141    1.134529 v load_slew105/X (sky130_fd_sc_hd__buf_6)
                                                         net105 (net)
                      0.026462    0.002730    1.137258 v rebuffer111/A (sky130_fd_sc_hd__buf_6)
     1    0.018163    0.024220    0.082422    1.219680 v rebuffer111/X (sky130_fd_sc_hd__buf_6)
                                                         net111 (net)
                      0.024386    0.001563    1.221243 v _378_/A (sky130_fd_sc_hd__xor2_4)
     3    0.022648    0.157567    0.172554    1.393797 ^ _378_/X (sky130_fd_sc_hd__xor2_4)
                                                         _007_ (net)
                      0.157567    0.000139    1.393936 ^ rebuffer116/A (sky130_fd_sc_hd__buf_2)
     1    0.004951    0.029074    0.094908    1.488844 ^ rebuffer116/X (sky130_fd_sc_hd__buf_2)
                                                         net116 (net)
                      0.029075    0.000388    1.489232 ^ _379_/B (sky130_fd_sc_hd__nand2_2)
     2    0.009895    0.062447    0.040166    1.529398 v _379_/Y (sky130_fd_sc_hd__nand2_2)
                                                         _008_ (net)
                      0.062456    0.000606    1.530004 v _405_/A2 (sky130_fd_sc_hd__a2111o_2)
     2    0.010111    0.058227    0.324993    1.854997 v _405_/X (sky130_fd_sc_hd__a2111o_2)
                                                         _034_ (net)
                      0.058271    0.000678    1.855675 v _406_/C1 (sky130_fd_sc_hd__o211a_4)
     1    0.005172    0.029661    0.100520    1.956196 v _406_/X (sky130_fd_sc_hd__o211a_4)
                                                         _035_ (net)
                      0.029661    0.000418    1.956614 v _429_/B1 (sky130_fd_sc_hd__a41o_4)
     2    0.008731    0.035244    0.082349    2.038963 v _429_/X (sky130_fd_sc_hd__a41o_4)
                                                         _058_ (net)
                      0.035244    0.000691    2.039654 v _210_/A1 (sky130_fd_sc_hd__a21o_4)
     2    0.009035    0.028863    0.136696    2.176350 v _210_/X (sky130_fd_sc_hd__a21o_4)
                                                         _080_ (net)
                      0.028863    0.000690    2.177040 v _280_/A2 (sky130_fd_sc_hd__a211o_4)
     4    0.013265    0.045209    0.225618    2.402658 v _280_/X (sky130_fd_sc_hd__a211o_4)
                                                         _142_ (net)
                      0.045260    0.001093    2.403751 v _327_/A2 (sky130_fd_sc_hd__a2111o_2)
     2    0.009310    0.056618    0.316324    2.720075 v _327_/X (sky130_fd_sc_hd__a2111o_2)
                                                         _183_ (net)
                      0.056620    0.000869    2.720944 v _335_/A1 (sky130_fd_sc_hd__a31o_4)
     2    0.014504    0.037136    0.166197    2.887141 v _335_/X (sky130_fd_sc_hd__a31o_4)
                                                         _190_ (net)
                      0.037181    0.001204    2.888345 v _369_/A1 (sky130_fd_sc_hd__o21ai_2)
     1    0.005285    0.078163    0.100990    2.989335 ^ _369_/Y (sky130_fd_sc_hd__o21ai_2)
                                                         net98 (net)
                      0.078163    0.000266    2.989600 ^ output98/A (sky130_fd_sc_hd__buf_6)
     1    0.037402    0.062261    0.101688    3.091289 ^ output98/X (sky130_fd_sc_hd__buf_6)
                                                         carryOut (net)
                      0.062399    0.002477    3.093766 ^ carryOut (out)
                                              3.093766   data arrival time

                      0.000000    4.000000    4.000000   clock __VIRTUAL_CLK__ (rise edge)
                                  0.000000    4.000000   clock network delay (ideal)
                                 -0.250000    3.750000   clock uncertainty
                                  0.000000    3.750000   clock reconvergence pessimism
                                 -0.800000    2.950000   output external delay
                                              2.950000   data required time
---------------------------------------------------------------------------------------------
                                              2.950000   data required time
                                             -3.093766   data arrival time
---------------------------------------------------------------------------------------------
                                             -0.143766   slack (VIOLATED)




===========================================================================
report_checks --slack_max -0.01
============================================================================
======================= max_ff_n40C_1v95 Corner ===================================

Startpoint: sub (input port clocked by __VIRTUAL_CLK__)
Endpoint: carryOut (output port clocked by __VIRTUAL_CLK__)
Path Group: __VIRTUAL_CLK__
Path Type: max

Fanout         Cap        Slew       Delay        Time   Description
---------------------------------------------------------------------------------------------
                      0.000000    0.000000    0.000000   clock __VIRTUAL_CLK__ (rise edge)
                                  0.000000    0.000000   clock network delay (ideal)
                                  0.800000    0.800000 v input external delay
     1    0.010344    0.016940    0.010914    0.810914 v sub (in)
                                                         sub (net)
                      0.016964    0.000000    0.810914 v input65/A (sky130_fd_sc_hd__buf_12)
     4    0.027131    0.023738    0.082540    0.893455 v input65/X (sky130_fd_sc_hd__buf_12)
                                                         net65 (net)
                      0.024378    0.002435    0.895890 v fanout106/A (sky130_fd_sc_hd__buf_8)
     4    0.022761    0.024358    0.083449    0.979339 v fanout106/X (sky130_fd_sc_hd__buf_8)
                                                         net106 (net)
                      0.024492    0.001145    0.980484 v fanout104/A (sky130_fd_sc_hd__buf_6)
     2    0.007419    0.017647    0.073437    1.053921 v fanout104/X (sky130_fd_sc_hd__buf_6)
                                                         net104 (net)
                      0.017648    0.000466    1.054387 v load_slew105/A (sky130_fd_sc_hd__buf_6)
     4    0.020453    0.026021    0.080141    1.134529 v load_slew105/X (sky130_fd_sc_hd__buf_6)
                                                         net105 (net)
                      0.026462    0.002730    1.137258 v rebuffer111/A (sky130_fd_sc_hd__buf_6)
     1    0.018163    0.024220    0.082422    1.219680 v rebuffer111/X (sky130_fd_sc_hd__buf_6)
                                                         net111 (net)
                      0.024386    0.001563    1.221243 v _378_/A (sky130_fd_sc_hd__xor2_4)
     3    0.022648    0.157567    0.172554    1.393797 ^ _378_/X (sky130_fd_sc_hd__xor2_4)
                                                         _007_ (net)
                      0.157567    0.000139    1.393936 ^ rebuffer116/A (sky130_fd_sc_hd__buf_2)
     1    0.004951    0.029074    0.094908    1.488844 ^ rebuffer116/X (sky130_fd_sc_hd__buf_2)
                                                         net116 (net)
                      0.029075    0.000388    1.489232 ^ _379_/B (sky130_fd_sc_hd__nand2_2)
     2    0.009895    0.062447    0.040166    1.529398 v _379_/Y (sky130_fd_sc_hd__nand2_2)
                                                         _008_ (net)
                      0.062456    0.000606    1.530004 v _405_/A2 (sky130_fd_sc_hd__a2111o_2)
     2    0.010111    0.058227    0.324993    1.854997 v _405_/X (sky130_fd_sc_hd__a2111o_2)
                                                         _034_ (net)
                      0.058271    0.000678    1.855675 v _406_/C1 (sky130_fd_sc_hd__o211a_4)
     1    0.005172    0.029661    0.100520    1.956196 v _406_/X (sky130_fd_sc_hd__o211a_4)
                                                         _035_ (net)
                      0.029661    0.000418    1.956614 v _429_/B1 (sky130_fd_sc_hd__a41o_4)
     2    0.008731    0.035244    0.082349    2.038963 v _429_/X (sky130_fd_sc_hd__a41o_4)
                                                         _058_ (net)
                      0.035244    0.000691    2.039654 v _210_/A1 (sky130_fd_sc_hd__a21o_4)
     2    0.009035    0.028863    0.136696    2.176350 v _210_/X (sky130_fd_sc_hd__a21o_4)
                                                         _080_ (net)
                      0.028863    0.000690    2.177040 v _280_/A2 (sky130_fd_sc_hd__a211o_4)
     4    0.013265    0.045209    0.225618    2.402658 v _280_/X (sky130_fd_sc_hd__a211o_4)
                                                         _142_ (net)
                      0.045260    0.001093    2.403751 v _327_/A2 (sky130_fd_sc_hd__a2111o_2)
     2    0.009310    0.056618    0.316324    2.720075 v _327_/X (sky130_fd_sc_hd__a2111o_2)
                                                         _183_ (net)
                      0.056620    0.000869    2.720944 v _335_/A1 (sky130_fd_sc_hd__a31o_4)
     2    0.014504    0.037136    0.166197    2.887141 v _335_/X (sky130_fd_sc_hd__a31o_4)
                                                         _190_ (net)
                      0.037181    0.001204    2.888345 v _369_/A1 (sky130_fd_sc_hd__o21ai_2)
     1    0.005285    0.078163    0.100990    2.989335 ^ _369_/Y (sky130_fd_sc_hd__o21ai_2)
                                                         net98 (net)
                      0.078163    0.000266    2.989600 ^ output98/A (sky130_fd_sc_hd__buf_6)
     1    0.037402    0.062261    0.101688    3.091289 ^ output98/X (sky130_fd_sc_hd__buf_6)
                                                         carryOut (net)
                      0.062399    0.002477    3.093766 ^ carryOut (out)
                                              3.093766   data arrival time

                      0.000000    4.000000    4.000000   clock __VIRTUAL_CLK__ (rise edge)
                                  0.000000    4.000000   clock network delay (ideal)
                                 -0.250000    3.750000   clock uncertainty
                                  0.000000    3.750000   clock reconvergence pessimism
                                 -0.800000    2.950000   output external delay
                                              2.950000   data required time
---------------------------------------------------------------------------------------------
                                              2.950000   data required time
                                             -3.093766   data arrival time
---------------------------------------------------------------------------------------------
                                             -0.143766   slack (VIOLATED)




===========================================================================
 report_check_types -max_slew -max_cap -max_fanout -violators
============================================================================
======================= max_ff_n40C_1v95 Corner ===================================



===========================================================================
report_parasitic_annotation -report_unannotated
============================================================================
Found 0 unannotated drivers.
Found 0 partially unannotated drivers.

===========================================================================
max slew violation count 0
max fanout violation count 0
max cap violation count 0
============================================================================

===========================================================================
check_setup -verbose -unconstrained_endpoints -multiple_clock -no_clock -no_input_delay -loops -generated_clocks
===========================================================================
