
===========================================================================
report_checks -path_delay min (Hold)
============================================================================
======================= nom_tt_025C_1v80 Corner ===================================

Startpoint: A[31] (input port clocked by __VIRTUAL_CLK__)
Endpoint: carryOut (output port clocked by __VIRTUAL_CLK__)
Path Group: __VIRTUAL_CLK__
Path Type: min

Fanout         Cap        Slew       Delay        Time   Description
---------------------------------------------------------------------------------------------
                      0.000000    0.000000    0.000000   clock __VIRTUAL_CLK__ (rise edge)
                                  0.000000    0.000000   clock network delay (ideal)
                                  0.900000    0.900000 v input external delay
     2    0.017632    0.040897    0.026958    0.926958 v A[31] (in)
                                                         A[31] (net)
                      0.040897    0.000000    0.926958 v _651_/A1_N (sky130_fd_sc_hd__o2bb2ai_4)
     1    0.034625    0.096537    0.170905    1.097862 v _651_/Y (sky130_fd_sc_hd__o2bb2ai_4)
                                                         carryOut (net)
                      0.096537    0.000170    1.098033 v carryOut (out)
                                              1.098033   data arrival time

                      0.000000    0.000000    0.000000   clock __VIRTUAL_CLK__ (rise edge)
                                  0.000000    0.000000   clock network delay (ideal)
                                  0.250000    0.250000   clock uncertainty
                                  0.000000    0.250000   clock reconvergence pessimism
                                 -0.900000   -0.650000   output external delay
                                             -0.650000   data required time
---------------------------------------------------------------------------------------------
                                             -0.650000   data required time
                                             -1.098033   data arrival time
---------------------------------------------------------------------------------------------
                                              1.748033   slack (MET)


Startpoint: A[0] (input port clocked by __VIRTUAL_CLK__)
Endpoint: S[0] (output port clocked by __VIRTUAL_CLK__)
Path Group: __VIRTUAL_CLK__
Path Type: min

Fanout         Cap        Slew       Delay        Time   Description
---------------------------------------------------------------------------------------------
                      0.000000    0.000000    0.000000   clock __VIRTUAL_CLK__ (rise edge)
                                  0.000000    0.000000   clock network delay (ideal)
                                  0.900000    0.900000 ^ input external delay
     4    0.019070    0.091500    0.059466    0.959466 ^ A[0] (in)
                                                         A[0] (net)
                      0.091500    0.000000    0.959466 ^ _615_/A (sky130_fd_sc_hd__xor2_2)
     1    0.034530    0.101851    0.156423    1.115889 v _615_/X (sky130_fd_sc_hd__xor2_2)
                                                         S[0] (net)
                      0.101851    0.000152    1.116041 v S[0] (out)
                                              1.116041   data arrival time

                      0.000000    0.000000    0.000000   clock __VIRTUAL_CLK__ (rise edge)
                                  0.000000    0.000000   clock network delay (ideal)
                                  0.250000    0.250000   clock uncertainty
                                  0.000000    0.250000   clock reconvergence pessimism
                                 -0.900000   -0.650000   output external delay
                                             -0.650000   data required time
---------------------------------------------------------------------------------------------
                                             -0.650000   data required time
                                             -1.116041   data arrival time
---------------------------------------------------------------------------------------------
                                              1.766041   slack (MET)


Startpoint: A[20] (input port clocked by __VIRTUAL_CLK__)
Endpoint: S[21] (output port clocked by __VIRTUAL_CLK__)
Path Group: __VIRTUAL_CLK__
Path Type: min

Fanout         Cap        Slew       Delay        Time   Description
---------------------------------------------------------------------------------------------
                      0.000000    0.000000    0.000000   clock __VIRTUAL_CLK__ (rise edge)
                                  0.000000    0.000000   clock network delay (ideal)
                                  0.900000    0.900000 v input external delay
     2    0.011629    0.028066    0.017897    0.917897 v A[20] (in)
                                                         A[20] (net)
                      0.028066    0.000000    0.917897 v _460_/B1 (sky130_fd_sc_hd__o21ai_4)
     3    0.013287    0.066840    0.060107    0.978003 ^ _460_/Y (sky130_fd_sc_hd__o21ai_4)
                                                         _185_ (net)
                      0.066840    0.000078    0.978082 ^ _479_/B2 (sky130_fd_sc_hd__o2bb2ai_2)
     1    0.004951    0.032500    0.054535    1.032617 v _479_/Y (sky130_fd_sc_hd__o2bb2ai_2)
                                                         _203_ (net)
                      0.032500    0.000015    1.032631 v _481_/B1 (sky130_fd_sc_hd__o21ai_2)
     1    0.009367    0.074587    0.064426    1.097057 ^ _481_/Y (sky130_fd_sc_hd__o21ai_2)
                                                         _205_ (net)
                      0.074587    0.000005    1.097063 ^ _482_/B (sky130_fd_sc_hd__nand2_4)
     1    0.035837    0.083322    0.091608    1.188671 v _482_/Y (sky130_fd_sc_hd__nand2_4)
                                                         S[21] (net)
                      0.083328    0.000529    1.189200 v S[21] (out)
                                              1.189200   data arrival time

                      0.000000    0.000000    0.000000   clock __VIRTUAL_CLK__ (rise edge)
                                  0.000000    0.000000   clock network delay (ideal)
                                  0.250000    0.250000   clock uncertainty
                                  0.000000    0.250000   clock reconvergence pessimism
                                 -0.900000   -0.650000   output external delay
                                             -0.650000   data required time
---------------------------------------------------------------------------------------------
                                             -0.650000   data required time
                                             -1.189200   data arrival time
---------------------------------------------------------------------------------------------
                                              1.839200   slack (MET)


Startpoint: A[25] (input port clocked by __VIRTUAL_CLK__)
Endpoint: S[25] (output port clocked by __VIRTUAL_CLK__)
Path Group: __VIRTUAL_CLK__
Path Type: min

Fanout         Cap        Slew       Delay        Time   Description
---------------------------------------------------------------------------------------------
                      0.000000    0.000000    0.000000   clock __VIRTUAL_CLK__ (rise edge)
                                  0.000000    0.000000   clock network delay (ideal)
                                  0.900000    0.900000 v input external delay
     2    0.007159    0.018300    0.011010    0.911010 v A[25] (in)
                                                         A[25] (net)
                      0.018300    0.000000    0.911010 v _535_/B1 (sky130_fd_sc_hd__o21ai_2)
     2    0.007532    0.064238    0.052250    0.963260 ^ _535_/Y (sky130_fd_sc_hd__o21ai_2)
                                                         _255_ (net)
                      0.064238    0.000010    0.963270 ^ _537_/A2 (sky130_fd_sc_hd__o21bai_2)
     4    0.013590    0.066968    0.084078    1.047348 v _537_/Y (sky130_fd_sc_hd__o21bai_2)
                                                         _257_ (net)
                      0.066968    0.000079    1.047426 v _539_/B1 (sky130_fd_sc_hd__o21ai_2)
     1    0.004732    0.051740    0.061577    1.109003 ^ _539_/Y (sky130_fd_sc_hd__o21ai_2)
                                                         _259_ (net)
                      0.051740    0.000002    1.109005 ^ _540_/B (sky130_fd_sc_hd__nand2_2)
     1    0.035423    0.142792    0.129251    1.238257 v _540_/Y (sky130_fd_sc_hd__nand2_2)
                                                         S[25] (net)
                      0.142794    0.000429    1.238685 v S[25] (out)
                                              1.238685   data arrival time

                      0.000000    0.000000    0.000000   clock __VIRTUAL_CLK__ (rise edge)
                                  0.000000    0.000000   clock network delay (ideal)
                                  0.250000    0.250000   clock uncertainty
                                  0.000000    0.250000   clock reconvergence pessimism
                                 -0.900000   -0.650000   output external delay
                                             -0.650000   data required time
---------------------------------------------------------------------------------------------
                                             -0.650000   data required time
                                             -1.238685   data arrival time
---------------------------------------------------------------------------------------------
                                              1.888685   slack (MET)


Startpoint: A[22] (input port clocked by __VIRTUAL_CLK__)
Endpoint: S[22] (output port clocked by __VIRTUAL_CLK__)
Path Group: __VIRTUAL_CLK__
Path Type: min

Fanout         Cap        Slew       Delay        Time   Description
---------------------------------------------------------------------------------------------
                      0.000000    0.000000    0.000000   clock __VIRTUAL_CLK__ (rise edge)
                                  0.000000    0.000000   clock network delay (ideal)
                                  0.900000    0.900000 v input external delay
     3    0.014064    0.033238    0.021619    0.921619 v A[22] (in)
                                                         A[22] (net)
                      0.033239    0.000000    0.921619 v _491_/C (sky130_fd_sc_hd__nand3b_4)
     6    0.025352    0.094462    0.099881    1.021500 ^ _491_/Y (sky130_fd_sc_hd__nand3b_4)
                                                         _214_ (net)
                      0.094462    0.000135    1.021635 ^ _494_/A (sky130_fd_sc_hd__nand2_2)
     2    0.006800    0.041192    0.058930    1.080565 v _494_/Y (sky130_fd_sc_hd__nand2_2)
                                                         _217_ (net)
                      0.041192    0.000010    1.080575 v _496_/B (sky130_fd_sc_hd__nand2_2)
     1    0.009423    0.060586    0.074585    1.155159 ^ _496_/Y (sky130_fd_sc_hd__nand2_2)
                                                         _219_ (net)
                      0.060586    0.000008    1.155168 ^ _497_/B (sky130_fd_sc_hd__nand2_4)
     1    0.034823    0.081274    0.086835    1.242003 v _497_/Y (sky130_fd_sc_hd__nand2_4)
                                                         S[22] (net)
                      0.081276    0.000291    1.242293 v S[22] (out)
                                              1.242293   data arrival time

                      0.000000    0.000000    0.000000   clock __VIRTUAL_CLK__ (rise edge)
                                  0.000000    0.000000   clock network delay (ideal)
                                  0.250000    0.250000   clock uncertainty
                                  0.000000    0.250000   clock reconvergence pessimism
                                 -0.900000   -0.650000   output external delay
                                             -0.650000   data required time
---------------------------------------------------------------------------------------------
                                             -0.650000   data required time
                                             -1.242293   data arrival time
---------------------------------------------------------------------------------------------
                                              1.892293   slack (MET)


Startpoint: A[29] (input port clocked by __VIRTUAL_CLK__)
Endpoint: S[29] (output port clocked by __VIRTUAL_CLK__)
Path Group: __VIRTUAL_CLK__
Path Type: min

Fanout         Cap        Slew       Delay        Time   Description
---------------------------------------------------------------------------------------------
                      0.000000    0.000000    0.000000   clock __VIRTUAL_CLK__ (rise edge)
                                  0.000000    0.000000   clock network delay (ideal)
                                  0.900000    0.900000 ^ input external delay
     3    0.005516    0.031549    0.018515    0.918515 ^ A[29] (in)
                                                         A[29] (net)
                      0.031549    0.000000    0.918515 ^ _586_/B1_N (sky130_fd_sc_hd__o21bai_2)
     2    0.007034    0.061446    0.102921    1.021436 ^ _586_/Y (sky130_fd_sc_hd__o21bai_2)
                                                         _302_ (net)
                      0.061446    0.000016    1.021452 ^ _587_/B (sky130_fd_sc_hd__nand2_2)
     2    0.006330    0.035878    0.054926    1.076378 v _587_/Y (sky130_fd_sc_hd__nand2_2)
                                                         _303_ (net)
                      0.035878    0.000020    1.076399 v _589_/B1 (sky130_fd_sc_hd__o21ai_2)
     1    0.004685    0.048293    0.048782    1.125181 ^ _589_/Y (sky130_fd_sc_hd__o21ai_2)
                                                         _305_ (net)
                      0.048293    0.000004    1.125185 ^ _590_/B1 (sky130_fd_sc_hd__o21ai_2)
     1    0.035505    0.141414    0.125796    1.250981 v _590_/Y (sky130_fd_sc_hd__o21ai_2)
                                                         S[29] (net)
                      0.141415    0.000286    1.251268 v S[29] (out)
                                              1.251268   data arrival time

                      0.000000    0.000000    0.000000   clock __VIRTUAL_CLK__ (rise edge)
                                  0.000000    0.000000   clock network delay (ideal)
                                  0.250000    0.250000   clock uncertainty
                                  0.000000    0.250000   clock reconvergence pessimism
                                 -0.900000   -0.650000   output external delay
                                             -0.650000   data required time
---------------------------------------------------------------------------------------------
                                             -0.650000   data required time
                                             -1.251268   data arrival time
---------------------------------------------------------------------------------------------
                                              1.901268   slack (MET)


Startpoint: A[3] (input port clocked by __VIRTUAL_CLK__)
Endpoint: S[3] (output port clocked by __VIRTUAL_CLK__)
Path Group: __VIRTUAL_CLK__
Path Type: min

Fanout         Cap        Slew       Delay        Time   Description
---------------------------------------------------------------------------------------------
                      0.000000    0.000000    0.000000   clock __VIRTUAL_CLK__ (rise edge)
                                  0.000000    0.000000   clock network delay (ideal)
                                  0.900000    0.900000 v input external delay
     2    0.007293    0.018588    0.011210    0.911210 v A[3] (in)
                                                         A[3] (net)
                      0.018588    0.000000    0.911210 v _401_/B1 (sky130_fd_sc_hd__o21ai_2)
     3    0.013071    0.091654    0.072052    0.983262 ^ _401_/Y (sky130_fd_sc_hd__o21ai_2)
                                                         _130_ (net)
                      0.091654    0.000021    0.983283 ^ _404_/A2 (sky130_fd_sc_hd__o21ai_2)
     2    0.009133    0.047621    0.070300    1.053582 v _404_/Y (sky130_fd_sc_hd__o21ai_2)
                                                         _133_ (net)
                      0.047621    0.000023    1.053605 v _622_/B (sky130_fd_sc_hd__nand3_2)
     1    0.004887    0.043087    0.066634    1.120239 ^ _622_/Y (sky130_fd_sc_hd__nand3_2)
                                                         _332_ (net)
                      0.043087    0.000002    1.120241 ^ _623_/B (sky130_fd_sc_hd__nand2b_2)
     1    0.034334    0.143731    0.133497    1.253738 v _623_/Y (sky130_fd_sc_hd__nand2b_2)
                                                         S[3] (net)
                      0.143731    0.000122    1.253860 v S[3] (out)
                                              1.253860   data arrival time

                      0.000000    0.000000    0.000000   clock __VIRTUAL_CLK__ (rise edge)
                                  0.000000    0.000000   clock network delay (ideal)
                                  0.250000    0.250000   clock uncertainty
                                  0.000000    0.250000   clock reconvergence pessimism
                                 -0.900000   -0.650000   output external delay
                                             -0.650000   data required time
---------------------------------------------------------------------------------------------
                                             -0.650000   data required time
                                             -1.253860   data arrival time
---------------------------------------------------------------------------------------------
                                              1.903860   slack (MET)


Startpoint: A[12] (input port clocked by __VIRTUAL_CLK__)
Endpoint: S[13] (output port clocked by __VIRTUAL_CLK__)
Path Group: __VIRTUAL_CLK__
Path Type: min

Fanout         Cap        Slew       Delay        Time   Description
---------------------------------------------------------------------------------------------
                      0.000000    0.000000    0.000000   clock __VIRTUAL_CLK__ (rise edge)
                                  0.000000    0.000000   clock network delay (ideal)
                                  0.900000    0.900000 ^ input external delay
     4    0.016286    0.079116    0.051243    0.951243 ^ A[12] (in)
                                                         A[12] (net)
                      0.079117    0.000000    0.951243 ^ _643_/A1 (sky130_fd_sc_hd__a22o_2)
     1    0.009020    0.060548    0.155907    1.107150 ^ _643_/X (sky130_fd_sc_hd__a22o_2)
                                                         _343_ (net)
                      0.060548    0.000025    1.107175 ^ _644_/B (sky130_fd_sc_hd__xnor2_2)
     1    0.034805    0.158301    0.147220    1.254395 v _644_/Y (sky130_fd_sc_hd__xnor2_2)
                                                         S[13] (net)
                      0.158301    0.000197    1.254591 v S[13] (out)
                                              1.254591   data arrival time

                      0.000000    0.000000    0.000000   clock __VIRTUAL_CLK__ (rise edge)
                                  0.000000    0.000000   clock network delay (ideal)
                                  0.250000    0.250000   clock uncertainty
                                  0.000000    0.250000   clock reconvergence pessimism
                                 -0.900000   -0.650000   output external delay
                                             -0.650000   data required time
---------------------------------------------------------------------------------------------
                                             -0.650000   data required time
                                             -1.254591   data arrival time
---------------------------------------------------------------------------------------------
                                              1.904591   slack (MET)


Startpoint: A[30] (input port clocked by __VIRTUAL_CLK__)
Endpoint: S[30] (output port clocked by __VIRTUAL_CLK__)
Path Group: __VIRTUAL_CLK__
Path Type: min

Fanout         Cap        Slew       Delay        Time   Description
---------------------------------------------------------------------------------------------
                      0.000000    0.000000    0.000000   clock __VIRTUAL_CLK__ (rise edge)
                                  0.000000    0.000000   clock network delay (ideal)
                                  0.900000    0.900000 ^ input external delay
     3    0.006141    0.034296    0.020440    0.920440 ^ A[30] (in)
                                                         A[30] (net)
                      0.034296    0.000000    0.920440 ^ _595_/B1_N (sky130_fd_sc_hd__o21bai_2)
     2    0.010059    0.075667    0.114326    1.034766 ^ _595_/Y (sky130_fd_sc_hd__o21bai_2)
                                                         _310_ (net)
                      0.075667    0.000045    1.034811 ^ _596_/B (sky130_fd_sc_hd__nand2_2)
     2    0.007081    0.040017    0.060358    1.095169 v _596_/Y (sky130_fd_sc_hd__nand2_2)
                                                         _311_ (net)
                      0.040017    0.000018    1.095187 v _602_/B1 (sky130_fd_sc_hd__o21ai_2)
     1    0.009061    0.072915    0.066390    1.161577 ^ _602_/Y (sky130_fd_sc_hd__o21ai_2)
                                                         _317_ (net)
                      0.072915    0.000003    1.161579 ^ _604_/B1 (sky130_fd_sc_hd__o21ai_4)
     1    0.035895    0.089638    0.099644    1.261223 v _604_/Y (sky130_fd_sc_hd__o21ai_4)
                                                         S[30] (net)
                      0.089640    0.000336    1.261560 v S[30] (out)
                                              1.261560   data arrival time

                      0.000000    0.000000    0.000000   clock __VIRTUAL_CLK__ (rise edge)
                                  0.000000    0.000000   clock network delay (ideal)
                                  0.250000    0.250000   clock uncertainty
                                  0.000000    0.250000   clock reconvergence pessimism
                                 -0.900000   -0.650000   output external delay
                                             -0.650000   data required time
---------------------------------------------------------------------------------------------
                                             -0.650000   data required time
                                             -1.261560   data arrival time
---------------------------------------------------------------------------------------------
                                              1.911560   slack (MET)


Startpoint: A[2] (input port clocked by __VIRTUAL_CLK__)
Endpoint: S[2] (output port clocked by __VIRTUAL_CLK__)
Path Group: __VIRTUAL_CLK__
Path Type: min

Fanout         Cap        Slew       Delay        Time   Description
---------------------------------------------------------------------------------------------
                      0.000000    0.000000    0.000000   clock __VIRTUAL_CLK__ (rise edge)
                                  0.000000    0.000000   clock network delay (ideal)
                                  0.900000    0.900000 v input external delay
     2    0.007474    0.018977    0.011479    0.911479 v A[2] (in)
                                                         A[2] (net)
                      0.018977    0.000000    0.911479 v _397_/B1 (sky130_fd_sc_hd__o21ai_2)
     3    0.011604    0.083841    0.066998    0.978477 ^ _397_/Y (sky130_fd_sc_hd__o21ai_2)
                                                         _126_ (net)
                      0.083841    0.000027    0.978504 ^ _398_/A2 (sky130_fd_sc_hd__o21a_2)
     1    0.009593    0.062922    0.135715    1.114220 ^ _398_/X (sky130_fd_sc_hd__o21a_2)
                                                         _127_ (net)
                      0.062922    0.000012    1.114232 ^ _620_/A (sky130_fd_sc_hd__xor2_2)
     1    0.034828    0.102546    0.148908    1.263139 v _620_/X (sky130_fd_sc_hd__xor2_2)
                                                         S[2] (net)
                      0.102546    0.000204    1.263344 v S[2] (out)
                                              1.263344   data arrival time

                      0.000000    0.000000    0.000000   clock __VIRTUAL_CLK__ (rise edge)
                                  0.000000    0.000000   clock network delay (ideal)
                                  0.250000    0.250000   clock uncertainty
                                  0.000000    0.250000   clock reconvergence pessimism
                                 -0.900000   -0.650000   output external delay
                                             -0.650000   data required time
---------------------------------------------------------------------------------------------
                                             -0.650000   data required time
                                             -1.263344   data arrival time
---------------------------------------------------------------------------------------------
                                              1.913344   slack (MET)


Startpoint: A[26] (input port clocked by __VIRTUAL_CLK__)
Endpoint: S[27] (output port clocked by __VIRTUAL_CLK__)
Path Group: __VIRTUAL_CLK__
Path Type: min

Fanout         Cap        Slew       Delay        Time   Description
---------------------------------------------------------------------------------------------
                      0.000000    0.000000    0.000000   clock __VIRTUAL_CLK__ (rise edge)
                                  0.000000    0.000000   clock network delay (ideal)
                                  0.900000    0.900000 ^ input external delay
     2    0.004354    0.026474    0.014946    0.914946 ^ A[26] (in)
                                                         A[26] (net)
                      0.026474    0.000000    0.914946 ^ _548_/B1_N (sky130_fd_sc_hd__o21bai_2)
     2    0.006954    0.062934    0.100768    1.015714 ^ _548_/Y (sky130_fd_sc_hd__o21bai_2)
                                                         _267_ (net)
                      0.062934    0.000010    1.015724 ^ _560_/A2 (sky130_fd_sc_hd__a21boi_2)
     3    0.011918    0.055694    0.071655    1.087379 v _560_/Y (sky130_fd_sc_hd__a21boi_2)
                                                         _278_ (net)
                      0.055694    0.000059    1.087437 v _563_/A (sky130_fd_sc_hd__nand2_2)
     1    0.004863    0.039164    0.056292    1.143729 ^ _563_/Y (sky130_fd_sc_hd__nand2_2)
                                                         _281_ (net)
                      0.039164    0.000004    1.143734 ^ _564_/A2 (sky130_fd_sc_hd__o21ai_2)
     1    0.035372    0.140968    0.125698    1.269431 v _564_/Y (sky130_fd_sc_hd__o21ai_2)
                                                         S[27] (net)
                      0.140969    0.000282    1.269714 v S[27] (out)
                                              1.269714   data arrival time

                      0.000000    0.000000    0.000000   clock __VIRTUAL_CLK__ (rise edge)
                                  0.000000    0.000000   clock network delay (ideal)
                                  0.250000    0.250000   clock uncertainty
                                  0.000000    0.250000   clock reconvergence pessimism
                                 -0.900000   -0.650000   output external delay
                                             -0.650000   data required time
---------------------------------------------------------------------------------------------
                                             -0.650000   data required time
                                             -1.269714   data arrival time
---------------------------------------------------------------------------------------------
                                              1.919713   slack (MET)


Startpoint: A[31] (input port clocked by __VIRTUAL_CLK__)
Endpoint: S[31] (output port clocked by __VIRTUAL_CLK__)
Path Group: __VIRTUAL_CLK__
Path Type: min

Fanout         Cap        Slew       Delay        Time   Description
---------------------------------------------------------------------------------------------
                      0.000000    0.000000    0.000000   clock __VIRTUAL_CLK__ (rise edge)
                                  0.000000    0.000000   clock network delay (ideal)
                                  0.900000    0.900000 ^ input external delay
     2    0.019242    0.092268    0.059988    0.959988 ^ A[31] (in)
                                                         A[31] (net)
                      0.092268    0.000000    0.959988 ^ _607_/A (sky130_fd_sc_hd__xnor2_2)
     3    0.008671    0.054644    0.085944    1.045932 v _607_/Y (sky130_fd_sc_hd__xnor2_2)
                                                         _321_ (net)
                      0.054644    0.000036    1.045969 v _612_/B (sky130_fd_sc_hd__nor2_2)
     1    0.009501    0.130132    0.117041    1.163010 ^ _612_/Y (sky130_fd_sc_hd__nor2_2)
                                                         _326_ (net)
                      0.130132    0.000014    1.163024 ^ _614_/B2 (sky130_fd_sc_hd__a22oi_4)
     1    0.034443    0.094946    0.109229    1.272253 v _614_/Y (sky130_fd_sc_hd__a22oi_4)
                                                         S[31] (net)
                      0.094946    0.000145    1.272398 v S[31] (out)
                                              1.272398   data arrival time

                      0.000000    0.000000    0.000000   clock __VIRTUAL_CLK__ (rise edge)
                                  0.000000    0.000000   clock network delay (ideal)
                                  0.250000    0.250000   clock uncertainty
                                  0.000000    0.250000   clock reconvergence pessimism
                                 -0.900000   -0.650000   output external delay
                                             -0.650000   data required time
---------------------------------------------------------------------------------------------
                                             -0.650000   data required time
                                             -1.272398   data arrival time
---------------------------------------------------------------------------------------------
                                              1.922398   slack (MET)


Startpoint: A[4] (input port clocked by __VIRTUAL_CLK__)
Endpoint: S[4] (output port clocked by __VIRTUAL_CLK__)
Path Group: __VIRTUAL_CLK__
Path Type: min

Fanout         Cap        Slew       Delay        Time   Description
---------------------------------------------------------------------------------------------
                      0.000000    0.000000    0.000000   clock __VIRTUAL_CLK__ (rise edge)
                                  0.000000    0.000000   clock network delay (ideal)
                                  0.900000    0.900000 v input external delay
     3    0.009755    0.023972    0.015033    0.915033 v A[4] (in)
                                                         A[4] (net)
                      0.023973    0.000000    0.915033 v _364_/B1 (sky130_fd_sc_hd__o21ai_2)
     3    0.010761    0.079359    0.065916    0.980949 ^ _364_/Y (sky130_fd_sc_hd__o21ai_2)
                                                         _093_ (net)
                      0.079359    0.000032    0.980981 ^ _368_/A2 (sky130_fd_sc_hd__o21a_2)
     1    0.009224    0.061145    0.133103    1.114084 ^ _368_/X (sky130_fd_sc_hd__o21a_2)
                                                         _097_ (net)
                      0.061145    0.000008    1.114092 ^ _625_/A (sky130_fd_sc_hd__xnor2_2)
     1    0.036145    0.164418    0.160030    1.274122 v _625_/Y (sky130_fd_sc_hd__xnor2_2)
                                                         S[4] (net)
                      0.164418    0.000606    1.274728 v S[4] (out)
                                              1.274728   data arrival time

                      0.000000    0.000000    0.000000   clock __VIRTUAL_CLK__ (rise edge)
                                  0.000000    0.000000   clock network delay (ideal)
                                  0.250000    0.250000   clock uncertainty
                                  0.000000    0.250000   clock reconvergence pessimism
                                 -0.900000   -0.650000   output external delay
                                             -0.650000   data required time
---------------------------------------------------------------------------------------------
                                             -0.650000   data required time
                                             -1.274728   data arrival time
---------------------------------------------------------------------------------------------
                                              1.924728   slack (MET)


Startpoint: A[12] (input port clocked by __VIRTUAL_CLK__)
Endpoint: S[14] (output port clocked by __VIRTUAL_CLK__)
Path Group: __VIRTUAL_CLK__
Path Type: min

Fanout         Cap        Slew       Delay        Time   Description
---------------------------------------------------------------------------------------------
                      0.000000    0.000000    0.000000   clock __VIRTUAL_CLK__ (rise edge)
                                  0.000000    0.000000   clock network delay (ideal)
                                  0.900000    0.900000 ^ input external delay
     4    0.016286    0.079116    0.051252    0.951252 ^ A[12] (in)
                                                         A[12] (net)
                      0.079117    0.000000    0.951252 ^ _677_/C (sky130_fd_sc_hd__nand3_2)
     2    0.009633    0.075241    0.093593    1.044845 v _677_/Y (sky130_fd_sc_hd__nand3_2)
                                                         _024_ (net)
                      0.075241    0.000021    1.044866 v _645_/C1 (sky130_fd_sc_hd__o211ai_2)
     1    0.008825    0.081188    0.083613    1.128480 ^ _645_/Y (sky130_fd_sc_hd__o211ai_2)
                                                         _344_ (net)
                      0.081188    0.000013    1.128493 ^ _647_/B (sky130_fd_sc_hd__xor2_2)
     1    0.035015    0.102955    0.148824    1.277317 v _647_/X (sky130_fd_sc_hd__xor2_2)
                                                         S[14] (net)
                      0.102955    0.000222    1.277539 v S[14] (out)
                                              1.277539   data arrival time

                      0.000000    0.000000    0.000000   clock __VIRTUAL_CLK__ (rise edge)
                                  0.000000    0.000000   clock network delay (ideal)
                                  0.250000    0.250000   clock uncertainty
                                  0.000000    0.250000   clock reconvergence pessimism
                                 -0.900000   -0.650000   output external delay
                                             -0.650000   data required time
---------------------------------------------------------------------------------------------
                                             -0.650000   data required time
                                             -1.277539   data arrival time
---------------------------------------------------------------------------------------------
                                              1.927539   slack (MET)


Startpoint: A[23] (input port clocked by __VIRTUAL_CLK__)
Endpoint: S[23] (output port clocked by __VIRTUAL_CLK__)
Path Group: __VIRTUAL_CLK__
Path Type: min

Fanout         Cap        Slew       Delay        Time   Description
---------------------------------------------------------------------------------------------
                      0.000000    0.000000    0.000000   clock __VIRTUAL_CLK__ (rise edge)
                                  0.000000    0.000000   clock network delay (ideal)
                                  0.900000    0.900000 v input external delay
     3    0.010258    0.025071    0.015802    0.915802 v A[23] (in)
                                                         A[23] (net)
                      0.025072    0.000000    0.915802 v _502_/B1 (sky130_fd_sc_hd__o21ai_2)
     4    0.015227    0.106920    0.082229    0.998031 ^ _502_/Y (sky130_fd_sc_hd__o21ai_2)
                                                         _224_ (net)
                      0.106920    0.000025    0.998056 ^ _505_/A2 (sky130_fd_sc_hd__o21ai_2)
     1    0.004942    0.035260    0.060629    1.058685 v _505_/Y (sky130_fd_sc_hd__o21ai_2)
                                                         _227_ (net)
                      0.035260    0.000024    1.058710 v _512_/B1 (sky130_fd_sc_hd__a21oi_2)
     1    0.009673    0.148100    0.135515    1.194224 ^ _512_/Y (sky130_fd_sc_hd__a21oi_2)
                                                         _234_ (net)
                      0.148100    0.000020    1.194244 ^ _513_/B (sky130_fd_sc_hd__nor2_4)
     1    0.035152    0.063488    0.083786    1.278030 v _513_/Y (sky130_fd_sc_hd__nor2_4)
                                                         S[23] (net)
                      0.063489    0.000340    1.278370 v S[23] (out)
                                              1.278370   data arrival time

                      0.000000    0.000000    0.000000   clock __VIRTUAL_CLK__ (rise edge)
                                  0.000000    0.000000   clock network delay (ideal)
                                  0.250000    0.250000   clock uncertainty
                                  0.000000    0.250000   clock reconvergence pessimism
                                 -0.900000   -0.650000   output external delay
                                             -0.650000   data required time
---------------------------------------------------------------------------------------------
                                             -0.650000   data required time
                                             -1.278370   data arrival time
---------------------------------------------------------------------------------------------
                                              1.928370   slack (MET)


Startpoint: A[19] (input port clocked by __VIRTUAL_CLK__)
Endpoint: S[19] (output port clocked by __VIRTUAL_CLK__)
Path Group: __VIRTUAL_CLK__
Path Type: min

Fanout         Cap        Slew       Delay        Time   Description
---------------------------------------------------------------------------------------------
                      0.000000    0.000000    0.000000   clock __VIRTUAL_CLK__ (rise edge)
                                  0.000000    0.000000   clock network delay (ideal)
                                  0.900000    0.900000 ^ input external delay
     4    0.019625    0.094006    0.061201    0.961201 ^ A[19] (in)
                                                         A[19] (net)
                      0.094007    0.000000    0.961201 ^ _451_/B (sky130_fd_sc_hd__nand2_2)
     5    0.017643    0.078443    0.094587    1.055788 v _451_/Y (sky130_fd_sc_hd__nand2_2)
                                                         _177_ (net)
                      0.078443    0.000052    1.055840 v _456_/B (sky130_fd_sc_hd__nand4_2)
     1    0.004827    0.054576    0.090632    1.146472 ^ _456_/Y (sky130_fd_sc_hd__nand4_2)
                                                         _182_ (net)
                      0.054576    0.000005    1.146477 ^ _457_/B (sky130_fd_sc_hd__nand2_2)
     1    0.036900    0.148444    0.133713    1.280190 v _457_/Y (sky130_fd_sc_hd__nand2_2)
                                                         S[19] (net)
                      0.148450    0.000765    1.280955 v S[19] (out)
                                              1.280955   data arrival time

                      0.000000    0.000000    0.000000   clock __VIRTUAL_CLK__ (rise edge)
                                  0.000000    0.000000   clock network delay (ideal)
                                  0.250000    0.250000   clock uncertainty
                                  0.000000    0.250000   clock reconvergence pessimism
                                 -0.900000   -0.650000   output external delay
                                             -0.650000   data required time
---------------------------------------------------------------------------------------------
                                             -0.650000   data required time
                                             -1.280955   data arrival time
---------------------------------------------------------------------------------------------
                                              1.930955   slack (MET)


Startpoint: A[0] (input port clocked by __VIRTUAL_CLK__)
Endpoint: S[1] (output port clocked by __VIRTUAL_CLK__)
Path Group: __VIRTUAL_CLK__
Path Type: min

Fanout         Cap        Slew       Delay        Time   Description
---------------------------------------------------------------------------------------------
                      0.000000    0.000000    0.000000   clock __VIRTUAL_CLK__ (rise edge)
                                  0.000000    0.000000   clock network delay (ideal)
                                  0.900000    0.900000 ^ input external delay
     4    0.019070    0.091500    0.059484    0.959484 ^ A[0] (in)
                                                         A[0] (net)
                      0.091500    0.000000    0.959484 ^ _616_/A1 (sky130_fd_sc_hd__mux2_1)
     1    0.009053    0.093107    0.166554    1.126038 ^ _616_/X (sky130_fd_sc_hd__mux2_1)
                                                         _328_ (net)
                      0.093107    0.000021    1.126059 ^ _617_/B (sky130_fd_sc_hd__xnor2_2)
     1    0.035477    0.161665    0.157121    1.283180 v _617_/Y (sky130_fd_sc_hd__xnor2_2)
                                                         S[1] (net)
                      0.161667    0.000440    1.283620 v S[1] (out)
                                              1.283620   data arrival time

                      0.000000    0.000000    0.000000   clock __VIRTUAL_CLK__ (rise edge)
                                  0.000000    0.000000   clock network delay (ideal)
                                  0.250000    0.250000   clock uncertainty
                                  0.000000    0.250000   clock reconvergence pessimism
                                 -0.900000   -0.650000   output external delay
                                             -0.650000   data required time
---------------------------------------------------------------------------------------------
                                             -0.650000   data required time
                                             -1.283620   data arrival time
---------------------------------------------------------------------------------------------
                                              1.933620   slack (MET)


Startpoint: B[10] (input port clocked by __VIRTUAL_CLK__)
Endpoint: S[11] (output port clocked by __VIRTUAL_CLK__)
Path Group: __VIRTUAL_CLK__
Path Type: min

Fanout         Cap        Slew       Delay        Time   Description
---------------------------------------------------------------------------------------------
                      0.000000    0.000000    0.000000   clock __VIRTUAL_CLK__ (rise edge)
                                  0.000000    0.000000   clock network delay (ideal)
                                  0.900000    0.900000 v input external delay
     4    0.015762    0.036878    0.024159    0.924159 v B[10] (in)
                                                         B[10] (net)
                      0.036879    0.000000    0.924159 v _712_/B (sky130_fd_sc_hd__nand2_2)
     2    0.012603    0.083976    0.083468    1.007627 ^ _712_/Y (sky130_fd_sc_hd__nand2_2)
                                                         _059_ (net)
                      0.083976    0.000026    1.007653 ^ _715_/B (sky130_fd_sc_hd__nand2_4)
     4    0.016513    0.044720    0.066406    1.074060 v _715_/Y (sky130_fd_sc_hd__nand2_4)
                                                         _062_ (net)
                      0.044720    0.000057    1.074117 v _638_/B1 (sky130_fd_sc_hd__o21ai_2)
     1    0.008617    0.070477    0.066735    1.140852 ^ _638_/Y (sky130_fd_sc_hd__o21ai_2)
                                                         _340_ (net)
                      0.070477    0.000005    1.140857 ^ _639_/B (sky130_fd_sc_hd__xor2_2)
     1    0.034275    0.101262    0.143429    1.284285 v _639_/X (sky130_fd_sc_hd__xor2_2)
                                                         S[11] (net)
                      0.101262    0.000117    1.284402 v S[11] (out)
                                              1.284402   data arrival time

                      0.000000    0.000000    0.000000   clock __VIRTUAL_CLK__ (rise edge)
                                  0.000000    0.000000   clock network delay (ideal)
                                  0.250000    0.250000   clock uncertainty
                                  0.000000    0.250000   clock reconvergence pessimism
                                 -0.900000   -0.650000   output external delay
                                             -0.650000   data required time
---------------------------------------------------------------------------------------------
                                             -0.650000   data required time
                                             -1.284402   data arrival time
---------------------------------------------------------------------------------------------
                                              1.934402   slack (MET)


Startpoint: A[9] (input port clocked by __VIRTUAL_CLK__)
Endpoint: S[9] (output port clocked by __VIRTUAL_CLK__)
Path Group: __VIRTUAL_CLK__
Path Type: min

Fanout         Cap        Slew       Delay        Time   Description
---------------------------------------------------------------------------------------------
                      0.000000    0.000000    0.000000   clock __VIRTUAL_CLK__ (rise edge)
                                  0.000000    0.000000   clock network delay (ideal)
                                  0.900000    0.900000 v input external delay
     3    0.006622    0.017130    0.010181    0.910181 v A[9] (in)
                                                         A[9] (net)
                      0.017130    0.000000    0.910181 v _697_/B1_N (sky130_fd_sc_hd__o21bai_4)
     3    0.011328    0.040880    0.157532    1.067713 v _697_/Y (sky130_fd_sc_hd__o21bai_4)
                                                         _044_ (net)
                      0.040880    0.000044    1.067757 v _700_/A (sky130_fd_sc_hd__nand2_2)
     1    0.009443    0.060815    0.065848    1.133605 ^ _700_/Y (sky130_fd_sc_hd__nand2_2)
                                                         _047_ (net)
                      0.060815    0.000019    1.133624 ^ _635_/A (sky130_fd_sc_hd__xnor2_2)
     1    0.034758    0.158152    0.156081    1.289704 v _635_/Y (sky130_fd_sc_hd__xnor2_2)
                                                         S[9] (net)
                      0.158153    0.000279    1.289983 v S[9] (out)
                                              1.289983   data arrival time

                      0.000000    0.000000    0.000000   clock __VIRTUAL_CLK__ (rise edge)
                                  0.000000    0.000000   clock network delay (ideal)
                                  0.250000    0.250000   clock uncertainty
                                  0.000000    0.250000   clock reconvergence pessimism
                                 -0.900000   -0.650000   output external delay
                                             -0.650000   data required time
---------------------------------------------------------------------------------------------
                                             -0.650000   data required time
                                             -1.289983   data arrival time
---------------------------------------------------------------------------------------------
                                              1.939983   slack (MET)


Startpoint: A[6] (input port clocked by __VIRTUAL_CLK__)
Endpoint: S[6] (output port clocked by __VIRTUAL_CLK__)
Path Group: __VIRTUAL_CLK__
Path Type: min

Fanout         Cap        Slew       Delay        Time   Description
---------------------------------------------------------------------------------------------
                      0.000000    0.000000    0.000000   clock __VIRTUAL_CLK__ (rise edge)
                                  0.000000    0.000000   clock network delay (ideal)
                                  0.900000    0.900000 v input external delay
     2    0.006887    0.017706    0.010586    0.910586 v A[6] (in)
                                                         A[6] (net)
                      0.017706    0.000000    0.910586 v _730_/B1 (sky130_fd_sc_hd__o21ai_2)
     4    0.017998    0.118088    0.089120    0.999706 ^ _730_/Y (sky130_fd_sc_hd__o21ai_2)
                                                         _077_ (net)
                      0.118088    0.000080    0.999786 ^ _350_/A2 (sky130_fd_sc_hd__o21ai_2)
     1    0.008615    0.050030    0.075125    1.074912 v _350_/Y (sky130_fd_sc_hd__o21ai_2)
                                                         _079_ (net)
                      0.050030    0.000011    1.074923 v _629_/A (sky130_fd_sc_hd__xnor2_2)
     1    0.034810    0.158911    0.217808    1.292731 v _629_/Y (sky130_fd_sc_hd__xnor2_2)
                                                         S[6] (net)
                      0.158911    0.000286    1.293017 v S[6] (out)
                                              1.293017   data arrival time

                      0.000000    0.000000    0.000000   clock __VIRTUAL_CLK__ (rise edge)
                                  0.000000    0.000000   clock network delay (ideal)
                                  0.250000    0.250000   clock uncertainty
                                  0.000000    0.250000   clock reconvergence pessimism
                                 -0.900000   -0.650000   output external delay
                                             -0.650000   data required time
---------------------------------------------------------------------------------------------
                                             -0.650000   data required time
                                             -1.293017   data arrival time
---------------------------------------------------------------------------------------------
                                              1.943017   slack (MET)


Startpoint: B[8] (input port clocked by __VIRTUAL_CLK__)
Endpoint: S[8] (output port clocked by __VIRTUAL_CLK__)
Path Group: __VIRTUAL_CLK__
Path Type: min

Fanout         Cap        Slew       Delay        Time   Description
---------------------------------------------------------------------------------------------
                      0.000000    0.000000    0.000000   clock __VIRTUAL_CLK__ (rise edge)
                                  0.000000    0.000000   clock network delay (ideal)
                                  0.900000    0.900000 v input external delay
     4    0.016440    0.038345    0.025186    0.925186 v B[8] (in)
                                                         B[8] (net)
                      0.038346    0.000000    0.925186 v _701_/B (sky130_fd_sc_hd__nand2_2)
     2    0.012142    0.081726    0.082578    1.007764 ^ _701_/Y (sky130_fd_sc_hd__nand2_2)
                                                         _048_ (net)
                      0.081726    0.000015    1.007779 ^ _705_/B (sky130_fd_sc_hd__nand2_4)
     4    0.016112    0.043976    0.065268    1.073047 v _705_/Y (sky130_fd_sc_hd__nand2_4)
                                                         _052_ (net)
                      0.043976    0.000061    1.073108 v _707_/A (sky130_fd_sc_hd__nand2_2)
     1    0.009244    0.059880    0.066413    1.139521 ^ _707_/Y (sky130_fd_sc_hd__nand2_2)
                                                         _054_ (net)
                      0.059880    0.000011    1.139532 ^ _633_/A (sky130_fd_sc_hd__xnor2_2)
     1    0.034617    0.158103    0.155444    1.294976 v _633_/Y (sky130_fd_sc_hd__xnor2_2)
                                                         S[8] (net)
                      0.158103    0.000259    1.295235 v S[8] (out)
                                              1.295235   data arrival time

                      0.000000    0.000000    0.000000   clock __VIRTUAL_CLK__ (rise edge)
                                  0.000000    0.000000   clock network delay (ideal)
                                  0.250000    0.250000   clock uncertainty
                                  0.000000    0.250000   clock reconvergence pessimism
                                 -0.900000   -0.650000   output external delay
                                             -0.650000   data required time
---------------------------------------------------------------------------------------------
                                             -0.650000   data required time
                                             -1.295235   data arrival time
---------------------------------------------------------------------------------------------
                                              1.945235   slack (MET)


Startpoint: A[16] (input port clocked by __VIRTUAL_CLK__)
Endpoint: S[17] (output port clocked by __VIRTUAL_CLK__)
Path Group: __VIRTUAL_CLK__
Path Type: min

Fanout         Cap        Slew       Delay        Time   Description
---------------------------------------------------------------------------------------------
                      0.000000    0.000000    0.000000   clock __VIRTUAL_CLK__ (rise edge)
                                  0.000000    0.000000   clock network delay (ideal)
                                  0.900000    0.900000 v input external delay
     2    0.009852    0.024176    0.015172    0.915172 v A[16] (in)
                                                         A[16] (net)
                      0.024177    0.000000    0.915172 v _657_/C (sky130_fd_sc_hd__nand3b_2)
     4    0.014618    0.092509    0.103812    1.018984 ^ _657_/Y (sky130_fd_sc_hd__nand3b_2)
                                                         _004_ (net)
                      0.092509    0.000075    1.019058 ^ _432_/A1 (sky130_fd_sc_hd__a21bo_2)
     1    0.008768    0.059872    0.144774    1.163833 ^ _432_/X (sky130_fd_sc_hd__a21bo_2)
                                                         _160_ (net)
                      0.059872    0.000010    1.163843 ^ _433_/B (sky130_fd_sc_hd__xor2_2)
     1    0.038406    0.110844    0.151012    1.314854 v _433_/X (sky130_fd_sc_hd__xor2_2)
                                                         S[17] (net)
                      0.110847    0.000712    1.315566 v S[17] (out)
                                              1.315566   data arrival time

                      0.000000    0.000000    0.000000   clock __VIRTUAL_CLK__ (rise edge)
                                  0.000000    0.000000   clock network delay (ideal)
                                  0.250000    0.250000   clock uncertainty
                                  0.000000    0.250000   clock reconvergence pessimism
                                 -0.900000   -0.650000   output external delay
                                             -0.650000   data required time
---------------------------------------------------------------------------------------------
                                             -0.650000   data required time
                                             -1.315566   data arrival time
---------------------------------------------------------------------------------------------
                                              1.965566   slack (MET)


Startpoint: A[7] (input port clocked by __VIRTUAL_CLK__)
Endpoint: S[7] (output port clocked by __VIRTUAL_CLK__)
Path Group: __VIRTUAL_CLK__
Path Type: min

Fanout         Cap        Slew       Delay        Time   Description
---------------------------------------------------------------------------------------------
                      0.000000    0.000000    0.000000   clock __VIRTUAL_CLK__ (rise edge)
                                  0.000000    0.000000   clock network delay (ideal)
                                  0.900000    0.900000 v input external delay
     3    0.007586    0.019231    0.011677    0.911677 v A[7] (in)
                                                         A[7] (net)
                      0.019231    0.000000    0.911677 v _371_/B1_N (sky130_fd_sc_hd__o21bai_4)
     4    0.019283    0.057449    0.172365    1.084041 v _371_/Y (sky130_fd_sc_hd__o21bai_4)
                                                         _100_ (net)
                      0.057449    0.000010    1.084051 v _375_/B1 (sky130_fd_sc_hd__o21ai_2)
     1    0.010609    0.079040    0.078968    1.163018 ^ _375_/Y (sky130_fd_sc_hd__o21ai_2)
                                                         _104_ (net)
                      0.079040    0.000050    1.163068 ^ _631_/A (sky130_fd_sc_hd__xor2_2)
     1    0.035223    0.103493    0.154556    1.317624 v _631_/X (sky130_fd_sc_hd__xor2_2)
                                                         S[7] (net)
                      0.103493    0.000395    1.318020 v S[7] (out)
                                              1.318020   data arrival time

                      0.000000    0.000000    0.000000   clock __VIRTUAL_CLK__ (rise edge)
                                  0.000000    0.000000   clock network delay (ideal)
                                  0.250000    0.250000   clock uncertainty
                                  0.000000    0.250000   clock reconvergence pessimism
                                 -0.900000   -0.650000   output external delay
                                             -0.650000   data required time
---------------------------------------------------------------------------------------------
                                             -0.650000   data required time
                                             -1.318020   data arrival time
---------------------------------------------------------------------------------------------
                                              1.968020   slack (MET)


Startpoint: A[4] (input port clocked by __VIRTUAL_CLK__)
Endpoint: S[5] (output port clocked by __VIRTUAL_CLK__)
Path Group: __VIRTUAL_CLK__
Path Type: min

Fanout         Cap        Slew       Delay        Time   Description
---------------------------------------------------------------------------------------------
                      0.000000    0.000000    0.000000   clock __VIRTUAL_CLK__ (rise edge)
                                  0.000000    0.000000   clock network delay (ideal)
                                  0.900000    0.900000 v input external delay
     3    0.009755    0.023972    0.015033    0.915033 v A[4] (in)
                                                         A[4] (net)
                      0.023973    0.000000    0.915033 v _364_/B1 (sky130_fd_sc_hd__o21ai_2)
     3    0.010761    0.079359    0.065916    0.980949 ^ _364_/Y (sky130_fd_sc_hd__o21ai_2)
                                                         _093_ (net)
                      0.079359    0.000027    0.980976 ^ _626_/A2 (sky130_fd_sc_hd__o22a_2)
     3    0.017264    0.096599    0.180244    1.161220 ^ _626_/X (sky130_fd_sc_hd__o22a_2)
                                                         _334_ (net)
                      0.096599    0.000127    1.161346 ^ _627_/B (sky130_fd_sc_hd__xnor2_2)
     1    0.035265    0.160811    0.157407    1.318754 v _627_/Y (sky130_fd_sc_hd__xnor2_2)
                                                         S[5] (net)
                      0.160811    0.000392    1.319146 v S[5] (out)
                                              1.319146   data arrival time

                      0.000000    0.000000    0.000000   clock __VIRTUAL_CLK__ (rise edge)
                                  0.000000    0.000000   clock network delay (ideal)
                                  0.250000    0.250000   clock uncertainty
                                  0.000000    0.250000   clock reconvergence pessimism
                                 -0.900000   -0.650000   output external delay
                                             -0.650000   data required time
---------------------------------------------------------------------------------------------
                                             -0.650000   data required time
                                             -1.319146   data arrival time
---------------------------------------------------------------------------------------------
                                              1.969146   slack (MET)


Startpoint: A[18] (input port clocked by __VIRTUAL_CLK__)
Endpoint: S[18] (output port clocked by __VIRTUAL_CLK__)
Path Group: __VIRTUAL_CLK__
Path Type: min

Fanout         Cap        Slew       Delay        Time   Description
---------------------------------------------------------------------------------------------
                      0.000000    0.000000    0.000000   clock __VIRTUAL_CLK__ (rise edge)
                                  0.000000    0.000000   clock network delay (ideal)
                                  0.900000    0.900000 ^ input external delay
     3    0.015106    0.073870    0.047770    0.947770 ^ A[18] (in)
                                                         A[18] (net)
                      0.073870    0.000000    0.947770 ^ _438_/C (sky130_fd_sc_hd__nand3b_2)
     2    0.006530    0.064050    0.085212    1.032981 v _438_/Y (sky130_fd_sc_hd__nand3b_2)
                                                         _165_ (net)
                      0.064050    0.000015    1.032996 v _440_/A (sky130_fd_sc_hd__nand2_2)
     3    0.020927    0.115260    0.113735    1.146731 ^ _440_/Y (sky130_fd_sc_hd__nand2_2)
                                                         _167_ (net)
                      0.115260    0.000068    1.146799 ^ _445_/A (sky130_fd_sc_hd__xor2_2)
     1    0.037795    0.109430    0.172045    1.318844 v _445_/X (sky130_fd_sc_hd__xor2_2)
                                                         S[18] (net)
                      0.109433    0.000617    1.319461 v S[18] (out)
                                              1.319461   data arrival time

                      0.000000    0.000000    0.000000   clock __VIRTUAL_CLK__ (rise edge)
                                  0.000000    0.000000   clock network delay (ideal)
                                  0.250000    0.250000   clock uncertainty
                                  0.000000    0.250000   clock reconvergence pessimism
                                 -0.900000   -0.650000   output external delay
                                             -0.650000   data required time
---------------------------------------------------------------------------------------------
                                             -0.650000   data required time
                                             -1.319461   data arrival time
---------------------------------------------------------------------------------------------
                                              1.969461   slack (MET)


Startpoint: B[10] (input port clocked by __VIRTUAL_CLK__)
Endpoint: S[10] (output port clocked by __VIRTUAL_CLK__)
Path Group: __VIRTUAL_CLK__
Path Type: min

Fanout         Cap        Slew       Delay        Time   Description
---------------------------------------------------------------------------------------------
                      0.000000    0.000000    0.000000   clock __VIRTUAL_CLK__ (rise edge)
                                  0.000000    0.000000   clock network delay (ideal)
                                  0.900000    0.900000 v input external delay
     4    0.015762    0.036878    0.024159    0.924159 v B[10] (in)
                                                         B[10] (net)
                      0.036879    0.000000    0.924159 v _712_/B (sky130_fd_sc_hd__nand2_2)
     2    0.012603    0.083976    0.083468    1.007627 ^ _712_/Y (sky130_fd_sc_hd__nand2_2)
                                                         _059_ (net)
                      0.083976    0.000026    1.007653 ^ _715_/B (sky130_fd_sc_hd__nand2_4)
     4    0.016513    0.044720    0.066406    1.074060 v _715_/Y (sky130_fd_sc_hd__nand2_4)
                                                         _062_ (net)
                      0.044720    0.000051    1.074111 v _716_/B (sky130_fd_sc_hd__nand2_2)
     2    0.014702    0.089151    0.093623    1.167733 ^ _716_/Y (sky130_fd_sc_hd__nand2_2)
                                                         _063_ (net)
                      0.089151    0.000014    1.167747 ^ _637_/A (sky130_fd_sc_hd__xor2_2)
     1    0.034240    0.101172    0.154969    1.322717 v _637_/X (sky130_fd_sc_hd__xor2_2)
                                                         S[10] (net)
                      0.101172    0.000111    1.322828 v S[10] (out)
                                              1.322828   data arrival time

                      0.000000    0.000000    0.000000   clock __VIRTUAL_CLK__ (rise edge)
                                  0.000000    0.000000   clock network delay (ideal)
                                  0.250000    0.250000   clock uncertainty
                                  0.000000    0.250000   clock reconvergence pessimism
                                 -0.900000   -0.650000   output external delay
                                             -0.650000   data required time
---------------------------------------------------------------------------------------------
                                             -0.650000   data required time
                                             -1.322828   data arrival time
---------------------------------------------------------------------------------------------
                                              1.972828   slack (MET)


Startpoint: A[12] (input port clocked by __VIRTUAL_CLK__)
Endpoint: S[12] (output port clocked by __VIRTUAL_CLK__)
Path Group: __VIRTUAL_CLK__
Path Type: min

Fanout         Cap        Slew       Delay        Time   Description
---------------------------------------------------------------------------------------------
                      0.000000    0.000000    0.000000   clock __VIRTUAL_CLK__ (rise edge)
                                  0.000000    0.000000   clock network delay (ideal)
                                  0.900000    0.900000 v input external delay
     4    0.015269    0.035824    0.023419    0.923419 v A[12] (in)
                                                         A[12] (net)
                      0.035824    0.000000    0.923419 v _675_/B1 (sky130_fd_sc_hd__o21ai_2)
     2    0.007802    0.065889    0.060174    0.983593 ^ _675_/Y (sky130_fd_sc_hd__o21ai_2)
                                                         _022_ (net)
                      0.065889    0.000005    0.983598 ^ _687_/A2 (sky130_fd_sc_hd__o21a_2)
     5    0.023249    0.127793    0.178239    1.161837 ^ _687_/X (sky130_fd_sc_hd__o21a_2)
                                                         _034_ (net)
                      0.127793    0.000065    1.161902 ^ _642_/A (sky130_fd_sc_hd__xor2_2)
     1    0.035142    0.103265    0.168502    1.330404 v _642_/X (sky130_fd_sc_hd__xor2_2)
                                                         S[12] (net)
                      0.103265    0.000247    1.330651 v S[12] (out)
                                              1.330651   data arrival time

                      0.000000    0.000000    0.000000   clock __VIRTUAL_CLK__ (rise edge)
                                  0.000000    0.000000   clock network delay (ideal)
                                  0.250000    0.250000   clock uncertainty
                                  0.000000    0.250000   clock reconvergence pessimism
                                 -0.900000   -0.650000   output external delay
                                             -0.650000   data required time
---------------------------------------------------------------------------------------------
                                             -0.650000   data required time
                                             -1.330651   data arrival time
---------------------------------------------------------------------------------------------
                                              1.980651   slack (MET)


Startpoint: A[24] (input port clocked by __VIRTUAL_CLK__)
Endpoint: S[26] (output port clocked by __VIRTUAL_CLK__)
Path Group: __VIRTUAL_CLK__
Path Type: min

Fanout         Cap        Slew       Delay        Time   Description
---------------------------------------------------------------------------------------------
                      0.000000    0.000000    0.000000   clock __VIRTUAL_CLK__ (rise edge)
                                  0.000000    0.000000   clock network delay (ideal)
                                  0.900000    0.900000 v input external delay
     3    0.008759    0.021788    0.013477    0.913477 v A[24] (in)
                                                         A[24] (net)
                      0.021788    0.000000    0.913477 v _525_/C (sky130_fd_sc_hd__nand3b_2)
     3    0.015230    0.095577    0.105086    1.018563 ^ _525_/Y (sky130_fd_sc_hd__nand3b_2)
                                                         _246_ (net)
                      0.095577    0.000037    1.018600 ^ _543_/A1 (sky130_fd_sc_hd__a21oi_2)
     3    0.013998    0.039871    0.083497    1.102097 v _543_/Y (sky130_fd_sc_hd__a21oi_2)
                                                         _262_ (net)
                      0.039871    0.000064    1.102160 v _550_/A2 (sky130_fd_sc_hd__o21bai_2)
     1    0.004794    0.052651    0.105178    1.207338 ^ _550_/Y (sky130_fd_sc_hd__o21bai_2)
                                                         _269_ (net)
                      0.052651    0.000005    1.207343 ^ _552_/A (sky130_fd_sc_hd__nand2_2)
     1    0.035296    0.142310    0.123931    1.331274 v _552_/Y (sky130_fd_sc_hd__nand2_2)
                                                         S[26] (net)
                      0.142311    0.000262    1.331535 v S[26] (out)
                                              1.331535   data arrival time

                      0.000000    0.000000    0.000000   clock __VIRTUAL_CLK__ (rise edge)
                                  0.000000    0.000000   clock network delay (ideal)
                                  0.250000    0.250000   clock uncertainty
                                  0.000000    0.250000   clock reconvergence pessimism
                                 -0.900000   -0.650000   output external delay
                                             -0.650000   data required time
---------------------------------------------------------------------------------------------
                                             -0.650000   data required time
                                             -1.331535   data arrival time
---------------------------------------------------------------------------------------------
                                              1.981535   slack (MET)


Startpoint: A[16] (input port clocked by __VIRTUAL_CLK__)
Endpoint: S[16] (output port clocked by __VIRTUAL_CLK__)
Path Group: __VIRTUAL_CLK__
Path Type: min

Fanout         Cap        Slew       Delay        Time   Description
---------------------------------------------------------------------------------------------
                      0.000000    0.000000    0.000000   clock __VIRTUAL_CLK__ (rise edge)
                                  0.000000    0.000000   clock network delay (ideal)
                                  0.900000    0.900000 ^ input external delay
     2    0.010554    0.053881    0.034017    0.934017 ^ A[16] (in)
                                                         A[16] (net)
                      0.053881    0.000000    0.934017 ^ _657_/C (sky130_fd_sc_hd__nand3b_2)
     4    0.013906    0.101753    0.111346    1.045363 v _657_/Y (sky130_fd_sc_hd__nand3b_2)
                                                         _004_ (net)
                      0.101753    0.000069    1.045432 v _659_/A (sky130_fd_sc_hd__nand2_2)
     2    0.020330    0.113622    0.127992    1.173424 ^ _659_/Y (sky130_fd_sc_hd__nand2_2)
                                                         _006_ (net)
                      0.113622    0.000052    1.173476 ^ _425_/A (sky130_fd_sc_hd__xor2_2)
     1    0.037336    0.108364    0.170339    1.343816 v _425_/X (sky130_fd_sc_hd__xor2_2)
                                                         S[16] (net)
                      0.108365    0.000554    1.344369 v S[16] (out)
                                              1.344369   data arrival time

                      0.000000    0.000000    0.000000   clock __VIRTUAL_CLK__ (rise edge)
                                  0.000000    0.000000   clock network delay (ideal)
                                  0.250000    0.250000   clock uncertainty
                                  0.000000    0.250000   clock reconvergence pessimism
                                 -0.900000   -0.650000   output external delay
                                             -0.650000   data required time
---------------------------------------------------------------------------------------------
                                             -0.650000   data required time
                                             -1.344369   data arrival time
---------------------------------------------------------------------------------------------
                                              1.994369   slack (MET)


Startpoint: A[28] (input port clocked by __VIRTUAL_CLK__)
Endpoint: S[28] (output port clocked by __VIRTUAL_CLK__)
Path Group: __VIRTUAL_CLK__
Path Type: min

Fanout         Cap        Slew       Delay        Time   Description
---------------------------------------------------------------------------------------------
                      0.000000    0.000000    0.000000   clock __VIRTUAL_CLK__ (rise edge)
                                  0.000000    0.000000   clock network delay (ideal)
                                  0.900000    0.900000 ^ input external delay
     3    0.005989    0.033625    0.019967    0.919967 ^ A[28] (in)
                                                         A[28] (net)
                      0.033625    0.000000    0.919967 ^ _567_/B1_N (sky130_fd_sc_hd__o21bai_2)
     3    0.010384    0.077161    0.115135    1.035102 ^ _567_/Y (sky130_fd_sc_hd__o21bai_2)
                                                         _284_ (net)
                      0.077161    0.000066    1.035168 ^ _580_/A1 (sky130_fd_sc_hd__a21o_2)
     1    0.002745    0.027124    0.109990    1.145158 ^ _580_/X (sky130_fd_sc_hd__a21o_2)
                                                         _297_ (net)
                      0.027124    0.000002    1.145160 ^ _581_/B (sky130_fd_sc_hd__and2b_4)
     1    0.035338    0.129114    0.198999    1.344159 ^ _581_/X (sky130_fd_sc_hd__and2b_4)
                                                         S[28] (net)
                      0.129114    0.000259    1.344418 ^ S[28] (out)
                                              1.344418   data arrival time

                      0.000000    0.000000    0.000000   clock __VIRTUAL_CLK__ (rise edge)
                                  0.000000    0.000000   clock network delay (ideal)
                                  0.250000    0.250000   clock uncertainty
                                  0.000000    0.250000   clock reconvergence pessimism
                                 -0.900000   -0.650000   output external delay
                                             -0.650000   data required time
---------------------------------------------------------------------------------------------
                                             -0.650000   data required time
                                             -1.344418   data arrival time
---------------------------------------------------------------------------------------------
                                              1.994418   slack (MET)


Startpoint: A[15] (input port clocked by __VIRTUAL_CLK__)
Endpoint: S[15] (output port clocked by __VIRTUAL_CLK__)
Path Group: __VIRTUAL_CLK__
Path Type: min

Fanout         Cap        Slew       Delay        Time   Description
---------------------------------------------------------------------------------------------
                      0.000000    0.000000    0.000000   clock __VIRTUAL_CLK__ (rise edge)
                                  0.000000    0.000000   clock network delay (ideal)
                                  0.900000    0.900000 ^ input external delay
     2    0.004168    0.025669    0.014327    0.914328 ^ A[15] (in)
                                                         A[15] (net)
                      0.025669    0.000000    0.914328 ^ _681_/B1_N (sky130_fd_sc_hd__o21bai_2)
     6    0.020419    0.124739    0.145025    1.059353 ^ _681_/Y (sky130_fd_sc_hd__o21bai_2)
                                                         _028_ (net)
                      0.124739    0.000043    1.059396 ^ _649_/A2 (sky130_fd_sc_hd__a22oi_2)
     1    0.008300    0.057605    0.101860    1.161257 v _649_/Y (sky130_fd_sc_hd__a22oi_2)
                                                         _347_ (net)
                      0.057605    0.000008    1.161264 v _650_/B (sky130_fd_sc_hd__nor2_4)
     1    0.034992    0.231617    0.195263    1.356527 ^ _650_/Y (sky130_fd_sc_hd__nor2_4)
                                                         S[15] (net)
                      0.231617    0.000218    1.356745 ^ S[15] (out)
                                              1.356745   data arrival time

                      0.000000    0.000000    0.000000   clock __VIRTUAL_CLK__ (rise edge)
                                  0.000000    0.000000   clock network delay (ideal)
                                  0.250000    0.250000   clock uncertainty
                                  0.000000    0.250000   clock reconvergence pessimism
                                 -0.900000   -0.650000   output external delay
                                             -0.650000   data required time
---------------------------------------------------------------------------------------------
                                             -0.650000   data required time
                                             -1.356745   data arrival time
---------------------------------------------------------------------------------------------
                                              2.006745   slack (MET)


Startpoint: A[19] (input port clocked by __VIRTUAL_CLK__)
Endpoint: S[20] (output port clocked by __VIRTUAL_CLK__)
Path Group: __VIRTUAL_CLK__
Path Type: min

Fanout         Cap        Slew       Delay        Time   Description
---------------------------------------------------------------------------------------------
                      0.000000    0.000000    0.000000   clock __VIRTUAL_CLK__ (rise edge)
                                  0.000000    0.000000   clock network delay (ideal)
                                  0.900000    0.900000 v input external delay
     4    0.018221    0.042206    0.027911    0.927911 v A[19] (in)
                                                         A[19] (net)
                      0.042209    0.000000    0.927911 v _452_/A (sky130_fd_sc_hd__nor2_2)
     1    0.010246    0.137667    0.139505    1.067416 ^ _452_/Y (sky130_fd_sc_hd__nor2_2)
                                                         _178_ (net)
                      0.137667    0.000029    1.067445 ^ _470_/A1 (sky130_fd_sc_hd__o22ai_4)
     7    0.042313    0.113928    0.144422    1.211867 v _470_/Y (sky130_fd_sc_hd__o22ai_4)
                                                         _195_ (net)
                      0.113933    0.000553    1.212421 v _471_/B (sky130_fd_sc_hd__xor2_4)
     1    0.035748    0.070142    0.203604    1.416025 v _471_/X (sky130_fd_sc_hd__xor2_4)
                                                         S[20] (net)
                      0.070143    0.000425    1.416450 v S[20] (out)
                                              1.416450   data arrival time

                      0.000000    0.000000    0.000000   clock __VIRTUAL_CLK__ (rise edge)
                                  0.000000    0.000000   clock network delay (ideal)
                                  0.250000    0.250000   clock uncertainty
                                  0.000000    0.250000   clock reconvergence pessimism
                                 -0.900000   -0.650000   output external delay
                                             -0.650000   data required time
---------------------------------------------------------------------------------------------
                                             -0.650000   data required time
                                             -1.416450   data arrival time
---------------------------------------------------------------------------------------------
                                              2.066450   slack (MET)


Startpoint: A[24] (input port clocked by __VIRTUAL_CLK__)
Endpoint: S[24] (output port clocked by __VIRTUAL_CLK__)
Path Group: __VIRTUAL_CLK__
Path Type: min

Fanout         Cap        Slew       Delay        Time   Description
---------------------------------------------------------------------------------------------
                      0.000000    0.000000    0.000000   clock __VIRTUAL_CLK__ (rise edge)
                                  0.000000    0.000000   clock network delay (ideal)
                                  0.900000    0.900000 v input external delay
     3    0.008759    0.021788    0.013477    0.913477 v A[24] (in)
                                                         A[24] (net)
                      0.021788    0.000000    0.913477 v _525_/C (sky130_fd_sc_hd__nand3b_2)
     3    0.015230    0.095577    0.105086    1.018563 ^ _525_/Y (sky130_fd_sc_hd__nand3b_2)
                                                         _246_ (net)
                      0.095577    0.000041    1.018603 ^ _527_/A (sky130_fd_sc_hd__nand2_2)
     5    0.018465    0.079163    0.093230    1.111833 v _527_/Y (sky130_fd_sc_hd__nand2_2)
                                                         _248_ (net)
                      0.079163    0.000106    1.111939 v _530_/B1 (sky130_fd_sc_hd__o211ai_2)
     1    0.002274    0.047647    0.071279    1.183218 ^ _530_/Y (sky130_fd_sc_hd__o211ai_2)
                                                         _251_ (net)
                      0.047647    0.000008    1.183226 ^ _531_/B (sky130_fd_sc_hd__and2_2)
     1    0.035780    0.187803    0.238461    1.421686 ^ _531_/X (sky130_fd_sc_hd__and2_2)
                                                         S[24] (net)
                      0.187803    0.000524    1.422210 ^ S[24] (out)
                                              1.422210   data arrival time

                      0.000000    0.000000    0.000000   clock __VIRTUAL_CLK__ (rise edge)
                                  0.000000    0.000000   clock network delay (ideal)
                                  0.250000    0.250000   clock uncertainty
                                  0.000000    0.250000   clock reconvergence pessimism
                                 -0.900000   -0.650000   output external delay
                                             -0.650000   data required time
---------------------------------------------------------------------------------------------
                                             -0.650000   data required time
                                             -1.422210   data arrival time
---------------------------------------------------------------------------------------------
                                              2.072210   slack (MET)



