
===========================================================================
Violator List
============================================================================
[setup in-out] B[5] -> S[21] : -2.585411
[setup in-out] B[5] -> S[23] : -2.528672
[setup in-out] B[5] -> S[30] : -2.524608
[setup in-out] B[5] -> S[28] : -2.520101
[setup in-out] B[5] -> S[22] : -2.517594
[setup in-out] B[5] -> S[24] : -2.512243
[setup in-out] B[5] -> S[31] : -2.496227
[setup in-out] sub -> S[10] : -2.483546
[setup in-out] sub -> S[15] : -2.452344
[setup in-out] sub -> S[13] : -2.419590
[setup in-out] B[5] -> S[26] : -2.406299
[setup in-out] sub -> S[11] : -2.383256
[setup in-out] B[5] -> S[20] : -2.367761
[setup in-out] B[5] -> S[25] : -2.361171
[setup in-out] B[5] -> carryOut : -2.359971
[setup in-out] B[5] -> S[29] : -2.293749
[setup in-out] B[5] -> S[27] : -2.280076
[setup in-out] sub -> S[7] : -2.242750
[setup in-out] B[5] -> S[19] : -2.235781
[setup in-out] B[5] -> S[17] : -2.160887
[setup in-out] sub -> S[9] : -2.142452
[setup in-out] sub -> S[18] : -2.125325
[setup in-out] B[5] -> S[14] : -2.049437
[setup in-out] sub -> S[12] : -2.006571
[setup in-out] sub -> S[6] : -1.882638
[setup in-out] sub -> S[8] : -1.785989
[setup in-out] B[5] -> S[16] : -1.705440
[setup in-out] sub -> S[5] : -1.622777
[setup in-out] sub -> S[4] : -1.304759
[setup in-out] sub -> S[3] : -0.983495
[setup in-out] sub -> S[2] : -0.905864
[setup in-out] sub -> S[1] : -0.593226
