
===========================================================================
report_checks -unconstrained
===========================================================================
======================= nom_tt_025C_1v80 Corner ===================================

Startpoint: sub (input port clocked by __VIRTUAL_CLK__)
Endpoint: S[21] (output port clocked by __VIRTUAL_CLK__)
Path Group: __VIRTUAL_CLK__
Path Type: max

Fanout         Cap        Slew       Delay        Time   Description
---------------------------------------------------------------------------------------------
                      0.000000    0.000000    0.000000   clock __VIRTUAL_CLK__ (rise edge)
                                  0.000000    0.000000   clock network delay (ideal)
                                  0.800000    0.800000 ^ input external delay
     1    0.003517    0.022840    0.013450    0.813450 ^ sub (in)
                                                         sub (net)
                      0.022840    0.000000    0.813450 ^ input65/A (sky130_fd_sc_hd__clkdlybuf4s25_1)
     4    0.022037    0.227284    0.386476    1.199926 ^ input65/X (sky130_fd_sc_hd__clkdlybuf4s25_1)
                                                         net65 (net)
                      0.227284    0.000108    1.200034 ^ fanout121/A (sky130_fd_sc_hd__clkdlybuf4s25_1)
     5    0.020935    0.216597    0.441394    1.641428 ^ fanout121/X (sky130_fd_sc_hd__clkdlybuf4s25_1)
                                                         net121 (net)
                      0.216597    0.000029    1.641457 ^ fanout113/A (sky130_fd_sc_hd__clkdlybuf4s25_1)
     5    0.021552    0.226163    0.443301    2.084758 ^ fanout113/X (sky130_fd_sc_hd__clkdlybuf4s25_1)
                                                         net113 (net)
                      0.226163    0.000058    2.084816 ^ load_slew115/A (sky130_fd_sc_hd__clkbuf_2)
     4    0.023114    0.131816    0.233278    2.318094 ^ load_slew115/X (sky130_fd_sc_hd__clkbuf_2)
                                                         net115 (net)
                      0.131816    0.000009    2.318103 ^ load_slew114/A (sky130_fd_sc_hd__buf_4)
     3    0.028595    0.087941    0.184935    2.503037 ^ load_slew114/X (sky130_fd_sc_hd__buf_4)
                                                         net114 (net)
                      0.087941    0.000317    2.503354 ^ _652_/A (sky130_fd_sc_hd__inv_8)
     8    0.052900    0.044677    0.063599    2.566953 v _652_/Y (sky130_fd_sc_hd__inv_8)
                                                         _348_ (net)
                      0.044677    0.000219    2.567172 v _720_/A1 (sky130_fd_sc_hd__a21oi_4)
     1    0.009276    0.127172    0.138842    2.706015 ^ _720_/Y (sky130_fd_sc_hd__a21oi_4)
                                                         _067_ (net)
                      0.127172    0.000012    2.706026 ^ _721_/B1 (sky130_fd_sc_hd__o21ai_4)
     4    0.012957    0.071690    0.089566    2.795593 v _721_/Y (sky130_fd_sc_hd__o21ai_4)
                                                         _068_ (net)
                      0.071690    0.000040    2.795632 v _413_/A2 (sky130_fd_sc_hd__a31o_2)
     1    0.008588    0.050854    0.269217    3.064849 v _413_/X (sky130_fd_sc_hd__a31o_2)
                                                         _142_ (net)
                      0.050854    0.000028    3.064877 v _414_/B1 (sky130_fd_sc_hd__a21oi_4)
     3    0.021797    0.194445    0.194596    3.259474 ^ _414_/Y (sky130_fd_sc_hd__a21oi_4)
                                                         _143_ (net)
                      0.194445    0.000266    3.259739 ^ _415_/C (sky130_fd_sc_hd__nand3_4)
     3    0.018255    0.087964    0.127914    3.387653 v _415_/Y (sky130_fd_sc_hd__nand3_4)
                                                         _144_ (net)
                      0.087964    0.000246    3.387899 v _424_/B2 (sky130_fd_sc_hd__o22ai_4)
     4    0.030927    0.287528    0.241213    3.629112 ^ _424_/Y (sky130_fd_sc_hd__o22ai_4)
                                                         _153_ (net)
                      0.287530    0.000548    3.629660 ^ _470_/B2 (sky130_fd_sc_hd__o22ai_4)
     7    0.040612    0.145682    0.196532    3.826192 v _470_/Y (sky130_fd_sc_hd__o22ai_4)
                                                         _195_ (net)
                      0.145682    0.000216    3.826408 v _480_/A1 (sky130_fd_sc_hd__a211o_2)
     1    0.008543    0.065036    0.365945    4.192352 v _480_/X (sky130_fd_sc_hd__a211o_2)
                                                         _204_ (net)
                      0.065036    0.000016    4.192368 v _482_/A (sky130_fd_sc_hd__nand2_4)
     1    0.004240    0.037321    0.058180    4.250547 ^ _482_/Y (sky130_fd_sc_hd__nand2_4)
                                                         net79 (net)
                      0.037321    0.000039    4.250587 ^ output79/A (sky130_fd_sc_hd__clkdlybuf4s25_1)
     1    0.035278    0.355976    0.486885    4.737472 ^ output79/X (sky130_fd_sc_hd__clkdlybuf4s25_1)
                                                         S[21] (net)
                      0.355976    0.000403    4.737875 ^ S[21] (out)
                                              4.737875   data arrival time

                      0.000000    4.000000    4.000000   clock __VIRTUAL_CLK__ (rise edge)
                                  0.000000    4.000000   clock network delay (ideal)
                                 -0.250000    3.750000   clock uncertainty
                                  0.000000    3.750000   clock reconvergence pessimism
                                 -0.800000    2.950000   output external delay
                                              2.950000   data required time
---------------------------------------------------------------------------------------------
                                              2.950000   data required time
                                             -4.737875   data arrival time
---------------------------------------------------------------------------------------------
                                             -1.787875   slack (VIOLATED)




===========================================================================
report_checks --slack_max -0.01
============================================================================
======================= nom_tt_025C_1v80 Corner ===================================

Startpoint: sub (input port clocked by __VIRTUAL_CLK__)
Endpoint: S[21] (output port clocked by __VIRTUAL_CLK__)
Path Group: __VIRTUAL_CLK__
Path Type: max

Fanout         Cap        Slew       Delay        Time   Description
---------------------------------------------------------------------------------------------
                      0.000000    0.000000    0.000000   clock __VIRTUAL_CLK__ (rise edge)
                                  0.000000    0.000000   clock network delay (ideal)
                                  0.800000    0.800000 ^ input external delay
     1    0.003517    0.022840    0.013450    0.813450 ^ sub (in)
                                                         sub (net)
                      0.022840    0.000000    0.813450 ^ input65/A (sky130_fd_sc_hd__clkdlybuf4s25_1)
     4    0.022037    0.227284    0.386476    1.199926 ^ input65/X (sky130_fd_sc_hd__clkdlybuf4s25_1)
                                                         net65 (net)
                      0.227284    0.000108    1.200034 ^ fanout121/A (sky130_fd_sc_hd__clkdlybuf4s25_1)
     5    0.020935    0.216597    0.441394    1.641428 ^ fanout121/X (sky130_fd_sc_hd__clkdlybuf4s25_1)
                                                         net121 (net)
                      0.216597    0.000029    1.641457 ^ fanout113/A (sky130_fd_sc_hd__clkdlybuf4s25_1)
     5    0.021552    0.226163    0.443301    2.084758 ^ fanout113/X (sky130_fd_sc_hd__clkdlybuf4s25_1)
                                                         net113 (net)
                      0.226163    0.000058    2.084816 ^ load_slew115/A (sky130_fd_sc_hd__clkbuf_2)
     4    0.023114    0.131816    0.233278    2.318094 ^ load_slew115/X (sky130_fd_sc_hd__clkbuf_2)
                                                         net115 (net)
                      0.131816    0.000009    2.318103 ^ load_slew114/A (sky130_fd_sc_hd__buf_4)
     3    0.028595    0.087941    0.184935    2.503037 ^ load_slew114/X (sky130_fd_sc_hd__buf_4)
                                                         net114 (net)
                      0.087941    0.000317    2.503354 ^ _652_/A (sky130_fd_sc_hd__inv_8)
     8    0.052900    0.044677    0.063599    2.566953 v _652_/Y (sky130_fd_sc_hd__inv_8)
                                                         _348_ (net)
                      0.044677    0.000219    2.567172 v _720_/A1 (sky130_fd_sc_hd__a21oi_4)
     1    0.009276    0.127172    0.138842    2.706015 ^ _720_/Y (sky130_fd_sc_hd__a21oi_4)
                                                         _067_ (net)
                      0.127172    0.000012    2.706026 ^ _721_/B1 (sky130_fd_sc_hd__o21ai_4)
     4    0.012957    0.071690    0.089566    2.795593 v _721_/Y (sky130_fd_sc_hd__o21ai_4)
                                                         _068_ (net)
                      0.071690    0.000040    2.795632 v _413_/A2 (sky130_fd_sc_hd__a31o_2)
     1    0.008588    0.050854    0.269217    3.064849 v _413_/X (sky130_fd_sc_hd__a31o_2)
                                                         _142_ (net)
                      0.050854    0.000028    3.064877 v _414_/B1 (sky130_fd_sc_hd__a21oi_4)
     3    0.021797    0.194445    0.194596    3.259474 ^ _414_/Y (sky130_fd_sc_hd__a21oi_4)
                                                         _143_ (net)
                      0.194445    0.000266    3.259739 ^ _415_/C (sky130_fd_sc_hd__nand3_4)
     3    0.018255    0.087964    0.127914    3.387653 v _415_/Y (sky130_fd_sc_hd__nand3_4)
                                                         _144_ (net)
                      0.087964    0.000246    3.387899 v _424_/B2 (sky130_fd_sc_hd__o22ai_4)
     4    0.030927    0.287528    0.241213    3.629112 ^ _424_/Y (sky130_fd_sc_hd__o22ai_4)
                                                         _153_ (net)
                      0.287530    0.000548    3.629660 ^ _470_/B2 (sky130_fd_sc_hd__o22ai_4)
     7    0.040612    0.145682    0.196532    3.826192 v _470_/Y (sky130_fd_sc_hd__o22ai_4)
                                                         _195_ (net)
                      0.145682    0.000216    3.826408 v _480_/A1 (sky130_fd_sc_hd__a211o_2)
     1    0.008543    0.065036    0.365945    4.192352 v _480_/X (sky130_fd_sc_hd__a211o_2)
                                                         _204_ (net)
                      0.065036    0.000016    4.192368 v _482_/A (sky130_fd_sc_hd__nand2_4)
     1    0.004240    0.037321    0.058180    4.250547 ^ _482_/Y (sky130_fd_sc_hd__nand2_4)
                                                         net79 (net)
                      0.037321    0.000039    4.250587 ^ output79/A (sky130_fd_sc_hd__clkdlybuf4s25_1)
     1    0.035278    0.355976    0.486885    4.737472 ^ output79/X (sky130_fd_sc_hd__clkdlybuf4s25_1)
                                                         S[21] (net)
                      0.355976    0.000403    4.737875 ^ S[21] (out)
                                              4.737875   data arrival time

                      0.000000    4.000000    4.000000   clock __VIRTUAL_CLK__ (rise edge)
                                  0.000000    4.000000   clock network delay (ideal)
                                 -0.250000    3.750000   clock uncertainty
                                  0.000000    3.750000   clock reconvergence pessimism
                                 -0.800000    2.950000   output external delay
                                              2.950000   data required time
---------------------------------------------------------------------------------------------
                                              2.950000   data required time
                                             -4.737875   data arrival time
---------------------------------------------------------------------------------------------
                                             -1.787875   slack (VIOLATED)




===========================================================================
 report_check_types -max_slew -max_cap -max_fanout -violators
============================================================================
======================= nom_tt_025C_1v80 Corner ===================================



===========================================================================
report_parasitic_annotation -report_unannotated
============================================================================
Found 0 unannotated drivers.
Found 0 partially unannotated drivers.

===========================================================================
max slew violation count 0
Writing metric design__max_slew_violation__count__corner:nom_tt_025C_1v80: 0
max fanout violation count 0
Writing metric design__max_fanout_violation__count__corner:nom_tt_025C_1v80: 0
max cap violation count 0
Writing metric design__max_cap_violation__count__corner:nom_tt_025C_1v80: 0
============================================================================

===========================================================================
check_setup -verbose -unconstrained_endpoints -multiple_clock -no_clock -no_input_delay -loops -generated_clocks
===========================================================================
