
===========================================================================
report_checks -unconstrained
===========================================================================
======================= nom_tt_025C_1v80 Corner ===================================

Startpoint: sub (input port clocked by __VIRTUAL_CLK__)
Endpoint: S[21] (output port clocked by __VIRTUAL_CLK__)
Path Group: __VIRTUAL_CLK__
Path Type: max

Fanout         Cap        Slew       Delay        Time   Description
---------------------------------------------------------------------------------------------
                      0.000000    0.000000    0.000000   clock __VIRTUAL_CLK__ (rise edge)
                                  0.000000    0.000000   clock network delay (ideal)
                                  0.800000    0.800000 v input external delay
     1    0.007980    0.020109    0.013620    0.813620 v sub (in)
                                                         sub (net)
                      0.020112    0.000000    0.813620 v input65/A (sky130_fd_sc_hd__buf_8)
     4    0.030967    0.037670    0.126536    0.940155 v input65/X (sky130_fd_sc_hd__buf_8)
                                                         net65 (net)
                      0.037756    0.001654    0.941810 v fanout115/A (sky130_fd_sc_hd__buf_6)
     2    0.007444    0.023546    0.114474    1.056284 v fanout115/X (sky130_fd_sc_hd__buf_6)
                                                         net115 (net)
                      0.023546    0.000161    1.056445 v fanout113/A (sky130_fd_sc_hd__buf_6)
     2    0.008739    0.024470    0.109435    1.165879 v fanout113/X (sky130_fd_sc_hd__buf_6)
                                                         net113 (net)
                      0.024470    0.000217    1.166096 v fanout111/A (sky130_fd_sc_hd__buf_6)
     3    0.016502    0.030864    0.118836    1.284932 v fanout111/X (sky130_fd_sc_hd__buf_6)
                                                         net111 (net)
                      0.030871    0.000472    1.285404 v load_slew112/A (sky130_fd_sc_hd__buf_8)
     7    0.035575    0.040826    0.134929    1.420334 v load_slew112/X (sky130_fd_sc_hd__buf_8)
                                                         net112 (net)
                      0.040832    0.000538    1.420872 v _705_/A (sky130_fd_sc_hd__and2_4)
     4    0.018722    0.046797    0.161513    1.582385 v _705_/X (sky130_fd_sc_hd__and2_4)
                                                         _044_ (net)
                      0.046797    0.000749    1.583134 v _707_/A1 (sky130_fd_sc_hd__o21bai_4)
     2    0.012510    0.135615    0.169228    1.752362 ^ _707_/Y (sky130_fd_sc_hd__o21bai_4)
                                                         _046_ (net)
                      0.135615    0.000494    1.752856 ^ _711_/A (sky130_fd_sc_hd__nand4_4)
     4    0.021419    0.132885    0.140721    1.893577 v _711_/Y (sky130_fd_sc_hd__nand4_4)
                                                         _050_ (net)
                      0.132889    0.000813    1.894390 v _727_/B (sky130_fd_sc_hd__nor2_4)
     3    0.026164    0.182395    0.206769    2.101158 ^ _727_/Y (sky130_fd_sc_hd__nor2_4)
                                                         _066_ (net)
                      0.182404    0.001090    2.102248 ^ _430_/B (sky130_fd_sc_hd__nand4_4)
     2    0.014533    0.113018    0.147244    2.249492 v _430_/Y (sky130_fd_sc_hd__nand4_4)
                                                         _155_ (net)
                      0.113019    0.000537    2.250030 v _436_/C (sky130_fd_sc_hd__nand3_4)
     3    0.034078    0.134193    0.171576    2.421606 ^ _436_/Y (sky130_fd_sc_hd__nand3_4)
                                                         _161_ (net)
                      0.134278    0.001696    2.423302 ^ _437_/A1 (sky130_fd_sc_hd__o21bai_4)
     5    0.022011    0.082625    0.118637    2.541939 v _437_/Y (sky130_fd_sc_hd__o21bai_4)
                                                         _162_ (net)
                      0.082679    0.001163    2.543103 v _482_/B1 (sky130_fd_sc_hd__o22ai_4)
     5    0.036745    0.323950    0.293446    2.836549 ^ _482_/Y (sky130_fd_sc_hd__o22ai_4)
                                                         _203_ (net)
                      0.323965    0.001814    2.838363 ^ _483_/B (sky130_fd_sc_hd__nand2_4)
     3    0.016957    0.078452    0.112629    2.950992 v _483_/Y (sky130_fd_sc_hd__nand2_4)
                                                         _204_ (net)
                      0.078453    0.000620    2.951611 v _494_/A2_N (sky130_fd_sc_hd__o2bb2ai_4)
     1    0.010128    0.054223    0.142659    3.094271 v _494_/Y (sky130_fd_sc_hd__o2bb2ai_4)
                                                         _214_ (net)
                      0.054224    0.000453    3.094723 v _495_/B (sky130_fd_sc_hd__nand2_4)
     1    0.008778    0.052568    0.074366    3.169089 ^ _495_/Y (sky130_fd_sc_hd__nand2_4)
                                                         net79 (net)
                      0.052569    0.000286    3.169375 ^ output79/A (sky130_fd_sc_hd__buf_8)
     1    0.035392    0.067278    0.125286    3.294660 ^ output79/X (sky130_fd_sc_hd__buf_8)
                                                         S[21] (net)
                      0.067303    0.001284    3.295944 ^ S[21] (out)
                                              3.295944   data arrival time

                      0.000000    4.000000    4.000000   clock __VIRTUAL_CLK__ (rise edge)
                                  0.000000    4.000000   clock network delay (ideal)
                                 -0.250000    3.750000   clock uncertainty
                                  0.000000    3.750000   clock reconvergence pessimism
                                 -0.800000    2.950000   output external delay
                                              2.950000   data required time
---------------------------------------------------------------------------------------------
                                              2.950000   data required time
                                             -3.295944   data arrival time
---------------------------------------------------------------------------------------------
                                             -0.345944   slack (VIOLATED)




===========================================================================
report_checks --slack_max -0.01
============================================================================
======================= nom_tt_025C_1v80 Corner ===================================

Startpoint: sub (input port clocked by __VIRTUAL_CLK__)
Endpoint: S[21] (output port clocked by __VIRTUAL_CLK__)
Path Group: __VIRTUAL_CLK__
Path Type: max

Fanout         Cap        Slew       Delay        Time   Description
---------------------------------------------------------------------------------------------
                      0.000000    0.000000    0.000000   clock __VIRTUAL_CLK__ (rise edge)
                                  0.000000    0.000000   clock network delay (ideal)
                                  0.800000    0.800000 v input external delay
     1    0.007980    0.020109    0.013620    0.813620 v sub (in)
                                                         sub (net)
                      0.020112    0.000000    0.813620 v input65/A (sky130_fd_sc_hd__buf_8)
     4    0.030967    0.037670    0.126536    0.940155 v input65/X (sky130_fd_sc_hd__buf_8)
                                                         net65 (net)
                      0.037756    0.001654    0.941810 v fanout115/A (sky130_fd_sc_hd__buf_6)
     2    0.007444    0.023546    0.114474    1.056284 v fanout115/X (sky130_fd_sc_hd__buf_6)
                                                         net115 (net)
                      0.023546    0.000161    1.056445 v fanout113/A (sky130_fd_sc_hd__buf_6)
     2    0.008739    0.024470    0.109435    1.165879 v fanout113/X (sky130_fd_sc_hd__buf_6)
                                                         net113 (net)
                      0.024470    0.000217    1.166096 v fanout111/A (sky130_fd_sc_hd__buf_6)
     3    0.016502    0.030864    0.118836    1.284932 v fanout111/X (sky130_fd_sc_hd__buf_6)
                                                         net111 (net)
                      0.030871    0.000472    1.285404 v load_slew112/A (sky130_fd_sc_hd__buf_8)
     7    0.035575    0.040826    0.134929    1.420334 v load_slew112/X (sky130_fd_sc_hd__buf_8)
                                                         net112 (net)
                      0.040832    0.000538    1.420872 v _705_/A (sky130_fd_sc_hd__and2_4)
     4    0.018722    0.046797    0.161513    1.582385 v _705_/X (sky130_fd_sc_hd__and2_4)
                                                         _044_ (net)
                      0.046797    0.000749    1.583134 v _707_/A1 (sky130_fd_sc_hd__o21bai_4)
     2    0.012510    0.135615    0.169228    1.752362 ^ _707_/Y (sky130_fd_sc_hd__o21bai_4)
                                                         _046_ (net)
                      0.135615    0.000494    1.752856 ^ _711_/A (sky130_fd_sc_hd__nand4_4)
     4    0.021419    0.132885    0.140721    1.893577 v _711_/Y (sky130_fd_sc_hd__nand4_4)
                                                         _050_ (net)
                      0.132889    0.000813    1.894390 v _727_/B (sky130_fd_sc_hd__nor2_4)
     3    0.026164    0.182395    0.206769    2.101158 ^ _727_/Y (sky130_fd_sc_hd__nor2_4)
                                                         _066_ (net)
                      0.182404    0.001090    2.102248 ^ _430_/B (sky130_fd_sc_hd__nand4_4)
     2    0.014533    0.113018    0.147244    2.249492 v _430_/Y (sky130_fd_sc_hd__nand4_4)
                                                         _155_ (net)
                      0.113019    0.000537    2.250030 v _436_/C (sky130_fd_sc_hd__nand3_4)
     3    0.034078    0.134193    0.171576    2.421606 ^ _436_/Y (sky130_fd_sc_hd__nand3_4)
                                                         _161_ (net)
                      0.134278    0.001696    2.423302 ^ _437_/A1 (sky130_fd_sc_hd__o21bai_4)
     5    0.022011    0.082625    0.118637    2.541939 v _437_/Y (sky130_fd_sc_hd__o21bai_4)
                                                         _162_ (net)
                      0.082679    0.001163    2.543103 v _482_/B1 (sky130_fd_sc_hd__o22ai_4)
     5    0.036745    0.323950    0.293446    2.836549 ^ _482_/Y (sky130_fd_sc_hd__o22ai_4)
                                                         _203_ (net)
                      0.323965    0.001814    2.838363 ^ _483_/B (sky130_fd_sc_hd__nand2_4)
     3    0.016957    0.078452    0.112629    2.950992 v _483_/Y (sky130_fd_sc_hd__nand2_4)
                                                         _204_ (net)
                      0.078453    0.000620    2.951611 v _494_/A2_N (sky130_fd_sc_hd__o2bb2ai_4)
     1    0.010128    0.054223    0.142659    3.094271 v _494_/Y (sky130_fd_sc_hd__o2bb2ai_4)
                                                         _214_ (net)
                      0.054224    0.000453    3.094723 v _495_/B (sky130_fd_sc_hd__nand2_4)
     1    0.008778    0.052568    0.074366    3.169089 ^ _495_/Y (sky130_fd_sc_hd__nand2_4)
                                                         net79 (net)
                      0.052569    0.000286    3.169375 ^ output79/A (sky130_fd_sc_hd__buf_8)
     1    0.035392    0.067278    0.125286    3.294660 ^ output79/X (sky130_fd_sc_hd__buf_8)
                                                         S[21] (net)
                      0.067303    0.001284    3.295944 ^ S[21] (out)
                                              3.295944   data arrival time

                      0.000000    4.000000    4.000000   clock __VIRTUAL_CLK__ (rise edge)
                                  0.000000    4.000000   clock network delay (ideal)
                                 -0.250000    3.750000   clock uncertainty
                                  0.000000    3.750000   clock reconvergence pessimism
                                 -0.800000    2.950000   output external delay
                                              2.950000   data required time
---------------------------------------------------------------------------------------------
                                              2.950000   data required time
                                             -3.295944   data arrival time
---------------------------------------------------------------------------------------------
                                             -0.345944   slack (VIOLATED)




===========================================================================
 report_check_types -max_slew -max_cap -max_fanout -violators
============================================================================
======================= nom_tt_025C_1v80 Corner ===================================



===========================================================================
report_parasitic_annotation -report_unannotated
============================================================================
Found 0 unannotated drivers.
Found 0 partially unannotated drivers.

===========================================================================
max slew violation count 0
Writing metric design__max_slew_violation__count__corner:nom_tt_025C_1v80: 0
max fanout violation count 0
Writing metric design__max_fanout_violation__count__corner:nom_tt_025C_1v80: 0
max cap violation count 0
Writing metric design__max_cap_violation__count__corner:nom_tt_025C_1v80: 0
============================================================================

===========================================================================
check_setup -verbose -unconstrained_endpoints -multiple_clock -no_clock -no_input_delay -loops -generated_clocks
===========================================================================
