                                                                        Cells by Master                                                                         
┏━━━━━━━━━━━━━━━━━━━━━━━━━━━━━━━━━━━━━━━━━━━━━━━━━━━━━━━━━━━━━━━━━━━━━━━━━━━━━━━━━━━━━━━━━━━━━━━━━━━━━━━━━━━━━━━━━━━━━━━━━━━━━━━━━━━┳━━━━━━━━━━━━━━━━━━━━━━━━━━┓
┃ Cell                                                                                                                              ┃ Count                    ┃
┡━━━━━━━━━━━━━━━━━━━━━━━━━━━━━━━━━━━━━━━━━━━━━━━━━━━━━━━━━━━━━━━━━━━━━━━━━━━━━━━━━━━━━━━━━━━━━━━━━━━━━━━━━━━━━━━━━━━━━━━━━━━━━━━━━━━╇━━━━━━━━━━━━━━━━━━━━━━━━━━┩
│ sky130_fd_sc_hd__a211o_2                                                                                                          │ 3                        │
│ sky130_fd_sc_hd__a211o_4                                                                                                          │ 1                        │
│ sky130_fd_sc_hd__a211oi_4                                                                                                         │ 1                        │
│ sky130_fd_sc_hd__a21bo_2                                                                                                          │ 2                        │
│ sky130_fd_sc_hd__a21boi_2                                                                                                         │ 9                        │
│ sky130_fd_sc_hd__a21o_2                                                                                                           │ 7                        │
│ sky130_fd_sc_hd__a21o_4                                                                                                           │ 1                        │
│ sky130_fd_sc_hd__a21oi_2                                                                                                          │ 11                       │
│ sky130_fd_sc_hd__a21oi_4                                                                                                          │ 7                        │
│ sky130_fd_sc_hd__a22o_2                                                                                                           │ 2                        │
│ sky130_fd_sc_hd__a22o_4                                                                                                           │ 1                        │
│ sky130_fd_sc_hd__a22oi_2                                                                                                          │ 4                        │
│ sky130_fd_sc_hd__a22oi_4                                                                                                          │ 2                        │
│ sky130_fd_sc_hd__a2bb2oi_2                                                                                                        │ 1                        │
│ sky130_fd_sc_hd__a31o_4                                                                                                           │ 1                        │
│ sky130_fd_sc_hd__a31oi_2                                                                                                          │ 2                        │
│ sky130_fd_sc_hd__a31oi_4                                                                                                          │ 2                        │
│ sky130_fd_sc_hd__a41o_2                                                                                                           │ 1                        │
│ sky130_fd_sc_hd__and2_2                                                                                                           │ 13                       │
│ sky130_fd_sc_hd__and2_4                                                                                                           │ 19                       │
│ sky130_fd_sc_hd__and2b_4                                                                                                          │ 1                        │
│ sky130_fd_sc_hd__and3_2                                                                                                           │ 2                        │
│ sky130_fd_sc_hd__and3b_2                                                                                                          │ 2                        │
│ sky130_fd_sc_hd__and4_2                                                                                                           │ 3                        │
│ sky130_fd_sc_hd__and4_4                                                                                                           │ 2                        │
│ sky130_fd_sc_hd__buf_12                                                                                                           │ 1                        │
│ sky130_fd_sc_hd__buf_2                                                                                                            │ 30                       │
│ sky130_fd_sc_hd__buf_4                                                                                                            │ 13                       │
│ sky130_fd_sc_hd__buf_6                                                                                                            │ 31                       │
│ sky130_fd_sc_hd__buf_8                                                                                                            │ 9                        │
│ sky130_fd_sc_hd__clkbuf_2                                                                                                         │ 5                        │
│ sky130_fd_sc_hd__clkbuf_4                                                                                                         │ 1                        │
│ sky130_fd_sc_hd__clkdlybuf4s25_1                                                                                                  │ 63                       │
│ sky130_fd_sc_hd__decap_3                                                                                                          │ 844                      │
│ sky130_fd_sc_hd__dlygate4sd1_1                                                                                                    │ 2                        │
│ sky130_fd_sc_hd__dlymetal6s2s_1                                                                                                   │ 1                        │
│ sky130_fd_sc_hd__dlymetal6s4s_1                                                                                                   │ 5                        │
│ sky130_fd_sc_hd__fill_1                                                                                                           │ 135                      │
│ sky130_fd_sc_hd__fill_2                                                                                                           │ 133                      │
│ sky130_fd_sc_hd__inv_2                                                                                                            │ 6                        │
│ sky130_fd_sc_hd__inv_8                                                                                                            │ 1                        │
│ sky130_fd_sc_hd__mux2_1                                                                                                           │ 1                        │
│ sky130_fd_sc_hd__nand2_2                                                                                                          │ 41                       │
│ sky130_fd_sc_hd__nand2_4                                                                                                          │ 8                        │
│ sky130_fd_sc_hd__nand2b_2                                                                                                         │ 4                        │
│ sky130_fd_sc_hd__nand2b_4                                                                                                         │ 4                        │
│ sky130_fd_sc_hd__nand3_2                                                                                                          │ 3                        │
│ sky130_fd_sc_hd__nand3_4                                                                                                          │ 4                        │
│ sky130_fd_sc_hd__nand3b_2                                                                                                         │ 8                        │
│ sky130_fd_sc_hd__nand3b_4                                                                                                         │ 5                        │
│ sky130_fd_sc_hd__nand4_2                                                                                                          │ 2                        │
│ sky130_fd_sc_hd__nand4_4                                                                                                          │ 5                        │
│ sky130_fd_sc_hd__nand4b_2                                                                                                         │ 1                        │
│ sky130_fd_sc_hd__nand4b_4                                                                                                         │ 1                        │
│ sky130_fd_sc_hd__nor2_2                                                                                                           │ 26                       │
│ sky130_fd_sc_hd__nor2_4                                                                                                           │ 13                       │
│ sky130_fd_sc_hd__nor2_8                                                                                                           │ 1                        │
│ sky130_fd_sc_hd__nor2b_2                                                                                                          │ 1                        │
│ sky130_fd_sc_hd__nor3b_2                                                                                                          │ 1                        │
│ sky130_fd_sc_hd__nor4_4                                                                                                           │ 2                        │
│ sky130_fd_sc_hd__o2111a_2                                                                                                         │ 3                        │
│ sky130_fd_sc_hd__o2111ai_2                                                                                                        │ 1                        │
│ sky130_fd_sc_hd__o2111ai_4                                                                                                        │ 2                        │
│ sky130_fd_sc_hd__o211a_2                                                                                                          │ 3                        │
│ sky130_fd_sc_hd__o211ai_2                                                                                                         │ 5                        │
│ sky130_fd_sc_hd__o21a_2                                                                                                           │ 10                       │
│ sky130_fd_sc_hd__o21a_4                                                                                                           │ 3                        │
│ sky130_fd_sc_hd__o21ai_2                                                                                                          │ 31                       │
│ sky130_fd_sc_hd__o21ai_4                                                                                                          │ 9                        │
│ sky130_fd_sc_hd__o21ba_2                                                                                                          │ 9                        │
│ sky130_fd_sc_hd__o21bai_2                                                                                                         │ 13                       │
│ sky130_fd_sc_hd__o21bai_4                                                                                                         │ 12                       │
│ sky130_fd_sc_hd__o221ai_4                                                                                                         │ 2                        │
│ sky130_fd_sc_hd__o22a_2                                                                                                           │ 1                        │
│ sky130_fd_sc_hd__o22a_4                                                                                                           │ 1                        │
│ sky130_fd_sc_hd__o22ai_2                                                                                                          │ 1                        │
│ sky130_fd_sc_hd__o22ai_4                                                                                                          │ 3                        │
│ sky130_fd_sc_hd__o2bb2a_2                                                                                                         │ 1                        │
│ sky130_fd_sc_hd__o2bb2ai_2                                                                                                        │ 3                        │
│ sky130_fd_sc_hd__o2bb2ai_4                                                                                                        │ 1                        │
│ sky130_fd_sc_hd__o31a_2                                                                                                           │ 1                        │
│ sky130_fd_sc_hd__or2_2                                                                                                            │ 1                        │
│ sky130_fd_sc_hd__or2_4                                                                                                            │ 1                        │
│ sky130_fd_sc_hd__or3b_2                                                                                                           │ 2                        │
│ sky130_fd_sc_hd__or3b_4                                                                                                           │ 5                        │
│ sky130_fd_sc_hd__tapvpwrvgnd_1                                                                                                    │ 133                      │
│ sky130_fd_sc_hd__xnor2_2                                                                                                          │ 8                        │
│ sky130_fd_sc_hd__xor2_2                                                                                                           │ 11                       │
│ sky130_fd_sc_hd__xor2_4                                                                                                           │ 1                        │
└───────────────────────────────────────────────────────────────────────────────────────────────────────────────────────────────────┴──────────────────────────┘
