
===========================================================================
report_checks -unconstrained
===========================================================================
======================= nom_ss_100C_1v60 Corner ===================================

Startpoint: sub (input port clocked by __VIRTUAL_CLK__)
Endpoint: S[27] (output port clocked by __VIRTUAL_CLK__)
Path Group: __VIRTUAL_CLK__
Path Type: max

Fanout         Cap        Slew       Delay        Time   Description
---------------------------------------------------------------------------------------------
                      0.000000    0.000000    0.000000   clock __VIRTUAL_CLK__ (rise edge)
                                  0.000000    0.000000   clock network delay (ideal)
                                  0.800000    0.800000 ^ input external delay
     1    0.008216    0.068962    0.045750    0.845750 ^ sub (in)
                                                         sub (net)
                      0.068963    0.000000    0.845750 ^ input65/A (sky130_fd_sc_hd__buf_8)
     3    0.026225    0.085855    0.198370    1.044121 ^ input65/X (sky130_fd_sc_hd__buf_8)
                                                         net65 (net)
                      0.085874    0.001337    1.045458 ^ fanout107/A (sky130_fd_sc_hd__buf_6)
     3    0.017597    0.075765    0.200630    1.246089 ^ fanout107/X (sky130_fd_sc_hd__buf_6)
                                                         net107 (net)
                      0.075767    0.000531    1.246620 ^ fanout105/A (sky130_fd_sc_hd__buf_8)
     2    0.012220    0.055161    0.174909    1.421529 ^ fanout105/X (sky130_fd_sc_hd__buf_8)
                                                         net105 (net)
                      0.055172    0.000471    1.422001 ^ load_slew106/A (sky130_fd_sc_hd__buf_8)
     4    0.026939    0.087500    0.193526    1.615527 ^ load_slew106/X (sky130_fd_sc_hd__buf_8)
                                                         net106 (net)
                      0.087507    0.000908    1.616434 ^ _666_/A (sky130_fd_sc_hd__inv_8)
     7    0.031174    0.044957    0.082181    1.698616 v _666_/Y (sky130_fd_sc_hd__inv_8)
                                                         _001_ (net)
                      0.045065    0.001879    1.700495 v _364_/D (sky130_fd_sc_hd__or4_4)
     1    0.005104    0.154463    0.874440    2.574936 v _364_/X (sky130_fd_sc_hd__or4_4)
                                                         _087_ (net)
                      0.154463    0.000166    2.575102 v _366_/A1 (sky130_fd_sc_hd__a21o_4)
     2    0.007385    0.064404    0.425585    3.000687 v _366_/X (sky130_fd_sc_hd__a21o_4)
                                                         _089_ (net)
                      0.064404    0.000213    3.000900 v _367_/A1 (sky130_fd_sc_hd__a21bo_4)
     2    0.008808    0.069164    0.401235    3.402135 v _367_/X (sky130_fd_sc_hd__a21bo_4)
                                                         _090_ (net)
                      0.069164    0.000200    3.402335 v _370_/A1 (sky130_fd_sc_hd__a211o_4)
     2    0.009416    0.089935    0.614770    4.017105 v _370_/X (sky130_fd_sc_hd__a211o_4)
                                                         _093_ (net)
                      0.089935    0.000426    4.017531 v _466_/A2 (sky130_fd_sc_hd__a311o_4)
     3    0.015237    0.117854    0.753622    4.771153 v _466_/X (sky130_fd_sc_hd__a311o_4)
                                                         _181_ (net)
                      0.117854    0.000574    4.771727 v _496_/A2 (sky130_fd_sc_hd__a21o_4)
     3    0.009603    0.069074    0.439540    5.211267 v _496_/X (sky130_fd_sc_hd__a21o_4)
                                                         _209_ (net)
                      0.069074    0.000250    5.211517 v _506_/A (sky130_fd_sc_hd__and4_2)
     1    0.003639    0.078298    0.390903    5.602420 v _506_/X (sky130_fd_sc_hd__and4_2)
                                                         _218_ (net)
                      0.078298    0.000117    5.602537 v _508_/B (sky130_fd_sc_hd__or4b_4)
     1    0.018482    0.200230    1.158564    6.761102 v _508_/X (sky130_fd_sc_hd__or4b_4)
                                                         _220_ (net)
                      0.200230    0.000751    6.761852 v _509_/A (sky130_fd_sc_hd__xnor2_4)
     1    0.005029    0.170934    0.304809    7.066661 ^ _509_/Y (sky130_fd_sc_hd__xnor2_4)
                                                         net85 (net)
                      0.170934    0.000104    7.066766 ^ output85/A (sky130_fd_sc_hd__buf_6)
     1    0.035653    0.127083    0.285124    7.351890 ^ output85/X (sky130_fd_sc_hd__buf_6)
                                                         S[27] (net)
                      0.127085    0.000786    7.352675 ^ S[27] (out)
                                              7.352675   data arrival time

                      0.000000    4.000000    4.000000   clock __VIRTUAL_CLK__ (rise edge)
                                  0.000000    4.000000   clock network delay (ideal)
                                 -0.250000    3.750000   clock uncertainty
                                  0.000000    3.750000   clock reconvergence pessimism
                                 -0.800000    2.950000   output external delay
                                              2.950000   data required time
---------------------------------------------------------------------------------------------
                                              2.950000   data required time
                                             -7.352675   data arrival time
---------------------------------------------------------------------------------------------
                                             -4.402676   slack (VIOLATED)




===========================================================================
report_checks --slack_max -0.01
============================================================================
======================= nom_ss_100C_1v60 Corner ===================================

Startpoint: sub (input port clocked by __VIRTUAL_CLK__)
Endpoint: S[27] (output port clocked by __VIRTUAL_CLK__)
Path Group: __VIRTUAL_CLK__
Path Type: max

Fanout         Cap        Slew       Delay        Time   Description
---------------------------------------------------------------------------------------------
                      0.000000    0.000000    0.000000   clock __VIRTUAL_CLK__ (rise edge)
                                  0.000000    0.000000   clock network delay (ideal)
                                  0.800000    0.800000 ^ input external delay
     1    0.008216    0.068962    0.045750    0.845750 ^ sub (in)
                                                         sub (net)
                      0.068963    0.000000    0.845750 ^ input65/A (sky130_fd_sc_hd__buf_8)
     3    0.026225    0.085855    0.198370    1.044121 ^ input65/X (sky130_fd_sc_hd__buf_8)
                                                         net65 (net)
                      0.085874    0.001337    1.045458 ^ fanout107/A (sky130_fd_sc_hd__buf_6)
     3    0.017597    0.075765    0.200630    1.246089 ^ fanout107/X (sky130_fd_sc_hd__buf_6)
                                                         net107 (net)
                      0.075767    0.000531    1.246620 ^ fanout105/A (sky130_fd_sc_hd__buf_8)
     2    0.012220    0.055161    0.174909    1.421529 ^ fanout105/X (sky130_fd_sc_hd__buf_8)
                                                         net105 (net)
                      0.055172    0.000471    1.422001 ^ load_slew106/A (sky130_fd_sc_hd__buf_8)
     4    0.026939    0.087500    0.193526    1.615527 ^ load_slew106/X (sky130_fd_sc_hd__buf_8)
                                                         net106 (net)
                      0.087507    0.000908    1.616434 ^ _666_/A (sky130_fd_sc_hd__inv_8)
     7    0.031174    0.044957    0.082181    1.698616 v _666_/Y (sky130_fd_sc_hd__inv_8)
                                                         _001_ (net)
                      0.045065    0.001879    1.700495 v _364_/D (sky130_fd_sc_hd__or4_4)
     1    0.005104    0.154463    0.874440    2.574936 v _364_/X (sky130_fd_sc_hd__or4_4)
                                                         _087_ (net)
                      0.154463    0.000166    2.575102 v _366_/A1 (sky130_fd_sc_hd__a21o_4)
     2    0.007385    0.064404    0.425585    3.000687 v _366_/X (sky130_fd_sc_hd__a21o_4)
                                                         _089_ (net)
                      0.064404    0.000213    3.000900 v _367_/A1 (sky130_fd_sc_hd__a21bo_4)
     2    0.008808    0.069164    0.401235    3.402135 v _367_/X (sky130_fd_sc_hd__a21bo_4)
                                                         _090_ (net)
                      0.069164    0.000200    3.402335 v _370_/A1 (sky130_fd_sc_hd__a211o_4)
     2    0.009416    0.089935    0.614770    4.017105 v _370_/X (sky130_fd_sc_hd__a211o_4)
                                                         _093_ (net)
                      0.089935    0.000426    4.017531 v _466_/A2 (sky130_fd_sc_hd__a311o_4)
     3    0.015237    0.117854    0.753622    4.771153 v _466_/X (sky130_fd_sc_hd__a311o_4)
                                                         _181_ (net)
                      0.117854    0.000574    4.771727 v _496_/A2 (sky130_fd_sc_hd__a21o_4)
     3    0.009603    0.069074    0.439540    5.211267 v _496_/X (sky130_fd_sc_hd__a21o_4)
                                                         _209_ (net)
                      0.069074    0.000250    5.211517 v _506_/A (sky130_fd_sc_hd__and4_2)
     1    0.003639    0.078298    0.390903    5.602420 v _506_/X (sky130_fd_sc_hd__and4_2)
                                                         _218_ (net)
                      0.078298    0.000117    5.602537 v _508_/B (sky130_fd_sc_hd__or4b_4)
     1    0.018482    0.200230    1.158564    6.761102 v _508_/X (sky130_fd_sc_hd__or4b_4)
                                                         _220_ (net)
                      0.200230    0.000751    6.761852 v _509_/A (sky130_fd_sc_hd__xnor2_4)
     1    0.005029    0.170934    0.304809    7.066661 ^ _509_/Y (sky130_fd_sc_hd__xnor2_4)
                                                         net85 (net)
                      0.170934    0.000104    7.066766 ^ output85/A (sky130_fd_sc_hd__buf_6)
     1    0.035653    0.127083    0.285124    7.351890 ^ output85/X (sky130_fd_sc_hd__buf_6)
                                                         S[27] (net)
                      0.127085    0.000786    7.352675 ^ S[27] (out)
                                              7.352675   data arrival time

                      0.000000    4.000000    4.000000   clock __VIRTUAL_CLK__ (rise edge)
                                  0.000000    4.000000   clock network delay (ideal)
                                 -0.250000    3.750000   clock uncertainty
                                  0.000000    3.750000   clock reconvergence pessimism
                                 -0.800000    2.950000   output external delay
                                              2.950000   data required time
---------------------------------------------------------------------------------------------
                                              2.950000   data required time
                                             -7.352675   data arrival time
---------------------------------------------------------------------------------------------
                                             -4.402676   slack (VIOLATED)




===========================================================================
 report_check_types -max_slew -max_cap -max_fanout -violators
============================================================================
======================= nom_ss_100C_1v60 Corner ===================================



===========================================================================
report_parasitic_annotation -report_unannotated
============================================================================
Found 0 unannotated drivers.
Found 0 partially unannotated drivers.

===========================================================================
max slew violation count 0
max fanout violation count 0
max cap violation count 0
============================================================================

===========================================================================
check_setup -verbose -unconstrained_endpoints -multiple_clock -no_clock -no_input_delay -loops -generated_clocks
===========================================================================
