
===========================================================================
report_checks -path_delay min (Hold)
============================================================================
======================= min_tt_025C_1v80 Corner ===================================

Startpoint: B[0] (input port clocked by __VIRTUAL_CLK__)
Endpoint: S[1] (output port clocked by __VIRTUAL_CLK__)
Path Group: __VIRTUAL_CLK__
Path Type: min

Fanout         Cap        Slew       Delay        Time   Description
---------------------------------------------------------------------------------------------
                      0.000000    0.000000    0.000000   clock __VIRTUAL_CLK__ (rise edge)
                                  0.000000    0.000000   clock network delay (ideal)
                                  0.800000    0.800000 v input external delay
     1    0.003452    0.010147    0.005247    0.805247 v B[0] (in)
                                                         B[0] (net)
                      0.010147    0.000000    0.805247 v input33/A (sky130_fd_sc_hd__buf_4)
     6    0.019744    0.043122    0.130719    0.935966 v input33/X (sky130_fd_sc_hd__buf_4)
                                                         net33 (net)
                      0.043123    0.000214    0.936180 v _565_/A (sky130_fd_sc_hd__inv_2)
     3    0.013866    0.068245    0.071135    1.007314 ^ _565_/Y (sky130_fd_sc_hd__inv_2)
                                                         _272_ (net)
                      0.068246    0.000071    1.007385 ^ _570_/A (sky130_fd_sc_hd__nor2_2)
     1    0.008349    0.025598    0.049399    1.056785 v _570_/Y (sky130_fd_sc_hd__nor2_2)
                                                         _276_ (net)
                      0.025598    0.000039    1.056824 v _571_/B (sky130_fd_sc_hd__xnor2_2)
     1    0.005608    0.045764    0.119093    1.175917 ^ _571_/Y (sky130_fd_sc_hd__xnor2_2)
                                                         net77 (net)
                      0.045764    0.000061    1.175978 ^ output77/A (sky130_fd_sc_hd__buf_6)
     1    0.035334    0.078729    0.120730    1.296708 ^ output77/X (sky130_fd_sc_hd__buf_6)
                                                         S[1] (net)
                      0.078729    0.000222    1.296930 ^ S[1] (out)
                                              1.296930   data arrival time

                      0.000000    0.000000    0.000000   clock __VIRTUAL_CLK__ (rise edge)
                                  0.000000    0.000000   clock network delay (ideal)
                                  0.250000    0.250000   clock uncertainty
                                  0.000000    0.250000   clock reconvergence pessimism
                                 -0.800000   -0.550000   output external delay
                                             -0.550000   data required time
---------------------------------------------------------------------------------------------
                                             -0.550000   data required time
                                             -1.296930   data arrival time
---------------------------------------------------------------------------------------------
                                              1.846930   slack (MET)


Startpoint: A[5] (input port clocked by __VIRTUAL_CLK__)
Endpoint: S[5] (output port clocked by __VIRTUAL_CLK__)
Path Group: __VIRTUAL_CLK__
Path Type: min

Fanout         Cap        Slew       Delay        Time   Description
---------------------------------------------------------------------------------------------
                      0.000000    0.000000    0.000000   clock __VIRTUAL_CLK__ (rise edge)
                                  0.000000    0.000000   clock network delay (ideal)
                                  0.800000    0.800000 ^ input external delay
     1    0.004745    0.028182    0.016174    0.816174 ^ A[5] (in)
                                                         A[5] (net)
                      0.028183    0.000000    0.816174 ^ input28/A (sky130_fd_sc_hd__buf_4)
     7    0.041237    0.120623    0.154456    0.970630 ^ input28/X (sky130_fd_sc_hd__buf_4)
                                                         net28 (net)
                      0.120626    0.000771    0.971401 ^ _701_/B (sky130_fd_sc_hd__xnor2_4)
     3    0.018791    0.071837    0.144047    1.115448 ^ _701_/Y (sky130_fd_sc_hd__xnor2_4)
                                                         _036_ (net)
                      0.071837    0.000181    1.115628 ^ _594_/A (sky130_fd_sc_hd__xor2_2)
     1    0.004905    0.035045    0.066826    1.182454 v _594_/X (sky130_fd_sc_hd__xor2_2)
                                                         net93 (net)
                      0.035045    0.000050    1.182504 v output93/A (sky130_fd_sc_hd__buf_6)
     1    0.035073    0.044321    0.126259    1.308763 v output93/X (sky130_fd_sc_hd__buf_6)
                                                         S[5] (net)
                      0.044327    0.000499    1.309262 v S[5] (out)
                                              1.309262   data arrival time

                      0.000000    0.000000    0.000000   clock __VIRTUAL_CLK__ (rise edge)
                                  0.000000    0.000000   clock network delay (ideal)
                                  0.250000    0.250000   clock uncertainty
                                  0.000000    0.250000   clock reconvergence pessimism
                                 -0.800000   -0.550000   output external delay
                                             -0.550000   data required time
---------------------------------------------------------------------------------------------
                                             -0.550000   data required time
                                             -1.309262   data arrival time
---------------------------------------------------------------------------------------------
                                              1.859262   slack (MET)


Startpoint: B[10] (input port clocked by __VIRTUAL_CLK__)
Endpoint: S[10] (output port clocked by __VIRTUAL_CLK__)
Path Group: __VIRTUAL_CLK__
Path Type: min

Fanout         Cap        Slew       Delay        Time   Description
---------------------------------------------------------------------------------------------
                      0.000000    0.000000    0.000000   clock __VIRTUAL_CLK__ (rise edge)
                                  0.000000    0.000000   clock network delay (ideal)
                                  0.800000    0.800000 ^ input external delay
     1    0.004031    0.025074    0.013879    0.813879 ^ B[10] (in)
                                                         B[10] (net)
                      0.025074    0.000000    0.813879 ^ input34/A (sky130_fd_sc_hd__buf_4)
     3    0.026336    0.081836    0.126703    0.940582 ^ input34/X (sky130_fd_sc_hd__buf_4)
                                                         net34 (net)
                      0.081836    0.000276    0.940858 ^ _733_/A (sky130_fd_sc_hd__xor2_4)
     5    0.026613    0.060449    0.104284    1.045142 v _733_/X (sky130_fd_sc_hd__xor2_4)
                                                         _068_ (net)
                      0.060450    0.000348    1.045490 v _625_/A (sky130_fd_sc_hd__xor2_2)
     1    0.005407    0.095304    0.153208    1.198698 ^ _625_/X (sky130_fd_sc_hd__xor2_2)
                                                         net67 (net)
                      0.095304    0.000054    1.198753 ^ output67/A (sky130_fd_sc_hd__buf_6)
     1    0.035101    0.078468    0.136354    1.335106 ^ output67/X (sky130_fd_sc_hd__buf_6)
                                                         S[10] (net)
                      0.078468    0.000204    1.335310 ^ S[10] (out)
                                              1.335310   data arrival time

                      0.000000    0.000000    0.000000   clock __VIRTUAL_CLK__ (rise edge)
                                  0.000000    0.000000   clock network delay (ideal)
                                  0.250000    0.250000   clock uncertainty
                                  0.000000    0.250000   clock reconvergence pessimism
                                 -0.800000   -0.550000   output external delay
                                             -0.550000   data required time
---------------------------------------------------------------------------------------------
                                             -0.550000   data required time
                                             -1.335310   data arrival time
---------------------------------------------------------------------------------------------
                                              1.885310   slack (MET)


Startpoint: A[5] (input port clocked by __VIRTUAL_CLK__)
Endpoint: S[6] (output port clocked by __VIRTUAL_CLK__)
Path Group: __VIRTUAL_CLK__
Path Type: min

Fanout         Cap        Slew       Delay        Time   Description
---------------------------------------------------------------------------------------------
                      0.000000    0.000000    0.000000   clock __VIRTUAL_CLK__ (rise edge)
                                  0.000000    0.000000   clock network delay (ideal)
                                  0.800000    0.800000 ^ input external delay
     1    0.004745    0.028182    0.016174    0.816174 ^ A[5] (in)
                                                         A[5] (net)
                      0.028183    0.000000    0.816174 ^ input28/A (sky130_fd_sc_hd__buf_4)
     7    0.041237    0.120623    0.154456    0.970630 ^ input28/X (sky130_fd_sc_hd__buf_4)
                                                         net28 (net)
                      0.120623    0.000504    0.971135 ^ _601_/A1 (sky130_fd_sc_hd__o211a_2)
     1    0.008892    0.071761    0.203506    1.174640 ^ _601_/X (sky130_fd_sc_hd__o211a_2)
                                                         _302_ (net)
                      0.071761    0.000083    1.174724 ^ _604_/B (sky130_fd_sc_hd__xnor2_2)
     1    0.005131    0.038254    0.061027    1.235751 v _604_/Y (sky130_fd_sc_hd__xnor2_2)
                                                         net94 (net)
                      0.038254    0.000055    1.235806 v output94/A (sky130_fd_sc_hd__buf_6)
     1    0.035008    0.044262    0.127539    1.363344 v output94/X (sky130_fd_sc_hd__buf_6)
                                                         S[6] (net)
                      0.044268    0.000498    1.363843 v S[6] (out)
                                              1.363843   data arrival time

                      0.000000    0.000000    0.000000   clock __VIRTUAL_CLK__ (rise edge)
                                  0.000000    0.000000   clock network delay (ideal)
                                  0.250000    0.250000   clock uncertainty
                                  0.000000    0.250000   clock reconvergence pessimism
                                 -0.800000   -0.550000   output external delay
                                             -0.550000   data required time
---------------------------------------------------------------------------------------------
                                             -0.550000   data required time
                                             -1.363843   data arrival time
---------------------------------------------------------------------------------------------
                                              1.913842   slack (MET)


Startpoint: A[14] (input port clocked by __VIRTUAL_CLK__)
Endpoint: S[15] (output port clocked by __VIRTUAL_CLK__)
Path Group: __VIRTUAL_CLK__
Path Type: min

Fanout         Cap        Slew       Delay        Time   Description
---------------------------------------------------------------------------------------------
                      0.000000    0.000000    0.000000   clock __VIRTUAL_CLK__ (rise edge)
                                  0.000000    0.000000   clock network delay (ideal)
                                  0.800000    0.800000 ^ input external delay
     1    0.005002    0.029302    0.016971    0.816971 ^ A[14] (in)
                                                         A[14] (net)
                      0.029303    0.000000    0.816971 ^ input6/A (sky130_fd_sc_hd__clkbuf_2)
     3    0.013729    0.082069    0.120752    0.937723 ^ input6/X (sky130_fd_sc_hd__clkbuf_2)
                                                         net6 (net)
                      0.082069    0.000119    0.937842 ^ _652_/A1 (sky130_fd_sc_hd__o21a_2)
     1    0.003851    0.034182    0.128199    1.066041 ^ _652_/X (sky130_fd_sc_hd__o21a_2)
                                                         _344_ (net)
                      0.034182    0.000049    1.066090 ^ _654_/B1 (sky130_fd_sc_hd__a32o_2)
     1    0.008818    0.069627    0.126548    1.192638 ^ _654_/X (sky130_fd_sc_hd__a32o_2)
                                                         _346_ (net)
                      0.069627    0.000077    1.192715 ^ _655_/B (sky130_fd_sc_hd__xnor2_2)
     1    0.004912    0.037269    0.059869    1.252584 v _655_/Y (sky130_fd_sc_hd__xnor2_2)
                                                         net72 (net)
                      0.037269    0.000048    1.252632 v output72/A (sky130_fd_sc_hd__buf_6)
     1    0.035407    0.044503    0.127388    1.380020 v output72/X (sky130_fd_sc_hd__buf_6)
                                                         S[15] (net)
                      0.044511    0.000563    1.380583 v S[15] (out)
                                              1.380583   data arrival time

                      0.000000    0.000000    0.000000   clock __VIRTUAL_CLK__ (rise edge)
                                  0.000000    0.000000   clock network delay (ideal)
                                  0.250000    0.250000   clock uncertainty
                                  0.000000    0.250000   clock reconvergence pessimism
                                 -0.800000   -0.550000   output external delay
                                             -0.550000   data required time
---------------------------------------------------------------------------------------------
                                             -0.550000   data required time
                                             -1.380583   data arrival time
---------------------------------------------------------------------------------------------
                                              1.930583   slack (MET)


Startpoint: A[25] (input port clocked by __VIRTUAL_CLK__)
Endpoint: S[25] (output port clocked by __VIRTUAL_CLK__)
Path Group: __VIRTUAL_CLK__
Path Type: min

Fanout         Cap        Slew       Delay        Time   Description
---------------------------------------------------------------------------------------------
                      0.000000    0.000000    0.000000   clock __VIRTUAL_CLK__ (rise edge)
                                  0.000000    0.000000   clock network delay (ideal)
                                  0.800000    0.800000 ^ input external delay
     1    0.002875    0.020053    0.010038    0.810038 ^ A[25] (in)
                                                         A[25] (net)
                      0.020053    0.000000    0.810038 ^ input18/A (sky130_fd_sc_hd__dlymetal6s2s_1)
     5    0.024131    0.253220    0.215348    1.025387 ^ input18/X (sky130_fd_sc_hd__dlymetal6s2s_1)
                                                         net18 (net)
                      0.253220    0.000166    1.025553 ^ _480_/B (sky130_fd_sc_hd__xnor2_2)
     3    0.018507    0.106252    0.184474    1.210027 ^ _480_/Y (sky130_fd_sc_hd__xnor2_2)
                                                         _194_ (net)
                      0.106252    0.000177    1.210204 ^ _486_/A (sky130_fd_sc_hd__xnor2_2)
     1    0.004842    0.035599    0.076461    1.286665 v _486_/Y (sky130_fd_sc_hd__xnor2_2)
                                                         net83 (net)
                      0.035599    0.000048    1.286712 v output83/A (sky130_fd_sc_hd__buf_6)
     1    0.034999    0.044236    0.126488    1.413200 v output83/X (sky130_fd_sc_hd__buf_6)
                                                         S[25] (net)
                      0.044240    0.000411    1.413611 v S[25] (out)
                                              1.413611   data arrival time

                      0.000000    0.000000    0.000000   clock __VIRTUAL_CLK__ (rise edge)
                                  0.000000    0.000000   clock network delay (ideal)
                                  0.250000    0.250000   clock uncertainty
                                  0.000000    0.250000   clock reconvergence pessimism
                                 -0.800000   -0.550000   output external delay
                                             -0.550000   data required time
---------------------------------------------------------------------------------------------
                                             -0.550000   data required time
                                             -1.413611   data arrival time
---------------------------------------------------------------------------------------------
                                              1.963611   slack (MET)


Startpoint: sub (input port clocked by __VIRTUAL_CLK__)
Endpoint: S[2] (output port clocked by __VIRTUAL_CLK__)
Path Group: __VIRTUAL_CLK__
Path Type: min

Fanout         Cap        Slew       Delay        Time   Description
---------------------------------------------------------------------------------------------
                      0.000000    0.000000    0.000000   clock __VIRTUAL_CLK__ (rise edge)
                                  0.000000    0.000000   clock network delay (ideal)
                                  0.800000    0.800000 ^ input external delay
     1    0.008326    0.043965    0.027158    0.827158 ^ sub (in)
                                                         sub (net)
                      0.043965    0.000000    0.827158 ^ input65/A (sky130_fd_sc_hd__buf_8)
     3    0.024666    0.051404    0.098975    0.926134 ^ input65/X (sky130_fd_sc_hd__buf_8)
                                                         net65 (net)
                      0.051437    0.001118    0.927252 ^ fanout110/A (sky130_fd_sc_hd__buf_2)
     5    0.026879    0.135779    0.167057    1.094309 ^ fanout110/X (sky130_fd_sc_hd__buf_2)
                                                         net110 (net)
                      0.135784    0.000962    1.095271 ^ _577_/A (sky130_fd_sc_hd__xnor2_2)
     1    0.009333    0.062811    0.138800    1.234071 ^ _577_/Y (sky130_fd_sc_hd__xnor2_2)
                                                         _282_ (net)
                      0.062811    0.000082    1.234153 ^ _578_/A (sky130_fd_sc_hd__xnor2_2)
     1    0.005354    0.040405    0.068196    1.302349 v _578_/Y (sky130_fd_sc_hd__xnor2_2)
                                                         net88 (net)
                      0.040405    0.000065    1.302414 v output88/A (sky130_fd_sc_hd__buf_6)
     1    0.035431    0.044551    0.128785    1.431198 v output88/X (sky130_fd_sc_hd__buf_6)
                                                         S[2] (net)
                      0.044554    0.000396    1.431594 v S[2] (out)
                                              1.431594   data arrival time

                      0.000000    0.000000    0.000000   clock __VIRTUAL_CLK__ (rise edge)
                                  0.000000    0.000000   clock network delay (ideal)
                                  0.250000    0.250000   clock uncertainty
                                  0.000000    0.250000   clock reconvergence pessimism
                                 -0.800000   -0.550000   output external delay
                                             -0.550000   data required time
---------------------------------------------------------------------------------------------
                                             -0.550000   data required time
                                             -1.431594   data arrival time
---------------------------------------------------------------------------------------------
                                              1.981594   slack (MET)


Startpoint: A[20] (input port clocked by __VIRTUAL_CLK__)
Endpoint: S[21] (output port clocked by __VIRTUAL_CLK__)
Path Group: __VIRTUAL_CLK__
Path Type: min

Fanout         Cap        Slew       Delay        Time   Description
---------------------------------------------------------------------------------------------
                      0.000000    0.000000    0.000000   clock __VIRTUAL_CLK__ (rise edge)
                                  0.000000    0.000000   clock network delay (ideal)
                                  0.800000    0.800000 ^ input external delay
     1    0.002821    0.019823    0.009855    0.809855 ^ A[20] (in)
                                                         A[20] (net)
                      0.019823    0.000000    0.809855 ^ input13/A (sky130_fd_sc_hd__dlymetal6s2s_1)
     6    0.024862    0.259983    0.219477    1.029332 ^ input13/X (sky130_fd_sc_hd__dlymetal6s2s_1)
                                                         net13 (net)
                      0.259986    0.000737    1.030070 ^ _437_/B (sky130_fd_sc_hd__nand3_2)
     1    0.009396    0.073205    0.132050    1.162120 v _437_/Y (sky130_fd_sc_hd__nand3_2)
                                                         _155_ (net)
                      0.073205    0.000116    1.162236 v _438_/C (sky130_fd_sc_hd__nand3_4)
     1    0.008639    0.042649    0.088960    1.251196 ^ _438_/Y (sky130_fd_sc_hd__nand3_4)
                                                         _156_ (net)
                      0.042649    0.000038    1.251234 ^ _439_/B (sky130_fd_sc_hd__xnor2_2)
     1    0.007390    0.045839    0.061578    1.312812 v _439_/Y (sky130_fd_sc_hd__xnor2_2)
                                                         net79 (net)
                      0.045839    0.000174    1.312986 v output79/A (sky130_fd_sc_hd__buf_6)
     1    0.034904    0.044088    0.130601    1.443587 v output79/X (sky130_fd_sc_hd__buf_6)
                                                         S[21] (net)
                      0.044094    0.000505    1.444092 v S[21] (out)
                                              1.444092   data arrival time

                      0.000000    0.000000    0.000000   clock __VIRTUAL_CLK__ (rise edge)
                                  0.000000    0.000000   clock network delay (ideal)
                                  0.250000    0.250000   clock uncertainty
                                  0.000000    0.250000   clock reconvergence pessimism
                                 -0.800000   -0.550000   output external delay
                                             -0.550000   data required time
---------------------------------------------------------------------------------------------
                                             -0.550000   data required time
                                             -1.444092   data arrival time
---------------------------------------------------------------------------------------------
                                              1.994092   slack (MET)


Startpoint: A[0] (input port clocked by __VIRTUAL_CLK__)
Endpoint: S[0] (output port clocked by __VIRTUAL_CLK__)
Path Group: __VIRTUAL_CLK__
Path Type: min

Fanout         Cap        Slew       Delay        Time   Description
---------------------------------------------------------------------------------------------
                      0.000000    0.000000    0.000000   clock __VIRTUAL_CLK__ (rise edge)
                                  0.000000    0.000000   clock network delay (ideal)
                                  0.800000    0.800000 v input external delay
     1    0.003316    0.009829    0.005019    0.805019 v A[0] (in)
                                                         A[0] (net)
                      0.009829    0.000000    0.805019 v input1/A (sky130_fd_sc_hd__buf_2)
     6    0.029440    0.078970    0.148835    0.953854 v input1/X (sky130_fd_sc_hd__buf_2)
                                                         net1 (net)
                      0.078970    0.000121    0.953976 v _566_/A (sky130_fd_sc_hd__nand2_2)
     1    0.005019    0.043052    0.066148    1.020123 ^ _566_/Y (sky130_fd_sc_hd__nand2_2)
                                                         _273_ (net)
                      0.043052    0.000026    1.020149 ^ _567_/B (sky130_fd_sc_hd__nand2_2)
     1    0.002943    0.023149    0.040781    1.060931 v _567_/Y (sky130_fd_sc_hd__nand2_2)
                                                         net66 (net)
                      0.023149    0.000030    1.060961 v output66/A (sky130_fd_sc_hd__clkdlybuf4s25_1)
     1    0.034767    0.258498    0.387528    1.448490 v output66/X (sky130_fd_sc_hd__clkdlybuf4s25_1)
                                                         S[0] (net)
                      0.258498    0.000254    1.448744 v S[0] (out)
                                              1.448744   data arrival time

                      0.000000    0.000000    0.000000   clock __VIRTUAL_CLK__ (rise edge)
                                  0.000000    0.000000   clock network delay (ideal)
                                  0.250000    0.250000   clock uncertainty
                                  0.000000    0.250000   clock reconvergence pessimism
                                 -0.800000   -0.550000   output external delay
                                             -0.550000   data required time
---------------------------------------------------------------------------------------------
                                             -0.550000   data required time
                                             -1.448744   data arrival time
---------------------------------------------------------------------------------------------
                                              1.998744   slack (MET)


Startpoint: sub (input port clocked by __VIRTUAL_CLK__)
Endpoint: S[16] (output port clocked by __VIRTUAL_CLK__)
Path Group: __VIRTUAL_CLK__
Path Type: min

Fanout         Cap        Slew       Delay        Time   Description
---------------------------------------------------------------------------------------------
                      0.000000    0.000000    0.000000   clock __VIRTUAL_CLK__ (rise edge)
                                  0.000000    0.000000   clock network delay (ideal)
                                  0.800000    0.800000 ^ input external delay
     1    0.008326    0.043965    0.027158    0.827158 ^ sub (in)
                                                         sub (net)
                      0.043965    0.000000    0.827158 ^ input65/A (sky130_fd_sc_hd__buf_8)
     3    0.024666    0.051404    0.098975    0.926134 ^ input65/X (sky130_fd_sc_hd__buf_8)
                                                         net65 (net)
                      0.051415    0.000734    0.926868 ^ fanout107/A (sky130_fd_sc_hd__buf_6)
     3    0.017216    0.045834    0.098637    1.025505 ^ fanout107/X (sky130_fd_sc_hd__buf_6)
                                                         net107 (net)
                      0.045836    0.000359    1.025864 ^ fanout103/A (sky130_fd_sc_hd__buf_4)
     2    0.014897    0.053063    0.113028    1.138891 ^ fanout103/X (sky130_fd_sc_hd__buf_4)
                                                         net103 (net)
                      0.053063    0.000168    1.139059 ^ _373_/A (sky130_fd_sc_hd__xnor2_2)
     1    0.008704    0.059306    0.116861    1.255920 ^ _373_/Y (sky130_fd_sc_hd__xnor2_2)
                                                         _096_ (net)
                      0.059306    0.000041    1.255962 ^ _374_/B (sky130_fd_sc_hd__xnor2_2)
     1    0.006906    0.044374    0.064289    1.320250 v _374_/Y (sky130_fd_sc_hd__xnor2_2)
                                                         net73 (net)
                      0.044374    0.000138    1.320389 v output73/A (sky130_fd_sc_hd__buf_6)
     1    0.035561    0.044613    0.130396    1.450785 v output73/X (sky130_fd_sc_hd__buf_6)
                                                         S[16] (net)
                      0.044623    0.000621    1.451406 v S[16] (out)
                                              1.451406   data arrival time

                      0.000000    0.000000    0.000000   clock __VIRTUAL_CLK__ (rise edge)
                                  0.000000    0.000000   clock network delay (ideal)
                                  0.250000    0.250000   clock uncertainty
                                  0.000000    0.250000   clock reconvergence pessimism
                                 -0.800000   -0.550000   output external delay
                                             -0.550000   data required time
---------------------------------------------------------------------------------------------
                                             -0.550000   data required time
                                             -1.451406   data arrival time
---------------------------------------------------------------------------------------------
                                              2.001406   slack (MET)


Startpoint: B[3] (input port clocked by __VIRTUAL_CLK__)
Endpoint: S[3] (output port clocked by __VIRTUAL_CLK__)
Path Group: __VIRTUAL_CLK__
Path Type: min

Fanout         Cap        Slew       Delay        Time   Description
---------------------------------------------------------------------------------------------
                      0.000000    0.000000    0.000000   clock __VIRTUAL_CLK__ (rise edge)
                                  0.000000    0.000000   clock network delay (ideal)
                                  0.800000    0.800000 ^ input external delay
     1    0.004026    0.025049    0.013858    0.813858 ^ B[3] (in)
                                                         B[3] (net)
                      0.025049    0.000000    0.813858 ^ input58/A (sky130_fd_sc_hd__dlymetal6s2s_1)
     5    0.025253    0.263504    0.224039    1.037897 ^ input58/X (sky130_fd_sc_hd__dlymetal6s2s_1)
                                                         net58 (net)
                      0.263504    0.000170    1.038067 ^ _691_/B (sky130_fd_sc_hd__xnor2_2)
     3    0.020714    0.115144    0.193424    1.231491 ^ _691_/Y (sky130_fd_sc_hd__xnor2_2)
                                                         _026_ (net)
                      0.115144    0.000144    1.231635 ^ _584_/A (sky130_fd_sc_hd__xnor2_2)
     1    0.002767    0.027458    0.071165    1.302800 v _584_/Y (sky130_fd_sc_hd__xnor2_2)
                                                         net91 (net)
                      0.027458    0.000029    1.302829 v output91/A (sky130_fd_sc_hd__clkbuf_4)
     1    0.035654    0.082117    0.168226    1.471054 v output91/X (sky130_fd_sc_hd__clkbuf_4)
                                                         S[3] (net)
                      0.082117    0.000379    1.471433 v S[3] (out)
                                              1.471433   data arrival time

                      0.000000    0.000000    0.000000   clock __VIRTUAL_CLK__ (rise edge)
                                  0.000000    0.000000   clock network delay (ideal)
                                  0.250000    0.250000   clock uncertainty
                                  0.000000    0.250000   clock reconvergence pessimism
                                 -0.800000   -0.550000   output external delay
                                             -0.550000   data required time
---------------------------------------------------------------------------------------------
                                             -0.550000   data required time
                                             -1.471433   data arrival time
---------------------------------------------------------------------------------------------
                                              2.021433   slack (MET)


Startpoint: B[14] (input port clocked by __VIRTUAL_CLK__)
Endpoint: S[14] (output port clocked by __VIRTUAL_CLK__)
Path Group: __VIRTUAL_CLK__
Path Type: min

Fanout         Cap        Slew       Delay        Time   Description
---------------------------------------------------------------------------------------------
                      0.000000    0.000000    0.000000   clock __VIRTUAL_CLK__ (rise edge)
                                  0.000000    0.000000   clock network delay (ideal)
                                  0.800000    0.800000 ^ input external delay
     1    0.005295    0.030586    0.017875    0.817875 ^ B[14] (in)
                                                         B[14] (net)
                      0.030586    0.000000    0.817875 ^ input38/A (sky130_fd_sc_hd__clkbuf_2)
     5    0.033912    0.186866    0.190111    1.007986 ^ input38/X (sky130_fd_sc_hd__clkbuf_2)
                                                         net38 (net)
                      0.186871    0.000783    1.008769 ^ _726_/A (sky130_fd_sc_hd__xnor2_4)
     3    0.017024    0.066565    0.153969    1.162738 ^ _726_/Y (sky130_fd_sc_hd__xnor2_4)
                                                         _061_ (net)
                      0.066565    0.000063    1.162801 ^ _648_/B (sky130_fd_sc_hd__xnor2_2)
     1    0.010491    0.067604    0.121183    1.283984 ^ _648_/Y (sky130_fd_sc_hd__xnor2_2)
                                                         _341_ (net)
                      0.067604    0.000191    1.284175 ^ _649_/B (sky130_fd_sc_hd__xnor2_2)
     1    0.006191    0.042065    0.063707    1.347882 v _649_/Y (sky130_fd_sc_hd__xnor2_2)
                                                         net71 (net)
                      0.042065    0.000086    1.347969 v output71/A (sky130_fd_sc_hd__buf_6)
     1    0.035750    0.044763    0.129576    1.477545 v output71/X (sky130_fd_sc_hd__buf_6)
                                                         S[14] (net)
                      0.044774    0.000630    1.478175 v S[14] (out)
                                              1.478175   data arrival time

                      0.000000    0.000000    0.000000   clock __VIRTUAL_CLK__ (rise edge)
                                  0.000000    0.000000   clock network delay (ideal)
                                  0.250000    0.250000   clock uncertainty
                                  0.000000    0.250000   clock reconvergence pessimism
                                 -0.800000   -0.550000   output external delay
                                             -0.550000   data required time
---------------------------------------------------------------------------------------------
                                             -0.550000   data required time
                                             -1.478175   data arrival time
---------------------------------------------------------------------------------------------
                                              2.028175   slack (MET)


Startpoint: A[31] (input port clocked by __VIRTUAL_CLK__)
Endpoint: carryOut (output port clocked by __VIRTUAL_CLK__)
Path Group: __VIRTUAL_CLK__
Path Type: min

Fanout         Cap        Slew       Delay        Time   Description
---------------------------------------------------------------------------------------------
                      0.000000    0.000000    0.000000   clock __VIRTUAL_CLK__ (rise edge)
                                  0.000000    0.000000   clock network delay (ideal)
                                  0.800000    0.800000 ^ input external delay
     1    0.004382    0.026595    0.015059    0.815059 ^ A[31] (in)
                                                         A[31] (net)
                      0.026603    0.000000    0.815059 ^ input25/A (sky130_fd_sc_hd__clkdlybuf4s25_1)
     5    0.019847    0.206110    0.336706    1.151765 ^ input25/X (sky130_fd_sc_hd__clkdlybuf4s25_1)
                                                         net25 (net)
                      0.206110    0.000213    1.151978 ^ _663_/A1 (sky130_fd_sc_hd__o221a_4)
     1    0.007557    0.050206    0.215481    1.367459 ^ _663_/X (sky130_fd_sc_hd__o221a_4)
                                                         net98 (net)
                      0.050206    0.000063    1.367522 ^ output98/A (sky130_fd_sc_hd__buf_8)
     1    0.035375    0.067377    0.112874    1.480395 ^ output98/X (sky130_fd_sc_hd__buf_8)
                                                         carryOut (net)
                      0.067382    0.000588    1.480983 ^ carryOut (out)
                                              1.480983   data arrival time

                      0.000000    0.000000    0.000000   clock __VIRTUAL_CLK__ (rise edge)
                                  0.000000    0.000000   clock network delay (ideal)
                                  0.250000    0.250000   clock uncertainty
                                  0.000000    0.250000   clock reconvergence pessimism
                                 -0.800000   -0.550000   output external delay
                                             -0.550000   data required time
---------------------------------------------------------------------------------------------
                                             -0.550000   data required time
                                             -1.480983   data arrival time
---------------------------------------------------------------------------------------------
                                              2.030983   slack (MET)


Startpoint: B[12] (input port clocked by __VIRTUAL_CLK__)
Endpoint: S[12] (output port clocked by __VIRTUAL_CLK__)
Path Group: __VIRTUAL_CLK__
Path Type: min

Fanout         Cap        Slew       Delay        Time   Description
---------------------------------------------------------------------------------------------
                      0.000000    0.000000    0.000000   clock __VIRTUAL_CLK__ (rise edge)
                                  0.000000    0.000000   clock network delay (ideal)
                                  0.800000    0.800000 ^ input external delay
     1    0.007232    0.039121    0.023824    0.823824 ^ B[12] (in)
                                                         B[12] (net)
                      0.039121    0.000000    0.823824 ^ input36/A (sky130_fd_sc_hd__buf_6)
     9    0.044126    0.094946    0.129191    0.953015 ^ input36/X (sky130_fd_sc_hd__buf_6)
                                                         net36 (net)
                      0.095025    0.001552    0.954567 ^ _729_/B (sky130_fd_sc_hd__xnor2_4)
     2    0.006014    0.035007    0.063687    1.018254 v _729_/Y (sky130_fd_sc_hd__xnor2_4)
                                                         _064_ (net)
                      0.035007    0.000055    1.018309 v rebuffer135/A (sky130_fd_sc_hd__buf_2)
     2    0.020397    0.060003    0.142722    1.161031 v rebuffer135/X (sky130_fd_sc_hd__buf_2)
                                                         net135 (net)
                      0.060003    0.000174    1.161205 v _632_/B (sky130_fd_sc_hd__xnor2_4)
     1    0.008738    0.045869    0.137952    1.299156 ^ _632_/Y (sky130_fd_sc_hd__xnor2_4)
                                                         _327_ (net)
                      0.045869    0.000073    1.299230 ^ _633_/B (sky130_fd_sc_hd__xnor2_2)
     1    0.006774    0.043375    0.060524    1.359754 v _633_/Y (sky130_fd_sc_hd__xnor2_2)
                                                         net69 (net)
                      0.043375    0.000134    1.359888 v output69/A (sky130_fd_sc_hd__buf_6)
     1    0.036204    0.045137    0.130346    1.490234 v output69/X (sky130_fd_sc_hd__buf_6)
                                                         S[12] (net)
                      0.045154    0.000790    1.491025 v S[12] (out)
                                              1.491025   data arrival time

                      0.000000    0.000000    0.000000   clock __VIRTUAL_CLK__ (rise edge)
                                  0.000000    0.000000   clock network delay (ideal)
                                  0.250000    0.250000   clock uncertainty
                                  0.000000    0.250000   clock reconvergence pessimism
                                 -0.800000   -0.550000   output external delay
                                             -0.550000   data required time
---------------------------------------------------------------------------------------------
                                             -0.550000   data required time
                                             -1.491025   data arrival time
---------------------------------------------------------------------------------------------
                                              2.041025   slack (MET)


Startpoint: B[9] (input port clocked by __VIRTUAL_CLK__)
Endpoint: S[9] (output port clocked by __VIRTUAL_CLK__)
Path Group: __VIRTUAL_CLK__
Path Type: min

Fanout         Cap        Slew       Delay        Time   Description
---------------------------------------------------------------------------------------------
                      0.000000    0.000000    0.000000   clock __VIRTUAL_CLK__ (rise edge)
                                  0.000000    0.000000   clock network delay (ideal)
                                  0.800000    0.800000 ^ input external delay
     1    0.006762    0.037036    0.022353    0.822353 ^ B[9] (in)
                                                         B[9] (net)
                      0.037036    0.000000    0.822353 ^ input64/A (sky130_fd_sc_hd__buf_6)
     7    0.034569    0.077332    0.116663    0.939017 ^ input64/X (sky130_fd_sc_hd__buf_6)
                                                         net64 (net)
                      0.077332    0.000331    0.939348 ^ _734_/A (sky130_fd_sc_hd__xor2_4)
     2    0.005815    0.033669    0.068507    1.007855 v _734_/X (sky130_fd_sc_hd__xor2_4)
                                                         _069_ (net)
                      0.033669    0.000048    1.007903 v rebuffer136/A (sky130_fd_sc_hd__buf_2)
     4    0.020110    0.059433    0.141623    1.149526 v rebuffer136/X (sky130_fd_sc_hd__buf_2)
                                                         net136 (net)
                      0.059433    0.000205    1.149731 v _617_/B (sky130_fd_sc_hd__xnor2_2)
     1    0.008795    0.060491    0.155964    1.305695 ^ _617_/Y (sky130_fd_sc_hd__xnor2_2)
                                                         _315_ (net)
                      0.060491    0.000073    1.305768 ^ _618_/B (sky130_fd_sc_hd__xnor2_2)
     1    0.005175    0.037576    0.058906    1.364674 v _618_/Y (sky130_fd_sc_hd__xnor2_2)
                                                         net97 (net)
                      0.037577    0.000060    1.364734 v output97/A (sky130_fd_sc_hd__buf_6)
     1    0.035177    0.044377    0.127411    1.492145 v output97/X (sky130_fd_sc_hd__buf_6)
                                                         S[9] (net)
                      0.044381    0.000443    1.492588 v S[9] (out)
                                              1.492588   data arrival time

                      0.000000    0.000000    0.000000   clock __VIRTUAL_CLK__ (rise edge)
                                  0.000000    0.000000   clock network delay (ideal)
                                  0.250000    0.250000   clock uncertainty
                                  0.000000    0.250000   clock reconvergence pessimism
                                 -0.800000   -0.550000   output external delay
                                             -0.550000   data required time
---------------------------------------------------------------------------------------------
                                             -0.550000   data required time
                                             -1.492588   data arrival time
---------------------------------------------------------------------------------------------
                                              2.042588   slack (MET)


Startpoint: A[17] (input port clocked by __VIRTUAL_CLK__)
Endpoint: S[17] (output port clocked by __VIRTUAL_CLK__)
Path Group: __VIRTUAL_CLK__
Path Type: min

Fanout         Cap        Slew       Delay        Time   Description
---------------------------------------------------------------------------------------------
                      0.000000    0.000000    0.000000   clock __VIRTUAL_CLK__ (rise edge)
                                  0.000000    0.000000   clock network delay (ideal)
                                  0.800000    0.800000 ^ input external delay
     1    0.003634    0.023348    0.012572    0.812572 ^ A[17] (in)
                                                         A[17] (net)
                      0.023348    0.000000    0.812572 ^ input9/A (sky130_fd_sc_hd__dlygate4sd1_1)
     5    0.020912    0.205621    0.285488    1.098060 ^ input9/X (sky130_fd_sc_hd__dlygate4sd1_1)
                                                         net9 (net)
                      0.205621    0.000133    1.098193 ^ _375_/B (sky130_fd_sc_hd__xnor2_2)
     3    0.015145    0.090452    0.165410    1.263603 ^ _375_/Y (sky130_fd_sc_hd__xnor2_2)
                                                         _097_ (net)
                      0.090452    0.000157    1.263760 ^ _385_/A (sky130_fd_sc_hd__xor2_2)
     1    0.002855    0.030194    0.065191    1.328951 v _385_/X (sky130_fd_sc_hd__xor2_2)
                                                         net74 (net)
                      0.030194    0.000019    1.328970 v output74/A (sky130_fd_sc_hd__clkbuf_2)
     1    0.034595    0.132828    0.173865    1.502835 v output74/X (sky130_fd_sc_hd__clkbuf_2)
                                                         S[17] (net)
                      0.132828    0.000284    1.503118 v S[17] (out)
                                              1.503118   data arrival time

                      0.000000    0.000000    0.000000   clock __VIRTUAL_CLK__ (rise edge)
                                  0.000000    0.000000   clock network delay (ideal)
                                  0.250000    0.250000   clock uncertainty
                                  0.000000    0.250000   clock reconvergence pessimism
                                 -0.800000   -0.550000   output external delay
                                             -0.550000   data required time
---------------------------------------------------------------------------------------------
                                             -0.550000   data required time
                                             -1.503118   data arrival time
---------------------------------------------------------------------------------------------
                                              2.053118   slack (MET)


Startpoint: B[8] (input port clocked by __VIRTUAL_CLK__)
Endpoint: S[8] (output port clocked by __VIRTUAL_CLK__)
Path Group: __VIRTUAL_CLK__
Path Type: min

Fanout         Cap        Slew       Delay        Time   Description
---------------------------------------------------------------------------------------------
                      0.000000    0.000000    0.000000   clock __VIRTUAL_CLK__ (rise edge)
                                  0.000000    0.000000   clock network delay (ideal)
                                  0.800000    0.800000 ^ input external delay
     1    0.002778    0.019639    0.009711    0.809711 ^ B[8] (in)
                                                         B[8] (net)
                      0.019639    0.000000    0.809711 ^ input63/A (sky130_fd_sc_hd__dlymetal6s2s_1)
     4    0.027433    0.283507    0.235485    1.045196 ^ input63/X (sky130_fd_sc_hd__dlymetal6s2s_1)
                                                         net63 (net)
                      0.283507    0.000307    1.045503 ^ _612_/B (sky130_fd_sc_hd__xnor2_2)
     2    0.011779    0.066655    0.121252    1.166754 v _612_/Y (sky130_fd_sc_hd__xnor2_2)
                                                         _311_ (net)
                      0.066655    0.000085    1.166840 v _613_/B (sky130_fd_sc_hd__xnor2_2)
     1    0.009172    0.061767    0.161555    1.328394 ^ _613_/Y (sky130_fd_sc_hd__xnor2_2)
                                                         _312_ (net)
                      0.061767    0.000099    1.328494 ^ _614_/B (sky130_fd_sc_hd__xnor2_2)
     1    0.005188    0.037723    0.059206    1.387700 v _614_/Y (sky130_fd_sc_hd__xnor2_2)
                                                         net96 (net)
                      0.037724    0.000061    1.387761 v output96/A (sky130_fd_sc_hd__buf_6)
     1    0.035027    0.044221    0.127444    1.515205 v output96/X (sky130_fd_sc_hd__buf_6)
                                                         S[8] (net)
                      0.044223    0.000306    1.515510 v S[8] (out)
                                              1.515510   data arrival time

                      0.000000    0.000000    0.000000   clock __VIRTUAL_CLK__ (rise edge)
                                  0.000000    0.000000   clock network delay (ideal)
                                  0.250000    0.250000   clock uncertainty
                                  0.000000    0.250000   clock reconvergence pessimism
                                 -0.800000   -0.550000   output external delay
                                             -0.550000   data required time
---------------------------------------------------------------------------------------------
                                             -0.550000   data required time
                                             -1.515510   data arrival time
---------------------------------------------------------------------------------------------
                                              2.065510   slack (MET)


Startpoint: A[6] (input port clocked by __VIRTUAL_CLK__)
Endpoint: S[7] (output port clocked by __VIRTUAL_CLK__)
Path Group: __VIRTUAL_CLK__
Path Type: min

Fanout         Cap        Slew       Delay        Time   Description
---------------------------------------------------------------------------------------------
                      0.000000    0.000000    0.000000   clock __VIRTUAL_CLK__ (rise edge)
                                  0.000000    0.000000   clock network delay (ideal)
                                  0.800000    0.800000 v input external delay
     1    0.003028    0.009161    0.004571    0.804571 v A[6] (in)
                                                         A[6] (net)
                      0.009161    0.000000    0.804571 v input29/A (sky130_fd_sc_hd__dlymetal6s2s_1)
     4    0.026913    0.138918    0.199152    1.003724 v input29/X (sky130_fd_sc_hd__dlymetal6s2s_1)
                                                         net29 (net)
                      0.138923    0.000925    1.004649 v _722_/A (sky130_fd_sc_hd__inv_2)
     4    0.023648    0.117299    0.140501    1.145149 ^ _722_/Y (sky130_fd_sc_hd__inv_2)
                                                         _057_ (net)
                      0.117299    0.000145    1.145294 ^ _607_/A1 (sky130_fd_sc_hd__o211ai_2)
     1    0.008358    0.068494    0.113580    1.258875 v _607_/Y (sky130_fd_sc_hd__o211ai_2)
                                                         _307_ (net)
                      0.068494    0.000070    1.258944 v _610_/B (sky130_fd_sc_hd__xnor2_2)
     1    0.008288    0.050879    0.141092    1.400036 v _610_/Y (sky130_fd_sc_hd__xnor2_2)
                                                         net95 (net)
                      0.050879    0.000206    1.400242 v output95/A (sky130_fd_sc_hd__buf_6)
     1    0.036280    0.045159    0.133558    1.533800 v output95/X (sky130_fd_sc_hd__buf_6)
                                                         S[7] (net)
                      0.045170    0.000671    1.534471 v S[7] (out)
                                              1.534471   data arrival time

                      0.000000    0.000000    0.000000   clock __VIRTUAL_CLK__ (rise edge)
                                  0.000000    0.000000   clock network delay (ideal)
                                  0.250000    0.250000   clock uncertainty
                                  0.000000    0.250000   clock reconvergence pessimism
                                 -0.800000   -0.550000   output external delay
                                             -0.550000   data required time
---------------------------------------------------------------------------------------------
                                             -0.550000   data required time
                                             -1.534471   data arrival time
---------------------------------------------------------------------------------------------
                                              2.084471   slack (MET)


Startpoint: A[27] (input port clocked by __VIRTUAL_CLK__)
Endpoint: S[27] (output port clocked by __VIRTUAL_CLK__)
Path Group: __VIRTUAL_CLK__
Path Type: min

Fanout         Cap        Slew       Delay        Time   Description
---------------------------------------------------------------------------------------------
                      0.000000    0.000000    0.000000   clock __VIRTUAL_CLK__ (rise edge)
                                  0.000000    0.000000   clock network delay (ideal)
                                  0.800000    0.800000 ^ input external delay
     1    0.003849    0.024281    0.013274    0.813274 ^ A[27] (in)
                                                         A[27] (net)
                      0.024281    0.000000    0.813274 ^ input20/A (sky130_fd_sc_hd__clkdlybuf4s25_1)
     5    0.020816    0.215473    0.342271    1.155545 ^ input20/X (sky130_fd_sc_hd__clkdlybuf4s25_1)
                                                         net20 (net)
                      0.215473    0.000142    1.155687 ^ _501_/B (sky130_fd_sc_hd__xnor2_2)
     3    0.023617    0.129701    0.194831    1.350518 ^ _501_/Y (sky130_fd_sc_hd__xnor2_2)
                                                         _213_ (net)
                      0.129701    0.000249    1.350768 ^ _509_/B (sky130_fd_sc_hd__xnor2_4)
     1    0.004567    0.033811    0.066370    1.417138 v _509_/Y (sky130_fd_sc_hd__xnor2_4)
                                                         net85 (net)
                      0.033811    0.000019    1.417156 v output85/A (sky130_fd_sc_hd__buf_6)
     1    0.035426    0.044516    0.126147    1.543303 v output85/X (sky130_fd_sc_hd__buf_6)
                                                         S[27] (net)
                      0.044517    0.000249    1.543552 v S[27] (out)
                                              1.543552   data arrival time

                      0.000000    0.000000    0.000000   clock __VIRTUAL_CLK__ (rise edge)
                                  0.000000    0.000000   clock network delay (ideal)
                                  0.250000    0.250000   clock uncertainty
                                  0.000000    0.250000   clock reconvergence pessimism
                                 -0.800000   -0.550000   output external delay
                                             -0.550000   data required time
---------------------------------------------------------------------------------------------
                                             -0.550000   data required time
                                             -1.543552   data arrival time
---------------------------------------------------------------------------------------------
                                              2.093552   slack (MET)


Startpoint: A[25] (input port clocked by __VIRTUAL_CLK__)
Endpoint: S[26] (output port clocked by __VIRTUAL_CLK__)
Path Group: __VIRTUAL_CLK__
Path Type: min

Fanout         Cap        Slew       Delay        Time   Description
---------------------------------------------------------------------------------------------
                      0.000000    0.000000    0.000000   clock __VIRTUAL_CLK__ (rise edge)
                                  0.000000    0.000000   clock network delay (ideal)
                                  0.800000    0.800000 ^ input external delay
     1    0.002875    0.020053    0.010038    0.810038 ^ A[25] (in)
                                                         A[25] (net)
                      0.020053    0.000000    0.810038 ^ input18/A (sky130_fd_sc_hd__dlymetal6s2s_1)
     5    0.024131    0.253220    0.215348    1.025387 ^ input18/X (sky130_fd_sc_hd__dlymetal6s2s_1)
                                                         net18 (net)
                      0.253220    0.000159    1.025546 ^ _492_/B2 (sky130_fd_sc_hd__a22oi_2)
     2    0.006723    0.056923    0.095149    1.120695 v _492_/Y (sky130_fd_sc_hd__a22oi_2)
                                                         _205_ (net)
                      0.056923    0.000073    1.120768 v rebuffer133/A (sky130_fd_sc_hd__buf_2)
     5    0.019210    0.057431    0.149765    1.270533 v rebuffer133/X (sky130_fd_sc_hd__buf_2)
                                                         net133 (net)
                      0.057431    0.000093    1.270625 v _497_/A (sky130_fd_sc_hd__nand2_2)
     1    0.009758    0.060886    0.073576    1.344202 ^ _497_/Y (sky130_fd_sc_hd__nand2_2)
                                                         _210_ (net)
                      0.060886    0.000108    1.344310 ^ _500_/A (sky130_fd_sc_hd__xnor2_2)
     1    0.006183    0.041464    0.070443    1.414753 v _500_/Y (sky130_fd_sc_hd__xnor2_2)
                                                         net84 (net)
                      0.041464    0.000096    1.414850 v output84/A (sky130_fd_sc_hd__buf_6)
     1    0.034787    0.044053    0.128771    1.543621 v output84/X (sky130_fd_sc_hd__buf_6)
                                                         S[26] (net)
                      0.044056    0.000383    1.544003 v S[26] (out)
                                              1.544003   data arrival time

                      0.000000    0.000000    0.000000   clock __VIRTUAL_CLK__ (rise edge)
                                  0.000000    0.000000   clock network delay (ideal)
                                  0.250000    0.250000   clock uncertainty
                                  0.000000    0.250000   clock reconvergence pessimism
                                 -0.800000   -0.550000   output external delay
                                             -0.550000   data required time
---------------------------------------------------------------------------------------------
                                             -0.550000   data required time
                                             -1.544003   data arrival time
---------------------------------------------------------------------------------------------
                                              2.094003   slack (MET)


Startpoint: A[11] (input port clocked by __VIRTUAL_CLK__)
Endpoint: S[11] (output port clocked by __VIRTUAL_CLK__)
Path Group: __VIRTUAL_CLK__
Path Type: min

Fanout         Cap        Slew       Delay        Time   Description
---------------------------------------------------------------------------------------------
                      0.000000    0.000000    0.000000   clock __VIRTUAL_CLK__ (rise edge)
                                  0.000000    0.000000   clock network delay (ideal)
                                  0.800000    0.800000 ^ input external delay
     1    0.004346    0.026442    0.014924    0.814924 ^ A[11] (in)
                                                         A[11] (net)
                      0.026442    0.000000    0.814924 ^ input3/A (sky130_fd_sc_hd__clkdlybuf4s25_1)
     4    0.024513    0.251333    0.366864    1.181788 ^ input3/X (sky130_fd_sc_hd__clkdlybuf4s25_1)
                                                         net3 (net)
                      0.251333    0.000384    1.182172 ^ _628_/A (sky130_fd_sc_hd__xor2_2)
     1    0.008698    0.044578    0.119253    1.301426 v _628_/X (sky130_fd_sc_hd__xor2_2)
                                                         _324_ (net)
                      0.044578    0.000086    1.301512 v _629_/B (sky130_fd_sc_hd__xnor2_2)
     1    0.005381    0.044786    0.123230    1.424742 ^ _629_/Y (sky130_fd_sc_hd__xnor2_2)
                                                         net68 (net)
                      0.044786    0.000054    1.424796 ^ output68/A (sky130_fd_sc_hd__buf_6)
     1    0.035010    0.078132    0.119958    1.544754 ^ output68/X (sky130_fd_sc_hd__buf_6)
                                                         S[11] (net)
                      0.078132    0.000235    1.544988 ^ S[11] (out)
                                              1.544988   data arrival time

                      0.000000    0.000000    0.000000   clock __VIRTUAL_CLK__ (rise edge)
                                  0.000000    0.000000   clock network delay (ideal)
                                  0.250000    0.250000   clock uncertainty
                                  0.000000    0.250000   clock reconvergence pessimism
                                 -0.800000   -0.550000   output external delay
                                             -0.550000   data required time
---------------------------------------------------------------------------------------------
                                             -0.550000   data required time
                                             -1.544988   data arrival time
---------------------------------------------------------------------------------------------
                                              2.094988   slack (MET)


Startpoint: A[4] (input port clocked by __VIRTUAL_CLK__)
Endpoint: S[4] (output port clocked by __VIRTUAL_CLK__)
Path Group: __VIRTUAL_CLK__
Path Type: min

Fanout         Cap        Slew       Delay        Time   Description
---------------------------------------------------------------------------------------------
                      0.000000    0.000000    0.000000   clock __VIRTUAL_CLK__ (rise edge)
                                  0.000000    0.000000   clock network delay (ideal)
                                  0.800000    0.800000 ^ input external delay
     1    0.004111    0.025420    0.014158    0.814158 ^ A[4] (in)
                                                         A[4] (net)
                      0.025420    0.000000    0.814158 ^ input27/A (sky130_fd_sc_hd__clkbuf_2)
     7    0.036067    0.198125    0.195681    1.009839 ^ input27/X (sky130_fd_sc_hd__clkbuf_2)
                                                         net27 (net)
                      0.198131    0.000890    1.010730 ^ _703_/B (sky130_fd_sc_hd__xnor2_2)
     3    0.026078    0.140156    0.199875    1.210605 ^ _703_/Y (sky130_fd_sc_hd__xnor2_2)
                                                         _038_ (net)
                      0.140156    0.000205    1.210810 ^ _586_/A (sky130_fd_sc_hd__xnor2_4)
     1    0.017896    0.069208    0.148100    1.358910 ^ _586_/Y (sky130_fd_sc_hd__xnor2_4)
                                                         _289_ (net)
                      0.069208    0.000178    1.359089 ^ _587_/A (sky130_fd_sc_hd__xnor2_4)
     1    0.006371    0.032769    0.068768    1.427857 v _587_/Y (sky130_fd_sc_hd__xnor2_4)
                                                         net92 (net)
                      0.032769    0.000110    1.427966 v output92/A (sky130_fd_sc_hd__buf_6)
     1    0.035015    0.044205    0.125287    1.553253 v output92/X (sky130_fd_sc_hd__buf_6)
                                                         S[4] (net)
                      0.044211    0.000505    1.553759 v S[4] (out)
                                              1.553759   data arrival time

                      0.000000    0.000000    0.000000   clock __VIRTUAL_CLK__ (rise edge)
                                  0.000000    0.000000   clock network delay (ideal)
                                  0.250000    0.250000   clock uncertainty
                                  0.000000    0.250000   clock reconvergence pessimism
                                 -0.800000   -0.550000   output external delay
                                             -0.550000   data required time
---------------------------------------------------------------------------------------------
                                             -0.550000   data required time
                                             -1.553759   data arrival time
---------------------------------------------------------------------------------------------
                                              2.103759   slack (MET)


Startpoint: B[31] (input port clocked by __VIRTUAL_CLK__)
Endpoint: S[31] (output port clocked by __VIRTUAL_CLK__)
Path Group: __VIRTUAL_CLK__
Path Type: min

Fanout         Cap        Slew       Delay        Time   Description
---------------------------------------------------------------------------------------------
                      0.000000    0.000000    0.000000   clock __VIRTUAL_CLK__ (rise edge)
                                  0.000000    0.000000   clock network delay (ideal)
                                  0.800000    0.800000 ^ input external delay
     1    0.004379    0.026584    0.015050    0.815050 ^ B[31] (in)
                                                         B[31] (net)
                      0.026593    0.000000    0.815050 ^ input57/A (sky130_fd_sc_hd__clkdlybuf4s25_1)
     5    0.016603    0.174774    0.315611    1.130661 ^ input57/X (sky130_fd_sc_hd__clkdlybuf4s25_1)
                                                         net57 (net)
                      0.174774    0.000093    1.130754 ^ _555_/B (sky130_fd_sc_hd__and2b_2)
     1    0.002532    0.033524    0.153025    1.283779 ^ _555_/X (sky130_fd_sc_hd__and2b_2)
                                                         _263_ (net)
                      0.033524    0.000028    1.283807 ^ _556_/B (sky130_fd_sc_hd__or2_2)
     1    0.009039    0.057323    0.107757    1.391564 ^ _556_/X (sky130_fd_sc_hd__or2_2)
                                                         _264_ (net)
                      0.057323    0.000095    1.391659 ^ _564_/B (sky130_fd_sc_hd__xnor2_2)
     1    0.004927    0.036383    0.057464    1.449123 v _564_/Y (sky130_fd_sc_hd__xnor2_2)
                                                         net90 (net)
                      0.036383    0.000050    1.449173 v output90/A (sky130_fd_sc_hd__buf_6)
     1    0.035008    0.044194    0.126761    1.575935 v output90/X (sky130_fd_sc_hd__buf_6)
                                                         S[31] (net)
                      0.044201    0.000528    1.576463 v S[31] (out)
                                              1.576463   data arrival time

                      0.000000    0.000000    0.000000   clock __VIRTUAL_CLK__ (rise edge)
                                  0.000000    0.000000   clock network delay (ideal)
                                  0.250000    0.250000   clock uncertainty
                                  0.000000    0.250000   clock reconvergence pessimism
                                 -0.800000   -0.550000   output external delay
                                             -0.550000   data required time
---------------------------------------------------------------------------------------------
                                             -0.550000   data required time
                                             -1.576463   data arrival time
---------------------------------------------------------------------------------------------
                                              2.126463   slack (MET)


Startpoint: B[12] (input port clocked by __VIRTUAL_CLK__)
Endpoint: S[13] (output port clocked by __VIRTUAL_CLK__)
Path Group: __VIRTUAL_CLK__
Path Type: min

Fanout         Cap        Slew       Delay        Time   Description
---------------------------------------------------------------------------------------------
                      0.000000    0.000000    0.000000   clock __VIRTUAL_CLK__ (rise edge)
                                  0.000000    0.000000   clock network delay (ideal)
                                  0.800000    0.800000 ^ input external delay
     1    0.007232    0.039121    0.023824    0.823824 ^ B[12] (in)
                                                         B[12] (net)
                      0.039121    0.000000    0.823824 ^ input36/A (sky130_fd_sc_hd__buf_6)
     9    0.044126    0.094946    0.129191    0.953015 ^ input36/X (sky130_fd_sc_hd__buf_6)
                                                         net36 (net)
                      0.095022    0.001488    0.954503 ^ _636_/B1 (sky130_fd_sc_hd__a31o_2)
     1    0.002895    0.032435    0.101077    1.055580 ^ _636_/X (sky130_fd_sc_hd__a31o_2)
                                                         _330_ (net)
                      0.032435    0.000014    1.055595 ^ _639_/A3 (sky130_fd_sc_hd__a31o_2)
     1    0.009830    0.066128    0.163647    1.219241 ^ _639_/X (sky130_fd_sc_hd__a31o_2)
                                                         _333_ (net)
                      0.066128    0.000153    1.219394 ^ _640_/B (sky130_fd_sc_hd__xnor2_2)
     1    0.001654    0.024492    0.047917    1.267311 v _640_/Y (sky130_fd_sc_hd__xnor2_2)
                                                         net70 (net)
                      0.024492    0.000006    1.267317 v output70/A (sky130_fd_sc_hd__dlymetal6s4s_1)
     1    0.035430    0.179015    0.340569    1.607886 v output70/X (sky130_fd_sc_hd__dlymetal6s4s_1)
                                                         S[13] (net)
                      0.179015    0.000605    1.608491 v S[13] (out)
                                              1.608491   data arrival time

                      0.000000    0.000000    0.000000   clock __VIRTUAL_CLK__ (rise edge)
                                  0.000000    0.000000   clock network delay (ideal)
                                  0.250000    0.250000   clock uncertainty
                                  0.000000    0.250000   clock reconvergence pessimism
                                 -0.800000   -0.550000   output external delay
                                             -0.550000   data required time
---------------------------------------------------------------------------------------------
                                             -0.550000   data required time
                                             -1.608491   data arrival time
---------------------------------------------------------------------------------------------
                                              2.158491   slack (MET)


Startpoint: A[23] (input port clocked by __VIRTUAL_CLK__)
Endpoint: S[23] (output port clocked by __VIRTUAL_CLK__)
Path Group: __VIRTUAL_CLK__
Path Type: min

Fanout         Cap        Slew       Delay        Time   Description
---------------------------------------------------------------------------------------------
                      0.000000    0.000000    0.000000   clock __VIRTUAL_CLK__ (rise edge)
                                  0.000000    0.000000   clock network delay (ideal)
                                  0.800000    0.800000 ^ input external delay
     1    0.004146    0.025574    0.014259    0.814259 ^ A[23] (in)
                                                         A[23] (net)
                      0.025574    0.000000    0.814259 ^ input16/A (sky130_fd_sc_hd__clkdlybuf4s25_1)
     5    0.029107    0.296178    0.396284    1.210543 ^ input16/X (sky130_fd_sc_hd__clkdlybuf4s25_1)
                                                         net16 (net)
                      0.296178    0.000666    1.211209 ^ _453_/B (sky130_fd_sc_hd__xnor2_2)
     3    0.016737    0.098403    0.184287    1.395496 ^ _453_/Y (sky130_fd_sc_hd__xnor2_2)
                                                         _169_ (net)
                      0.098403    0.000177    1.395672 ^ _461_/A (sky130_fd_sc_hd__xnor2_2)
     1    0.008076    0.048604    0.085534    1.481206 v _461_/Y (sky130_fd_sc_hd__xnor2_2)
                                                         net81 (net)
                      0.048604    0.000200    1.481406 v output81/A (sky130_fd_sc_hd__buf_6)
     1    0.034632    0.043929    0.131586    1.612992 v output81/X (sky130_fd_sc_hd__buf_6)
                                                         S[23] (net)
                      0.043932    0.000416    1.613408 v S[23] (out)
                                              1.613408   data arrival time

                      0.000000    0.000000    0.000000   clock __VIRTUAL_CLK__ (rise edge)
                                  0.000000    0.000000   clock network delay (ideal)
                                  0.250000    0.250000   clock uncertainty
                                  0.000000    0.250000   clock reconvergence pessimism
                                 -0.800000   -0.550000   output external delay
                                             -0.550000   data required time
---------------------------------------------------------------------------------------------
                                             -0.550000   data required time
                                             -1.613408   data arrival time
---------------------------------------------------------------------------------------------
                                              2.163408   slack (MET)


Startpoint: B[19] (input port clocked by __VIRTUAL_CLK__)
Endpoint: S[19] (output port clocked by __VIRTUAL_CLK__)
Path Group: __VIRTUAL_CLK__
Path Type: min

Fanout         Cap        Slew       Delay        Time   Description
---------------------------------------------------------------------------------------------
                      0.000000    0.000000    0.000000   clock __VIRTUAL_CLK__ (rise edge)
                                  0.000000    0.000000   clock network delay (ideal)
                                  0.800000    0.800000 ^ input external delay
     1    0.004240    0.025983    0.014589    0.814589 ^ B[19] (in)
                                                         B[19] (net)
                      0.025991    0.000000    0.814589 ^ input43/A (sky130_fd_sc_hd__clkdlybuf4s25_1)
     5    0.026250    0.268242    0.378090    1.192679 ^ input43/X (sky130_fd_sc_hd__clkdlybuf4s25_1)
                                                         net43 (net)
                      0.268242    0.000247    1.192927 ^ _400_/A (sky130_fd_sc_hd__xnor2_2)
     3    0.019023    0.108377    0.194204    1.387131 ^ _400_/Y (sky130_fd_sc_hd__xnor2_2)
                                                         _120_ (net)
                      0.108377    0.000112    1.387243 ^ _406_/A (sky130_fd_sc_hd__xnor2_2)
     1    0.002320    0.027535    0.067973    1.455216 v _406_/Y (sky130_fd_sc_hd__xnor2_2)
                                                         net76 (net)
                      0.027535    0.000019    1.455235 v output76/A (sky130_fd_sc_hd__clkbuf_2)
     1    0.034617    0.132951    0.172738    1.627973 v output76/X (sky130_fd_sc_hd__clkbuf_2)
                                                         S[19] (net)
                      0.132951    0.000408    1.628381 v S[19] (out)
                                              1.628381   data arrival time

                      0.000000    0.000000    0.000000   clock __VIRTUAL_CLK__ (rise edge)
                                  0.000000    0.000000   clock network delay (ideal)
                                  0.250000    0.250000   clock uncertainty
                                  0.000000    0.250000   clock reconvergence pessimism
                                 -0.800000   -0.550000   output external delay
                                             -0.550000   data required time
---------------------------------------------------------------------------------------------
                                             -0.550000   data required time
                                             -1.628381   data arrival time
---------------------------------------------------------------------------------------------
                                              2.178381   slack (MET)


Startpoint: B[24] (input port clocked by __VIRTUAL_CLK__)
Endpoint: S[24] (output port clocked by __VIRTUAL_CLK__)
Path Group: __VIRTUAL_CLK__
Path Type: min

Fanout         Cap        Slew       Delay        Time   Description
---------------------------------------------------------------------------------------------
                      0.000000    0.000000    0.000000   clock __VIRTUAL_CLK__ (rise edge)
                                  0.000000    0.000000   clock network delay (ideal)
                                  0.800000    0.800000 ^ input external delay
     1    0.004166    0.025659    0.014333    0.814333 ^ B[24] (in)
                                                         B[24] (net)
                      0.025659    0.000000    0.814333 ^ input49/A (sky130_fd_sc_hd__clkdlybuf4s25_1)
     5    0.019301    0.204387    0.332967    1.147300 ^ input49/X (sky130_fd_sc_hd__clkdlybuf4s25_1)
                                                         net49 (net)
                      0.204387    0.000069    1.147369 ^ _477_/A (sky130_fd_sc_hd__xnor2_2)
     3    0.014969    0.079429    0.129660    1.277029 v _477_/Y (sky130_fd_sc_hd__xnor2_2)
                                                         _192_ (net)
                      0.079429    0.000135    1.277164 v _478_/B (sky130_fd_sc_hd__xnor2_2)
     1    0.008645    0.059288    0.161945    1.439109 ^ _478_/Y (sky130_fd_sc_hd__xnor2_2)
                                                         _193_ (net)
                      0.059288    0.000072    1.439180 ^ _479_/B (sky130_fd_sc_hd__xnor2_2)
     1    0.007595    0.047105    0.066537    1.505718 v _479_/Y (sky130_fd_sc_hd__xnor2_2)
                                                         net82 (net)
                      0.047105    0.000142    1.505859 v output82/A (sky130_fd_sc_hd__buf_6)
     1    0.035036    0.044228    0.131277    1.637136 v output82/X (sky130_fd_sc_hd__buf_6)
                                                         S[24] (net)
                      0.044231    0.000377    1.637514 v S[24] (out)
                                              1.637514   data arrival time

                      0.000000    0.000000    0.000000   clock __VIRTUAL_CLK__ (rise edge)
                                  0.000000    0.000000   clock network delay (ideal)
                                  0.250000    0.250000   clock uncertainty
                                  0.000000    0.250000   clock reconvergence pessimism
                                 -0.800000   -0.550000   output external delay
                                             -0.550000   data required time
---------------------------------------------------------------------------------------------
                                             -0.550000   data required time
                                             -1.637514   data arrival time
---------------------------------------------------------------------------------------------
                                              2.187514   slack (MET)


Startpoint: A[29] (input port clocked by __VIRTUAL_CLK__)
Endpoint: S[29] (output port clocked by __VIRTUAL_CLK__)
Path Group: __VIRTUAL_CLK__
Path Type: min

Fanout         Cap        Slew       Delay        Time   Description
---------------------------------------------------------------------------------------------
                      0.000000    0.000000    0.000000   clock __VIRTUAL_CLK__ (rise edge)
                                  0.000000    0.000000   clock network delay (ideal)
                                  0.800000    0.800000 ^ input external delay
     1    0.003857    0.024316    0.013299    0.813299 ^ A[29] (in)
                                                         A[29] (net)
                      0.024316    0.000000    0.813299 ^ input22/A (sky130_fd_sc_hd__clkdlybuf4s25_1)
     6    0.032266    0.326907    0.416719    1.230018 ^ input22/X (sky130_fd_sc_hd__clkdlybuf4s25_1)
                                                         net22 (net)
                      0.326907    0.000155    1.230174 ^ _531_/B (sky130_fd_sc_hd__xnor2_2)
     1    0.018293    0.105993    0.191797    1.421970 ^ _531_/Y (sky130_fd_sc_hd__xnor2_2)
                                                         _241_ (net)
                      0.105993    0.000201    1.422171 ^ _536_/A (sky130_fd_sc_hd__xnor2_4)
     1    0.002800    0.027794    0.069000    1.491171 v _536_/Y (sky130_fd_sc_hd__xnor2_4)
                                                         net87 (net)
                      0.027794    0.000024    1.491196 v output87/A (sky130_fd_sc_hd__buf_4)
     1    0.034917    0.059435    0.153391    1.644587 v output87/X (sky130_fd_sc_hd__buf_4)
                                                         S[29] (net)
                      0.059435    0.000216    1.644802 v S[29] (out)
                                              1.644802   data arrival time

                      0.000000    0.000000    0.000000   clock __VIRTUAL_CLK__ (rise edge)
                                  0.000000    0.000000   clock network delay (ideal)
                                  0.250000    0.250000   clock uncertainty
                                  0.000000    0.250000   clock reconvergence pessimism
                                 -0.800000   -0.550000   output external delay
                                             -0.550000   data required time
---------------------------------------------------------------------------------------------
                                             -0.550000   data required time
                                             -1.644802   data arrival time
---------------------------------------------------------------------------------------------
                                              2.194802   slack (MET)


Startpoint: B[30] (input port clocked by __VIRTUAL_CLK__)
Endpoint: S[30] (output port clocked by __VIRTUAL_CLK__)
Path Group: __VIRTUAL_CLK__
Path Type: min

Fanout         Cap        Slew       Delay        Time   Description
---------------------------------------------------------------------------------------------
                      0.000000    0.000000    0.000000   clock __VIRTUAL_CLK__ (rise edge)
                                  0.000000    0.000000   clock network delay (ideal)
                                  0.800000    0.800000 ^ input external delay
     1    0.004615    0.027618    0.015780    0.815780 ^ B[30] (in)
                                                         B[30] (net)
                      0.027618    0.000000    0.815780 ^ input56/A (sky130_fd_sc_hd__clkdlybuf4s25_1)
     4    0.025639    0.262293    0.374561    1.190341 ^ input56/X (sky130_fd_sc_hd__clkdlybuf4s25_1)
                                                         net56 (net)
                      0.262293    0.000510    1.190851 ^ _551_/A (sky130_fd_sc_hd__xnor2_2)
     1    0.008230    0.053781    0.116876    1.307727 v _551_/Y (sky130_fd_sc_hd__xnor2_2)
                                                         _260_ (net)
                      0.053781    0.000031    1.307758 v _552_/B (sky130_fd_sc_hd__xnor2_2)
     1    0.008822    0.060018    0.154152    1.461910 ^ _552_/Y (sky130_fd_sc_hd__xnor2_2)
                                                         _261_ (net)
                      0.060018    0.000078    1.461988 ^ _553_/B (sky130_fd_sc_hd__xnor2_2)
     1    0.005082    0.037181    0.058506    1.520493 v _553_/Y (sky130_fd_sc_hd__xnor2_2)
                                                         net89 (net)
                      0.037181    0.000056    1.520550 v output89/A (sky130_fd_sc_hd__buf_6)
     1    0.034648    0.043971    0.126881    1.647430 v output89/X (sky130_fd_sc_hd__buf_6)
                                                         S[30] (net)
                      0.043975    0.000425    1.647855 v S[30] (out)
                                              1.647855   data arrival time

                      0.000000    0.000000    0.000000   clock __VIRTUAL_CLK__ (rise edge)
                                  0.000000    0.000000   clock network delay (ideal)
                                  0.250000    0.250000   clock uncertainty
                                  0.000000    0.250000   clock reconvergence pessimism
                                 -0.800000   -0.550000   output external delay
                                             -0.550000   data required time
---------------------------------------------------------------------------------------------
                                             -0.550000   data required time
                                             -1.647855   data arrival time
---------------------------------------------------------------------------------------------
                                              2.197855   slack (MET)


Startpoint: B[28] (input port clocked by __VIRTUAL_CLK__)
Endpoint: S[28] (output port clocked by __VIRTUAL_CLK__)
Path Group: __VIRTUAL_CLK__
Path Type: min

Fanout         Cap        Slew       Delay        Time   Description
---------------------------------------------------------------------------------------------
                      0.000000    0.000000    0.000000   clock __VIRTUAL_CLK__ (rise edge)
                                  0.000000    0.000000   clock network delay (ideal)
                                  0.800000    0.800000 v input external delay
     1    0.003177    0.009508    0.004802    0.804802 v B[28] (in)
                                                         B[28] (net)
                      0.009508    0.000000    0.804802 v input53/A (sky130_fd_sc_hd__clkdlybuf4s25_1)
     6    0.020560    0.159270    0.310801    1.115603 v input53/X (sky130_fd_sc_hd__clkdlybuf4s25_1)
                                                         net53 (net)
                      0.159270    0.000305    1.115908 v _527_/A (sky130_fd_sc_hd__nor2_2)
     1    0.005510    0.087020    0.148055    1.263963 ^ _527_/Y (sky130_fd_sc_hd__nor2_2)
                                                         _238_ (net)
                      0.087020    0.000037    1.264000 ^ _528_/B (sky130_fd_sc_hd__nor2_2)
     1    0.008279    0.033475    0.048915    1.312915 v _528_/Y (sky130_fd_sc_hd__nor2_2)
                                                         _239_ (net)
                      0.033475    0.000069    1.312984 v _529_/B (sky130_fd_sc_hd__xnor2_2)
     1    0.008591    0.059006    0.145855    1.458839 ^ _529_/Y (sky130_fd_sc_hd__xnor2_2)
                                                         _240_ (net)
                      0.059006    0.000033    1.458871 ^ _530_/B (sky130_fd_sc_hd__xnor2_2)
     1    0.007666    0.047371    0.066693    1.525564 v _530_/Y (sky130_fd_sc_hd__xnor2_2)
                                                         net86 (net)
                      0.047371    0.000170    1.525734 v output86/A (sky130_fd_sc_hd__buf_6)
     1    0.035225    0.044337    0.131432    1.657166 v output86/X (sky130_fd_sc_hd__buf_6)
                                                         S[28] (net)
                      0.044345    0.000555    1.657721 v S[28] (out)
                                              1.657721   data arrival time

                      0.000000    0.000000    0.000000   clock __VIRTUAL_CLK__ (rise edge)
                                  0.000000    0.000000   clock network delay (ideal)
                                  0.250000    0.250000   clock uncertainty
                                  0.000000    0.250000   clock reconvergence pessimism
                                 -0.800000   -0.550000   output external delay
                                             -0.550000   data required time
---------------------------------------------------------------------------------------------
                                             -0.550000   data required time
                                             -1.657721   data arrival time
---------------------------------------------------------------------------------------------
                                              2.207721   slack (MET)


Startpoint: A[17] (input port clocked by __VIRTUAL_CLK__)
Endpoint: S[18] (output port clocked by __VIRTUAL_CLK__)
Path Group: __VIRTUAL_CLK__
Path Type: min

Fanout         Cap        Slew       Delay        Time   Description
---------------------------------------------------------------------------------------------
                      0.000000    0.000000    0.000000   clock __VIRTUAL_CLK__ (rise edge)
                                  0.000000    0.000000   clock network delay (ideal)
                                  0.800000    0.800000 ^ input external delay
     1    0.003634    0.023348    0.012572    0.812572 ^ A[17] (in)
                                                         A[17] (net)
                      0.023348    0.000000    0.812572 ^ input9/A (sky130_fd_sc_hd__dlygate4sd1_1)
     5    0.020912    0.205621    0.285488    1.098060 ^ input9/X (sky130_fd_sc_hd__dlygate4sd1_1)
                                                         net9 (net)
                      0.205621    0.000110    1.098170 ^ _395_/B2 (sky130_fd_sc_hd__a22o_2)
     2    0.009058    0.060830    0.181167    1.279337 ^ _395_/X (sky130_fd_sc_hd__a22o_2)
                                                         _116_ (net)
                      0.060830    0.000171    1.279508 ^ _396_/B1_N (sky130_fd_sc_hd__o21bai_4)
     5    0.027681    0.107820    0.151816    1.431323 ^ _396_/Y (sky130_fd_sc_hd__o21bai_4)
                                                         _117_ (net)
                      0.107820    0.000256    1.431579 ^ _399_/A (sky130_fd_sc_hd__xnor2_2)
     1    0.004434    0.034742    0.075413    1.506992 v _399_/Y (sky130_fd_sc_hd__xnor2_2)
                                                         net75 (net)
                      0.034742    0.000070    1.507062 v output75/A (sky130_fd_sc_hd__buf_4)
     1    0.034888    0.059553    0.156050    1.663112 v output75/X (sky130_fd_sc_hd__buf_4)
                                                         S[18] (net)
                      0.059557    0.000512    1.663625 v S[18] (out)
                                              1.663625   data arrival time

                      0.000000    0.000000    0.000000   clock __VIRTUAL_CLK__ (rise edge)
                                  0.000000    0.000000   clock network delay (ideal)
                                  0.250000    0.250000   clock uncertainty
                                  0.000000    0.250000   clock reconvergence pessimism
                                 -0.800000   -0.550000   output external delay
                                             -0.550000   data required time
---------------------------------------------------------------------------------------------
                                             -0.550000   data required time
                                             -1.663625   data arrival time
---------------------------------------------------------------------------------------------
                                              2.213624   slack (MET)


Startpoint: A[20] (input port clocked by __VIRTUAL_CLK__)
Endpoint: S[20] (output port clocked by __VIRTUAL_CLK__)
Path Group: __VIRTUAL_CLK__
Path Type: min

Fanout         Cap        Slew       Delay        Time   Description
---------------------------------------------------------------------------------------------
                      0.000000    0.000000    0.000000   clock __VIRTUAL_CLK__ (rise edge)
                                  0.000000    0.000000   clock network delay (ideal)
                                  0.800000    0.800000 ^ input external delay
     1    0.002821    0.019823    0.009855    0.809855 ^ A[20] (in)
                                                         A[20] (net)
                      0.019823    0.000000    0.809855 ^ input13/A (sky130_fd_sc_hd__dlymetal6s2s_1)
     6    0.024862    0.259983    0.219477    1.029332 ^ input13/X (sky130_fd_sc_hd__dlymetal6s2s_1)
                                                         net13 (net)
                      0.259986    0.000717    1.030049 ^ _428_/A (sky130_fd_sc_hd__or2b_2)
     3    0.009044    0.054217    0.172151    1.202201 ^ _428_/X (sky130_fd_sc_hd__or2b_2)
                                                         _147_ (net)
                      0.054217    0.000069    1.202270 ^ _430_/A (sky130_fd_sc_hd__and2_4)
     2    0.014160    0.059613    0.145452    1.347722 ^ _430_/X (sky130_fd_sc_hd__and2_4)
                                                         _149_ (net)
                      0.059613    0.000113    1.347835 ^ _431_/B (sky130_fd_sc_hd__xnor2_2)
     1    0.017841    0.101478    0.143410    1.491245 ^ _431_/Y (sky130_fd_sc_hd__xnor2_2)
                                                         _150_ (net)
                      0.101478    0.000158    1.491403 ^ _432_/A (sky130_fd_sc_hd__xnor2_4)
     1    0.008327    0.036767    0.079561    1.570964 v _432_/Y (sky130_fd_sc_hd__xnor2_4)
                                                         net78 (net)
                      0.036767    0.000220    1.571184 v output78/A (sky130_fd_sc_hd__buf_6)
     1    0.034577    0.043921    0.126654    1.697838 v output78/X (sky130_fd_sc_hd__buf_6)
                                                         S[20] (net)
                      0.043925    0.000436    1.698274 v S[20] (out)
                                              1.698274   data arrival time

                      0.000000    0.000000    0.000000   clock __VIRTUAL_CLK__ (rise edge)
                                  0.000000    0.000000   clock network delay (ideal)
                                  0.250000    0.250000   clock uncertainty
                                  0.000000    0.250000   clock reconvergence pessimism
                                 -0.800000   -0.550000   output external delay
                                             -0.550000   data required time
---------------------------------------------------------------------------------------------
                                             -0.550000   data required time
                                             -1.698274   data arrival time
---------------------------------------------------------------------------------------------
                                              2.248274   slack (MET)


Startpoint: B[22] (input port clocked by __VIRTUAL_CLK__)
Endpoint: S[22] (output port clocked by __VIRTUAL_CLK__)
Path Group: __VIRTUAL_CLK__
Path Type: min

Fanout         Cap        Slew       Delay        Time   Description
---------------------------------------------------------------------------------------------
                      0.000000    0.000000    0.000000   clock __VIRTUAL_CLK__ (rise edge)
                                  0.000000    0.000000   clock network delay (ideal)
                                  0.800000    0.800000 ^ input external delay
     1    0.003703    0.023647    0.012798    0.812798 ^ B[22] (in)
                                                         B[22] (net)
                      0.023647    0.000000    0.812798 ^ input47/A (sky130_fd_sc_hd__clkdlybuf4s25_1)
     5    0.029688    0.301939    0.399211    1.212009 ^ input47/X (sky130_fd_sc_hd__clkdlybuf4s25_1)
                                                         net47 (net)
                      0.301940    0.001010    1.213019 ^ _450_/B (sky130_fd_sc_hd__xnor2_2)
     3    0.013292    0.073707    0.129183    1.342202 v _450_/Y (sky130_fd_sc_hd__xnor2_2)
                                                         _167_ (net)
                      0.073707    0.000039    1.342241 v _451_/B (sky130_fd_sc_hd__xnor2_2)
     1    0.009004    0.061128    0.162743    1.504984 ^ _451_/Y (sky130_fd_sc_hd__xnor2_2)
                                                         _168_ (net)
                      0.061128    0.000096    1.505080 ^ _452_/B (sky130_fd_sc_hd__xnor2_2)
     1    0.007652    0.047446    0.067112    1.572193 v _452_/Y (sky130_fd_sc_hd__xnor2_2)
                                                         net80 (net)
                      0.047446    0.000190    1.572383 v output80/A (sky130_fd_sc_hd__buf_6)
     1    0.034803    0.044077    0.131199    1.703582 v output80/X (sky130_fd_sc_hd__buf_6)
                                                         S[22] (net)
                      0.044082    0.000471    1.704053 v S[22] (out)
                                              1.704053   data arrival time

                      0.000000    0.000000    0.000000   clock __VIRTUAL_CLK__ (rise edge)
                                  0.000000    0.000000   clock network delay (ideal)
                                  0.250000    0.250000   clock uncertainty
                                  0.000000    0.250000   clock reconvergence pessimism
                                 -0.800000   -0.550000   output external delay
                                             -0.550000   data required time
---------------------------------------------------------------------------------------------
                                             -0.550000   data required time
                                             -1.704053   data arrival time
---------------------------------------------------------------------------------------------
                                              2.254053   slack (MET)



