
===========================================================================
report_checks -unconstrained
===========================================================================
======================= nom_ff_n40C_1v95 Corner ===================================

Startpoint: sub (input port clocked by __VIRTUAL_CLK__)
Endpoint: S[21] (output port clocked by __VIRTUAL_CLK__)
Path Group: __VIRTUAL_CLK__
Path Type: max

Fanout         Cap        Slew       Delay        Time   Description
---------------------------------------------------------------------------------------------
                      0.000000    0.000000    0.000000   clock __VIRTUAL_CLK__ (rise edge)
                                  0.000000    0.000000   clock network delay (ideal)
                                  0.800000    0.800000 v input external delay
     1    0.007513    0.012298    0.007450    0.807450 v sub (in)
                                                         sub (net)
                      0.012304    0.000000    0.807450 v input65/A (sky130_fd_sc_hd__buf_8)
     4    0.027935    0.026540    0.082064    0.889514 v input65/X (sky130_fd_sc_hd__buf_8)
                                                         net65 (net)
                      0.026566    0.000777    0.890291 v fanout121/A (sky130_fd_sc_hd__buf_8)
     7    0.039759    0.033057    0.093368    0.983660 v fanout121/X (sky130_fd_sc_hd__buf_8)
                                                         net121 (net)
                      0.033478    0.003130    0.986789 v fanout112/A (sky130_fd_sc_hd__buf_6)
     5    0.034693    0.032329    0.096325    1.083114 v fanout112/X (sky130_fd_sc_hd__buf_6)
                                                         net112 (net)
                      0.032336    0.000545    1.083659 v load_slew113/A (sky130_fd_sc_hd__buf_6)
     6    0.037475    0.033844    0.097207    1.180866 v load_slew113/X (sky130_fd_sc_hd__buf_6)
                                                         net113 (net)
                      0.033849    0.000492    1.181358 v _369_/A (sky130_fd_sc_hd__nor2_2)
     3    0.021007    0.175585    0.168015    1.349374 ^ _369_/Y (sky130_fd_sc_hd__nor2_2)
                                                         _098_ (net)
                      0.175587    0.000564    1.349938 ^ _371_/A2 (sky130_fd_sc_hd__o21bai_4)
     4    0.030386    0.071397    0.077016    1.426953 v _371_/Y (sky130_fd_sc_hd__o21bai_4)
                                                         _100_ (net)
                      0.071411    0.000879    1.427832 v _376_/C (sky130_fd_sc_hd__nand4b_4)
     2    0.012837    0.073639    0.095041    1.522873 ^ _376_/Y (sky130_fd_sc_hd__nand4b_4)
                                                         _105_ (net)
                      0.073639    0.000411    1.523283 ^ _377_/A (sky130_fd_sc_hd__nor2_4)
     3    0.018721    0.050539    0.039304    1.562588 v _377_/Y (sky130_fd_sc_hd__nor2_4)
                                                         _106_ (net)
                      0.050546    0.000480    1.563068 v _410_/B (sky130_fd_sc_hd__nand4_4)
     3    0.020217    0.088113    0.090223    1.653290 ^ _410_/Y (sky130_fd_sc_hd__nand4_4)
                                                         _139_ (net)
                      0.088114    0.000621    1.653911 ^ _415_/C (sky130_fd_sc_hd__nand3_4)
     3    0.016514    0.067176    0.063204    1.717116 v _415_/Y (sky130_fd_sc_hd__nand3_4)
                                                         _144_ (net)
                      0.067188    0.000765    1.717880 v _424_/B1 (sky130_fd_sc_hd__o22ai_4)
     4    0.031419    0.193631    0.190523    1.908404 ^ _424_/Y (sky130_fd_sc_hd__o22ai_4)
                                                         _153_ (net)
                      0.193638    0.000935    1.909338 ^ _470_/B1 (sky130_fd_sc_hd__o22ai_4)
     5    0.022196    0.069116    0.066643    1.975981 v _470_/Y (sky130_fd_sc_hd__o22ai_4)
                                                         _195_ (net)
                      0.069127    0.000669    1.976650 v max_cap99/A (sky130_fd_sc_hd__buf_6)
     3    0.027826    0.028860    0.108553    2.085204 v max_cap99/X (sky130_fd_sc_hd__buf_6)
                                                         net99 (net)
                      0.028863    0.000460    2.085664 v _480_/A1 (sky130_fd_sc_hd__a211o_4)
     1    0.009285    0.040834    0.214432    2.300096 v _480_/X (sky130_fd_sc_hd__a211o_4)
                                                         _204_ (net)
                      0.040914    0.000308    2.300404 v _482_/B (sky130_fd_sc_hd__nand2_4)
     1    0.009444    0.038233    0.054596    2.355000 ^ _482_/Y (sky130_fd_sc_hd__nand2_4)
                                                         net79 (net)
                      0.038234    0.000378    2.355378 ^ output79/A (sky130_fd_sc_hd__buf_8)
     1    0.035403    0.050596    0.085056    2.440434 ^ output79/X (sky130_fd_sc_hd__buf_8)
                                                         S[21] (net)
                      0.050651    0.001097    2.441530 ^ S[21] (out)
                                              2.441530   data arrival time

                      0.000000    4.000000    4.000000   clock __VIRTUAL_CLK__ (rise edge)
                                  0.000000    4.000000   clock network delay (ideal)
                                 -0.250000    3.750000   clock uncertainty
                                  0.000000    3.750000   clock reconvergence pessimism
                                 -0.800000    2.950000   output external delay
                                              2.950000   data required time
---------------------------------------------------------------------------------------------
                                              2.950000   data required time
                                             -2.441530   data arrival time
---------------------------------------------------------------------------------------------
                                              0.508470   slack (MET)




===========================================================================
report_checks --slack_max -0.01
============================================================================
======================= nom_ff_n40C_1v95 Corner ===================================

No paths found.


===========================================================================
 report_check_types -max_slew -max_cap -max_fanout -violators
============================================================================
======================= nom_ff_n40C_1v95 Corner ===================================



===========================================================================
report_parasitic_annotation -report_unannotated
============================================================================
Found 0 unannotated drivers.
Found 0 partially unannotated drivers.

===========================================================================
max slew violation count 0
max fanout violation count 0
max cap violation count 0
============================================================================

===========================================================================
check_setup -verbose -unconstrained_endpoints -multiple_clock -no_clock -no_input_delay -loops -generated_clocks
===========================================================================
