
===========================================================================
Violator List
============================================================================
[setup in-out] sub -> S[25] : -2.526382
[setup in-out] sub -> S[24] : -2.452620
[setup in-out] sub -> carryOut : -2.445967
[setup in-out] sub -> S[31] : -2.422919
[setup in-out] sub -> S[27] : -2.345814
[setup in-out] sub -> S[21] : -2.343428
[setup in-out] sub -> S[23] : -2.337010
[setup in-out] sub -> S[30] : -2.334574
[setup in-out] sub -> S[22] : -2.313950
[setup in-out] sub -> S[26] : -2.295750
[setup in-out] sub -> S[29] : -2.291287
[setup in-out] sub -> S[18] : -2.255725
[setup in-out] sub -> S[15] : -2.218675
[setup in-out] sub -> S[20] : -2.192486
[setup in-out] sub -> S[14] : -2.182206
[setup in-out] sub -> S[28] : -2.162289
[setup in-out] sub -> S[19] : -2.159504
[setup in-out] sub -> S[17] : -2.108560
[setup in-out] sub -> S[16] : -2.009123
[setup in-out] sub -> S[13] : -1.881549
[setup in-out] sub -> S[11] : -1.853880
[setup in-out] sub -> S[12] : -1.814299
[setup in-out] sub -> S[7] : -1.784856
[setup in-out] sub -> S[10] : -1.732817
[setup in-out] sub -> S[9] : -1.699335
[setup in-out] sub -> S[6] : -1.672069
[setup in-out] sub -> S[5] : -1.563401
[setup in-out] sub -> S[8] : -1.511946
[setup in-out] sub -> S[4] : -1.299162
[setup in-out] sub -> S[3] : -1.246437
[setup in-out] sub -> S[2] : -1.215504
[setup in-out] sub -> S[1] : -0.926224
[setup in-out] sub -> S[0] : -0.884631
Writing metric timing__hold_vio__count__corner:nom_tt_025C_1v80: 0
Writing metric timing__hold_r2r__ws__corner:nom_tt_025C_1v80: 1e30
Writing metric timing__hold_r2r_vio__count__corner:nom_tt_025C_1v80: 0
Writing metric timing__setup_vio__count__corner:nom_tt_025C_1v80: 33
Writing metric timing__setup_r2r__ws__corner:nom_tt_025C_1v80: 1e30
Writing metric timing__setup_r2r_vio__count__corner:nom_tt_025C_1v80: 0
