
===========================================================================
Violator List
============================================================================
[setup in-out] sub -> S[23] : -2.575454
[setup in-out] sub -> S[24] : -2.516887
[setup in-out] sub -> S[15] : -2.505812
[setup in-out] sub -> S[20] : -2.504097
[setup in-out] sub -> S[26] : -2.487647
[setup in-out] sub -> S[22] : -2.476936
[setup in-out] sub -> S[21] : -2.475347
[setup in-out] sub -> S[17] : -2.458767
[setup in-out] sub -> S[31] : -2.435362
[setup in-out] sub -> S[27] : -2.433699
[setup in-out] sub -> S[28] : -2.366754
[setup in-out] sub -> S[30] : -2.365485
[setup in-out] sub -> S[25] : -2.356925
[setup in-out] sub -> S[14] : -2.319817
[setup in-out] sub -> S[13] : -2.309544
[setup in-out] sub -> S[7] : -2.306693
[setup in-out] sub -> S[16] : -2.271354
[setup in-out] sub -> S[19] : -2.266604
[setup in-out] sub -> S[29] : -2.212528
[setup in-out] sub -> carryOut : -2.198459
[setup in-out] sub -> S[18] : -2.181888
[setup in-out] sub -> S[11] : -2.144181
[setup in-out] sub -> S[12] : -2.099922
[setup in-out] sub -> S[9] : -2.011261
[setup in-out] sub -> S[8] : -1.981697
[setup in-out] sub -> S[6] : -1.941358
[setup in-out] sub -> S[10] : -1.830305
[setup in-out] sub -> S[5] : -1.678588
[setup in-out] sub -> S[3] : -1.640001
[setup in-out] sub -> S[2] : -1.553304
[setup in-out] sub -> S[4] : -1.364390
[setup in-out] sub -> S[1] : -0.107991
