
===========================================================================
report_checks -unconstrained
===========================================================================
======================= max_tt_025C_1v80 Corner ===================================

Startpoint: sub (input port clocked by __VIRTUAL_CLK__)
Endpoint: S[22] (output port clocked by __VIRTUAL_CLK__)
Path Group: __VIRTUAL_CLK__
Path Type: max

Fanout         Cap        Slew       Delay        Time   Description
---------------------------------------------------------------------------------------------
                      0.000000    0.000000    0.000000   clock __VIRTUAL_CLK__ (rise edge)
                                  0.000000    0.000000   clock network delay (ideal)
                                  0.800000    0.800000 ^ input external delay
     1    0.008953    0.046790    0.032316    0.832316 ^ sub (in)
                                                         sub (net)
                      0.046796    0.000000    0.832316 ^ input65/A (sky130_fd_sc_hd__buf_8)
     4    0.034144    0.065685    0.120960    0.953276 ^ input65/X (sky130_fd_sc_hd__buf_8)
                                                         net65 (net)
                      0.065871    0.002625    0.955901 ^ fanout121/A (sky130_fd_sc_hd__buf_8)
     5    0.033291    0.064499    0.126379    1.082281 ^ fanout121/X (sky130_fd_sc_hd__buf_8)
                                                         net121 (net)
                      0.064680    0.002877    1.085158 ^ fanout113/A (sky130_fd_sc_hd__buf_8)
     2    0.011417    0.032707    0.101098    1.186255 ^ fanout113/X (sky130_fd_sc_hd__buf_8)
                                                         net113 (net)
                      0.032717    0.000924    1.187180 ^ load_slew115/A (sky130_fd_sc_hd__buf_8)
     3    0.018194    0.042022    0.097403    1.284583 ^ load_slew115/X (sky130_fd_sc_hd__buf_8)
                                                         net115 (net)
                      0.042032    0.000656    1.285239 ^ load_slew114/A (sky130_fd_sc_hd__buf_8)
     3    0.047426    0.085891    0.133964    1.419203 ^ load_slew114/X (sky130_fd_sc_hd__buf_8)
                                                         net114 (net)
                      0.086203    0.004416    1.423619 ^ _652_/A (sky130_fd_sc_hd__inv_16)
     8    0.071326    0.042224    0.057799    1.481418 v _652_/Y (sky130_fd_sc_hd__inv_16)
                                                         _348_ (net)
                      0.042488    0.002784    1.484202 v _720_/A1 (sky130_fd_sc_hd__a21oi_4)
     1    0.009400    0.126669    0.138426    1.622628 ^ _720_/Y (sky130_fd_sc_hd__a21oi_4)
                                                         _067_ (net)
                      0.126669    0.000479    1.623107 ^ _721_/B1 (sky130_fd_sc_hd__o21ai_4)
     4    0.018649    0.088002    0.099140    1.722247 v _721_/Y (sky130_fd_sc_hd__o21ai_4)
                                                         _068_ (net)
                      0.088018    0.000972    1.723219 v _413_/A2 (sky130_fd_sc_hd__a31o_2)
     1    0.008900    0.051960    0.277146    2.000365 v _413_/X (sky130_fd_sc_hd__a31o_2)
                                                         _142_ (net)
                      0.051969    0.000718    2.001083 v _414_/B1 (sky130_fd_sc_hd__a21oi_4)
     3    0.023977    0.207653    0.204695    2.205778 ^ _414_/Y (sky130_fd_sc_hd__a21oi_4)
                                                         _143_ (net)
                      0.207688    0.002188    2.207966 ^ _415_/A (sky130_fd_sc_hd__nand3_4)
     3    0.019648    0.105823    0.134255    2.342221 v _415_/Y (sky130_fd_sc_hd__nand3_4)
                                                         _144_ (net)
                      0.105904    0.001997    2.344218 v _424_/B1 (sky130_fd_sc_hd__o22ai_4)
     4    0.025422    0.252885    0.245992    2.590210 ^ _424_/Y (sky130_fd_sc_hd__o22ai_4)
                                                         _153_ (net)
                      0.252940    0.002940    2.593150 ^ _470_/B1 (sky130_fd_sc_hd__o22ai_4)
     7    0.032353    0.121372    0.175874    2.769024 v _470_/Y (sky130_fd_sc_hd__o22ai_4)
                                                         _195_ (net)
                      0.121387    0.002549    2.771573 v rebuffer127/A (sky130_fd_sc_hd__buf_2)
     1    0.002673    0.023170    0.154871    2.926444 v rebuffer127/X (sky130_fd_sc_hd__buf_2)
                                                         net127 (net)
                      0.023170    0.000129    2.926574 v _495_/A1 (sky130_fd_sc_hd__a211o_2)
     1    0.009768    0.066655    0.322332    3.248906 v _495_/X (sky130_fd_sc_hd__a211o_2)
                                                         _218_ (net)
                      0.066663    0.000796    3.249702 v _497_/B (sky130_fd_sc_hd__nand2_4)
     1    0.007894    0.046860    0.078394    3.328095 ^ _497_/Y (sky130_fd_sc_hd__nand2_4)
                                                         net80 (net)
                      0.046863    0.000638    3.328733 ^ output80/A (sky130_fd_sc_hd__buf_8)
     1    0.035333    0.067454    0.122625    3.451358 ^ output80/X (sky130_fd_sc_hd__buf_8)
                                                         S[22] (net)
                      0.067573    0.002043    3.453401 ^ S[22] (out)
                                              3.453401   data arrival time

                      0.000000    4.000000    4.000000   clock __VIRTUAL_CLK__ (rise edge)
                                  0.000000    4.000000   clock network delay (ideal)
                                 -0.250000    3.750000   clock uncertainty
                                  0.000000    3.750000   clock reconvergence pessimism
                                 -0.800000    2.950000   output external delay
                                              2.950000   data required time
---------------------------------------------------------------------------------------------
                                              2.950000   data required time
                                             -3.453401   data arrival time
---------------------------------------------------------------------------------------------
                                             -0.503402   slack (VIOLATED)




===========================================================================
report_checks --slack_max -0.01
============================================================================
======================= max_tt_025C_1v80 Corner ===================================

Startpoint: sub (input port clocked by __VIRTUAL_CLK__)
Endpoint: S[22] (output port clocked by __VIRTUAL_CLK__)
Path Group: __VIRTUAL_CLK__
Path Type: max

Fanout         Cap        Slew       Delay        Time   Description
---------------------------------------------------------------------------------------------
                      0.000000    0.000000    0.000000   clock __VIRTUAL_CLK__ (rise edge)
                                  0.000000    0.000000   clock network delay (ideal)
                                  0.800000    0.800000 ^ input external delay
     1    0.008953    0.046790    0.032316    0.832316 ^ sub (in)
                                                         sub (net)
                      0.046796    0.000000    0.832316 ^ input65/A (sky130_fd_sc_hd__buf_8)
     4    0.034144    0.065685    0.120960    0.953276 ^ input65/X (sky130_fd_sc_hd__buf_8)
                                                         net65 (net)
                      0.065871    0.002625    0.955901 ^ fanout121/A (sky130_fd_sc_hd__buf_8)
     5    0.033291    0.064499    0.126379    1.082281 ^ fanout121/X (sky130_fd_sc_hd__buf_8)
                                                         net121 (net)
                      0.064680    0.002877    1.085158 ^ fanout113/A (sky130_fd_sc_hd__buf_8)
     2    0.011417    0.032707    0.101098    1.186255 ^ fanout113/X (sky130_fd_sc_hd__buf_8)
                                                         net113 (net)
                      0.032717    0.000924    1.187180 ^ load_slew115/A (sky130_fd_sc_hd__buf_8)
     3    0.018194    0.042022    0.097403    1.284583 ^ load_slew115/X (sky130_fd_sc_hd__buf_8)
                                                         net115 (net)
                      0.042032    0.000656    1.285239 ^ load_slew114/A (sky130_fd_sc_hd__buf_8)
     3    0.047426    0.085891    0.133964    1.419203 ^ load_slew114/X (sky130_fd_sc_hd__buf_8)
                                                         net114 (net)
                      0.086203    0.004416    1.423619 ^ _652_/A (sky130_fd_sc_hd__inv_16)
     8    0.071326    0.042224    0.057799    1.481418 v _652_/Y (sky130_fd_sc_hd__inv_16)
                                                         _348_ (net)
                      0.042488    0.002784    1.484202 v _720_/A1 (sky130_fd_sc_hd__a21oi_4)
     1    0.009400    0.126669    0.138426    1.622628 ^ _720_/Y (sky130_fd_sc_hd__a21oi_4)
                                                         _067_ (net)
                      0.126669    0.000479    1.623107 ^ _721_/B1 (sky130_fd_sc_hd__o21ai_4)
     4    0.018649    0.088002    0.099140    1.722247 v _721_/Y (sky130_fd_sc_hd__o21ai_4)
                                                         _068_ (net)
                      0.088018    0.000972    1.723219 v _413_/A2 (sky130_fd_sc_hd__a31o_2)
     1    0.008900    0.051960    0.277146    2.000365 v _413_/X (sky130_fd_sc_hd__a31o_2)
                                                         _142_ (net)
                      0.051969    0.000718    2.001083 v _414_/B1 (sky130_fd_sc_hd__a21oi_4)
     3    0.023977    0.207653    0.204695    2.205778 ^ _414_/Y (sky130_fd_sc_hd__a21oi_4)
                                                         _143_ (net)
                      0.207688    0.002188    2.207966 ^ _415_/A (sky130_fd_sc_hd__nand3_4)
     3    0.019648    0.105823    0.134255    2.342221 v _415_/Y (sky130_fd_sc_hd__nand3_4)
                                                         _144_ (net)
                      0.105904    0.001997    2.344218 v _424_/B1 (sky130_fd_sc_hd__o22ai_4)
     4    0.025422    0.252885    0.245992    2.590210 ^ _424_/Y (sky130_fd_sc_hd__o22ai_4)
                                                         _153_ (net)
                      0.252940    0.002940    2.593150 ^ _470_/B1 (sky130_fd_sc_hd__o22ai_4)
     7    0.032353    0.121372    0.175874    2.769024 v _470_/Y (sky130_fd_sc_hd__o22ai_4)
                                                         _195_ (net)
                      0.121387    0.002549    2.771573 v rebuffer127/A (sky130_fd_sc_hd__buf_2)
     1    0.002673    0.023170    0.154871    2.926444 v rebuffer127/X (sky130_fd_sc_hd__buf_2)
                                                         net127 (net)
                      0.023170    0.000129    2.926574 v _495_/A1 (sky130_fd_sc_hd__a211o_2)
     1    0.009768    0.066655    0.322332    3.248906 v _495_/X (sky130_fd_sc_hd__a211o_2)
                                                         _218_ (net)
                      0.066663    0.000796    3.249702 v _497_/B (sky130_fd_sc_hd__nand2_4)
     1    0.007894    0.046860    0.078394    3.328095 ^ _497_/Y (sky130_fd_sc_hd__nand2_4)
                                                         net80 (net)
                      0.046863    0.000638    3.328733 ^ output80/A (sky130_fd_sc_hd__buf_8)
     1    0.035333    0.067454    0.122625    3.451358 ^ output80/X (sky130_fd_sc_hd__buf_8)
                                                         S[22] (net)
                      0.067573    0.002043    3.453401 ^ S[22] (out)
                                              3.453401   data arrival time

                      0.000000    4.000000    4.000000   clock __VIRTUAL_CLK__ (rise edge)
                                  0.000000    4.000000   clock network delay (ideal)
                                 -0.250000    3.750000   clock uncertainty
                                  0.000000    3.750000   clock reconvergence pessimism
                                 -0.800000    2.950000   output external delay
                                              2.950000   data required time
---------------------------------------------------------------------------------------------
                                              2.950000   data required time
                                             -3.453401   data arrival time
---------------------------------------------------------------------------------------------
                                             -0.503402   slack (VIOLATED)




===========================================================================
 report_check_types -max_slew -max_cap -max_fanout -violators
============================================================================
======================= max_tt_025C_1v80 Corner ===================================



===========================================================================
report_parasitic_annotation -report_unannotated
============================================================================
Found 0 unannotated drivers.
Found 0 partially unannotated drivers.

===========================================================================
max slew violation count 0
max fanout violation count 0
max cap violation count 0
============================================================================

===========================================================================
check_setup -verbose -unconstrained_endpoints -multiple_clock -no_clock -no_input_delay -loops -generated_clocks
===========================================================================
