Reading timing models for corner nom_tt_025C_1v80…
Reading timing library for the 'nom_tt_025C_1v80' corner at '/home/admin/.ciel/ciel/sky130/versions/8afc8346a57fe1ab7934ba5a6056ea8b43078e71/sky130A/libs.ref/sky130_fd_sc_hd/lib/sky130_fd_sc_hd__tt_025C_1v80.lib'…
Reading OpenROAD database at '/home/admin/Documents/Projekty/Hobby/Nauka/RISC-5/.v/DDCA/code/exercises/ALUDesignIverilog/ALU/systemIverilog/build/runs/RUN_2026-09-29_09-39-40/41-openroad-repairantennas/1-openroad-diodeinsertion/addsub32.odb'…
Reading design constraints file at '/nix/store/33pw6r3szpqrlxwi0ri36rfq68whzq26-python3-3.13.9-env/lib/python3.13/site-packages/librelane/scripts/base.sdc'…
[WARNING STA-0366] port '__VIRTUAL_CLK__' not found.
[INFO] Using clock __VIRTUAL_CLK__…
[INFO] Setting output delay to: 0.9
[INFO] Setting input delay to: 0.9
[WARNING STA-0366] port '__VIRTUAL_CLK__' not found.
[INFO] Setting load to: 0.033442
[INFO] Setting clock uncertainty to: 0.25
[INFO] Setting clock transition to: 0.1499999999999999944488848768742172978818416595458984375
[WARNING STA-0419] transition time can not be specified for virtual clocks.
[INFO] Setting timing derate to: 5.0%
[WARNING STA-0450] virtual clock __VIRTUAL_CLK__ can not be propagated.
[INFO ORD-0030] Using 8 thread(s).
+ detailed_route -droute_end_iter 64 -or_seed 42 -verbose 1 -output_drc /home/admin/Documents/Projekty/Hobby/Nauka/RISC-5/.v/DDCA/code/exercises/ALUDesignIverilog/ALU/systemIverilog/build/runs/RUN_2026-09-29_09-39-40/43-openroad-detailedrouting/drt-run-0/addsub32.drc
[INFO DRT-0149] Reading tech and libs.
[WARNING DRT-0349] LEF58_ENCLOSURE with no CUTCLASS is not supported. Skipping for layer mcon
[WARNING DRT-0349] LEF58_ENCLOSURE with no CUTCLASS is not supported. Skipping for layer mcon
[WARNING DRT-0349] LEF58_ENCLOSURE with no CUTCLASS is not supported. Skipping for layer via
[WARNING DRT-0349] LEF58_ENCLOSURE with no CUTCLASS is not supported. Skipping for layer via
[WARNING DRT-0349] LEF58_ENCLOSURE with no CUTCLASS is not supported. Skipping for layer via2
[WARNING DRT-0349] LEF58_ENCLOSURE with no CUTCLASS is not supported. Skipping for layer via2
[WARNING DRT-0349] LEF58_ENCLOSURE with no CUTCLASS is not supported. Skipping for layer via3
[WARNING DRT-0349] LEF58_ENCLOSURE with no CUTCLASS is not supported. Skipping for layer via3
[WARNING DRT-0349] LEF58_ENCLOSURE with no CUTCLASS is not supported. Skipping for layer via4
[WARNING DRT-0349] LEF58_ENCLOSURE with no CUTCLASS is not supported. Skipping for layer via4

Units:                1000
Number of layers:     13
Number of macros:     445
Number of vias:       28
Number of viarulegen: 25

[INFO DRT-0150] Reading design.

Design:                   addsub32
Die area:                 ( 0 0 ) ( 109925 120645 )
Number of track patterns: 12
Number of DEF vias:       0
Number of components:     736
Number of terminals:      100
Number of snets:          2
Number of nets:           596

[INFO DRT-0167] List of default vias:
  Layer via
    default via: M1M2_PR
  Layer via2
    default via: M2M3_PR
  Layer via3
    default via: M3M4_PR
  Layer via4
    default via: M4M5_PR
[INFO DRT-0162] Library cell analysis.
[INFO DRT-0163] Instance analysis.
[INFO DRT-0164] Number of unique instances = 199.
[INFO DRT-0168] Init region query.
[INFO DRT-0024]   Complete FR_MASTERSLICE.
[INFO DRT-0024]   Complete licon.
[INFO DRT-0024]   Complete li1.
[INFO DRT-0024]   Complete mcon.
[INFO DRT-0024]   Complete met1.
[INFO DRT-0024]   Complete via.
[INFO DRT-0024]   Complete met2.
[INFO DRT-0024]   Complete via2.
[INFO DRT-0024]   Complete met3.
[INFO DRT-0024]   Complete via3.
[INFO DRT-0024]   Complete met4.
[INFO DRT-0024]   Complete via4.
[INFO DRT-0024]   Complete met5.
[INFO DRT-0033] FR_MASTERSLICE shape region query size = 0.
[INFO DRT-0033] licon shape region query size = 0.
[INFO DRT-0033] li1 shape region query size = 15663.
[INFO DRT-0033] mcon shape region query size = 0.
[INFO DRT-0033] met1 shape region query size = 1671.
[INFO DRT-0033] via shape region query size = 185.
[INFO DRT-0033] met2 shape region query size = 153.
[INFO DRT-0033] via2 shape region query size = 148.
[INFO DRT-0033] met3 shape region query size = 167.
[INFO DRT-0033] via3 shape region query size = 148.
[INFO DRT-0033] met4 shape region query size = 41.
[INFO DRT-0033] via4 shape region query size = 0.
[INFO DRT-0033] met5 shape region query size = 0.
[INFO DRT-0165] Start pin access.
[INFO DRT-0076]   Complete 1000 pins.
[INFO DRT-0078]   Complete 1514 pins.
[INFO DRT-0079]   Complete 100 unique inst patterns.
[INFO DRT-0081]   Complete 199 unique inst patterns.
[INFO DRT-0084]   Complete 328 groups.
#scanned instances     = 736
#unique  instances     = 199
#stdCellGenAp          = 5277
#stdCellValidPlanarAp  = 30
#stdCellValidViaAp     = 4014
#stdCellPinNoAp        = 0
#stdCellPinCnt         = 1733
#instTermValidViaApCnt = 0
#macroGenAp            = 0
#macroValidPlanarAp    = 0
#macroValidViaAp       = 0
#macroNoAp             = 0
[INFO DRT-0166] Complete pin access.
[INFO DRT-0267] cpu time = 00:01:24, elapsed time = 00:00:12, memory = 133.65 (MB), peak = 132.99 (MB)

[INFO DRT-0157] Number of guides:     3655

[INFO DRT-0169] Post process guides.
[INFO DRT-0176] GCELLGRID X 0 DO 15 STEP 6900 ;
[INFO DRT-0177] GCELLGRID Y 0 DO 17 STEP 6900 ;
[INFO DRT-0028]   Complete FR_MASTERSLICE.
[INFO DRT-0028]   Complete licon.
[INFO DRT-0028]   Complete li1.
[INFO DRT-0028]   Complete mcon.
[INFO DRT-0028]   Complete met1.
[INFO DRT-0028]   Complete via.
[INFO DRT-0028]   Complete met2.
[INFO DRT-0028]   Complete via2.
[INFO DRT-0028]   Complete met3.
[INFO DRT-0028]   Complete via3.
[INFO DRT-0028]   Complete met4.
[INFO DRT-0028]   Complete via4.
[INFO DRT-0028]   Complete met5.
[INFO DRT-0178] Init guide query.
[INFO DRT-0035]   Complete FR_MASTERSLICE (guide).
[INFO DRT-0035]   Complete licon (guide).
[INFO DRT-0035]   Complete li1 (guide).
[INFO DRT-0035]   Complete mcon (guide).
[INFO DRT-0035]   Complete met1 (guide).
[INFO DRT-0035]   Complete via (guide).
[INFO DRT-0035]   Complete met2 (guide).
[INFO DRT-0035]   Complete via2 (guide).
[INFO DRT-0035]   Complete met3 (guide).
[INFO DRT-0035]   Complete via3 (guide).
[INFO DRT-0035]   Complete met4 (guide).
[INFO DRT-0035]   Complete via4 (guide).
[INFO DRT-0035]   Complete met5 (guide).
[INFO DRT-0036] FR_MASTERSLICE guide region query size = 0.
[INFO DRT-0036] licon guide region query size = 0.
[INFO DRT-0036] li1 guide region query size = 1340.
[INFO DRT-0036] mcon guide region query size = 0.
[INFO DRT-0036] met1 guide region query size = 1110.
[INFO DRT-0036] via guide region query size = 0.
[INFO DRT-0036] met2 guide region query size = 547.
[INFO DRT-0036] via2 guide region query size = 0.
[INFO DRT-0036] met3 guide region query size = 58.
[INFO DRT-0036] via3 guide region query size = 0.
[INFO DRT-0036] met4 guide region query size = 1.
[INFO DRT-0036] via4 guide region query size = 0.
[INFO DRT-0036] met5 guide region query size = 0.
[INFO DRT-0179] Init gr pin query.
[INFO DRT-0267] cpu time = 00:00:00, elapsed time = 00:00:00, memory = 134.99 (MB), peak = 134.11 (MB)
[INFO DRT-0245] skipped writing guide updates to database.
[INFO DRT-0185] Post process initialize RPin region query.
[INFO DRT-0181] Start track assignment.
[INFO DRT-0184] Done with 1888 vertical wires in 1 frboxes and 1168 horizontal wires in 1 frboxes.
[INFO DRT-0186] Done with 159 vertical wires in 1 frboxes and 259 horizontal wires in 1 frboxes.
[INFO DRT-0182] Complete track assignment.
[INFO DRT-0267] cpu time = 00:00:01, elapsed time = 00:00:00, memory = 141.38 (MB), peak = 140.49 (MB)
[INFO DRT-0187] Start routing data preparation.
[INFO DRT-0267] cpu time = 00:00:00, elapsed time = 00:00:00, memory = 141.59 (MB), peak = 140.74 (MB)
[INFO DRT-0194] Start detail routing.
[INFO DRT-0195] Start 0th optimization iteration.
    Completing 10% with 0 violations.
    elapsed time = 00:00:00, memory = 157.19 (MB).
    Completing 20% with 0 violations.
    elapsed time = 00:00:00, memory = 159.54 (MB).
    Completing 30% with 0 violations.
    elapsed time = 00:00:00, memory = 159.70 (MB).
    Completing 40% with 0 violations.
    elapsed time = 00:00:00, memory = 153.38 (MB).
    Completing 50% with 18 violations.
    elapsed time = 00:00:00, memory = 169.81 (MB).
    Completing 60% with 18 violations.
    elapsed time = 00:00:01, memory = 160.95 (MB).
    Completing 70% with 33 violations.
    elapsed time = 00:00:01, memory = 175.75 (MB).
    Completing 80% with 33 violations.
    elapsed time = 00:00:01, memory = 177.28 (MB).
    Completing 100% with 52 violations.
    elapsed time = 00:00:02, memory = 177.34 (MB).
[INFO DRT-0199]   Number of violations = 73.
Viol/Layer        mcon   met1   met2
Cut Spacing          1      0      0
Metal Spacing        0     20      5
Recheck              0     16      5
Short                0     22      4
[INFO DRT-0267] cpu time = 00:00:08, elapsed time = 00:00:02, memory = 533.36 (MB), peak = 532.46 (MB)
Total wire length = 9587 um.
Total wire length on LAYER li1 = 0 um.
Total wire length on LAYER met1 = 4520 um.
Total wire length on LAYER met2 = 4618 um.
Total wire length on LAYER met3 = 429 um.
Total wire length on LAYER met4 = 18 um.
Total wire length on LAYER met5 = 0 um.
Total number of vias = 3492.
Up-via summary (total 3492):

-----------------------
 FR_MASTERSLICE       0
            li1    1756
           met1    1676
           met2      58
           met3       2
           met4       0
-----------------------
               3492


[INFO DRT-0195] Start 1st optimization iteration.
    Completing 10% with 73 violations.
    elapsed time = 00:00:00, memory = 552.59 (MB).
    Completing 20% with 73 violations.
    elapsed time = 00:00:00, memory = 552.60 (MB).
    Completing 30% with 73 violations.
    elapsed time = 00:00:00, memory = 553.88 (MB).
    Completing 40% with 73 violations.
    elapsed time = 00:00:00, memory = 553.88 (MB).
    Completing 50% with 59 violations.
    elapsed time = 00:00:00, memory = 569.71 (MB).
    Completing 60% with 59 violations.
    elapsed time = 00:00:00, memory = 572.04 (MB).
    Completing 70% with 43 violations.
    elapsed time = 00:00:01, memory = 572.54 (MB).
    Completing 80% with 43 violations.
    elapsed time = 00:00:01, memory = 572.54 (MB).
    Completing 100% with 6 violations.
    elapsed time = 00:00:01, memory = 572.90 (MB).
[INFO DRT-0199]   Number of violations = 6.
Viol/Layer        met1   met2
Metal Spacing        2      1
Short                3      0
[INFO DRT-0267] cpu time = 00:00:07, elapsed time = 00:00:01, memory = 572.93 (MB), peak = 572.08 (MB)
Total wire length = 9461 um.
Total wire length on LAYER li1 = 0 um.
Total wire length on LAYER met1 = 4462 um.
Total wire length on LAYER met2 = 4543 um.
Total wire length on LAYER met3 = 437 um.
Total wire length on LAYER met4 = 18 um.
Total wire length on LAYER met5 = 0 um.
Total number of vias = 3454.
Up-via summary (total 3454):

-----------------------
 FR_MASTERSLICE       0
            li1    1755
           met1    1639
           met2      58
           met3       2
           met4       0
-----------------------
               3454


[INFO DRT-0195] Start 2nd optimization iteration.
    Completing 10% with 6 violations.
    elapsed time = 00:00:00, memory = 572.93 (MB).
    Completing 20% with 6 violations.
    elapsed time = 00:00:00, memory = 572.93 (MB).
    Completing 30% with 6 violations.
    elapsed time = 00:00:00, memory = 572.93 (MB).
    Completing 40% with 6 violations.
    elapsed time = 00:00:00, memory = 572.93 (MB).
    Completing 50% with 6 violations.
    elapsed time = 00:00:00, memory = 572.93 (MB).
    Completing 60% with 6 violations.
    elapsed time = 00:00:00, memory = 572.93 (MB).
    Completing 70% with 6 violations.
    elapsed time = 00:00:00, memory = 572.93 (MB).
    Completing 80% with 6 violations.
    elapsed time = 00:00:00, memory = 572.93 (MB).
    Completing 90% with 1 violations.
    elapsed time = 00:00:00, memory = 572.93 (MB).
    Completing 100% with 1 violations.
    elapsed time = 00:00:00, memory = 572.93 (MB).
[INFO DRT-0199]   Number of violations = 1.
Viol/Layer        met1
Short                1
[INFO DRT-0267] cpu time = 00:00:03, elapsed time = 00:00:00, memory = 572.93 (MB), peak = 586.21 (MB)
Total wire length = 9440 um.
Total wire length on LAYER li1 = 0 um.
Total wire length on LAYER met1 = 4443 um.
Total wire length on LAYER met2 = 4541 um.
Total wire length on LAYER met3 = 437 um.
Total wire length on LAYER met4 = 18 um.
Total wire length on LAYER met5 = 0 um.
Total number of vias = 3448.
Up-via summary (total 3448):

-----------------------
 FR_MASTERSLICE       0
            li1    1754
           met1    1634
           met2      58
           met3       2
           met4       0
-----------------------
               3448


[INFO DRT-0195] Start 3rd guides tiles iteration.
    Completing 100% with 0 violations.
    elapsed time = 00:00:00, memory = 573.06 (MB).
[INFO DRT-0199]   Number of violations = 0.
[INFO DRT-0267] cpu time = 00:00:01, elapsed time = 00:00:00, memory = 573.06 (MB), peak = 586.21 (MB)
Total wire length = 9441 um.
Total wire length on LAYER li1 = 0 um.
Total wire length on LAYER met1 = 4442 um.
Total wire length on LAYER met2 = 4543 um.
Total wire length on LAYER met3 = 437 um.
Total wire length on LAYER met4 = 18 um.
Total wire length on LAYER met5 = 0 um.
Total number of vias = 3453.
Up-via summary (total 3453):

-----------------------
 FR_MASTERSLICE       0
            li1    1754
           met1    1639
           met2      58
           met3       2
           met4       0
-----------------------
               3453


[INFO DRT-0198] Complete detail routing.
Total wire length = 9441 um.
Total wire length on LAYER li1 = 0 um.
Total wire length on LAYER met1 = 4442 um.
Total wire length on LAYER met2 = 4543 um.
Total wire length on LAYER met3 = 437 um.
Total wire length on LAYER met4 = 18 um.
Total wire length on LAYER met5 = 0 um.
Total number of vias = 3453.
Up-via summary (total 3453):

-----------------------
 FR_MASTERSLICE       0
            li1    1754
           met1    1639
           met2      58
           met3       2
           met4       0
-----------------------
               3453


[INFO DRT-0267] cpu time = 00:00:21, elapsed time = 00:00:06, memory = 573.15 (MB), peak = 586.21 (MB)

[INFO DRT-0180] Post processing.
+ check_antennas 
[INFO ANT-0002] Found 0 net violations.
[INFO ANT-0001] Found 0 pin violations.
Setting global connections for newly added cells…
[INFO] Setting global connections...
[INFO ODB-0403] 0 connections made, 0 conflicts skipped.
Updating metrics…
Cell type report:                       Count       Area
  Fill cell                                72     270.26
  Tap cell                                133     166.41
  Timing Repair Buffer                    149    1378.82
  Inverter                                  7      33.78
  Multi-Input combinational cell          375    4175.25
  Total                                   736    6024.53
Writing OpenROAD database to '/home/admin/Documents/Projekty/Hobby/Nauka/RISC-5/.v/DDCA/code/exercises/ALUDesignIverilog/ALU/systemIverilog/build/runs/RUN_2026-09-29_09-39-40/43-openroad-detailedrouting/addsub32.odb'…
Writing netlist to '/home/admin/Documents/Projekty/Hobby/Nauka/RISC-5/.v/DDCA/code/exercises/ALUDesignIverilog/ALU/systemIverilog/build/runs/RUN_2026-09-29_09-39-40/43-openroad-detailedrouting/addsub32.nl.v'…
Writing powered netlist to '/home/admin/Documents/Projekty/Hobby/Nauka/RISC-5/.v/DDCA/code/exercises/ALUDesignIverilog/ALU/systemIverilog/build/runs/RUN_2026-09-29_09-39-40/43-openroad-detailedrouting/addsub32.pnl.v'…
Writing layout to '/home/admin/Documents/Projekty/Hobby/Nauka/RISC-5/.v/DDCA/code/exercises/ALUDesignIverilog/ALU/systemIverilog/build/runs/RUN_2026-09-29_09-39-40/43-openroad-detailedrouting/addsub32.def'…
Writing timing constraints to '/home/admin/Documents/Projekty/Hobby/Nauka/RISC-5/.v/DDCA/code/exercises/ALUDesignIverilog/ALU/systemIverilog/build/runs/RUN_2026-09-29_09-39-40/43-openroad-detailedrouting/addsub32.sdc'…
