
===========================================================================
 report_power
============================================================================
======================= nom_tt_025C_1v80 Corner ===================================

Group                    Internal    Switching      Leakage        Total
                            Power        Power        Power        Power (Watts)
------------------------------------------------------------------------
Sequential           0.000000e+00 0.000000e+00 0.000000e+00 0.000000e+00   0.0%
Combinational        8.554357e-05 8.773175e-05 2.137582e-09 1.732775e-04 100.0%
Clock                0.000000e+00 0.000000e+00 1.814421e-10 1.814421e-10   0.0%
Macro                0.000000e+00 0.000000e+00 0.000000e+00 0.000000e+00   0.0%
Pad                  0.000000e+00 0.000000e+00 0.000000e+00 0.000000e+00   0.0%
------------------------------------------------------------------------
Total                8.554357e-05 8.773175e-05 2.319032e-09 1.732776e-04 100.0%
                            49.4%        50.6%         0.0%
Writing metric power__internal__total: 8.554357191314921e-5
Writing metric power__switching__total: 8.773175068199635e-5
Writing metric power__leakage__total: 2.3190318554355827e-9
Writing metric power__total: 0.00017327764362562448

