
===========================================================================
report_checks -unconstrained
===========================================================================
======================= nom_tt_025C_1v80 Corner ===================================

Startpoint: B[4] (input port clocked by __VIRTUAL_CLK__)
Endpoint: y[25] (output port clocked by __VIRTUAL_CLK__)
Path Group: __VIRTUAL_CLK__
Path Type: max

Fanout         Cap        Slew       Delay        Time   Description
---------------------------------------------------------------------------------------------
                      0.000000    0.000000    0.000000   clock __VIRTUAL_CLK__ (rise edge)
                                  0.000000    0.000000   clock network delay (ideal)
                                  4.000000    4.000000 v input external delay
     1    0.003253    0.009683    0.005439    4.005439 v B[4] (in)
                                                         B[4] (net)
                      0.009683    0.000000    4.005439 v input59/A (sky130_fd_sc_hd__clkdlybuf4s25_1)
     5    0.025313    0.191684    0.370340    4.375780 v input59/X (sky130_fd_sc_hd__clkdlybuf4s25_1)
                                                         net59 (net)
                      0.191684    0.000175    4.375954 v _491_/B (sky130_fd_sc_hd__xnor2_2)
     2    0.007171    0.075737    0.203119    4.579073 v _491_/Y (sky130_fd_sc_hd__xnor2_2)
                                                         _058_ (net)
                      0.075737    0.000015    4.579088 v max_cap106/A (sky130_fd_sc_hd__buf_2)
     6    0.022835    0.064938    0.181636    4.760724 v max_cap106/X (sky130_fd_sc_hd__buf_2)
                                                         net106 (net)
                      0.064938    0.000086    4.760809 v _546_/A (sky130_fd_sc_hd__or4_2)
     2    0.006788    0.118326    0.721846    5.482655 v _546_/X (sky130_fd_sc_hd__or4_2)
                                                         _109_ (net)
                      0.118326    0.000024    5.482679 v _658_/A (sky130_fd_sc_hd__or4_2)
     2    0.005013    0.110598    0.726676    6.209355 v _658_/X (sky130_fd_sc_hd__or4_2)
                                                         _213_ (net)
                      0.110598    0.000009    6.209364 v _660_/B1 (sky130_fd_sc_hd__o221a_2)
     3    0.011380    0.066155    0.314661    6.524024 v _660_/X (sky130_fd_sc_hd__o221a_2)
                                                         _215_ (net)
                      0.066155    0.000115    6.524139 v _688_/A1 (sky130_fd_sc_hd__a21o_2)
     4    0.012632    0.057204    0.233473    6.757613 v _688_/X (sky130_fd_sc_hd__a21o_2)
                                                         _241_ (net)
                      0.057204    0.000010    6.757623 v _778_/A2 (sky130_fd_sc_hd__o41a_2)
     3    0.010530    0.085248    0.525451    7.283074 v _778_/X (sky130_fd_sc_hd__o41a_2)
                                                         _325_ (net)
                      0.085248    0.000088    7.283162 v _789_/B (sky130_fd_sc_hd__or2_2)
     2    0.005515    0.062650    0.310677    7.593840 v _789_/X (sky130_fd_sc_hd__or2_2)
                                                         _335_ (net)
                      0.062650    0.000030    7.593870 v _790_/C (sky130_fd_sc_hd__and3_2)
     2    0.006641    0.048557    0.235410    7.829280 v _790_/X (sky130_fd_sc_hd__and3_2)
                                                         _336_ (net)
                      0.048557    0.000013    7.829293 v _793_/B (sky130_fd_sc_hd__or3_2)
     1    0.004885    0.085707    0.478360    8.307652 v _793_/X (sky130_fd_sc_hd__or3_2)
                                                         _339_ (net)
                      0.085707    0.000014    8.307667 v _795_/B (sky130_fd_sc_hd__nand3_2)
     1    0.004807    0.086455    0.091282    8.398949 ^ _795_/Y (sky130_fd_sc_hd__nand3_2)
                                                         _341_ (net)
                      0.086455    0.000009    8.398957 ^ _797_/B1 (sky130_fd_sc_hd__o211ai_2)
     1    0.002326    0.063772    0.088679    8.487637 v _797_/Y (sky130_fd_sc_hd__o211ai_2)
                                                         net87 (net)
                      0.063772    0.000004    8.487640 v output87/A (sky130_fd_sc_hd__clkdlybuf4s25_1)
     1    0.034355    0.255760    0.444529    8.932169 v output87/X (sky130_fd_sc_hd__clkdlybuf4s25_1)
                                                         y[25] (net)
                      0.255760    0.000163    8.932332 v y[25] (out)
                                              8.932332   data arrival time

                      0.000000   20.000000   20.000000   clock __VIRTUAL_CLK__ (rise edge)
                                  0.000000   20.000000   clock network delay (ideal)
                                 -0.250000   19.750002   clock uncertainty
                                  0.000000   19.750002   clock reconvergence pessimism
                                 -4.000000   15.750001   output external delay
                                             15.750001   data required time
---------------------------------------------------------------------------------------------
                                             15.750001   data required time
                                             -8.932332   data arrival time
---------------------------------------------------------------------------------------------
                                              6.817668   slack (MET)




===========================================================================
report_checks --slack_max -0.01
============================================================================
======================= nom_tt_025C_1v80 Corner ===================================

No paths found.


===========================================================================
 report_check_types -max_slew -max_cap -max_fanout -violators
============================================================================
======================= nom_tt_025C_1v80 Corner ===================================



===========================================================================
report_parasitic_annotation -report_unannotated
============================================================================
Found 2 unannotated drivers.
 statusIn[1]
 statusIn[2]
Found 0 partially unannotated drivers.

===========================================================================
max slew violation count 0
Writing metric design__max_slew_violation__count__corner:nom_tt_025C_1v80: 0
max fanout violation count 0
Writing metric design__max_fanout_violation__count__corner:nom_tt_025C_1v80: 0
max cap violation count 0
Writing metric design__max_cap_violation__count__corner:nom_tt_025C_1v80: 0
============================================================================

===========================================================================
check_setup -verbose -unconstrained_endpoints -multiple_clock -no_clock -no_input_delay -loops -generated_clocks
===========================================================================
