
===========================================================================
Violator List
============================================================================
[setup in-out] sub -> S[21] : -0.443038
[setup in-out] sub -> S[23] : -0.379335
[setup in-out] sub -> S[30] : -0.379317
[setup in-out] sub -> S[28] : -0.365213
[setup in-out] sub -> S[22] : -0.360751
[setup in-out] sub -> S[31] : -0.357708
[setup in-out] sub -> S[10] : -0.337434
[setup in-out] sub -> S[20] : -0.302991
[setup in-out] sub -> S[24] : -0.302576
[setup in-out] sub -> carryOut : -0.279442
[setup in-out] sub -> S[15] : -0.278603
[setup in-out] sub -> S[11] : -0.274182
[setup in-out] sub -> S[26] : -0.270572
[setup in-out] sub -> S[13] : -0.262268
[setup in-out] sub -> S[29] : -0.249307
[setup in-out] sub -> S[25] : -0.247850
[setup in-out] sub -> S[27] : -0.200453
[setup in-out] sub -> S[19] : -0.181715
[setup in-out] sub -> S[17] : -0.178773
[setup in-out] sub -> S[18] : -0.160531
[setup in-out] sub -> S[7] : -0.139922
[setup in-out] sub -> S[9] : -0.131726
[setup in-out] sub -> S[14] : -0.129654
[setup in-out] sub -> S[12] : -0.086293
