
===========================================================================
report_checks -unconstrained
===========================================================================
======================= nom_tt_025C_1v80 Corner ===================================

Startpoint: sub (input port clocked by __VIRTUAL_CLK__)
Endpoint: S[21] (output port clocked by __VIRTUAL_CLK__)
Path Group: __VIRTUAL_CLK__
Path Type: max

Fanout         Cap        Slew       Delay        Time   Description
---------------------------------------------------------------------------------------------
                      0.000000    0.000000    0.000000   clock __VIRTUAL_CLK__ (rise edge)
                                  0.000000    0.000000   clock network delay (ideal)
                                  1.000000    1.000000 v input external delay
     1    0.007480    0.019014    0.012749    1.012749 v sub (in)
                                                         sub (net)
                      0.019016    0.000000    1.012749 v input65/A (sky130_fd_sc_hd__buf_8)
     4    0.028045    0.035598    0.124194    1.136943 v input65/X (sky130_fd_sc_hd__buf_8)
                                                         net65 (net)
                      0.035615    0.000763    1.137706 v fanout108/A (sky130_fd_sc_hd__buf_6)
     3    0.017945    0.032241    0.125491    1.263197 v fanout108/X (sky130_fd_sc_hd__buf_6)
                                                         net108 (net)
                      0.032248    0.000496    1.263693 v fanout105/A (sky130_fd_sc_hd__buf_8)
     3    0.016721    0.028786    0.121377    1.385070 v fanout105/X (sky130_fd_sc_hd__buf_8)
                                                         net105 (net)
                      0.028796    0.000734    1.385804 v fanout101/A (sky130_fd_sc_hd__buf_6)
     6    0.027261    0.038467    0.130581    1.516385 v fanout101/X (sky130_fd_sc_hd__buf_6)
                                                         net101 (net)
                      0.038475    0.000579    1.516964 v load_slew102/A (sky130_fd_sc_hd__buf_6)
     5    0.027177    0.038391    0.134845    1.651810 v load_slew102/X (sky130_fd_sc_hd__buf_6)
                                                         net102 (net)
                      0.038407    0.000746    1.652556 v _355_/A1 (sky130_fd_sc_hd__a21boi_2)
     1    0.009490    0.155221    0.167442    1.819998 ^ _355_/Y (sky130_fd_sc_hd__a21boi_2)
                                                         _084_ (net)
                      0.155228    0.000303    1.820301 ^ _356_/B1 (sky130_fd_sc_hd__o21ai_4)
     3    0.021286    0.106325    0.110898    1.931199 v _356_/Y (sky130_fd_sc_hd__o21ai_4)
                                                         _085_ (net)
                      0.106327    0.000647    1.931846 v _360_/B1 (sky130_fd_sc_hd__o2111ai_4)
     3    0.020295    0.253183    0.165048    2.096895 ^ _360_/Y (sky130_fd_sc_hd__o2111ai_4)
                                                         _089_ (net)
                      0.253185    0.001159    2.098053 ^ _377_/B (sky130_fd_sc_hd__nor2_4)
     3    0.018715    0.066626    0.082082    2.180135 v _377_/Y (sky130_fd_sc_hd__nor2_4)
                                                         _106_ (net)
                      0.066655    0.000479    2.180615 v _410_/B (sky130_fd_sc_hd__nand4_4)
     3    0.020238    0.112793    0.124879    2.305493 ^ _410_/Y (sky130_fd_sc_hd__nand4_4)
                                                         _139_ (net)
                      0.112793    0.000622    2.306115 ^ _415_/C (sky130_fd_sc_hd__nand3_4)
     3    0.016441    0.093151    0.110080    2.416195 v _415_/Y (sky130_fd_sc_hd__nand3_4)
                                                         _144_ (net)
                      0.093153    0.000760    2.416955 v _424_/B1 (sky130_fd_sc_hd__o22ai_4)
     4    0.031060    0.288326    0.269956    2.686911 ^ _424_/Y (sky130_fd_sc_hd__o22ai_4)
                                                         _153_ (net)
                      0.288330    0.000905    2.687816 ^ _470_/B1 (sky130_fd_sc_hd__o22ai_4)
     5    0.021963    0.108556    0.164179    2.851995 v _470_/Y (sky130_fd_sc_hd__o22ai_4)
                                                         _195_ (net)
                      0.108557    0.000662    2.852658 v max_cap99/A (sky130_fd_sc_hd__buf_6)
     3    0.027961    0.039008    0.168899    3.021556 v max_cap99/X (sky130_fd_sc_hd__buf_6)
                                                         net99 (net)
                      0.039011    0.000461    3.022018 v _480_/A1 (sky130_fd_sc_hd__a211o_4)
     1    0.009268    0.056598    0.340269    3.362287 v _480_/X (sky130_fd_sc_hd__a211o_4)
                                                         _204_ (net)
                      0.056598    0.000308    3.362594 v _482_/B (sky130_fd_sc_hd__nand2_4)
     1    0.009405    0.049429    0.076782    3.439376 ^ _482_/Y (sky130_fd_sc_hd__nand2_4)
                                                         net79 (net)
                      0.049430    0.000376    3.439752 ^ output79/A (sky130_fd_sc_hd__buf_8)
     1    0.035403    0.067288    0.124251    3.564003 ^ output79/X (sky130_fd_sc_hd__buf_8)
                                                         S[21] (net)
                      0.067305    0.001097    3.565100 ^ S[21] (out)
                                              3.565100   data arrival time

                      0.000000    5.000000    5.000000   clock __VIRTUAL_CLK__ (rise edge)
                                  0.000000    5.000000   clock network delay (ideal)
                                 -0.250000    4.750000   clock uncertainty
                                  0.000000    4.750000   clock reconvergence pessimism
                                 -1.000000    3.750000   output external delay
                                              3.750000   data required time
---------------------------------------------------------------------------------------------
                                              3.750000   data required time
                                             -3.565100   data arrival time
---------------------------------------------------------------------------------------------
                                              0.184899   slack (MET)




===========================================================================
report_checks --slack_max -0.01
============================================================================
======================= nom_tt_025C_1v80 Corner ===================================

No paths found.


===========================================================================
 report_check_types -max_slew -max_cap -max_fanout -violators
============================================================================
======================= nom_tt_025C_1v80 Corner ===================================



===========================================================================
report_parasitic_annotation -report_unannotated
============================================================================
Found 0 unannotated drivers.
Found 0 partially unannotated drivers.

===========================================================================
max slew violation count 0
max fanout violation count 0
max cap violation count 0
============================================================================

===========================================================================
check_setup -verbose -unconstrained_endpoints -multiple_clock -no_clock -no_input_delay -loops -generated_clocks
===========================================================================
