
===========================================================================
report_checks -path_delay min (Hold)
============================================================================
======================= nom_ff_n40C_1v95 Corner ===================================

Startpoint: A[0] (input port clocked by __VIRTUAL_CLK__)
Endpoint: S[0] (output port clocked by __VIRTUAL_CLK__)
Path Group: __VIRTUAL_CLK__
Path Type: min

Fanout         Cap        Slew       Delay        Time   Description
---------------------------------------------------------------------------------------------
                      0.000000    0.000000    0.000000   clock __VIRTUAL_CLK__ (rise edge)
                                  0.000000    0.000000   clock network delay (ideal)
                                  0.800000    0.800000 ^ input external delay
     4    0.017498    0.064755    0.040767    0.840767 ^ A[0] (in)
                                                         A[0] (net)
                      0.064755    0.000000    0.840767 ^ _626_/A (sky130_fd_sc_hd__xor2_2)
     1    0.033442    0.071963    0.096169    0.936936 v _626_/X (sky130_fd_sc_hd__xor2_2)
                                                         S[0] (net)
                      0.071963    0.000000    0.936936 v S[0] (out)
                                              0.936936   data arrival time

                      0.000000    0.000000    0.000000   clock __VIRTUAL_CLK__ (rise edge)
                                  0.000000    0.000000   clock network delay (ideal)
                                  0.250000    0.250000   clock uncertainty
                                  0.000000    0.250000   clock reconvergence pessimism
                                 -0.800000   -0.550000   output external delay
                                             -0.550000   data required time
---------------------------------------------------------------------------------------------
                                             -0.550000   data required time
                                             -0.936936   data arrival time
---------------------------------------------------------------------------------------------
                                              1.486935   slack (MET)


Startpoint: A[14] (input port clocked by __VIRTUAL_CLK__)
Endpoint: S[14] (output port clocked by __VIRTUAL_CLK__)
Path Group: __VIRTUAL_CLK__
Path Type: min

Fanout         Cap        Slew       Delay        Time   Description
---------------------------------------------------------------------------------------------
                      0.000000    0.000000    0.000000   clock __VIRTUAL_CLK__ (rise edge)
                                  0.000000    0.000000   clock network delay (ideal)
                                  0.800000    0.800000 ^ input external delay
     2    0.010641    0.041637    0.025253    0.825253 ^ A[14] (in)
                                                         A[14] (net)
                      0.041637    0.000000    0.825253 ^ _678_/B1 (sky130_fd_sc_hd__o21ai_4)
     4    0.015153    0.029026    0.030807    0.856060 v _678_/Y (sky130_fd_sc_hd__o21ai_4)
                                                         _017_ (net)
                      0.029026    0.000000    0.856060 v _691_/B1 (sky130_fd_sc_hd__o21ai_2)
     1    0.008977    0.045895    0.047031    0.903091 ^ _691_/Y (sky130_fd_sc_hd__o21ai_2)
                                                         _030_ (net)
                      0.045895    0.000000    0.903091 ^ _656_/A (sky130_fd_sc_hd__xnor2_2)
     1    0.033442    0.099982    0.095630    0.998721 v _656_/Y (sky130_fd_sc_hd__xnor2_2)
                                                         S[14] (net)
                      0.099982    0.000000    0.998721 v S[14] (out)
                                              0.998721   data arrival time

                      0.000000    0.000000    0.000000   clock __VIRTUAL_CLK__ (rise edge)
                                  0.000000    0.000000   clock network delay (ideal)
                                  0.250000    0.250000   clock uncertainty
                                  0.000000    0.250000   clock reconvergence pessimism
                                 -0.800000   -0.550000   output external delay
                                             -0.550000   data required time
---------------------------------------------------------------------------------------------
                                             -0.550000   data required time
                                             -0.998721   data arrival time
---------------------------------------------------------------------------------------------
                                              1.548721   slack (MET)


Startpoint: A[12] (input port clocked by __VIRTUAL_CLK__)
Endpoint: S[13] (output port clocked by __VIRTUAL_CLK__)
Path Group: __VIRTUAL_CLK__
Path Type: min

Fanout         Cap        Slew       Delay        Time   Description
---------------------------------------------------------------------------------------------
                      0.000000    0.000000    0.000000   clock __VIRTUAL_CLK__ (rise edge)
                                  0.000000    0.000000   clock network delay (ideal)
                                  0.800000    0.800000 ^ input external delay
     3    0.007608    0.031330    0.018276    0.818276 ^ A[12] (in)
                                                         A[12] (net)
                      0.031330    0.000000    0.818276 ^ _653_/A1 (sky130_fd_sc_hd__a32o_2)
     1    0.008395    0.049092    0.094256    0.912533 ^ _653_/X (sky130_fd_sc_hd__a32o_2)
                                                         _349_ (net)
                      0.049092    0.000000    0.912533 ^ _654_/B (sky130_fd_sc_hd__xnor2_2)
     1    0.033442    0.099985    0.090835    1.003367 v _654_/Y (sky130_fd_sc_hd__xnor2_2)
                                                         S[13] (net)
                      0.099985    0.000000    1.003367 v S[13] (out)
                                              1.003367   data arrival time

                      0.000000    0.000000    0.000000   clock __VIRTUAL_CLK__ (rise edge)
                                  0.000000    0.000000   clock network delay (ideal)
                                  0.250000    0.250000   clock uncertainty
                                  0.000000    0.250000   clock reconvergence pessimism
                                 -0.800000   -0.550000   output external delay
                                             -0.550000   data required time
---------------------------------------------------------------------------------------------
                                             -0.550000   data required time
                                             -1.003367   data arrival time
---------------------------------------------------------------------------------------------
                                              1.553367   slack (MET)


Startpoint: A[2] (input port clocked by __VIRTUAL_CLK__)
Endpoint: S[3] (output port clocked by __VIRTUAL_CLK__)
Path Group: __VIRTUAL_CLK__
Path Type: min

Fanout         Cap        Slew       Delay        Time   Description
---------------------------------------------------------------------------------------------
                      0.000000    0.000000    0.000000   clock __VIRTUAL_CLK__ (rise edge)
                                  0.000000    0.000000   clock network delay (ideal)
                                  0.800000    0.800000 ^ input external delay
     4    0.013101    0.049997    0.030912    0.830912 ^ A[2] (in)
                                                         A[2] (net)
                      0.049997    0.000000    0.830912 ^ _631_/A1 (sky130_fd_sc_hd__o22a_2)
     1    0.008395    0.040088    0.086631    0.917542 ^ _631_/X (sky130_fd_sc_hd__o22a_2)
                                                         _337_ (net)
                      0.040088    0.000000    0.917542 ^ _632_/B (sky130_fd_sc_hd__xnor2_2)
     1    0.033442    0.099932    0.089076    1.006618 v _632_/Y (sky130_fd_sc_hd__xnor2_2)
                                                         S[3] (net)
                      0.099932    0.000000    1.006618 v S[3] (out)
                                              1.006618   data arrival time

                      0.000000    0.000000    0.000000   clock __VIRTUAL_CLK__ (rise edge)
                                  0.000000    0.000000   clock network delay (ideal)
                                  0.250000    0.250000   clock uncertainty
                                  0.000000    0.250000   clock reconvergence pessimism
                                 -0.800000   -0.550000   output external delay
                                             -0.550000   data required time
---------------------------------------------------------------------------------------------
                                             -0.550000   data required time
                                             -1.006618   data arrival time
---------------------------------------------------------------------------------------------
                                              1.556618   slack (MET)


Startpoint: A[23] (input port clocked by __VIRTUAL_CLK__)
Endpoint: S[23] (output port clocked by __VIRTUAL_CLK__)
Path Group: __VIRTUAL_CLK__
Path Type: min

Fanout         Cap        Slew       Delay        Time   Description
---------------------------------------------------------------------------------------------
                      0.000000    0.000000    0.000000   clock __VIRTUAL_CLK__ (rise edge)
                                  0.000000    0.000000   clock network delay (ideal)
                                  0.800000    0.800000 ^ input external delay
     4    0.012559    0.048155    0.029665    0.829665 ^ A[23] (in)
                                                         A[23] (net)
                      0.048155    0.000000    0.829665 ^ _518_/A (sky130_fd_sc_hd__nor2_2)
     3    0.010442    0.028700    0.033062    0.862727 v _518_/Y (sky130_fd_sc_hd__nor2_2)
                                                         _236_ (net)
                      0.028700    0.000000    0.862727 v _520_/B2 (sky130_fd_sc_hd__o2bb2ai_2)
     1    0.004581    0.032538    0.073408    0.936135 ^ _520_/Y (sky130_fd_sc_hd__o2bb2ai_2)
                                                         _238_ (net)
                      0.032538    0.000000    0.936135 ^ _522_/A (sky130_fd_sc_hd__nand2_2)
     1    0.033442    0.087301    0.073177    1.009311 v _522_/Y (sky130_fd_sc_hd__nand2_2)
                                                         S[23] (net)
                      0.087301    0.000000    1.009311 v S[23] (out)
                                              1.009311   data arrival time

                      0.000000    0.000000    0.000000   clock __VIRTUAL_CLK__ (rise edge)
                                  0.000000    0.000000   clock network delay (ideal)
                                  0.250000    0.250000   clock uncertainty
                                  0.000000    0.250000   clock reconvergence pessimism
                                 -0.800000   -0.550000   output external delay
                                             -0.550000   data required time
---------------------------------------------------------------------------------------------
                                             -0.550000   data required time
                                             -1.009311   data arrival time
---------------------------------------------------------------------------------------------
                                              1.559311   slack (MET)


Startpoint: A[31] (input port clocked by __VIRTUAL_CLK__)
Endpoint: carryOut (output port clocked by __VIRTUAL_CLK__)
Path Group: __VIRTUAL_CLK__
Path Type: min

Fanout         Cap        Slew       Delay        Time   Description
---------------------------------------------------------------------------------------------
                      0.000000    0.000000    0.000000   clock __VIRTUAL_CLK__ (rise edge)
                                  0.000000    0.000000   clock network delay (ideal)
                                  0.800000    0.800000 v input external delay
     2    0.002716    0.004783    0.002066    0.802066 v A[31] (in)
                                                         A[31] (net)
                      0.004783    0.000000    0.802066 v _618_/C_N (sky130_fd_sc_hd__nor3b_2)
     3    0.006059    0.023893    0.085784    0.887850 v _618_/Y (sky130_fd_sc_hd__nor3b_2)
                                                         _328_ (net)
                      0.023893    0.000000    0.887850 v _659_/B1 (sky130_fd_sc_hd__a21o_2)
     1    0.033442    0.066507    0.121525    1.009376 v _659_/X (sky130_fd_sc_hd__a21o_2)
                                                         carryOut (net)
                      0.066507    0.000000    1.009376 v carryOut (out)
                                              1.009376   data arrival time

                      0.000000    0.000000    0.000000   clock __VIRTUAL_CLK__ (rise edge)
                                  0.000000    0.000000   clock network delay (ideal)
                                  0.250000    0.250000   clock uncertainty
                                  0.000000    0.250000   clock reconvergence pessimism
                                 -0.800000   -0.550000   output external delay
                                             -0.550000   data required time
---------------------------------------------------------------------------------------------
                                             -0.550000   data required time
                                             -1.009376   data arrival time
---------------------------------------------------------------------------------------------
                                              1.559376   slack (MET)


Startpoint: B[21] (input port clocked by __VIRTUAL_CLK__)
Endpoint: S[21] (output port clocked by __VIRTUAL_CLK__)
Path Group: __VIRTUAL_CLK__
Path Type: min

Fanout         Cap        Slew       Delay        Time   Description
---------------------------------------------------------------------------------------------
                      0.000000    0.000000    0.000000   clock __VIRTUAL_CLK__ (rise edge)
                                  0.000000    0.000000   clock network delay (ideal)
                                  0.800000    0.800000 v input external delay
     4    0.015203    0.024878    0.014890    0.814890 v B[21] (in)
                                                         B[21] (net)
                      0.024878    0.000000    0.814890 v _491_/A2 (sky130_fd_sc_hd__a21oi_2)
     1    0.004647    0.047909    0.085658    0.900548 ^ _491_/Y (sky130_fd_sc_hd__a21oi_2)
                                                         _211_ (net)
                      0.047909    0.000000    0.900548 ^ _494_/B2 (sky130_fd_sc_hd__o2bb2ai_2)
     1    0.008405    0.027813    0.039005    0.939552 v _494_/Y (sky130_fd_sc_hd__o2bb2ai_2)
                                                         _214_ (net)
                      0.027813    0.000000    0.939552 v _495_/B (sky130_fd_sc_hd__nand2_4)
     1    0.033442    0.081617    0.077883    1.017436 ^ _495_/Y (sky130_fd_sc_hd__nand2_4)
                                                         S[21] (net)
                      0.081617    0.000000    1.017436 ^ S[21] (out)
                                              1.017436   data arrival time

                      0.000000    0.000000    0.000000   clock __VIRTUAL_CLK__ (rise edge)
                                  0.000000    0.000000   clock network delay (ideal)
                                  0.250000    0.250000   clock uncertainty
                                  0.000000    0.250000   clock reconvergence pessimism
                                 -0.800000   -0.550000   output external delay
                                             -0.550000   data required time
---------------------------------------------------------------------------------------------
                                             -0.550000   data required time
                                             -1.017436   data arrival time
---------------------------------------------------------------------------------------------
                                              1.567436   slack (MET)


Startpoint: A[10] (input port clocked by __VIRTUAL_CLK__)
Endpoint: S[11] (output port clocked by __VIRTUAL_CLK__)
Path Group: __VIRTUAL_CLK__
Path Type: min

Fanout         Cap        Slew       Delay        Time   Description
---------------------------------------------------------------------------------------------
                      0.000000    0.000000    0.000000   clock __VIRTUAL_CLK__ (rise edge)
                                  0.000000    0.000000   clock network delay (ideal)
                                  0.800000    0.800000 v input external delay
     2    0.006524    0.010772    0.005641    0.805641 v A[10] (in)
                                                         A[10] (net)
                      0.010772    0.000000    0.805641 v _700_/B1 (sky130_fd_sc_hd__o21ai_2)
     3    0.009989    0.049832    0.043198    0.848839 ^ _700_/Y (sky130_fd_sc_hd__o21ai_2)
                                                         _039_ (net)
                      0.049832    0.000000    0.848839 ^ _649_/A2_N (sky130_fd_sc_hd__a2bb2oi_2)
     1    0.008409    0.069690    0.077221    0.926060 ^ _649_/Y (sky130_fd_sc_hd__a2bb2oi_2)
                                                         _347_ (net)
                      0.069690    0.000000    0.926060 ^ _650_/B (sky130_fd_sc_hd__xor2_2)
     1    0.033442    0.071960    0.092658    1.018718 v _650_/X (sky130_fd_sc_hd__xor2_2)
                                                         S[11] (net)
                      0.071960    0.000000    1.018718 v S[11] (out)
                                              1.018718   data arrival time

                      0.000000    0.000000    0.000000   clock __VIRTUAL_CLK__ (rise edge)
                                  0.000000    0.000000   clock network delay (ideal)
                                  0.250000    0.250000   clock uncertainty
                                  0.000000    0.250000   clock reconvergence pessimism
                                 -0.800000   -0.550000   output external delay
                                             -0.550000   data required time
---------------------------------------------------------------------------------------------
                                             -0.550000   data required time
                                             -1.018718   data arrival time
---------------------------------------------------------------------------------------------
                                              1.568718   slack (MET)


Startpoint: A[8] (input port clocked by __VIRTUAL_CLK__)
Endpoint: S[9] (output port clocked by __VIRTUAL_CLK__)
Path Group: __VIRTUAL_CLK__
Path Type: min

Fanout         Cap        Slew       Delay        Time   Description
---------------------------------------------------------------------------------------------
                      0.000000    0.000000    0.000000   clock __VIRTUAL_CLK__ (rise edge)
                                  0.000000    0.000000   clock network delay (ideal)
                                  0.800000    0.800000 v input external delay
     3    0.007930    0.013068    0.007141    0.807141 v A[8] (in)
                                                         A[8] (net)
                      0.013068    0.000000    0.807141 v _720_/B1 (sky130_fd_sc_hd__o21ai_2)
     3    0.009904    0.049464    0.043775    0.850916 ^ _720_/Y (sky130_fd_sc_hd__o21ai_2)
                                                         _059_ (net)
                      0.049464    0.000000    0.850916 ^ _645_/A2 (sky130_fd_sc_hd__o22a_2)
     1    0.008409    0.039533    0.082722    0.933637 ^ _645_/X (sky130_fd_sc_hd__o22a_2)
                                                         _345_ (net)
                      0.039533    0.000000    0.933637 ^ _646_/B (sky130_fd_sc_hd__xor2_2)
     1    0.033442    0.071958    0.085332    1.018969 v _646_/X (sky130_fd_sc_hd__xor2_2)
                                                         S[9] (net)
                      0.071958    0.000000    1.018969 v S[9] (out)
                                              1.018969   data arrival time

                      0.000000    0.000000    0.000000   clock __VIRTUAL_CLK__ (rise edge)
                                  0.000000    0.000000   clock network delay (ideal)
                                  0.250000    0.250000   clock uncertainty
                                  0.000000    0.250000   clock reconvergence pessimism
                                 -0.800000   -0.550000   output external delay
                                             -0.550000   data required time
---------------------------------------------------------------------------------------------
                                             -0.550000   data required time
                                             -1.018969   data arrival time
---------------------------------------------------------------------------------------------
                                              1.568969   slack (MET)


Startpoint: A[19] (input port clocked by __VIRTUAL_CLK__)
Endpoint: S[19] (output port clocked by __VIRTUAL_CLK__)
Path Group: __VIRTUAL_CLK__
Path Type: min

Fanout         Cap        Slew       Delay        Time   Description
---------------------------------------------------------------------------------------------
                      0.000000    0.000000    0.000000   clock __VIRTUAL_CLK__ (rise edge)
                                  0.000000    0.000000   clock network delay (ideal)
                                  0.800000    0.800000 ^ input external delay
     3    0.007701    0.031646    0.018490    0.818490 ^ A[19] (in)
                                                         A[19] (net)
                      0.031646    0.000000    0.818490 ^ _462_/C (sky130_fd_sc_hd__nand3b_2)
     4    0.009735    0.050113    0.053553    0.872044 v _462_/Y (sky130_fd_sc_hd__nand3b_2)
                                                         _184_ (net)
                      0.050113    0.000000    0.872044 v _465_/A (sky130_fd_sc_hd__nand2_2)
     1    0.008977    0.044970    0.054040    0.926084 ^ _465_/Y (sky130_fd_sc_hd__nand2_2)
                                                         _187_ (net)
                      0.044970    0.000000    0.926084 ^ _468_/A (sky130_fd_sc_hd__xnor2_2)
     1    0.033442    0.099971    0.095457    1.021541 v _468_/Y (sky130_fd_sc_hd__xnor2_2)
                                                         S[19] (net)
                      0.099971    0.000000    1.021541 v S[19] (out)
                                              1.021541   data arrival time

                      0.000000    0.000000    0.000000   clock __VIRTUAL_CLK__ (rise edge)
                                  0.000000    0.000000   clock network delay (ideal)
                                  0.250000    0.250000   clock uncertainty
                                  0.000000    0.250000   clock reconvergence pessimism
                                 -0.800000   -0.550000   output external delay
                                             -0.550000   data required time
---------------------------------------------------------------------------------------------
                                             -0.550000   data required time
                                             -1.021541   data arrival time
---------------------------------------------------------------------------------------------
                                              1.571541   slack (MET)


Startpoint: A[10] (input port clocked by __VIRTUAL_CLK__)
Endpoint: S[10] (output port clocked by __VIRTUAL_CLK__)
Path Group: __VIRTUAL_CLK__
Path Type: min

Fanout         Cap        Slew       Delay        Time   Description
---------------------------------------------------------------------------------------------
                      0.000000    0.000000    0.000000   clock __VIRTUAL_CLK__ (rise edge)
                                  0.000000    0.000000   clock network delay (ideal)
                                  0.800000    0.800000 v input external delay
     2    0.006524    0.010772    0.005641    0.805641 v A[10] (in)
                                                         A[10] (net)
                      0.010772    0.000000    0.805641 v _700_/B1 (sky130_fd_sc_hd__o21ai_2)
     3    0.009989    0.049832    0.043198    0.848839 ^ _700_/Y (sky130_fd_sc_hd__o21ai_2)
                                                         _039_ (net)
                      0.049832    0.000000    0.848839 ^ _703_/A2 (sky130_fd_sc_hd__o21a_2)
     1    0.009349    0.044141    0.082788    0.931627 ^ _703_/X (sky130_fd_sc_hd__o21a_2)
                                                         _042_ (net)
                      0.044141    0.000000    0.931627 ^ _648_/A (sky130_fd_sc_hd__xor2_2)
     1    0.033442    0.071963    0.091484    1.023111 v _648_/X (sky130_fd_sc_hd__xor2_2)
                                                         S[10] (net)
                      0.071963    0.000000    1.023111 v S[10] (out)
                                              1.023111   data arrival time

                      0.000000    0.000000    0.000000   clock __VIRTUAL_CLK__ (rise edge)
                                  0.000000    0.000000   clock network delay (ideal)
                                  0.250000    0.250000   clock uncertainty
                                  0.000000    0.250000   clock reconvergence pessimism
                                 -0.800000   -0.550000   output external delay
                                             -0.550000   data required time
---------------------------------------------------------------------------------------------
                                             -0.550000   data required time
                                             -1.023111   data arrival time
---------------------------------------------------------------------------------------------
                                              1.573111   slack (MET)


Startpoint: A[29] (input port clocked by __VIRTUAL_CLK__)
Endpoint: S[29] (output port clocked by __VIRTUAL_CLK__)
Path Group: __VIRTUAL_CLK__
Path Type: min

Fanout         Cap        Slew       Delay        Time   Description
---------------------------------------------------------------------------------------------
                      0.000000    0.000000    0.000000   clock __VIRTUAL_CLK__ (rise edge)
                                  0.000000    0.000000   clock network delay (ideal)
                                  0.800000    0.800000 v input external delay
     3    0.004306    0.007202    0.003386    0.803386 v A[29] (in)
                                                         A[29] (net)
                      0.007202    0.000000    0.803386 v _597_/B1_N (sky130_fd_sc_hd__o21bai_2)
     2    0.005769    0.025903    0.091296    0.894681 v _597_/Y (sky130_fd_sc_hd__o21bai_2)
                                                         _309_ (net)
                      0.025903    0.000000    0.894681 v _598_/D (sky130_fd_sc_hd__nand4_2)
     1    0.004581    0.043609    0.056521    0.951202 ^ _598_/Y (sky130_fd_sc_hd__nand4_2)
                                                         _310_ (net)
                      0.043609    0.000000    0.951202 ^ _600_/A (sky130_fd_sc_hd__nand2_2)
     1    0.033442    0.087243    0.075844    1.027046 v _600_/Y (sky130_fd_sc_hd__nand2_2)
                                                         S[29] (net)
                      0.087243    0.000000    1.027046 v S[29] (out)
                                              1.027046   data arrival time

                      0.000000    0.000000    0.000000   clock __VIRTUAL_CLK__ (rise edge)
                                  0.000000    0.000000   clock network delay (ideal)
                                  0.250000    0.250000   clock uncertainty
                                  0.000000    0.250000   clock reconvergence pessimism
                                 -0.800000   -0.550000   output external delay
                                             -0.550000   data required time
---------------------------------------------------------------------------------------------
                                             -0.550000   data required time
                                             -1.027046   data arrival time
---------------------------------------------------------------------------------------------
                                              1.577046   slack (MET)


Startpoint: A[4] (input port clocked by __VIRTUAL_CLK__)
Endpoint: S[4] (output port clocked by __VIRTUAL_CLK__)
Path Group: __VIRTUAL_CLK__
Path Type: min

Fanout         Cap        Slew       Delay        Time   Description
---------------------------------------------------------------------------------------------
                      0.000000    0.000000    0.000000   clock __VIRTUAL_CLK__ (rise edge)
                                  0.000000    0.000000   clock network delay (ideal)
                                  0.800000    0.800000 v input external delay
     3    0.007119    0.011744    0.006276    0.806276 v A[4] (in)
                                                         A[4] (net)
                      0.011744    0.000000    0.806276 v _736_/B1 (sky130_fd_sc_hd__o21ai_2)
     2    0.007214    0.038728    0.035986    0.842261 ^ _736_/Y (sky130_fd_sc_hd__o21ai_2)
                                                         _075_ (net)
                      0.038728    0.000000    0.842261 ^ _387_/A2 (sky130_fd_sc_hd__o22ai_2)
     2    0.012464    0.035282    0.043471    0.885732 v _387_/Y (sky130_fd_sc_hd__o22ai_2)
                                                         _112_ (net)
                      0.035282    0.000000    0.885732 v _634_/A (sky130_fd_sc_hd__xnor2_2)
     1    0.033442    0.101179    0.142033    1.027765 v _634_/Y (sky130_fd_sc_hd__xnor2_2)
                                                         S[4] (net)
                      0.101179    0.000000    1.027765 v S[4] (out)
                                              1.027765   data arrival time

                      0.000000    0.000000    0.000000   clock __VIRTUAL_CLK__ (rise edge)
                                  0.000000    0.000000   clock network delay (ideal)
                                  0.250000    0.250000   clock uncertainty
                                  0.000000    0.250000   clock reconvergence pessimism
                                 -0.800000   -0.550000   output external delay
                                             -0.550000   data required time
---------------------------------------------------------------------------------------------
                                             -0.550000   data required time
                                             -1.027765   data arrival time
---------------------------------------------------------------------------------------------
                                              1.577765   slack (MET)


Startpoint: A[5] (input port clocked by __VIRTUAL_CLK__)
Endpoint: S[5] (output port clocked by __VIRTUAL_CLK__)
Path Group: __VIRTUAL_CLK__
Path Type: min

Fanout         Cap        Slew       Delay        Time   Description
---------------------------------------------------------------------------------------------
                      0.000000    0.000000    0.000000   clock __VIRTUAL_CLK__ (rise edge)
                                  0.000000    0.000000   clock network delay (ideal)
                                  0.800000    0.800000 v input external delay
     4    0.009492    0.015618    0.008806    0.808806 v A[5] (in)
                                                         A[5] (net)
                      0.015618    0.000000    0.808806 v _358_/B1 (sky130_fd_sc_hd__o21ai_2)
     1    0.004598    0.028259    0.030210    0.839016 ^ _358_/Y (sky130_fd_sc_hd__o21ai_2)
                                                         _083_ (net)
                      0.028259    0.000000    0.839016 ^ _362_/A2 (sky130_fd_sc_hd__o22ai_2)
     2    0.012755    0.034275    0.041247    0.880263 v _362_/Y (sky130_fd_sc_hd__o22ai_2)
                                                         _087_ (net)
                      0.034275    0.000000    0.880263 v _636_/A (sky130_fd_sc_hd__xor2_2)
     1    0.033442    0.071958    0.148845    1.029108 v _636_/X (sky130_fd_sc_hd__xor2_2)
                                                         S[5] (net)
                      0.071958    0.000000    1.029108 v S[5] (out)
                                              1.029108   data arrival time

                      0.000000    0.000000    0.000000   clock __VIRTUAL_CLK__ (rise edge)
                                  0.000000    0.000000   clock network delay (ideal)
                                  0.250000    0.250000   clock uncertainty
                                  0.000000    0.250000   clock reconvergence pessimism
                                 -0.800000   -0.550000   output external delay
                                             -0.550000   data required time
---------------------------------------------------------------------------------------------
                                             -0.550000   data required time
                                             -1.029108   data arrival time
---------------------------------------------------------------------------------------------
                                              1.579108   slack (MET)


Startpoint: A[16] (input port clocked by __VIRTUAL_CLK__)
Endpoint: S[16] (output port clocked by __VIRTUAL_CLK__)
Path Group: __VIRTUAL_CLK__
Path Type: min

Fanout         Cap        Slew       Delay        Time   Description
---------------------------------------------------------------------------------------------
                      0.000000    0.000000    0.000000   clock __VIRTUAL_CLK__ (rise edge)
                                  0.000000    0.000000   clock network delay (ideal)
                                  0.800000    0.800000 ^ input external delay
     3    0.010988    0.042816    0.026051    0.826051 ^ A[16] (in)
                                                         A[16] (net)
                      0.042816    0.000000    0.826051 ^ _666_/A (sky130_fd_sc_hd__nand2_2)
     5    0.021491    0.060076    0.055581    0.881632 v _666_/Y (sky130_fd_sc_hd__nand2_2)
                                                         _005_ (net)
                      0.060076    0.000000    0.881632 v _669_/A (sky130_fd_sc_hd__nand2_2)
     1    0.009349    0.047581    0.058701    0.940333 ^ _669_/Y (sky130_fd_sc_hd__nand2_2)
                                                         _008_ (net)
                      0.047581    0.000000    0.940333 ^ _438_/A (sky130_fd_sc_hd__xor2_2)
     1    0.033442    0.071958    0.092279    1.032612 v _438_/X (sky130_fd_sc_hd__xor2_2)
                                                         S[16] (net)
                      0.071958    0.000000    1.032612 v S[16] (out)
                                              1.032612   data arrival time

                      0.000000    0.000000    0.000000   clock __VIRTUAL_CLK__ (rise edge)
                                  0.000000    0.000000   clock network delay (ideal)
                                  0.250000    0.250000   clock uncertainty
                                  0.000000    0.250000   clock reconvergence pessimism
                                 -0.800000   -0.550000   output external delay
                                             -0.550000   data required time
---------------------------------------------------------------------------------------------
                                             -0.550000   data required time
                                             -1.032612   data arrival time
---------------------------------------------------------------------------------------------
                                              1.582612   slack (MET)


Startpoint: A[26] (input port clocked by __VIRTUAL_CLK__)
Endpoint: S[26] (output port clocked by __VIRTUAL_CLK__)
Path Group: __VIRTUAL_CLK__
Path Type: min

Fanout         Cap        Slew       Delay        Time   Description
---------------------------------------------------------------------------------------------
                      0.000000    0.000000    0.000000   clock __VIRTUAL_CLK__ (rise edge)
                                  0.000000    0.000000   clock network delay (ideal)
                                  0.800000    0.800000 ^ input external delay
     1    0.004652    0.021251    0.011455    0.811455 ^ A[26] (in)
                                                         A[26] (net)
                      0.021251    0.000000    0.811455 ^ _664_/A (sky130_fd_sc_hd__inv_2)
     2    0.006543    0.013864    0.017675    0.829130 v _664_/Y (sky130_fd_sc_hd__inv_2)
                                                         _003_ (net)
                      0.013864    0.000000    0.829130 v _554_/B1 (sky130_fd_sc_hd__o21ai_2)
     3    0.011690    0.056567    0.048783    0.877913 ^ _554_/Y (sky130_fd_sc_hd__o21ai_2)
                                                         _269_ (net)
                      0.056567    0.000000    0.877913 ^ _555_/B (sky130_fd_sc_hd__nand2_2)
     3    0.010800    0.034421    0.043554    0.921467 v _555_/Y (sky130_fd_sc_hd__nand2_2)
                                                         _270_ (net)
                      0.034421    0.000000    0.921467 v _562_/A (sky130_fd_sc_hd__nand2_2)
     1    0.004614    0.028275    0.036815    0.958283 ^ _562_/Y (sky130_fd_sc_hd__nand2_2)
                                                         _277_ (net)
                      0.028275    0.000000    0.958283 ^ _563_/B (sky130_fd_sc_hd__nand2_2)
     1    0.033442    0.087129    0.076181    1.034464 v _563_/Y (sky130_fd_sc_hd__nand2_2)
                                                         S[26] (net)
                      0.087129    0.000000    1.034464 v S[26] (out)
                                              1.034464   data arrival time

                      0.000000    0.000000    0.000000   clock __VIRTUAL_CLK__ (rise edge)
                                  0.000000    0.000000   clock network delay (ideal)
                                  0.250000    0.250000   clock uncertainty
                                  0.000000    0.250000   clock reconvergence pessimism
                                 -0.800000   -0.550000   output external delay
                                             -0.550000   data required time
---------------------------------------------------------------------------------------------
                                             -0.550000   data required time
                                             -1.034464   data arrival time
---------------------------------------------------------------------------------------------
                                              1.584464   slack (MET)


Startpoint: A[0] (input port clocked by __VIRTUAL_CLK__)
Endpoint: S[1] (output port clocked by __VIRTUAL_CLK__)
Path Group: __VIRTUAL_CLK__
Path Type: min

Fanout         Cap        Slew       Delay        Time   Description
---------------------------------------------------------------------------------------------
                      0.000000    0.000000    0.000000   clock __VIRTUAL_CLK__ (rise edge)
                                  0.000000    0.000000   clock network delay (ideal)
                                  0.800000    0.800000 ^ input external delay
     4    0.017498    0.064755    0.040767    0.840767 ^ A[0] (in)
                                                         A[0] (net)
                      0.064755    0.000000    0.840767 ^ _627_/A1 (sky130_fd_sc_hd__mux2_1)
     1    0.008395    0.064292    0.102359    0.943126 ^ _627_/X (sky130_fd_sc_hd__mux2_1)
                                                         _335_ (net)
                      0.064292    0.000000    0.943126 ^ _628_/B (sky130_fd_sc_hd__xnor2_2)
     1    0.033442    0.100684    0.093515    1.036641 v _628_/Y (sky130_fd_sc_hd__xnor2_2)
                                                         S[1] (net)
                      0.100684    0.000000    1.036641 v S[1] (out)
                                              1.036641   data arrival time

                      0.000000    0.000000    0.000000   clock __VIRTUAL_CLK__ (rise edge)
                                  0.000000    0.000000   clock network delay (ideal)
                                  0.250000    0.250000   clock uncertainty
                                  0.000000    0.250000   clock reconvergence pessimism
                                 -0.800000   -0.550000   output external delay
                                             -0.550000   data required time
---------------------------------------------------------------------------------------------
                                             -0.550000   data required time
                                             -1.036641   data arrival time
---------------------------------------------------------------------------------------------
                                              1.586641   slack (MET)


Startpoint: A[17] (input port clocked by __VIRTUAL_CLK__)
Endpoint: S[17] (output port clocked by __VIRTUAL_CLK__)
Path Group: __VIRTUAL_CLK__
Path Type: min

Fanout         Cap        Slew       Delay        Time   Description
---------------------------------------------------------------------------------------------
                      0.000000    0.000000    0.000000   clock __VIRTUAL_CLK__ (rise edge)
                                  0.000000    0.000000   clock network delay (ideal)
                                  0.800000    0.800000 ^ input external delay
     2    0.009502    0.037766    0.022633    0.822633 ^ A[17] (in)
                                                         A[17] (net)
                      0.037766    0.000000    0.822633 ^ _441_/C (sky130_fd_sc_hd__nand3_2)
     3    0.010850    0.051110    0.054068    0.876701 v _441_/Y (sky130_fd_sc_hd__nand3_2)
                                                         _165_ (net)
                      0.051110    0.000000    0.876701 v _444_/A (sky130_fd_sc_hd__nand2_2)
     3    0.013552    0.060626    0.065859    0.942561 ^ _444_/Y (sky130_fd_sc_hd__nand2_2)
                                                         _168_ (net)
                      0.060626    0.000000    0.942561 ^ _446_/A (sky130_fd_sc_hd__xor2_2)
     1    0.033442    0.071955    0.095242    1.037803 v _446_/X (sky130_fd_sc_hd__xor2_2)
                                                         S[17] (net)
                      0.071955    0.000000    1.037803 v S[17] (out)
                                              1.037803   data arrival time

                      0.000000    0.000000    0.000000   clock __VIRTUAL_CLK__ (rise edge)
                                  0.000000    0.000000   clock network delay (ideal)
                                  0.250000    0.250000   clock uncertainty
                                  0.000000    0.250000   clock reconvergence pessimism
                                 -0.800000   -0.550000   output external delay
                                             -0.550000   data required time
---------------------------------------------------------------------------------------------
                                             -0.550000   data required time
                                             -1.037803   data arrival time
---------------------------------------------------------------------------------------------
                                              1.587803   slack (MET)


Startpoint: A[6] (input port clocked by __VIRTUAL_CLK__)
Endpoint: S[6] (output port clocked by __VIRTUAL_CLK__)
Path Group: __VIRTUAL_CLK__
Path Type: min

Fanout         Cap        Slew       Delay        Time   Description
---------------------------------------------------------------------------------------------
                      0.000000    0.000000    0.000000   clock __VIRTUAL_CLK__ (rise edge)
                                  0.000000    0.000000   clock network delay (ideal)
                                  0.800000    0.800000 v input external delay
     3    0.008117    0.013373    0.007340    0.807340 v A[6] (in)
                                                         A[6] (net)
                      0.013373    0.000000    0.807340 v _369_/B1 (sky130_fd_sc_hd__o21ai_2)
     2    0.009368    0.047320    0.042426    0.849766 ^ _369_/Y (sky130_fd_sc_hd__o21ai_2)
                                                         _094_ (net)
                      0.047320    0.000000    0.849766 ^ _371_/A2 (sky130_fd_sc_hd__o21ai_2)
     2    0.012416    0.038824    0.044749    0.894515 v _371_/Y (sky130_fd_sc_hd__o21ai_2)
                                                         _096_ (net)
                      0.038824    0.000000    0.894515 v _638_/A (sky130_fd_sc_hd__xnor2_2)
     1    0.033442    0.099956    0.143360    1.037875 v _638_/Y (sky130_fd_sc_hd__xnor2_2)
                                                         S[6] (net)
                      0.099956    0.000000    1.037875 v S[6] (out)
                                              1.037875   data arrival time

                      0.000000    0.000000    0.000000   clock __VIRTUAL_CLK__ (rise edge)
                                  0.000000    0.000000   clock network delay (ideal)
                                  0.250000    0.250000   clock uncertainty
                                  0.000000    0.250000   clock reconvergence pessimism
                                 -0.800000   -0.550000   output external delay
                                             -0.550000   data required time
---------------------------------------------------------------------------------------------
                                             -0.550000   data required time
                                             -1.037875   data arrival time
---------------------------------------------------------------------------------------------
                                              1.587875   slack (MET)


Startpoint: A[26] (input port clocked by __VIRTUAL_CLK__)
Endpoint: S[27] (output port clocked by __VIRTUAL_CLK__)
Path Group: __VIRTUAL_CLK__
Path Type: min

Fanout         Cap        Slew       Delay        Time   Description
---------------------------------------------------------------------------------------------
                      0.000000    0.000000    0.000000   clock __VIRTUAL_CLK__ (rise edge)
                                  0.000000    0.000000   clock network delay (ideal)
                                  0.800000    0.800000 v input external delay
     1    0.004285    0.007170    0.003368    0.803368 v A[26] (in)
                                                         A[26] (net)
                      0.007170    0.000000    0.803368 v _664_/A (sky130_fd_sc_hd__inv_2)
     2    0.007171    0.029854    0.027555    0.830924 ^ _664_/Y (sky130_fd_sc_hd__inv_2)
                                                         _003_ (net)
                      0.029854    0.000000    0.830924 ^ _554_/B1 (sky130_fd_sc_hd__o21ai_2)
     3    0.010847    0.028399    0.030122    0.861046 v _554_/Y (sky130_fd_sc_hd__o21ai_2)
                                                         _269_ (net)
                      0.028399    0.000000    0.861046 v _566_/A (sky130_fd_sc_hd__nand2_2)
     2    0.009176    0.044487    0.046030    0.907076 ^ _566_/Y (sky130_fd_sc_hd__nand2_2)
                                                         _280_ (net)
                      0.044487    0.000000    0.907076 ^ _573_/A2_N (sky130_fd_sc_hd__o2bb2ai_2)
     1    0.004581    0.032552    0.058195    0.965270 ^ _573_/Y (sky130_fd_sc_hd__o2bb2ai_2)
                                                         _287_ (net)
                      0.032552    0.000000    0.965270 ^ _575_/A (sky130_fd_sc_hd__nand2_2)
     1    0.033442    0.087324    0.073180    1.038450 v _575_/Y (sky130_fd_sc_hd__nand2_2)
                                                         S[27] (net)
                      0.087324    0.000000    1.038450 v S[27] (out)
                                              1.038450   data arrival time

                      0.000000    0.000000    0.000000   clock __VIRTUAL_CLK__ (rise edge)
                                  0.000000    0.000000   clock network delay (ideal)
                                  0.250000    0.250000   clock uncertainty
                                  0.000000    0.250000   clock reconvergence pessimism
                                 -0.800000   -0.550000   output external delay
                                             -0.550000   data required time
---------------------------------------------------------------------------------------------
                                             -0.550000   data required time
                                             -1.038450   data arrival time
---------------------------------------------------------------------------------------------
                                              1.588450   slack (MET)


Startpoint: A[25] (input port clocked by __VIRTUAL_CLK__)
Endpoint: S[25] (output port clocked by __VIRTUAL_CLK__)
Path Group: __VIRTUAL_CLK__
Path Type: min

Fanout         Cap        Slew       Delay        Time   Description
---------------------------------------------------------------------------------------------
                      0.000000    0.000000    0.000000   clock __VIRTUAL_CLK__ (rise edge)
                                  0.000000    0.000000   clock network delay (ideal)
                                  0.800000    0.800000 ^ input external delay
     3    0.004713    0.021476    0.011607    0.811607 ^ A[25] (in)
                                                         A[25] (net)
                      0.021476    0.000000    0.811607 ^ _543_/B1_N (sky130_fd_sc_hd__o21bai_2)
     2    0.006210    0.034171    0.065000    0.876607 ^ _543_/Y (sky130_fd_sc_hd__o21bai_2)
                                                         _259_ (net)
                      0.034171    0.000000    0.876607 ^ _546_/A (sky130_fd_sc_hd__nand2_2)
     1    0.004285    0.020590    0.023417    0.900024 v _546_/Y (sky130_fd_sc_hd__nand2_2)
                                                         _262_ (net)
                      0.020590    0.000000    0.900024 v _547_/A (sky130_fd_sc_hd__inv_2)
     2    0.007284    0.030250    0.032593    0.932617 ^ _547_/Y (sky130_fd_sc_hd__inv_2)
                                                         _263_ (net)
                      0.030250    0.000000    0.932617 ^ _549_/B1 (sky130_fd_sc_hd__o21a_2)
     1    0.009347    0.044031    0.069784    1.002401 ^ _549_/X (sky130_fd_sc_hd__o21a_2)
                                                         _265_ (net)
                      0.044031    0.000000    1.002401 ^ _550_/B (sky130_fd_sc_hd__nor2_4)
     1    0.033442    0.035369    0.037961    1.040362 v _550_/Y (sky130_fd_sc_hd__nor2_4)
                                                         S[25] (net)
                      0.035369    0.000000    1.040362 v S[25] (out)
                                              1.040362   data arrival time

                      0.000000    0.000000    0.000000   clock __VIRTUAL_CLK__ (rise edge)
                                  0.000000    0.000000   clock network delay (ideal)
                                  0.250000    0.250000   clock uncertainty
                                  0.000000    0.250000   clock reconvergence pessimism
                                 -0.800000   -0.550000   output external delay
                                             -0.550000   data required time
---------------------------------------------------------------------------------------------
                                             -0.550000   data required time
                                             -1.040362   data arrival time
---------------------------------------------------------------------------------------------
                                              1.590362   slack (MET)


Startpoint: A[14] (input port clocked by __VIRTUAL_CLK__)
Endpoint: S[15] (output port clocked by __VIRTUAL_CLK__)
Path Group: __VIRTUAL_CLK__
Path Type: min

Fanout         Cap        Slew       Delay        Time   Description
---------------------------------------------------------------------------------------------
                      0.000000    0.000000    0.000000   clock __VIRTUAL_CLK__ (rise edge)
                                  0.000000    0.000000   clock network delay (ideal)
                                  0.800000    0.800000 v input external delay
     2    0.009852    0.016206    0.009190    0.809190 v A[14] (in)
                                                         A[14] (net)
                      0.016206    0.000000    0.809190 v _678_/B1 (sky130_fd_sc_hd__o21ai_4)
     4    0.016058    0.049597    0.046145    0.855335 ^ _678_/Y (sky130_fd_sc_hd__o21ai_4)
                                                         _017_ (net)
                      0.049597    0.000000    0.855335 ^ _657_/B1 (sky130_fd_sc_hd__o211a_2)
     1    0.008409    0.049342    0.097838    0.953174 ^ _657_/X (sky130_fd_sc_hd__o211a_2)
                                                         _351_ (net)
                      0.049342    0.000000    0.953174 ^ _658_/B (sky130_fd_sc_hd__xor2_2)
     1    0.033442    0.071958    0.087649    1.040823 v _658_/X (sky130_fd_sc_hd__xor2_2)
                                                         S[15] (net)
                      0.071958    0.000000    1.040823 v S[15] (out)
                                              1.040823   data arrival time

                      0.000000    0.000000    0.000000   clock __VIRTUAL_CLK__ (rise edge)
                                  0.000000    0.000000   clock network delay (ideal)
                                  0.250000    0.250000   clock uncertainty
                                  0.000000    0.250000   clock reconvergence pessimism
                                 -0.800000   -0.550000   output external delay
                                             -0.550000   data required time
---------------------------------------------------------------------------------------------
                                             -0.550000   data required time
                                             -1.040823   data arrival time
---------------------------------------------------------------------------------------------
                                              1.590822   slack (MET)


Startpoint: A[2] (input port clocked by __VIRTUAL_CLK__)
Endpoint: S[2] (output port clocked by __VIRTUAL_CLK__)
Path Group: __VIRTUAL_CLK__
Path Type: min

Fanout         Cap        Slew       Delay        Time   Description
---------------------------------------------------------------------------------------------
                      0.000000    0.000000    0.000000   clock __VIRTUAL_CLK__ (rise edge)
                                  0.000000    0.000000   clock network delay (ideal)
                                  0.800000    0.800000 v input external delay
     4    0.012030    0.019762    0.011513    0.811513 v A[2] (in)
                                                         A[2] (net)
                      0.019762    0.000000    0.811513 v _401_/B1 (sky130_fd_sc_hd__o21ai_2)
     2    0.009425    0.047470    0.044810    0.856323 ^ _401_/Y (sky130_fd_sc_hd__o21ai_2)
                                                         _126_ (net)
                      0.047470    0.000000    0.856323 ^ _427_/A2 (sky130_fd_sc_hd__o21ai_2)
     2    0.012707    0.035925    0.045273    0.901596 v _427_/Y (sky130_fd_sc_hd__o21ai_2)
                                                         _152_ (net)
                      0.035925    0.000000    0.901596 v _630_/A (sky130_fd_sc_hd__xor2_2)
     1    0.033442    0.071957    0.149418    1.051014 v _630_/X (sky130_fd_sc_hd__xor2_2)
                                                         S[2] (net)
                      0.071957    0.000000    1.051014 v S[2] (out)
                                              1.051014   data arrival time

                      0.000000    0.000000    0.000000   clock __VIRTUAL_CLK__ (rise edge)
                                  0.000000    0.000000   clock network delay (ideal)
                                  0.250000    0.250000   clock uncertainty
                                  0.000000    0.250000   clock reconvergence pessimism
                                 -0.800000   -0.550000   output external delay
                                             -0.550000   data required time
---------------------------------------------------------------------------------------------
                                             -0.550000   data required time
                                             -1.051014   data arrival time
---------------------------------------------------------------------------------------------
                                              1.601014   slack (MET)


Startpoint: A[28] (input port clocked by __VIRTUAL_CLK__)
Endpoint: S[28] (output port clocked by __VIRTUAL_CLK__)
Path Group: __VIRTUAL_CLK__
Path Type: min

Fanout         Cap        Slew       Delay        Time   Description
---------------------------------------------------------------------------------------------
                      0.000000    0.000000    0.000000   clock __VIRTUAL_CLK__ (rise edge)
                                  0.000000    0.000000   clock network delay (ideal)
                                  0.800000    0.800000 ^ input external delay
     2    0.003148    0.015711    0.007715    0.807715 ^ A[28] (in)
                                                         A[28] (net)
                      0.015711    0.000000    0.807715 ^ _578_/B1_N (sky130_fd_sc_hd__o21bai_2)
     2    0.007048    0.037030    0.065520    0.873236 ^ _578_/Y (sky130_fd_sc_hd__o21bai_2)
                                                         _291_ (net)
                      0.037030    0.000000    0.873236 ^ _590_/A1 (sky130_fd_sc_hd__a21o_2)
     1    0.002583    0.018060    0.061773    0.935008 ^ _590_/X (sky130_fd_sc_hd__a21o_2)
                                                         _303_ (net)
                      0.018060    0.000000    0.935008 ^ _591_/B (sky130_fd_sc_hd__and2_4)
     1    0.033442    0.082042    0.116273    1.051282 ^ _591_/X (sky130_fd_sc_hd__and2_4)
                                                         S[28] (net)
                      0.082042    0.000000    1.051282 ^ S[28] (out)
                                              1.051282   data arrival time

                      0.000000    0.000000    0.000000   clock __VIRTUAL_CLK__ (rise edge)
                                  0.000000    0.000000   clock network delay (ideal)
                                  0.250000    0.250000   clock uncertainty
                                  0.000000    0.250000   clock reconvergence pessimism
                                 -0.800000   -0.550000   output external delay
                                             -0.550000   data required time
---------------------------------------------------------------------------------------------
                                             -0.550000   data required time
                                             -1.051282   data arrival time
---------------------------------------------------------------------------------------------
                                              1.601282   slack (MET)


Startpoint: A[7] (input port clocked by __VIRTUAL_CLK__)
Endpoint: S[7] (output port clocked by __VIRTUAL_CLK__)
Path Group: __VIRTUAL_CLK__
Path Type: min

Fanout         Cap        Slew       Delay        Time   Description
---------------------------------------------------------------------------------------------
                      0.000000    0.000000    0.000000   clock __VIRTUAL_CLK__ (rise edge)
                                  0.000000    0.000000   clock network delay (ideal)
                                  0.800000    0.800000 v input external delay
     2    0.005744    0.009499    0.004810    0.804810 v A[7] (in)
                                                         A[7] (net)
                      0.009499    0.000000    0.804810 v _375_/B1 (sky130_fd_sc_hd__o21ai_2)
     3    0.012250    0.058869    0.048698    0.853507 ^ _375_/Y (sky130_fd_sc_hd__o21ai_2)
                                                         _100_ (net)
                      0.058869    0.000000    0.853507 ^ _388_/A2 (sky130_fd_sc_hd__o21ai_2)
     2    0.012707    0.040734    0.047013    0.900521 v _388_/Y (sky130_fd_sc_hd__o21ai_2)
                                                         _113_ (net)
                      0.040734    0.000000    0.900521 v _640_/A (sky130_fd_sc_hd__xor2_2)
     1    0.033442    0.071954    0.151090    1.051611 v _640_/X (sky130_fd_sc_hd__xor2_2)
                                                         S[7] (net)
                      0.071954    0.000000    1.051611 v S[7] (out)
                                              1.051611   data arrival time

                      0.000000    0.000000    0.000000   clock __VIRTUAL_CLK__ (rise edge)
                                  0.000000    0.000000   clock network delay (ideal)
                                  0.250000    0.250000   clock uncertainty
                                  0.000000    0.250000   clock reconvergence pessimism
                                 -0.800000   -0.550000   output external delay
                                             -0.550000   data required time
---------------------------------------------------------------------------------------------
                                             -0.550000   data required time
                                             -1.051611   data arrival time
---------------------------------------------------------------------------------------------
                                              1.601611   slack (MET)


Startpoint: A[18] (input port clocked by __VIRTUAL_CLK__)
Endpoint: S[18] (output port clocked by __VIRTUAL_CLK__)
Path Group: __VIRTUAL_CLK__
Path Type: min

Fanout         Cap        Slew       Delay        Time   Description
---------------------------------------------------------------------------------------------
                      0.000000    0.000000    0.000000   clock __VIRTUAL_CLK__ (rise edge)
                                  0.000000    0.000000   clock network delay (ideal)
                                  0.800000    0.800000 ^ input external delay
     3    0.007701    0.031646    0.018490    0.818490 ^ A[18] (in)
                                                         A[18] (net)
                      0.031646    0.000000    0.818490 ^ _450_/C (sky130_fd_sc_hd__nand3b_2)
     5    0.014959    0.067730    0.066247    0.884737 v _450_/Y (sky130_fd_sc_hd__nand3b_2)
                                                         _173_ (net)
                      0.067730    0.000000    0.884737 v _453_/A (sky130_fd_sc_hd__nand2_2)
     2    0.014013    0.064077    0.073769    0.958506 ^ _453_/Y (sky130_fd_sc_hd__nand2_2)
                                                         _176_ (net)
                      0.064077    0.000000    0.958506 ^ _458_/A (sky130_fd_sc_hd__xor2_2)
     1    0.033442    0.071955    0.096016    1.054523 v _458_/X (sky130_fd_sc_hd__xor2_2)
                                                         S[18] (net)
                      0.071955    0.000000    1.054523 v S[18] (out)
                                              1.054523   data arrival time

                      0.000000    0.000000    0.000000   clock __VIRTUAL_CLK__ (rise edge)
                                  0.000000    0.000000   clock network delay (ideal)
                                  0.250000    0.250000   clock uncertainty
                                  0.000000    0.250000   clock reconvergence pessimism
                                 -0.800000   -0.550000   output external delay
                                             -0.550000   data required time
---------------------------------------------------------------------------------------------
                                             -0.550000   data required time
                                             -1.054523   data arrival time
---------------------------------------------------------------------------------------------
                                              1.604523   slack (MET)


Startpoint: A[30] (input port clocked by __VIRTUAL_CLK__)
Endpoint: S[30] (output port clocked by __VIRTUAL_CLK__)
Path Group: __VIRTUAL_CLK__
Path Type: min

Fanout         Cap        Slew       Delay        Time   Description
---------------------------------------------------------------------------------------------
                      0.000000    0.000000    0.000000   clock __VIRTUAL_CLK__ (rise edge)
                                  0.000000    0.000000   clock network delay (ideal)
                                  0.800000    0.800000 v input external delay
     2    0.002931    0.005110    0.002245    0.802245 v A[30] (in)
                                                         A[30] (net)
                      0.005110    0.000000    0.802245 v _605_/B1_N (sky130_fd_sc_hd__o21ba_2)
     4    0.016453    0.080457    0.149231    0.951476 ^ _605_/X (sky130_fd_sc_hd__o21ba_2)
                                                         _316_ (net)
                      0.080457    0.000000    0.951476 ^ _612_/A2 (sky130_fd_sc_hd__o22ai_2)
     1    0.008477    0.029979    0.044132    0.995607 v _612_/Y (sky130_fd_sc_hd__o22ai_2)
                                                         _323_ (net)
                      0.029979    0.000000    0.995607 v _614_/B1 (sky130_fd_sc_hd__o21ai_4)
     1    0.033442    0.089919    0.078263    1.073871 ^ _614_/Y (sky130_fd_sc_hd__o21ai_4)
                                                         S[30] (net)
                      0.089919    0.000000    1.073871 ^ S[30] (out)
                                              1.073871   data arrival time

                      0.000000    0.000000    0.000000   clock __VIRTUAL_CLK__ (rise edge)
                                  0.000000    0.000000   clock network delay (ideal)
                                  0.250000    0.250000   clock uncertainty
                                  0.000000    0.250000   clock reconvergence pessimism
                                 -0.800000   -0.550000   output external delay
                                             -0.550000   data required time
---------------------------------------------------------------------------------------------
                                             -0.550000   data required time
                                             -1.073871   data arrival time
---------------------------------------------------------------------------------------------
                                              1.623871   slack (MET)


Startpoint: A[20] (input port clocked by __VIRTUAL_CLK__)
Endpoint: S[20] (output port clocked by __VIRTUAL_CLK__)
Path Group: __VIRTUAL_CLK__
Path Type: min

Fanout         Cap        Slew       Delay        Time   Description
---------------------------------------------------------------------------------------------
                      0.000000    0.000000    0.000000   clock __VIRTUAL_CLK__ (rise edge)
                                  0.000000    0.000000   clock network delay (ideal)
                                  0.800000    0.800000 ^ input external delay
     2    0.006181    0.026480    0.014994    0.814994 ^ A[20] (in)
                                                         A[20] (net)
                      0.026480    0.000000    0.814994 ^ _473_/B1_N (sky130_fd_sc_hd__o21bai_2)
     3    0.011632    0.052957    0.080220    0.895214 ^ _473_/Y (sky130_fd_sc_hd__o21bai_2)
                                                         _194_ (net)
                      0.052957    0.000000    0.895214 ^ _484_/A2 (sky130_fd_sc_hd__a21o_2)
     1    0.002583    0.020442    0.069014    0.964228 ^ _484_/X (sky130_fd_sc_hd__a21o_2)
                                                         _205_ (net)
                      0.020442    0.000000    0.964228 ^ _485_/B (sky130_fd_sc_hd__and2_4)
     1    0.033442    0.082039    0.116826    1.081054 ^ _485_/X (sky130_fd_sc_hd__and2_4)
                                                         S[20] (net)
                      0.082039    0.000000    1.081054 ^ S[20] (out)
                                              1.081054   data arrival time

                      0.000000    0.000000    0.000000   clock __VIRTUAL_CLK__ (rise edge)
                                  0.000000    0.000000   clock network delay (ideal)
                                  0.250000    0.250000   clock uncertainty
                                  0.000000    0.250000   clock reconvergence pessimism
                                 -0.800000   -0.550000   output external delay
                                             -0.550000   data required time
---------------------------------------------------------------------------------------------
                                             -0.550000   data required time
                                             -1.081054   data arrival time
---------------------------------------------------------------------------------------------
                                              1.631054   slack (MET)


Startpoint: A[30] (input port clocked by __VIRTUAL_CLK__)
Endpoint: S[31] (output port clocked by __VIRTUAL_CLK__)
Path Group: __VIRTUAL_CLK__
Path Type: min

Fanout         Cap        Slew       Delay        Time   Description
---------------------------------------------------------------------------------------------
                      0.000000    0.000000    0.000000   clock __VIRTUAL_CLK__ (rise edge)
                                  0.000000    0.000000   clock network delay (ideal)
                                  0.800000    0.800000 ^ input external delay
     2    0.003182    0.015836    0.007800    0.807800 ^ A[30] (in)
                                                         A[30] (net)
                      0.015836    0.000000    0.807800 ^ _605_/B1_N (sky130_fd_sc_hd__o21ba_2)
     4    0.014625    0.035495    0.101770    0.909570 v _605_/X (sky130_fd_sc_hd__o21ba_2)
                                                         _316_ (net)
                      0.035495    0.000000    0.909570 v _624_/A (sky130_fd_sc_hd__nor2_2)
     2    0.011662    0.109932    0.106018    1.015588 ^ _624_/Y (sky130_fd_sc_hd__nor2_2)
                                                         _334_ (net)
                      0.109932    0.000000    1.015588 ^ _625_/B2 (sky130_fd_sc_hd__a22oi_4)
     1    0.033442    0.058679    0.066568    1.082155 v _625_/Y (sky130_fd_sc_hd__a22oi_4)
                                                         S[31] (net)
                      0.058679    0.000000    1.082155 v S[31] (out)
                                              1.082155   data arrival time

                      0.000000    0.000000    0.000000   clock __VIRTUAL_CLK__ (rise edge)
                                  0.000000    0.000000   clock network delay (ideal)
                                  0.250000    0.250000   clock uncertainty
                                  0.000000    0.250000   clock reconvergence pessimism
                                 -0.800000   -0.550000   output external delay
                                             -0.550000   data required time
---------------------------------------------------------------------------------------------
                                             -0.550000   data required time
                                             -1.082155   data arrival time
---------------------------------------------------------------------------------------------
                                              1.632155   slack (MET)


Startpoint: A[12] (input port clocked by __VIRTUAL_CLK__)
Endpoint: S[12] (output port clocked by __VIRTUAL_CLK__)
Path Group: __VIRTUAL_CLK__
Path Type: min

Fanout         Cap        Slew       Delay        Time   Description
---------------------------------------------------------------------------------------------
                      0.000000    0.000000    0.000000   clock __VIRTUAL_CLK__ (rise edge)
                                  0.000000    0.000000   clock network delay (ideal)
                                  0.800000    0.800000 ^ input external delay
     3    0.007608    0.031330    0.018276    0.818276 ^ A[12] (in)
                                                         A[12] (net)
                      0.031330    0.000000    0.818276 ^ _694_/B1 (sky130_fd_sc_hd__a21o_2)
     2    0.006288    0.030974    0.054978    0.873254 ^ _694_/X (sky130_fd_sc_hd__a21o_2)
                                                         _033_ (net)
                      0.030974    0.000000    0.873254 ^ _695_/B (sky130_fd_sc_hd__and2_2)
     3    0.016668    0.073806    0.111953    0.985207 ^ _695_/X (sky130_fd_sc_hd__and2_2)
                                                         _034_ (net)
                      0.073806    0.000000    0.985207 ^ _652_/A (sky130_fd_sc_hd__xor2_2)
     1    0.033442    0.071952    0.098199    1.083406 v _652_/X (sky130_fd_sc_hd__xor2_2)
                                                         S[12] (net)
                      0.071952    0.000000    1.083406 v S[12] (out)
                                              1.083406   data arrival time

                      0.000000    0.000000    0.000000   clock __VIRTUAL_CLK__ (rise edge)
                                  0.000000    0.000000   clock network delay (ideal)
                                  0.250000    0.250000   clock uncertainty
                                  0.000000    0.250000   clock reconvergence pessimism
                                 -0.800000   -0.550000   output external delay
                                             -0.550000   data required time
---------------------------------------------------------------------------------------------
                                             -0.550000   data required time
                                             -1.083406   data arrival time
---------------------------------------------------------------------------------------------
                                              1.633406   slack (MET)


Startpoint: A[21] (input port clocked by __VIRTUAL_CLK__)
Endpoint: S[22] (output port clocked by __VIRTUAL_CLK__)
Path Group: __VIRTUAL_CLK__
Path Type: min

Fanout         Cap        Slew       Delay        Time   Description
---------------------------------------------------------------------------------------------
                      0.000000    0.000000    0.000000   clock __VIRTUAL_CLK__ (rise edge)
                                  0.000000    0.000000   clock network delay (ideal)
                                  0.800000    0.800000 v input external delay
     3    0.007930    0.013068    0.007141    0.807141 v A[21] (in)
                                                         A[21] (net)
                      0.013068    0.000000    0.807141 v _488_/B1_N (sky130_fd_sc_hd__o21ba_2)
     3    0.014718    0.072999    0.146913    0.954053 ^ _488_/X (sky130_fd_sc_hd__o21ba_2)
                                                         _208_ (net)
                      0.072999    0.000000    0.954053 ^ _500_/B1 (sky130_fd_sc_hd__o2bb2ai_2)
     1    0.004320    0.019184    0.038142    0.992196 v _500_/Y (sky130_fd_sc_hd__o2bb2ai_2)
                                                         _219_ (net)
                      0.019184    0.000000    0.992196 v _508_/A (sky130_fd_sc_hd__nand2_2)
     1    0.004614    0.027004    0.030958    1.023154 ^ _508_/Y (sky130_fd_sc_hd__nand2_2)
                                                         _227_ (net)
                      0.027004    0.000000    1.023154 ^ _509_/B (sky130_fd_sc_hd__nand2_2)
     1    0.033442    0.087097    0.075890    1.099043 v _509_/Y (sky130_fd_sc_hd__nand2_2)
                                                         S[22] (net)
                      0.087097    0.000000    1.099043 v S[22] (out)
                                              1.099043   data arrival time

                      0.000000    0.000000    0.000000   clock __VIRTUAL_CLK__ (rise edge)
                                  0.000000    0.000000   clock network delay (ideal)
                                  0.250000    0.250000   clock uncertainty
                                  0.000000    0.250000   clock reconvergence pessimism
                                 -0.800000   -0.550000   output external delay
                                             -0.550000   data required time
---------------------------------------------------------------------------------------------
                                             -0.550000   data required time
                                             -1.099043   data arrival time
---------------------------------------------------------------------------------------------
                                              1.649043   slack (MET)


Startpoint: A[24] (input port clocked by __VIRTUAL_CLK__)
Endpoint: S[24] (output port clocked by __VIRTUAL_CLK__)
Path Group: __VIRTUAL_CLK__
Path Type: min

Fanout         Cap        Slew       Delay        Time   Description
---------------------------------------------------------------------------------------------
                      0.000000    0.000000    0.000000   clock __VIRTUAL_CLK__ (rise edge)
                                  0.000000    0.000000   clock network delay (ideal)
                                  0.800000    0.800000 v input external delay
     3    0.008016    0.013208    0.007232    0.807232 v A[24] (in)
                                                         A[24] (net)
                      0.013208    0.000000    0.807232 v _534_/C (sky130_fd_sc_hd__nand3b_2)
     5    0.015315    0.075030    0.076664    0.883896 ^ _534_/Y (sky130_fd_sc_hd__nand3b_2)
                                                         _251_ (net)
                      0.075030    0.000000    0.883896 ^ _538_/A1 (sky130_fd_sc_hd__a21o_2)
     1    0.001786    0.016544    0.066975    0.950871 ^ _538_/X (sky130_fd_sc_hd__a21o_2)
                                                         _255_ (net)
                      0.016544    0.000000    0.950871 ^ _539_/B (sky130_fd_sc_hd__and2b_2)
     1    0.033442    0.131019    0.148998    1.099870 ^ _539_/X (sky130_fd_sc_hd__and2b_2)
                                                         S[24] (net)
                      0.131019    0.000000    1.099870 ^ S[24] (out)
                                              1.099870   data arrival time

                      0.000000    0.000000    0.000000   clock __VIRTUAL_CLK__ (rise edge)
                                  0.000000    0.000000   clock network delay (ideal)
                                  0.250000    0.250000   clock uncertainty
                                  0.000000    0.250000   clock reconvergence pessimism
                                 -0.800000   -0.550000   output external delay
                                             -0.550000   data required time
---------------------------------------------------------------------------------------------
                                             -0.550000   data required time
                                             -1.099870   data arrival time
---------------------------------------------------------------------------------------------
                                              1.649870   slack (MET)


Startpoint: A[8] (input port clocked by __VIRTUAL_CLK__)
Endpoint: S[8] (output port clocked by __VIRTUAL_CLK__)
Path Group: __VIRTUAL_CLK__
Path Type: min

Fanout         Cap        Slew       Delay        Time   Description
---------------------------------------------------------------------------------------------
                      0.000000    0.000000    0.000000   clock __VIRTUAL_CLK__ (rise edge)
                                  0.000000    0.000000   clock network delay (ideal)
                                  0.800000    0.800000 v input external delay
     3    0.007930    0.013068    0.007141    0.807141 v A[8] (in)
                                                         A[8] (net)
                      0.013068    0.000000    0.807141 v _724_/B1_N (sky130_fd_sc_hd__o21bai_4)
     4    0.012774    0.035148    0.091798    0.898938 v _724_/Y (sky130_fd_sc_hd__o21bai_4)
                                                         _063_ (net)
                      0.035148    0.000000    0.898938 v _642_/A2 (sky130_fd_sc_hd__a21oi_2)
     1    0.001669    0.029584    0.073599    0.972538 ^ _642_/Y (sky130_fd_sc_hd__a21oi_2)
                                                         _343_ (net)
                      0.029584    0.000000    0.972538 ^ _644_/A (sky130_fd_sc_hd__or2_2)
     1    0.033442    0.135623    0.136786    1.109324 ^ _644_/X (sky130_fd_sc_hd__or2_2)
                                                         S[8] (net)
                      0.135623    0.000000    1.109324 ^ S[8] (out)
                                              1.109324   data arrival time

                      0.000000    0.000000    0.000000   clock __VIRTUAL_CLK__ (rise edge)
                                  0.000000    0.000000   clock network delay (ideal)
                                  0.250000    0.250000   clock uncertainty
                                  0.000000    0.250000   clock reconvergence pessimism
                                 -0.800000   -0.550000   output external delay
                                             -0.550000   data required time
---------------------------------------------------------------------------------------------
                                             -0.550000   data required time
                                             -1.109324   data arrival time
---------------------------------------------------------------------------------------------
                                              1.659324   slack (MET)



