Reading timing models for corner nom_tt_025C_1v80…
Reading timing library for the 'nom_tt_025C_1v80' corner at '/home/admin/.ciel/ciel/sky130/versions/8afc8346a57fe1ab7934ba5a6056ea8b43078e71/sky130A/libs.ref/sky130_fd_sc_hd/lib/sky130_fd_sc_hd__tt_025C_1v80.lib'…
Reading OpenROAD database at '/home/admin/Documents/Projekty/Hobby/Nauka/RISC-5/.v/DDCA/code/exercises/ALUDesignIverilog/ALU/systemIverilog/build/runs/RUN_2026-09-29_09-19-13/21-openroad-generatepdn/addsub32.odb'…
Reading design constraints file at '/nix/store/33pw6r3szpqrlxwi0ri36rfq68whzq26-python3-3.13.9-env/lib/python3.13/site-packages/librelane/scripts/base.sdc'…
[WARNING STA-0366] port '__VIRTUAL_CLK__' not found.
[INFO] Using clock __VIRTUAL_CLK__…
[INFO] Setting output delay to: 0.8
[INFO] Setting input delay to: 0.8
[WARNING STA-0366] port '__VIRTUAL_CLK__' not found.
[INFO] Setting load to: 0.033442
[INFO] Setting clock uncertainty to: 0.25
[INFO] Setting clock transition to: 0.1499999999999999944488848768742172978818416595458984375
[WARNING STA-0419] transition time can not be specified for virtual clocks.
[INFO] Setting timing derate to: 5.0%
[WARNING STA-0450] virtual clock __VIRTUAL_CLK__ can not be propagated.
+ global_placement -density 0.5 -skip_io -pad_right 0 -pad_left 0 -init_wirelength_coef 0.25
[INFO GPL-0001] ---- Initialize GPL Main Data Structures
[INFO GPL-0002] DBU: 1000
[INFO GPL-0003] SiteSize: (  0.460  2.720 ) um
[INFO GPL-0004] CoreBBox: (  5.520 10.880 ) ( 103.960 108.800 ) um
[INFO GPL-0036] Movable instances area:       3911.251 um^2
[INFO GPL-0037] Total instances area:         4347.920 um^2
[INFO GPL-0035] Pin density area adjust:       322.852 um^2
[INFO GPL-0032] ---- Initialize Region: Top-level
[INFO GPL-0006] Number of instances:               587
[INFO GPL-0007] Movable instances:                 382
[INFO GPL-0008] Fixed instances:                   205
[INFO GPL-0009] Dummy instances:                     0
[INFO GPL-0010] Number of nets:                    447
[INFO GPL-0011] Number of pins:                   1435
[INFO GPL-0012] Die BBox:  (  0.000  0.000 ) ( 109.925 120.645 ) um
[INFO GPL-0013] Core BBox: (  5.520 10.880 ) ( 103.960 108.800 ) um
[INFO GPL-0016] Core area:                    9639.245 um^2
[INFO GPL-0014] Region name: top-level.
[INFO GPL-0015] Region area:                  9639.245 um^2
[INFO GPL-0017] Fixed instances area:          436.669 um^2
[INFO GPL-0018] Movable instances area:       4234.103 um^2
[INFO GPL-0019] Utilization:                    46.010 %
[INFO GPL-0020] Standard cells area:          4234.103 um^2
[INFO GPL-0021] Large instances area:            0.000 um^2
[INFO GPL-0005] ---- Execute Conjugate Gradient Initial Placement.
[INFO GPL-0051] Source of initial instance position counters:
	Odb location = 0	Core center = 382	Region center = 0
[INFO GPL-0033] ---- Initialize Nesterov Region: Top-level
[INFO GPL-0023] Placement target density:       0.5000
[INFO GPL-0024] Movable insts average area:     11.084 um^2
[INFO GPL-0025] Ideal bin area:                 22.168 um^2
[INFO GPL-0026] Ideal bin count:                   434
[INFO GPL-0027] Total bin area:               9639.245 um^2
[INFO GPL-0028] Bin count (X, Y):          16 ,     16
[INFO GPL-0029] Bin size (W * H):       6.152 *  6.120 um
[INFO GPL-0030] Number of bins:                    256
[INFO GPL-0007] ---- Execute Nesterov Global Placement.
[INFO GPL-0031] HPWL: Half-Perimeter Wirelength
Iteration | Overflow |     HPWL (um) |  HPWL(%) |   Penalty | Group
---------------------------------------------------------------
        0 |   0.9823 |  1.025677e+03 |   +0.00% |  2.36e-14 |      
       10 |   0.9783 |  6.639240e+02 |  -35.27% |  3.84e-14 |      
       20 |   0.9768 |  6.598620e+02 |   -0.61% |  6.25e-14 |      
       30 |   0.9762 |  6.588550e+02 |   -0.15% |  1.02e-13 |      
       40 |   0.9760 |  6.583170e+02 |   -0.08% |  1.66e-13 |      
       50 |   0.9762 |  6.585500e+02 |   +0.04% |  2.70e-13 |      
       60 |   0.9762 |  6.586550e+02 |   +0.02% |  4.40e-13 |      
       70 |   0.9758 |  6.590200e+02 |   +0.06% |  7.17e-13 |      
       80 |   0.9752 |  6.599890e+02 |   +0.15% |  1.17e-12 |      
       90 |   0.9738 |  6.618090e+02 |   +0.28% |  1.90e-12 |      
      100 |   0.9703 |  6.652040e+02 |   +0.51% |  3.10e-12 |      
      110 |   0.9648 |  6.727140e+02 |   +1.13% |  5.05e-12 |      
      120 |   0.9547 |  7.068220e+02 |   +5.07% |  8.22e-12 |      
      130 |   0.9338 |  8.331850e+02 |  +17.88% |  1.34e-11 |      
      140 |   0.8901 |  1.002353e+03 |  +20.30% |  2.18e-11 |      
      150 |   0.8705 |  1.095851e+03 |   +9.33% |  3.55e-11 |      
      160 |   0.8585 |  1.152896e+03 |   +5.21% |  5.79e-11 |      
      170 |   0.8188 |  1.249190e+03 |   +8.35% |  9.43e-11 |      
      180 |   0.8022 |  1.383011e+03 |  +10.71% |  1.54e-10 |      
      190 |   0.7690 |  1.549006e+03 |  +12.00% |  2.50e-10 |      
      200 |   0.7357 |  1.691349e+03 |   +9.19% |  4.08e-10 |      
      210 |   0.6953 |  1.834541e+03 |   +8.47% |  6.64e-10 |      
      220 |   0.6545 |  2.045794e+03 |  +11.52% |  1.08e-09 |      
      230 |   0.6209 |  2.240817e+03 |   +9.53% |  1.76e-09 |      
      240 |   0.5843 |  2.487377e+03 |  +11.00% |  2.87e-09 |      
      250 |   0.5408 |  2.702183e+03 |   +8.64% |  4.67e-09 |      
      260 |   0.4986 |  2.938520e+03 |   +8.75% |  7.61e-09 |      
      270 |   0.4551 |  3.130105e+03 |   +6.52% |  1.24e-08 |      
      280 |   0.4141 |  3.286489e+03 |   +5.00% |  2.02e-08 |      
      290 |   0.3797 |  3.462967e+03 |   +5.37% |  3.29e-08 |      
      300 |   0.3318 |  3.603917e+03 |   +4.07% |  5.25e-08 |      
      310 |   0.2972 |  3.711805e+03 |   +2.99% |  7.74e-08 |      
      320 |   0.2656 |  3.804925e+03 |   +2.51% |  1.14e-07 |      
      330 |   0.2352 |  3.905450e+03 |   +2.64% |  1.68e-07 |      
      340 |   0.2048 |  4.002647e+03 |   +2.49% |  2.47e-07 |      
      350 |   0.1790 |  4.077282e+03 |   +1.86% |  3.64e-07 |      
      360 |   0.1539 |  4.146803e+03 |   +1.71% |  5.37e-07 |      
      370 |   0.1267 |  4.185436e+03 |   +0.93% |  7.91e-07 |      
      380 |   0.0984 |  4.222261e+03 |   +0.88% |  1.16e-06 |      
      380 |   0.0984 |  4.222261e+03 |          |  1.21e-06 |      
---------------------------------------------------------------
[INFO GPL-1001] Global placement finished at iteration 380
[INFO GPL-1002] Placed Cell Area             4234.1028
[INFO GPL-1003] Available Free Area          9202.5760
[INFO GPL-1004] Minimum Feasible Density        0.4700 (cell_area / free_area)
[INFO GPL-1006]   Suggested Target Densities:
[INFO GPL-1007]     - For 90% usage of free space: 0.5112
[INFO GPL-1008]     - For 80% usage of free space: 0.5751
[INFO GPL-1009]     - For 50% usage of free space: 0.9202
[INFO GPL-1014] Final placement area: 4234.10 (+0.00%)
Setting global connections for newly added cells…
[INFO] Setting global connections...
[INFO ODB-0403] 0 connections made, 0 conflicts skipped.
Updating metrics…
Cell type report:                       Count       Area
  Fill cell                                72     270.26
  Tap cell                                133     166.41
  Inverter                                  7      33.78
  Multi-Input combinational cell          375    3877.47
  Total                                   587    4347.92
Writing OpenROAD database to '/home/admin/Documents/Projekty/Hobby/Nauka/RISC-5/.v/DDCA/code/exercises/ALUDesignIverilog/ALU/systemIverilog/build/runs/RUN_2026-09-29_09-19-13/24-openroad-globalplacementskipio/addsub32.odb'…
Writing netlist to '/home/admin/Documents/Projekty/Hobby/Nauka/RISC-5/.v/DDCA/code/exercises/ALUDesignIverilog/ALU/systemIverilog/build/runs/RUN_2026-09-29_09-19-13/24-openroad-globalplacementskipio/addsub32.nl.v'…
Writing powered netlist to '/home/admin/Documents/Projekty/Hobby/Nauka/RISC-5/.v/DDCA/code/exercises/ALUDesignIverilog/ALU/systemIverilog/build/runs/RUN_2026-09-29_09-19-13/24-openroad-globalplacementskipio/addsub32.pnl.v'…
Writing layout to '/home/admin/Documents/Projekty/Hobby/Nauka/RISC-5/.v/DDCA/code/exercises/ALUDesignIverilog/ALU/systemIverilog/build/runs/RUN_2026-09-29_09-19-13/24-openroad-globalplacementskipio/addsub32.def'…
Writing timing constraints to '/home/admin/Documents/Projekty/Hobby/Nauka/RISC-5/.v/DDCA/code/exercises/ALUDesignIverilog/ALU/systemIverilog/build/runs/RUN_2026-09-29_09-19-13/24-openroad-globalplacementskipio/addsub32.sdc'…
