
===========================================================================
report_checks -unconstrained
===========================================================================
======================= nom_tt_025C_1v80 Corner ===================================

Startpoint: sub (input port clocked by __VIRTUAL_CLK__)
Endpoint: S[20] (output port clocked by __VIRTUAL_CLK__)
Path Group: __VIRTUAL_CLK__
Path Type: max

Fanout         Cap        Slew       Delay        Time   Description
---------------------------------------------------------------------------------------------
                      0.000000    0.000000    0.000000   clock __VIRTUAL_CLK__ (rise edge)
                                  0.000000    0.000000   clock network delay (ideal)
                                  0.800000    0.800000 v input external delay
     1    0.010554    0.025749    0.018017    0.818017 v sub (in)
                                                         sub (net)
                      0.025754    0.000000    0.818017 v input65/A (sky130_fd_sc_hd__buf_12)
     8    0.051312    0.042269    0.140550    0.958568 v input65/X (sky130_fd_sc_hd__buf_12)
                                                         net65 (net)
                      0.042403    0.001713    0.960280 v fanout106/A (sky130_fd_sc_hd__buf_8)
     3    0.012257    0.026288    0.122804    1.083085 v fanout106/X (sky130_fd_sc_hd__buf_8)
                                                         net106 (net)
                      0.026288    0.000327    1.083411 v fanout102/A (sky130_fd_sc_hd__buf_8)
     2    0.011685    0.025969    0.114939    1.198350 v fanout102/X (sky130_fd_sc_hd__buf_8)
                                                         net102 (net)
                      0.025969    0.000453    1.198803 v load_slew103/A (sky130_fd_sc_hd__buf_8)
     5    0.025632    0.034093    0.125219    1.324022 v load_slew103/X (sky130_fd_sc_hd__buf_8)
                                                         net103 (net)
                      0.034117    0.000854    1.324876 v fanout100/A (sky130_fd_sc_hd__buf_8)
     5    0.023128    0.032495    0.127114    1.451989 v fanout100/X (sky130_fd_sc_hd__buf_8)
                                                         net100 (net)
                      0.032507    0.000585    1.452574 v load_slew101/A (sky130_fd_sc_hd__buf_8)
     4    0.020331    0.030814    0.124252    1.576826 v load_slew101/X (sky130_fd_sc_hd__buf_8)
                                                         net101 (net)
                      0.030823    0.000488    1.577314 v _354_/A1 (sky130_fd_sc_hd__o21a_2)
     1    0.008275    0.046909    0.226390    1.803704 v _354_/X (sky130_fd_sc_hd__o21a_2)
                                                         _083_ (net)
                      0.046909    0.000252    1.803956 v _359_/A1 (sky130_fd_sc_hd__a22oi_4)
     2    0.015138    0.186994    0.211221    2.015177 ^ _359_/Y (sky130_fd_sc_hd__a22oi_4)
                                                         _088_ (net)
                      0.186995    0.000821    2.015998 ^ _406_/A (sky130_fd_sc_hd__nand4_4)
     1    0.008878    0.094887    0.112338    2.128336 v _406_/Y (sky130_fd_sc_hd__nand4_4)
                                                         _135_ (net)
                      0.094887    0.000283    2.128619 v _409_/A (sky130_fd_sc_hd__nand2_4)
     2    0.016265    0.067213    0.099247    2.227865 ^ _409_/Y (sky130_fd_sc_hd__nand2_4)
                                                         _138_ (net)
                      0.067228    0.000592    2.228457 ^ _411_/A (sky130_fd_sc_hd__nand3_4)
     3    0.027794    0.122102    0.113826    2.342283 v _411_/Y (sky130_fd_sc_hd__nand3_4)
                                                         _140_ (net)
                      0.122104    0.000807    2.343090 v _415_/B (sky130_fd_sc_hd__nand3_4)
     3    0.028634    0.121160    0.158224    2.501314 ^ _415_/Y (sky130_fd_sc_hd__nand3_4)
                                                         _144_ (net)
                      0.121161    0.000778    2.502092 ^ _424_/B1 (sky130_fd_sc_hd__o22ai_4)
     2    0.015562    0.084103    0.106671    2.608764 v _424_/Y (sky130_fd_sc_hd__o22ai_4)
                                                         _153_ (net)
                      0.084105    0.000897    2.609661 v _470_/B1 (sky130_fd_sc_hd__o22ai_4)
     7    0.044445    0.373123    0.331583    2.941243 ^ _470_/Y (sky130_fd_sc_hd__o22ai_4)
                                                         _195_ (net)
                      0.373129    0.001263    2.942507 ^ rebuffer122/A (sky130_fd_sc_hd__buf_6)
     1    0.016740    0.050227    0.178570    3.121077 ^ rebuffer122/X (sky130_fd_sc_hd__buf_6)
                                                         net122 (net)
                      0.050233    0.000594    3.121670 ^ _471_/B (sky130_fd_sc_hd__xor2_4)
     1    0.005748    0.109614    0.146874    3.268544 ^ _471_/X (sky130_fd_sc_hd__xor2_4)
                                                         net78 (net)
                      0.109614    0.000139    3.268683 ^ output78/A (sky130_fd_sc_hd__buf_6)
     1    0.035199    0.078606    0.155399    3.424082 ^ output78/X (sky130_fd_sc_hd__buf_6)
                                                         S[20] (net)
                      0.078617    0.001008    3.425090 ^ S[20] (out)
                                              3.425090   data arrival time

                      0.000000    4.000000    4.000000   clock __VIRTUAL_CLK__ (rise edge)
                                  0.000000    4.000000   clock network delay (ideal)
                                 -0.250000    3.750000   clock uncertainty
                                  0.000000    3.750000   clock reconvergence pessimism
                                 -0.800000    2.950000   output external delay
                                              2.950000   data required time
---------------------------------------------------------------------------------------------
                                              2.950000   data required time
                                             -3.425090   data arrival time
---------------------------------------------------------------------------------------------
                                             -0.475090   slack (VIOLATED)




===========================================================================
report_checks --slack_max -0.01
============================================================================
======================= nom_tt_025C_1v80 Corner ===================================

Startpoint: sub (input port clocked by __VIRTUAL_CLK__)
Endpoint: S[20] (output port clocked by __VIRTUAL_CLK__)
Path Group: __VIRTUAL_CLK__
Path Type: max

Fanout         Cap        Slew       Delay        Time   Description
---------------------------------------------------------------------------------------------
                      0.000000    0.000000    0.000000   clock __VIRTUAL_CLK__ (rise edge)
                                  0.000000    0.000000   clock network delay (ideal)
                                  0.800000    0.800000 v input external delay
     1    0.010554    0.025749    0.018017    0.818017 v sub (in)
                                                         sub (net)
                      0.025754    0.000000    0.818017 v input65/A (sky130_fd_sc_hd__buf_12)
     8    0.051312    0.042269    0.140550    0.958568 v input65/X (sky130_fd_sc_hd__buf_12)
                                                         net65 (net)
                      0.042403    0.001713    0.960280 v fanout106/A (sky130_fd_sc_hd__buf_8)
     3    0.012257    0.026288    0.122804    1.083085 v fanout106/X (sky130_fd_sc_hd__buf_8)
                                                         net106 (net)
                      0.026288    0.000327    1.083411 v fanout102/A (sky130_fd_sc_hd__buf_8)
     2    0.011685    0.025969    0.114939    1.198350 v fanout102/X (sky130_fd_sc_hd__buf_8)
                                                         net102 (net)
                      0.025969    0.000453    1.198803 v load_slew103/A (sky130_fd_sc_hd__buf_8)
     5    0.025632    0.034093    0.125219    1.324022 v load_slew103/X (sky130_fd_sc_hd__buf_8)
                                                         net103 (net)
                      0.034117    0.000854    1.324876 v fanout100/A (sky130_fd_sc_hd__buf_8)
     5    0.023128    0.032495    0.127114    1.451989 v fanout100/X (sky130_fd_sc_hd__buf_8)
                                                         net100 (net)
                      0.032507    0.000585    1.452574 v load_slew101/A (sky130_fd_sc_hd__buf_8)
     4    0.020331    0.030814    0.124252    1.576826 v load_slew101/X (sky130_fd_sc_hd__buf_8)
                                                         net101 (net)
                      0.030823    0.000488    1.577314 v _354_/A1 (sky130_fd_sc_hd__o21a_2)
     1    0.008275    0.046909    0.226390    1.803704 v _354_/X (sky130_fd_sc_hd__o21a_2)
                                                         _083_ (net)
                      0.046909    0.000252    1.803956 v _359_/A1 (sky130_fd_sc_hd__a22oi_4)
     2    0.015138    0.186994    0.211221    2.015177 ^ _359_/Y (sky130_fd_sc_hd__a22oi_4)
                                                         _088_ (net)
                      0.186995    0.000821    2.015998 ^ _406_/A (sky130_fd_sc_hd__nand4_4)
     1    0.008878    0.094887    0.112338    2.128336 v _406_/Y (sky130_fd_sc_hd__nand4_4)
                                                         _135_ (net)
                      0.094887    0.000283    2.128619 v _409_/A (sky130_fd_sc_hd__nand2_4)
     2    0.016265    0.067213    0.099247    2.227865 ^ _409_/Y (sky130_fd_sc_hd__nand2_4)
                                                         _138_ (net)
                      0.067228    0.000592    2.228457 ^ _411_/A (sky130_fd_sc_hd__nand3_4)
     3    0.027794    0.122102    0.113826    2.342283 v _411_/Y (sky130_fd_sc_hd__nand3_4)
                                                         _140_ (net)
                      0.122104    0.000807    2.343090 v _415_/B (sky130_fd_sc_hd__nand3_4)
     3    0.028634    0.121160    0.158224    2.501314 ^ _415_/Y (sky130_fd_sc_hd__nand3_4)
                                                         _144_ (net)
                      0.121161    0.000778    2.502092 ^ _424_/B1 (sky130_fd_sc_hd__o22ai_4)
     2    0.015562    0.084103    0.106671    2.608764 v _424_/Y (sky130_fd_sc_hd__o22ai_4)
                                                         _153_ (net)
                      0.084105    0.000897    2.609661 v _470_/B1 (sky130_fd_sc_hd__o22ai_4)
     7    0.044445    0.373123    0.331583    2.941243 ^ _470_/Y (sky130_fd_sc_hd__o22ai_4)
                                                         _195_ (net)
                      0.373129    0.001263    2.942507 ^ rebuffer122/A (sky130_fd_sc_hd__buf_6)
     1    0.016740    0.050227    0.178570    3.121077 ^ rebuffer122/X (sky130_fd_sc_hd__buf_6)
                                                         net122 (net)
                      0.050233    0.000594    3.121670 ^ _471_/B (sky130_fd_sc_hd__xor2_4)
     1    0.005748    0.109614    0.146874    3.268544 ^ _471_/X (sky130_fd_sc_hd__xor2_4)
                                                         net78 (net)
                      0.109614    0.000139    3.268683 ^ output78/A (sky130_fd_sc_hd__buf_6)
     1    0.035199    0.078606    0.155399    3.424082 ^ output78/X (sky130_fd_sc_hd__buf_6)
                                                         S[20] (net)
                      0.078617    0.001008    3.425090 ^ S[20] (out)
                                              3.425090   data arrival time

                      0.000000    4.000000    4.000000   clock __VIRTUAL_CLK__ (rise edge)
                                  0.000000    4.000000   clock network delay (ideal)
                                 -0.250000    3.750000   clock uncertainty
                                  0.000000    3.750000   clock reconvergence pessimism
                                 -0.800000    2.950000   output external delay
                                              2.950000   data required time
---------------------------------------------------------------------------------------------
                                              2.950000   data required time
                                             -3.425090   data arrival time
---------------------------------------------------------------------------------------------
                                             -0.475090   slack (VIOLATED)




===========================================================================
 report_check_types -max_slew -max_cap -max_fanout -violators
============================================================================
======================= nom_tt_025C_1v80 Corner ===================================



===========================================================================
report_parasitic_annotation -report_unannotated
============================================================================
Found 0 unannotated drivers.
Found 0 partially unannotated drivers.

===========================================================================
max slew violation count 0
max fanout violation count 0
max cap violation count 0
============================================================================

===========================================================================
check_setup -verbose -unconstrained_endpoints -multiple_clock -no_clock -no_input_delay -loops -generated_clocks
===========================================================================
