
===========================================================================
Violator List
============================================================================
[setup in-out] sub -> S[20] : -0.475090
[setup in-out] sub -> S[23] : -0.457964
[setup in-out] sub -> S[22] : -0.457872
[setup in-out] sub -> S[21] : -0.427121
[setup in-out] sub -> S[17] : -0.405567
[setup in-out] sub -> S[9] : -0.340722
[setup in-out] sub -> S[31] : -0.335479
[setup in-out] sub -> S[30] : -0.331394
[setup in-out] sub -> S[19] : -0.324063
[setup in-out] sub -> S[28] : -0.321166
[setup in-out] sub -> S[11] : -0.320030
[setup in-out] sub -> S[26] : -0.309123
[setup in-out] sub -> S[10] : -0.306790
[setup in-out] sub -> S[24] : -0.299443
[setup in-out] sub -> S[29] : -0.278690
[setup in-out] sub -> S[25] : -0.269517
[setup in-out] sub -> S[18] : -0.250454
[setup in-out] sub -> carryOut : -0.247969
[setup in-out] sub -> S[27] : -0.222996
[setup in-out] sub -> S[7] : -0.218717
[setup in-out] sub -> S[15] : -0.209442
[setup in-out] sub -> S[16] : -0.162484
[setup in-out] sub -> S[14] : -0.156893
[setup in-out] sub -> S[12] : -0.030533
[setup in-out] sub -> S[13] : -0.001414
