
===========================================================================
Violator List
============================================================================
[setup in-out] sub -> S[23] : -0.396200
[setup in-out] sub -> S[20] : -0.370349
[setup in-out] sub -> S[17] : -0.331838
[setup in-out] sub -> S[22] : -0.327711
[setup in-out] sub -> S[21] : -0.325987
[setup in-out] sub -> S[26] : -0.298572
[setup in-out] sub -> S[31] : -0.295875
[setup in-out] sub -> S[24] : -0.286916
[setup in-out] sub -> S[15] : -0.286419
[setup in-out] sub -> S[30] : -0.280066
[setup in-out] sub -> S[28] : -0.272546
[setup in-out] sub -> S[27] : -0.270255
[setup in-out] sub -> S[14] : -0.245167
[setup in-out] sub -> S[25] : -0.228556
[setup in-out] sub -> S[13] : -0.221933
[setup in-out] sub -> S[16] : -0.219991
[setup in-out] sub -> S[7] : -0.194213
[setup in-out] sub -> S[29] : -0.189818
[setup in-out] sub -> S[19] : -0.183769
[setup in-out] sub -> carryOut : -0.178114
[setup in-out] sub -> S[18] : -0.176388
[setup in-out] sub -> S[11] : -0.175075
[setup in-out] sub -> S[12] : -0.130814
[setup in-out] sub -> S[9] : -0.082047
[setup in-out] sub -> S[8] : -0.074832
[setup in-out] sub -> S[6] : -0.024150
