
===========================================================================
Violator List
============================================================================
[setup in-out] sub -> S[23] : -1.283492
[setup in-out] sub -> S[30] : -1.263567
[setup in-out] sub -> S[21] : -1.245261
[setup in-out] sub -> S[11] : -1.236554
[setup in-out] sub -> S[22] : -1.229509
[setup in-out] sub -> S[31] : -1.228277
[setup in-out] sub -> S[17] : -1.219989
[setup in-out] sub -> S[20] : -1.190316
[setup in-out] sub -> S[28] : -1.187465
[setup in-out] sub -> S[15] : -1.168011
[setup in-out] sub -> S[14] : -1.166808
[setup in-out] sub -> S[7] : -1.152922
[setup in-out] sub -> S[18] : -1.143324
[setup in-out] sub -> S[29] : -1.127271
[setup in-out] sub -> S[24] : -1.124442
[setup in-out] sub -> S[26] : -1.119515
[setup in-out] sub -> S[27] : -1.118202
[setup in-out] sub -> carryOut : -1.115657
[setup in-out] sub -> S[9] : -1.114436
[setup in-out] sub -> S[10] : -1.103563
[setup in-out] sub -> S[13] : -1.095802
[setup in-out] sub -> S[25] : -1.085409
[setup in-out] sub -> S[19] : -1.074132
[setup in-out] sub -> S[6] : -1.051571
[setup in-out] sub -> S[16] : -0.983476
[setup in-out] sub -> S[12] : -0.921857
[setup in-out] sub -> S[8] : -0.878560
[setup in-out] sub -> S[5] : -0.801300
[setup in-out] sub -> S[2] : -0.678449
[setup in-out] sub -> S[3] : -0.664088
[setup in-out] sub -> S[4] : -0.607731
[setup in-out] sub -> S[1] : -0.117197
