
===========================================================================
report_checks -unconstrained
===========================================================================
======================= max_tt_025C_1v80 Corner ===================================

Startpoint: sub (input port clocked by __VIRTUAL_CLK__)
Endpoint: S[25] (output port clocked by __VIRTUAL_CLK__)
Path Group: __VIRTUAL_CLK__
Path Type: max

Fanout         Cap        Slew       Delay        Time   Description
---------------------------------------------------------------------------------------------
                      0.000000    0.000000    0.000000   clock __VIRTUAL_CLK__ (rise edge)
                                  0.000000    0.000000   clock network delay (ideal)
                                  0.800000    0.800000 v input external delay
     1    0.008023    0.020151    0.013789    0.813789 v sub (in)
                                                         sub (net)
                      0.020163    0.000000    0.813789 v input65/A (sky130_fd_sc_hd__buf_8)
     4    0.033337    0.039578    0.128041    0.941830 v input65/X (sky130_fd_sc_hd__buf_8)
                                                         net65 (net)
                      0.039673    0.001780    0.943610 v fanout118/A (sky130_fd_sc_hd__buf_8)
     5    0.035938    0.041638    0.138190    1.081800 v fanout118/X (sky130_fd_sc_hd__buf_8)
                                                         net118 (net)
                      0.041838    0.002584    1.084383 v fanout113/A (sky130_fd_sc_hd__buf_6)
     3    0.016533    0.030821    0.126722    1.211106 v fanout113/X (sky130_fd_sc_hd__buf_6)
                                                         net113 (net)
                      0.030823    0.000351    1.211456 v fanout112/A (sky130_fd_sc_hd__buf_8)
     6    0.037369    0.042448    0.135567    1.347024 v fanout112/X (sky130_fd_sc_hd__buf_8)
                                                         net112 (net)
                      0.042453    0.000609    1.347633 v fanout109/A (sky130_fd_sc_hd__buf_8)
     5    0.032236    0.038916    0.136973    1.484607 v fanout109/X (sky130_fd_sc_hd__buf_8)
                                                         net109 (net)
                      0.039040    0.001993    1.486599 v _601_/A1 (sky130_fd_sc_hd__o21ai_4)
     1    0.009964    0.138457    0.163893    1.650492 ^ _601_/Y (sky130_fd_sc_hd__o21ai_4)
                                                         _020_ (net)
                      0.138458    0.000813    1.651305 ^ _602_/B1 (sky130_fd_sc_hd__a21oi_4)
     3    0.019858    0.105789    0.068602    1.719907 v _602_/Y (sky130_fd_sc_hd__a21oi_4)
                                                         _021_ (net)
                      0.105791    0.000583    1.720490 v _618_/B2 (sky130_fd_sc_hd__a2bb2o_4)
     1    0.009699    0.041091    0.243138    1.963628 v _618_/X (sky130_fd_sc_hd__a2bb2o_4)
                                                         _037_ (net)
                      0.041101    0.000839    1.964466 v _619_/B1 (sky130_fd_sc_hd__a21oi_4)
     2    0.022409    0.198050    0.193534    2.158000 ^ _619_/Y (sky130_fd_sc_hd__a21oi_4)
                                                         _038_ (net)
                      0.198087    0.002210    2.160209 ^ _350_/C (sky130_fd_sc_hd__nand3_4)
     2    0.017619    0.091378    0.126684    2.286894 v _350_/Y (sky130_fd_sc_hd__nand3_4)
                                                         _115_ (net)
                      0.091380    0.000955    2.287848 v _351_/B2 (sky130_fd_sc_hd__a22oi_4)
     3    0.023823    0.237548    0.257198    2.545047 ^ _351_/Y (sky130_fd_sc_hd__a22oi_4)
                                                         _116_ (net)
                      0.237657    0.003052    2.548099 ^ _386_/B1 (sky130_fd_sc_hd__o22ai_4)
     4    0.033412    0.120310    0.172297    2.720396 v _386_/Y (sky130_fd_sc_hd__o22ai_4)
                                                         _151_ (net)
                      0.120442    0.003753    2.724149 v _477_/A2 (sky130_fd_sc_hd__a21boi_4)
     4    0.019334    0.181616    0.249294    2.973443 ^ _477_/Y (sky130_fd_sc_hd__a21boi_4)
                                                         _234_ (net)
                      0.181620    0.001156    2.974599 ^ max_cap99/A (sky130_fd_sc_hd__buf_6)
     2    0.028170    0.066521    0.162864    3.137463 ^ max_cap99/X (sky130_fd_sc_hd__buf_6)
                                                         net99 (net)
                      0.066550    0.001364    3.138827 ^ _484_/A2 (sky130_fd_sc_hd__o21ai_4)
     1    0.016198    0.066489    0.071868    3.210695 v _484_/Y (sky130_fd_sc_hd__o21ai_4)
                                                         _240_ (net)
                      0.066496    0.001326    3.212022 v _485_/B (sky130_fd_sc_hd__xnor2_4)
     1    0.008195    0.129688    0.152067    3.364088 ^ _485_/Y (sky130_fd_sc_hd__xnor2_4)
                                                         net83 (net)
                      0.129691    0.000711    3.364799 ^ output83/A (sky130_fd_sc_hd__buf_6)
     1    0.035414    0.079111    0.161183    3.525983 ^ output83/X (sky130_fd_sc_hd__buf_6)
                                                         S[25] (net)
                      0.079167    0.002016    3.527999 ^ S[25] (out)
                                              3.527999   data arrival time

                      0.000000    4.000000    4.000000   clock __VIRTUAL_CLK__ (rise edge)
                                  0.000000    4.000000   clock network delay (ideal)
                                 -0.250000    3.750000   clock uncertainty
                                  0.000000    3.750000   clock reconvergence pessimism
                                 -0.800000    2.950000   output external delay
                                              2.950000   data required time
---------------------------------------------------------------------------------------------
                                              2.950000   data required time
                                             -3.527999   data arrival time
---------------------------------------------------------------------------------------------
                                             -0.577999   slack (VIOLATED)




===========================================================================
report_checks --slack_max -0.01
============================================================================
======================= max_tt_025C_1v80 Corner ===================================

Startpoint: sub (input port clocked by __VIRTUAL_CLK__)
Endpoint: S[25] (output port clocked by __VIRTUAL_CLK__)
Path Group: __VIRTUAL_CLK__
Path Type: max

Fanout         Cap        Slew       Delay        Time   Description
---------------------------------------------------------------------------------------------
                      0.000000    0.000000    0.000000   clock __VIRTUAL_CLK__ (rise edge)
                                  0.000000    0.000000   clock network delay (ideal)
                                  0.800000    0.800000 v input external delay
     1    0.008023    0.020151    0.013789    0.813789 v sub (in)
                                                         sub (net)
                      0.020163    0.000000    0.813789 v input65/A (sky130_fd_sc_hd__buf_8)
     4    0.033337    0.039578    0.128041    0.941830 v input65/X (sky130_fd_sc_hd__buf_8)
                                                         net65 (net)
                      0.039673    0.001780    0.943610 v fanout118/A (sky130_fd_sc_hd__buf_8)
     5    0.035938    0.041638    0.138190    1.081800 v fanout118/X (sky130_fd_sc_hd__buf_8)
                                                         net118 (net)
                      0.041838    0.002584    1.084383 v fanout113/A (sky130_fd_sc_hd__buf_6)
     3    0.016533    0.030821    0.126722    1.211106 v fanout113/X (sky130_fd_sc_hd__buf_6)
                                                         net113 (net)
                      0.030823    0.000351    1.211456 v fanout112/A (sky130_fd_sc_hd__buf_8)
     6    0.037369    0.042448    0.135567    1.347024 v fanout112/X (sky130_fd_sc_hd__buf_8)
                                                         net112 (net)
                      0.042453    0.000609    1.347633 v fanout109/A (sky130_fd_sc_hd__buf_8)
     5    0.032236    0.038916    0.136973    1.484607 v fanout109/X (sky130_fd_sc_hd__buf_8)
                                                         net109 (net)
                      0.039040    0.001993    1.486599 v _601_/A1 (sky130_fd_sc_hd__o21ai_4)
     1    0.009964    0.138457    0.163893    1.650492 ^ _601_/Y (sky130_fd_sc_hd__o21ai_4)
                                                         _020_ (net)
                      0.138458    0.000813    1.651305 ^ _602_/B1 (sky130_fd_sc_hd__a21oi_4)
     3    0.019858    0.105789    0.068602    1.719907 v _602_/Y (sky130_fd_sc_hd__a21oi_4)
                                                         _021_ (net)
                      0.105791    0.000583    1.720490 v _618_/B2 (sky130_fd_sc_hd__a2bb2o_4)
     1    0.009699    0.041091    0.243138    1.963628 v _618_/X (sky130_fd_sc_hd__a2bb2o_4)
                                                         _037_ (net)
                      0.041101    0.000839    1.964466 v _619_/B1 (sky130_fd_sc_hd__a21oi_4)
     2    0.022409    0.198050    0.193534    2.158000 ^ _619_/Y (sky130_fd_sc_hd__a21oi_4)
                                                         _038_ (net)
                      0.198087    0.002210    2.160209 ^ _350_/C (sky130_fd_sc_hd__nand3_4)
     2    0.017619    0.091378    0.126684    2.286894 v _350_/Y (sky130_fd_sc_hd__nand3_4)
                                                         _115_ (net)
                      0.091380    0.000955    2.287848 v _351_/B2 (sky130_fd_sc_hd__a22oi_4)
     3    0.023823    0.237548    0.257198    2.545047 ^ _351_/Y (sky130_fd_sc_hd__a22oi_4)
                                                         _116_ (net)
                      0.237657    0.003052    2.548099 ^ _386_/B1 (sky130_fd_sc_hd__o22ai_4)
     4    0.033412    0.120310    0.172297    2.720396 v _386_/Y (sky130_fd_sc_hd__o22ai_4)
                                                         _151_ (net)
                      0.120442    0.003753    2.724149 v _477_/A2 (sky130_fd_sc_hd__a21boi_4)
     4    0.019334    0.181616    0.249294    2.973443 ^ _477_/Y (sky130_fd_sc_hd__a21boi_4)
                                                         _234_ (net)
                      0.181620    0.001156    2.974599 ^ max_cap99/A (sky130_fd_sc_hd__buf_6)
     2    0.028170    0.066521    0.162864    3.137463 ^ max_cap99/X (sky130_fd_sc_hd__buf_6)
                                                         net99 (net)
                      0.066550    0.001364    3.138827 ^ _484_/A2 (sky130_fd_sc_hd__o21ai_4)
     1    0.016198    0.066489    0.071868    3.210695 v _484_/Y (sky130_fd_sc_hd__o21ai_4)
                                                         _240_ (net)
                      0.066496    0.001326    3.212022 v _485_/B (sky130_fd_sc_hd__xnor2_4)
     1    0.008195    0.129688    0.152067    3.364088 ^ _485_/Y (sky130_fd_sc_hd__xnor2_4)
                                                         net83 (net)
                      0.129691    0.000711    3.364799 ^ output83/A (sky130_fd_sc_hd__buf_6)
     1    0.035414    0.079111    0.161183    3.525983 ^ output83/X (sky130_fd_sc_hd__buf_6)
                                                         S[25] (net)
                      0.079167    0.002016    3.527999 ^ S[25] (out)
                                              3.527999   data arrival time

                      0.000000    4.000000    4.000000   clock __VIRTUAL_CLK__ (rise edge)
                                  0.000000    4.000000   clock network delay (ideal)
                                 -0.250000    3.750000   clock uncertainty
                                  0.000000    3.750000   clock reconvergence pessimism
                                 -0.800000    2.950000   output external delay
                                              2.950000   data required time
---------------------------------------------------------------------------------------------
                                              2.950000   data required time
                                             -3.527999   data arrival time
---------------------------------------------------------------------------------------------
                                             -0.577999   slack (VIOLATED)




===========================================================================
 report_check_types -max_slew -max_cap -max_fanout -violators
============================================================================
======================= max_tt_025C_1v80 Corner ===================================



===========================================================================
report_parasitic_annotation -report_unannotated
============================================================================
Found 0 unannotated drivers.
Found 0 partially unannotated drivers.

===========================================================================
max slew violation count 0
max fanout violation count 0
max cap violation count 0
============================================================================

===========================================================================
check_setup -verbose -unconstrained_endpoints -multiple_clock -no_clock -no_input_delay -loops -generated_clocks
===========================================================================
