
===========================================================================
Violator List
============================================================================
[setup in-out] sub -> S[25] : -0.546505
[setup in-out] sub -> S[21] : -0.511970
[setup in-out] sub -> S[23] : -0.511126
[setup in-out] sub -> S[31] : -0.501038
[setup in-out] sub -> S[26] : -0.490043
[setup in-out] sub -> S[27] : -0.487490
[setup in-out] sub -> carryOut : -0.479329
[setup in-out] sub -> S[22] : -0.473589
[setup in-out] sub -> S[24] : -0.462858
[setup in-out] sub -> S[30] : -0.443274
[setup in-out] sub -> S[18] : -0.427767
[setup in-out] sub -> S[11] : -0.413593
[setup in-out] sub -> S[19] : -0.402150
[setup in-out] sub -> S[29] : -0.400569
[setup in-out] sub -> S[20] : -0.327608
[setup in-out] sub -> S[7] : -0.277021
[setup in-out] sub -> S[28] : -0.256962
[setup in-out] sub -> S[9] : -0.242722
[setup in-out] sub -> S[10] : -0.233958
[setup in-out] sub -> S[17] : -0.227411
[setup in-out] sub -> S[15] : -0.218225
[setup in-out] sub -> S[14] : -0.178022
[setup in-out] sub -> S[13] : -0.147056
[setup in-out] sub -> S[6] : -0.139521
[setup in-out] sub -> S[16] : -0.086163
[setup in-out] sub -> S[8] : -0.047257
[setup in-out] sub -> S[5] : -0.018093
