
===========================================================================
Violator List
============================================================================
[setup in-out] sub -> S[21] : -2.748993
[setup in-out] sub -> S[22] : -2.736951
[setup in-out] sub -> S[30] : -2.697336
[setup in-out] sub -> S[23] : -2.681803
[setup in-out] sub -> S[28] : -2.640360
[setup in-out] sub -> S[31] : -2.597728
[setup in-out] sub -> S[15] : -2.595351
[setup in-out] sub -> S[20] : -2.574701
[setup in-out] sub -> S[26] : -2.573793
[setup in-out] sub -> carryOut : -2.538350
[setup in-out] sub -> S[11] : -2.525426
[setup in-out] sub -> S[27] : -2.514233
[setup in-out] sub -> S[24] : -2.513738
[setup in-out] sub -> S[25] : -2.507421
[setup in-out] sub -> S[17] : -2.496994
[setup in-out] sub -> S[29] : -2.481162
[setup in-out] sub -> S[18] : -2.460944
[setup in-out] sub -> S[19] : -2.455786
[setup in-out] sub -> S[14] : -2.450721
[setup in-out] sub -> S[13] : -2.397441
[setup in-out] sub -> S[9] : -2.382589
[setup in-out] sub -> S[10] : -2.338664
[setup in-out] sub -> S[16] : -2.307163
[setup in-out] sub -> S[8] : -2.204880
[setup in-out] sub -> S[12] : -2.203830
[setup in-out] sub -> S[7] : -2.154604
[setup in-out] sub -> S[6] : -2.054546
[setup in-out] sub -> S[5] : -1.865701
[setup in-out] sub -> S[4] : -1.677841
[setup in-out] sub -> S[3] : -1.516185
[setup in-out] sub -> S[2] : -1.399858
[setup in-out] sub -> S[1] : -0.990069
Writing metric timing__hold_vio__count__corner:nom_tt_025C_1v80: 0
Writing metric timing__hold_r2r__ws__corner:nom_tt_025C_1v80: 1e30
Writing metric timing__hold_r2r_vio__count__corner:nom_tt_025C_1v80: 0
Writing metric timing__setup_vio__count__corner:nom_tt_025C_1v80: 32
Writing metric timing__setup_r2r__ws__corner:nom_tt_025C_1v80: 1e30
Writing metric timing__setup_r2r_vio__count__corner:nom_tt_025C_1v80: 0
