
===========================================================================
report_checks -unconstrained
===========================================================================
======================= nom_tt_025C_1v80 Corner ===================================

Startpoint: sub (input port clocked by __VIRTUAL_CLK__)
Endpoint: S[27] (output port clocked by __VIRTUAL_CLK__)
Path Group: __VIRTUAL_CLK__
Path Type: max

Fanout         Cap        Slew       Delay        Time   Description
---------------------------------------------------------------------------------------------
                      0.000000    0.000000    0.000000   clock __VIRTUAL_CLK__ (rise edge)
                                  0.000000    0.000000   clock network delay (ideal)
                                  0.800000    0.800000 ^ input external delay
     1    0.008238    0.043567    0.029698    0.829698 ^ sub (in)
                                                         sub (net)
                      0.043567    0.000000    0.829698 ^ input65/A (sky130_fd_sc_hd__buf_8)
     3    0.018340    0.042310    0.101835    0.931534 ^ input65/X (sky130_fd_sc_hd__buf_8)
                                                         net65 (net)
                      0.042312    0.000354    0.931888 ^ fanout107/A (sky130_fd_sc_hd__buf_6)
     3    0.014891    0.041620    0.101852    1.033740 ^ fanout107/X (sky130_fd_sc_hd__buf_6)
                                                         net107 (net)
                      0.041620    0.000028    1.033768 ^ fanout105/A (sky130_fd_sc_hd__buf_8)
     2    0.011021    0.032162    0.092322    1.126089 ^ fanout105/X (sky130_fd_sc_hd__buf_8)
                                                         net105 (net)
                      0.032162    0.000088    1.126177 ^ load_slew106/A (sky130_fd_sc_hd__buf_8)
     4    0.025204    0.052233    0.106037    1.232215 ^ load_slew106/X (sky130_fd_sc_hd__buf_8)
                                                         net106 (net)
                      0.052233    0.000130    1.232345 ^ _666_/A (sky130_fd_sc_hd__inv_8)
     7    0.023708    0.022903    0.039256    1.271601 v _666_/Y (sky130_fd_sc_hd__inv_8)
                                                         _001_ (net)
                      0.022915    0.000410    1.272011 v _364_/D (sky130_fd_sc_hd__or4_4)
     1    0.004676    0.083819    0.426233    1.698244 v _364_/X (sky130_fd_sc_hd__or4_4)
                                                         _087_ (net)
                      0.083819    0.000014    1.698259 v _366_/A1 (sky130_fd_sc_hd__a21o_4)
     2    0.006698    0.036140    0.223972    1.922230 v _366_/X (sky130_fd_sc_hd__a21o_4)
                                                         _089_ (net)
                      0.036140    0.000016    1.922246 v _367_/A1 (sky130_fd_sc_hd__a21bo_4)
     2    0.007660    0.038479    0.214076    2.136322 v _367_/X (sky130_fd_sc_hd__a21bo_4)
                                                         _090_ (net)
                      0.038479    0.000022    2.136344 v _370_/A1 (sky130_fd_sc_hd__a211o_4)
     2    0.008300    0.055092    0.337515    2.473859 v _370_/X (sky130_fd_sc_hd__a211o_4)
                                                         _093_ (net)
                      0.055092    0.000101    2.473959 v _466_/A2 (sky130_fd_sc_hd__a311o_4)
     3    0.012036    0.066941    0.407325    2.881285 v _466_/X (sky130_fd_sc_hd__a311o_4)
                                                         _181_ (net)
                      0.066941    0.000093    2.881378 v _496_/A2 (sky130_fd_sc_hd__a21o_4)
     3    0.007307    0.036858    0.232374    3.113752 v _496_/X (sky130_fd_sc_hd__a21o_4)
                                                         _209_ (net)
                      0.036858    0.000037    3.113789 v _506_/A (sky130_fd_sc_hd__and4_2)
     1    0.002964    0.040099    0.176890    3.290679 v _506_/X (sky130_fd_sc_hd__and4_2)
                                                         _218_ (net)
                      0.040099    0.000011    3.290690 v _508_/B (sky130_fd_sc_hd__or4b_4)
     1    0.017262    0.109677    0.578272    3.868962 v _508_/X (sky130_fd_sc_hd__or4b_4)
                                                         _220_ (net)
                      0.109677    0.000117    3.869079 v _509_/A (sky130_fd_sc_hd__xnor2_4)
     1    0.005074    0.111070    0.180078    4.049157 ^ _509_/Y (sky130_fd_sc_hd__xnor2_4)
                                                         net85 (net)
                      0.111070    0.000005    4.049162 ^ output85/A (sky130_fd_sc_hd__buf_6)
     1    0.034806    0.077995    0.155800    4.204963 ^ output85/X (sky130_fd_sc_hd__buf_6)
                                                         S[27] (net)
                      0.077995    0.000221    4.205184 ^ S[27] (out)
                                              4.205184   data arrival time

                      0.000000    4.000000    4.000000   clock __VIRTUAL_CLK__ (rise edge)
                                  0.000000    4.000000   clock network delay (ideal)
                                 -0.250000    3.750000   clock uncertainty
                                  0.000000    3.750000   clock reconvergence pessimism
                                 -0.800000    2.950000   output external delay
                                              2.950000   data required time
---------------------------------------------------------------------------------------------
                                              2.950000   data required time
                                             -4.205184   data arrival time
---------------------------------------------------------------------------------------------
                                             -1.255184   slack (VIOLATED)




===========================================================================
report_checks --slack_max -0.01
============================================================================
======================= nom_tt_025C_1v80 Corner ===================================

Startpoint: sub (input port clocked by __VIRTUAL_CLK__)
Endpoint: S[27] (output port clocked by __VIRTUAL_CLK__)
Path Group: __VIRTUAL_CLK__
Path Type: max

Fanout         Cap        Slew       Delay        Time   Description
---------------------------------------------------------------------------------------------
                      0.000000    0.000000    0.000000   clock __VIRTUAL_CLK__ (rise edge)
                                  0.000000    0.000000   clock network delay (ideal)
                                  0.800000    0.800000 ^ input external delay
     1    0.008238    0.043567    0.029698    0.829698 ^ sub (in)
                                                         sub (net)
                      0.043567    0.000000    0.829698 ^ input65/A (sky130_fd_sc_hd__buf_8)
     3    0.018340    0.042310    0.101835    0.931534 ^ input65/X (sky130_fd_sc_hd__buf_8)
                                                         net65 (net)
                      0.042312    0.000354    0.931888 ^ fanout107/A (sky130_fd_sc_hd__buf_6)
     3    0.014891    0.041620    0.101852    1.033740 ^ fanout107/X (sky130_fd_sc_hd__buf_6)
                                                         net107 (net)
                      0.041620    0.000028    1.033768 ^ fanout105/A (sky130_fd_sc_hd__buf_8)
     2    0.011021    0.032162    0.092322    1.126089 ^ fanout105/X (sky130_fd_sc_hd__buf_8)
                                                         net105 (net)
                      0.032162    0.000088    1.126177 ^ load_slew106/A (sky130_fd_sc_hd__buf_8)
     4    0.025204    0.052233    0.106037    1.232215 ^ load_slew106/X (sky130_fd_sc_hd__buf_8)
                                                         net106 (net)
                      0.052233    0.000130    1.232345 ^ _666_/A (sky130_fd_sc_hd__inv_8)
     7    0.023708    0.022903    0.039256    1.271601 v _666_/Y (sky130_fd_sc_hd__inv_8)
                                                         _001_ (net)
                      0.022915    0.000410    1.272011 v _364_/D (sky130_fd_sc_hd__or4_4)
     1    0.004676    0.083819    0.426233    1.698244 v _364_/X (sky130_fd_sc_hd__or4_4)
                                                         _087_ (net)
                      0.083819    0.000014    1.698259 v _366_/A1 (sky130_fd_sc_hd__a21o_4)
     2    0.006698    0.036140    0.223972    1.922230 v _366_/X (sky130_fd_sc_hd__a21o_4)
                                                         _089_ (net)
                      0.036140    0.000016    1.922246 v _367_/A1 (sky130_fd_sc_hd__a21bo_4)
     2    0.007660    0.038479    0.214076    2.136322 v _367_/X (sky130_fd_sc_hd__a21bo_4)
                                                         _090_ (net)
                      0.038479    0.000022    2.136344 v _370_/A1 (sky130_fd_sc_hd__a211o_4)
     2    0.008300    0.055092    0.337515    2.473859 v _370_/X (sky130_fd_sc_hd__a211o_4)
                                                         _093_ (net)
                      0.055092    0.000101    2.473959 v _466_/A2 (sky130_fd_sc_hd__a311o_4)
     3    0.012036    0.066941    0.407325    2.881285 v _466_/X (sky130_fd_sc_hd__a311o_4)
                                                         _181_ (net)
                      0.066941    0.000093    2.881378 v _496_/A2 (sky130_fd_sc_hd__a21o_4)
     3    0.007307    0.036858    0.232374    3.113752 v _496_/X (sky130_fd_sc_hd__a21o_4)
                                                         _209_ (net)
                      0.036858    0.000037    3.113789 v _506_/A (sky130_fd_sc_hd__and4_2)
     1    0.002964    0.040099    0.176890    3.290679 v _506_/X (sky130_fd_sc_hd__and4_2)
                                                         _218_ (net)
                      0.040099    0.000011    3.290690 v _508_/B (sky130_fd_sc_hd__or4b_4)
     1    0.017262    0.109677    0.578272    3.868962 v _508_/X (sky130_fd_sc_hd__or4b_4)
                                                         _220_ (net)
                      0.109677    0.000117    3.869079 v _509_/A (sky130_fd_sc_hd__xnor2_4)
     1    0.005074    0.111070    0.180078    4.049157 ^ _509_/Y (sky130_fd_sc_hd__xnor2_4)
                                                         net85 (net)
                      0.111070    0.000005    4.049162 ^ output85/A (sky130_fd_sc_hd__buf_6)
     1    0.034806    0.077995    0.155800    4.204963 ^ output85/X (sky130_fd_sc_hd__buf_6)
                                                         S[27] (net)
                      0.077995    0.000221    4.205184 ^ S[27] (out)
                                              4.205184   data arrival time

                      0.000000    4.000000    4.000000   clock __VIRTUAL_CLK__ (rise edge)
                                  0.000000    4.000000   clock network delay (ideal)
                                 -0.250000    3.750000   clock uncertainty
                                  0.000000    3.750000   clock reconvergence pessimism
                                 -0.800000    2.950000   output external delay
                                              2.950000   data required time
---------------------------------------------------------------------------------------------
                                              2.950000   data required time
                                             -4.205184   data arrival time
---------------------------------------------------------------------------------------------
                                             -1.255184   slack (VIOLATED)




===========================================================================
 report_check_types -max_slew -max_cap -max_fanout -violators
============================================================================
======================= nom_tt_025C_1v80 Corner ===================================



===========================================================================
report_parasitic_annotation -report_unannotated
============================================================================
Found 0 unannotated drivers.
Found 0 partially unannotated drivers.

===========================================================================
max slew violation count 0
Writing metric design__max_slew_violation__count__corner:nom_tt_025C_1v80: 0
max fanout violation count 0
Writing metric design__max_fanout_violation__count__corner:nom_tt_025C_1v80: 0
max cap violation count 0
Writing metric design__max_cap_violation__count__corner:nom_tt_025C_1v80: 0
============================================================================

===========================================================================
check_setup -verbose -unconstrained_endpoints -multiple_clock -no_clock -no_input_delay -loops -generated_clocks
===========================================================================
