
===========================================================================
Violator List
============================================================================
[setup in-out] sub -> S[27] : -1.255184
[setup in-out] sub -> S[29] : -1.214593
[setup in-out] sub -> S[31] : -1.212874
[setup in-out] sub -> S[21] : -1.199568
[setup in-out] sub -> S[23] : -1.143908
[setup in-out] sub -> carryOut : -0.992041
[setup in-out] sub -> S[30] : -0.902465
[setup in-out] sub -> S[25] : -0.894120
[setup in-out] sub -> S[13] : -0.889546
[setup in-out] sub -> S[22] : -0.886281
[setup in-out] sub -> S[20] : -0.822415
[setup in-out] sub -> S[15] : -0.804409
[setup in-out] sub -> S[19] : -0.784741
[setup in-out] sub -> S[17] : -0.759175
[setup in-out] sub -> S[10] : -0.698061
[setup in-out] sub -> S[26] : -0.677388
[setup in-out] sub -> S[24] : -0.577246
[setup in-out] sub -> S[28] : -0.570376
[setup in-out] sub -> S[14] : -0.422493
[setup in-out] sub -> S[18] : -0.399500
[setup in-out] sub -> S[5] : -0.351020
[setup in-out] sub -> S[11] : -0.337321
[setup in-out] sub -> S[6] : -0.271581
[setup in-out] sub -> S[16] : -0.174232
[setup in-out] sub -> S[9] : -0.168259
[setup in-out] sub -> S[7] : -0.161480
Writing metric timing__hold_vio__count__corner:nom_tt_025C_1v80: 0
Writing metric timing__hold_r2r__ws__corner:nom_tt_025C_1v80: 1e30
Writing metric timing__hold_r2r_vio__count__corner:nom_tt_025C_1v80: 0
Writing metric timing__setup_vio__count__corner:nom_tt_025C_1v80: 26
Writing metric timing__setup_r2r__ws__corner:nom_tt_025C_1v80: 1e30
Writing metric timing__setup_r2r_vio__count__corner:nom_tt_025C_1v80: 0
