
===========================================================================
report_checks -unconstrained
===========================================================================
======================= max_ff_n40C_1v95 Corner ===================================

Startpoint: sub (input port clocked by __VIRTUAL_CLK__)
Endpoint: S[20] (output port clocked by __VIRTUAL_CLK__)
Path Group: __VIRTUAL_CLK__
Path Type: max

Fanout         Cap        Slew       Delay        Time   Description
---------------------------------------------------------------------------------------------
                      0.000000    0.000000    0.000000   clock __VIRTUAL_CLK__ (rise edge)
                                  0.000000    0.000000   clock network delay (ideal)
                                  0.800000    0.800000 v input external delay
     1    0.008325    0.013646    0.008504    0.808504 v sub (in)
                                                         sub (net)
                      0.013663    0.000000    0.808504 v input65/A (sky130_fd_sc_hd__buf_8)
     4    0.033160    0.029656    0.084476    0.892979 v input65/X (sky130_fd_sc_hd__buf_8)
                                                         net65 (net)
                      0.029990    0.002508    0.895487 v fanout121/A (sky130_fd_sc_hd__buf_8)
     5    0.032399    0.029685    0.089993    0.985480 v fanout121/X (sky130_fd_sc_hd__buf_8)
                                                         net121 (net)
                      0.030066    0.002754    0.988235 v fanout113/A (sky130_fd_sc_hd__buf_8)
     2    0.010701    0.019197    0.079412    1.067647 v fanout113/X (sky130_fd_sc_hd__buf_8)
                                                         net113 (net)
                      0.019204    0.000859    1.068506 v load_slew115/A (sky130_fd_sc_hd__buf_8)
     3    0.017043    0.021791    0.078660    1.147165 v load_slew115/X (sky130_fd_sc_hd__buf_8)
                                                         net115 (net)
                      0.021798    0.000610    1.147776 v load_slew114/A (sky130_fd_sc_hd__buf_8)
     3    0.043909    0.036083    0.092289    1.240065 v load_slew114/X (sky130_fd_sc_hd__buf_8)
                                                         net114 (net)
                      0.036744    0.004031    1.244096 v _652_/A (sky130_fd_sc_hd__inv_16)
     8    0.075248    0.060186    0.066819    1.310915 ^ _652_/Y (sky130_fd_sc_hd__inv_16)
                                                         _348_ (net)
                      0.060325    0.002414    1.313329 ^ _702_/A (sky130_fd_sc_hd__nand2_2)
     1    0.005793    0.042118    0.032934    1.346263 v _702_/Y (sky130_fd_sc_hd__nand2_2)
                                                         _049_ (net)
                      0.042119    0.000429    1.346692 v _706_/B (sky130_fd_sc_hd__nand3b_2)
     4    0.024560    0.128028    0.118422    1.465114 ^ _706_/Y (sky130_fd_sc_hd__nand3b_2)
                                                         _053_ (net)
                      0.128056    0.001579    1.466693 ^ _709_/D (sky130_fd_sc_hd__nand4_4)
     1    0.009132    0.073720    0.069451    1.536144 v _709_/Y (sky130_fd_sc_hd__nand4_4)
                                                         _056_ (net)
                      0.073721    0.000754    1.536898 v _725_/B (sky130_fd_sc_hd__nor2_4)
     4    0.034349    0.166931    0.160502    1.697400 ^ _725_/Y (sky130_fd_sc_hd__nor2_4)
                                                         _072_ (net)
                      0.167181    0.005493    1.702894 ^ _410_/D (sky130_fd_sc_hd__nand4_4)
     2    0.015096    0.073350    0.081772    1.784666 v _410_/Y (sky130_fd_sc_hd__nand4_4)
                                                         _139_ (net)
                      0.073354    0.001051    1.785717 v _415_/C (sky130_fd_sc_hd__nand3_4)
     3    0.021227    0.077980    0.099926    1.885643 ^ _415_/Y (sky130_fd_sc_hd__nand3_4)
                                                         _144_ (net)
                      0.077996    0.002166    1.887809 ^ _424_/B1 (sky130_fd_sc_hd__o22ai_4)
     4    0.024574    0.073018    0.057541    1.945350 v _424_/Y (sky130_fd_sc_hd__o22ai_4)
                                                         _153_ (net)
                      0.073181    0.002824    1.948174 v _470_/B1 (sky130_fd_sc_hd__o22ai_4)
     7    0.034860    0.208459    0.204180    2.152354 ^ _470_/Y (sky130_fd_sc_hd__o22ai_4)
                                                         _195_ (net)
                      0.208488    0.001995    2.154349 ^ rebuffer122/A (sky130_fd_sc_hd__buf_4)
     1    0.015958    0.044197    0.113358    2.267707 ^ rebuffer122/X (sky130_fd_sc_hd__buf_4)
                                                         net122 (net)
                      0.044241    0.001297    2.269004 ^ _471_/B (sky130_fd_sc_hd__xor2_4)
     1    0.003958    0.075735    0.093480    2.362484 ^ _471_/X (sky130_fd_sc_hd__xor2_4)
                                                         net78 (net)
                      0.075735    0.000126    2.362611 ^ output78/A (sky130_fd_sc_hd__clkbuf_4)
     1    0.034822    0.085343    0.145444    2.508055 ^ output78/X (sky130_fd_sc_hd__clkbuf_4)
                                                         S[20] (net)
                      0.085439    0.001950    2.510005 ^ S[20] (out)
                                              2.510005   data arrival time

                      0.000000    4.000000    4.000000   clock __VIRTUAL_CLK__ (rise edge)
                                  0.000000    4.000000   clock network delay (ideal)
                                 -0.250000    3.750000   clock uncertainty
                                  0.000000    3.750000   clock reconvergence pessimism
                                 -0.800000    2.950000   output external delay
                                              2.950000   data required time
---------------------------------------------------------------------------------------------
                                              2.950000   data required time
                                             -2.510005   data arrival time
---------------------------------------------------------------------------------------------
                                              0.439995   slack (MET)




===========================================================================
report_checks --slack_max -0.01
============================================================================
======================= max_ff_n40C_1v95 Corner ===================================

No paths found.


===========================================================================
 report_check_types -max_slew -max_cap -max_fanout -violators
============================================================================
======================= max_ff_n40C_1v95 Corner ===================================



===========================================================================
report_parasitic_annotation -report_unannotated
============================================================================
Found 0 unannotated drivers.
Found 0 partially unannotated drivers.

===========================================================================
max slew violation count 0
max fanout violation count 0
max cap violation count 0
============================================================================

===========================================================================
check_setup -verbose -unconstrained_endpoints -multiple_clock -no_clock -no_input_delay -loops -generated_clocks
===========================================================================
