
===========================================================================
report_checks -unconstrained
===========================================================================
======================= nom_tt_025C_1v80 Corner ===================================

Startpoint: sub (input port clocked by __VIRTUAL_CLK__)
Endpoint: S[27] (output port clocked by __VIRTUAL_CLK__)
Path Group: __VIRTUAL_CLK__
Path Type: max

Fanout         Cap        Slew       Delay        Time   Description
---------------------------------------------------------------------------------------------
                      0.000000    0.000000    0.000000   clock __VIRTUAL_CLK__ (rise edge)
                                  0.000000    0.000000   clock network delay (ideal)
                                  0.800000    0.800000 ^ input external delay
     1    0.008817    0.046164    0.031754    0.831754 ^ sub (in)
                                                         sub (net)
                      0.046165    0.000000    0.831754 ^ input65/A (sky130_fd_sc_hd__buf_8)
     3    0.018854    0.042989    0.103164    0.934919 ^ input65/X (sky130_fd_sc_hd__buf_8)
                                                         net65 (net)
                      0.043014    0.000968    0.935886 ^ fanout107/A (sky130_fd_sc_hd__buf_6)
     3    0.016003    0.043616    0.103662    1.039548 ^ fanout107/X (sky130_fd_sc_hd__buf_6)
                                                         net107 (net)
                      0.043622    0.000555    1.040103 ^ fanout105/A (sky130_fd_sc_hd__buf_8)
     2    0.011531    0.032842    0.093579    1.133682 ^ fanout105/X (sky130_fd_sc_hd__buf_8)
                                                         net105 (net)
                      0.032843    0.000440    1.134122 ^ load_slew106/A (sky130_fd_sc_hd__buf_8)
     4    0.026538    0.054129    0.107498    1.241620 ^ load_slew106/X (sky130_fd_sc_hd__buf_8)
                                                         net106 (net)
                      0.054149    0.001016    1.242636 ^ _666_/A (sky130_fd_sc_hd__inv_8)
     7    0.026815    0.024824    0.040925    1.283561 v _666_/Y (sky130_fd_sc_hd__inv_8)
                                                         _001_ (net)
                      0.024959    0.001490    1.285051 v _364_/D (sky130_fd_sc_hd__or4_4)
     1    0.004886    0.084504    0.427793    1.712844 v _364_/X (sky130_fd_sc_hd__or4_4)
                                                         _087_ (net)
                      0.084504    0.000169    1.713013 v _366_/A1 (sky130_fd_sc_hd__a21o_4)
     2    0.007646    0.037136    0.226166    1.939178 v _366_/X (sky130_fd_sc_hd__a21o_4)
                                                         _089_ (net)
                      0.037229    0.000208    1.939386 v _367_/A1 (sky130_fd_sc_hd__a21bo_4)
     2    0.009168    0.040445    0.217824    2.157211 v _367_/X (sky130_fd_sc_hd__a21bo_4)
                                                         _090_ (net)
                      0.040445    0.000280    2.157491 v _370_/A1 (sky130_fd_sc_hd__a211o_4)
     2    0.009348    0.056736    0.340994    2.498485 v _370_/X (sky130_fd_sc_hd__a211o_4)
                                                         _093_ (net)
                      0.056736    0.000490    2.498975 v _466_/A2 (sky130_fd_sc_hd__a311o_4)
     3    0.013685    0.070236    0.412757    2.911732 v _466_/X (sky130_fd_sc_hd__a311o_4)
                                                         _181_ (net)
                      0.070302    0.000477    2.912209 v _496_/A2 (sky130_fd_sc_hd__a21o_4)
     3    0.008054    0.037711    0.235348    3.147556 v _496_/X (sky130_fd_sc_hd__a21o_4)
                                                         _209_ (net)
                      0.037711    0.000178    3.147734 v _506_/A (sky130_fd_sc_hd__and4_2)
     1    0.003804    0.042947    0.181438    3.329172 v _506_/X (sky130_fd_sc_hd__and4_2)
                                                         _218_ (net)
                      0.042947    0.000110    3.329282 v _508_/B (sky130_fd_sc_hd__or4b_4)
     1    0.018398    0.111162    0.581655    3.910937 v _508_/X (sky130_fd_sc_hd__or4b_4)
                                                         _220_ (net)
                      0.111162    0.000962    3.911899 v _509_/A (sky130_fd_sc_hd__xnor2_4)
     1    0.006226    0.117895    0.186686    4.098585 ^ _509_/Y (sky130_fd_sc_hd__xnor2_4)
                                                         net85 (net)
                      0.117895    0.000247    4.098832 ^ output85/A (sky130_fd_sc_hd__buf_6)
     1    0.036116    0.080321    0.159386    4.258218 ^ output85/X (sky130_fd_sc_hd__buf_6)
                                                         S[27] (net)
                      0.080345    0.001378    4.259596 ^ S[27] (out)
                                              4.259596   data arrival time

                      0.000000    4.000000    4.000000   clock __VIRTUAL_CLK__ (rise edge)
                                  0.000000    4.000000   clock network delay (ideal)
                                 -0.250000    3.750000   clock uncertainty
                                  0.000000    3.750000   clock reconvergence pessimism
                                 -0.800000    2.950000   output external delay
                                              2.950000   data required time
---------------------------------------------------------------------------------------------
                                              2.950000   data required time
                                             -4.259596   data arrival time
---------------------------------------------------------------------------------------------
                                             -1.309596   slack (VIOLATED)




===========================================================================
report_checks --slack_max -0.01
============================================================================
======================= nom_tt_025C_1v80 Corner ===================================

Startpoint: sub (input port clocked by __VIRTUAL_CLK__)
Endpoint: S[27] (output port clocked by __VIRTUAL_CLK__)
Path Group: __VIRTUAL_CLK__
Path Type: max

Fanout         Cap        Slew       Delay        Time   Description
---------------------------------------------------------------------------------------------
                      0.000000    0.000000    0.000000   clock __VIRTUAL_CLK__ (rise edge)
                                  0.000000    0.000000   clock network delay (ideal)
                                  0.800000    0.800000 ^ input external delay
     1    0.008817    0.046164    0.031754    0.831754 ^ sub (in)
                                                         sub (net)
                      0.046165    0.000000    0.831754 ^ input65/A (sky130_fd_sc_hd__buf_8)
     3    0.018854    0.042989    0.103164    0.934919 ^ input65/X (sky130_fd_sc_hd__buf_8)
                                                         net65 (net)
                      0.043014    0.000968    0.935886 ^ fanout107/A (sky130_fd_sc_hd__buf_6)
     3    0.016003    0.043616    0.103662    1.039548 ^ fanout107/X (sky130_fd_sc_hd__buf_6)
                                                         net107 (net)
                      0.043622    0.000555    1.040103 ^ fanout105/A (sky130_fd_sc_hd__buf_8)
     2    0.011531    0.032842    0.093579    1.133682 ^ fanout105/X (sky130_fd_sc_hd__buf_8)
                                                         net105 (net)
                      0.032843    0.000440    1.134122 ^ load_slew106/A (sky130_fd_sc_hd__buf_8)
     4    0.026538    0.054129    0.107498    1.241620 ^ load_slew106/X (sky130_fd_sc_hd__buf_8)
                                                         net106 (net)
                      0.054149    0.001016    1.242636 ^ _666_/A (sky130_fd_sc_hd__inv_8)
     7    0.026815    0.024824    0.040925    1.283561 v _666_/Y (sky130_fd_sc_hd__inv_8)
                                                         _001_ (net)
                      0.024959    0.001490    1.285051 v _364_/D (sky130_fd_sc_hd__or4_4)
     1    0.004886    0.084504    0.427793    1.712844 v _364_/X (sky130_fd_sc_hd__or4_4)
                                                         _087_ (net)
                      0.084504    0.000169    1.713013 v _366_/A1 (sky130_fd_sc_hd__a21o_4)
     2    0.007646    0.037136    0.226166    1.939178 v _366_/X (sky130_fd_sc_hd__a21o_4)
                                                         _089_ (net)
                      0.037229    0.000208    1.939386 v _367_/A1 (sky130_fd_sc_hd__a21bo_4)
     2    0.009168    0.040445    0.217824    2.157211 v _367_/X (sky130_fd_sc_hd__a21bo_4)
                                                         _090_ (net)
                      0.040445    0.000280    2.157491 v _370_/A1 (sky130_fd_sc_hd__a211o_4)
     2    0.009348    0.056736    0.340994    2.498485 v _370_/X (sky130_fd_sc_hd__a211o_4)
                                                         _093_ (net)
                      0.056736    0.000490    2.498975 v _466_/A2 (sky130_fd_sc_hd__a311o_4)
     3    0.013685    0.070236    0.412757    2.911732 v _466_/X (sky130_fd_sc_hd__a311o_4)
                                                         _181_ (net)
                      0.070302    0.000477    2.912209 v _496_/A2 (sky130_fd_sc_hd__a21o_4)
     3    0.008054    0.037711    0.235348    3.147556 v _496_/X (sky130_fd_sc_hd__a21o_4)
                                                         _209_ (net)
                      0.037711    0.000178    3.147734 v _506_/A (sky130_fd_sc_hd__and4_2)
     1    0.003804    0.042947    0.181438    3.329172 v _506_/X (sky130_fd_sc_hd__and4_2)
                                                         _218_ (net)
                      0.042947    0.000110    3.329282 v _508_/B (sky130_fd_sc_hd__or4b_4)
     1    0.018398    0.111162    0.581655    3.910937 v _508_/X (sky130_fd_sc_hd__or4b_4)
                                                         _220_ (net)
                      0.111162    0.000962    3.911899 v _509_/A (sky130_fd_sc_hd__xnor2_4)
     1    0.006226    0.117895    0.186686    4.098585 ^ _509_/Y (sky130_fd_sc_hd__xnor2_4)
                                                         net85 (net)
                      0.117895    0.000247    4.098832 ^ output85/A (sky130_fd_sc_hd__buf_6)
     1    0.036116    0.080321    0.159386    4.258218 ^ output85/X (sky130_fd_sc_hd__buf_6)
                                                         S[27] (net)
                      0.080345    0.001378    4.259596 ^ S[27] (out)
                                              4.259596   data arrival time

                      0.000000    4.000000    4.000000   clock __VIRTUAL_CLK__ (rise edge)
                                  0.000000    4.000000   clock network delay (ideal)
                                 -0.250000    3.750000   clock uncertainty
                                  0.000000    3.750000   clock reconvergence pessimism
                                 -0.800000    2.950000   output external delay
                                              2.950000   data required time
---------------------------------------------------------------------------------------------
                                              2.950000   data required time
                                             -4.259596   data arrival time
---------------------------------------------------------------------------------------------
                                             -1.309596   slack (VIOLATED)




===========================================================================
 report_check_types -max_slew -max_cap -max_fanout -violators
============================================================================
======================= nom_tt_025C_1v80 Corner ===================================



===========================================================================
report_parasitic_annotation -report_unannotated
============================================================================
Found 0 unannotated drivers.
Found 0 partially unannotated drivers.

===========================================================================
max slew violation count 0
Writing metric design__max_slew_violation__count__corner:nom_tt_025C_1v80: 0
max fanout violation count 0
Writing metric design__max_fanout_violation__count__corner:nom_tt_025C_1v80: 0
max cap violation count 0
Writing metric design__max_cap_violation__count__corner:nom_tt_025C_1v80: 0
============================================================================

===========================================================================
check_setup -verbose -unconstrained_endpoints -multiple_clock -no_clock -no_input_delay -loops -generated_clocks
===========================================================================
