Reading timing models for corner max_tt_025C_1v80…
Reading timing library for the 'max_tt_025C_1v80' corner at '/home/admin/.ciel/ciel/sky130/versions/8afc8346a57fe1ab7934ba5a6056ea8b43078e71/sky130A/libs.ref/sky130_fd_sc_hd/lib/sky130_fd_sc_hd__tt_025C_1v80.lib'…
Reading timing models for corner min_ss_100C_1v60…
Reading timing library for the 'min_ss_100C_1v60' corner at '/home/admin/.ciel/ciel/sky130/versions/8afc8346a57fe1ab7934ba5a6056ea8b43078e71/sky130A/libs.ref/sky130_fd_sc_hd/lib/sky130_fd_sc_hd__ss_100C_1v60.lib'…
Reading timing models for corner nom_tt_025C_1v80…
Reading timing library for the 'nom_tt_025C_1v80' corner at '/home/admin/.ciel/ciel/sky130/versions/8afc8346a57fe1ab7934ba5a6056ea8b43078e71/sky130A/libs.ref/sky130_fd_sc_hd/lib/sky130_fd_sc_hd__tt_025C_1v80.lib'…
[WARNING STA-1140] /home/admin/.ciel/ciel/sky130/versions/8afc8346a57fe1ab7934ba5a6056ea8b43078e71/sky130A/libs.ref/sky130_fd_sc_hd/lib/sky130_fd_sc_hd__tt_025C_1v80.lib line 1, library sky130_fd_sc_hd__tt_025C_1v80 already exists.
Reading timing models for corner max_ff_n40C_1v95…
Reading timing library for the 'max_ff_n40C_1v95' corner at '/home/admin/.ciel/ciel/sky130/versions/8afc8346a57fe1ab7934ba5a6056ea8b43078e71/sky130A/libs.ref/sky130_fd_sc_hd/lib/sky130_fd_sc_hd__ff_n40C_1v95.lib'…
Reading timing models for corner nom_ff_n40C_1v95…
Reading timing library for the 'nom_ff_n40C_1v95' corner at '/home/admin/.ciel/ciel/sky130/versions/8afc8346a57fe1ab7934ba5a6056ea8b43078e71/sky130A/libs.ref/sky130_fd_sc_hd/lib/sky130_fd_sc_hd__ff_n40C_1v95.lib'…
[WARNING STA-1140] /home/admin/.ciel/ciel/sky130/versions/8afc8346a57fe1ab7934ba5a6056ea8b43078e71/sky130A/libs.ref/sky130_fd_sc_hd/lib/sky130_fd_sc_hd__ff_n40C_1v95.lib line 1, library sky130_fd_sc_hd__ff_n40C_1v95 already exists.
Reading timing models for corner max_ss_100C_1v60…
Reading timing library for the 'max_ss_100C_1v60' corner at '/home/admin/.ciel/ciel/sky130/versions/8afc8346a57fe1ab7934ba5a6056ea8b43078e71/sky130A/libs.ref/sky130_fd_sc_hd/lib/sky130_fd_sc_hd__ss_100C_1v60.lib'…
[WARNING STA-1140] /home/admin/.ciel/ciel/sky130/versions/8afc8346a57fe1ab7934ba5a6056ea8b43078e71/sky130A/libs.ref/sky130_fd_sc_hd/lib/sky130_fd_sc_hd__ss_100C_1v60.lib line 1, library sky130_fd_sc_hd__ss_100C_1v60 already exists.
Reading timing models for corner min_tt_025C_1v80…
Reading timing library for the 'min_tt_025C_1v80' corner at '/home/admin/.ciel/ciel/sky130/versions/8afc8346a57fe1ab7934ba5a6056ea8b43078e71/sky130A/libs.ref/sky130_fd_sc_hd/lib/sky130_fd_sc_hd__tt_025C_1v80.lib'…
[WARNING STA-1140] /home/admin/.ciel/ciel/sky130/versions/8afc8346a57fe1ab7934ba5a6056ea8b43078e71/sky130A/libs.ref/sky130_fd_sc_hd/lib/sky130_fd_sc_hd__tt_025C_1v80.lib line 1, library sky130_fd_sc_hd__tt_025C_1v80 already exists.
Reading timing models for corner nom_ss_100C_1v60…
Reading timing library for the 'nom_ss_100C_1v60' corner at '/home/admin/.ciel/ciel/sky130/versions/8afc8346a57fe1ab7934ba5a6056ea8b43078e71/sky130A/libs.ref/sky130_fd_sc_hd/lib/sky130_fd_sc_hd__ss_100C_1v60.lib'…
[WARNING STA-1140] /home/admin/.ciel/ciel/sky130/versions/8afc8346a57fe1ab7934ba5a6056ea8b43078e71/sky130A/libs.ref/sky130_fd_sc_hd/lib/sky130_fd_sc_hd__ss_100C_1v60.lib line 1, library sky130_fd_sc_hd__ss_100C_1v60 already exists.
Reading timing models for corner min_ff_n40C_1v95…
Reading timing library for the 'min_ff_n40C_1v95' corner at '/home/admin/.ciel/ciel/sky130/versions/8afc8346a57fe1ab7934ba5a6056ea8b43078e71/sky130A/libs.ref/sky130_fd_sc_hd/lib/sky130_fd_sc_hd__ff_n40C_1v95.lib'…
[WARNING STA-1140] /home/admin/.ciel/ciel/sky130/versions/8afc8346a57fe1ab7934ba5a6056ea8b43078e71/sky130A/libs.ref/sky130_fd_sc_hd/lib/sky130_fd_sc_hd__ff_n40C_1v95.lib line 1, library sky130_fd_sc_hd__ff_n40C_1v95 already exists.
Reading OpenROAD database at '/home/admin/Documents/Projekty/Hobby/Nauka/RISC-5/.v/DDCA/code/exercises/ALUDesignIverilog/ALU/systemIverilog/build/runs/RUN_2026-09-29_09-21-47/34-openroad-detailedplacement/addsub32.odb'…
Reading design constraints file at '/nix/store/33pw6r3szpqrlxwi0ri36rfq68whzq26-python3-3.13.9-env/lib/python3.13/site-packages/librelane/scripts/base.sdc'…
[WARNING STA-0366] port '__VIRTUAL_CLK__' not found.
[INFO] Using clock __VIRTUAL_CLK__…
[INFO] Setting output delay to: 0.8
[INFO] Setting input delay to: 0.8
[WARNING STA-0366] port '__VIRTUAL_CLK__' not found.
[INFO] Setting load to: 0.033442
[INFO] Setting clock uncertainty to: 0.25
[INFO] Setting clock transition to: 0.1499999999999999944488848768742172978818416595458984375
[WARNING STA-0419] transition time can not be specified for virtual clocks.
[INFO] Setting timing derate to: 5.0%
[WARNING STA-0450] virtual clock __VIRTUAL_CLK__ can not be propagated.
[WARNING STA-0450] virtual clock __VIRTUAL_CLK__ can not be propagated.
+ repair_timing -verbose -setup -setup_margin 0.05000000000000000277555756156289135105907917022705078125 -max_buffer_percent 50.0
[INFO RSZ-0100] Repair move sequence: UnbufferMove SizeUpMove SwapPinsMove BufferMove CloneMove SplitLoadMove 
[INFO RSZ-0094] Found 33 endpoints with setup violations.
[INFO RSZ-0099] Repairing 33 out of 33 (100.00%) violating endpoints...
   Iter   | Removed | Resized | Inserted | Cloned |  Pin  |   Area   |    WNS   |   TNS      |  Viol  | Worst
          | Buffers |  Gates  | Buffers  |  Gates | Swaps |          |          |            | Endpts | Endpt
--------------------------------------------------------------------------------------------------------------
        0 |       0 |       0 |        0 |      0 |     0 |    +0.0% |   -7.022 |     -199.9 |     33 | S[21]
       10 |       1 |       8 |        0 |      0 |     0 |    -0.1% |   -5.720 |     -158.1 |     33 | S[22]
       20 |       1 |      16 |        1 |      0 |     1 |    +0.2% |   -5.393 |     -151.9 |     33 | S[24]
       30 |       1 |      25 |        2 |      0 |     1 |    +0.5% |   -5.308 |     -151.0 |     33 | S[24]
       40 |       1 |      35 |        2 |      0 |     1 |    +0.7% |   -4.822 |     -135.0 |     33 | S[26]
       50 |       1 |      45 |        2 |      0 |     1 |    +0.4% |   -4.723 |     -134.1 |     33 | S[19]
       60 |       1 |      55 |        2 |      0 |     1 |    +0.5% |   -4.672 |     -132.7 |     33 | S[28]
       70 |       1 |      62 |        4 |      0 |     2 |    +0.4% |   -4.637 |     -132.6 |     33 | S[17]
       80 |       1 |      72 |        4 |      0 |     2 |    +0.8% |   -4.110 |     -116.6 |     33 | S[18]
       90 |       1 |      80 |        5 |      0 |     3 |    +0.5% |   -3.933 |     -111.5 |     33 | S[19]
      100 |       1 |      89 |        5 |      0 |     4 |    +0.5% |   -3.932 |     -107.8 |     33 | S[29]
      110 |       1 |      98 |        6 |      0 |     4 |    +1.0% |   -3.684 |     -105.0 |     33 | S[23]
      120 |       1 |     107 |        6 |      0 |     5 |    +1.1% |   -3.452 |      -98.6 |     33 | S[22]
      130 |       1 |     116 |        6 |      0 |     6 |    +1.7% |   -3.272 |      -94.8 |     33 | S[9]
      140 |       1 |     125 |        6 |      0 |     7 |    +1.8% |   -3.168 |      -92.2 |     33 | S[22]
      150 |       1 |     134 |        7 |      0 |     7 |    +2.1% |   -3.028 |      -88.8 |     33 | S[22]
      160 |       1 |     141 |        9 |      0 |     8 |    +2.2% |   -2.960 |      -86.6 |     33 | S[31]
      170 |       1 |     147 |       10 |      0 |    11 |    +2.8% |   -2.954 |      -85.9 |     33 | S[22]
      180 |       1 |     154 |       11 |      0 |    13 |    +3.3% |   -2.856 |      -83.3 |     33 | S[15]
      190 |       1 |     163 |       12 |      0 |    13 |    +3.9% |   -2.749 |      -80.2 |     33 | S[29]
      200 |       1 |     171 |       13 |      0 |    14 |    +4.1% |   -2.676 |      -78.4 |     33 | S[17]
      210 |       1 |     178 |       15 |      0 |    15 |    +4.8% |   -2.675 |      -77.6 |     33 | S[22]
      220 |       1 |     185 |       18 |      0 |    16 |    +5.7% |   -2.676 |      -77.2 |     33 | S[23]
      230 |       1 |     190 |       21 |      0 |    18 |    +6.4% |   -2.636 |      -76.2 |     33 | S[31]
      240 |       1 |     194 |       26 |      0 |    20 |    +7.4% |   -2.625 |      -74.8 |     33 | S[31]
      247 |       1 |     199 |       27 |      0 |    20 |    +7.6% |   -2.561 |      -73.9 |     33 | S[22]
      248 |       1 |     199 |       27 |      0 |    20 |    +7.6% |   -2.561 |      -73.9 |     33 | S[22]
      250 |       1 |     199 |       27 |      0 |    21 |    +7.6% |   -2.561 |      -73.9 |     33 | S[22]
      250 |       1 |     199 |       27 |      0 |    20 |    +7.6% |   -2.561 |      -73.9 |     33 | S[22]
      260 |       1 |     207 |       27 |      0 |    21 |    +8.2% |   -2.561 |      -73.6 |     33 | S[22]
      270 |       1 |     214 |       31 |      0 |    22 |    +8.8% |   -2.562 |      -73.5 |     33 | S[22]
      274 |       1 |     199 |       27 |      0 |    20 |    +7.6% |   -2.561 |      -73.9 |     33 | S[22]
      280 |       1 |     203 |       27 |      0 |    21 |    +7.6% |   -2.561 |      -73.8 |     33 | S[22]
      290 |       1 |     212 |       27 |      0 |    22 |    +8.5% |   -2.603 |      -74.1 |     33 | S[31]
      300 |       1 |     218 |       29 |      0 |    24 |    +9.3% |   -2.572 |      -73.5 |     33 | S[22]
      310 |       1 |     223 |       33 |      0 |    27 |   +10.1% |   -2.580 |      -73.4 |     33 | S[22]
      310 |       1 |     207 |       27 |      0 |    21 |    +8.0% |   -2.560 |      -73.5 |     33 | S[22]
      320 |       1 |     211 |       30 |      0 |    23 |    +8.4% |   -2.551 |      -73.3 |     33 | S[22]
      330 |       1 |     219 |       31 |      0 |    24 |    +9.1% |   -2.550 |      -73.4 |     33 | S[22]
      340 |       1 |     226 |       32 |      0 |    26 |    +9.9% |   -2.550 |      -73.3 |     33 | S[22]
      344 |       1 |     217 |       30 |      0 |    23 |    +8.7% |   -2.550 |      -73.2 |     33 | S[22]
      350 |       1 |     220 |       31 |      0 |    24 |    +9.0% |   -2.550 |      -73.2 |     33 | S[22]
      360 |       1 |     229 |       32 |      0 |    24 |    +9.4% |   -2.538 |      -72.6 |     33 | S[22]
      370 |       1 |     233 |       37 |      0 |    25 |   +10.3% |   -2.538 |      -72.6 |     33 | S[22]
      370 |       1 |     229 |       34 |      0 |    25 |    +9.6% |   -2.538 |      -72.5 |     33 | S[22]
      380 |       1 |     236 |       34 |      0 |    27 |    +9.9% |   -2.541 |      -72.3 |     33 | S[22]
      383 |       1 |     231 |       34 |      0 |    25 |    +9.7% |   -2.538 |      -72.5 |     33 | S[22]
      385 |       1 |     231 |       35 |      0 |    25 |    +9.8% |   -2.532 |      -72.6 |     33 | S[22]
      390 |       1 |     234 |       35 |      0 |    26 |    +9.9% |   -2.532 |      -72.6 |     33 | S[22]
      397 |       1 |     238 |       36 |      0 |    26 |   +10.3% |   -2.532 |      -72.6 |     33 | S[22]
      400 |       1 |     240 |       36 |      0 |    26 |   +10.4% |   -2.532 |      -72.5 |     33 | S[22]
      408 |       1 |     244 |       36 |      0 |    26 |   +10.7% |   -2.532 |      -72.4 |     33 | S[22]
      410 |       1 |     245 |       36 |      0 |    26 |   +10.7% |   -2.532 |      -72.4 |     33 | S[22]
      416 |       1 |     250 |       36 |      0 |    26 |   +11.1% |   -2.532 |      -72.4 |     33 | S[22]
      420 |       1 |     253 |       36 |      0 |    26 |   +11.4% |   -2.601 |      -73.0 |     33 | S[22]
      430 |       1 |     260 |       37 |      0 |    28 |   +12.0% |   -2.571 |      -72.2 |     33 | S[22]
      440 |       1 |     264 |       39 |      0 |    32 |   +12.4% |   -2.547 |      -71.1 |     33 | S[22]
      445 |       1 |     251 |       36 |      0 |    26 |   +11.0% |   -2.532 |      -72.2 |     33 | S[22]
      450 |       1 |     255 |       36 |      0 |    26 |   +10.9% |   -2.532 |      -72.0 |     33 | S[22]
      457 |       1 |     256 |       36 |      0 |    26 |   +10.9% |   -2.532 |      -72.0 |     33 | S[22]
      460 |       1 |     257 |       37 |      0 |    26 |   +11.0% |   -2.532 |      -72.0 |     33 | S[22]
      468 |       1 |     262 |       37 |      0 |    28 |   +11.4% |   -2.532 |      -71.9 |     33 | S[22]
      470 |       1 |     263 |       37 |      0 |    28 |   +11.4% |   -2.532 |      -71.9 |     33 | S[22]
      480 |       1 |     271 |       38 |      0 |    29 |   +12.2% |   -2.558 |      -72.4 |     33 | S[22]
      483 |       1 |     264 |       37 |      0 |    28 |   +11.5% |   -2.532 |      -71.9 |     33 | S[22]
      489 |       1 |     264 |       37 |      0 |    28 |   +11.5% |   -2.532 |      -71.9 |     33 | S[22]
      490 |       1 |     264 |       37 |      0 |    28 |   +11.5% |   -2.532 |      -71.9 |     33 | S[22]
      500 |       1 |     271 |       38 |      0 |    30 |   +11.5% |   -2.532 |      -71.7 |     33 | S[22]
      503 |       1 |     271 |       37 |      0 |    28 |   +11.4% |   -2.532 |      -71.5 |     33 | S[22]
      510 |       1 |     276 |       37 |      0 |    29 |   +11.7% |   -2.532 |      -71.5 |     33 | S[22]
      520 |       1 |     281 |       39 |      0 |    32 |   +12.4% |   -2.545 |      -71.9 |     33 | S[22]
      529 |       1 |     276 |       37 |      0 |    31 |   +11.7% |   -2.532 |      -71.5 |     33 | S[22]
      530 |       1 |     276 |       37 |      0 |    31 |   +11.7% |   -2.532 |      -71.5 |     33 | S[22]
      540 |       1 |     286 |       37 |      0 |    31 |   +12.5% |   -2.580 |      -70.9 |     33 | S[22]
      550 |       1 |     290 |       43 |      0 |    33 |   +13.3% |   -2.568 |      -71.7 |     33 | S[22]
      560 |       1 |     296 |       45 |      0 |    35 |   +14.3% |   -2.547 |      -70.0 |     33 | S[22]
      570 |       1 |     303 |       46 |      0 |    37 |   +14.8% |   -2.552 |      -69.6 |     33 | S[22]
      578 |       1 |     276 |       37 |      0 |    31 |   +11.7% |   -2.532 |      -71.5 |     33 | S[22]
      580 |       1 |     277 |       37 |      0 |    31 |   +11.7% |   -2.532 |      -71.4 |     33 | S[22]
      590 |       1 |     284 |       39 |      0 |    32 |   +12.1% |   -2.532 |      -71.9 |     33 | S[22]
      600 |       1 |     293 |       39 |      0 |    33 |   +12.8% |   -2.532 |      -71.4 |     33 | S[22]
      605 |       1 |     282 |       37 |      0 |    31 |   +11.7% |   -2.532 |      -71.0 |     33 | S[22]
      610 |       1 |     286 |       37 |      0 |    31 |   +12.0% |   -2.547 |      -70.9 |     33 | S[22]
      620 |       1 |     294 |       39 |      0 |    31 |   +12.5% |   -2.547 |      -70.4 |     33 | S[22]
      630 |       1 |     300 |       43 |      0 |    31 |   +13.4% |   -2.547 |      -70.2 |     33 | S[22]
      632 |       1 |     283 |       37 |      0 |    31 |   +11.8% |   -2.532 |      -70.9 |     33 | S[22]
      640 |       1 |     290 |       37 |      0 |    31 |   +11.7% |   -2.535 |      -70.4 |     33 | S[22]
      647 |       1 |     289 |       37 |      0 |    31 |   +11.7% |   -2.532 |      -70.4 |     33 | S[22]
      650 |       1 |     291 |       37 |      0 |    31 |   +11.6% |   -2.532 |      -70.3 |     33 | S[22]
      660 |       1 |     300 |       38 |      0 |    31 |   +12.3% |   -2.571 |      -69.6 |     33 | S[22]
      670 |       1 |     306 |       42 |      0 |    31 |   +13.1% |   -2.547 |      -69.0 |     33 | S[22]
      680 |       1 |     311 |       46 |      0 |    32 |   +14.1% |   -2.547 |      -69.0 |     33 | S[22]
      685 |       1 |     293 |       37 |      0 |    31 |   +11.6% |   -2.532 |      -69.9 |     33 | S[22]
      690 |       1 |     297 |       37 |      0 |    31 |   +11.5% |   -2.532 |      -69.5 |     33 | S[22]
      699 |       1 |     301 |       37 |      0 |    31 |   +11.6% |   -2.532 |      -69.4 |     33 | S[22]
      700 |       1 |     301 |       37 |      0 |    31 |   +11.6% |   -2.532 |      -69.4 |     33 | S[22]
      710 |       1 |     309 |       38 |      0 |    32 |   +11.9% |   -2.532 |      -68.8 |     33 | S[22]
      720 |       1 |     317 |       40 |      0 |    32 |   +12.8% |   -2.539 |      -68.4 |     33 | S[22]
      721 |       1 |     309 |       39 |      0 |    32 |   +12.0% |   -2.532 |      -68.8 |     33 | S[22]
      730 |       1 |     317 |       39 |      0 |    32 |   +12.0% |   -2.532 |      -68.2 |     33 | S[22]
      740 |       1 |     323 |       41 |      0 |    34 |   +12.7% |   -2.536 |      -68.0 |     33 | S[22]
      741 |       1 |     317 |       39 |      0 |    32 |   +12.0% |   -2.532 |      -68.2 |     33 | S[22]
      750 |       1 |     325 |       39 |      0 |    32 |   +12.1% |   -2.532 |      -67.6 |     33 | S[22]
      760 |       1 |     332 |       41 |      0 |    33 |   +12.8% |   -2.536 |      -67.2 |     33 | S[22]
      764 |       1 |     325 |       39 |      0 |    32 |   +12.1% |   -2.532 |      -67.6 |     33 | S[22]
      770 |       1 |     330 |       39 |      0 |    32 |   +12.0% |   -2.532 |      -67.1 |     33 | S[22]
      780 |       1 |     336 |       43 |      0 |    33 |   +12.9% |   -2.532 |      -66.6 |     33 | S[22]
      790 |       1 |     345 |       44 |      0 |    33 |   +14.0% |   -2.541 |      -66.3 |     33 | S[22]
      792 |       1 |     335 |       41 |      0 |    32 |   +12.7% |   -2.532 |      -67.1 |     33 | S[22]
      800 |       1 |     342 |       41 |      0 |    32 |   +12.6% |   -2.532 |      -66.6 |     33 | S[22]
      810 |       1 |     350 |       43 |      0 |    32 |   +13.2% |   -2.533 |      -66.1 |     33 | S[22]
      820 |       1 |     357 |       45 |      0 |    33 |   +13.9% |   -2.538 |      -66.0 |     33 | S[22]
      830 |       1 |     365 |       46 |      0 |    34 |   +14.7% |   -2.542 |      -66.4 |     33 | S[22]
      840 |       1 |     369 |       49 |      0 |    37 |   +15.3% |   -2.539 |      -66.6 |     33 | S[22]
      843 |       1 |     342 |       41 |      0 |    32 |   +12.6% |   -2.532 |      -66.6 |     33 | S[22]
      850 |       1 |     348 |       41 |      0 |    32 |   +12.6% |   -2.532 |      -66.1 |     33 | S[22]
      860 |       1 |     356 |       43 |      0 |    32 |   +13.1% |   -2.533 |      -65.7 |     33 | S[22]
      870 |       1 |     365 |       44 |      0 |    32 |   +14.1% |   -2.534 |      -65.9 |     33 | S[22]
      879 |       1 |     348 |       41 |      0 |    32 |   +12.6% |   -2.532 |      -66.1 |     33 | S[22]
      880 |       1 |     348 |       41 |      0 |    32 |   +12.6% |   -2.532 |      -66.1 |     33 | S[22]
      890 |       1 |     358 |       41 |      0 |    32 |   +12.9% |   -2.532 |      -65.4 |     33 | S[22]
      900 |       1 |     364 |       44 |      0 |    33 |   +13.5% |   -2.532 |      -65.7 |     33 | S[22]
      910 |       1 |     371 |       47 |      0 |    33 |   +14.3% |   -2.532 |      -66.0 |     33 | S[22]
      920 |       1 |     376 |       52 |      0 |    33 |   +15.5% |   -2.532 |      -67.0 |     33 | S[22]
      927 |       1 |     361 |       41 |      0 |    33 |   +13.0% |   -2.532 |      -65.4 |     33 | S[22]
      928 |       1 |     361 |       41 |      0 |    33 |   +13.0% |   -2.532 |      -65.4 |     32 | S[22]
     929* |       1 |     361 |       41 |      0 |    33 |   +13.0% |   -2.532 |      -65.4 |     32 | S[22]
     930* |       1 |     361 |       41 |      0 |    33 |   +13.0% |   -2.532 |      -65.4 |     32 | S[22]
     930* |       1 |     361 |       41 |      0 |    33 |   +13.0% |   -2.532 |      -65.4 |     32 | S[22]
     933* |       1 |     362 |       41 |      0 |    34 |   +13.1% |   -2.532 |      -65.3 |     32 | S[22]
     934* |       1 |     362 |       41 |      0 |    34 |   +13.1% |   -2.532 |      -65.3 |     32 | S[22]
     935* |       1 |     362 |       41 |      0 |    34 |   +13.1% |   -2.532 |      -65.3 |     32 | S[22]
     937* |       1 |     363 |       41 |      0 |    34 |   +13.1% |   -2.532 |      -65.2 |     32 | S[22]
     940* |       1 |     365 |       41 |      0 |    34 |   +13.2% |   -2.532 |      -65.1 |     32 | S[22]
     941* |       1 |     366 |       41 |      0 |    34 |   +13.2% |   -2.532 |      -65.1 |     32 | S[22]
     942* |       1 |     366 |       41 |      0 |    34 |   +13.2% |   -2.532 |      -65.1 |     32 | S[22]
     944* |       1 |     367 |       41 |      0 |    34 |   +13.3% |   -2.532 |      -65.0 |     32 | S[22]
     945* |       1 |     367 |       41 |      0 |    34 |   +13.3% |   -2.532 |      -65.0 |     32 | S[22]
     946* |       1 |     367 |       41 |      0 |    34 |   +13.3% |   -2.532 |      -65.0 |     32 | S[22]
     947* |       1 |     367 |       41 |      0 |    34 |   +13.3% |   -2.532 |      -65.0 |     32 | S[22]
     948* |       1 |     367 |       41 |      0 |    34 |   +13.3% |   -2.532 |      -65.0 |     32 | S[22]
     949* |       1 |     367 |       41 |      0 |    34 |   +13.3% |   -2.532 |      -65.0 |     32 | S[22]
     950* |       1 |     367 |       41 |      0 |    34 |   +13.3% |   -2.532 |      -65.0 |     32 | S[22]
     950* |       1 |     367 |       41 |      0 |    34 |   +13.3% |   -2.532 |      -65.0 |     32 | S[22]
     951* |       1 |     367 |       41 |      0 |    34 |   +13.3% |   -2.532 |      -65.0 |     32 | S[22]
     952* |       1 |     367 |       41 |      0 |    34 |   +13.3% |   -2.532 |      -65.0 |     32 | S[22]
     956* |       1 |     370 |       41 |      0 |    34 |   +13.7% |   -2.532 |      -64.9 |     32 | S[22]
     957* |       1 |     370 |       41 |      0 |    34 |   +13.7% |   -2.532 |      -64.9 |     32 | S[22]
     958* |       1 |     370 |       41 |      0 |    34 |   +13.7% |   -2.532 |      -64.9 |     32 | S[22]
     959* |       1 |     370 |       41 |      0 |    34 |   +13.7% |   -2.532 |      -64.9 |     32 | S[22]
     960* |       1 |     370 |       41 |      0 |    34 |   +13.7% |   -2.532 |      -64.9 |     32 | S[22]
     960* |       1 |     370 |       41 |      0 |    34 |   +13.7% |   -2.532 |      -64.9 |     32 | S[22]
     961* |       1 |     370 |       41 |      0 |    34 |   +13.7% |   -2.532 |      -64.9 |     32 | S[22]
     965* |       1 |     373 |       41 |      0 |    34 |   +13.9% |   -2.532 |      -64.8 |     32 | S[22]
     966* |       1 |     373 |       41 |      0 |    34 |   +13.9% |   -2.532 |      -64.8 |     32 | S[22]
     967* |       1 |     373 |       41 |      0 |    34 |   +13.9% |   -2.532 |      -64.8 |     32 | S[22]
     968* |       1 |     373 |       41 |      0 |    34 |   +13.9% |   -2.532 |      -64.8 |     32 | S[22]
     969* |       1 |     373 |       41 |      0 |    34 |   +13.9% |   -2.532 |      -64.8 |     32 | S[22]
     970* |       1 |     373 |       41 |      0 |    34 |   +13.9% |   -2.532 |      -64.8 |     32 | S[22]
     971* |       1 |     374 |       41 |      0 |    34 |   +14.0% |   -2.532 |      -64.8 |     32 | S[22]
     973* |       1 |     375 |       41 |      0 |    34 |   +14.0% |   -2.532 |      -64.8 |     32 | S[22]
     974* |       1 |     375 |       41 |      0 |    34 |   +14.0% |   -2.532 |      -64.8 |     32 | S[22]
     975* |       1 |     375 |       41 |      0 |    34 |   +14.0% |   -2.532 |      -64.8 |     32 | S[22]
    final |       1 |     375 |       41 |      0 |    34 |   +14.0% |   -2.532 |      -64.8 |     32 | S[22]
--------------------------------------------------------------------------------------------------------------
[INFO RSZ-0059] Removed 1 buffers.
[INFO RSZ-0040] Inserted 41 buffers.
[INFO RSZ-0051] Resized 375 instances: 375 up, 0 up match, 0 down, 0 VT
[INFO RSZ-0043] Swapped pins on 34 instances.
[WARNING RSZ-0062] Unable to repair all setup violations.
+ repair_timing -verbose -hold -setup_margin 0.05000000000000000277555756156289135105907917022705078125 -hold_margin 0.1000000000000000055511151231257827021181583404541015625 -max_buffer_percent 50.0
[INFO RSZ-0033] No hold violations found.
+ detailed_placement -max_displacement  500 100 
Placement Analysis
---------------------------------
total displacement        527.3 u
average displacement        0.7 u
max displacement           14.1 u
original HPWL            9099.6 u
legalized HPWL           9830.9 u
delta HPWL                    8 %

[INFO DPL-0020] Mirrored 227 instances
[INFO DPL-0021] HPWL before            9830.9 u
[INFO DPL-0022] HPWL after             9401.8 u
[INFO DPL-0023] HPWL delta               -4.4 %
Setting global connections for newly added cells…
[INFO] Setting global connections...
[INFO ODB-0403] 164 connections made, 0 conflicts skipped.
Updating metrics…
Cell type report:                       Count       Area
  Fill cell                                72     270.26
  Tap cell                                133     166.41
  Timing Repair Buffer                    161    1507.70
  Inverter                                  7      33.78
  Multi-Input combinational cell          375    4261.59
  Total                                   748    6239.73
Writing OpenROAD database to '/home/admin/Documents/Projekty/Hobby/Nauka/RISC-5/.v/DDCA/code/exercises/ALUDesignIverilog/ALU/systemIverilog/build/runs/RUN_2026-09-29_09-21-47/36-openroad-resizertimingpostcts/addsub32.odb'…
Writing netlist to '/home/admin/Documents/Projekty/Hobby/Nauka/RISC-5/.v/DDCA/code/exercises/ALUDesignIverilog/ALU/systemIverilog/build/runs/RUN_2026-09-29_09-21-47/36-openroad-resizertimingpostcts/addsub32.nl.v'…
Writing powered netlist to '/home/admin/Documents/Projekty/Hobby/Nauka/RISC-5/.v/DDCA/code/exercises/ALUDesignIverilog/ALU/systemIverilog/build/runs/RUN_2026-09-29_09-21-47/36-openroad-resizertimingpostcts/addsub32.pnl.v'…
Writing layout to '/home/admin/Documents/Projekty/Hobby/Nauka/RISC-5/.v/DDCA/code/exercises/ALUDesignIverilog/ALU/systemIverilog/build/runs/RUN_2026-09-29_09-21-47/36-openroad-resizertimingpostcts/addsub32.def'…
Writing timing constraints to '/home/admin/Documents/Projekty/Hobby/Nauka/RISC-5/.v/DDCA/code/exercises/ALUDesignIverilog/ALU/systemIverilog/build/runs/RUN_2026-09-29_09-21-47/36-openroad-resizertimingpostcts/addsub32.sdc'…
