
===========================================================================
Violator List
============================================================================
[setup in-out] sub -> S[25] : -0.435009
[setup in-out] sub -> S[21] : -0.415557
[setup in-out] sub -> S[23] : -0.412805
[setup in-out] sub -> S[31] : -0.409740
[setup in-out] sub -> carryOut : -0.388823
[setup in-out] sub -> S[27] : -0.386702
[setup in-out] sub -> S[26] : -0.382990
[setup in-out] sub -> S[22] : -0.375126
[setup in-out] sub -> S[24] : -0.362063
[setup in-out] sub -> S[30] : -0.357298
[setup in-out] sub -> S[11] : -0.346949
[setup in-out] sub -> S[18] : -0.326969
[setup in-out] sub -> S[29] : -0.304930
[setup in-out] sub -> S[19] : -0.293812
[setup in-out] sub -> S[20] : -0.234736
[setup in-out] sub -> S[7] : -0.229347
[setup in-out] sub -> S[10] : -0.168054
[setup in-out] sub -> S[9] : -0.167046
[setup in-out] sub -> S[28] : -0.163017
[setup in-out] sub -> S[15] : -0.147142
[setup in-out] sub -> S[17] : -0.141924
[setup in-out] sub -> S[14] : -0.095723
[setup in-out] sub -> S[6] : -0.091254
[setup in-out] sub -> S[13] : -0.058239
Writing metric timing__hold_vio__count__corner:nom_tt_025C_1v80: 0
Writing metric timing__hold_r2r__ws__corner:nom_tt_025C_1v80: 1e30
Writing metric timing__hold_r2r_vio__count__corner:nom_tt_025C_1v80: 0
Writing metric timing__setup_vio__count__corner:nom_tt_025C_1v80: 24
Writing metric timing__setup_r2r__ws__corner:nom_tt_025C_1v80: 1e30
Writing metric timing__setup_r2r_vio__count__corner:nom_tt_025C_1v80: 0
