
===========================================================================
report_checks -path_delay min (Hold)
============================================================================
======================= nom_tt_025C_1v80 Corner ===================================

Startpoint: B[0] (input port clocked by __VIRTUAL_CLK__)
Endpoint: S[1] (output port clocked by __VIRTUAL_CLK__)
Path Group: __VIRTUAL_CLK__
Path Type: min

Fanout         Cap        Slew       Delay        Time   Description
---------------------------------------------------------------------------------------------
                      0.000000    0.000000    0.000000   clock __VIRTUAL_CLK__ (rise edge)
                                  0.000000    0.000000   clock network delay (ideal)
                                  0.800000    0.800000 v input external delay
     1    0.003562    0.010387    0.005446    0.805446 v B[0] (in)
                                                         B[0] (net)
                      0.010392    0.000000    0.805446 v input33/A (sky130_fd_sc_hd__buf_4)
     6    0.020339    0.043739    0.131295    0.936740 v input33/X (sky130_fd_sc_hd__buf_4)
                                                         net33 (net)
                      0.043744    0.000483    0.937223 v _565_/A (sky130_fd_sc_hd__inv_2)
     3    0.014144    0.069493    0.072133    1.009356 ^ _565_/Y (sky130_fd_sc_hd__inv_2)
                                                         _272_ (net)
                      0.069494    0.000207    1.009562 ^ _570_/A (sky130_fd_sc_hd__nor2_2)
     1    0.008370    0.025650    0.049736    1.059299 v _570_/Y (sky130_fd_sc_hd__nor2_2)
                                                         _276_ (net)
                      0.025651    0.000163    1.059462 v _571_/B (sky130_fd_sc_hd__xnor2_2)
     1    0.005683    0.046064    0.119686    1.179148 ^ _571_/Y (sky130_fd_sc_hd__xnor2_2)
                                                         net77 (net)
                      0.046065    0.000171    1.179319 ^ output77/A (sky130_fd_sc_hd__buf_6)
     1    0.035529    0.079150    0.120813    1.300133 ^ output77/X (sky130_fd_sc_hd__buf_6)
                                                         S[1] (net)
                      0.079155    0.000676    1.300808 ^ S[1] (out)
                                              1.300808   data arrival time

                      0.000000    0.000000    0.000000   clock __VIRTUAL_CLK__ (rise edge)
                                  0.000000    0.000000   clock network delay (ideal)
                                  0.250000    0.250000   clock uncertainty
                                  0.000000    0.250000   clock reconvergence pessimism
                                 -0.800000   -0.550000   output external delay
                                             -0.550000   data required time
---------------------------------------------------------------------------------------------
                                             -0.550000   data required time
                                             -1.300808   data arrival time
---------------------------------------------------------------------------------------------
                                              1.850808   slack (MET)


Startpoint: A[5] (input port clocked by __VIRTUAL_CLK__)
Endpoint: S[5] (output port clocked by __VIRTUAL_CLK__)
Path Group: __VIRTUAL_CLK__
Path Type: min

Fanout         Cap        Slew       Delay        Time   Description
---------------------------------------------------------------------------------------------
                      0.000000    0.000000    0.000000   clock __VIRTUAL_CLK__ (rise edge)
                                  0.000000    0.000000   clock network delay (ideal)
                                  0.800000    0.800000 ^ input external delay
     1    0.004942    0.029043    0.016808    0.816808 ^ A[5] (in)
                                                         A[5] (net)
                      0.029044    0.000000    0.816808 ^ input28/A (sky130_fd_sc_hd__buf_4)
     7    0.041882    0.122405    0.155542    0.972350 ^ input28/X (sky130_fd_sc_hd__buf_4)
                                                         net28 (net)
                      0.122475    0.001453    0.973803 ^ _701_/B (sky130_fd_sc_hd__xnor2_4)
     3    0.019040    0.072443    0.144914    1.118717 ^ _701_/Y (sky130_fd_sc_hd__xnor2_4)
                                                         _036_ (net)
                      0.072446    0.000480    1.119197 ^ _594_/A (sky130_fd_sc_hd__xor2_2)
     1    0.004956    0.035168    0.067123    1.186320 v _594_/X (sky130_fd_sc_hd__xor2_2)
                                                         net93 (net)
                      0.035168    0.000145    1.186465 v output93/A (sky130_fd_sc_hd__buf_6)
     1    0.035192    0.044410    0.126167    1.312631 v output93/X (sky130_fd_sc_hd__buf_6)
                                                         S[5] (net)
                      0.044434    0.000907    1.313539 v S[5] (out)
                                              1.313539   data arrival time

                      0.000000    0.000000    0.000000   clock __VIRTUAL_CLK__ (rise edge)
                                  0.000000    0.000000   clock network delay (ideal)
                                  0.250000    0.250000   clock uncertainty
                                  0.000000    0.250000   clock reconvergence pessimism
                                 -0.800000   -0.550000   output external delay
                                             -0.550000   data required time
---------------------------------------------------------------------------------------------
                                             -0.550000   data required time
                                             -1.313539   data arrival time
---------------------------------------------------------------------------------------------
                                              1.863539   slack (MET)


Startpoint: B[10] (input port clocked by __VIRTUAL_CLK__)
Endpoint: S[10] (output port clocked by __VIRTUAL_CLK__)
Path Group: __VIRTUAL_CLK__
Path Type: min

Fanout         Cap        Slew       Delay        Time   Description
---------------------------------------------------------------------------------------------
                      0.000000    0.000000    0.000000   clock __VIRTUAL_CLK__ (rise edge)
                                  0.000000    0.000000   clock network delay (ideal)
                                  0.800000    0.800000 ^ input external delay
     1    0.004216    0.025876    0.014520    0.814520 ^ B[10] (in)
                                                         B[10] (net)
                      0.025885    0.000000    0.814520 ^ input34/A (sky130_fd_sc_hd__buf_4)
     3    0.026536    0.082227    0.127030    0.941550 ^ input34/X (sky130_fd_sc_hd__buf_4)
                                                         net34 (net)
                      0.082234    0.000805    0.942355 ^ _733_/A (sky130_fd_sc_hd__xor2_4)
     5    0.027483    0.061795    0.105638    1.047993 v _733_/X (sky130_fd_sc_hd__xor2_4)
                                                         _068_ (net)
                      0.061800    0.000596    1.048589 v _625_/A (sky130_fd_sc_hd__xor2_2)
     1    0.005460    0.095838    0.154108    1.202696 ^ _625_/X (sky130_fd_sc_hd__xor2_2)
                                                         net67 (net)
                      0.095838    0.000160    1.202856 ^ output67/A (sky130_fd_sc_hd__buf_6)
     1    0.035239    0.078785    0.136433    1.339290 ^ output67/X (sky130_fd_sc_hd__buf_6)
                                                         S[10] (net)
                      0.078789    0.000650    1.339940 ^ S[10] (out)
                                              1.339940   data arrival time

                      0.000000    0.000000    0.000000   clock __VIRTUAL_CLK__ (rise edge)
                                  0.000000    0.000000   clock network delay (ideal)
                                  0.250000    0.250000   clock uncertainty
                                  0.000000    0.250000   clock reconvergence pessimism
                                 -0.800000   -0.550000   output external delay
                                             -0.550000   data required time
---------------------------------------------------------------------------------------------
                                             -0.550000   data required time
                                             -1.339940   data arrival time
---------------------------------------------------------------------------------------------
                                              1.889940   slack (MET)


Startpoint: A[5] (input port clocked by __VIRTUAL_CLK__)
Endpoint: S[6] (output port clocked by __VIRTUAL_CLK__)
Path Group: __VIRTUAL_CLK__
Path Type: min

Fanout         Cap        Slew       Delay        Time   Description
---------------------------------------------------------------------------------------------
                      0.000000    0.000000    0.000000   clock __VIRTUAL_CLK__ (rise edge)
                                  0.000000    0.000000   clock network delay (ideal)
                                  0.800000    0.800000 ^ input external delay
     1    0.004942    0.029043    0.016808    0.816808 ^ A[5] (in)
                                                         A[5] (net)
                      0.029044    0.000000    0.816808 ^ input28/A (sky130_fd_sc_hd__buf_4)
     7    0.041882    0.122405    0.155542    0.972350 ^ input28/X (sky130_fd_sc_hd__buf_4)
                                                         net28 (net)
                      0.122460    0.001005    0.973355 ^ _601_/A1 (sky130_fd_sc_hd__o211a_2)
     1    0.008938    0.072046    0.204010    1.177366 ^ _601_/X (sky130_fd_sc_hd__o211a_2)
                                                         _302_ (net)
                      0.072046    0.000258    1.177624 ^ _604_/B (sky130_fd_sc_hd__xnor2_2)
     1    0.005215    0.038590    0.061330    1.238954 v _604_/Y (sky130_fd_sc_hd__xnor2_2)
                                                         net94 (net)
                      0.038591    0.000154    1.239108 v output94/A (sky130_fd_sc_hd__buf_6)
     1    0.035146    0.044364    0.127552    1.366660 v output94/X (sky130_fd_sc_hd__buf_6)
                                                         S[6] (net)
                      0.044388    0.000904    1.367564 v S[6] (out)
                                              1.367564   data arrival time

                      0.000000    0.000000    0.000000   clock __VIRTUAL_CLK__ (rise edge)
                                  0.000000    0.000000   clock network delay (ideal)
                                  0.250000    0.250000   clock uncertainty
                                  0.000000    0.250000   clock reconvergence pessimism
                                 -0.800000   -0.550000   output external delay
                                             -0.550000   data required time
---------------------------------------------------------------------------------------------
                                             -0.550000   data required time
                                             -1.367564   data arrival time
---------------------------------------------------------------------------------------------
                                              1.917563   slack (MET)


Startpoint: A[14] (input port clocked by __VIRTUAL_CLK__)
Endpoint: S[15] (output port clocked by __VIRTUAL_CLK__)
Path Group: __VIRTUAL_CLK__
Path Type: min

Fanout         Cap        Slew       Delay        Time   Description
---------------------------------------------------------------------------------------------
                      0.000000    0.000000    0.000000   clock __VIRTUAL_CLK__ (rise edge)
                                  0.000000    0.000000   clock network delay (ideal)
                                  0.800000    0.800000 ^ input external delay
     1    0.005241    0.030352    0.017738    0.817738 ^ A[14] (in)
                                                         A[14] (net)
                      0.030353    0.000000    0.817738 ^ input6/A (sky130_fd_sc_hd__clkbuf_2)
     3    0.013938    0.083169    0.121713    0.939451 ^ input6/X (sky130_fd_sc_hd__clkbuf_2)
                                                         net6 (net)
                      0.083169    0.000294    0.939745 ^ _652_/A1 (sky130_fd_sc_hd__o21a_2)
     1    0.004022    0.034986    0.129298    1.069043 ^ _652_/X (sky130_fd_sc_hd__o21a_2)
                                                         _344_ (net)
                      0.034986    0.000124    1.069167 ^ _654_/B1 (sky130_fd_sc_hd__a32o_2)
     1    0.008857    0.069868    0.126871    1.196038 ^ _654_/X (sky130_fd_sc_hd__a32o_2)
                                                         _346_ (net)
                      0.069868    0.000250    1.196288 ^ _655_/B (sky130_fd_sc_hd__xnor2_2)
     1    0.004961    0.037463    0.060044    1.256332 v _655_/Y (sky130_fd_sc_hd__xnor2_2)
                                                         net72 (net)
                      0.037463    0.000145    1.256477 v output72/A (sky130_fd_sc_hd__buf_6)
     1    0.035580    0.044716    0.127338    1.383815 v output72/X (sky130_fd_sc_hd__buf_6)
                                                         S[15] (net)
                      0.044745    0.000989    1.384804 v S[15] (out)
                                              1.384804   data arrival time

                      0.000000    0.000000    0.000000   clock __VIRTUAL_CLK__ (rise edge)
                                  0.000000    0.000000   clock network delay (ideal)
                                  0.250000    0.250000   clock uncertainty
                                  0.000000    0.250000   clock reconvergence pessimism
                                 -0.800000   -0.550000   output external delay
                                             -0.550000   data required time
---------------------------------------------------------------------------------------------
                                             -0.550000   data required time
                                             -1.384804   data arrival time
---------------------------------------------------------------------------------------------
                                              1.934804   slack (MET)


Startpoint: A[25] (input port clocked by __VIRTUAL_CLK__)
Endpoint: S[25] (output port clocked by __VIRTUAL_CLK__)
Path Group: __VIRTUAL_CLK__
Path Type: min

Fanout         Cap        Slew       Delay        Time   Description
---------------------------------------------------------------------------------------------
                      0.000000    0.000000    0.000000   clock __VIRTUAL_CLK__ (rise edge)
                                  0.000000    0.000000   clock network delay (ideal)
                                  0.800000    0.800000 ^ input external delay
     1    0.002979    0.020501    0.010405    0.810405 ^ A[25] (in)
                                                         A[25] (net)
                      0.020501    0.000000    0.810405 ^ input18/A (sky130_fd_sc_hd__dlymetal6s2s_1)
     5    0.024584    0.257424    0.218062    1.028466 ^ input18/X (sky130_fd_sc_hd__dlymetal6s2s_1)
                                                         net18 (net)
                      0.257426    0.000564    1.029031 ^ _480_/B (sky130_fd_sc_hd__xnor2_2)
     3    0.018847    0.107716    0.186142    1.215173 ^ _480_/Y (sky130_fd_sc_hd__xnor2_2)
                                                         _194_ (net)
                      0.107716    0.000467    1.215640 ^ _486_/A (sky130_fd_sc_hd__xnor2_2)
     1    0.004886    0.035757    0.076919    1.292559 v _486_/Y (sky130_fd_sc_hd__xnor2_2)
                                                         net83 (net)
                      0.035757    0.000141    1.292700 v output83/A (sky130_fd_sc_hd__buf_6)
     1    0.035125    0.044353    0.126376    1.419076 v output83/X (sky130_fd_sc_hd__buf_6)
                                                         S[25] (net)
                      0.044376    0.000892    1.419968 v S[25] (out)
                                              1.419968   data arrival time

                      0.000000    0.000000    0.000000   clock __VIRTUAL_CLK__ (rise edge)
                                  0.000000    0.000000   clock network delay (ideal)
                                  0.250000    0.250000   clock uncertainty
                                  0.000000    0.250000   clock reconvergence pessimism
                                 -0.800000   -0.550000   output external delay
                                             -0.550000   data required time
---------------------------------------------------------------------------------------------
                                             -0.550000   data required time
                                             -1.419968   data arrival time
---------------------------------------------------------------------------------------------
                                              1.969967   slack (MET)


Startpoint: sub (input port clocked by __VIRTUAL_CLK__)
Endpoint: S[2] (output port clocked by __VIRTUAL_CLK__)
Path Group: __VIRTUAL_CLK__
Path Type: min

Fanout         Cap        Slew       Delay        Time   Description
---------------------------------------------------------------------------------------------
                      0.000000    0.000000    0.000000   clock __VIRTUAL_CLK__ (rise edge)
                                  0.000000    0.000000   clock network delay (ideal)
                                  0.800000    0.800000 ^ input external delay
     1    0.008397    0.044293    0.027420    0.827420 ^ sub (in)
                                                         sub (net)
                      0.044294    0.000000    0.827420 ^ input65/A (sky130_fd_sc_hd__buf_8)
     3    0.026338    0.053837    0.100652    0.928073 ^ input65/X (sky130_fd_sc_hd__buf_8)
                                                         net65 (net)
                      0.053971    0.001737    0.929809 ^ fanout110/A (sky130_fd_sc_hd__buf_2)
     5    0.027611    0.139279    0.169906    1.099715 ^ fanout110/X (sky130_fd_sc_hd__buf_2)
                                                         net110 (net)
                      0.139356    0.001639    1.101355 ^ _577_/A (sky130_fd_sc_hd__xnor2_2)
     1    0.009359    0.062934    0.139415    1.240770 ^ _577_/Y (sky130_fd_sc_hd__xnor2_2)
                                                         _282_ (net)
                      0.062934    0.000265    1.241035 ^ _578_/A (sky130_fd_sc_hd__xnor2_2)
     1    0.005441    0.040835    0.068478    1.309512 v _578_/Y (sky130_fd_sc_hd__xnor2_2)
                                                         net88 (net)
                      0.040836    0.000172    1.309684 v output88/A (sky130_fd_sc_hd__buf_6)
     1    0.035631    0.044726    0.128830    1.438515 v output88/X (sky130_fd_sc_hd__buf_6)
                                                         S[2] (net)
                      0.044749    0.000884    1.439398 v S[2] (out)
                                              1.439398   data arrival time

                      0.000000    0.000000    0.000000   clock __VIRTUAL_CLK__ (rise edge)
                                  0.000000    0.000000   clock network delay (ideal)
                                  0.250000    0.250000   clock uncertainty
                                  0.000000    0.250000   clock reconvergence pessimism
                                 -0.800000   -0.550000   output external delay
                                             -0.550000   data required time
---------------------------------------------------------------------------------------------
                                             -0.550000   data required time
                                             -1.439398   data arrival time
---------------------------------------------------------------------------------------------
                                              1.989398   slack (MET)


Startpoint: A[20] (input port clocked by __VIRTUAL_CLK__)
Endpoint: S[21] (output port clocked by __VIRTUAL_CLK__)
Path Group: __VIRTUAL_CLK__
Path Type: min

Fanout         Cap        Slew       Delay        Time   Description
---------------------------------------------------------------------------------------------
                      0.000000    0.000000    0.000000   clock __VIRTUAL_CLK__ (rise edge)
                                  0.000000    0.000000   clock network delay (ideal)
                                  0.800000    0.800000 v input external delay
     1    0.002739    0.008482    0.004117    0.804117 v A[20] (in)
                                                         A[20] (net)
                      0.008482    0.000000    0.804117 v input13/A (sky130_fd_sc_hd__dlymetal6s2s_1)
     6    0.024202    0.126876    0.190121    0.994238 v input13/X (sky130_fd_sc_hd__dlymetal6s2s_1)
                                                         net13 (net)
                      0.126884    0.001088    0.995327 v _437_/B (sky130_fd_sc_hd__nand3_2)
     1    0.010407    0.066015    0.119160    1.114487 ^ _437_/Y (sky130_fd_sc_hd__nand3_2)
                                                         _155_ (net)
                      0.066041    0.000337    1.114823 ^ _438_/C (sky130_fd_sc_hd__nand3_4)
     1    0.008287    0.051260    0.073043    1.187866 v _438_/Y (sky130_fd_sc_hd__nand3_4)
                                                         _156_ (net)
                      0.051260    0.000158    1.188024 v _439_/B (sky130_fd_sc_hd__xnor2_2)
     1    0.007660    0.046928    0.132222    1.320246 v _439_/Y (sky130_fd_sc_hd__xnor2_2)
                                                         net79 (net)
                      0.046930    0.000311    1.320557 v output79/A (sky130_fd_sc_hd__buf_6)
     1    0.035012    0.044244    0.130891    1.451448 v output79/X (sky130_fd_sc_hd__buf_6)
                                                         S[21] (net)
                      0.044268    0.000911    1.452360 v S[21] (out)
                                              1.452360   data arrival time

                      0.000000    0.000000    0.000000   clock __VIRTUAL_CLK__ (rise edge)
                                  0.000000    0.000000   clock network delay (ideal)
                                  0.250000    0.250000   clock uncertainty
                                  0.000000    0.250000   clock reconvergence pessimism
                                 -0.800000   -0.550000   output external delay
                                             -0.550000   data required time
---------------------------------------------------------------------------------------------
                                             -0.550000   data required time
                                             -1.452360   data arrival time
---------------------------------------------------------------------------------------------
                                              2.002360   slack (MET)


Startpoint: A[0] (input port clocked by __VIRTUAL_CLK__)
Endpoint: S[0] (output port clocked by __VIRTUAL_CLK__)
Path Group: __VIRTUAL_CLK__
Path Type: min

Fanout         Cap        Slew       Delay        Time   Description
---------------------------------------------------------------------------------------------
                      0.000000    0.000000    0.000000   clock __VIRTUAL_CLK__ (rise edge)
                                  0.000000    0.000000   clock network delay (ideal)
                                  0.800000    0.800000 v input external delay
     1    0.003522    0.010308    0.005369    0.805369 v A[0] (in)
                                                         A[0] (net)
                      0.010308    0.000000    0.805369 v input1/A (sky130_fd_sc_hd__buf_2)
     6    0.030098    0.080529    0.149943    0.955312 v input1/X (sky130_fd_sc_hd__buf_2)
                                                         net1 (net)
                      0.080531    0.000392    0.955704 v _566_/A (sky130_fd_sc_hd__nand2_2)
     1    0.005057    0.043494    0.066879    1.022583 ^ _566_/Y (sky130_fd_sc_hd__nand2_2)
                                                         _273_ (net)
                      0.043495    0.000100    1.022683 ^ _567_/B (sky130_fd_sc_hd__nand2_2)
     1    0.003045    0.023494    0.041180    1.063863 v _567_/Y (sky130_fd_sc_hd__nand2_2)
                                                         net66 (net)
                      0.023494    0.000088    1.063951 v output66/A (sky130_fd_sc_hd__clkdlybuf4s25_1)
     1    0.034944    0.259917    0.388193    1.452145 v output66/X (sky130_fd_sc_hd__clkdlybuf4s25_1)
                                                         S[0] (net)
                      0.259917    0.000710    1.452855 v S[0] (out)
                                              1.452855   data arrival time

                      0.000000    0.000000    0.000000   clock __VIRTUAL_CLK__ (rise edge)
                                  0.000000    0.000000   clock network delay (ideal)
                                  0.250000    0.250000   clock uncertainty
                                  0.000000    0.250000   clock reconvergence pessimism
                                 -0.800000   -0.550000   output external delay
                                             -0.550000   data required time
---------------------------------------------------------------------------------------------
                                             -0.550000   data required time
                                             -1.452855   data arrival time
---------------------------------------------------------------------------------------------
                                              2.002855   slack (MET)


Startpoint: sub (input port clocked by __VIRTUAL_CLK__)
Endpoint: S[16] (output port clocked by __VIRTUAL_CLK__)
Path Group: __VIRTUAL_CLK__
Path Type: min

Fanout         Cap        Slew       Delay        Time   Description
---------------------------------------------------------------------------------------------
                      0.000000    0.000000    0.000000   clock __VIRTUAL_CLK__ (rise edge)
                                  0.000000    0.000000   clock network delay (ideal)
                                  0.800000    0.800000 ^ input external delay
     1    0.008397    0.044293    0.027420    0.827420 ^ sub (in)
                                                         sub (net)
                      0.044294    0.000000    0.827420 ^ input65/A (sky130_fd_sc_hd__buf_8)
     3    0.026338    0.053837    0.100652    0.928073 ^ input65/X (sky130_fd_sc_hd__buf_8)
                                                         net65 (net)
                      0.053919    0.001214    0.929287 ^ fanout107/A (sky130_fd_sc_hd__buf_6)
     3    0.017845    0.046945    0.100242    1.029529 ^ fanout107/X (sky130_fd_sc_hd__buf_6)
                                                         net107 (net)
                      0.046959    0.000726    1.030255 ^ fanout103/A (sky130_fd_sc_hd__buf_4)
     2    0.014984    0.053344    0.113455    1.143710 ^ fanout103/X (sky130_fd_sc_hd__buf_4)
                                                         net103 (net)
                      0.053347    0.000430    1.144140 ^ _373_/A (sky130_fd_sc_hd__xnor2_2)
     1    0.008725    0.059371    0.116946    1.261086 ^ _373_/Y (sky130_fd_sc_hd__xnor2_2)
                                                         _096_ (net)
                      0.059371    0.000170    1.261256 ^ _374_/B (sky130_fd_sc_hd__xnor2_2)
     1    0.007160    0.045362    0.065075    1.326331 v _374_/Y (sky130_fd_sc_hd__xnor2_2)
                                                         net73 (net)
                      0.045364    0.000280    1.326611 v output73/A (sky130_fd_sc_hd__buf_6)
     1    0.035716    0.044814    0.130656    1.457267 v output73/X (sky130_fd_sc_hd__buf_6)
                                                         S[16] (net)
                      0.044847    0.001056    1.458323 v S[16] (out)
                                              1.458323   data arrival time

                      0.000000    0.000000    0.000000   clock __VIRTUAL_CLK__ (rise edge)
                                  0.000000    0.000000   clock network delay (ideal)
                                  0.250000    0.250000   clock uncertainty
                                  0.000000    0.250000   clock reconvergence pessimism
                                 -0.800000   -0.550000   output external delay
                                             -0.550000   data required time
---------------------------------------------------------------------------------------------
                                             -0.550000   data required time
                                             -1.458323   data arrival time
---------------------------------------------------------------------------------------------
                                              2.008322   slack (MET)


Startpoint: B[3] (input port clocked by __VIRTUAL_CLK__)
Endpoint: S[3] (output port clocked by __VIRTUAL_CLK__)
Path Group: __VIRTUAL_CLK__
Path Type: min

Fanout         Cap        Slew       Delay        Time   Description
---------------------------------------------------------------------------------------------
                      0.000000    0.000000    0.000000   clock __VIRTUAL_CLK__ (rise edge)
                                  0.000000    0.000000   clock network delay (ideal)
                                  0.800000    0.800000 ^ input external delay
     1    0.004267    0.026097    0.014686    0.814686 ^ B[3] (in)
                                                         B[3] (net)
                      0.026105    0.000000    0.814686 ^ input58/A (sky130_fd_sc_hd__dlymetal6s2s_1)
     5    0.025665    0.267336    0.226758    1.041443 ^ input58/X (sky130_fd_sc_hd__dlymetal6s2s_1)
                                                         net58 (net)
                      0.267337    0.000513    1.041956 ^ _691_/B (sky130_fd_sc_hd__xnor2_2)
     3    0.021221    0.117593    0.195514    1.237471 ^ _691_/Y (sky130_fd_sc_hd__xnor2_2)
                                                         _026_ (net)
                      0.117593    0.000447    1.237917 ^ _584_/A (sky130_fd_sc_hd__xnor2_2)
     1    0.002843    0.027763    0.071984    1.309902 v _584_/Y (sky130_fd_sc_hd__xnor2_2)
                                                         net91 (net)
                      0.027763    0.000083    1.309984 v output91/A (sky130_fd_sc_hd__clkbuf_4)
     1    0.035918    0.082766    0.168392    1.478377 v output91/X (sky130_fd_sc_hd__clkbuf_4)
                                                         S[3] (net)
                      0.082775    0.000870    1.479246 v S[3] (out)
                                              1.479246   data arrival time

                      0.000000    0.000000    0.000000   clock __VIRTUAL_CLK__ (rise edge)
                                  0.000000    0.000000   clock network delay (ideal)
                                  0.250000    0.250000   clock uncertainty
                                  0.000000    0.250000   clock reconvergence pessimism
                                 -0.800000   -0.550000   output external delay
                                             -0.550000   data required time
---------------------------------------------------------------------------------------------
                                             -0.550000   data required time
                                             -1.479246   data arrival time
---------------------------------------------------------------------------------------------
                                              2.029247   slack (MET)


Startpoint: B[14] (input port clocked by __VIRTUAL_CLK__)
Endpoint: S[14] (output port clocked by __VIRTUAL_CLK__)
Path Group: __VIRTUAL_CLK__
Path Type: min

Fanout         Cap        Slew       Delay        Time   Description
---------------------------------------------------------------------------------------------
                      0.000000    0.000000    0.000000   clock __VIRTUAL_CLK__ (rise edge)
                                  0.000000    0.000000   clock network delay (ideal)
                                  0.800000    0.800000 ^ input external delay
     1    0.005618    0.032004    0.018900    0.818900 ^ B[14] (in)
                                                         B[14] (net)
                      0.032005    0.000000    0.818900 ^ input38/A (sky130_fd_sc_hd__clkbuf_2)
     5    0.034497    0.189927    0.192175    1.011075 ^ input38/X (sky130_fd_sc_hd__clkbuf_2)
                                                         net38 (net)
                      0.189946    0.001514    1.012589 ^ _726_/A (sky130_fd_sc_hd__xnor2_4)
     3    0.017177    0.066928    0.154683    1.167273 ^ _726_/Y (sky130_fd_sc_hd__xnor2_4)
                                                         _061_ (net)
                      0.066928    0.000258    1.167530 ^ _648_/B (sky130_fd_sc_hd__xnor2_2)
     1    0.010671    0.068375    0.121773    1.289303 ^ _648_/Y (sky130_fd_sc_hd__xnor2_2)
                                                         _341_ (net)
                      0.068377    0.000414    1.289717 ^ _649_/B (sky130_fd_sc_hd__xnor2_2)
     1    0.006426    0.043047    0.064598    1.354315 v _649_/Y (sky130_fd_sc_hd__xnor2_2)
                                                         net71 (net)
                      0.043048    0.000212    1.354527 v output71/A (sky130_fd_sc_hd__buf_6)
     1    0.035986    0.045025    0.129891    1.484418 v output71/X (sky130_fd_sc_hd__buf_6)
                                                         S[14] (net)
                      0.045059    0.001067    1.485485 v S[14] (out)
                                              1.485485   data arrival time

                      0.000000    0.000000    0.000000   clock __VIRTUAL_CLK__ (rise edge)
                                  0.000000    0.000000   clock network delay (ideal)
                                  0.250000    0.250000   clock uncertainty
                                  0.000000    0.250000   clock reconvergence pessimism
                                 -0.800000   -0.550000   output external delay
                                             -0.550000   data required time
---------------------------------------------------------------------------------------------
                                             -0.550000   data required time
                                             -1.485485   data arrival time
---------------------------------------------------------------------------------------------
                                              2.035485   slack (MET)


Startpoint: A[31] (input port clocked by __VIRTUAL_CLK__)
Endpoint: carryOut (output port clocked by __VIRTUAL_CLK__)
Path Group: __VIRTUAL_CLK__
Path Type: min

Fanout         Cap        Slew       Delay        Time   Description
---------------------------------------------------------------------------------------------
                      0.000000    0.000000    0.000000   clock __VIRTUAL_CLK__ (rise edge)
                                  0.000000    0.000000   clock network delay (ideal)
                                  0.800000    0.800000 ^ input external delay
     1    0.004536    0.027275    0.015562    0.815562 ^ A[31] (in)
                                                         A[31] (net)
                      0.027276    0.000000    0.815562 ^ input25/A (sky130_fd_sc_hd__clkdlybuf4s25_1)
     5    0.020349    0.211019    0.339996    1.155558 ^ input25/X (sky130_fd_sc_hd__clkdlybuf4s25_1)
                                                         net25 (net)
                      0.211019    0.000534    1.156092 ^ _663_/A1 (sky130_fd_sc_hd__o221a_4)
     1    0.007582    0.050256    0.216476    1.372568 ^ _663_/X (sky130_fd_sc_hd__o221a_4)
                                                         net98 (net)
                      0.050271    0.000210    1.372778 ^ output98/A (sky130_fd_sc_hd__buf_8)
     1    0.035544    0.067499    0.112841    1.485619 ^ output98/X (sky130_fd_sc_hd__buf_8)
                                                         carryOut (net)
                      0.067518    0.001015    1.486635 ^ carryOut (out)
                                              1.486635   data arrival time

                      0.000000    0.000000    0.000000   clock __VIRTUAL_CLK__ (rise edge)
                                  0.000000    0.000000   clock network delay (ideal)
                                  0.250000    0.250000   clock uncertainty
                                  0.000000    0.250000   clock reconvergence pessimism
                                 -0.800000   -0.550000   output external delay
                                             -0.550000   data required time
---------------------------------------------------------------------------------------------
                                             -0.550000   data required time
                                             -1.486635   data arrival time
---------------------------------------------------------------------------------------------
                                              2.036635   slack (MET)


Startpoint: B[12] (input port clocked by __VIRTUAL_CLK__)
Endpoint: S[12] (output port clocked by __VIRTUAL_CLK__)
Path Group: __VIRTUAL_CLK__
Path Type: min

Fanout         Cap        Slew       Delay        Time   Description
---------------------------------------------------------------------------------------------
                      0.000000    0.000000    0.000000   clock __VIRTUAL_CLK__ (rise edge)
                                  0.000000    0.000000   clock network delay (ideal)
                                  0.800000    0.800000 ^ input external delay
     1    0.007461    0.040141    0.024564    0.824564 ^ B[12] (in)
                                                         B[12] (net)
                      0.040143    0.000000    0.824564 ^ input36/A (sky130_fd_sc_hd__buf_6)
     9    0.045110    0.096795    0.130090    0.954654 ^ input36/X (sky130_fd_sc_hd__buf_6)
                                                         net36 (net)
                      0.096936    0.002852    0.957506 ^ _729_/B (sky130_fd_sc_hd__xnor2_4)
     2    0.006227    0.035612    0.064448    1.021954 v _729_/Y (sky130_fd_sc_hd__xnor2_4)
                                                         _064_ (net)
                      0.035612    0.000146    1.022100 v rebuffer135/A (sky130_fd_sc_hd__buf_2)
     2    0.020463    0.060277    0.142819    1.164918 v rebuffer135/X (sky130_fd_sc_hd__buf_2)
                                                         net135 (net)
                      0.060283    0.000575    1.165493 v _632_/B (sky130_fd_sc_hd__xnor2_4)
     1    0.008764    0.045934    0.138135    1.303628 ^ _632_/Y (sky130_fd_sc_hd__xnor2_4)
                                                         _327_ (net)
                      0.045935    0.000245    1.303873 ^ _633_/B (sky130_fd_sc_hd__xnor2_2)
     1    0.006997    0.044251    0.061203    1.365076 v _633_/Y (sky130_fd_sc_hd__xnor2_2)
                                                         net69 (net)
                      0.044252    0.000270    1.365346 v output69/A (sky130_fd_sc_hd__buf_6)
     1    0.036445    0.045412    0.130596    1.495942 v output69/X (sky130_fd_sc_hd__buf_6)
                                                         S[12] (net)
                      0.045460    0.001261    1.497203 v S[12] (out)
                                              1.497203   data arrival time

                      0.000000    0.000000    0.000000   clock __VIRTUAL_CLK__ (rise edge)
                                  0.000000    0.000000   clock network delay (ideal)
                                  0.250000    0.250000   clock uncertainty
                                  0.000000    0.250000   clock reconvergence pessimism
                                 -0.800000   -0.550000   output external delay
                                             -0.550000   data required time
---------------------------------------------------------------------------------------------
                                             -0.550000   data required time
                                             -1.497203   data arrival time
---------------------------------------------------------------------------------------------
                                              2.047202   slack (MET)


Startpoint: B[9] (input port clocked by __VIRTUAL_CLK__)
Endpoint: S[9] (output port clocked by __VIRTUAL_CLK__)
Path Group: __VIRTUAL_CLK__
Path Type: min

Fanout         Cap        Slew       Delay        Time   Description
---------------------------------------------------------------------------------------------
                      0.000000    0.000000    0.000000   clock __VIRTUAL_CLK__ (rise edge)
                                  0.000000    0.000000   clock network delay (ideal)
                                  0.800000    0.800000 ^ input external delay
     1    0.006897    0.037637    0.022805    0.822805 ^ B[9] (in)
                                                         B[9] (net)
                      0.037638    0.000000    0.822805 ^ input64/A (sky130_fd_sc_hd__buf_6)
     7    0.035129    0.078421    0.117357    0.940162 ^ input64/X (sky130_fd_sc_hd__buf_6)
                                                         net64 (net)
                      0.078430    0.000839    0.941001 ^ _734_/A (sky130_fd_sc_hd__xor2_4)
     2    0.005992    0.033891    0.069081    1.010082 v _734_/X (sky130_fd_sc_hd__xor2_4)
                                                         _069_ (net)
                      0.033891    0.000084    1.010166 v rebuffer136/A (sky130_fd_sc_hd__buf_2)
     4    0.020556    0.060454    0.142325    1.152492 v rebuffer136/X (sky130_fd_sc_hd__buf_2)
                                                         net136 (net)
                      0.060457    0.000503    1.152994 v _617_/B (sky130_fd_sc_hd__xnor2_2)
     1    0.008830    0.060650    0.156546    1.309541 ^ _617_/Y (sky130_fd_sc_hd__xnor2_2)
                                                         _315_ (net)
                      0.060650    0.000247    1.309787 ^ _618_/B (sky130_fd_sc_hd__xnor2_2)
     1    0.005259    0.037906    0.059176    1.368963 v _618_/Y (sky130_fd_sc_hd__xnor2_2)
                                                         net97 (net)
                      0.037906    0.000159    1.369122 v output97/A (sky130_fd_sc_hd__buf_6)
     1    0.035339    0.044519    0.127389    1.496511 v output97/X (sky130_fd_sc_hd__buf_6)
                                                         S[9] (net)
                      0.044544    0.000933    1.497444 v S[9] (out)
                                              1.497444   data arrival time

                      0.000000    0.000000    0.000000   clock __VIRTUAL_CLK__ (rise edge)
                                  0.000000    0.000000   clock network delay (ideal)
                                  0.250000    0.250000   clock uncertainty
                                  0.000000    0.250000   clock reconvergence pessimism
                                 -0.800000   -0.550000   output external delay
                                             -0.550000   data required time
---------------------------------------------------------------------------------------------
                                             -0.550000   data required time
                                             -1.497444   data arrival time
---------------------------------------------------------------------------------------------
                                              2.047444   slack (MET)


Startpoint: A[17] (input port clocked by __VIRTUAL_CLK__)
Endpoint: S[17] (output port clocked by __VIRTUAL_CLK__)
Path Group: __VIRTUAL_CLK__
Path Type: min

Fanout         Cap        Slew       Delay        Time   Description
---------------------------------------------------------------------------------------------
                      0.000000    0.000000    0.000000   clock __VIRTUAL_CLK__ (rise edge)
                                  0.000000    0.000000   clock network delay (ideal)
                                  0.800000    0.800000 ^ input external delay
     1    0.003773    0.023960    0.013056    0.813056 ^ A[17] (in)
                                                         A[17] (net)
                      0.023960    0.000000    0.813056 ^ input9/A (sky130_fd_sc_hd__dlygate4sd1_1)
     5    0.021299    0.209260    0.287971    1.101027 ^ input9/X (sky130_fd_sc_hd__dlygate4sd1_1)
                                                         net9 (net)
                      0.209260    0.000397    1.101424 ^ _375_/B (sky130_fd_sc_hd__xnor2_2)
     3    0.015427    0.091834    0.166757    1.268181 ^ _375_/Y (sky130_fd_sc_hd__xnor2_2)
                                                         _097_ (net)
                      0.091834    0.000463    1.268644 ^ _385_/A (sky130_fd_sc_hd__xor2_2)
     1    0.002928    0.030412    0.065799    1.334443 v _385_/X (sky130_fd_sc_hd__xor2_2)
                                                         net74 (net)
                      0.030412    0.000061    1.334504 v output74/A (sky130_fd_sc_hd__clkbuf_2)
     1    0.034686    0.133287    0.173840    1.508343 v output74/X (sky130_fd_sc_hd__clkbuf_2)
                                                         S[17] (net)
                      0.133290    0.000738    1.509082 v S[17] (out)
                                              1.509082   data arrival time

                      0.000000    0.000000    0.000000   clock __VIRTUAL_CLK__ (rise edge)
                                  0.000000    0.000000   clock network delay (ideal)
                                  0.250000    0.250000   clock uncertainty
                                  0.000000    0.250000   clock reconvergence pessimism
                                 -0.800000   -0.550000   output external delay
                                             -0.550000   data required time
---------------------------------------------------------------------------------------------
                                             -0.550000   data required time
                                             -1.509082   data arrival time
---------------------------------------------------------------------------------------------
                                              2.059081   slack (MET)


Startpoint: B[8] (input port clocked by __VIRTUAL_CLK__)
Endpoint: S[8] (output port clocked by __VIRTUAL_CLK__)
Path Group: __VIRTUAL_CLK__
Path Type: min

Fanout         Cap        Slew       Delay        Time   Description
---------------------------------------------------------------------------------------------
                      0.000000    0.000000    0.000000   clock __VIRTUAL_CLK__ (rise edge)
                                  0.000000    0.000000   clock network delay (ideal)
                                  0.800000    0.800000 ^ input external delay
     1    0.002879    0.020071    0.010065    0.810065 ^ B[8] (in)
                                                         B[8] (net)
                      0.020071    0.000000    0.810065 ^ input63/A (sky130_fd_sc_hd__dlymetal6s2s_1)
     4    0.027727    0.286302    0.237003    1.047069 ^ input63/X (sky130_fd_sc_hd__dlymetal6s2s_1)
                                                         net63 (net)
                      0.286307    0.000866    1.047935 ^ _612_/B (sky130_fd_sc_hd__xnor2_2)
     2    0.011911    0.067204    0.121934    1.169869 v _612_/Y (sky130_fd_sc_hd__xnor2_2)
                                                         _311_ (net)
                      0.067204    0.000285    1.170153 v _613_/B (sky130_fd_sc_hd__xnor2_2)
     1    0.009241    0.062059    0.162227    1.332380 ^ _613_/Y (sky130_fd_sc_hd__xnor2_2)
                                                         _312_ (net)
                      0.062059    0.000283    1.332663 ^ _614_/B (sky130_fd_sc_hd__xnor2_2)
     1    0.005264    0.038028    0.059473    1.392136 v _614_/Y (sky130_fd_sc_hd__xnor2_2)
                                                         net96 (net)
                      0.038029    0.000162    1.392298 v output96/A (sky130_fd_sc_hd__buf_6)
     1    0.035177    0.044365    0.127418    1.519716 v output96/X (sky130_fd_sc_hd__buf_6)
                                                         S[8] (net)
                      0.044382    0.000771    1.520487 v S[8] (out)
                                              1.520487   data arrival time

                      0.000000    0.000000    0.000000   clock __VIRTUAL_CLK__ (rise edge)
                                  0.000000    0.000000   clock network delay (ideal)
                                  0.250000    0.250000   clock uncertainty
                                  0.000000    0.250000   clock reconvergence pessimism
                                 -0.800000   -0.550000   output external delay
                                             -0.550000   data required time
---------------------------------------------------------------------------------------------
                                             -0.550000   data required time
                                             -1.520487   data arrival time
---------------------------------------------------------------------------------------------
                                              2.070487   slack (MET)


Startpoint: A[6] (input port clocked by __VIRTUAL_CLK__)
Endpoint: S[7] (output port clocked by __VIRTUAL_CLK__)
Path Group: __VIRTUAL_CLK__
Path Type: min

Fanout         Cap        Slew       Delay        Time   Description
---------------------------------------------------------------------------------------------
                      0.000000    0.000000    0.000000   clock __VIRTUAL_CLK__ (rise edge)
                                  0.000000    0.000000   clock network delay (ideal)
                                  0.800000    0.800000 v input external delay
     1    0.003141    0.009412    0.004773    0.804773 v A[6] (in)
                                                         A[6] (net)
                      0.009412    0.000000    0.804773 v input29/A (sky130_fd_sc_hd__dlymetal6s2s_1)
     4    0.027515    0.141751    0.200706    1.005479 v input29/X (sky130_fd_sc_hd__dlymetal6s2s_1)
                                                         net29 (net)
                      0.141775    0.001746    1.007225 v _722_/A (sky130_fd_sc_hd__inv_2)
     4    0.023917    0.118892    0.142284    1.149510 ^ _722_/Y (sky130_fd_sc_hd__inv_2)
                                                         _057_ (net)
                      0.118892    0.000368    1.149878 ^ _607_/A1 (sky130_fd_sc_hd__o211ai_2)
     1    0.008382    0.068628    0.113949    1.263826 v _607_/Y (sky130_fd_sc_hd__o211ai_2)
                                                         _307_ (net)
                      0.068628    0.000234    1.264060 v _610_/B (sky130_fd_sc_hd__xnor2_2)
     1    0.008712    0.052544    0.142375    1.406436 v _610_/Y (sky130_fd_sc_hd__xnor2_2)
                                                         net95 (net)
                      0.052546    0.000364    1.406799 v output95/A (sky130_fd_sc_hd__buf_6)
     1    0.036573    0.045471    0.134174    1.540974 v output95/X (sky130_fd_sc_hd__buf_6)
                                                         S[7] (net)
                      0.045509    0.001128    1.542101 v S[7] (out)
                                              1.542101   data arrival time

                      0.000000    0.000000    0.000000   clock __VIRTUAL_CLK__ (rise edge)
                                  0.000000    0.000000   clock network delay (ideal)
                                  0.250000    0.250000   clock uncertainty
                                  0.000000    0.250000   clock reconvergence pessimism
                                 -0.800000   -0.550000   output external delay
                                             -0.550000   data required time
---------------------------------------------------------------------------------------------
                                             -0.550000   data required time
                                             -1.542101   data arrival time
---------------------------------------------------------------------------------------------
                                              2.092101   slack (MET)


Startpoint: A[27] (input port clocked by __VIRTUAL_CLK__)
Endpoint: S[27] (output port clocked by __VIRTUAL_CLK__)
Path Group: __VIRTUAL_CLK__
Path Type: min

Fanout         Cap        Slew       Delay        Time   Description
---------------------------------------------------------------------------------------------
                      0.000000    0.000000    0.000000   clock __VIRTUAL_CLK__ (rise edge)
                                  0.000000    0.000000   clock network delay (ideal)
                                  0.800000    0.800000 ^ input external delay
     1    0.004010    0.024980    0.013834    0.813834 ^ A[27] (in)
                                                         A[27] (net)
                      0.024989    0.000000    0.813834 ^ input20/A (sky130_fd_sc_hd__clkdlybuf4s25_1)
     5    0.021059    0.217877    0.343906    1.157741 ^ input20/X (sky130_fd_sc_hd__clkdlybuf4s25_1)
                                                         net20 (net)
                      0.217877    0.000437    1.158178 ^ _501_/B (sky130_fd_sc_hd__xnor2_2)
     3    0.023732    0.130283    0.195373    1.353551 ^ _501_/Y (sky130_fd_sc_hd__xnor2_2)
                                                         _213_ (net)
                      0.130284    0.000656    1.354207 ^ _509_/B (sky130_fd_sc_hd__xnor2_4)
     1    0.004587    0.033855    0.066452    1.420659 v _509_/Y (sky130_fd_sc_hd__xnor2_4)
                                                         net85 (net)
                      0.033855    0.000086    1.420745 v output85/A (sky130_fd_sc_hd__buf_6)
     1    0.035653    0.044726    0.126069    1.546814 v output85/X (sky130_fd_sc_hd__buf_6)
                                                         S[27] (net)
                      0.044740    0.000710    1.547525 v S[27] (out)
                                              1.547525   data arrival time

                      0.000000    0.000000    0.000000   clock __VIRTUAL_CLK__ (rise edge)
                                  0.000000    0.000000   clock network delay (ideal)
                                  0.250000    0.250000   clock uncertainty
                                  0.000000    0.250000   clock reconvergence pessimism
                                 -0.800000   -0.550000   output external delay
                                             -0.550000   data required time
---------------------------------------------------------------------------------------------
                                             -0.550000   data required time
                                             -1.547525   data arrival time
---------------------------------------------------------------------------------------------
                                              2.097525   slack (MET)


Startpoint: A[11] (input port clocked by __VIRTUAL_CLK__)
Endpoint: S[11] (output port clocked by __VIRTUAL_CLK__)
Path Group: __VIRTUAL_CLK__
Path Type: min

Fanout         Cap        Slew       Delay        Time   Description
---------------------------------------------------------------------------------------------
                      0.000000    0.000000    0.000000   clock __VIRTUAL_CLK__ (rise edge)
                                  0.000000    0.000000   clock network delay (ideal)
                                  0.800000    0.800000 ^ input external delay
     1    0.004555    0.027358    0.015601    0.815601 ^ A[11] (in)
                                                         A[11] (net)
                      0.027358    0.000000    0.815601 ^ input3/A (sky130_fd_sc_hd__clkdlybuf4s25_1)
     4    0.024790    0.254104    0.368698    1.184299 ^ input3/X (sky130_fd_sc_hd__clkdlybuf4s25_1)
                                                         net3 (net)
                      0.254104    0.000786    1.185084 ^ _628_/A (sky130_fd_sc_hd__xor2_2)
     1    0.008760    0.044713    0.119980    1.305064 v _628_/X (sky130_fd_sc_hd__xor2_2)
                                                         _324_ (net)
                      0.044714    0.000258    1.305323 v _629_/B (sky130_fd_sc_hd__xnor2_2)
     1    0.005426    0.044965    0.123614    1.428937 ^ _629_/Y (sky130_fd_sc_hd__xnor2_2)
                                                         net68 (net)
                      0.044965    0.000158    1.429094 ^ output68/A (sky130_fd_sc_hd__buf_6)
     1    0.035130    0.078414    0.119900    1.548994 ^ output68/X (sky130_fd_sc_hd__buf_6)
                                                         S[11] (net)
                      0.078419    0.000688    1.549682 ^ S[11] (out)
                                              1.549682   data arrival time

                      0.000000    0.000000    0.000000   clock __VIRTUAL_CLK__ (rise edge)
                                  0.000000    0.000000   clock network delay (ideal)
                                  0.250000    0.250000   clock uncertainty
                                  0.000000    0.250000   clock reconvergence pessimism
                                 -0.800000   -0.550000   output external delay
                                             -0.550000   data required time
---------------------------------------------------------------------------------------------
                                             -0.550000   data required time
                                             -1.549682   data arrival time
---------------------------------------------------------------------------------------------
                                              2.099682   slack (MET)


Startpoint: A[25] (input port clocked by __VIRTUAL_CLK__)
Endpoint: S[26] (output port clocked by __VIRTUAL_CLK__)
Path Group: __VIRTUAL_CLK__
Path Type: min

Fanout         Cap        Slew       Delay        Time   Description
---------------------------------------------------------------------------------------------
                      0.000000    0.000000    0.000000   clock __VIRTUAL_CLK__ (rise edge)
                                  0.000000    0.000000   clock network delay (ideal)
                                  0.800000    0.800000 ^ input external delay
     1    0.002979    0.020501    0.010405    0.810405 ^ A[25] (in)
                                                         A[25] (net)
                      0.020501    0.000000    0.810405 ^ input18/A (sky130_fd_sc_hd__dlymetal6s2s_1)
     5    0.024584    0.257424    0.218062    1.028466 ^ input18/X (sky130_fd_sc_hd__dlymetal6s2s_1)
                                                         net18 (net)
                      0.257426    0.000464    1.028931 ^ _492_/B2 (sky130_fd_sc_hd__a22oi_2)
     2    0.007112    0.058298    0.097522    1.126453 v _492_/Y (sky130_fd_sc_hd__a22oi_2)
                                                         _205_ (net)
                      0.058298    0.000171    1.126623 v rebuffer133/A (sky130_fd_sc_hd__buf_2)
     5    0.019775    0.058642    0.151273    1.277897 v rebuffer133/X (sky130_fd_sc_hd__buf_2)
                                                         net133 (net)
                      0.058642    0.000235    1.278131 v _497_/A (sky130_fd_sc_hd__nand2_2)
     1    0.009829    0.061360    0.074225    1.352356 ^ _497_/Y (sky130_fd_sc_hd__nand2_2)
                                                         _210_ (net)
                      0.061361    0.000301    1.352657 ^ _500_/A (sky130_fd_sc_hd__xnor2_2)
     1    0.006378    0.042243    0.071151    1.423808 v _500_/Y (sky130_fd_sc_hd__xnor2_2)
                                                         net84 (net)
                      0.042243    0.000219    1.424027 v output84/A (sky130_fd_sc_hd__buf_6)
     1    0.034900    0.044161    0.128908    1.552935 v output84/X (sky130_fd_sc_hd__buf_6)
                                                         S[26] (net)
                      0.044183    0.000858    1.553793 v S[26] (out)
                                              1.553793   data arrival time

                      0.000000    0.000000    0.000000   clock __VIRTUAL_CLK__ (rise edge)
                                  0.000000    0.000000   clock network delay (ideal)
                                  0.250000    0.250000   clock uncertainty
                                  0.000000    0.250000   clock reconvergence pessimism
                                 -0.800000   -0.550000   output external delay
                                             -0.550000   data required time
---------------------------------------------------------------------------------------------
                                             -0.550000   data required time
                                             -1.553793   data arrival time
---------------------------------------------------------------------------------------------
                                              2.103793   slack (MET)


Startpoint: A[4] (input port clocked by __VIRTUAL_CLK__)
Endpoint: S[4] (output port clocked by __VIRTUAL_CLK__)
Path Group: __VIRTUAL_CLK__
Path Type: min

Fanout         Cap        Slew       Delay        Time   Description
---------------------------------------------------------------------------------------------
                      0.000000    0.000000    0.000000   clock __VIRTUAL_CLK__ (rise edge)
                                  0.000000    0.000000   clock network delay (ideal)
                                  0.800000    0.800000 ^ input external delay
     1    0.004239    0.025986    0.014610    0.814610 ^ A[4] (in)
                                                         A[4] (net)
                      0.025987    0.000000    0.814610 ^ input27/A (sky130_fd_sc_hd__clkbuf_2)
     7    0.036998    0.203120    0.198627    1.013237 ^ input27/X (sky130_fd_sc_hd__clkbuf_2)
                                                         net27 (net)
                      0.203140    0.001603    1.014840 ^ _703_/B (sky130_fd_sc_hd__xnor2_2)
     3    0.026221    0.140888    0.200919    1.215760 ^ _703_/Y (sky130_fd_sc_hd__xnor2_2)
                                                         _038_ (net)
                      0.140889    0.000641    1.216401 ^ _586_/A (sky130_fd_sc_hd__xnor2_4)
     1    0.017937    0.069271    0.148129    1.364530 ^ _586_/Y (sky130_fd_sc_hd__xnor2_4)
                                                         _289_ (net)
                      0.069275    0.000532    1.365062 ^ _587_/A (sky130_fd_sc_hd__xnor2_4)
     1    0.006560    0.033208    0.069131    1.434193 v _587_/Y (sky130_fd_sc_hd__xnor2_4)
                                                         net92 (net)
                      0.033208    0.000237    1.434431 v output92/A (sky130_fd_sc_hd__buf_6)
     1    0.035138    0.044374    0.125316    1.559747 v output92/X (sky130_fd_sc_hd__buf_6)
                                                         S[4] (net)
                      0.044399    0.000914    1.560661 v S[4] (out)
                                              1.560661   data arrival time

                      0.000000    0.000000    0.000000   clock __VIRTUAL_CLK__ (rise edge)
                                  0.000000    0.000000   clock network delay (ideal)
                                  0.250000    0.250000   clock uncertainty
                                  0.000000    0.250000   clock reconvergence pessimism
                                 -0.800000   -0.550000   output external delay
                                             -0.550000   data required time
---------------------------------------------------------------------------------------------
                                             -0.550000   data required time
                                             -1.560661   data arrival time
---------------------------------------------------------------------------------------------
                                              2.110661   slack (MET)


Startpoint: B[31] (input port clocked by __VIRTUAL_CLK__)
Endpoint: S[31] (output port clocked by __VIRTUAL_CLK__)
Path Group: __VIRTUAL_CLK__
Path Type: min

Fanout         Cap        Slew       Delay        Time   Description
---------------------------------------------------------------------------------------------
                      0.000000    0.000000    0.000000   clock __VIRTUAL_CLK__ (rise edge)
                                  0.000000    0.000000   clock network delay (ideal)
                                  0.800000    0.800000 ^ input external delay
     1    0.004561    0.027382    0.015636    0.815636 ^ B[31] (in)
                                                         B[31] (net)
                      0.027382    0.000000    0.815636 ^ input57/A (sky130_fd_sc_hd__clkdlybuf4s25_1)
     5    0.017216    0.180720    0.319748    1.135383 ^ input57/X (sky130_fd_sc_hd__clkdlybuf4s25_1)
                                                         net57 (net)
                      0.180720    0.000264    1.135647 ^ _555_/B (sky130_fd_sc_hd__and2b_2)
     1    0.002648    0.033908    0.154943    1.290590 ^ _555_/X (sky130_fd_sc_hd__and2b_2)
                                                         _263_ (net)
                      0.033908    0.000077    1.290667 ^ _556_/B (sky130_fd_sc_hd__or2_2)
     1    0.009105    0.057669    0.108033    1.398700 ^ _556_/X (sky130_fd_sc_hd__or2_2)
                                                         _264_ (net)
                      0.057669    0.000273    1.398973 ^ _564_/B (sky130_fd_sc_hd__xnor2_2)
     1    0.004978    0.036591    0.057660    1.456633 v _564_/Y (sky130_fd_sc_hd__xnor2_2)
                                                         net90 (net)
                      0.036592    0.000147    1.456780 v output90/A (sky130_fd_sc_hd__buf_6)
     1    0.035129    0.044363    0.126694    1.583474 v output90/X (sky130_fd_sc_hd__buf_6)
                                                         S[31] (net)
                      0.044389    0.000939    1.584414 v S[31] (out)
                                              1.584414   data arrival time

                      0.000000    0.000000    0.000000   clock __VIRTUAL_CLK__ (rise edge)
                                  0.000000    0.000000   clock network delay (ideal)
                                  0.250000    0.250000   clock uncertainty
                                  0.000000    0.250000   clock reconvergence pessimism
                                 -0.800000   -0.550000   output external delay
                                             -0.550000   data required time
---------------------------------------------------------------------------------------------
                                             -0.550000   data required time
                                             -1.584414   data arrival time
---------------------------------------------------------------------------------------------
                                              2.134413   slack (MET)


Startpoint: B[12] (input port clocked by __VIRTUAL_CLK__)
Endpoint: S[13] (output port clocked by __VIRTUAL_CLK__)
Path Group: __VIRTUAL_CLK__
Path Type: min

Fanout         Cap        Slew       Delay        Time   Description
---------------------------------------------------------------------------------------------
                      0.000000    0.000000    0.000000   clock __VIRTUAL_CLK__ (rise edge)
                                  0.000000    0.000000   clock network delay (ideal)
                                  0.800000    0.800000 ^ input external delay
     1    0.007461    0.040141    0.024564    0.824564 ^ B[12] (in)
                                                         B[12] (net)
                      0.040143    0.000000    0.824564 ^ input36/A (sky130_fd_sc_hd__buf_6)
     9    0.045110    0.096795    0.130090    0.954654 ^ input36/X (sky130_fd_sc_hd__buf_6)
                                                         net36 (net)
                      0.096917    0.002654    0.957307 ^ _636_/B1 (sky130_fd_sc_hd__a31o_2)
     1    0.002940    0.032664    0.101896    1.059203 ^ _636_/X (sky130_fd_sc_hd__a31o_2)
                                                         _330_ (net)
                      0.032664    0.000057    1.059260 ^ _639_/A3 (sky130_fd_sc_hd__a31o_2)
     1    0.009949    0.066783    0.164098    1.223357 ^ _639_/X (sky130_fd_sc_hd__a31o_2)
                                                         _333_ (net)
                      0.066784    0.000354    1.223711 ^ _640_/B (sky130_fd_sc_hd__xnor2_2)
     1    0.001660    0.024575    0.048042    1.271753 v _640_/Y (sky130_fd_sc_hd__xnor2_2)
                                                         net70 (net)
                      0.024575    0.000030    1.271783 v output70/A (sky130_fd_sc_hd__dlymetal6s4s_1)
     1    0.035610    0.179952    0.340880    1.612663 v output70/X (sky130_fd_sc_hd__dlymetal6s4s_1)
                                                         S[13] (net)
                      0.179956    0.001037    1.613700 v S[13] (out)
                                              1.613700   data arrival time

                      0.000000    0.000000    0.000000   clock __VIRTUAL_CLK__ (rise edge)
                                  0.000000    0.000000   clock network delay (ideal)
                                  0.250000    0.250000   clock uncertainty
                                  0.000000    0.250000   clock reconvergence pessimism
                                 -0.800000   -0.550000   output external delay
                                             -0.550000   data required time
---------------------------------------------------------------------------------------------
                                             -0.550000   data required time
                                             -1.613700   data arrival time
---------------------------------------------------------------------------------------------
                                              2.163700   slack (MET)


Startpoint: A[23] (input port clocked by __VIRTUAL_CLK__)
Endpoint: S[23] (output port clocked by __VIRTUAL_CLK__)
Path Group: __VIRTUAL_CLK__
Path Type: min

Fanout         Cap        Slew       Delay        Time   Description
---------------------------------------------------------------------------------------------
                      0.000000    0.000000    0.000000   clock __VIRTUAL_CLK__ (rise edge)
                                  0.000000    0.000000   clock network delay (ideal)
                                  0.800000    0.800000 ^ input external delay
     1    0.004296    0.026224    0.014783    0.814783 ^ A[23] (in)
                                                         A[23] (net)
                      0.026233    0.000000    0.814783 ^ input16/A (sky130_fd_sc_hd__clkdlybuf4s25_1)
     5    0.029582    0.300891    0.399267    1.214051 ^ input16/X (sky130_fd_sc_hd__clkdlybuf4s25_1)
                                                         net16 (net)
                      0.300891    0.001165    1.215215 ^ _453_/B (sky130_fd_sc_hd__xnor2_2)
     3    0.017119    0.100243    0.185774    1.400989 ^ _453_/Y (sky130_fd_sc_hd__xnor2_2)
                                                         _169_ (net)
                      0.100243    0.000457    1.401446 ^ _461_/A (sky130_fd_sc_hd__xnor2_2)
     1    0.008450    0.050095    0.087084    1.488530 v _461_/Y (sky130_fd_sc_hd__xnor2_2)
                                                         net81 (net)
                      0.050096    0.000352    1.488882 v output81/A (sky130_fd_sc_hd__buf_6)
     1    0.034714    0.043990    0.132045    1.620927 v output81/X (sky130_fd_sc_hd__buf_6)
                                                         S[23] (net)
                      0.044009    0.000805    1.621732 v S[23] (out)
                                              1.621732   data arrival time

                      0.000000    0.000000    0.000000   clock __VIRTUAL_CLK__ (rise edge)
                                  0.000000    0.000000   clock network delay (ideal)
                                  0.250000    0.250000   clock uncertainty
                                  0.000000    0.250000   clock reconvergence pessimism
                                 -0.800000   -0.550000   output external delay
                                             -0.550000   data required time
---------------------------------------------------------------------------------------------
                                             -0.550000   data required time
                                             -1.621732   data arrival time
---------------------------------------------------------------------------------------------
                                              2.171732   slack (MET)


Startpoint: B[19] (input port clocked by __VIRTUAL_CLK__)
Endpoint: S[19] (output port clocked by __VIRTUAL_CLK__)
Path Group: __VIRTUAL_CLK__
Path Type: min

Fanout         Cap        Slew       Delay        Time   Description
---------------------------------------------------------------------------------------------
                      0.000000    0.000000    0.000000   clock __VIRTUAL_CLK__ (rise edge)
                                  0.000000    0.000000   clock network delay (ideal)
                                  0.800000    0.800000 ^ input external delay
     1    0.004404    0.026701    0.015150    0.815150 ^ B[19] (in)
                                                         B[19] (net)
                      0.026701    0.000000    0.815150 ^ input43/A (sky130_fd_sc_hd__clkdlybuf4s25_1)
     5    0.026733    0.273028    0.381193    1.196343 ^ input43/X (sky130_fd_sc_hd__clkdlybuf4s25_1)
                                                         net43 (net)
                      0.273028    0.000656    1.196999 ^ _400_/A (sky130_fd_sc_hd__xnor2_2)
     3    0.019425    0.110089    0.196260    1.393259 ^ _400_/Y (sky130_fd_sc_hd__xnor2_2)
                                                         _120_ (net)
                      0.110089    0.000334    1.393592 ^ _406_/A (sky130_fd_sc_hd__xnor2_2)
     1    0.002341    0.027660    0.068417    1.462009 v _406_/Y (sky130_fd_sc_hd__xnor2_2)
                                                         net76 (net)
                      0.027660    0.000063    1.462072 v output76/A (sky130_fd_sc_hd__clkbuf_2)
     1    0.034701    0.133367    0.172707    1.634779 v output76/X (sky130_fd_sc_hd__clkbuf_2)
                                                         S[19] (net)
                      0.133370    0.000796    1.635575 v S[19] (out)
                                              1.635575   data arrival time

                      0.000000    0.000000    0.000000   clock __VIRTUAL_CLK__ (rise edge)
                                  0.000000    0.000000   clock network delay (ideal)
                                  0.250000    0.250000   clock uncertainty
                                  0.000000    0.250000   clock reconvergence pessimism
                                 -0.800000   -0.550000   output external delay
                                             -0.550000   data required time
---------------------------------------------------------------------------------------------
                                             -0.550000   data required time
                                             -1.635575   data arrival time
---------------------------------------------------------------------------------------------
                                              2.185575   slack (MET)


Startpoint: B[24] (input port clocked by __VIRTUAL_CLK__)
Endpoint: S[24] (output port clocked by __VIRTUAL_CLK__)
Path Group: __VIRTUAL_CLK__
Path Type: min

Fanout         Cap        Slew       Delay        Time   Description
---------------------------------------------------------------------------------------------
                      0.000000    0.000000    0.000000   clock __VIRTUAL_CLK__ (rise edge)
                                  0.000000    0.000000   clock network delay (ideal)
                                  0.800000    0.800000 ^ input external delay
     1    0.004342    0.026433    0.014948    0.814948 ^ B[24] (in)
                                                         B[24] (net)
                      0.026434    0.000000    0.814948 ^ input49/A (sky130_fd_sc_hd__clkdlybuf4s25_1)
     5    0.019529    0.203055    0.334524    1.149473 ^ input49/X (sky130_fd_sc_hd__clkdlybuf4s25_1)
                                                         net49 (net)
                      0.203055    0.000284    1.149757 ^ _477_/A (sky130_fd_sc_hd__xnor2_2)
     3    0.015100    0.080007    0.129728    1.279485 v _477_/Y (sky130_fd_sc_hd__xnor2_2)
                                                         _192_ (net)
                      0.080007    0.000363    1.279847 v _478_/B (sky130_fd_sc_hd__xnor2_2)
     1    0.008665    0.059364    0.162244    1.442091 ^ _478_/Y (sky130_fd_sc_hd__xnor2_2)
                                                         _193_ (net)
                      0.059364    0.000240    1.442332 ^ _479_/B (sky130_fd_sc_hd__xnor2_2)
     1    0.008005    0.048736    0.067789    1.510120 v _479_/Y (sky130_fd_sc_hd__xnor2_2)
                                                         net82 (net)
                      0.048738    0.000298    1.510419 v output82/A (sky130_fd_sc_hd__buf_6)
     1    0.035187    0.044365    0.131788    1.642207 v output82/X (sky130_fd_sc_hd__buf_6)
                                                         S[24] (net)
                      0.044386    0.000857    1.643064 v S[24] (out)
                                              1.643064   data arrival time

                      0.000000    0.000000    0.000000   clock __VIRTUAL_CLK__ (rise edge)
                                  0.000000    0.000000   clock network delay (ideal)
                                  0.250000    0.250000   clock uncertainty
                                  0.000000    0.250000   clock reconvergence pessimism
                                 -0.800000   -0.550000   output external delay
                                             -0.550000   data required time
---------------------------------------------------------------------------------------------
                                             -0.550000   data required time
                                             -1.643064   data arrival time
---------------------------------------------------------------------------------------------
                                              2.193064   slack (MET)


Startpoint: A[29] (input port clocked by __VIRTUAL_CLK__)
Endpoint: S[29] (output port clocked by __VIRTUAL_CLK__)
Path Group: __VIRTUAL_CLK__
Path Type: min

Fanout         Cap        Slew       Delay        Time   Description
---------------------------------------------------------------------------------------------
                      0.000000    0.000000    0.000000   clock __VIRTUAL_CLK__ (rise edge)
                                  0.000000    0.000000   clock network delay (ideal)
                                  0.800000    0.800000 ^ input external delay
     1    0.004031    0.025074    0.013905    0.813905 ^ A[29] (in)
                                                         A[29] (net)
                      0.025083    0.000000    0.813905 ^ input22/A (sky130_fd_sc_hd__clkdlybuf4s25_1)
     6    0.032680    0.331008    0.419416    1.233321 ^ input22/X (sky130_fd_sc_hd__clkdlybuf4s25_1)
                                                         net22 (net)
                      0.331008    0.000548    1.233869 ^ _531_/B (sky130_fd_sc_hd__xnor2_2)
     1    0.018394    0.106569    0.192217    1.426086 ^ _531_/Y (sky130_fd_sc_hd__xnor2_2)
                                                         _241_ (net)
                      0.106570    0.000565    1.426651 ^ _536_/A (sky130_fd_sc_hd__xnor2_4)
     1    0.002867    0.028024    0.069263    1.495914 v _536_/Y (sky130_fd_sc_hd__xnor2_4)
                                                         net87 (net)
                      0.028025    0.000079    1.495993 v output87/A (sky130_fd_sc_hd__buf_4)
     1    0.035029    0.059743    0.153309    1.649302 v output87/X (sky130_fd_sc_hd__buf_4)
                                                         S[29] (net)
                      0.059750    0.000662    1.649964 v S[29] (out)
                                              1.649964   data arrival time

                      0.000000    0.000000    0.000000   clock __VIRTUAL_CLK__ (rise edge)
                                  0.000000    0.000000   clock network delay (ideal)
                                  0.250000    0.250000   clock uncertainty
                                  0.000000    0.250000   clock reconvergence pessimism
                                 -0.800000   -0.550000   output external delay
                                             -0.550000   data required time
---------------------------------------------------------------------------------------------
                                             -0.550000   data required time
                                             -1.649964   data arrival time
---------------------------------------------------------------------------------------------
                                              2.199964   slack (MET)


Startpoint: B[30] (input port clocked by __VIRTUAL_CLK__)
Endpoint: S[30] (output port clocked by __VIRTUAL_CLK__)
Path Group: __VIRTUAL_CLK__
Path Type: min

Fanout         Cap        Slew       Delay        Time   Description
---------------------------------------------------------------------------------------------
                      0.000000    0.000000    0.000000   clock __VIRTUAL_CLK__ (rise edge)
                                  0.000000    0.000000   clock network delay (ideal)
                                  0.800000    0.800000 ^ input external delay
     1    0.004803    0.028437    0.016387    0.816387 ^ B[30] (in)
                                                         B[30] (net)
                      0.028438    0.000000    0.816387 ^ input56/A (sky130_fd_sc_hd__clkdlybuf4s25_1)
     4    0.026255    0.268380    0.378527    1.194913 ^ input56/X (sky130_fd_sc_hd__clkdlybuf4s25_1)
                                                         net56 (net)
                      0.268381    0.001026    1.195940 ^ _551_/A (sky130_fd_sc_hd__xnor2_2)
     1    0.008249    0.053896    0.117992    1.313932 v _551_/Y (sky130_fd_sc_hd__xnor2_2)
                                                         _260_ (net)
                      0.053896    0.000153    1.314084 v _552_/B (sky130_fd_sc_hd__xnor2_2)
     1    0.008856    0.060148    0.154398    1.468482 ^ _552_/Y (sky130_fd_sc_hd__xnor2_2)
                                                         _261_ (net)
                      0.060148    0.000252    1.468734 ^ _553_/B (sky130_fd_sc_hd__xnor2_2)
     1    0.005143    0.037414    0.058694    1.527428 v _553_/Y (sky130_fd_sc_hd__xnor2_2)
                                                         net89 (net)
                      0.037417    0.000156    1.527584 v output89/A (sky130_fd_sc_hd__buf_6)
     1    0.034726    0.044033    0.126818    1.654401 v output89/X (sky130_fd_sc_hd__buf_6)
                                                         S[30] (net)
                      0.044053    0.000816    1.655217 v S[30] (out)
                                              1.655217   data arrival time

                      0.000000    0.000000    0.000000   clock __VIRTUAL_CLK__ (rise edge)
                                  0.000000    0.000000   clock network delay (ideal)
                                  0.250000    0.250000   clock uncertainty
                                  0.000000    0.250000   clock reconvergence pessimism
                                 -0.800000   -0.550000   output external delay
                                             -0.550000   data required time
---------------------------------------------------------------------------------------------
                                             -0.550000   data required time
                                             -1.655217   data arrival time
---------------------------------------------------------------------------------------------
                                              2.205217   slack (MET)


Startpoint: B[28] (input port clocked by __VIRTUAL_CLK__)
Endpoint: S[28] (output port clocked by __VIRTUAL_CLK__)
Path Group: __VIRTUAL_CLK__
Path Type: min

Fanout         Cap        Slew       Delay        Time   Description
---------------------------------------------------------------------------------------------
                      0.000000    0.000000    0.000000   clock __VIRTUAL_CLK__ (rise edge)
                                  0.000000    0.000000   clock network delay (ideal)
                                  0.800000    0.800000 v input external delay
     1    0.003306    0.009798    0.005030    0.805030 v B[28] (in)
                                                         B[28] (net)
                      0.009798    0.000000    0.805030 v input53/A (sky130_fd_sc_hd__clkdlybuf4s25_1)
     6    0.021007    0.162466    0.312965    1.117995 v input53/X (sky130_fd_sc_hd__clkdlybuf4s25_1)
                                                         net53 (net)
                      0.162467    0.000626    1.118621 v _527_/A (sky130_fd_sc_hd__nor2_2)
     1    0.005591    0.087863    0.149655    1.268276 ^ _527_/Y (sky130_fd_sc_hd__nor2_2)
                                                         _238_ (net)
                      0.087863    0.000120    1.268396 ^ _528_/B (sky130_fd_sc_hd__nor2_2)
     1    0.008298    0.033705    0.049063    1.317459 v _528_/Y (sky130_fd_sc_hd__nor2_2)
                                                         _239_ (net)
                      0.033706    0.000230    1.317689 v _529_/B (sky130_fd_sc_hd__xnor2_2)
     1    0.008607    0.059060    0.145993    1.463682 ^ _529_/Y (sky130_fd_sc_hd__xnor2_2)
                                                         _240_ (net)
                      0.059060    0.000159    1.463841 ^ _530_/B (sky130_fd_sc_hd__xnor2_2)
     1    0.008015    0.048753    0.067728    1.531569 v _530_/Y (sky130_fd_sc_hd__xnor2_2)
                                                         net86 (net)
                      0.048755    0.000339    1.531908 v output86/A (sky130_fd_sc_hd__buf_6)
     1    0.035377    0.044529    0.131865    1.663773 v output86/X (sky130_fd_sc_hd__buf_6)
                                                         S[28] (net)
                      0.044558    0.000974    1.664747 v S[28] (out)
                                              1.664747   data arrival time

                      0.000000    0.000000    0.000000   clock __VIRTUAL_CLK__ (rise edge)
                                  0.000000    0.000000   clock network delay (ideal)
                                  0.250000    0.250000   clock uncertainty
                                  0.000000    0.250000   clock reconvergence pessimism
                                 -0.800000   -0.550000   output external delay
                                             -0.550000   data required time
---------------------------------------------------------------------------------------------
                                             -0.550000   data required time
                                             -1.664747   data arrival time
---------------------------------------------------------------------------------------------
                                              2.214747   slack (MET)


Startpoint: A[17] (input port clocked by __VIRTUAL_CLK__)
Endpoint: S[18] (output port clocked by __VIRTUAL_CLK__)
Path Group: __VIRTUAL_CLK__
Path Type: min

Fanout         Cap        Slew       Delay        Time   Description
---------------------------------------------------------------------------------------------
                      0.000000    0.000000    0.000000   clock __VIRTUAL_CLK__ (rise edge)
                                  0.000000    0.000000   clock network delay (ideal)
                                  0.800000    0.800000 ^ input external delay
     1    0.003773    0.023960    0.013056    0.813056 ^ A[17] (in)
                                                         A[17] (net)
                      0.023960    0.000000    0.813056 ^ input9/A (sky130_fd_sc_hd__dlygate4sd1_1)
     5    0.021299    0.209260    0.287971    1.101027 ^ input9/X (sky130_fd_sc_hd__dlygate4sd1_1)
                                                         net9 (net)
                      0.209260    0.000298    1.101325 ^ _395_/B2 (sky130_fd_sc_hd__a22o_2)
     2    0.009512    0.062963    0.183784    1.285109 ^ _395_/X (sky130_fd_sc_hd__a22o_2)
                                                         _116_ (net)
                      0.062963    0.000326    1.285435 ^ _396_/B1_N (sky130_fd_sc_hd__o21bai_4)
     5    0.028179    0.109161    0.153389    1.438825 ^ _396_/Y (sky130_fd_sc_hd__o21bai_4)
                                                         _117_ (net)
                      0.109162    0.000568    1.439393 ^ _399_/A (sky130_fd_sc_hd__xnor2_2)
     1    0.004665    0.035634    0.076490    1.515883 v _399_/Y (sky130_fd_sc_hd__xnor2_2)
                                                         net75 (net)
                      0.035635    0.000159    1.516042 v output75/A (sky130_fd_sc_hd__buf_4)
     1    0.034996    0.059836    0.156268    1.672310 v output75/X (sky130_fd_sc_hd__buf_4)
                                                         S[18] (net)
                      0.059853    0.000919    1.673229 v S[18] (out)
                                              1.673229   data arrival time

                      0.000000    0.000000    0.000000   clock __VIRTUAL_CLK__ (rise edge)
                                  0.000000    0.000000   clock network delay (ideal)
                                  0.250000    0.250000   clock uncertainty
                                  0.000000    0.250000   clock reconvergence pessimism
                                 -0.800000   -0.550000   output external delay
                                             -0.550000   data required time
---------------------------------------------------------------------------------------------
                                             -0.550000   data required time
                                             -1.673229   data arrival time
---------------------------------------------------------------------------------------------
                                              2.223229   slack (MET)


Startpoint: A[20] (input port clocked by __VIRTUAL_CLK__)
Endpoint: S[20] (output port clocked by __VIRTUAL_CLK__)
Path Group: __VIRTUAL_CLK__
Path Type: min

Fanout         Cap        Slew       Delay        Time   Description
---------------------------------------------------------------------------------------------
                      0.000000    0.000000    0.000000   clock __VIRTUAL_CLK__ (rise edge)
                                  0.000000    0.000000   clock network delay (ideal)
                                  0.800000    0.800000 ^ input external delay
     1    0.002897    0.020147    0.010126    0.810126 ^ A[20] (in)
                                                         A[20] (net)
                      0.020147    0.000000    0.810126 ^ input13/A (sky130_fd_sc_hd__dlymetal6s2s_1)
     6    0.025635    0.267117    0.224134    1.034261 ^ input13/X (sky130_fd_sc_hd__dlymetal6s2s_1)
                                                         net13 (net)
                      0.267124    0.001106    1.035366 ^ _428_/A (sky130_fd_sc_hd__or2b_2)
     3    0.009326    0.055519    0.174863    1.210229 ^ _428_/X (sky130_fd_sc_hd__or2b_2)
                                                         _147_ (net)
                      0.055519    0.000196    1.210425 ^ _430_/A (sky130_fd_sc_hd__and2_4)
     2    0.014272    0.059969    0.146027    1.356452 ^ _430_/X (sky130_fd_sc_hd__and2_4)
                                                         _149_ (net)
                      0.059970    0.000345    1.356796 ^ _431_/B (sky130_fd_sc_hd__xnor2_2)
     1    0.017878    0.101704    0.143419    1.500215 ^ _431_/Y (sky130_fd_sc_hd__xnor2_2)
                                                         _150_ (net)
                      0.101704    0.000509    1.500724 ^ _432_/A (sky130_fd_sc_hd__xnor2_4)
     1    0.008720    0.037625    0.080380    1.581104 v _432_/Y (sky130_fd_sc_hd__xnor2_4)
                                                         net78 (net)
                      0.037627    0.000380    1.581484 v output78/A (sky130_fd_sc_hd__buf_6)
     1    0.034652    0.043977    0.126848    1.708332 v output78/X (sky130_fd_sc_hd__buf_6)
                                                         S[20] (net)
                      0.043997    0.000826    1.709158 v S[20] (out)
                                              1.709158   data arrival time

                      0.000000    0.000000    0.000000   clock __VIRTUAL_CLK__ (rise edge)
                                  0.000000    0.000000   clock network delay (ideal)
                                  0.250000    0.250000   clock uncertainty
                                  0.000000    0.250000   clock reconvergence pessimism
                                 -0.800000   -0.550000   output external delay
                                             -0.550000   data required time
---------------------------------------------------------------------------------------------
                                             -0.550000   data required time
                                             -1.709158   data arrival time
---------------------------------------------------------------------------------------------
                                              2.259158   slack (MET)


Startpoint: B[22] (input port clocked by __VIRTUAL_CLK__)
Endpoint: S[22] (output port clocked by __VIRTUAL_CLK__)
Path Group: __VIRTUAL_CLK__
Path Type: min

Fanout         Cap        Slew       Delay        Time   Description
---------------------------------------------------------------------------------------------
                      0.000000    0.000000    0.000000   clock __VIRTUAL_CLK__ (rise edge)
                                  0.000000    0.000000   clock network delay (ideal)
                                  0.800000    0.800000 ^ input external delay
     1    0.003800    0.024069    0.013142    0.813142 ^ B[22] (in)
                                                         B[22] (net)
                      0.024077    0.000000    0.813142 ^ input47/A (sky130_fd_sc_hd__clkdlybuf4s25_1)
     5    0.030495    0.309915    0.404206    1.217349 ^ input47/X (sky130_fd_sc_hd__clkdlybuf4s25_1)
                                                         net47 (net)
                      0.309920    0.001662    1.219010 ^ _450_/B (sky130_fd_sc_hd__xnor2_2)
     3    0.013445    0.074401    0.130519    1.349529 v _450_/Y (sky130_fd_sc_hd__xnor2_2)
                                                         _167_ (net)
                      0.074401    0.000199    1.349728 v _451_/B (sky130_fd_sc_hd__xnor2_2)
     1    0.009052    0.061330    0.163310    1.513038 ^ _451_/Y (sky130_fd_sc_hd__xnor2_2)
                                                         _168_ (net)
                      0.061331    0.000274    1.513312 ^ _452_/B (sky130_fd_sc_hd__xnor2_2)
     1    0.007944    0.048610    0.068037    1.581348 v _452_/Y (sky130_fd_sc_hd__xnor2_2)
                                                         net80 (net)
                      0.048611    0.000330    1.581678 v output80/A (sky130_fd_sc_hd__buf_6)
     1    0.034895    0.044143    0.131526    1.713204 v output80/X (sky130_fd_sc_hd__buf_6)
                                                         S[22] (net)
                      0.044165    0.000870    1.714074 v S[22] (out)
                                              1.714074   data arrival time

                      0.000000    0.000000    0.000000   clock __VIRTUAL_CLK__ (rise edge)
                                  0.000000    0.000000   clock network delay (ideal)
                                  0.250000    0.250000   clock uncertainty
                                  0.000000    0.250000   clock reconvergence pessimism
                                 -0.800000   -0.550000   output external delay
                                             -0.550000   data required time
---------------------------------------------------------------------------------------------
                                             -0.550000   data required time
                                             -1.714074   data arrival time
---------------------------------------------------------------------------------------------
                                              2.264074   slack (MET)



