
===========================================================================
Violator List
============================================================================
[setup in-out] sub -> S[27] : -1.348527
[setup in-out] sub -> S[31] : -1.345674
[setup in-out] sub -> S[29] : -1.307036
[setup in-out] sub -> S[21] : -1.266905
[setup in-out] sub -> S[23] : -1.224890
[setup in-out] sub -> carryOut : -1.128595
[setup in-out] sub -> S[30] : -1.026611
[setup in-out] sub -> S[13] : -1.007972
[setup in-out] sub -> S[25] : -0.988395
[setup in-out] sub -> S[22] : -0.964963
[setup in-out] sub -> S[15] : -0.897580
[setup in-out] sub -> S[20] : -0.896507
[setup in-out] sub -> S[19] : -0.883273
[setup in-out] sub -> S[17] : -0.856575
[setup in-out] sub -> S[26] : -0.771355
[setup in-out] sub -> S[10] : -0.748006
[setup in-out] sub -> S[24] : -0.684150
[setup in-out] sub -> S[28] : -0.676158
[setup in-out] sub -> S[14] : -0.512978
[setup in-out] sub -> S[18] : -0.502962
[setup in-out] sub -> S[5] : -0.426064
[setup in-out] sub -> S[11] : -0.416792
[setup in-out] sub -> S[6] : -0.348193
[setup in-out] sub -> S[16] : -0.267034
[setup in-out] sub -> S[7] : -0.250274
[setup in-out] sub -> S[9] : -0.218011
[setup in-out] sub -> S[12] : -0.097301
[setup in-out] sub -> S[3] : -0.075453
