
===========================================================================
report_checks -unconstrained
===========================================================================
======================= max_tt_025C_1v80 Corner ===================================

Startpoint: B[4] (input port clocked by __VIRTUAL_CLK__)
Endpoint: y[26] (output port clocked by __VIRTUAL_CLK__)
Path Group: __VIRTUAL_CLK__
Path Type: max

Fanout         Cap        Slew       Delay        Time   Description
---------------------------------------------------------------------------------------------
                      0.000000    0.000000    0.000000   clock __VIRTUAL_CLK__ (rise edge)
                                  0.000000    0.000000   clock network delay (ideal)
                                  4.000000    4.000000 v input external delay
     1    0.004086    0.011616    0.006990    4.006990 v B[4] (in)
                                                         B[4] (net)
                      0.011619    0.000000    4.006990 v input59/A (sky130_fd_sc_hd__clkdlybuf4s25_1)
     5    0.029523    0.222025    0.393142    4.400132 v input59/X (sky130_fd_sc_hd__clkdlybuf4s25_1)
                                                         net59 (net)
                      0.222041    0.002076    4.402207 v _491_/B (sky130_fd_sc_hd__xnor2_2)
     2    0.009274    0.084992    0.222312    4.624519 v _491_/Y (sky130_fd_sc_hd__xnor2_2)
                                                         _058_ (net)
                      0.084992    0.000362    4.624882 v max_cap106/A (sky130_fd_sc_hd__buf_2)
     6    0.026767    0.073542    0.192385    4.817267 v max_cap106/X (sky130_fd_sc_hd__buf_2)
                                                         net106 (net)
                      0.073603    0.002013    4.819280 v _546_/A (sky130_fd_sc_hd__or4_2)
     2    0.008197    0.120459    0.734332    5.553612 v _546_/X (sky130_fd_sc_hd__or4_2)
                                                         _109_ (net)
                      0.120459    0.000450    5.554062 v _658_/A (sky130_fd_sc_hd__or4_2)
     2    0.005616    0.111148    0.731495    6.285558 v _658_/X (sky130_fd_sc_hd__or4_2)
                                                         _213_ (net)
                      0.111148    0.000373    6.285930 v _660_/B1 (sky130_fd_sc_hd__o221a_2)
     3    0.014944    0.074448    0.325445    6.611375 v _660_/X (sky130_fd_sc_hd__o221a_2)
                                                         _215_ (net)
                      0.074461    0.001005    6.612380 v _688_/A1 (sky130_fd_sc_hd__a21o_2)
     4    0.016454    0.065152    0.245484    6.857863 v _688_/X (sky130_fd_sc_hd__a21o_2)
                                                         _241_ (net)
                      0.065156    0.000655    6.858518 v _778_/A2 (sky130_fd_sc_hd__o41a_2)
     3    0.014072    0.094505    0.543226    7.401744 v _778_/X (sky130_fd_sc_hd__o41a_2)
                                                         _325_ (net)
                      0.094505    0.001058    7.402802 v _789_/B (sky130_fd_sc_hd__or2_2)
     2    0.008710    0.070779    0.328711    7.731514 v _789_/X (sky130_fd_sc_hd__or2_2)
                                                         _335_ (net)
                      0.070781    0.000482    7.731996 v _805_/A2 (sky130_fd_sc_hd__o211a_2)
     2    0.007139    0.051279    0.271574    8.003570 v _805_/X (sky130_fd_sc_hd__o211a_2)
                                                         _350_ (net)
                      0.051279    0.000369    8.003938 v _806_/C (sky130_fd_sc_hd__or3_2)
     1    0.006533    0.089240    0.448520    8.452458 v _806_/X (sky130_fd_sc_hd__or3_2)
                                                         _351_ (net)
                      0.089240    0.000679    8.453137 v _808_/B (sky130_fd_sc_hd__nand3_2)
     1    0.005463    0.057324    0.095377    8.548514 ^ _808_/Y (sky130_fd_sc_hd__nand3_2)
                                                         _353_ (net)
                      0.057324    0.000267    8.548781 ^ _810_/B1 (sky130_fd_sc_hd__o211ai_2)
     1    0.004357    0.080791    0.089602    8.638384 v _810_/Y (sky130_fd_sc_hd__o211ai_2)
                                                         net88 (net)
                      0.080791    0.000391    8.638774 v output88/A (sky130_fd_sc_hd__clkdlybuf4s25_1)
     1    0.036869    0.273974    0.464557    9.103332 v output88/X (sky130_fd_sc_hd__clkdlybuf4s25_1)
                                                         y[26] (net)
                      0.273990    0.002344    9.105676 v y[26] (out)
                                              9.105676   data arrival time

                      0.000000   20.000000   20.000000   clock __VIRTUAL_CLK__ (rise edge)
                                  0.000000   20.000000   clock network delay (ideal)
                                 -0.250000   19.750002   clock uncertainty
                                  0.000000   19.750002   clock reconvergence pessimism
                                 -4.000000   15.750001   output external delay
                                             15.750001   data required time
---------------------------------------------------------------------------------------------
                                             15.750001   data required time
                                             -9.105676   data arrival time
---------------------------------------------------------------------------------------------
                                              6.644325   slack (MET)




===========================================================================
report_checks --slack_max -0.01
============================================================================
======================= max_tt_025C_1v80 Corner ===================================

No paths found.


===========================================================================
 report_check_types -max_slew -max_cap -max_fanout -violators
============================================================================
======================= max_tt_025C_1v80 Corner ===================================

max slew

Pin                                        Limit        Slew       Slack
------------------------------------------------------------------------
_846_/A1                                0.750000    0.789374   -0.039374 (VIOLATED)
_784_/A1                                0.750000    0.789371   -0.039372 (VIOLATED)
_699_/A1                                0.750000    0.789352   -0.039352 (VIOLATED)
_886_/A1                                0.750000    0.789322   -0.039322 (VIOLATED)
_506_/A1                                0.750000    0.789292   -0.039292 (VIOLATED)
_489_/A1                                0.750000    0.789285   -0.039285 (VIOLATED)
_463_/A1                                0.750000    0.789283   -0.039283 (VIOLATED)
_527_/B1                                0.750000    0.789273   -0.039273 (VIOLATED)
_476_/A1                                0.750000    0.789269   -0.039269 (VIOLATED)
fanout121/X                             0.750000    0.789256   -0.039256 (VIOLATED)



===========================================================================
report_parasitic_annotation -report_unannotated
============================================================================
Found 2 unannotated drivers.
 statusIn[1]
 statusIn[2]
Found 0 partially unannotated drivers.

===========================================================================
max slew violation count 10
max fanout violation count 0
max cap violation count 0
============================================================================

===========================================================================
check_setup -verbose -unconstrained_endpoints -multiple_clock -no_clock -no_input_delay -loops -generated_clocks
===========================================================================
