
===========================================================================
Violator List
============================================================================
[setup in-out] sub -> S[22] : -0.432532
[setup in-out] sub -> S[20] : -0.418230
[setup in-out] sub -> S[28] : -0.393653
[setup in-out] sub -> S[21] : -0.389078
[setup in-out] sub -> S[30] : -0.387544
[setup in-out] sub -> S[26] : -0.352811
[setup in-out] sub -> S[31] : -0.349763
[setup in-out] sub -> S[23] : -0.344976
[setup in-out] sub -> S[24] : -0.318527
[setup in-out] sub -> carryOut : -0.286693
[setup in-out] sub -> S[25] : -0.278217
[setup in-out] sub -> S[19] : -0.264330
[setup in-out] sub -> S[27] : -0.245606
[setup in-out] sub -> S[18] : -0.243798
[setup in-out] sub -> S[17] : -0.233808
[setup in-out] sub -> S[29] : -0.229856
[setup in-out] sub -> S[15] : -0.225876
[setup in-out] sub -> S[13] : -0.176700
[setup in-out] sub -> S[14] : -0.148511
[setup in-out] sub -> S[11] : -0.115597
[setup in-out] sub -> S[16] : -0.086687
[setup in-out] sub -> S[12] : -0.011606
Writing metric timing__hold_vio__count__corner:nom_tt_025C_1v80: 0
Writing metric timing__hold_r2r__ws__corner:nom_tt_025C_1v80: 1e30
Writing metric timing__hold_r2r_vio__count__corner:nom_tt_025C_1v80: 0
Writing metric timing__setup_vio__count__corner:nom_tt_025C_1v80: 22
Writing metric timing__setup_r2r__ws__corner:nom_tt_025C_1v80: 1e30
Writing metric timing__setup_r2r_vio__count__corner:nom_tt_025C_1v80: 0
