Reading timing models for corner max_tt_025C_1v80…
Reading timing library for the 'max_tt_025C_1v80' corner at '/home/admin/.ciel/ciel/sky130/versions/8afc8346a57fe1ab7934ba5a6056ea8b43078e71/sky130A/libs.ref/sky130_fd_sc_hd/lib/sky130_fd_sc_hd__tt_025C_1v80.lib'…
Reading timing models for corner min_ss_100C_1v60…
Reading timing library for the 'min_ss_100C_1v60' corner at '/home/admin/.ciel/ciel/sky130/versions/8afc8346a57fe1ab7934ba5a6056ea8b43078e71/sky130A/libs.ref/sky130_fd_sc_hd/lib/sky130_fd_sc_hd__ss_100C_1v60.lib'…
Reading timing models for corner nom_tt_025C_1v80…
Reading timing library for the 'nom_tt_025C_1v80' corner at '/home/admin/.ciel/ciel/sky130/versions/8afc8346a57fe1ab7934ba5a6056ea8b43078e71/sky130A/libs.ref/sky130_fd_sc_hd/lib/sky130_fd_sc_hd__tt_025C_1v80.lib'…
[WARNING STA-1140] /home/admin/.ciel/ciel/sky130/versions/8afc8346a57fe1ab7934ba5a6056ea8b43078e71/sky130A/libs.ref/sky130_fd_sc_hd/lib/sky130_fd_sc_hd__tt_025C_1v80.lib line 1, library sky130_fd_sc_hd__tt_025C_1v80 already exists.
Reading timing models for corner max_ff_n40C_1v95…
Reading timing library for the 'max_ff_n40C_1v95' corner at '/home/admin/.ciel/ciel/sky130/versions/8afc8346a57fe1ab7934ba5a6056ea8b43078e71/sky130A/libs.ref/sky130_fd_sc_hd/lib/sky130_fd_sc_hd__ff_n40C_1v95.lib'…
Reading timing models for corner nom_ff_n40C_1v95…
Reading timing library for the 'nom_ff_n40C_1v95' corner at '/home/admin/.ciel/ciel/sky130/versions/8afc8346a57fe1ab7934ba5a6056ea8b43078e71/sky130A/libs.ref/sky130_fd_sc_hd/lib/sky130_fd_sc_hd__ff_n40C_1v95.lib'…
[WARNING STA-1140] /home/admin/.ciel/ciel/sky130/versions/8afc8346a57fe1ab7934ba5a6056ea8b43078e71/sky130A/libs.ref/sky130_fd_sc_hd/lib/sky130_fd_sc_hd__ff_n40C_1v95.lib line 1, library sky130_fd_sc_hd__ff_n40C_1v95 already exists.
Reading timing models for corner max_ss_100C_1v60…
Reading timing library for the 'max_ss_100C_1v60' corner at '/home/admin/.ciel/ciel/sky130/versions/8afc8346a57fe1ab7934ba5a6056ea8b43078e71/sky130A/libs.ref/sky130_fd_sc_hd/lib/sky130_fd_sc_hd__ss_100C_1v60.lib'…
[WARNING STA-1140] /home/admin/.ciel/ciel/sky130/versions/8afc8346a57fe1ab7934ba5a6056ea8b43078e71/sky130A/libs.ref/sky130_fd_sc_hd/lib/sky130_fd_sc_hd__ss_100C_1v60.lib line 1, library sky130_fd_sc_hd__ss_100C_1v60 already exists.
Reading timing models for corner min_tt_025C_1v80…
Reading timing library for the 'min_tt_025C_1v80' corner at '/home/admin/.ciel/ciel/sky130/versions/8afc8346a57fe1ab7934ba5a6056ea8b43078e71/sky130A/libs.ref/sky130_fd_sc_hd/lib/sky130_fd_sc_hd__tt_025C_1v80.lib'…
[WARNING STA-1140] /home/admin/.ciel/ciel/sky130/versions/8afc8346a57fe1ab7934ba5a6056ea8b43078e71/sky130A/libs.ref/sky130_fd_sc_hd/lib/sky130_fd_sc_hd__tt_025C_1v80.lib line 1, library sky130_fd_sc_hd__tt_025C_1v80 already exists.
Reading timing models for corner nom_ss_100C_1v60…
Reading timing library for the 'nom_ss_100C_1v60' corner at '/home/admin/.ciel/ciel/sky130/versions/8afc8346a57fe1ab7934ba5a6056ea8b43078e71/sky130A/libs.ref/sky130_fd_sc_hd/lib/sky130_fd_sc_hd__ss_100C_1v60.lib'…
[WARNING STA-1140] /home/admin/.ciel/ciel/sky130/versions/8afc8346a57fe1ab7934ba5a6056ea8b43078e71/sky130A/libs.ref/sky130_fd_sc_hd/lib/sky130_fd_sc_hd__ss_100C_1v60.lib line 1, library sky130_fd_sc_hd__ss_100C_1v60 already exists.
Reading timing models for corner min_ff_n40C_1v95…
Reading timing library for the 'min_ff_n40C_1v95' corner at '/home/admin/.ciel/ciel/sky130/versions/8afc8346a57fe1ab7934ba5a6056ea8b43078e71/sky130A/libs.ref/sky130_fd_sc_hd/lib/sky130_fd_sc_hd__ff_n40C_1v95.lib'…
[WARNING STA-1140] /home/admin/.ciel/ciel/sky130/versions/8afc8346a57fe1ab7934ba5a6056ea8b43078e71/sky130A/libs.ref/sky130_fd_sc_hd/lib/sky130_fd_sc_hd__ff_n40C_1v95.lib line 1, library sky130_fd_sc_hd__ff_n40C_1v95 already exists.
Reading OpenROAD database at '/home/admin/Documents/Projekty/Hobby/Nauka/RISC-5/.v/DDCA/code/exercises/ALUDesignIverilog/ALU/systemIverilog/build/runs/RUN_2026-09-29_09-31-05/28-openroad-globalplacement/addsub32.odb'…
Reading design constraints file at '/nix/store/33pw6r3szpqrlxwi0ri36rfq68whzq26-python3-3.13.9-env/lib/python3.13/site-packages/librelane/scripts/base.sdc'…
[WARNING STA-0366] port '__VIRTUAL_CLK__' not found.
[INFO] Using clock __VIRTUAL_CLK__…
[INFO] Setting output delay to: 0.8
[INFO] Setting input delay to: 0.8
[WARNING STA-0366] port '__VIRTUAL_CLK__' not found.
[INFO] Setting load to: 0.033442
[INFO] Setting clock uncertainty to: 0.25
[INFO] Setting clock transition to: 0.1499999999999999944488848768742172978818416595458984375
[WARNING STA-0419] transition time can not be specified for virtual clocks.
[INFO] Setting timing derate to: 5.0%
[WARNING STA-0450] virtual clock __VIRTUAL_CLK__ can not be propagated.
[INFO RSZ-0027] Inserted 65 sky130_fd_sc_hd__clkdlybuf4s25_1 input buffers.
[INFO RSZ-0028] Inserted 33 sky130_fd_sc_hd__clkdlybuf4s25_1 output buffers.
+ repair_design -verbose -max_wire_length 0.0 -slew_margin 20.0 -cap_margin 20.0
Iteration |   Area    | Resized | Buffers | Nets repaired | Remaining
---------------------------------------------------------------------
        0 |     +0.0% |       0 |       0 |             0 |       509
       10 |     +0.0% |       0 |       0 |             0 |       499
       20 |     +0.0% |       0 |       0 |             0 |       489
       30 |     +0.0% |       0 |       0 |             0 |       479
       40 |     +0.0% |       0 |       0 |             0 |       469
       50 |     +0.0% |       0 |       0 |             0 |       459
       60 |     +0.0% |       0 |       0 |             0 |       449
       70 |     +0.0% |       0 |       0 |             0 |       439
       80 |     +0.2% |       0 |       1 |             1 |       429
       90 |     +0.2% |       0 |       1 |             1 |       419
      100 |     +0.2% |       0 |       1 |             1 |       409
      110 |     +0.2% |       0 |       1 |             1 |       399
      120 |     +0.2% |       0 |       1 |             1 |       389
      130 |     +0.2% |       0 |       1 |             1 |       379
      140 |     +0.2% |       0 |       1 |             1 |       369
      150 |     +0.2% |       0 |       1 |             1 |       359
      160 |     +0.2% |       0 |       1 |             1 |       349
      170 |     +0.2% |       0 |       1 |             1 |       339
      180 |     +0.2% |       0 |       1 |             1 |       329
      190 |     +0.2% |       0 |       1 |             1 |       319
      200 |     +0.2% |       0 |       1 |             1 |       309
      210 |     +0.2% |       0 |       1 |             1 |       299
      220 |     +0.2% |       0 |       1 |             1 |       289
      230 |     +0.2% |       0 |       1 |             1 |       279
      240 |     +0.2% |       0 |       1 |             1 |       269
      250 |     +0.2% |       0 |       1 |             1 |       259
      260 |     +0.2% |       0 |       1 |             1 |       249
      270 |     +0.2% |       0 |       1 |             1 |       239
      280 |     +0.2% |       0 |       1 |             1 |       229
      290 |     +0.2% |       0 |       1 |             1 |       219
      300 |     +0.2% |       0 |       1 |             1 |       209
      310 |     +0.2% |       0 |       1 |             1 |       199
      320 |     +0.2% |       0 |       1 |             1 |       189
      330 |     +0.2% |       0 |       1 |             1 |       179
      340 |     +0.2% |       0 |       1 |             1 |       169
      350 |     +0.2% |       0 |       1 |             1 |       159
      360 |     +0.2% |       0 |       1 |             1 |       149
      370 |     +0.2% |       0 |       1 |             1 |       139
      380 |     +0.2% |       0 |       1 |             1 |       129
      390 |     +3.8% |       0 |      20 |             2 |       119
      400 |     +3.8% |       0 |      20 |             2 |       109
      410 |     +3.8% |       0 |      20 |             2 |        99
      420 |     +3.8% |       0 |      20 |             2 |        89
      430 |     +3.8% |       0 |      20 |             2 |        79
      440 |     +3.8% |       0 |      20 |             2 |        69
      450 |     +3.8% |       0 |      20 |             2 |        59
      460 |     +3.8% |       0 |      20 |             2 |        49
      470 |     +3.8% |       0 |      20 |             2 |        39
      480 |     +3.8% |       0 |      20 |             2 |        29
      490 |     +3.8% |       0 |      20 |             2 |        19
      500 |     +3.8% |       0 |      20 |             2 |         9
    final |     +3.8% |       0 |      20 |             2 |         0
---------------------------------------------------------------------
[INFO RSZ-0034] Found 2 slew violations.
[INFO RSZ-0035] Found 1 fanout violations.
[INFO RSZ-0038] Inserted 20 buffers in 2 nets.
[WARNING RSZ-0020] found 2 floating nets.
 VGND
 VPWR
+ detailed_placement -max_displacement  500 100 
Placement Analysis
---------------------------------
total displacement       2622.7 u
average displacement        4.0 u
max displacement           26.6 u
original HPWL            6731.6 u
legalized HPWL           8187.2 u
delta HPWL                   22 %

[INFO DPL-0020] Mirrored 170 instances
[INFO DPL-0021] HPWL before            8187.2 u
[INFO DPL-0022] HPWL after             7848.1 u
[INFO DPL-0023] HPWL delta               -4.1 %
Setting global connections for newly added cells…
[INFO] Setting global connections...
[INFO ODB-0403] 472 connections made, 0 conflicts skipped.
Updating metrics…
Cell type report:                       Count       Area
  Fill cell                                68     255.24
  Tap cell                                126     157.65
  Timing Repair Buffer                    118    1156.11
  Inverter                                 15      56.30
  Multi-Input combinational cell          331    3513.37
  Total                                   658    5138.68
Writing OpenROAD database to '/home/admin/Documents/Projekty/Hobby/Nauka/RISC-5/.v/DDCA/code/exercises/ALUDesignIverilog/ALU/systemIverilog/build/runs/RUN_2026-09-29_09-31-05/32-openroad-repairdesignpostgpl/addsub32.odb'…
Writing netlist to '/home/admin/Documents/Projekty/Hobby/Nauka/RISC-5/.v/DDCA/code/exercises/ALUDesignIverilog/ALU/systemIverilog/build/runs/RUN_2026-09-29_09-31-05/32-openroad-repairdesignpostgpl/addsub32.nl.v'…
Writing powered netlist to '/home/admin/Documents/Projekty/Hobby/Nauka/RISC-5/.v/DDCA/code/exercises/ALUDesignIverilog/ALU/systemIverilog/build/runs/RUN_2026-09-29_09-31-05/32-openroad-repairdesignpostgpl/addsub32.pnl.v'…
Writing layout to '/home/admin/Documents/Projekty/Hobby/Nauka/RISC-5/.v/DDCA/code/exercises/ALUDesignIverilog/ALU/systemIverilog/build/runs/RUN_2026-09-29_09-31-05/32-openroad-repairdesignpostgpl/addsub32.def'…
Writing timing constraints to '/home/admin/Documents/Projekty/Hobby/Nauka/RISC-5/.v/DDCA/code/exercises/ALUDesignIverilog/ALU/systemIverilog/build/runs/RUN_2026-09-29_09-31-05/32-openroad-repairdesignpostgpl/addsub32.sdc'…
