
===========================================================================
Violator List
============================================================================
[setup in-out] sub -> S[21] : -4.316330
[setup in-out] sub -> S[23] : -4.315096
[setup in-out] sub -> S[22] : -4.267694
[setup in-out] sub -> S[27] : -4.254263
[setup in-out] sub -> S[25] : -4.231499
[setup in-out] sub -> S[26] : -4.209813
[setup in-out] sub -> S[31] : -4.160490
[setup in-out] sub -> carryOut : -4.159338
[setup in-out] sub -> S[29] : -4.088558
[setup in-out] sub -> S[24] : -4.082390
[setup in-out] sub -> S[18] : -4.056658
[setup in-out] sub -> S[30] : -4.027975
[setup in-out] sub -> S[20] : -3.935454
[setup in-out] sub -> S[19] : -3.857730
[setup in-out] sub -> S[11] : -3.829650
[setup in-out] sub -> S[17] : -3.815892
[setup in-out] sub -> S[14] : -3.807050
[setup in-out] sub -> S[15] : -3.805093
[setup in-out] sub -> S[7] : -3.762002
[setup in-out] sub -> S[28] : -3.755501
[setup in-out] sub -> S[16] : -3.570722
[setup in-out] sub -> S[9] : -3.511389
[setup in-out] sub -> S[6] : -3.424710
[setup in-out] sub -> S[10] : -3.414629
[setup in-out] sub -> S[13] : -3.411296
[setup in-out] sub -> S[12] : -3.293249
[setup in-out] sub -> S[8] : -3.168308
[setup in-out] sub -> S[5] : -3.013117
[setup in-out] sub -> S[4] : -2.759162
[setup in-out] sub -> S[2] : -2.683909
[setup in-out] sub -> S[3] : -2.646785
[setup in-out] sub -> S[0] : -2.086933
[setup in-out] sub -> S[1] : -1.875654
