
===========================================================================
report_checks -unconstrained
===========================================================================
======================= min_ss_100C_1v60 Corner ===================================

Startpoint: sub (input port clocked by __VIRTUAL_CLK__)
Endpoint: S[27] (output port clocked by __VIRTUAL_CLK__)
Path Group: __VIRTUAL_CLK__
Path Type: max

Fanout         Cap        Slew       Delay        Time   Description
---------------------------------------------------------------------------------------------
                      0.000000    0.000000    0.000000   clock __VIRTUAL_CLK__ (rise edge)
                                  0.000000    0.000000   clock network delay (ideal)
                                  0.800000    0.800000 ^ input external delay
     1    0.008145    0.068471    0.045330    0.845330 ^ sub (in)
                                                         sub (net)
                      0.068471    0.000000    0.845330 ^ input65/A (sky130_fd_sc_hd__buf_8)
     3    0.024553    0.082074    0.195176    1.040506 ^ input65/X (sky130_fd_sc_hd__buf_8)
                                                         net65 (net)
                      0.082079    0.000808    1.041314 ^ fanout107/A (sky130_fd_sc_hd__buf_6)
     3    0.016968    0.074026    0.197395    1.238709 ^ fanout107/X (sky130_fd_sc_hd__buf_6)
                                                         net107 (net)
                      0.074026    0.000212    1.238921 ^ fanout105/A (sky130_fd_sc_hd__buf_8)
     2    0.011898    0.054498    0.173538    1.412459 ^ fanout105/X (sky130_fd_sc_hd__buf_8)
                                                         net105 (net)
                      0.054508    0.000216    1.412675 ^ load_slew106/A (sky130_fd_sc_hd__buf_8)
     4    0.026523    0.086628    0.192642    1.605317 ^ load_slew106/X (sky130_fd_sc_hd__buf_8)
                                                         net106 (net)
                      0.086628    0.000381    1.605697 ^ _666_/A (sky130_fd_sc_hd__inv_8)
     7    0.029521    0.043055    0.080589    1.686286 v _666_/Y (sky130_fd_sc_hd__inv_8)
                                                         _001_ (net)
                      0.043100    0.001185    1.687471 v _364_/D (sky130_fd_sc_hd__or4_4)
     1    0.005024    0.154115    0.873129    2.560601 v _364_/X (sky130_fd_sc_hd__or4_4)
                                                         _087_ (net)
                      0.154115    0.000057    2.560657 v _366_/A1 (sky130_fd_sc_hd__a21o_4)
     2    0.007241    0.064101    0.424996    2.985654 v _366_/X (sky130_fd_sc_hd__a21o_4)
                                                         _089_ (net)
                      0.064101    0.000076    2.985730 v _367_/A1 (sky130_fd_sc_hd__a21bo_4)
     2    0.008568    0.068656    0.400317    3.386047 v _367_/X (sky130_fd_sc_hd__a21bo_4)
                                                         _090_ (net)
                      0.068656    0.000079    3.386127 v _370_/A1 (sky130_fd_sc_hd__a211o_4)
     2    0.009110    0.089398    0.613392    3.999518 v _370_/X (sky130_fd_sc_hd__a211o_4)
                                                         _093_ (net)
                      0.089398    0.000242    3.999760 v _466_/A2 (sky130_fd_sc_hd__a311o_4)
     3    0.014624    0.115866    0.750743    4.750503 v _466_/X (sky130_fd_sc_hd__a311o_4)
                                                         _181_ (net)
                      0.115866    0.000315    4.750818 v _496_/A2 (sky130_fd_sc_hd__a21o_4)
     3    0.009160    0.068178    0.437244    5.188062 v _496_/X (sky130_fd_sc_hd__a21o_4)
                                                         _209_ (net)
                      0.068178    0.000116    5.188178 v _506_/A (sky130_fd_sc_hd__and4_2)
     1    0.003487    0.077578    0.389117    5.577295 v _506_/X (sky130_fd_sc_hd__and4_2)
                                                         _218_ (net)
                      0.077578    0.000043    5.577338 v _508_/B (sky130_fd_sc_hd__or4b_4)
     1    0.018264    0.199290    1.157148    6.734486 v _508_/X (sky130_fd_sc_hd__or4b_4)
                                                         _220_ (net)
                      0.199290    0.000330    6.734817 v _509_/A (sky130_fd_sc_hd__xnor2_4)
     1    0.005009    0.171849    0.304255    7.039071 ^ _509_/Y (sky130_fd_sc_hd__xnor2_4)
                                                         net85 (net)
                      0.171849    0.000023    7.039094 ^ output85/A (sky130_fd_sc_hd__buf_6)
     1    0.035426    0.126361    0.285350    7.324444 ^ output85/X (sky130_fd_sc_hd__buf_6)
                                                         S[27] (net)
                      0.126361    0.000275    7.324719 ^ S[27] (out)
                                              7.324719   data arrival time

                      0.000000    4.000000    4.000000   clock __VIRTUAL_CLK__ (rise edge)
                                  0.000000    4.000000   clock network delay (ideal)
                                 -0.250000    3.750000   clock uncertainty
                                  0.000000    3.750000   clock reconvergence pessimism
                                 -0.800000    2.950000   output external delay
                                              2.950000   data required time
---------------------------------------------------------------------------------------------
                                              2.950000   data required time
                                             -7.324719   data arrival time
---------------------------------------------------------------------------------------------
                                             -4.374719   slack (VIOLATED)




===========================================================================
report_checks --slack_max -0.01
============================================================================
======================= min_ss_100C_1v60 Corner ===================================

Startpoint: sub (input port clocked by __VIRTUAL_CLK__)
Endpoint: S[27] (output port clocked by __VIRTUAL_CLK__)
Path Group: __VIRTUAL_CLK__
Path Type: max

Fanout         Cap        Slew       Delay        Time   Description
---------------------------------------------------------------------------------------------
                      0.000000    0.000000    0.000000   clock __VIRTUAL_CLK__ (rise edge)
                                  0.000000    0.000000   clock network delay (ideal)
                                  0.800000    0.800000 ^ input external delay
     1    0.008145    0.068471    0.045330    0.845330 ^ sub (in)
                                                         sub (net)
                      0.068471    0.000000    0.845330 ^ input65/A (sky130_fd_sc_hd__buf_8)
     3    0.024553    0.082074    0.195176    1.040506 ^ input65/X (sky130_fd_sc_hd__buf_8)
                                                         net65 (net)
                      0.082079    0.000808    1.041314 ^ fanout107/A (sky130_fd_sc_hd__buf_6)
     3    0.016968    0.074026    0.197395    1.238709 ^ fanout107/X (sky130_fd_sc_hd__buf_6)
                                                         net107 (net)
                      0.074026    0.000212    1.238921 ^ fanout105/A (sky130_fd_sc_hd__buf_8)
     2    0.011898    0.054498    0.173538    1.412459 ^ fanout105/X (sky130_fd_sc_hd__buf_8)
                                                         net105 (net)
                      0.054508    0.000216    1.412675 ^ load_slew106/A (sky130_fd_sc_hd__buf_8)
     4    0.026523    0.086628    0.192642    1.605317 ^ load_slew106/X (sky130_fd_sc_hd__buf_8)
                                                         net106 (net)
                      0.086628    0.000381    1.605697 ^ _666_/A (sky130_fd_sc_hd__inv_8)
     7    0.029521    0.043055    0.080589    1.686286 v _666_/Y (sky130_fd_sc_hd__inv_8)
                                                         _001_ (net)
                      0.043100    0.001185    1.687471 v _364_/D (sky130_fd_sc_hd__or4_4)
     1    0.005024    0.154115    0.873129    2.560601 v _364_/X (sky130_fd_sc_hd__or4_4)
                                                         _087_ (net)
                      0.154115    0.000057    2.560657 v _366_/A1 (sky130_fd_sc_hd__a21o_4)
     2    0.007241    0.064101    0.424996    2.985654 v _366_/X (sky130_fd_sc_hd__a21o_4)
                                                         _089_ (net)
                      0.064101    0.000076    2.985730 v _367_/A1 (sky130_fd_sc_hd__a21bo_4)
     2    0.008568    0.068656    0.400317    3.386047 v _367_/X (sky130_fd_sc_hd__a21bo_4)
                                                         _090_ (net)
                      0.068656    0.000079    3.386127 v _370_/A1 (sky130_fd_sc_hd__a211o_4)
     2    0.009110    0.089398    0.613392    3.999518 v _370_/X (sky130_fd_sc_hd__a211o_4)
                                                         _093_ (net)
                      0.089398    0.000242    3.999760 v _466_/A2 (sky130_fd_sc_hd__a311o_4)
     3    0.014624    0.115866    0.750743    4.750503 v _466_/X (sky130_fd_sc_hd__a311o_4)
                                                         _181_ (net)
                      0.115866    0.000315    4.750818 v _496_/A2 (sky130_fd_sc_hd__a21o_4)
     3    0.009160    0.068178    0.437244    5.188062 v _496_/X (sky130_fd_sc_hd__a21o_4)
                                                         _209_ (net)
                      0.068178    0.000116    5.188178 v _506_/A (sky130_fd_sc_hd__and4_2)
     1    0.003487    0.077578    0.389117    5.577295 v _506_/X (sky130_fd_sc_hd__and4_2)
                                                         _218_ (net)
                      0.077578    0.000043    5.577338 v _508_/B (sky130_fd_sc_hd__or4b_4)
     1    0.018264    0.199290    1.157148    6.734486 v _508_/X (sky130_fd_sc_hd__or4b_4)
                                                         _220_ (net)
                      0.199290    0.000330    6.734817 v _509_/A (sky130_fd_sc_hd__xnor2_4)
     1    0.005009    0.171849    0.304255    7.039071 ^ _509_/Y (sky130_fd_sc_hd__xnor2_4)
                                                         net85 (net)
                      0.171849    0.000023    7.039094 ^ output85/A (sky130_fd_sc_hd__buf_6)
     1    0.035426    0.126361    0.285350    7.324444 ^ output85/X (sky130_fd_sc_hd__buf_6)
                                                         S[27] (net)
                      0.126361    0.000275    7.324719 ^ S[27] (out)
                                              7.324719   data arrival time

                      0.000000    4.000000    4.000000   clock __VIRTUAL_CLK__ (rise edge)
                                  0.000000    4.000000   clock network delay (ideal)
                                 -0.250000    3.750000   clock uncertainty
                                  0.000000    3.750000   clock reconvergence pessimism
                                 -0.800000    2.950000   output external delay
                                              2.950000   data required time
---------------------------------------------------------------------------------------------
                                              2.950000   data required time
                                             -7.324719   data arrival time
---------------------------------------------------------------------------------------------
                                             -4.374719   slack (VIOLATED)




===========================================================================
 report_check_types -max_slew -max_cap -max_fanout -violators
============================================================================
======================= min_ss_100C_1v60 Corner ===================================



===========================================================================
report_parasitic_annotation -report_unannotated
============================================================================
Found 0 unannotated drivers.
Found 0 partially unannotated drivers.

===========================================================================
max slew violation count 0
max fanout violation count 0
max cap violation count 0
============================================================================

===========================================================================
check_setup -verbose -unconstrained_endpoints -multiple_clock -no_clock -no_input_delay -loops -generated_clocks
===========================================================================
