
===========================================================================
report_checks -unconstrained
===========================================================================
======================= nom_tt_025C_1v80 Corner ===================================

Startpoint: sub (input port clocked by __VIRTUAL_CLK__)
Endpoint: S[25] (output port clocked by __VIRTUAL_CLK__)
Path Group: __VIRTUAL_CLK__
Path Type: max

Fanout         Cap        Slew       Delay        Time   Description
---------------------------------------------------------------------------------------------
                      0.000000    0.000000    0.000000   clock __VIRTUAL_CLK__ (rise edge)
                                  0.000000    0.000000   clock network delay (ideal)
                                  0.800000    0.800000 ^ input external delay
   101    0.446854    1.988562    1.439930    2.239930 ^ sub (in)
                                                         sub (net)
                      1.988600    0.000000    2.239930 ^ _313_/A_N (sky130_fd_sc_hd__nand2b_2)
     1    0.004708    0.087851    0.363370    2.603300 ^ _313_/Y (sky130_fd_sc_hd__nand2b_2)
                                                         _078_ (net)
                      0.087851    0.000000    2.603301 ^ _315_/C (sky130_fd_sc_hd__nand3b_2)
     6    0.026957    0.177628    0.186238    2.789539 v _315_/Y (sky130_fd_sc_hd__nand3b_2)
                                                         _080_ (net)
                      0.177628    0.000282    2.789821 v _344_/A1_N (sky130_fd_sc_hd__o2bb2ai_2)
     1    0.008749    0.054070    0.194968    2.984789 v _344_/Y (sky130_fd_sc_hd__o2bb2ai_2)
                                                         _109_ (net)
                      0.054070    0.000033    2.984822 v _346_/B1 (sky130_fd_sc_hd__a22oi_4)
     3    0.015172    0.187213    0.174414    3.159236 ^ _346_/Y (sky130_fd_sc_hd__a22oi_4)
                                                         _111_ (net)
                      0.187213    0.000082    3.159318 ^ _350_/B (sky130_fd_sc_hd__nand3_2)
     2    0.013026    0.103760    0.147450    3.306768 v _350_/Y (sky130_fd_sc_hd__nand3_2)
                                                         _115_ (net)
                      0.103760    0.000060    3.306827 v _351_/B1 (sky130_fd_sc_hd__a22oi_4)
     3    0.020794    0.219969    0.222289    3.529116 ^ _351_/Y (sky130_fd_sc_hd__a22oi_4)
                                                         _116_ (net)
                      0.219970    0.000491    3.529607 ^ _386_/B2 (sky130_fd_sc_hd__o22ai_4)
     4    0.033881    0.121575    0.163542    3.693150 v _386_/Y (sky130_fd_sc_hd__o22ai_4)
                                                         _151_ (net)
                      0.121576    0.000478    3.693627 v _477_/A1 (sky130_fd_sc_hd__a21boi_4)
     6    0.052436    0.391977    0.401653    4.095280 ^ _477_/Y (sky130_fd_sc_hd__a21boi_4)
                                                         _234_ (net)
                      0.391977    0.000188    4.095468 ^ _484_/A2 (sky130_fd_sc_hd__o21ai_4)
     1    0.015672    0.086976    0.113077    4.208545 v _484_/Y (sky130_fd_sc_hd__o21ai_4)
                                                         _240_ (net)
                      0.086976    0.000008    4.208553 v _485_/B (sky130_fd_sc_hd__xnor2_4)
     1    0.036083    0.305656    0.302709    4.511262 ^ _485_/Y (sky130_fd_sc_hd__xnor2_4)
                                                         S[25] (net)
                      0.305657    0.000401    4.511663 ^ S[25] (out)
                                              4.511663   data arrival time

                      0.000000    4.000000    4.000000   clock __VIRTUAL_CLK__ (rise edge)
                                  0.000000    4.000000   clock network delay (ideal)
                                 -0.250000    3.750000   clock uncertainty
                                  0.000000    3.750000   clock reconvergence pessimism
                                 -0.800000    2.950000   output external delay
                                              2.950000   data required time
---------------------------------------------------------------------------------------------
                                              2.950000   data required time
                                             -4.511663   data arrival time
---------------------------------------------------------------------------------------------
                                             -1.561663   slack (VIOLATED)




===========================================================================
report_checks --slack_max -0.01
============================================================================
======================= nom_tt_025C_1v80 Corner ===================================

Startpoint: sub (input port clocked by __VIRTUAL_CLK__)
Endpoint: S[25] (output port clocked by __VIRTUAL_CLK__)
Path Group: __VIRTUAL_CLK__
Path Type: max

Fanout         Cap        Slew       Delay        Time   Description
---------------------------------------------------------------------------------------------
                      0.000000    0.000000    0.000000   clock __VIRTUAL_CLK__ (rise edge)
                                  0.000000    0.000000   clock network delay (ideal)
                                  0.800000    0.800000 ^ input external delay
   101    0.446854    1.988562    1.439930    2.239930 ^ sub (in)
                                                         sub (net)
                      1.988600    0.000000    2.239930 ^ _313_/A_N (sky130_fd_sc_hd__nand2b_2)
     1    0.004708    0.087851    0.363370    2.603300 ^ _313_/Y (sky130_fd_sc_hd__nand2b_2)
                                                         _078_ (net)
                      0.087851    0.000000    2.603301 ^ _315_/C (sky130_fd_sc_hd__nand3b_2)
     6    0.026957    0.177628    0.186238    2.789539 v _315_/Y (sky130_fd_sc_hd__nand3b_2)
                                                         _080_ (net)
                      0.177628    0.000282    2.789821 v _344_/A1_N (sky130_fd_sc_hd__o2bb2ai_2)
     1    0.008749    0.054070    0.194968    2.984789 v _344_/Y (sky130_fd_sc_hd__o2bb2ai_2)
                                                         _109_ (net)
                      0.054070    0.000033    2.984822 v _346_/B1 (sky130_fd_sc_hd__a22oi_4)
     3    0.015172    0.187213    0.174414    3.159236 ^ _346_/Y (sky130_fd_sc_hd__a22oi_4)
                                                         _111_ (net)
                      0.187213    0.000082    3.159318 ^ _350_/B (sky130_fd_sc_hd__nand3_2)
     2    0.013026    0.103760    0.147450    3.306768 v _350_/Y (sky130_fd_sc_hd__nand3_2)
                                                         _115_ (net)
                      0.103760    0.000060    3.306827 v _351_/B1 (sky130_fd_sc_hd__a22oi_4)
     3    0.020794    0.219969    0.222289    3.529116 ^ _351_/Y (sky130_fd_sc_hd__a22oi_4)
                                                         _116_ (net)
                      0.219970    0.000491    3.529607 ^ _386_/B2 (sky130_fd_sc_hd__o22ai_4)
     4    0.033881    0.121575    0.163542    3.693150 v _386_/Y (sky130_fd_sc_hd__o22ai_4)
                                                         _151_ (net)
                      0.121576    0.000478    3.693627 v _477_/A1 (sky130_fd_sc_hd__a21boi_4)
     6    0.052436    0.391977    0.401653    4.095280 ^ _477_/Y (sky130_fd_sc_hd__a21boi_4)
                                                         _234_ (net)
                      0.391977    0.000188    4.095468 ^ _484_/A2 (sky130_fd_sc_hd__o21ai_4)
     1    0.015672    0.086976    0.113077    4.208545 v _484_/Y (sky130_fd_sc_hd__o21ai_4)
                                                         _240_ (net)
                      0.086976    0.000008    4.208553 v _485_/B (sky130_fd_sc_hd__xnor2_4)
     1    0.036083    0.305656    0.302709    4.511262 ^ _485_/Y (sky130_fd_sc_hd__xnor2_4)
                                                         S[25] (net)
                      0.305657    0.000401    4.511663 ^ S[25] (out)
                                              4.511663   data arrival time

                      0.000000    4.000000    4.000000   clock __VIRTUAL_CLK__ (rise edge)
                                  0.000000    4.000000   clock network delay (ideal)
                                 -0.250000    3.750000   clock uncertainty
                                  0.000000    3.750000   clock reconvergence pessimism
                                 -0.800000    2.950000   output external delay
                                              2.950000   data required time
---------------------------------------------------------------------------------------------
                                              2.950000   data required time
                                             -4.511663   data arrival time
---------------------------------------------------------------------------------------------
                                             -1.561663   slack (VIOLATED)




===========================================================================
 report_check_types -max_slew -max_cap -max_fanout -violators
============================================================================
======================= nom_tt_025C_1v80 Corner ===================================

max slew

Pin                                        Limit        Slew       Slack
------------------------------------------------------------------------
_636_/B                                 0.750000    1.988626   -1.238626 (VIOLATED)
_637_/A_N                               0.750000    1.988626   -1.238626 (VIOLATED)
_638_/A                                 0.750000    1.988626   -1.238626 (VIOLATED)
_639_/A1                                0.750000    1.988625   -1.238625 (VIOLATED)
_640_/A1                                0.750000    1.988626   -1.238626 (VIOLATED)
_647_/B                                 0.750000    1.988624   -1.238624 (VIOLATED)
_648_/A1                                0.750000    1.988624   -1.238624 (VIOLATED)
_649_/A1                                0.750000    1.988624   -1.238624 (VIOLATED)
_325_/B                                 0.750000    1.988623   -1.238623 (VIOLATED)
_326_/A_N                               0.750000    1.988622   -1.238622 (VIOLATED)
_327_/A                                 0.750000    1.988622   -1.238622 (VIOLATED)
_329_/A1                                0.750000    1.988622   -1.238622 (VIOLATED)
_626_/A1                                0.750000    1.988617   -1.238617 (VIOLATED)
_627_/A1                                0.750000    1.988618   -1.238618 (VIOLATED)
_628_/A2                                0.750000    1.988618   -1.238618 (VIOLATED)
_629_/A1                                0.750000    1.988618   -1.238618 (VIOLATED)
_614_/B                                 0.750000    1.988616   -1.238616 (VIOLATED)
_615_/A1                                0.750000    1.988616   -1.238616 (VIOLATED)
_616_/A1                                0.750000    1.988615   -1.238615 (VIOLATED)
_630_/A                                 0.750000    1.988616   -1.238616 (VIOLATED)
_631_/B                                 0.750000    1.988616   -1.238616 (VIOLATED)
_632_/A_N                               0.750000    1.988616   -1.238616 (VIOLATED)
_634_/A1                                0.750000    1.988617   -1.238617 (VIOLATED)
_635_/A1                                0.750000    1.988617   -1.238617 (VIOLATED)
_591_/A                                 0.750000    1.988613   -1.238613 (VIOLATED)
_592_/B                                 0.750000    1.988614   -1.238614 (VIOLATED)
_593_/A_N                               0.750000    1.988614   -1.238614 (VIOLATED)
_594_/A1                                0.750000    1.988613   -1.238613 (VIOLATED)
_612_/A1                                0.750000    1.988613   -1.238613 (VIOLATED)
_597_/A                                 0.750000    1.988611   -1.238611 (VIOLATED)
_613_/A1                                0.750000    1.988612   -1.238612 (VIOLATED)
_600_/A1                                0.750000    1.988611   -1.238611 (VIOLATED)
_601_/A1                                0.750000    1.988611   -1.238611 (VIOLATED)
_602_/A1                                0.750000    1.988611   -1.238611 (VIOLATED)
_609_/B                                 0.750000    1.988610   -1.238610 (VIOLATED)
_361_/A                                 0.750000    1.988608   -1.238608 (VIOLATED)
_362_/A                                 0.750000    1.988608   -1.238608 (VIOLATED)
_363_/A                                 0.750000    1.988608   -1.238608 (VIOLATED)
_608_/B_N                               0.750000    1.988608   -1.238608 (VIOLATED)
_610_/A                                 0.750000    1.988608   -1.238608 (VIOLATED)
_353_/A                                 0.750000    1.988603   -1.238603 (VIOLATED)
_456_/B                                 0.750000    1.988603   -1.238603 (VIOLATED)
_354_/A                                 0.750000    1.988602   -1.238602 (VIOLATED)
_355_/A                                 0.750000    1.988603   -1.238603 (VIOLATED)
_356_/A                                 0.750000    1.988602   -1.238602 (VIOLATED)
_580_/A                                 0.750000    1.988603   -1.238603 (VIOLATED)
_313_/A_N                               0.750000    1.988600   -1.238600 (VIOLATED)
_314_/A                                 0.750000    1.988600   -1.238600 (VIOLATED)
_316_/A1                                0.750000    1.988600   -1.238600 (VIOLATED)
_332_/A                                 0.750000    1.988600   -1.238600 (VIOLATED)
_333_/A                                 0.750000    1.988600   -1.238600 (VIOLATED)
_334_/A                                 0.750000    1.988600   -1.238600 (VIOLATED)
_335_/A                                 0.750000    1.988600   -1.238600 (VIOLATED)
_658_/B                                 0.750000    1.988600   -1.238600 (VIOLATED)
_319_/A                                 0.750000    1.988598   -1.238598 (VIOLATED)
_320_/A                                 0.750000    1.988598   -1.238598 (VIOLATED)
_321_/A1                                0.750000    1.988597   -1.238597 (VIOLATED)
_323_/B1                                0.750000    1.988598   -1.238598 (VIOLATED)
_394_/A                                 0.750000    1.988598   -1.238598 (VIOLATED)
_395_/A                                 0.750000    1.988598   -1.238598 (VIOLATED)
_396_/A                                 0.750000    1.988598   -1.238598 (VIOLATED)
_545_/B1                                0.750000    1.988598   -1.238598 (VIOLATED)
_598_/A_N                               0.750000    1.988599   -1.238599 (VIOLATED)
_599_/B                                 0.750000    1.988599   -1.238599 (VIOLATED)
_403_/A                                 0.750000    1.988595   -1.238595 (VIOLATED)
_547_/A0                                0.750000    1.988596   -1.238596 (VIOLATED)
_367_/A                                 0.750000    1.988594   -1.238594 (VIOLATED)
_368_/A                                 0.750000    1.988594   -1.238594 (VIOLATED)
_369_/A                                 0.750000    1.988594   -1.238594 (VIOLATED)
_404_/A                                 0.750000    1.988595   -1.238595 (VIOLATED)
_405_/A                                 0.750000    1.988596   -1.238596 (VIOLATED)
_427_/A                                 0.750000    1.988594   -1.238595 (VIOLATED)
_428_/A                                 0.750000    1.988595   -1.238595 (VIOLATED)
_429_/A                                 0.750000    1.988595   -1.238595 (VIOLATED)
_434_/A                                 0.750000    1.988591   -1.238591 (VIOLATED)
_435_/A                                 0.750000    1.988590   -1.238590 (VIOLATED)
_436_/A1                                0.750000    1.988591   -1.238591 (VIOLATED)
_437_/A1                                0.750000    1.988591   -1.238591 (VIOLATED)
_413_/A                                 0.750000    1.988586   -1.238586 (VIOLATED)
_414_/A                                 0.750000    1.988586   -1.238586 (VIOLATED)
_442_/A                                 0.750000    1.988586   -1.238587 (VIOLATED)
_444_/A                                 0.750000    1.988586   -1.238586 (VIOLATED)
_539_/A                                 0.750000    1.988585   -1.238585 (VIOLATED)
_443_/A                                 0.750000    1.988583   -1.238583 (VIOLATED)
_445_/A                                 0.750000    1.988583   -1.238583 (VIOLATED)
_466_/A                                 0.750000    1.988581   -1.238581 (VIOLATED)
_467_/A                                 0.750000    1.988581   -1.238581 (VIOLATED)
_373_/A                                 0.750000    1.988579   -1.238579 (VIOLATED)
_374_/A                                 0.750000    1.988579   -1.238579 (VIOLATED)
_387_/B                                 0.750000    1.988579   -1.238579 (VIOLATED)
_388_/B                                 0.750000    1.988579   -1.238579 (VIOLATED)
_389_/B                                 0.750000    1.988579   -1.238579 (VIOLATED)
_528_/A                                 0.750000    1.988578   -1.238578 (VIOLATED)
_529_/A                                 0.750000    1.988578   -1.238578 (VIOLATED)
_479_/A                                 0.750000    1.988577   -1.238577 (VIOLATED)
_480_/A                                 0.750000    1.988576   -1.238577 (VIOLATED)
_521_/A                                 0.750000    1.988572   -1.238572 (VIOLATED)
_516_/A                                 0.750000    1.988570   -1.238570 (VIOLATED)
_503_/A                                 0.750000    1.988568   -1.238568 (VIOLATED)
sub                                     0.750000    1.988562   -1.238562 (VIOLATED)
_489_/A                                 0.750000    1.988562   -1.238562 (VIOLATED)
_490_/A                                 0.750000    1.988562   -1.238562 (VIOLATED)

max fanout

Pin                                   Limit Fanout  Slack
---------------------------------------------------------
sub                                      10    101    -91 (VIOLATED)

max capacitance

Pin                                        Limit         Cap       Slack
------------------------------------------------------------------------
sub                                     0.200000    0.446854   -0.246854 (VIOLATED)



===========================================================================
report_parasitic_annotation -report_unannotated
============================================================================
Found 0 unannotated drivers.
Found 0 partially unannotated drivers.

===========================================================================
max slew violation count 102
Writing metric design__max_slew_violation__count__corner:nom_tt_025C_1v80: 102
max fanout violation count 1
Writing metric design__max_fanout_violation__count__corner:nom_tt_025C_1v80: 1
max cap violation count 1
Writing metric design__max_cap_violation__count__corner:nom_tt_025C_1v80: 1
============================================================================

===========================================================================
check_setup -verbose -unconstrained_endpoints -multiple_clock -no_clock -no_input_delay -loops -generated_clocks
===========================================================================
