
===========================================================================
Violator List
============================================================================
[setup in-out] sub -> S[25] : -1.561663
[setup in-out] sub -> S[27] : -1.542304
[setup in-out] sub -> S[21] : -1.530815
[setup in-out] sub -> S[23] : -1.528289
[setup in-out] sub -> S[22] : -1.504651
[setup in-out] sub -> S[31] : -1.500697
[setup in-out] sub -> S[26] : -1.492855
[setup in-out] sub -> S[29] : -1.489609
[setup in-out] sub -> carryOut : -1.485596
[setup in-out] sub -> S[24] : -1.467607
[setup in-out] sub -> S[18] : -1.432603
[setup in-out] sub -> S[30] : -1.410251
[setup in-out] sub -> S[20] : -1.379677
[setup in-out] sub -> S[19] : -1.347859
[setup in-out] sub -> S[28] : -1.340182
[setup in-out] sub -> S[17] : -1.302233
[setup in-out] sub -> S[15] : -1.294077
[setup in-out] sub -> S[11] : -1.281447
[setup in-out] sub -> S[14] : -1.281235
[setup in-out] sub -> S[16] : -1.206197
[setup in-out] sub -> S[7] : -1.181749
[setup in-out] sub -> S[9] : -1.109914
[setup in-out] sub -> S[10] : -1.107422
[setup in-out] sub -> S[6] : -1.097551
[setup in-out] sub -> S[13] : -1.082744
[setup in-out] sub -> S[12] : -1.001268
[setup in-out] sub -> S[8] : -0.929522
[setup in-out] sub -> S[5] : -0.840834
[setup in-out] sub -> S[4] : -0.719661
[setup in-out] sub -> S[2] : -0.664860
[setup in-out] sub -> S[3] : -0.621900
[setup in-out] sub -> S[0] : -0.334618
[setup in-out] sub -> S[1] : -0.254418
Writing metric timing__hold_vio__count__corner:nom_tt_025C_1v80: 0
Writing metric timing__hold_r2r__ws__corner:nom_tt_025C_1v80: 1e30
Writing metric timing__hold_r2r_vio__count__corner:nom_tt_025C_1v80: 0
Writing metric timing__setup_vio__count__corner:nom_tt_025C_1v80: 33
Writing metric timing__setup_r2r__ws__corner:nom_tt_025C_1v80: 1e30
Writing metric timing__setup_r2r_vio__count__corner:nom_tt_025C_1v80: 0
