
===========================================================================
report_checks -path_delay min (Hold)
============================================================================
======================= nom_ff_n40C_1v95 Corner ===================================

Startpoint: A[5] (input port clocked by __VIRTUAL_CLK__)
Endpoint: y[5] (output port clocked by __VIRTUAL_CLK__)
Path Group: __VIRTUAL_CLK__
Path Type: min

Fanout         Cap        Slew       Delay        Time   Description
---------------------------------------------------------------------------------------------
                      0.000000    0.000000    0.000000   clock __VIRTUAL_CLK__ (rise edge)
                                  0.000000    0.000000   clock network delay (ideal)
                                  4.000000    4.000000 v input external delay
     4    0.018373    0.029625    0.018224    4.018224 v A[5] (in)
                                                         A[5] (net)
                      0.029625    0.000000    4.018224 v _507_/A (sky130_fd_sc_hd__nand2_2)
     3    0.009079    0.044195    0.046263    4.064487 ^ _507_/Y (sky130_fd_sc_hd__nand2_2)
                                                         _073_ (net)
                      0.044195    0.000000    4.064487 ^ _517_/A2 (sky130_fd_sc_hd__o21ai_2)
     1    0.033442    0.071837    0.079762    4.144248 v _517_/Y (sky130_fd_sc_hd__o21ai_2)
                                                         y[5] (net)
                      0.071837    0.000000    4.144248 v y[5] (out)
                                              4.144248   data arrival time

                      0.000000    0.000000    0.000000   clock __VIRTUAL_CLK__ (rise edge)
                                  0.000000    0.000000   clock network delay (ideal)
                                  0.250000    0.250000   clock uncertainty
                                  0.000000    0.250000   clock reconvergence pessimism
                                 -4.000000   -3.750000   output external delay
                                             -3.750000   data required time
---------------------------------------------------------------------------------------------
                                             -3.750000   data required time
                                             -4.144248   data arrival time
---------------------------------------------------------------------------------------------
                                              7.894248   slack (MET)


Startpoint: A[10] (input port clocked by __VIRTUAL_CLK__)
Endpoint: y[10] (output port clocked by __VIRTUAL_CLK__)
Path Group: __VIRTUAL_CLK__
Path Type: min

Fanout         Cap        Slew       Delay        Time   Description
---------------------------------------------------------------------------------------------
                      0.000000    0.000000    0.000000   clock __VIRTUAL_CLK__ (rise edge)
                                  0.000000    0.000000   clock network delay (ideal)
                                  4.000000    4.000000 v input external delay
     5    0.022927    0.036443    0.023014    4.023014 v A[10] (in)
                                                         A[10] (net)
                      0.036443    0.000000    4.023014 v _570_/A (sky130_fd_sc_hd__nand2_2)
     2    0.007201    0.037811    0.044181    4.067194 ^ _570_/Y (sky130_fd_sc_hd__nand2_2)
                                                         _131_ (net)
                      0.037811    0.000000    4.067194 ^ _582_/A2 (sky130_fd_sc_hd__o211ai_2)
     1    0.033442    0.111758    0.110523    4.177717 v _582_/Y (sky130_fd_sc_hd__o211ai_2)
                                                         y[10] (net)
                      0.111758    0.000000    4.177717 v y[10] (out)
                                              4.177717   data arrival time

                      0.000000    0.000000    0.000000   clock __VIRTUAL_CLK__ (rise edge)
                                  0.000000    0.000000   clock network delay (ideal)
                                  0.250000    0.250000   clock uncertainty
                                  0.000000    0.250000   clock reconvergence pessimism
                                 -4.000000   -3.750000   output external delay
                                             -3.750000   data required time
---------------------------------------------------------------------------------------------
                                             -3.750000   data required time
                                             -4.177717   data arrival time
---------------------------------------------------------------------------------------------
                                              7.927717   slack (MET)


Startpoint: A[11] (input port clocked by __VIRTUAL_CLK__)
Endpoint: y[11] (output port clocked by __VIRTUAL_CLK__)
Path Group: __VIRTUAL_CLK__
Path Type: min

Fanout         Cap        Slew       Delay        Time   Description
---------------------------------------------------------------------------------------------
                      0.000000    0.000000    0.000000   clock __VIRTUAL_CLK__ (rise edge)
                                  0.000000    0.000000   clock network delay (ideal)
                                  4.000000    4.000000 v input external delay
     4    0.018373    0.029625    0.018224    4.018224 v A[11] (in)
                                                         A[11] (net)
                      0.029625    0.000000    4.018224 v _584_/A (sky130_fd_sc_hd__nand2_2)
     2    0.005175    0.029805    0.036314    4.054538 ^ _584_/Y (sky130_fd_sc_hd__nand2_2)
                                                         _144_ (net)
                      0.029805    0.000000    4.054538 ^ _595_/A2 (sky130_fd_sc_hd__o21a_2)
     1    0.004594    0.026454    0.065696    4.120234 ^ _595_/X (sky130_fd_sc_hd__o21a_2)
                                                         _155_ (net)
                      0.026454    0.000000    4.120234 ^ _596_/B1 (sky130_fd_sc_hd__o21ai_2)
     1    0.033442    0.071656    0.060782    4.181015 v _596_/Y (sky130_fd_sc_hd__o21ai_2)
                                                         y[11] (net)
                      0.071656    0.000000    4.181015 v y[11] (out)
                                              4.181015   data arrival time

                      0.000000    0.000000    0.000000   clock __VIRTUAL_CLK__ (rise edge)
                                  0.000000    0.000000   clock network delay (ideal)
                                  0.250000    0.250000   clock uncertainty
                                  0.000000    0.250000   clock reconvergence pessimism
                                 -4.000000   -3.750000   output external delay
                                             -3.750000   data required time
---------------------------------------------------------------------------------------------
                                             -3.750000   data required time
                                             -4.181015   data arrival time
---------------------------------------------------------------------------------------------
                                              7.931016   slack (MET)


Startpoint: B[6] (input port clocked by __VIRTUAL_CLK__)
Endpoint: y[6] (output port clocked by __VIRTUAL_CLK__)
Path Group: __VIRTUAL_CLK__
Path Type: min

Fanout         Cap        Slew       Delay        Time   Description
---------------------------------------------------------------------------------------------
                      0.000000    0.000000    0.000000   clock __VIRTUAL_CLK__ (rise edge)
                                  0.000000    0.000000   clock network delay (ideal)
                                  4.000000    4.000000 v input external delay
     5    0.022917    0.036429    0.023003    4.023004 v B[6] (in)
                                                         B[6] (net)
                      0.036429    0.000000    4.023004 v _519_/B (sky130_fd_sc_hd__nor2_2)
     3    0.009774    0.096031    0.082094    4.105098 ^ _519_/Y (sky130_fd_sc_hd__nor2_2)
                                                         _084_ (net)
                      0.096031    0.000000    4.105098 ^ _530_/A2 (sky130_fd_sc_hd__o21ai_2)
     1    0.033442    0.071837    0.089656    4.194754 v _530_/Y (sky130_fd_sc_hd__o21ai_2)
                                                         y[6] (net)
                      0.071837    0.000000    4.194754 v y[6] (out)
                                              4.194754   data arrival time

                      0.000000    0.000000    0.000000   clock __VIRTUAL_CLK__ (rise edge)
                                  0.000000    0.000000   clock network delay (ideal)
                                  0.250000    0.250000   clock uncertainty
                                  0.000000    0.250000   clock reconvergence pessimism
                                 -4.000000   -3.750000   output external delay
                                             -3.750000   data required time
---------------------------------------------------------------------------------------------
                                             -3.750000   data required time
                                             -4.194754   data arrival time
---------------------------------------------------------------------------------------------
                                              7.944754   slack (MET)


Startpoint: A[12] (input port clocked by __VIRTUAL_CLK__)
Endpoint: y[12] (output port clocked by __VIRTUAL_CLK__)
Path Group: __VIRTUAL_CLK__
Path Type: min

Fanout         Cap        Slew       Delay        Time   Description
---------------------------------------------------------------------------------------------
                      0.000000    0.000000    0.000000   clock __VIRTUAL_CLK__ (rise edge)
                                  0.000000    0.000000   clock network delay (ideal)
                                  4.000000    4.000000 v input external delay
     6    0.022030    0.035100    0.022070    4.022070 v A[12] (in)
                                                         A[12] (net)
                      0.035100    0.000000    4.022070 v _597_/A (sky130_fd_sc_hd__nand2_2)
     4    0.014424    0.063880    0.061942    4.084013 ^ _597_/Y (sky130_fd_sc_hd__nand2_2)
                                                         _156_ (net)
                      0.063880    0.000000    4.084013 ^ _613_/A2 (sky130_fd_sc_hd__o211ai_2)
     1    0.033442    0.111739    0.114107    4.198119 v _613_/Y (sky130_fd_sc_hd__o211ai_2)
                                                         y[12] (net)
                      0.111739    0.000000    4.198119 v y[12] (out)
                                              4.198119   data arrival time

                      0.000000    0.000000    0.000000   clock __VIRTUAL_CLK__ (rise edge)
                                  0.000000    0.000000   clock network delay (ideal)
                                  0.250000    0.250000   clock uncertainty
                                  0.000000    0.250000   clock reconvergence pessimism
                                 -4.000000   -3.750000   output external delay
                                             -3.750000   data required time
---------------------------------------------------------------------------------------------
                                             -3.750000   data required time
                                             -4.198119   data arrival time
---------------------------------------------------------------------------------------------
                                              7.948119   slack (MET)


Startpoint: B[21] (input port clocked by __VIRTUAL_CLK__)
Endpoint: y[21] (output port clocked by __VIRTUAL_CLK__)
Path Group: __VIRTUAL_CLK__
Path Type: min

Fanout         Cap        Slew       Delay        Time   Description
---------------------------------------------------------------------------------------------
                      0.000000    0.000000    0.000000   clock __VIRTUAL_CLK__ (rise edge)
                                  0.000000    0.000000   clock network delay (ideal)
                                  4.000000    4.000000 v input external delay
     5    0.018025    0.029103    0.017858    4.017858 v B[21] (in)
                                                         B[21] (net)
                      0.029103    0.000000    4.017858 v _727_/A (sky130_fd_sc_hd__nand2_2)
     1    0.002569    0.020658    0.029176    4.047034 ^ _727_/Y (sky130_fd_sc_hd__nand2_2)
                                                         _277_ (net)
                      0.020658    0.000000    4.047034 ^ _736_/A2 (sky130_fd_sc_hd__o221a_2)
     1    0.004594    0.031571    0.089462    4.136496 ^ _736_/X (sky130_fd_sc_hd__o221a_2)
                                                         _286_ (net)
                      0.031571    0.000000    4.136496 ^ _737_/B1 (sky130_fd_sc_hd__o21ai_2)
     1    0.033442    0.071837    0.062088    4.198584 v _737_/Y (sky130_fd_sc_hd__o21ai_2)
                                                         y[21] (net)
                      0.071837    0.000000    4.198584 v y[21] (out)
                                              4.198584   data arrival time

                      0.000000    0.000000    0.000000   clock __VIRTUAL_CLK__ (rise edge)
                                  0.000000    0.000000   clock network delay (ideal)
                                  0.250000    0.250000   clock uncertainty
                                  0.000000    0.250000   clock reconvergence pessimism
                                 -4.000000   -3.750000   output external delay
                                             -3.750000   data required time
---------------------------------------------------------------------------------------------
                                             -3.750000   data required time
                                             -4.198584   data arrival time
---------------------------------------------------------------------------------------------
                                              7.948584   slack (MET)


Startpoint: A[31] (input port clocked by __VIRTUAL_CLK__)
Endpoint: statusOut (output port clocked by __VIRTUAL_CLK__)
Path Group: __VIRTUAL_CLK__
Path Type: min

Fanout         Cap        Slew       Delay        Time   Description
---------------------------------------------------------------------------------------------
                      0.000000    0.000000    0.000000   clock __VIRTUAL_CLK__ (rise edge)
                                  0.000000    0.000000   clock network delay (ideal)
                                  4.000000    4.000000 v input external delay
     3    0.009875    0.016243    0.009215    4.009215 v A[31] (in)
                                                         A[31] (net)
                      0.016243    0.000000    4.009215 v _887_/B2 (sky130_fd_sc_hd__o32ai_2)
     1    0.002425    0.052969    0.044677    4.053892 ^ _887_/Y (sky130_fd_sc_hd__o32ai_2)
                                                         _426_ (net)
                      0.052969    0.000000    4.053892 ^ _890_/A2 (sky130_fd_sc_hd__a21o_2)
     1    0.033442    0.130489    0.146968    4.200860 ^ _890_/X (sky130_fd_sc_hd__a21o_2)
                                                         statusOut (net)
                      0.130489    0.000000    4.200860 ^ statusOut (out)
                                              4.200860   data arrival time

                      0.000000    0.000000    0.000000   clock __VIRTUAL_CLK__ (rise edge)
                                  0.000000    0.000000   clock network delay (ideal)
                                  0.250000    0.250000   clock uncertainty
                                  0.000000    0.250000   clock reconvergence pessimism
                                 -4.000000   -3.750000   output external delay
                                             -3.750000   data required time
---------------------------------------------------------------------------------------------
                                             -3.750000   data required time
                                             -4.200860   data arrival time
---------------------------------------------------------------------------------------------
                                              7.950860   slack (MET)


Startpoint: B[23] (input port clocked by __VIRTUAL_CLK__)
Endpoint: y[23] (output port clocked by __VIRTUAL_CLK__)
Path Group: __VIRTUAL_CLK__
Path Type: min

Fanout         Cap        Slew       Delay        Time   Description
---------------------------------------------------------------------------------------------
                      0.000000    0.000000    0.000000   clock __VIRTUAL_CLK__ (rise edge)
                                  0.000000    0.000000   clock network delay (ideal)
                                  4.000000    4.000000 v input external delay
     3    0.007465    0.012308    0.006645    4.006645 v B[23] (in)
                                                         B[23] (net)
                      0.012308    0.000000    4.006645 v _753_/A (sky130_fd_sc_hd__nand2_2)
     3    0.009646    0.045903    0.041576    4.048221 ^ _753_/Y (sky130_fd_sc_hd__nand2_2)
                                                         _301_ (net)
                      0.045903    0.000000    4.048221 ^ _765_/A2 (sky130_fd_sc_hd__o221a_2)
     1    0.004594    0.031570    0.095093    4.143314 ^ _765_/X (sky130_fd_sc_hd__o221a_2)
                                                         _313_ (net)
                      0.031570    0.000000    4.143314 ^ _766_/B1 (sky130_fd_sc_hd__o21ai_2)
     1    0.033442    0.071837    0.062088    4.205402 v _766_/Y (sky130_fd_sc_hd__o21ai_2)
                                                         y[23] (net)
                      0.071837    0.000000    4.205402 v y[23] (out)
                                              4.205402   data arrival time

                      0.000000    0.000000    0.000000   clock __VIRTUAL_CLK__ (rise edge)
                                  0.000000    0.000000   clock network delay (ideal)
                                  0.250000    0.250000   clock uncertainty
                                  0.000000    0.250000   clock reconvergence pessimism
                                 -4.000000   -3.750000   output external delay
                                             -3.750000   data required time
---------------------------------------------------------------------------------------------
                                             -3.750000   data required time
                                             -4.205402   data arrival time
---------------------------------------------------------------------------------------------
                                              7.955402   slack (MET)


Startpoint: A[7] (input port clocked by __VIRTUAL_CLK__)
Endpoint: y[7] (output port clocked by __VIRTUAL_CLK__)
Path Group: __VIRTUAL_CLK__
Path Type: min

Fanout         Cap        Slew       Delay        Time   Description
---------------------------------------------------------------------------------------------
                      0.000000    0.000000    0.000000   clock __VIRTUAL_CLK__ (rise edge)
                                  0.000000    0.000000   clock network delay (ideal)
                                  4.000000    4.000000 v input external delay
     4    0.018778    0.030231    0.018650    4.018650 v A[7] (in)
                                                         A[7] (net)
                      0.030231    0.000000    4.018650 v _531_/A (sky130_fd_sc_hd__nand2_2)
     2    0.005066    0.029467    0.036280    4.054930 ^ _531_/Y (sky130_fd_sc_hd__nand2_2)
                                                         _095_ (net)
                      0.029467    0.000000    4.054930 ^ _538_/A2 (sky130_fd_sc_hd__o221a_2)
     1    0.004594    0.031558    0.091494    4.146424 ^ _538_/X (sky130_fd_sc_hd__o221a_2)
                                                         _102_ (net)
                      0.031558    0.000000    4.146424 ^ _539_/B1 (sky130_fd_sc_hd__o21ai_2)
     1    0.033442    0.071837    0.062085    4.208509 v _539_/Y (sky130_fd_sc_hd__o21ai_2)
                                                         y[7] (net)
                      0.071837    0.000000    4.208509 v y[7] (out)
                                              4.208509   data arrival time

                      0.000000    0.000000    0.000000   clock __VIRTUAL_CLK__ (rise edge)
                                  0.000000    0.000000   clock network delay (ideal)
                                  0.250000    0.250000   clock uncertainty
                                  0.000000    0.250000   clock reconvergence pessimism
                                 -4.000000   -3.750000   output external delay
                                             -3.750000   data required time
---------------------------------------------------------------------------------------------
                                             -3.750000   data required time
                                             -4.208509   data arrival time
---------------------------------------------------------------------------------------------
                                              7.958509   slack (MET)


Startpoint: statusIn[0] (input port clocked by __VIRTUAL_CLK__)
Endpoint: y[0] (output port clocked by __VIRTUAL_CLK__)
Path Group: __VIRTUAL_CLK__
Path Type: min

Fanout         Cap        Slew       Delay        Time   Description
---------------------------------------------------------------------------------------------
                      0.000000    0.000000    0.000000   clock __VIRTUAL_CLK__ (rise edge)
                                  0.000000    0.000000   clock network delay (ideal)
                                  4.000000    4.000000 v input external delay
     5    0.014753    0.024204    0.014416    4.014417 v statusIn[0] (in)
                                                         statusIn[0] (net)
                      0.024204    0.000000    4.014417 v _440_/A (sky130_fd_sc_hd__nand2_2)
     4    0.009016    0.043661    0.043977    4.058393 ^ _440_/Y (sky130_fd_sc_hd__nand2_2)
                                                         _011_ (net)
                      0.043661    0.000000    4.058393 ^ _454_/A1 (sky130_fd_sc_hd__a21bo_2)
     1    0.033442    0.140928    0.150191    4.208584 ^ _454_/X (sky130_fd_sc_hd__a21bo_2)
                                                         y[0] (net)
                      0.140928    0.000000    4.208584 ^ y[0] (out)
                                              4.208584   data arrival time

                      0.000000    0.000000    0.000000   clock __VIRTUAL_CLK__ (rise edge)
                                  0.000000    0.000000   clock network delay (ideal)
                                  0.250000    0.250000   clock uncertainty
                                  0.000000    0.250000   clock reconvergence pessimism
                                 -4.000000   -3.750000   output external delay
                                             -3.750000   data required time
---------------------------------------------------------------------------------------------
                                             -3.750000   data required time
                                             -4.208584   data arrival time
---------------------------------------------------------------------------------------------
                                              7.958584   slack (MET)


Startpoint: A[28] (input port clocked by __VIRTUAL_CLK__)
Endpoint: y[28] (output port clocked by __VIRTUAL_CLK__)
Path Group: __VIRTUAL_CLK__
Path Type: min

Fanout         Cap        Slew       Delay        Time   Description
---------------------------------------------------------------------------------------------
                      0.000000    0.000000    0.000000   clock __VIRTUAL_CLK__ (rise edge)
                                  0.000000    0.000000   clock network delay (ideal)
                                  4.000000    4.000000 v input external delay
     5    0.014530    0.023843    0.014179    4.014179 v A[28] (in)
                                                         A[28] (net)
                      0.023843    0.000000    4.014179 v _829_/A (sky130_fd_sc_hd__nand2_2)
     3    0.007576    0.038226    0.040146    4.054325 ^ _829_/Y (sky130_fd_sc_hd__nand2_2)
                                                         _372_ (net)
                      0.038226    0.000000    4.054325 ^ _845_/A2 (sky130_fd_sc_hd__o221a_2)
     1    0.004594    0.031574    0.093412    4.147737 ^ _845_/X (sky130_fd_sc_hd__o221a_2)
                                                         _388_ (net)
                      0.031574    0.000000    4.147737 ^ _846_/B1 (sky130_fd_sc_hd__o21ai_2)
     1    0.033442    0.071837    0.062089    4.209826 v _846_/Y (sky130_fd_sc_hd__o21ai_2)
                                                         y[28] (net)
                      0.071837    0.000000    4.209826 v y[28] (out)
                                              4.209826   data arrival time

                      0.000000    0.000000    0.000000   clock __VIRTUAL_CLK__ (rise edge)
                                  0.000000    0.000000   clock network delay (ideal)
                                  0.250000    0.250000   clock uncertainty
                                  0.000000    0.250000   clock reconvergence pessimism
                                 -4.000000   -3.750000   output external delay
                                             -3.750000   data required time
---------------------------------------------------------------------------------------------
                                             -3.750000   data required time
                                             -4.209826   data arrival time
---------------------------------------------------------------------------------------------
                                              7.959825   slack (MET)


Startpoint: A[3] (input port clocked by __VIRTUAL_CLK__)
Endpoint: y[3] (output port clocked by __VIRTUAL_CLK__)
Path Group: __VIRTUAL_CLK__
Path Type: min

Fanout         Cap        Slew       Delay        Time   Description
---------------------------------------------------------------------------------------------
                      0.000000    0.000000    0.000000   clock __VIRTUAL_CLK__ (rise edge)
                                  0.000000    0.000000   clock network delay (ideal)
                                  4.000000    4.000000 v input external delay
     3    0.010102    0.016614    0.009457    4.009457 v A[3] (in)
                                                         A[3] (net)
                      0.016614    0.000000    4.009457 v _478_/A (sky130_fd_sc_hd__nand2_2)
     3    0.009848    0.046690    0.043522    4.052979 ^ _478_/Y (sky130_fd_sc_hd__nand2_2)
                                                         _046_ (net)
                      0.046690    0.000000    4.052979 ^ _488_/A2 (sky130_fd_sc_hd__o221a_2)
     1    0.004594    0.031572    0.095265    4.148244 ^ _488_/X (sky130_fd_sc_hd__o221a_2)
                                                         _056_ (net)
                      0.031572    0.000000    4.148244 ^ _489_/B1 (sky130_fd_sc_hd__o21ai_2)
     1    0.033442    0.071837    0.062089    4.210333 v _489_/Y (sky130_fd_sc_hd__o21ai_2)
                                                         y[3] (net)
                      0.071837    0.000000    4.210333 v y[3] (out)
                                              4.210333   data arrival time

                      0.000000    0.000000    0.000000   clock __VIRTUAL_CLK__ (rise edge)
                                  0.000000    0.000000   clock network delay (ideal)
                                  0.250000    0.250000   clock uncertainty
                                  0.000000    0.250000   clock reconvergence pessimism
                                 -4.000000   -3.750000   output external delay
                                             -3.750000   data required time
---------------------------------------------------------------------------------------------
                                             -3.750000   data required time
                                             -4.210333   data arrival time
---------------------------------------------------------------------------------------------
                                              7.960333   slack (MET)


Startpoint: B[26] (input port clocked by __VIRTUAL_CLK__)
Endpoint: y[26] (output port clocked by __VIRTUAL_CLK__)
Path Group: __VIRTUAL_CLK__
Path Type: min

Fanout         Cap        Slew       Delay        Time   Description
---------------------------------------------------------------------------------------------
                      0.000000    0.000000    0.000000   clock __VIRTUAL_CLK__ (rise edge)
                                  0.000000    0.000000   clock network delay (ideal)
                                  4.000000    4.000000 v input external delay
     3    0.010152    0.016695    0.009510    4.009510 v B[26] (in)
                                                         B[26] (net)
                      0.016695    0.000000    4.009510 v _799_/A (sky130_fd_sc_hd__nand2_2)
     3    0.009801    0.046514    0.043428    4.052938 ^ _799_/Y (sky130_fd_sc_hd__nand2_2)
                                                         _344_ (net)
                      0.046514    0.000000    4.052938 ^ _809_/B1 (sky130_fd_sc_hd__o22a_2)
     1    0.004513    0.026500    0.069861    4.122800 ^ _809_/X (sky130_fd_sc_hd__o22a_2)
                                                         _354_ (net)
                      0.026500    0.000000    4.122800 ^ _810_/C1 (sky130_fd_sc_hd__o211ai_2)
     1    0.033442    0.111758    0.087656    4.210456 v _810_/Y (sky130_fd_sc_hd__o211ai_2)
                                                         y[26] (net)
                      0.111758    0.000000    4.210456 v y[26] (out)
                                              4.210456   data arrival time

                      0.000000    0.000000    0.000000   clock __VIRTUAL_CLK__ (rise edge)
                                  0.000000    0.000000   clock network delay (ideal)
                                  0.250000    0.250000   clock uncertainty
                                  0.000000    0.250000   clock reconvergence pessimism
                                 -4.000000   -3.750000   output external delay
                                             -3.750000   data required time
---------------------------------------------------------------------------------------------
                                             -3.750000   data required time
                                             -4.210456   data arrival time
---------------------------------------------------------------------------------------------
                                              7.960455   slack (MET)


Startpoint: B[24] (input port clocked by __VIRTUAL_CLK__)
Endpoint: y[24] (output port clocked by __VIRTUAL_CLK__)
Path Group: __VIRTUAL_CLK__
Path Type: min

Fanout         Cap        Slew       Delay        Time   Description
---------------------------------------------------------------------------------------------
                      0.000000    0.000000    0.000000   clock __VIRTUAL_CLK__ (rise edge)
                                  0.000000    0.000000   clock network delay (ideal)
                                  4.000000    4.000000 v input external delay
     3    0.007465    0.012308    0.006645    4.006645 v B[24] (in)
                                                         B[24] (net)
                      0.012308    0.000000    4.006645 v _768_/A (sky130_fd_sc_hd__nand2_2)
     4    0.011243    0.051897    0.045668    4.052313 ^ _768_/Y (sky130_fd_sc_hd__nand2_2)
                                                         _315_ (net)
                      0.051897    0.000000    4.052313 ^ _783_/A2 (sky130_fd_sc_hd__o221a_2)
     1    0.004594    0.031572    0.096406    4.148719 ^ _783_/X (sky130_fd_sc_hd__o221a_2)
                                                         _330_ (net)
                      0.031572    0.000000    4.148719 ^ _784_/B1 (sky130_fd_sc_hd__o21ai_2)
     1    0.033442    0.071837    0.062089    4.210807 v _784_/Y (sky130_fd_sc_hd__o21ai_2)
                                                         y[24] (net)
                      0.071837    0.000000    4.210807 v y[24] (out)
                                              4.210807   data arrival time

                      0.000000    0.000000    0.000000   clock __VIRTUAL_CLK__ (rise edge)
                                  0.000000    0.000000   clock network delay (ideal)
                                  0.250000    0.250000   clock uncertainty
                                  0.000000    0.250000   clock reconvergence pessimism
                                 -4.000000   -3.750000   output external delay
                                             -3.750000   data required time
---------------------------------------------------------------------------------------------
                                             -3.750000   data required time
                                             -4.210807   data arrival time
---------------------------------------------------------------------------------------------
                                              7.960807   slack (MET)


Startpoint: B[20] (input port clocked by __VIRTUAL_CLK__)
Endpoint: y[20] (output port clocked by __VIRTUAL_CLK__)
Path Group: __VIRTUAL_CLK__
Path Type: min

Fanout         Cap        Slew       Delay        Time   Description
---------------------------------------------------------------------------------------------
                      0.000000    0.000000    0.000000   clock __VIRTUAL_CLK__ (rise edge)
                                  0.000000    0.000000   clock network delay (ideal)
                                  4.000000    4.000000 v input external delay
     5    0.021089    0.033691    0.021080    4.021080 v B[20] (in)
                                                         B[20] (net)
                      0.033691    0.000000    4.021080 v _713_/A (sky130_fd_sc_hd__nand2_2)
     2    0.005065    0.029832    0.037666    4.058747 ^ _713_/Y (sky130_fd_sc_hd__nand2_2)
                                                         _264_ (net)
                      0.029832    0.000000    4.058747 ^ _725_/A2 (sky130_fd_sc_hd__o221a_2)
     1    0.004594    0.031558    0.091574    4.150321 ^ _725_/X (sky130_fd_sc_hd__o221a_2)
                                                         _276_ (net)
                      0.031558    0.000000    4.150321 ^ _726_/B1 (sky130_fd_sc_hd__o21ai_2)
     1    0.033442    0.071837    0.062085    4.212406 v _726_/Y (sky130_fd_sc_hd__o21ai_2)
                                                         y[20] (net)
                      0.071837    0.000000    4.212406 v y[20] (out)
                                              4.212406   data arrival time

                      0.000000    0.000000    0.000000   clock __VIRTUAL_CLK__ (rise edge)
                                  0.000000    0.000000   clock network delay (ideal)
                                  0.250000    0.250000   clock uncertainty
                                  0.000000    0.250000   clock reconvergence pessimism
                                 -4.000000   -3.750000   output external delay
                                             -3.750000   data required time
---------------------------------------------------------------------------------------------
                                             -3.750000   data required time
                                             -4.212406   data arrival time
---------------------------------------------------------------------------------------------
                                              7.962406   slack (MET)


Startpoint: A[18] (input port clocked by __VIRTUAL_CLK__)
Endpoint: y[18] (output port clocked by __VIRTUAL_CLK__)
Path Group: __VIRTUAL_CLK__
Path Type: min

Fanout         Cap        Slew       Delay        Time   Description
---------------------------------------------------------------------------------------------
                      0.000000    0.000000    0.000000   clock __VIRTUAL_CLK__ (rise edge)
                                  0.000000    0.000000   clock network delay (ideal)
                                  4.000000    4.000000 v input external delay
     4    0.008624    0.014201    0.007881    4.007881 v A[18] (in)
                                                         A[18] (net)
                      0.014201    0.000000    4.007881 v _683_/B (sky130_fd_sc_hd__nor2_2)
     2    0.004156    0.054311    0.046316    4.054197 ^ _683_/Y (sky130_fd_sc_hd__nor2_2)
                                                         _236_ (net)
                      0.054311    0.000000    4.054197 ^ _698_/A2 (sky130_fd_sc_hd__o221a_2)
     1    0.004594    0.031578    0.096881    4.151078 ^ _698_/X (sky130_fd_sc_hd__o221a_2)
                                                         _251_ (net)
                      0.031578    0.000000    4.151078 ^ _699_/B1 (sky130_fd_sc_hd__o21ai_2)
     1    0.033442    0.071838    0.062090    4.213168 v _699_/Y (sky130_fd_sc_hd__o21ai_2)
                                                         y[18] (net)
                      0.071838    0.000000    4.213168 v y[18] (out)
                                              4.213168   data arrival time

                      0.000000    0.000000    0.000000   clock __VIRTUAL_CLK__ (rise edge)
                                  0.000000    0.000000   clock network delay (ideal)
                                  0.250000    0.250000   clock uncertainty
                                  0.000000    0.250000   clock reconvergence pessimism
                                 -4.000000   -3.750000   output external delay
                                             -3.750000   data required time
---------------------------------------------------------------------------------------------
                                             -3.750000   data required time
                                             -4.213168   data arrival time
---------------------------------------------------------------------------------------------
                                              7.963168   slack (MET)


Startpoint: A[1] (input port clocked by __VIRTUAL_CLK__)
Endpoint: y[1] (output port clocked by __VIRTUAL_CLK__)
Path Group: __VIRTUAL_CLK__
Path Type: min

Fanout         Cap        Slew       Delay        Time   Description
---------------------------------------------------------------------------------------------
                      0.000000    0.000000    0.000000   clock __VIRTUAL_CLK__ (rise edge)
                                  0.000000    0.000000   clock network delay (ideal)
                                  4.000000    4.000000 v input external delay
     4    0.018778    0.030231    0.018650    4.018650 v A[1] (in)
                                                         A[1] (net)
                      0.030231    0.000000    4.018650 v _455_/A (sky130_fd_sc_hd__nand2_2)
     3    0.006838    0.035985    0.040793    4.059443 ^ _455_/Y (sky130_fd_sc_hd__nand2_2)
                                                         _025_ (net)
                      0.035985    0.000000    4.059443 ^ _462_/A2 (sky130_fd_sc_hd__o221a_2)
     1    0.004594    0.031558    0.092921    4.152364 ^ _462_/X (sky130_fd_sc_hd__o221a_2)
                                                         _032_ (net)
                      0.031558    0.000000    4.152364 ^ _463_/B1 (sky130_fd_sc_hd__o21ai_2)
     1    0.033442    0.071837    0.062085    4.214449 v _463_/Y (sky130_fd_sc_hd__o21ai_2)
                                                         y[1] (net)
                      0.071837    0.000000    4.214449 v y[1] (out)
                                              4.214449   data arrival time

                      0.000000    0.000000    0.000000   clock __VIRTUAL_CLK__ (rise edge)
                                  0.000000    0.000000   clock network delay (ideal)
                                  0.250000    0.250000   clock uncertainty
                                  0.000000    0.250000   clock reconvergence pessimism
                                 -4.000000   -3.750000   output external delay
                                             -3.750000   data required time
---------------------------------------------------------------------------------------------
                                             -3.750000   data required time
                                             -4.214449   data arrival time
---------------------------------------------------------------------------------------------
                                              7.964449   slack (MET)


Startpoint: B[25] (input port clocked by __VIRTUAL_CLK__)
Endpoint: y[25] (output port clocked by __VIRTUAL_CLK__)
Path Group: __VIRTUAL_CLK__
Path Type: min

Fanout         Cap        Slew       Delay        Time   Description
---------------------------------------------------------------------------------------------
                      0.000000    0.000000    0.000000   clock __VIRTUAL_CLK__ (rise edge)
                                  0.000000    0.000000   clock network delay (ideal)
                                  4.000000    4.000000 v input external delay
     4    0.011658    0.019154    0.011116    4.011116 v B[25] (in)
                                                         B[25] (net)
                      0.019154    0.000000    4.011116 v _785_/A (sky130_fd_sc_hd__nand2_2)
     3    0.009705    0.046169    0.043998    4.055114 ^ _785_/Y (sky130_fd_sc_hd__nand2_2)
                                                         _331_ (net)
                      0.046169    0.000000    4.055114 ^ _796_/A2 (sky130_fd_sc_hd__o22a_2)
     1    0.004513    0.026418    0.071771    4.126885 ^ _796_/X (sky130_fd_sc_hd__o22a_2)
                                                         _342_ (net)
                      0.026418    0.000000    4.126885 ^ _797_/C1 (sky130_fd_sc_hd__o211ai_2)
     1    0.033442    0.111759    0.087637    4.214522 v _797_/Y (sky130_fd_sc_hd__o211ai_2)
                                                         y[25] (net)
                      0.111759    0.000000    4.214522 v y[25] (out)
                                              4.214522   data arrival time

                      0.000000    0.000000    0.000000   clock __VIRTUAL_CLK__ (rise edge)
                                  0.000000    0.000000   clock network delay (ideal)
                                  0.250000    0.250000   clock uncertainty
                                  0.000000    0.250000   clock reconvergence pessimism
                                 -4.000000   -3.750000   output external delay
                                             -3.750000   data required time
---------------------------------------------------------------------------------------------
                                             -3.750000   data required time
                                             -4.214522   data arrival time
---------------------------------------------------------------------------------------------
                                              7.964522   slack (MET)


Startpoint: A[31] (input port clocked by __VIRTUAL_CLK__)
Endpoint: y[31] (output port clocked by __VIRTUAL_CLK__)
Path Group: __VIRTUAL_CLK__
Path Type: min

Fanout         Cap        Slew       Delay        Time   Description
---------------------------------------------------------------------------------------------
                      0.000000    0.000000    0.000000   clock __VIRTUAL_CLK__ (rise edge)
                                  0.000000    0.000000   clock network delay (ideal)
                                  4.000000    4.000000 v input external delay
     3    0.009875    0.016243    0.009215    4.009215 v A[31] (in)
                                                         A[31] (net)
                      0.016243    0.000000    4.009215 v _873_/A (sky130_fd_sc_hd__nand2_2)
     3    0.011778    0.053944    0.048346    4.057560 ^ _873_/Y (sky130_fd_sc_hd__nand2_2)
                                                         _413_ (net)
                      0.053944    0.000000    4.057560 ^ _885_/A2 (sky130_fd_sc_hd__o221a_2)
     1    0.004594    0.031571    0.096817    4.154377 ^ _885_/X (sky130_fd_sc_hd__o221a_2)
                                                         _425_ (net)
                      0.031571    0.000000    4.154377 ^ _886_/B1 (sky130_fd_sc_hd__o21ai_2)
     1    0.033442    0.071837    0.062088    4.216465 v _886_/Y (sky130_fd_sc_hd__o21ai_2)
                                                         y[31] (net)
                      0.071837    0.000000    4.216465 v y[31] (out)
                                              4.216465   data arrival time

                      0.000000    0.000000    0.000000   clock __VIRTUAL_CLK__ (rise edge)
                                  0.000000    0.000000   clock network delay (ideal)
                                  0.250000    0.250000   clock uncertainty
                                  0.000000    0.250000   clock reconvergence pessimism
                                 -4.000000   -3.750000   output external delay
                                             -3.750000   data required time
---------------------------------------------------------------------------------------------
                                             -3.750000   data required time
                                             -4.216465   data arrival time
---------------------------------------------------------------------------------------------
                                              7.966465   slack (MET)


Startpoint: A[13] (input port clocked by __VIRTUAL_CLK__)
Endpoint: y[13] (output port clocked by __VIRTUAL_CLK__)
Path Group: __VIRTUAL_CLK__
Path Type: min

Fanout         Cap        Slew       Delay        Time   Description
---------------------------------------------------------------------------------------------
                      0.000000    0.000000    0.000000   clock __VIRTUAL_CLK__ (rise edge)
                                  0.000000    0.000000   clock network delay (ideal)
                                  4.000000    4.000000 v input external delay
     5    0.025742    0.040659    0.025975    4.025975 v A[13] (in)
                                                         A[13] (net)
                      0.040659    0.000000    4.025975 v _614_/A (sky130_fd_sc_hd__nand2_2)
     2    0.005039    0.030482    0.040398    4.066373 ^ _614_/Y (sky130_fd_sc_hd__nand2_2)
                                                         _172_ (net)
                      0.030482    0.000000    4.066373 ^ _622_/A2 (sky130_fd_sc_hd__o221a_2)
     1    0.004594    0.031558    0.091716    4.158089 ^ _622_/X (sky130_fd_sc_hd__o221a_2)
                                                         _180_ (net)
                      0.031558    0.000000    4.158089 ^ _623_/B1 (sky130_fd_sc_hd__o21ai_2)
     1    0.033442    0.071837    0.062085    4.220174 v _623_/Y (sky130_fd_sc_hd__o21ai_2)
                                                         y[13] (net)
                      0.071837    0.000000    4.220174 v y[13] (out)
                                              4.220174   data arrival time

                      0.000000    0.000000    0.000000   clock __VIRTUAL_CLK__ (rise edge)
                                  0.000000    0.000000   clock network delay (ideal)
                                  0.250000    0.250000   clock uncertainty
                                  0.000000    0.250000   clock reconvergence pessimism
                                 -4.000000   -3.750000   output external delay
                                             -3.750000   data required time
---------------------------------------------------------------------------------------------
                                             -3.750000   data required time
                                             -4.220174   data arrival time
---------------------------------------------------------------------------------------------
                                              7.970174   slack (MET)


Startpoint: B[14] (input port clocked by __VIRTUAL_CLK__)
Endpoint: y[14] (output port clocked by __VIRTUAL_CLK__)
Path Group: __VIRTUAL_CLK__
Path Type: min

Fanout         Cap        Slew       Delay        Time   Description
---------------------------------------------------------------------------------------------
                      0.000000    0.000000    0.000000   clock __VIRTUAL_CLK__ (rise edge)
                                  0.000000    0.000000   clock network delay (ideal)
                                  4.000000    4.000000 v input external delay
     5    0.022037    0.035111    0.022077    4.022078 v B[14] (in)
                                                         B[14] (net)
                      0.035111    0.000000    4.022078 v _634_/A2 (sky130_fd_sc_hd__o21ai_2)
     1    0.002464    0.039624    0.063112    4.085190 ^ _634_/Y (sky130_fd_sc_hd__o21ai_2)
                                                         _191_ (net)
                      0.039624    0.000000    4.085190 ^ _635_/C1 (sky130_fd_sc_hd__o221a_2)
     1    0.004594    0.031558    0.073614    4.158803 ^ _635_/X (sky130_fd_sc_hd__o221a_2)
                                                         _192_ (net)
                      0.031558    0.000000    4.158803 ^ _636_/B1 (sky130_fd_sc_hd__o21ai_2)
     1    0.033442    0.071837    0.062085    4.220889 v _636_/Y (sky130_fd_sc_hd__o21ai_2)
                                                         y[14] (net)
                      0.071837    0.000000    4.220889 v y[14] (out)
                                              4.220889   data arrival time

                      0.000000    0.000000    0.000000   clock __VIRTUAL_CLK__ (rise edge)
                                  0.000000    0.000000   clock network delay (ideal)
                                  0.250000    0.250000   clock uncertainty
                                  0.000000    0.250000   clock reconvergence pessimism
                                 -4.000000   -3.750000   output external delay
                                             -3.750000   data required time
---------------------------------------------------------------------------------------------
                                             -3.750000   data required time
                                             -4.220889   data arrival time
---------------------------------------------------------------------------------------------
                                              7.970888   slack (MET)


Startpoint: B[9] (input port clocked by __VIRTUAL_CLK__)
Endpoint: y[9] (output port clocked by __VIRTUAL_CLK__)
Path Group: __VIRTUAL_CLK__
Path Type: min

Fanout         Cap        Slew       Delay        Time   Description
---------------------------------------------------------------------------------------------
                      0.000000    0.000000    0.000000   clock __VIRTUAL_CLK__ (rise edge)
                                  0.000000    0.000000   clock network delay (ideal)
                                  4.000000    4.000000 v input external delay
     5    0.022281    0.035476    0.022334    4.022334 v B[9] (in)
                                                         B[9] (net)
                      0.035476    0.000000    4.022334 v _567_/A2 (sky130_fd_sc_hd__o21ai_2)
     1    0.002464    0.039624    0.063239    4.085573 ^ _567_/Y (sky130_fd_sc_hd__o21ai_2)
                                                         _129_ (net)
                      0.039624    0.000000    4.085573 ^ _568_/C1 (sky130_fd_sc_hd__o221a_2)
     1    0.004594    0.031558    0.073614    4.159187 ^ _568_/X (sky130_fd_sc_hd__o221a_2)
                                                         _130_ (net)
                      0.031558    0.000000    4.159187 ^ _569_/B1 (sky130_fd_sc_hd__o21ai_2)
     1    0.033442    0.071837    0.062085    4.221272 v _569_/Y (sky130_fd_sc_hd__o21ai_2)
                                                         y[9] (net)
                      0.071837    0.000000    4.221272 v y[9] (out)
                                              4.221272   data arrival time

                      0.000000    0.000000    0.000000   clock __VIRTUAL_CLK__ (rise edge)
                                  0.000000    0.000000   clock network delay (ideal)
                                  0.250000    0.250000   clock uncertainty
                                  0.000000    0.250000   clock reconvergence pessimism
                                 -4.000000   -3.750000   output external delay
                                             -3.750000   data required time
---------------------------------------------------------------------------------------------
                                             -3.750000   data required time
                                             -4.221272   data arrival time
---------------------------------------------------------------------------------------------
                                              7.971272   slack (MET)


Startpoint: A[4] (input port clocked by __VIRTUAL_CLK__)
Endpoint: y[4] (output port clocked by __VIRTUAL_CLK__)
Path Group: __VIRTUAL_CLK__
Path Type: min

Fanout         Cap        Slew       Delay        Time   Description
---------------------------------------------------------------------------------------------
                      0.000000    0.000000    0.000000   clock __VIRTUAL_CLK__ (rise edge)
                                  0.000000    0.000000   clock network delay (ideal)
                                  4.000000    4.000000 v input external delay
     4    0.021474    0.034268    0.021485    4.021485 v A[4] (in)
                                                         A[4] (net)
                      0.034268    0.000000    4.021485 v _490_/A (sky130_fd_sc_hd__nand2_2)
     3    0.007609    0.039119    0.044353    4.065839 ^ _490_/Y (sky130_fd_sc_hd__nand2_2)
                                                         _057_ (net)
                      0.039119    0.000000    4.065839 ^ _505_/A2 (sky130_fd_sc_hd__o221a_2)
     1    0.004594    0.031558    0.093607    4.159446 ^ _505_/X (sky130_fd_sc_hd__o221a_2)
                                                         _072_ (net)
                      0.031558    0.000000    4.159446 ^ _506_/B1 (sky130_fd_sc_hd__o21ai_2)
     1    0.033442    0.071837    0.062085    4.221531 v _506_/Y (sky130_fd_sc_hd__o21ai_2)
                                                         y[4] (net)
                      0.071837    0.000000    4.221531 v y[4] (out)
                                              4.221531   data arrival time

                      0.000000    0.000000    0.000000   clock __VIRTUAL_CLK__ (rise edge)
                                  0.000000    0.000000   clock network delay (ideal)
                                  0.250000    0.250000   clock uncertainty
                                  0.000000    0.250000   clock reconvergence pessimism
                                 -4.000000   -3.750000   output external delay
                                             -3.750000   data required time
---------------------------------------------------------------------------------------------
                                             -3.750000   data required time
                                             -4.221531   data arrival time
---------------------------------------------------------------------------------------------
                                              7.971531   slack (MET)


Startpoint: B[8] (input port clocked by __VIRTUAL_CLK__)
Endpoint: y[8] (output port clocked by __VIRTUAL_CLK__)
Path Group: __VIRTUAL_CLK__
Path Type: min

Fanout         Cap        Slew       Delay        Time   Description
---------------------------------------------------------------------------------------------
                      0.000000    0.000000    0.000000   clock __VIRTUAL_CLK__ (rise edge)
                                  0.000000    0.000000   clock network delay (ideal)
                                  4.000000    4.000000 v input external delay
     6    0.022506    0.035813    0.022571    4.022571 v B[8] (in)
                                                         B[8] (net)
                      0.035813    0.000000    4.022571 v _556_/A2 (sky130_fd_sc_hd__o21ai_2)
     1    0.002464    0.039624    0.063356    4.085927 ^ _556_/Y (sky130_fd_sc_hd__o21ai_2)
                                                         _119_ (net)
                      0.039624    0.000000    4.085927 ^ _557_/C1 (sky130_fd_sc_hd__o221a_2)
     1    0.004594    0.031558    0.073614    4.159540 ^ _557_/X (sky130_fd_sc_hd__o221a_2)
                                                         _120_ (net)
                      0.031558    0.000000    4.159540 ^ _558_/B1 (sky130_fd_sc_hd__o21ai_2)
     1    0.033442    0.071837    0.062085    4.221625 v _558_/Y (sky130_fd_sc_hd__o21ai_2)
                                                         y[8] (net)
                      0.071837    0.000000    4.221625 v y[8] (out)
                                              4.221625   data arrival time

                      0.000000    0.000000    0.000000   clock __VIRTUAL_CLK__ (rise edge)
                                  0.000000    0.000000   clock network delay (ideal)
                                  0.250000    0.250000   clock uncertainty
                                  0.000000    0.250000   clock reconvergence pessimism
                                 -4.000000   -3.750000   output external delay
                                             -3.750000   data required time
---------------------------------------------------------------------------------------------
                                             -3.750000   data required time
                                             -4.221625   data arrival time
---------------------------------------------------------------------------------------------
                                              7.971625   slack (MET)


Startpoint: A[2] (input port clocked by __VIRTUAL_CLK__)
Endpoint: y[2] (output port clocked by __VIRTUAL_CLK__)
Path Group: __VIRTUAL_CLK__
Path Type: min

Fanout         Cap        Slew       Delay        Time   Description
---------------------------------------------------------------------------------------------
                      0.000000    0.000000    0.000000   clock __VIRTUAL_CLK__ (rise edge)
                                  0.000000    0.000000   clock network delay (ideal)
                                  4.000000    4.000000 v input external delay
     4    0.018373    0.029625    0.018224    4.018224 v A[2] (in)
                                                         A[2] (net)
                      0.029625    0.000000    4.018224 v _464_/A (sky130_fd_sc_hd__nand2_2)
     2    0.004105    0.025996    0.033514    4.051738 ^ _464_/Y (sky130_fd_sc_hd__nand2_2)
                                                         _033_ (net)
                      0.025996    0.000000    4.051738 ^ _474_/B (sky130_fd_sc_hd__or2_2)
     1    0.002464    0.020146    0.055354    4.107092 ^ _474_/X (sky130_fd_sc_hd__or2_2)
                                                         _043_ (net)
                      0.020146    0.000000    4.107092 ^ _475_/C1 (sky130_fd_sc_hd__o221a_2)
     1    0.004594    0.031571    0.068746    4.175838 ^ _475_/X (sky130_fd_sc_hd__o221a_2)
                                                         _044_ (net)
                      0.031571    0.000000    4.175838 ^ _476_/B1 (sky130_fd_sc_hd__o21ai_2)
     1    0.033442    0.071837    0.062088    4.237926 v _476_/Y (sky130_fd_sc_hd__o21ai_2)
                                                         y[2] (net)
                      0.071837    0.000000    4.237926 v y[2] (out)
                                              4.237926   data arrival time

                      0.000000    0.000000    0.000000   clock __VIRTUAL_CLK__ (rise edge)
                                  0.000000    0.000000   clock network delay (ideal)
                                  0.250000    0.250000   clock uncertainty
                                  0.000000    0.250000   clock reconvergence pessimism
                                 -4.000000   -3.750000   output external delay
                                             -3.750000   data required time
---------------------------------------------------------------------------------------------
                                             -3.750000   data required time
                                             -4.237926   data arrival time
---------------------------------------------------------------------------------------------
                                              7.987926   slack (MET)


Startpoint: A[17] (input port clocked by __VIRTUAL_CLK__)
Endpoint: y[17] (output port clocked by __VIRTUAL_CLK__)
Path Group: __VIRTUAL_CLK__
Path Type: min

Fanout         Cap        Slew       Delay        Time   Description
---------------------------------------------------------------------------------------------
                      0.000000    0.000000    0.000000   clock __VIRTUAL_CLK__ (rise edge)
                                  0.000000    0.000000   clock network delay (ideal)
                                  4.000000    4.000000 ^ input external delay
     5    0.016515    0.061480    0.038598    4.038598 ^ A[17] (in)
                                                         A[17] (net)
                      0.061480    0.000000    4.038598 ^ _680_/A2 (sky130_fd_sc_hd__a31o_2)
     1    0.002616    0.020307    0.082542    4.121140 ^ _680_/X (sky130_fd_sc_hd__a31o_2)
                                                         _234_ (net)
                      0.020307    0.000000    4.121140 ^ _681_/B1 (sky130_fd_sc_hd__a21o_2)
     1    0.033442    0.130712    0.117776    4.238915 ^ _681_/X (sky130_fd_sc_hd__a21o_2)
                                                         y[17] (net)
                      0.130712    0.000000    4.238915 ^ y[17] (out)
                                              4.238915   data arrival time

                      0.000000    0.000000    0.000000   clock __VIRTUAL_CLK__ (rise edge)
                                  0.000000    0.000000   clock network delay (ideal)
                                  0.250000    0.250000   clock uncertainty
                                  0.000000    0.250000   clock reconvergence pessimism
                                 -4.000000   -3.750000   output external delay
                                             -3.750000   data required time
---------------------------------------------------------------------------------------------
                                             -3.750000   data required time
                                             -4.238915   data arrival time
---------------------------------------------------------------------------------------------
                                              7.988914   slack (MET)


Startpoint: A[30] (input port clocked by __VIRTUAL_CLK__)
Endpoint: y[30] (output port clocked by __VIRTUAL_CLK__)
Path Group: __VIRTUAL_CLK__
Path Type: min

Fanout         Cap        Slew       Delay        Time   Description
---------------------------------------------------------------------------------------------
                      0.000000    0.000000    0.000000   clock __VIRTUAL_CLK__ (rise edge)
                                  0.000000    0.000000   clock network delay (ideal)
                                  4.000000    4.000000 v input external delay
     5    0.013066    0.021453    0.012617    4.012618 v A[30] (in)
                                                         A[30] (net)
                      0.021453    0.000000    4.012618 v _858_/A (sky130_fd_sc_hd__nand2_2)
     3    0.009572    0.045683    0.044420    4.057037 ^ _858_/Y (sky130_fd_sc_hd__nand2_2)
                                                         _399_ (net)
                      0.045683    0.000000    4.057037 ^ _861_/A (sky130_fd_sc_hd__nand2_2)
     3    0.010677    0.033322    0.037427    4.094464 v _861_/Y (sky130_fd_sc_hd__nand2_2)
                                                         _402_ (net)
                      0.033322    0.000000    4.094464 v _868_/A (sky130_fd_sc_hd__nand2_2)
     1    0.002467    0.021084    0.030489    4.124953 ^ _868_/Y (sky130_fd_sc_hd__nand2_2)
                                                         _409_ (net)
                      0.021084    0.000000    4.124953 ^ _872_/A1 (sky130_fd_sc_hd__a21o_2)
     1    0.033442    0.130740    0.136216    4.261169 ^ _872_/X (sky130_fd_sc_hd__a21o_2)
                                                         y[30] (net)
                      0.130740    0.000000    4.261169 ^ y[30] (out)
                                              4.261169   data arrival time

                      0.000000    0.000000    0.000000   clock __VIRTUAL_CLK__ (rise edge)
                                  0.000000    0.000000   clock network delay (ideal)
                                  0.250000    0.250000   clock uncertainty
                                  0.000000    0.250000   clock reconvergence pessimism
                                 -4.000000   -3.750000   output external delay
                                             -3.750000   data required time
---------------------------------------------------------------------------------------------
                                             -3.750000   data required time
                                             -4.261169   data arrival time
---------------------------------------------------------------------------------------------
                                              8.011168   slack (MET)


Startpoint: A[16] (input port clocked by __VIRTUAL_CLK__)
Endpoint: y[16] (output port clocked by __VIRTUAL_CLK__)
Path Group: __VIRTUAL_CLK__
Path Type: min

Fanout         Cap        Slew       Delay        Time   Description
---------------------------------------------------------------------------------------------
                      0.000000    0.000000    0.000000   clock __VIRTUAL_CLK__ (rise edge)
                                  0.000000    0.000000   clock network delay (ideal)
                                  4.000000    4.000000 ^ input external delay
     4    0.010283    0.040420    0.024430    4.024430 ^ A[16] (in)
                                                         A[16] (net)
                      0.040420    0.000000    4.024430 ^ _654_/B (sky130_fd_sc_hd__nand2_2)
     3    0.007141    0.026786    0.033910    4.058340 v _654_/Y (sky130_fd_sc_hd__nand2_2)
                                                         _209_ (net)
                      0.026786    0.000000    4.058340 v _668_/B (sky130_fd_sc_hd__nor2_2)
     1    0.002487    0.041805    0.041002    4.099342 ^ _668_/Y (sky130_fd_sc_hd__nor2_2)
                                                         _223_ (net)
                      0.041805    0.000000    4.099342 ^ _669_/C1 (sky130_fd_sc_hd__a221o_2)
     1    0.002616    0.019253    0.054809    4.154151 ^ _669_/X (sky130_fd_sc_hd__a221o_2)
                                                         _224_ (net)
                      0.019253    0.000000    4.154151 ^ _670_/B1 (sky130_fd_sc_hd__a21o_2)
     1    0.033442    0.130678    0.117498    4.271649 ^ _670_/X (sky130_fd_sc_hd__a21o_2)
                                                         y[16] (net)
                      0.130678    0.000000    4.271649 ^ y[16] (out)
                                              4.271649   data arrival time

                      0.000000    0.000000    0.000000   clock __VIRTUAL_CLK__ (rise edge)
                                  0.000000    0.000000   clock network delay (ideal)
                                  0.250000    0.250000   clock uncertainty
                                  0.000000    0.250000   clock reconvergence pessimism
                                 -4.000000   -3.750000   output external delay
                                             -3.750000   data required time
---------------------------------------------------------------------------------------------
                                             -3.750000   data required time
                                             -4.271649   data arrival time
---------------------------------------------------------------------------------------------
                                              8.021649   slack (MET)


Startpoint: A[19] (input port clocked by __VIRTUAL_CLK__)
Endpoint: y[19] (output port clocked by __VIRTUAL_CLK__)
Path Group: __VIRTUAL_CLK__
Path Type: min

Fanout         Cap        Slew       Delay        Time   Description
---------------------------------------------------------------------------------------------
                      0.000000    0.000000    0.000000   clock __VIRTUAL_CLK__ (rise edge)
                                  0.000000    0.000000   clock network delay (ideal)
                                  4.000000    4.000000 ^ input external delay
     3    0.004940    0.022263    0.012140    4.012140 ^ A[19] (in)
                                                         A[19] (net)
                      0.022263    0.000000    4.012140 ^ _701_/B (sky130_fd_sc_hd__or2_2)
     3    0.011915    0.054349    0.079904    4.092044 ^ _701_/X (sky130_fd_sc_hd__or2_2)
                                                         _253_ (net)
                      0.054349    0.000000    4.092044 ^ _711_/B1 (sky130_fd_sc_hd__a221o_2)
     1    0.002616    0.019276    0.073728    4.165771 ^ _711_/X (sky130_fd_sc_hd__a221o_2)
                                                         _263_ (net)
                      0.019276    0.000000    4.165771 ^ _712_/B1 (sky130_fd_sc_hd__a21o_2)
     1    0.033442    0.130679    0.117504    4.283275 ^ _712_/X (sky130_fd_sc_hd__a21o_2)
                                                         y[19] (net)
                      0.130679    0.000000    4.283275 ^ y[19] (out)
                                              4.283275   data arrival time

                      0.000000    0.000000    0.000000   clock __VIRTUAL_CLK__ (rise edge)
                                  0.000000    0.000000   clock network delay (ideal)
                                  0.250000    0.250000   clock uncertainty
                                  0.000000    0.250000   clock reconvergence pessimism
                                 -4.000000   -3.750000   output external delay
                                             -3.750000   data required time
---------------------------------------------------------------------------------------------
                                             -3.750000   data required time
                                             -4.283275   data arrival time
---------------------------------------------------------------------------------------------
                                              8.033276   slack (MET)


Startpoint: A[22] (input port clocked by __VIRTUAL_CLK__)
Endpoint: y[22] (output port clocked by __VIRTUAL_CLK__)
Path Group: __VIRTUAL_CLK__
Path Type: min

Fanout         Cap        Slew       Delay        Time   Description
---------------------------------------------------------------------------------------------
                      0.000000    0.000000    0.000000   clock __VIRTUAL_CLK__ (rise edge)
                                  0.000000    0.000000   clock network delay (ideal)
                                  4.000000    4.000000 ^ input external delay
     4    0.013335    0.050792    0.031450    4.031450 ^ A[22] (in)
                                                         A[22] (net)
                      0.050792    0.000000    4.031450 ^ _739_/B (sky130_fd_sc_hd__or2_2)
     2    0.005000    0.029087    0.070052    4.101501 ^ _739_/X (sky130_fd_sc_hd__or2_2)
                                                         _288_ (net)
                      0.029087    0.000000    4.101501 ^ _751_/B1 (sky130_fd_sc_hd__a221o_2)
     1    0.002616    0.019275    0.067463    4.168965 ^ _751_/X (sky130_fd_sc_hd__a221o_2)
                                                         _300_ (net)
                      0.019275    0.000000    4.168965 ^ _752_/B1 (sky130_fd_sc_hd__a21o_2)
     1    0.033442    0.130679    0.117503    4.286468 ^ _752_/X (sky130_fd_sc_hd__a21o_2)
                                                         y[22] (net)
                      0.130679    0.000000    4.286468 ^ y[22] (out)
                                              4.286468   data arrival time

                      0.000000    0.000000    0.000000   clock __VIRTUAL_CLK__ (rise edge)
                                  0.000000    0.000000   clock network delay (ideal)
                                  0.250000    0.250000   clock uncertainty
                                  0.000000    0.250000   clock reconvergence pessimism
                                 -4.000000   -3.750000   output external delay
                                             -3.750000   data required time
---------------------------------------------------------------------------------------------
                                             -3.750000   data required time
                                             -4.286468   data arrival time
---------------------------------------------------------------------------------------------
                                              8.036468   slack (MET)


Startpoint: B[27] (input port clocked by __VIRTUAL_CLK__)
Endpoint: y[27] (output port clocked by __VIRTUAL_CLK__)
Path Group: __VIRTUAL_CLK__
Path Type: min

Fanout         Cap        Slew       Delay        Time   Description
---------------------------------------------------------------------------------------------
                      0.000000    0.000000    0.000000   clock __VIRTUAL_CLK__ (rise edge)
                                  0.000000    0.000000   clock network delay (ideal)
                                  4.000000    4.000000 v input external delay
     4    0.011658    0.019154    0.011116    4.011116 v B[27] (in)
                                                         B[27] (net)
                      0.019154    0.000000    4.011116 v _811_/A (sky130_fd_sc_hd__nand2_2)
     3    0.009569    0.045657    0.043650    4.054766 ^ _811_/Y (sky130_fd_sc_hd__nand2_2)
                                                         _355_ (net)
                      0.045657    0.000000    4.054766 ^ _814_/A (sky130_fd_sc_hd__nand2_2)
     6    0.015974    0.045680    0.046983    4.101749 v _814_/Y (sky130_fd_sc_hd__nand2_2)
                                                         _358_ (net)
                      0.045680    0.000000    4.101749 v _824_/B (sky130_fd_sc_hd__nor2_2)
     1    0.001693    0.037209    0.043946    4.145695 ^ _824_/Y (sky130_fd_sc_hd__nor2_2)
                                                         _368_ (net)
                      0.037209    0.000000    4.145695 ^ _826_/B (sky130_fd_sc_hd__or3b_2)
     1    0.033442    0.152539    0.150715    4.296410 ^ _826_/X (sky130_fd_sc_hd__or3b_2)
                                                         y[27] (net)
                      0.152539    0.000000    4.296410 ^ y[27] (out)
                                              4.296410   data arrival time

                      0.000000    0.000000    0.000000   clock __VIRTUAL_CLK__ (rise edge)
                                  0.000000    0.000000   clock network delay (ideal)
                                  0.250000    0.250000   clock uncertainty
                                  0.000000    0.250000   clock reconvergence pessimism
                                 -4.000000   -3.750000   output external delay
                                             -3.750000   data required time
---------------------------------------------------------------------------------------------
                                             -3.750000   data required time
                                             -4.296410   data arrival time
---------------------------------------------------------------------------------------------
                                              8.046410   slack (MET)


Startpoint: B[15] (input port clocked by __VIRTUAL_CLK__)
Endpoint: y[15] (output port clocked by __VIRTUAL_CLK__)
Path Group: __VIRTUAL_CLK__
Path Type: min

Fanout         Cap        Slew       Delay        Time   Description
---------------------------------------------------------------------------------------------
                      0.000000    0.000000    0.000000   clock __VIRTUAL_CLK__ (rise edge)
                                  0.000000    0.000000   clock network delay (ideal)
                                  4.000000    4.000000 ^ input external delay
     4    0.014130    0.053493    0.033279    4.033279 ^ B[15] (in)
                                                         B[15] (net)
                      0.053493    0.000000    4.033279 ^ _638_/B (sky130_fd_sc_hd__or2_2)
     2    0.007165    0.036995    0.076463    4.109742 ^ _638_/X (sky130_fd_sc_hd__or2_2)
                                                         _194_ (net)
                      0.036995    0.000000    4.109742 ^ _651_/B1 (sky130_fd_sc_hd__a221o_2)
     1    0.002616    0.019258    0.069437    4.179179 ^ _651_/X (sky130_fd_sc_hd__a221o_2)
                                                         _207_ (net)
                      0.019258    0.000000    4.179179 ^ _652_/B1 (sky130_fd_sc_hd__a21o_2)
     1    0.033442    0.130678    0.117499    4.296678 ^ _652_/X (sky130_fd_sc_hd__a21o_2)
                                                         y[15] (net)
                      0.130678    0.000000    4.296678 ^ y[15] (out)
                                              4.296678   data arrival time

                      0.000000    0.000000    0.000000   clock __VIRTUAL_CLK__ (rise edge)
                                  0.000000    0.000000   clock network delay (ideal)
                                  0.250000    0.250000   clock uncertainty
                                  0.000000    0.250000   clock reconvergence pessimism
                                 -4.000000   -3.750000   output external delay
                                             -3.750000   data required time
---------------------------------------------------------------------------------------------
                                             -3.750000   data required time
                                             -4.296678   data arrival time
---------------------------------------------------------------------------------------------
                                              8.046679   slack (MET)


Startpoint: B[28] (input port clocked by __VIRTUAL_CLK__)
Endpoint: y[29] (output port clocked by __VIRTUAL_CLK__)
Path Group: __VIRTUAL_CLK__
Path Type: min

Fanout         Cap        Slew       Delay        Time   Description
---------------------------------------------------------------------------------------------
                      0.000000    0.000000    0.000000   clock __VIRTUAL_CLK__ (rise edge)
                                  0.000000    0.000000   clock network delay (ideal)
                                  4.000000    4.000000 v input external delay
     4    0.014148    0.023219    0.013771    4.013771 v B[28] (in)
                                                         B[28] (net)
                      0.023219    0.000000    4.013771 v _435_/A (sky130_fd_sc_hd__inv_2)
     2    0.005089    0.022912    0.028477    4.042248 ^ _435_/Y (sky130_fd_sc_hd__inv_2)
                                                         _006_ (net)
                      0.022912    0.000000    4.042248 ^ _852_/A2 (sky130_fd_sc_hd__o221a_2)
     2    0.007234    0.043034    0.098074    4.140322 ^ _852_/X (sky130_fd_sc_hd__o221a_2)
                                                         _394_ (net)
                      0.043034    0.000000    4.140322 ^ _853_/A2 (sky130_fd_sc_hd__o21ai_2)
     1    0.002318    0.016216    0.024729    4.165051 v _853_/Y (sky130_fd_sc_hd__o21ai_2)
                                                         _395_ (net)
                      0.016216    0.000000    4.165051 v _857_/A1 (sky130_fd_sc_hd__a21bo_2)
     1    0.033442    0.065961    0.156757    4.321807 v _857_/X (sky130_fd_sc_hd__a21bo_2)
                                                         y[29] (net)
                      0.065961    0.000000    4.321807 v y[29] (out)
                                              4.321807   data arrival time

                      0.000000    0.000000    0.000000   clock __VIRTUAL_CLK__ (rise edge)
                                  0.000000    0.000000   clock network delay (ideal)
                                  0.250000    0.250000   clock uncertainty
                                  0.000000    0.250000   clock reconvergence pessimism
                                 -4.000000   -3.750000   output external delay
                                             -3.750000   data required time
---------------------------------------------------------------------------------------------
                                             -3.750000   data required time
                                             -4.321807   data arrival time
---------------------------------------------------------------------------------------------
                                              8.071808   slack (MET)



