
===========================================================================
Violator List
============================================================================
[setup in-out] sub -> S[24] : -2.713878
[setup in-out] sub -> S[21] : -2.712136
[setup in-out] sub -> S[22] : -2.702987
[setup in-out] sub -> S[20] : -2.692727
[setup in-out] sub -> S[31] : -2.650061
[setup in-out] sub -> S[26] : -2.630838
[setup in-out] sub -> S[23] : -2.588086
[setup in-out] sub -> S[28] : -2.579293
[setup in-out] sub -> S[30] : -2.562716
[setup in-out] sub -> S[25] : -2.548585
[setup in-out] sub -> S[29] : -2.509335
[setup in-out] sub -> S[27] : -2.508531
[setup in-out] sub -> S[19] : -2.500034
[setup in-out] sub -> carryOut : -2.458483
[setup in-out] sub -> S[15] : -2.439397
[setup in-out] sub -> S[18] : -2.407182
[setup in-out] sub -> S[17] : -2.400960
[setup in-out] sub -> S[13] : -2.257154
[setup in-out] sub -> S[14] : -2.189233
[setup in-out] sub -> S[11] : -2.103258
[setup in-out] sub -> S[16] : -2.034372
[setup in-out] sub -> S[7] : -1.913919
[setup in-out] sub -> S[12] : -1.904788
[setup in-out] sub -> S[9] : -1.871619
[setup in-out] sub -> S[6] : -1.835740
[setup in-out] sub -> S[10] : -1.799884
[setup in-out] sub -> S[8] : -1.591883
[setup in-out] sub -> S[5] : -1.562650
[setup in-out] sub -> S[4] : -1.463540
[setup in-out] sub -> S[3] : -1.301340
[setup in-out] sub -> S[2] : -1.133704
[setup in-out] sub -> S[1] : -0.453089
