                                                                       Cells by Function                                                                        
┏━━━━━━━━━━━━━━━━━━━━━━━━━━━━━━━━━━━━━━━━━━━━━━━━━━━━━━━━━━━━━━━━━━━━━━━━━━━━━━━━━━━━━━━━━━━━━━━━━━━━━━━━━━━━━━━━━━━━━━━━━━━━━━━━━┳━━━━━━━━━━━━━━━━━━━━━━━━━━━━┓
┃ Cell Function                                                                                                                   ┃ Count                      ┃
┡━━━━━━━━━━━━━━━━━━━━━━━━━━━━━━━━━━━━━━━━━━━━━━━━━━━━━━━━━━━━━━━━━━━━━━━━━━━━━━━━━━━━━━━━━━━━━━━━━━━━━━━━━━━━━━━━━━━━━━━━━━━━━━━━━╇━━━━━━━━━━━━━━━━━━━━━━━━━━━━┩
│ sky130_fd_sc_hd__a211o                                                                                                          │ 1                          │
│ sky130_fd_sc_hd__a211oi                                                                                                         │ 1                          │
│ sky130_fd_sc_hd__a21bo                                                                                                          │ 3                          │
│ sky130_fd_sc_hd__a21boi                                                                                                         │ 3                          │
│ sky130_fd_sc_hd__a21o                                                                                                           │ 13                         │
│ sky130_fd_sc_hd__a21oi                                                                                                          │ 8                          │
│ sky130_fd_sc_hd__a22oi                                                                                                          │ 4                          │
│ sky130_fd_sc_hd__a2bb2o                                                                                                         │ 1                          │
│ sky130_fd_sc_hd__a2bb2oi                                                                                                        │ 3                          │
│ sky130_fd_sc_hd__a311oi                                                                                                         │ 1                          │
│ sky130_fd_sc_hd__a31o                                                                                                           │ 2                          │
│ sky130_fd_sc_hd__a31oi                                                                                                          │ 1                          │
│ sky130_fd_sc_hd__a32o                                                                                                           │ 1                          │
│ sky130_fd_sc_hd__and2                                                                                                           │ 31                         │
│ sky130_fd_sc_hd__and2b                                                                                                          │ 3                          │
│ sky130_fd_sc_hd__and3                                                                                                           │ 3                          │
│ sky130_fd_sc_hd__and3b                                                                                                          │ 2                          │
│ sky130_fd_sc_hd__and4                                                                                                           │ 3                          │
│ sky130_fd_sc_hd__buf                                                                                                            │ 80                         │
│ sky130_fd_sc_hd__clkbuf                                                                                                         │ 6                          │
│ sky130_fd_sc_hd__clkdlybuf4s25                                                                                                  │ 64                         │
│ sky130_fd_sc_hd__decap                                                                                                          │ 819                        │
│ sky130_fd_sc_hd__dlygate4sd1                                                                                                    │ 1                          │
│ sky130_fd_sc_hd__dlymetal6s2s                                                                                                   │ 1                          │
│ sky130_fd_sc_hd__dlymetal6s4s                                                                                                   │ 2                          │
│ sky130_fd_sc_hd__fill                                                                                                           │ 235                        │
│ sky130_fd_sc_hd__inv                                                                                                            │ 15                         │
│ sky130_fd_sc_hd__mux2                                                                                                           │ 1                          │
│ sky130_fd_sc_hd__nand2                                                                                                          │ 53                         │
│ sky130_fd_sc_hd__nand2b                                                                                                         │ 10                         │
│ sky130_fd_sc_hd__nand3                                                                                                          │ 9                          │
│ sky130_fd_sc_hd__nand3b                                                                                                         │ 11                         │
│ sky130_fd_sc_hd__nand4                                                                                                          │ 11                         │
│ sky130_fd_sc_hd__nand4b                                                                                                         │ 2                          │
│ sky130_fd_sc_hd__nor2                                                                                                           │ 35                         │
│ sky130_fd_sc_hd__nor2b                                                                                                          │ 1                          │
│ sky130_fd_sc_hd__nor3                                                                                                           │ 1                          │
│ sky130_fd_sc_hd__nor3b                                                                                                          │ 2                          │
│ sky130_fd_sc_hd__o2111a                                                                                                         │ 2                          │
│ sky130_fd_sc_hd__o2111ai                                                                                                        │ 3                          │
│ sky130_fd_sc_hd__o211a                                                                                                          │ 4                          │
│ sky130_fd_sc_hd__o211ai                                                                                                         │ 6                          │
│ sky130_fd_sc_hd__o21a                                                                                                           │ 11                         │
│ sky130_fd_sc_hd__o21ai                                                                                                          │ 37                         │
│ sky130_fd_sc_hd__o21ba                                                                                                          │ 10                         │
│ sky130_fd_sc_hd__o21bai                                                                                                         │ 21                         │
│ sky130_fd_sc_hd__o221a                                                                                                          │ 3                          │
│ sky130_fd_sc_hd__o22a                                                                                                           │ 3                          │
│ sky130_fd_sc_hd__o22ai                                                                                                          │ 7                          │
│ sky130_fd_sc_hd__o2bb2a                                                                                                         │ 3                          │
│ sky130_fd_sc_hd__o2bb2ai                                                                                                        │ 9                          │
│ sky130_fd_sc_hd__o31ai                                                                                                          │ 1                          │
│ sky130_fd_sc_hd__or2                                                                                                            │ 5                          │
│ sky130_fd_sc_hd__or3                                                                                                            │ 1                          │
│ sky130_fd_sc_hd__or3b                                                                                                           │ 5                          │
│ sky130_fd_sc_hd__tapvpwrvgnd                                                                                                    │ 129                        │
│ sky130_fd_sc_hd__xnor2                                                                                                          │ 7                          │
│ sky130_fd_sc_hd__xor2                                                                                                           │ 13                         │
└─────────────────────────────────────────────────────────────────────────────────────────────────────────────────────────────────┴────────────────────────────┘
