
===========================================================================
report_checks -unconstrained
===========================================================================
======================= min_ss_100C_1v60 Corner ===================================

Startpoint: sub (input port clocked by __VIRTUAL_CLK__)
Endpoint: S[31] (output port clocked by __VIRTUAL_CLK__)
Path Group: __VIRTUAL_CLK__
Path Type: max

Fanout         Cap        Slew       Delay        Time   Description
---------------------------------------------------------------------------------------------
                      0.000000    0.000000    0.000000   clock __VIRTUAL_CLK__ (rise edge)
                                  0.000000    0.000000   clock network delay (ideal)
                                  2.000000    2.000000 v input external delay
     1    0.007316    0.036403    0.024364    2.024364 v sub (in)
                                                         sub (net)
                      0.036403    0.000000    2.024364 v input65/A (sky130_fd_sc_hd__buf_8)
     3    0.023571    0.055382    0.220759    2.245123 v input65/X (sky130_fd_sc_hd__buf_8)
                                                         net65 (net)
                      0.055404    0.001056    2.246180 v fanout107/A (sky130_fd_sc_hd__buf_8)
     5    0.033188    0.066264    0.242037    2.488217 v fanout107/X (sky130_fd_sc_hd__buf_8)
                                                         net107 (net)
                      0.066297    0.001453    2.489669 v load_slew109/A (sky130_fd_sc_hd__buf_8)
     3    0.026441    0.058419    0.238707    2.728377 v load_slew109/X (sky130_fd_sc_hd__buf_8)
                                                         net109 (net)
                      0.058437    0.001021    2.729397 v load_slew108/A (sky130_fd_sc_hd__buf_12)
     3    0.047687    0.070943    0.257812    2.987209 v load_slew108/X (sky130_fd_sc_hd__buf_12)
                                                         net108 (net)
                      0.070988    0.001720    2.988930 v _390_/A (sky130_fd_sc_hd__xor2_4)
     2    0.018736    0.145907    0.371132    3.360061 v _390_/X (sky130_fd_sc_hd__xor2_4)
                                                         _019_ (net)
                      0.145907    0.000095    3.360156 v _393_/A (sky130_fd_sc_hd__xnor2_4)
     2    0.006501    0.096384    0.283236    3.643392 v _393_/Y (sky130_fd_sc_hd__xnor2_4)
                                                         _022_ (net)
                      0.096384    0.000088    3.643480 v rebuffer116/A (sky130_fd_sc_hd__buf_2)
     2    0.011159    0.076930    0.290220    3.933700 v rebuffer116/X (sky130_fd_sc_hd__buf_2)
                                                         net116 (net)
                      0.076930    0.000099    3.933799 v _394_/B (sky130_fd_sc_hd__or2_2)
     2    0.005654    0.128512    0.681575    4.615374 v _394_/X (sky130_fd_sc_hd__or2_2)
                                                         _023_ (net)
                      0.128512    0.000032    4.615406 v _397_/A2 (sky130_fd_sc_hd__o21a_2)
     2    0.005389    0.072304    0.417154    5.032560 v _397_/X (sky130_fd_sc_hd__o21a_2)
                                                         _026_ (net)
                      0.072304    0.000084    5.032644 v _399_/A2 (sky130_fd_sc_hd__a211o_2)
     2    0.009406    0.114852    0.694277    5.726921 v _399_/X (sky130_fd_sc_hd__a211o_2)
                                                         _028_ (net)
                      0.114852    0.000193    5.727114 v _210_/A2 (sky130_fd_sc_hd__a21o_4)
     2    0.009761    0.069641    0.438629    6.165742 v _210_/X (sky130_fd_sc_hd__a21o_4)
                                                         _080_ (net)
                      0.069641    0.000220    6.165962 v _280_/A2 (sky130_fd_sc_hd__a211o_4)
     4    0.015585    0.104658    0.658180    6.824142 v _280_/X (sky130_fd_sc_hd__a211o_4)
                                                         _142_ (net)
                      0.104658    0.000623    6.824765 v _327_/A2 (sky130_fd_sc_hd__a2111o_2)
     2    0.006916    0.132933    0.977207    7.801972 v _327_/X (sky130_fd_sc_hd__a2111o_2)
                                                         _183_ (net)
                      0.132933    0.000113    7.802084 v _335_/A1 (sky130_fd_sc_hd__a31o_4)
     2    0.014696    0.083628    0.470217    8.272302 v _335_/X (sky130_fd_sc_hd__a31o_4)
                                                         _190_ (net)
                      0.083628    0.000183    8.272484 v _336_/B (sky130_fd_sc_hd__xor2_2)
     1    0.005390    0.095493    0.284065    8.556549 v _336_/X (sky130_fd_sc_hd__xor2_2)
                                                         net90 (net)
                      0.095493    0.000073    8.556623 v output90/A (sky130_fd_sc_hd__buf_6)
     1    0.035734    0.077800    0.273856    8.830479 v output90/X (sky130_fd_sc_hd__buf_6)
                                                         S[31] (net)
                      0.077802    0.000506    8.830985 v S[31] (out)
                                              8.830985   data arrival time

                      0.000000   10.000000   10.000000   clock __VIRTUAL_CLK__ (rise edge)
                                  0.000000   10.000000   clock network delay (ideal)
                                 -0.250000    9.750000   clock uncertainty
                                  0.000000    9.750000   clock reconvergence pessimism
                                 -2.000000    7.750000   output external delay
                                              7.750000   data required time
---------------------------------------------------------------------------------------------
                                              7.750000   data required time
                                             -8.830985   data arrival time
---------------------------------------------------------------------------------------------
                                             -1.080985   slack (VIOLATED)




===========================================================================
report_checks --slack_max -0.01
============================================================================
======================= min_ss_100C_1v60 Corner ===================================

Startpoint: sub (input port clocked by __VIRTUAL_CLK__)
Endpoint: S[31] (output port clocked by __VIRTUAL_CLK__)
Path Group: __VIRTUAL_CLK__
Path Type: max

Fanout         Cap        Slew       Delay        Time   Description
---------------------------------------------------------------------------------------------
                      0.000000    0.000000    0.000000   clock __VIRTUAL_CLK__ (rise edge)
                                  0.000000    0.000000   clock network delay (ideal)
                                  2.000000    2.000000 v input external delay
     1    0.007316    0.036403    0.024364    2.024364 v sub (in)
                                                         sub (net)
                      0.036403    0.000000    2.024364 v input65/A (sky130_fd_sc_hd__buf_8)
     3    0.023571    0.055382    0.220759    2.245123 v input65/X (sky130_fd_sc_hd__buf_8)
                                                         net65 (net)
                      0.055404    0.001056    2.246180 v fanout107/A (sky130_fd_sc_hd__buf_8)
     5    0.033188    0.066264    0.242037    2.488217 v fanout107/X (sky130_fd_sc_hd__buf_8)
                                                         net107 (net)
                      0.066297    0.001453    2.489669 v load_slew109/A (sky130_fd_sc_hd__buf_8)
     3    0.026441    0.058419    0.238707    2.728377 v load_slew109/X (sky130_fd_sc_hd__buf_8)
                                                         net109 (net)
                      0.058437    0.001021    2.729397 v load_slew108/A (sky130_fd_sc_hd__buf_12)
     3    0.047687    0.070943    0.257812    2.987209 v load_slew108/X (sky130_fd_sc_hd__buf_12)
                                                         net108 (net)
                      0.070988    0.001720    2.988930 v _390_/A (sky130_fd_sc_hd__xor2_4)
     2    0.018736    0.145907    0.371132    3.360061 v _390_/X (sky130_fd_sc_hd__xor2_4)
                                                         _019_ (net)
                      0.145907    0.000095    3.360156 v _393_/A (sky130_fd_sc_hd__xnor2_4)
     2    0.006501    0.096384    0.283236    3.643392 v _393_/Y (sky130_fd_sc_hd__xnor2_4)
                                                         _022_ (net)
                      0.096384    0.000088    3.643480 v rebuffer116/A (sky130_fd_sc_hd__buf_2)
     2    0.011159    0.076930    0.290220    3.933700 v rebuffer116/X (sky130_fd_sc_hd__buf_2)
                                                         net116 (net)
                      0.076930    0.000099    3.933799 v _394_/B (sky130_fd_sc_hd__or2_2)
     2    0.005654    0.128512    0.681575    4.615374 v _394_/X (sky130_fd_sc_hd__or2_2)
                                                         _023_ (net)
                      0.128512    0.000032    4.615406 v _397_/A2 (sky130_fd_sc_hd__o21a_2)
     2    0.005389    0.072304    0.417154    5.032560 v _397_/X (sky130_fd_sc_hd__o21a_2)
                                                         _026_ (net)
                      0.072304    0.000084    5.032644 v _399_/A2 (sky130_fd_sc_hd__a211o_2)
     2    0.009406    0.114852    0.694277    5.726921 v _399_/X (sky130_fd_sc_hd__a211o_2)
                                                         _028_ (net)
                      0.114852    0.000193    5.727114 v _210_/A2 (sky130_fd_sc_hd__a21o_4)
     2    0.009761    0.069641    0.438629    6.165742 v _210_/X (sky130_fd_sc_hd__a21o_4)
                                                         _080_ (net)
                      0.069641    0.000220    6.165962 v _280_/A2 (sky130_fd_sc_hd__a211o_4)
     4    0.015585    0.104658    0.658180    6.824142 v _280_/X (sky130_fd_sc_hd__a211o_4)
                                                         _142_ (net)
                      0.104658    0.000623    6.824765 v _327_/A2 (sky130_fd_sc_hd__a2111o_2)
     2    0.006916    0.132933    0.977207    7.801972 v _327_/X (sky130_fd_sc_hd__a2111o_2)
                                                         _183_ (net)
                      0.132933    0.000113    7.802084 v _335_/A1 (sky130_fd_sc_hd__a31o_4)
     2    0.014696    0.083628    0.470217    8.272302 v _335_/X (sky130_fd_sc_hd__a31o_4)
                                                         _190_ (net)
                      0.083628    0.000183    8.272484 v _336_/B (sky130_fd_sc_hd__xor2_2)
     1    0.005390    0.095493    0.284065    8.556549 v _336_/X (sky130_fd_sc_hd__xor2_2)
                                                         net90 (net)
                      0.095493    0.000073    8.556623 v output90/A (sky130_fd_sc_hd__buf_6)
     1    0.035734    0.077800    0.273856    8.830479 v output90/X (sky130_fd_sc_hd__buf_6)
                                                         S[31] (net)
                      0.077802    0.000506    8.830985 v S[31] (out)
                                              8.830985   data arrival time

                      0.000000   10.000000   10.000000   clock __VIRTUAL_CLK__ (rise edge)
                                  0.000000   10.000000   clock network delay (ideal)
                                 -0.250000    9.750000   clock uncertainty
                                  0.000000    9.750000   clock reconvergence pessimism
                                 -2.000000    7.750000   output external delay
                                              7.750000   data required time
---------------------------------------------------------------------------------------------
                                              7.750000   data required time
                                             -8.830985   data arrival time
---------------------------------------------------------------------------------------------
                                             -1.080985   slack (VIOLATED)




===========================================================================
 report_check_types -max_slew -max_cap -max_fanout -violators
============================================================================
======================= min_ss_100C_1v60 Corner ===================================



===========================================================================
report_parasitic_annotation -report_unannotated
============================================================================
Found 0 unannotated drivers.
Found 0 partially unannotated drivers.

===========================================================================
max slew violation count 0
max fanout violation count 0
max cap violation count 0
============================================================================

===========================================================================
check_setup -verbose -unconstrained_endpoints -multiple_clock -no_clock -no_input_delay -loops -generated_clocks
===========================================================================
