
===========================================================================
Violator List
============================================================================
[setup in-out] sub -> S[31] : -1.080985
[setup in-out] sub -> carryOut : -1.079947
[setup in-out] sub -> S[30] : -1.037359
[setup in-out] sub -> S[27] : -0.953163
[setup in-out] sub -> S[11] : -0.732518
[setup in-out] sub -> S[10] : -0.479869
[setup in-out] sub -> S[26] : -0.448749
[setup in-out] sub -> S[24] : -0.413684
[setup in-out] sub -> S[23] : -0.375227
[setup in-out] sub -> S[29] : -0.356827
[setup in-out] sub -> S[25] : -0.288018
[setup in-out] sub -> S[15] : -0.267573
[setup in-out] sub -> S[22] : -0.188069
[setup in-out] sub -> S[28] : -0.180221
[setup in-out] sub -> S[21] : -0.178241
[setup in-out] sub -> S[14] : -0.175692
[setup in-out] sub -> S[18] : -0.167842
[setup in-out] sub -> S[19] : -0.121969
