
===========================================================================
report_checks -unconstrained
===========================================================================
======================= min_ff_n40C_1v95 Corner ===================================

Startpoint: sub (input port clocked by __VIRTUAL_CLK__)
Endpoint: S[25] (output port clocked by __VIRTUAL_CLK__)
Path Group: __VIRTUAL_CLK__
Path Type: max

Fanout         Cap        Slew       Delay        Time   Description
---------------------------------------------------------------------------------------------
                      0.000000    0.000000    0.000000   clock __VIRTUAL_CLK__ (rise edge)
                                  0.000000    0.000000   clock network delay (ideal)
                                  0.800000    0.800000 v input external delay
     1    0.007886    0.012895    0.007870    0.807870 v sub (in)
                                                         sub (net)
                      0.012899    0.000000    0.807870 v input65/A (sky130_fd_sc_hd__buf_8)
     4    0.030764    0.027884    0.083927    0.891797 v input65/X (sky130_fd_sc_hd__buf_8)
                                                         net65 (net)
                      0.027900    0.000634    0.892431 v fanout118/A (sky130_fd_sc_hd__buf_8)
     5    0.032992    0.029057    0.091031    0.983462 v fanout118/X (sky130_fd_sc_hd__buf_8)
                                                         net118 (net)
                      0.029078    0.000746    0.984208 v fanout113/A (sky130_fd_sc_hd__buf_6)
     3    0.015638    0.022131    0.082292    1.066500 v fanout113/X (sky130_fd_sc_hd__buf_6)
                                                         net113 (net)
                      0.022131    0.000036    1.066536 v fanout112/A (sky130_fd_sc_hd__buf_8)
     6    0.035793    0.030459    0.090405    1.156942 v fanout112/X (sky130_fd_sc_hd__buf_8)
                                                         net112 (net)
                      0.030459    0.000085    1.157027 v fanout109/A (sky130_fd_sc_hd__buf_8)
     5    0.030424    0.027777    0.090786    1.247812 v fanout109/X (sky130_fd_sc_hd__buf_8)
                                                         net109 (net)
                      0.027789    0.000577    1.248389 v _591_/A (sky130_fd_sc_hd__and2_4)
     3    0.013409    0.030552    0.099822    1.348211 v _591_/X (sky130_fd_sc_hd__and2_4)
                                                         _010_ (net)
                      0.030552    0.000063    1.348275 v _607_/A2 (sky130_fd_sc_hd__o2111a_2)
     1    0.010174    0.042781    0.176016    1.524291 v _607_/X (sky130_fd_sc_hd__o2111a_2)
                                                         _026_ (net)
                      0.042781    0.000138    1.524428 v _619_/A2 (sky130_fd_sc_hd__a21oi_4)
     2    0.021775    0.145721    0.163123    1.687552 ^ _619_/Y (sky130_fd_sc_hd__a21oi_4)
                                                         _038_ (net)
                      0.145721    0.000526    1.688077 ^ _350_/C (sky130_fd_sc_hd__nand3_4)
     2    0.017586    0.060121    0.068658    1.756736 v _350_/Y (sky130_fd_sc_hd__nand3_4)
                                                         _115_ (net)
                      0.060121    0.000134    1.756869 v _351_/B2 (sky130_fd_sc_hd__a22oi_4)
     3    0.022203    0.126962    0.124373    1.881243 ^ _351_/Y (sky130_fd_sc_hd__a22oi_4)
                                                         _116_ (net)
                      0.126964    0.001112    1.882355 ^ _386_/B1 (sky130_fd_sc_hd__o22ai_4)
     4    0.032406    0.068519    0.077669    1.960024 v _386_/Y (sky130_fd_sc_hd__o22ai_4)
                                                         _151_ (net)
                      0.068544    0.001117    1.961141 v _477_/A2 (sky130_fd_sc_hd__a21boi_4)
     4    0.019007    0.134906    0.166354    2.127495 ^ _477_/Y (sky130_fd_sc_hd__a21boi_4)
                                                         _234_ (net)
                      0.134906    0.000239    2.127734 ^ max_cap99/A (sky130_fd_sc_hd__buf_6)
     2    0.027364    0.048852    0.099909    2.227642 ^ max_cap99/X (sky130_fd_sc_hd__buf_6)
                                                         net99 (net)
                      0.048852    0.000216    2.227858 ^ _484_/A2 (sky130_fd_sc_hd__o21ai_4)
     1    0.015941    0.049577    0.044553    2.272411 v _484_/Y (sky130_fd_sc_hd__o21ai_4)
                                                         _240_ (net)
                      0.049577    0.000166    2.272577 v _485_/B (sky130_fd_sc_hd__xnor2_4)
     1    0.007696    0.097413    0.107014    2.379591 ^ _485_/Y (sky130_fd_sc_hd__xnor2_4)
                                                         net83 (net)
                      0.097413    0.000157    2.379747 ^ output83/A (sky130_fd_sc_hd__buf_6)
     1    0.035125    0.059163    0.103563    2.483310 ^ output83/X (sky130_fd_sc_hd__buf_6)
                                                         S[25] (net)
                      0.059164    0.000386    2.483697 ^ S[25] (out)
                                              2.483697   data arrival time

                      0.000000    4.000000    4.000000   clock __VIRTUAL_CLK__ (rise edge)
                                  0.000000    4.000000   clock network delay (ideal)
                                 -0.250000    3.750000   clock uncertainty
                                  0.000000    3.750000   clock reconvergence pessimism
                                 -0.800000    2.950000   output external delay
                                              2.950000   data required time
---------------------------------------------------------------------------------------------
                                              2.950000   data required time
                                             -2.483697   data arrival time
---------------------------------------------------------------------------------------------
                                              0.466303   slack (MET)




===========================================================================
report_checks --slack_max -0.01
============================================================================
======================= min_ff_n40C_1v95 Corner ===================================

No paths found.


===========================================================================
 report_check_types -max_slew -max_cap -max_fanout -violators
============================================================================
======================= min_ff_n40C_1v95 Corner ===================================



===========================================================================
report_parasitic_annotation -report_unannotated
============================================================================
Found 0 unannotated drivers.
Found 0 partially unannotated drivers.

===========================================================================
max slew violation count 0
max fanout violation count 0
max cap violation count 0
============================================================================

===========================================================================
check_setup -verbose -unconstrained_endpoints -multiple_clock -no_clock -no_input_delay -loops -generated_clocks
===========================================================================
