
===========================================================================
report_checks -path_delay min (Hold)
============================================================================
======================= max_tt_025C_1v80 Corner ===================================

Startpoint: B[0] (input port clocked by __VIRTUAL_CLK__)
Endpoint: S[1] (output port clocked by __VIRTUAL_CLK__)
Path Group: __VIRTUAL_CLK__
Path Type: min

Fanout         Cap        Slew       Delay        Time   Description
---------------------------------------------------------------------------------------------
                      0.000000    0.000000    0.000000   clock __VIRTUAL_CLK__ (rise edge)
                                  0.000000    0.000000   clock network delay (ideal)
                                  0.800000    0.800000 v input external delay
     1    0.003650    0.010589    0.005631    0.805631 v B[0] (in)
                                                         B[0] (net)
                      0.010593    0.000000    0.805631 v input33/A (sky130_fd_sc_hd__buf_4)
     6    0.020991    0.044467    0.131691    0.937322 v input33/X (sky130_fd_sc_hd__buf_4)
                                                         net33 (net)
                      0.044504    0.001098    0.938420 v _565_/A (sky130_fd_sc_hd__inv_2)
     3    0.014387    0.070577    0.072990    1.011410 ^ _565_/Y (sky130_fd_sc_hd__inv_2)
                                                         _272_ (net)
                      0.070583    0.000525    1.011935 ^ _570_/A (sky130_fd_sc_hd__nor2_2)
     1    0.008393    0.025727    0.049991    1.061927 v _570_/Y (sky130_fd_sc_hd__nor2_2)
                                                         _276_ (net)
                      0.025734    0.000381    1.062308 v _571_/B (sky130_fd_sc_hd__xnor2_2)
     1    0.005758    0.046353    0.120266    1.182574 ^ _571_/Y (sky130_fd_sc_hd__xnor2_2)
                                                         net77 (net)
                      0.046370    0.000406    1.182980 ^ output77/A (sky130_fd_sc_hd__buf_6)
     1    0.035626    0.079129    0.120460    1.303440 ^ output77/X (sky130_fd_sc_hd__buf_6)
                                                         S[1] (net)
                      0.079221    0.001646    1.305086 ^ S[1] (out)
                                              1.305086   data arrival time

                      0.000000    0.000000    0.000000   clock __VIRTUAL_CLK__ (rise edge)
                                  0.000000    0.000000   clock network delay (ideal)
                                  0.250000    0.250000   clock uncertainty
                                  0.000000    0.250000   clock reconvergence pessimism
                                 -0.800000   -0.550000   output external delay
                                             -0.550000   data required time
---------------------------------------------------------------------------------------------
                                             -0.550000   data required time
                                             -1.305086   data arrival time
---------------------------------------------------------------------------------------------
                                              1.855086   slack (MET)


Startpoint: A[5] (input port clocked by __VIRTUAL_CLK__)
Endpoint: S[5] (output port clocked by __VIRTUAL_CLK__)
Path Group: __VIRTUAL_CLK__
Path Type: min

Fanout         Cap        Slew       Delay        Time   Description
---------------------------------------------------------------------------------------------
                      0.000000    0.000000    0.000000   clock __VIRTUAL_CLK__ (rise edge)
                                  0.000000    0.000000   clock network delay (ideal)
                                  0.800000    0.800000 ^ input external delay
     1    0.005065    0.029553    0.017240    0.817240 ^ A[5] (in)
                                                         A[5] (net)
                      0.029556    0.000000    0.817240 ^ input28/A (sky130_fd_sc_hd__buf_4)
     7    0.042547    0.123816    0.156119    0.973359 ^ input28/X (sky130_fd_sc_hd__buf_4)
                                                         net28 (net)
                      0.123930    0.002931    0.976290 ^ _701_/B (sky130_fd_sc_hd__xnor2_4)
     3    0.019344    0.073213    0.145418    1.121707 ^ _701_/Y (sky130_fd_sc_hd__xnor2_4)
                                                         _036_ (net)
                      0.073237    0.001178    1.122885 ^ _594_/A (sky130_fd_sc_hd__xor2_2)
     1    0.005029    0.035348    0.067509    1.190394 v _594_/X (sky130_fd_sc_hd__xor2_2)
                                                         net93 (net)
                      0.035348    0.000354    1.190748 v output93/A (sky130_fd_sc_hd__buf_6)
     1    0.035311    0.044843    0.125802    1.316550 v output93/X (sky130_fd_sc_hd__buf_6)
                                                         S[5] (net)
                      0.044948    0.001786    1.318336 v S[5] (out)
                                              1.318336   data arrival time

                      0.000000    0.000000    0.000000   clock __VIRTUAL_CLK__ (rise edge)
                                  0.000000    0.000000   clock network delay (ideal)
                                  0.250000    0.250000   clock uncertainty
                                  0.000000    0.250000   clock reconvergence pessimism
                                 -0.800000   -0.550000   output external delay
                                             -0.550000   data required time
---------------------------------------------------------------------------------------------
                                             -0.550000   data required time
                                             -1.318336   data arrival time
---------------------------------------------------------------------------------------------
                                              1.868336   slack (MET)


Startpoint: B[10] (input port clocked by __VIRTUAL_CLK__)
Endpoint: S[10] (output port clocked by __VIRTUAL_CLK__)
Path Group: __VIRTUAL_CLK__
Path Type: min

Fanout         Cap        Slew       Delay        Time   Description
---------------------------------------------------------------------------------------------
                      0.000000    0.000000    0.000000   clock __VIRTUAL_CLK__ (rise edge)
                                  0.000000    0.000000   clock network delay (ideal)
                                  0.800000    0.800000 ^ input external delay
     1    0.004284    0.026181    0.014798    0.814798 ^ B[10] (in)
                                                         B[10] (net)
                      0.026183    0.000000    0.814798 ^ input34/A (sky130_fd_sc_hd__buf_4)
     3    0.026788    0.083154    0.126781    0.941579 ^ input34/X (sky130_fd_sc_hd__buf_4)
                                                         net34 (net)
                      0.083279    0.002034    0.943613 ^ _733_/A (sky130_fd_sc_hd__xor2_4)
     5    0.028439    0.062291    0.106984    1.050597 v _733_/X (sky130_fd_sc_hd__xor2_4)
                                                         _068_ (net)
                      0.062324    0.001325    1.051922 v _625_/A (sky130_fd_sc_hd__xor2_2)
     1    0.005526    0.096466    0.154745    1.206667 ^ _625_/X (sky130_fd_sc_hd__xor2_2)
                                                         net67 (net)
                      0.096466    0.000405    1.207072 ^ output67/A (sky130_fd_sc_hd__buf_6)
     1    0.035314    0.078731    0.136156    1.343228 ^ output67/X (sky130_fd_sc_hd__buf_6)
                                                         S[10] (net)
                      0.078773    0.001610    1.344838 ^ S[10] (out)
                                              1.344838   data arrival time

                      0.000000    0.000000    0.000000   clock __VIRTUAL_CLK__ (rise edge)
                                  0.000000    0.000000   clock network delay (ideal)
                                  0.250000    0.250000   clock uncertainty
                                  0.000000    0.250000   clock reconvergence pessimism
                                 -0.800000   -0.550000   output external delay
                                             -0.550000   data required time
---------------------------------------------------------------------------------------------
                                             -0.550000   data required time
                                             -1.344838   data arrival time
---------------------------------------------------------------------------------------------
                                              1.894838   slack (MET)


Startpoint: A[5] (input port clocked by __VIRTUAL_CLK__)
Endpoint: S[6] (output port clocked by __VIRTUAL_CLK__)
Path Group: __VIRTUAL_CLK__
Path Type: min

Fanout         Cap        Slew       Delay        Time   Description
---------------------------------------------------------------------------------------------
                      0.000000    0.000000    0.000000   clock __VIRTUAL_CLK__ (rise edge)
                                  0.000000    0.000000   clock network delay (ideal)
                                  0.800000    0.800000 ^ input external delay
     1    0.005065    0.029553    0.017240    0.817240 ^ A[5] (in)
                                                         A[5] (net)
                      0.029556    0.000000    0.817240 ^ input28/A (sky130_fd_sc_hd__buf_4)
     7    0.042547    0.123816    0.156119    0.973359 ^ input28/X (sky130_fd_sc_hd__buf_4)
                                                         net28 (net)
                      0.123873    0.002094    0.975452 ^ _601_/A1 (sky130_fd_sc_hd__o211a_2)
     1    0.009006    0.072505    0.204360    1.179813 ^ _601_/X (sky130_fd_sc_hd__o211a_2)
                                                         _302_ (net)
                      0.072511    0.000664    1.180477 ^ _604_/B (sky130_fd_sc_hd__xnor2_2)
     1    0.005298    0.038926    0.061624    1.242101 v _604_/Y (sky130_fd_sc_hd__xnor2_2)
                                                         net94 (net)
                      0.038931    0.000366    1.242467 v output94/A (sky130_fd_sc_hd__buf_6)
     1    0.035230    0.044769    0.127230    1.369697 v output94/X (sky130_fd_sc_hd__buf_6)
                                                         S[6] (net)
                      0.044873    0.001781    1.371477 v S[6] (out)
                                              1.371477   data arrival time

                      0.000000    0.000000    0.000000   clock __VIRTUAL_CLK__ (rise edge)
                                  0.000000    0.000000   clock network delay (ideal)
                                  0.250000    0.250000   clock uncertainty
                                  0.000000    0.250000   clock reconvergence pessimism
                                 -0.800000   -0.550000   output external delay
                                             -0.550000   data required time
---------------------------------------------------------------------------------------------
                                             -0.550000   data required time
                                             -1.371477   data arrival time
---------------------------------------------------------------------------------------------
                                              1.921477   slack (MET)


Startpoint: A[14] (input port clocked by __VIRTUAL_CLK__)
Endpoint: S[15] (output port clocked by __VIRTUAL_CLK__)
Path Group: __VIRTUAL_CLK__
Path Type: min

Fanout         Cap        Slew       Delay        Time   Description
---------------------------------------------------------------------------------------------
                      0.000000    0.000000    0.000000   clock __VIRTUAL_CLK__ (rise edge)
                                  0.000000    0.000000   clock network delay (ideal)
                                  0.800000    0.800000 ^ input external delay
     1    0.005521    0.031581    0.018650    0.818650 ^ A[14] (in)
                                                         A[14] (net)
                      0.031584    0.000000    0.818650 ^ input6/A (sky130_fd_sc_hd__clkbuf_2)
     3    0.014210    0.084432    0.122821    0.941471 ^ input6/X (sky130_fd_sc_hd__clkbuf_2)
                                                         net6 (net)
                      0.084437    0.000701    0.942171 ^ _652_/A1 (sky130_fd_sc_hd__o21a_2)
     1    0.004180    0.035730    0.130364    1.072535 ^ _652_/X (sky130_fd_sc_hd__o21a_2)
                                                         _344_ (net)
                      0.035730    0.000257    1.072793 ^ _654_/B1 (sky130_fd_sc_hd__a32o_2)
     1    0.008915    0.070256    0.127144    1.199937 ^ _654_/X (sky130_fd_sc_hd__a32o_2)
                                                         _346_ (net)
                      0.070262    0.000646    1.200583 ^ _655_/B (sky130_fd_sc_hd__xnor2_2)
     1    0.005016    0.037676    0.060220    1.260803 v _655_/Y (sky130_fd_sc_hd__xnor2_2)
                                                         net72 (net)
                      0.037682    0.000365    1.261168 v output72/A (sky130_fd_sc_hd__buf_6)
     1    0.035720    0.045182    0.126988    1.388156 v output72/X (sky130_fd_sc_hd__buf_6)
                                                         S[15] (net)
                      0.045299    0.001890    1.390046 v S[15] (out)
                                              1.390046   data arrival time

                      0.000000    0.000000    0.000000   clock __VIRTUAL_CLK__ (rise edge)
                                  0.000000    0.000000   clock network delay (ideal)
                                  0.250000    0.250000   clock uncertainty
                                  0.000000    0.250000   clock reconvergence pessimism
                                 -0.800000   -0.550000   output external delay
                                             -0.550000   data required time
---------------------------------------------------------------------------------------------
                                             -0.550000   data required time
                                             -1.390046   data arrival time
---------------------------------------------------------------------------------------------
                                              1.940046   slack (MET)


Startpoint: A[25] (input port clocked by __VIRTUAL_CLK__)
Endpoint: S[25] (output port clocked by __VIRTUAL_CLK__)
Path Group: __VIRTUAL_CLK__
Path Type: min

Fanout         Cap        Slew       Delay        Time   Description
---------------------------------------------------------------------------------------------
                      0.000000    0.000000    0.000000   clock __VIRTUAL_CLK__ (rise edge)
                                  0.000000    0.000000   clock network delay (ideal)
                                  0.800000    0.800000 ^ input external delay
     1    0.003075    0.020917    0.010763    0.810763 ^ A[25] (in)
                                                         A[25] (net)
                      0.020925    0.000000    0.810763 ^ input18/A (sky130_fd_sc_hd__dlymetal6s2s_1)
     5    0.025129    0.262537    0.220984    1.031747 ^ input18/X (sky130_fd_sc_hd__dlymetal6s2s_1)
                                                         net18 (net)
                      0.262551    0.001524    1.033271 ^ _480_/B (sky130_fd_sc_hd__xnor2_2)
     3    0.019122    0.108702    0.187544    1.220815 ^ _480_/Y (sky130_fd_sc_hd__xnor2_2)
                                                         _194_ (net)
                      0.108714    0.001139    1.221954 ^ _486_/A (sky130_fd_sc_hd__xnor2_2)
     1    0.004942    0.035950    0.077288    1.299242 v _486_/Y (sky130_fd_sc_hd__xnor2_2)
                                                         net83 (net)
                      0.035951    0.000349    1.299591 v output83/A (sky130_fd_sc_hd__buf_6)
     1    0.035269    0.044826    0.125974    1.425565 v output83/X (sky130_fd_sc_hd__buf_6)
                                                         S[25] (net)
                      0.044944    0.001889    1.427454 v S[25] (out)
                                              1.427454   data arrival time

                      0.000000    0.000000    0.000000   clock __VIRTUAL_CLK__ (rise edge)
                                  0.000000    0.000000   clock network delay (ideal)
                                  0.250000    0.250000   clock uncertainty
                                  0.000000    0.250000   clock reconvergence pessimism
                                 -0.800000   -0.550000   output external delay
                                             -0.550000   data required time
---------------------------------------------------------------------------------------------
                                             -0.550000   data required time
                                             -1.427454   data arrival time
---------------------------------------------------------------------------------------------
                                              1.977454   slack (MET)


Startpoint: sub (input port clocked by __VIRTUAL_CLK__)
Endpoint: S[2] (output port clocked by __VIRTUAL_CLK__)
Path Group: __VIRTUAL_CLK__
Path Type: min

Fanout         Cap        Slew       Delay        Time   Description
---------------------------------------------------------------------------------------------
                      0.000000    0.000000    0.000000   clock __VIRTUAL_CLK__ (rise edge)
                                  0.000000    0.000000   clock network delay (ideal)
                                  0.800000    0.800000 ^ input external delay
     1    0.008462    0.044607    0.027718    0.827718 ^ sub (in)
                                                         sub (net)
                      0.044613    0.000000    0.827718 ^ input65/A (sky130_fd_sc_hd__buf_8)
     3    0.027953    0.056452    0.101966    0.929685 ^ input65/X (sky130_fd_sc_hd__buf_8)
                                                         net65 (net)
                      0.056753    0.003083    0.932768 ^ fanout110/A (sky130_fd_sc_hd__buf_2)
     5    0.028366    0.142414    0.172393    1.105161 ^ fanout110/X (sky130_fd_sc_hd__buf_2)
                                                         net110 (net)
                      0.142542    0.003339    1.108500 ^ _577_/A (sky130_fd_sc_hd__xnor2_2)
     1    0.009395    0.063089    0.139884    1.248383 ^ _577_/Y (sky130_fd_sc_hd__xnor2_2)
                                                         _282_ (net)
                      0.063097    0.000687    1.249070 ^ _578_/A (sky130_fd_sc_hd__xnor2_2)
     1    0.005563    0.041408    0.068854    1.317925 v _578_/Y (sky130_fd_sc_hd__xnor2_2)
                                                         net88 (net)
                      0.041412    0.000390    1.318315 v output88/A (sky130_fd_sc_hd__buf_6)
     1    0.035787    0.045222    0.128577    1.446892 v output88/X (sky130_fd_sc_hd__buf_6)
                                                         S[2] (net)
                      0.045340    0.001896    1.448788 v S[2] (out)
                                              1.448788   data arrival time

                      0.000000    0.000000    0.000000   clock __VIRTUAL_CLK__ (rise edge)
                                  0.000000    0.000000   clock network delay (ideal)
                                  0.250000    0.250000   clock uncertainty
                                  0.000000    0.250000   clock reconvergence pessimism
                                 -0.800000   -0.550000   output external delay
                                             -0.550000   data required time
---------------------------------------------------------------------------------------------
                                             -0.550000   data required time
                                             -1.448788   data arrival time
---------------------------------------------------------------------------------------------
                                              1.998788   slack (MET)


Startpoint: A[0] (input port clocked by __VIRTUAL_CLK__)
Endpoint: S[0] (output port clocked by __VIRTUAL_CLK__)
Path Group: __VIRTUAL_CLK__
Path Type: min

Fanout         Cap        Slew       Delay        Time   Description
---------------------------------------------------------------------------------------------
                      0.000000    0.000000    0.000000   clock __VIRTUAL_CLK__ (rise edge)
                                  0.000000    0.000000   clock network delay (ideal)
                                  0.800000    0.800000 v input external delay
     1    0.003520    0.010310    0.005410    0.805410 v A[0] (in)
                                                         A[0] (net)
                      0.010313    0.000000    0.805410 v input1/A (sky130_fd_sc_hd__buf_2)
     6    0.030669    0.082025    0.150460    0.955870 v input1/X (sky130_fd_sc_hd__buf_2)
                                                         net1 (net)
                      0.082035    0.000873    0.956743 v _566_/A (sky130_fd_sc_hd__nand2_2)
     1    0.005103    0.043955    0.067599    1.024342 ^ _566_/Y (sky130_fd_sc_hd__nand2_2)
                                                         _273_ (net)
                      0.043956    0.000231    1.024573 ^ _567_/B (sky130_fd_sc_hd__nand2_2)
     1    0.003120    0.023755    0.041499    1.066072 v _567_/Y (sky130_fd_sc_hd__nand2_2)
                                                         net66 (net)
                      0.023756    0.000195    1.066267 v output66/A (sky130_fd_sc_hd__clkdlybuf4s25_1)
     1    0.035012    0.260713    0.387872    1.454139 v output66/X (sky130_fd_sc_hd__clkdlybuf4s25_1)
                                                         S[0] (net)
                      0.260723    0.001687    1.455827 v S[0] (out)
                                              1.455827   data arrival time

                      0.000000    0.000000    0.000000   clock __VIRTUAL_CLK__ (rise edge)
                                  0.000000    0.000000   clock network delay (ideal)
                                  0.250000    0.250000   clock uncertainty
                                  0.000000    0.250000   clock reconvergence pessimism
                                 -0.800000   -0.550000   output external delay
                                             -0.550000   data required time
---------------------------------------------------------------------------------------------
                                             -0.550000   data required time
                                             -1.455827   data arrival time
---------------------------------------------------------------------------------------------
                                              2.005827   slack (MET)


Startpoint: A[20] (input port clocked by __VIRTUAL_CLK__)
Endpoint: S[21] (output port clocked by __VIRTUAL_CLK__)
Path Group: __VIRTUAL_CLK__
Path Type: min

Fanout         Cap        Slew       Delay        Time   Description
---------------------------------------------------------------------------------------------
                      0.000000    0.000000    0.000000   clock __VIRTUAL_CLK__ (rise edge)
                                  0.000000    0.000000   clock network delay (ideal)
                                  0.800000    0.800000 v input external delay
     1    0.002825    0.008677    0.004289    0.804289 v A[20] (in)
                                                         A[20] (net)
                      0.008683    0.000000    0.804289 v input13/A (sky130_fd_sc_hd__dlymetal6s2s_1)
     6    0.024879    0.130019    0.191928    0.996217 v input13/X (sky130_fd_sc_hd__dlymetal6s2s_1)
                                                         net13 (net)
                      0.130049    0.001843    0.998059 v _437_/B (sky130_fd_sc_hd__nand3_2)
     1    0.010583    0.066886    0.120868    1.118927 ^ _437_/Y (sky130_fd_sc_hd__nand3_2)
                                                         _155_ (net)
                      0.066903    0.000789    1.119716 ^ _438_/C (sky130_fd_sc_hd__nand3_4)
     1    0.008298    0.051281    0.073154    1.192871 v _438_/Y (sky130_fd_sc_hd__nand3_4)
                                                         _156_ (net)
                      0.051281    0.000374    1.193244 v _439_/B (sky130_fd_sc_hd__xnor2_2)
     1    0.008034    0.048405    0.133285    1.326530 v _439_/Y (sky130_fd_sc_hd__xnor2_2)
                                                         net79 (net)
                      0.048441    0.000667    1.327196 v output79/A (sky130_fd_sc_hd__buf_6)
     1    0.035098    0.044647    0.131051    1.458247 v output79/X (sky130_fd_sc_hd__buf_6)
                                                         S[21] (net)
                      0.044753    0.001790    1.460037 v S[21] (out)
                                              1.460037   data arrival time

                      0.000000    0.000000    0.000000   clock __VIRTUAL_CLK__ (rise edge)
                                  0.000000    0.000000   clock network delay (ideal)
                                  0.250000    0.250000   clock uncertainty
                                  0.000000    0.250000   clock reconvergence pessimism
                                 -0.800000   -0.550000   output external delay
                                             -0.550000   data required time
---------------------------------------------------------------------------------------------
                                             -0.550000   data required time
                                             -1.460037   data arrival time
---------------------------------------------------------------------------------------------
                                              2.010037   slack (MET)


Startpoint: sub (input port clocked by __VIRTUAL_CLK__)
Endpoint: S[16] (output port clocked by __VIRTUAL_CLK__)
Path Group: __VIRTUAL_CLK__
Path Type: min

Fanout         Cap        Slew       Delay        Time   Description
---------------------------------------------------------------------------------------------
                      0.000000    0.000000    0.000000   clock __VIRTUAL_CLK__ (rise edge)
                                  0.000000    0.000000   clock network delay (ideal)
                                  0.800000    0.800000 ^ input external delay
     1    0.008462    0.044607    0.027718    0.827718 ^ sub (in)
                                                         sub (net)
                      0.044613    0.000000    0.827718 ^ input65/A (sky130_fd_sc_hd__buf_8)
     3    0.027953    0.056452    0.101966    0.929685 ^ input65/X (sky130_fd_sc_hd__buf_8)
                                                         net65 (net)
                      0.056602    0.002177    0.931862 ^ fanout107/A (sky130_fd_sc_hd__buf_6)
     3    0.018551    0.048486    0.101657    1.033519 ^ fanout107/X (sky130_fd_sc_hd__buf_6)
                                                         net107 (net)
                      0.048569    0.001657    1.035176 ^ fanout103/A (sky130_fd_sc_hd__buf_4)
     2    0.015094    0.053592    0.113899    1.149075 ^ fanout103/X (sky130_fd_sc_hd__buf_4)
                                                         net103 (net)
                      0.053619    0.001059    1.150134 ^ _373_/A (sky130_fd_sc_hd__xnor2_2)
     1    0.008749    0.059446    0.116989    1.267123 ^ _373_/Y (sky130_fd_sc_hd__xnor2_2)
                                                         _096_ (net)
                      0.059448    0.000397    1.267520 ^ _374_/B (sky130_fd_sc_hd__xnor2_2)
     1    0.007512    0.046753    0.066107    1.333627 v _374_/Y (sky130_fd_sc_hd__xnor2_2)
                                                         net73 (net)
                      0.046762    0.000590    1.334217 v output73/A (sky130_fd_sc_hd__buf_6)
     1    0.035843    0.045267    0.130785    1.465002 v output73/X (sky130_fd_sc_hd__buf_6)
                                                         S[16] (net)
                      0.045393    0.001962    1.466964 v S[16] (out)
                                              1.466964   data arrival time

                      0.000000    0.000000    0.000000   clock __VIRTUAL_CLK__ (rise edge)
                                  0.000000    0.000000   clock network delay (ideal)
                                  0.250000    0.250000   clock uncertainty
                                  0.000000    0.250000   clock reconvergence pessimism
                                 -0.800000   -0.550000   output external delay
                                             -0.550000   data required time
---------------------------------------------------------------------------------------------
                                             -0.550000   data required time
                                             -1.466964   data arrival time
---------------------------------------------------------------------------------------------
                                              2.016964   slack (MET)


Startpoint: B[3] (input port clocked by __VIRTUAL_CLK__)
Endpoint: S[3] (output port clocked by __VIRTUAL_CLK__)
Path Group: __VIRTUAL_CLK__
Path Type: min

Fanout         Cap        Slew       Delay        Time   Description
---------------------------------------------------------------------------------------------
                      0.000000    0.000000    0.000000   clock __VIRTUAL_CLK__ (rise edge)
                                  0.000000    0.000000   clock network delay (ideal)
                                  0.800000    0.800000 ^ input external delay
     1    0.004304    0.026267    0.014852    0.814852 ^ B[3] (in)
                                                         B[3] (net)
                      0.026268    0.000000    0.814852 ^ input58/A (sky130_fd_sc_hd__dlymetal6s2s_1)
     5    0.026024    0.270739    0.228500    1.043352 ^ input58/X (sky130_fd_sc_hd__dlymetal6s2s_1)
                                                         net58 (net)
                      0.270750    0.001320    1.044672 ^ _691_/B (sky130_fd_sc_hd__xnor2_2)
     3    0.021734    0.119821    0.197368    1.242040 ^ _691_/Y (sky130_fd_sc_hd__xnor2_2)
                                                         _026_ (net)
                      0.119832    0.001166    1.243206 ^ _584_/A (sky130_fd_sc_hd__xnor2_2)
     1    0.002956    0.028214    0.072899    1.316105 v _584_/Y (sky130_fd_sc_hd__xnor2_2)
                                                         net91 (net)
                      0.028214    0.000191    1.316296 v output91/A (sky130_fd_sc_hd__clkbuf_4)
     1    0.036084    0.083022    0.168150    1.484446 v output91/X (sky130_fd_sc_hd__clkbuf_4)
                                                         S[3] (net)
                      0.083079    0.001888    1.486334 v S[3] (out)
                                              1.486334   data arrival time

                      0.000000    0.000000    0.000000   clock __VIRTUAL_CLK__ (rise edge)
                                  0.000000    0.000000   clock network delay (ideal)
                                  0.250000    0.250000   clock uncertainty
                                  0.000000    0.250000   clock reconvergence pessimism
                                 -0.800000   -0.550000   output external delay
                                             -0.550000   data required time
---------------------------------------------------------------------------------------------
                                             -0.550000   data required time
                                             -1.486334   data arrival time
---------------------------------------------------------------------------------------------
                                              2.036334   slack (MET)


Startpoint: A[31] (input port clocked by __VIRTUAL_CLK__)
Endpoint: carryOut (output port clocked by __VIRTUAL_CLK__)
Path Group: __VIRTUAL_CLK__
Path Type: min

Fanout         Cap        Slew       Delay        Time   Description
---------------------------------------------------------------------------------------------
                      0.000000    0.000000    0.000000   clock __VIRTUAL_CLK__ (rise edge)
                                  0.000000    0.000000   clock network delay (ideal)
                                  0.800000    0.800000 ^ input external delay
     1    0.004677    0.027886    0.016041    0.816040 ^ A[31] (in)
                                                         A[31] (net)
                      0.027888    0.000000    0.816040 ^ input25/A (sky130_fd_sc_hd__clkdlybuf4s25_1)
     5    0.020725    0.214775    0.342180    1.158220 ^ input25/X (sky130_fd_sc_hd__clkdlybuf4s25_1)
                                                         net25 (net)
                      0.214779    0.001276    1.159496 ^ _663_/A1 (sky130_fd_sc_hd__o221a_4)
     1    0.007618    0.050348    0.217201    1.376698 ^ _663_/X (sky130_fd_sc_hd__o221a_4)
                                                         net98 (net)
                      0.050364    0.000551    1.377248 ^ output98/A (sky130_fd_sc_hd__buf_8)
     1    0.035684    0.067991    0.112457    1.489705 ^ output98/X (sky130_fd_sc_hd__buf_8)
                                                         carryOut (net)
                      0.068117    0.001926    1.491631 ^ carryOut (out)
                                              1.491631   data arrival time

                      0.000000    0.000000    0.000000   clock __VIRTUAL_CLK__ (rise edge)
                                  0.000000    0.000000   clock network delay (ideal)
                                  0.250000    0.250000   clock uncertainty
                                  0.000000    0.250000   clock reconvergence pessimism
                                 -0.800000   -0.550000   output external delay
                                             -0.550000   data required time
---------------------------------------------------------------------------------------------
                                             -0.550000   data required time
                                             -1.491631   data arrival time
---------------------------------------------------------------------------------------------
                                              2.041631   slack (MET)


Startpoint: B[14] (input port clocked by __VIRTUAL_CLK__)
Endpoint: S[14] (output port clocked by __VIRTUAL_CLK__)
Path Group: __VIRTUAL_CLK__
Path Type: min

Fanout         Cap        Slew       Delay        Time   Description
---------------------------------------------------------------------------------------------
                      0.000000    0.000000    0.000000   clock __VIRTUAL_CLK__ (rise edge)
                                  0.000000    0.000000   clock network delay (ideal)
                                  0.800000    0.800000 ^ input external delay
     1    0.005883    0.033168    0.019764    0.819764 ^ B[14] (in)
                                                         B[14] (net)
                      0.033170    0.000000    0.819764 ^ input38/A (sky130_fd_sc_hd__clkbuf_2)
     5    0.035265    0.194124    0.194187    1.013951 ^ input38/X (sky130_fd_sc_hd__clkbuf_2)
                                                         net38 (net)
                      0.194216    0.003313    1.017264 ^ _726_/A (sky130_fd_sc_hd__xnor2_4)
     3    0.017371    0.067405    0.155580    1.172844 ^ _726_/Y (sky130_fd_sc_hd__xnor2_4)
                                                         _061_ (net)
                      0.067410    0.000604    1.173448 ^ _648_/B (sky130_fd_sc_hd__xnor2_2)
     1    0.010959    0.069663    0.122622    1.296070 ^ _648_/Y (sky130_fd_sc_hd__xnor2_2)
                                                         _341_ (net)
                      0.069676    0.000899    1.296968 ^ _649_/B (sky130_fd_sc_hd__xnor2_2)
     1    0.006636    0.043966    0.065479    1.362447 v _649_/Y (sky130_fd_sc_hd__xnor2_2)
                                                         net71 (net)
                      0.043971    0.000457    1.362904 v output71/A (sky130_fd_sc_hd__buf_6)
     1    0.036138    0.045505    0.129836    1.492740 v output71/X (sky130_fd_sc_hd__buf_6)
                                                         S[14] (net)
                      0.045633    0.001981    1.494721 v S[14] (out)
                                              1.494721   data arrival time

                      0.000000    0.000000    0.000000   clock __VIRTUAL_CLK__ (rise edge)
                                  0.000000    0.000000   clock network delay (ideal)
                                  0.250000    0.250000   clock uncertainty
                                  0.000000    0.250000   clock reconvergence pessimism
                                 -0.800000   -0.550000   output external delay
                                             -0.550000   data required time
---------------------------------------------------------------------------------------------
                                             -0.550000   data required time
                                             -1.494721   data arrival time
---------------------------------------------------------------------------------------------
                                              2.044721   slack (MET)


Startpoint: B[9] (input port clocked by __VIRTUAL_CLK__)
Endpoint: S[9] (output port clocked by __VIRTUAL_CLK__)
Path Group: __VIRTUAL_CLK__
Path Type: min

Fanout         Cap        Slew       Delay        Time   Description
---------------------------------------------------------------------------------------------
                      0.000000    0.000000    0.000000   clock __VIRTUAL_CLK__ (rise edge)
                                  0.000000    0.000000   clock network delay (ideal)
                                  0.800000    0.800000 ^ input external delay
     1    0.007046    0.038310    0.023348    0.823348 ^ B[9] (in)
                                                         B[9] (net)
                      0.038314    0.000000    0.823348 ^ input64/A (sky130_fd_sc_hd__buf_6)
     7    0.035707    0.079327    0.117824    0.941172 ^ input64/X (sky130_fd_sc_hd__buf_6)
                                                         net64 (net)
                      0.079409    0.001955    0.943127 ^ _734_/A (sky130_fd_sc_hd__xor2_4)
     2    0.006257    0.034229    0.069771    1.012898 v _734_/X (sky130_fd_sc_hd__xor2_4)
                                                         _069_ (net)
                      0.034229    0.000189    1.013088 v rebuffer136/A (sky130_fd_sc_hd__buf_2)
     4    0.020966    0.061300    0.142789    1.155877 v rebuffer136/X (sky130_fd_sc_hd__buf_2)
                                                         net136 (net)
                      0.061329    0.001188    1.157065 v _617_/B (sky130_fd_sc_hd__xnor2_2)
     1    0.008884    0.060860    0.157134    1.314199 ^ _617_/Y (sky130_fd_sc_hd__xnor2_2)
                                                         _315_ (net)
                      0.060868    0.000642    1.314841 ^ _618_/B (sky130_fd_sc_hd__xnor2_2)
     1    0.005365    0.038313    0.059488    1.374329 v _618_/Y (sky130_fd_sc_hd__xnor2_2)
                                                         net97 (net)
                      0.038318    0.000372    1.374701 v output97/A (sky130_fd_sc_hd__buf_6)
     1    0.035457    0.044985    0.127036    1.501736 v output97/X (sky130_fd_sc_hd__buf_6)
                                                         S[9] (net)
                      0.045112    0.001953    1.503689 v S[9] (out)
                                              1.503689   data arrival time

                      0.000000    0.000000    0.000000   clock __VIRTUAL_CLK__ (rise edge)
                                  0.000000    0.000000   clock network delay (ideal)
                                  0.250000    0.250000   clock uncertainty
                                  0.000000    0.250000   clock reconvergence pessimism
                                 -0.800000   -0.550000   output external delay
                                             -0.550000   data required time
---------------------------------------------------------------------------------------------
                                             -0.550000   data required time
                                             -1.503689   data arrival time
---------------------------------------------------------------------------------------------
                                              2.053689   slack (MET)


Startpoint: B[12] (input port clocked by __VIRTUAL_CLK__)
Endpoint: S[12] (output port clocked by __VIRTUAL_CLK__)
Path Group: __VIRTUAL_CLK__
Path Type: min

Fanout         Cap        Slew       Delay        Time   Description
---------------------------------------------------------------------------------------------
                      0.000000    0.000000    0.000000   clock __VIRTUAL_CLK__ (rise edge)
                                  0.000000    0.000000   clock network delay (ideal)
                                  0.800000    0.800000 ^ input external delay
     1    0.007601    0.040772    0.025072    0.825072 ^ B[12] (in)
                                                         B[12] (net)
                      0.040776    0.000000    0.825072 ^ input36/A (sky130_fd_sc_hd__buf_6)
     9    0.045849    0.098632    0.129268    0.954341 ^ input36/X (sky130_fd_sc_hd__buf_6)
                                                         net36 (net)
                      0.099384    0.006572    0.960912 ^ _729_/B (sky130_fd_sc_hd__xnor2_4)
     2    0.006467    0.036316    0.065328    1.026240 v _729_/Y (sky130_fd_sc_hd__xnor2_4)
                                                         _064_ (net)
                      0.036317    0.000360    1.026600 v rebuffer135/A (sky130_fd_sc_hd__buf_2)
     2    0.020511    0.060414    0.142584    1.169184 v rebuffer135/X (sky130_fd_sc_hd__buf_2)
                                                         net135 (net)
                      0.060464    0.001509    1.170693 v _632_/B (sky130_fd_sc_hd__xnor2_4)
     1    0.008804    0.046027    0.138287    1.308980 ^ _632_/Y (sky130_fd_sc_hd__xnor2_4)
                                                         _327_ (net)
                      0.046030    0.000639    1.309620 ^ _633_/B (sky130_fd_sc_hd__xnor2_2)
     1    0.007240    0.045217    0.061890    1.371510 v _633_/Y (sky130_fd_sc_hd__xnor2_2)
                                                         net69 (net)
                      0.045225    0.000554    1.372064 v output69/A (sky130_fd_sc_hd__buf_6)
     1    0.036714    0.046008    0.130612    1.502676 v output69/X (sky130_fd_sc_hd__buf_6)
                                                         S[12] (net)
                      0.046169    0.002226    1.504901 v S[12] (out)
                                              1.504901   data arrival time

                      0.000000    0.000000    0.000000   clock __VIRTUAL_CLK__ (rise edge)
                                  0.000000    0.000000   clock network delay (ideal)
                                  0.250000    0.250000   clock uncertainty
                                  0.000000    0.250000   clock reconvergence pessimism
                                 -0.800000   -0.550000   output external delay
                                             -0.550000   data required time
---------------------------------------------------------------------------------------------
                                             -0.550000   data required time
                                             -1.504901   data arrival time
---------------------------------------------------------------------------------------------
                                              2.054901   slack (MET)


Startpoint: A[17] (input port clocked by __VIRTUAL_CLK__)
Endpoint: S[17] (output port clocked by __VIRTUAL_CLK__)
Path Group: __VIRTUAL_CLK__
Path Type: min

Fanout         Cap        Slew       Delay        Time   Description
---------------------------------------------------------------------------------------------
                      0.000000    0.000000    0.000000   clock __VIRTUAL_CLK__ (rise edge)
                                  0.000000    0.000000   clock network delay (ideal)
                                  0.800000    0.800000 ^ input external delay
     1    0.003902    0.024521    0.013521    0.813521 ^ A[17] (in)
                                                         A[17] (net)
                      0.024522    0.000000    0.813521 ^ input9/A (sky130_fd_sc_hd__dlygate4sd1_1)
     5    0.021559    0.211749    0.289487    1.103008 ^ input9/X (sky130_fd_sc_hd__dlygate4sd1_1)
                                                         net9 (net)
                      0.211751    0.000979    1.103987 ^ _375_/B (sky130_fd_sc_hd__xnor2_2)
     3    0.015674    0.092857    0.167582    1.271569 ^ _375_/Y (sky130_fd_sc_hd__xnor2_2)
                                                         _097_ (net)
                      0.092873    0.001176    1.272745 ^ _385_/A (sky130_fd_sc_hd__xor2_2)
     1    0.002972    0.030548    0.066218    1.338963 v _385_/X (sky130_fd_sc_hd__xor2_2)
                                                         net74 (net)
                      0.030548    0.000119    1.339082 v output74/A (sky130_fd_sc_hd__clkbuf_2)
     1    0.034781    0.133869    0.173400    1.512482 v output74/X (sky130_fd_sc_hd__clkbuf_2)
                                                         S[17] (net)
                      0.133895    0.001712    1.514194 v S[17] (out)
                                              1.514194   data arrival time

                      0.000000    0.000000    0.000000   clock __VIRTUAL_CLK__ (rise edge)
                                  0.000000    0.000000   clock network delay (ideal)
                                  0.250000    0.250000   clock uncertainty
                                  0.000000    0.250000   clock reconvergence pessimism
                                 -0.800000   -0.550000   output external delay
                                             -0.550000   data required time
---------------------------------------------------------------------------------------------
                                             -0.550000   data required time
                                             -1.514194   data arrival time
---------------------------------------------------------------------------------------------
                                              2.064194   slack (MET)


Startpoint: B[8] (input port clocked by __VIRTUAL_CLK__)
Endpoint: S[8] (output port clocked by __VIRTUAL_CLK__)
Path Group: __VIRTUAL_CLK__
Path Type: min

Fanout         Cap        Slew       Delay        Time   Description
---------------------------------------------------------------------------------------------
                      0.000000    0.000000    0.000000   clock __VIRTUAL_CLK__ (rise edge)
                                  0.000000    0.000000   clock network delay (ideal)
                                  0.800000    0.800000 ^ input external delay
     1    0.002925    0.020266    0.010260    0.810260 ^ B[8] (in)
                                                         B[8] (net)
                      0.020267    0.000000    0.810260 ^ input63/A (sky130_fd_sc_hd__dlymetal6s2s_1)
     4    0.028028    0.289264    0.237966    1.048226 ^ input63/X (sky130_fd_sc_hd__dlymetal6s2s_1)
                                                         net63 (net)
                      0.289290    0.002149    1.050375 ^ _612_/B (sky130_fd_sc_hd__xnor2_2)
     2    0.012070    0.067777    0.122598    1.172973 v _612_/Y (sky130_fd_sc_hd__xnor2_2)
                                                         _311_ (net)
                      0.067786    0.000758    1.173731 v _613_/B (sky130_fd_sc_hd__xnor2_2)
     1    0.009344    0.062482    0.163107    1.336839 ^ _613_/Y (sky130_fd_sc_hd__xnor2_2)
                                                         _312_ (net)
                      0.062491    0.000690    1.337529 ^ _614_/B (sky130_fd_sc_hd__xnor2_2)
     1    0.005356    0.038401    0.059786    1.397315 v _614_/Y (sky130_fd_sc_hd__xnor2_2)
                                                         net96 (net)
                      0.038406    0.000375    1.397690 v output96/A (sky130_fd_sc_hd__buf_6)
     1    0.035284    0.044808    0.127060    1.524750 v output96/X (sky130_fd_sc_hd__buf_6)
                                                         S[8] (net)
                      0.044910    0.001761    1.526510 v S[8] (out)
                                              1.526510   data arrival time

                      0.000000    0.000000    0.000000   clock __VIRTUAL_CLK__ (rise edge)
                                  0.000000    0.000000   clock network delay (ideal)
                                  0.250000    0.250000   clock uncertainty
                                  0.000000    0.250000   clock reconvergence pessimism
                                 -0.800000   -0.550000   output external delay
                                             -0.550000   data required time
---------------------------------------------------------------------------------------------
                                             -0.550000   data required time
                                             -1.526510   data arrival time
---------------------------------------------------------------------------------------------
                                              2.076510   slack (MET)


Startpoint: A[6] (input port clocked by __VIRTUAL_CLK__)
Endpoint: S[7] (output port clocked by __VIRTUAL_CLK__)
Path Group: __VIRTUAL_CLK__
Path Type: min

Fanout         Cap        Slew       Delay        Time   Description
---------------------------------------------------------------------------------------------
                      0.000000    0.000000    0.000000   clock __VIRTUAL_CLK__ (rise edge)
                                  0.000000    0.000000   clock network delay (ideal)
                                  0.800000    0.800000 v input external delay
     1    0.003233    0.009628    0.004958    0.804958 v A[6] (in)
                                                         A[6] (net)
                      0.009630    0.000000    0.804958 v input29/A (sky130_fd_sc_hd__dlymetal6s2s_1)
     4    0.028163    0.144270    0.201811    1.006769 v input29/X (sky130_fd_sc_hd__dlymetal6s2s_1)
                                                         net29 (net)
                      0.144474    0.003623    1.010392 v _722_/A (sky130_fd_sc_hd__inv_2)
     4    0.024203    0.120581    0.143914    1.154306 ^ _722_/Y (sky130_fd_sc_hd__inv_2)
                                                         _057_ (net)
                      0.120633    0.000868    1.155174 ^ _607_/A1 (sky130_fd_sc_hd__o211ai_2)
     1    0.008419    0.068815    0.114330    1.269504 v _607_/Y (sky130_fd_sc_hd__o211ai_2)
                                                         _307_ (net)
                      0.068821    0.000611    1.270115 v _610_/B (sky130_fd_sc_hd__xnor2_2)
     1    0.009284    0.054801    0.144038    1.414153 v _610_/Y (sky130_fd_sc_hd__xnor2_2)
                                                         net95 (net)
                      0.054844    0.000764    1.414917 v output95/A (sky130_fd_sc_hd__buf_6)
     1    0.036806    0.046036    0.134770    1.549687 v output95/X (sky130_fd_sc_hd__buf_6)
                                                         S[7] (net)
                      0.046174    0.002064    1.551751 v S[7] (out)
                                              1.551751   data arrival time

                      0.000000    0.000000    0.000000   clock __VIRTUAL_CLK__ (rise edge)
                                  0.000000    0.000000   clock network delay (ideal)
                                  0.250000    0.250000   clock uncertainty
                                  0.000000    0.250000   clock reconvergence pessimism
                                 -0.800000   -0.550000   output external delay
                                             -0.550000   data required time
---------------------------------------------------------------------------------------------
                                             -0.550000   data required time
                                             -1.551751   data arrival time
---------------------------------------------------------------------------------------------
                                              2.101751   slack (MET)


Startpoint: A[27] (input port clocked by __VIRTUAL_CLK__)
Endpoint: S[27] (output port clocked by __VIRTUAL_CLK__)
Path Group: __VIRTUAL_CLK__
Path Type: min

Fanout         Cap        Slew       Delay        Time   Description
---------------------------------------------------------------------------------------------
                      0.000000    0.000000    0.000000   clock __VIRTUAL_CLK__ (rise edge)
                                  0.000000    0.000000   clock network delay (ideal)
                                  0.800000    0.800000 ^ input external delay
     1    0.004139    0.025550    0.014313    0.814313 ^ A[27] (in)
                                                         A[27] (net)
                      0.025552    0.000000    0.814313 ^ input20/A (sky130_fd_sc_hd__clkdlybuf4s25_1)
     5    0.021306    0.220389    0.345264    1.159578 ^ input20/X (sky130_fd_sc_hd__clkdlybuf4s25_1)
                                                         net20 (net)
                      0.220392    0.001132    1.160710 ^ _501_/B (sky130_fd_sc_hd__xnor2_2)
     3    0.023848    0.130612    0.195694    1.356404 ^ _501_/Y (sky130_fd_sc_hd__xnor2_2)
                                                         _213_ (net)
                      0.130633    0.001583    1.357987 ^ _509_/B (sky130_fd_sc_hd__xnor2_4)
     1    0.004592    0.033868    0.066468    1.424455 v _509_/Y (sky130_fd_sc_hd__xnor2_4)
                                                         net85 (net)
                      0.033868    0.000205    1.424660 v output85/A (sky130_fd_sc_hd__buf_6)
     1    0.035722    0.045153    0.125514    1.550174 v output85/X (sky130_fd_sc_hd__buf_6)
                                                         S[27] (net)
                      0.045248    0.001713    1.551887 v S[27] (out)
                                              1.551887   data arrival time

                      0.000000    0.000000    0.000000   clock __VIRTUAL_CLK__ (rise edge)
                                  0.000000    0.000000   clock network delay (ideal)
                                  0.250000    0.250000   clock uncertainty
                                  0.000000    0.250000   clock reconvergence pessimism
                                 -0.800000   -0.550000   output external delay
                                             -0.550000   data required time
---------------------------------------------------------------------------------------------
                                             -0.550000   data required time
                                             -1.551887   data arrival time
---------------------------------------------------------------------------------------------
                                              2.101887   slack (MET)


Startpoint: A[11] (input port clocked by __VIRTUAL_CLK__)
Endpoint: S[11] (output port clocked by __VIRTUAL_CLK__)
Path Group: __VIRTUAL_CLK__
Path Type: min

Fanout         Cap        Slew       Delay        Time   Description
---------------------------------------------------------------------------------------------
                      0.000000    0.000000    0.000000   clock __VIRTUAL_CLK__ (rise edge)
                                  0.000000    0.000000   clock network delay (ideal)
                                  0.800000    0.800000 ^ input external delay
     1    0.004665    0.027837    0.015991    0.815991 ^ A[11] (in)
                                                         A[11] (net)
                      0.027839    0.000000    0.815991 ^ input3/A (sky130_fd_sc_hd__clkdlybuf4s25_1)
     4    0.025086    0.257154    0.370119    1.186110 ^ input3/X (sky130_fd_sc_hd__clkdlybuf4s25_1)
                                                         net3 (net)
                      0.257163    0.001723    1.187833 ^ _628_/A (sky130_fd_sc_hd__xor2_2)
     1    0.008839    0.044879    0.120764    1.308597 v _628_/X (sky130_fd_sc_hd__xor2_2)
                                                         _324_ (net)
                      0.044910    0.000642    1.309239 v _629_/B (sky130_fd_sc_hd__xnor2_2)
     1    0.005478    0.045154    0.124031    1.433270 ^ _629_/Y (sky130_fd_sc_hd__xnor2_2)
                                                         net68 (net)
                      0.045156    0.000402    1.433672 ^ output68/A (sky130_fd_sc_hd__buf_6)
     1    0.035246    0.078426    0.119503    1.553175 ^ output68/X (sky130_fd_sc_hd__buf_6)
                                                         S[11] (net)
                      0.078520    0.001677    1.554852 ^ S[11] (out)
                                              1.554852   data arrival time

                      0.000000    0.000000    0.000000   clock __VIRTUAL_CLK__ (rise edge)
                                  0.000000    0.000000   clock network delay (ideal)
                                  0.250000    0.250000   clock uncertainty
                                  0.000000    0.250000   clock reconvergence pessimism
                                 -0.800000   -0.550000   output external delay
                                             -0.550000   data required time
---------------------------------------------------------------------------------------------
                                             -0.550000   data required time
                                             -1.554852   data arrival time
---------------------------------------------------------------------------------------------
                                              2.104851   slack (MET)


Startpoint: A[25] (input port clocked by __VIRTUAL_CLK__)
Endpoint: S[26] (output port clocked by __VIRTUAL_CLK__)
Path Group: __VIRTUAL_CLK__
Path Type: min

Fanout         Cap        Slew       Delay        Time   Description
---------------------------------------------------------------------------------------------
                      0.000000    0.000000    0.000000   clock __VIRTUAL_CLK__ (rise edge)
                                  0.000000    0.000000   clock network delay (ideal)
                                  0.800000    0.800000 ^ input external delay
     1    0.003075    0.020917    0.010763    0.810763 ^ A[25] (in)
                                                         A[25] (net)
                      0.020925    0.000000    0.810763 ^ input18/A (sky130_fd_sc_hd__dlymetal6s2s_1)
     5    0.025129    0.262537    0.220984    1.031747 ^ input18/X (sky130_fd_sc_hd__dlymetal6s2s_1)
                                                         net18 (net)
                      0.262546    0.001209    1.032956 ^ _492_/B2 (sky130_fd_sc_hd__a22oi_2)
     2    0.007672    0.060273    0.100809    1.133765 v _492_/Y (sky130_fd_sc_hd__a22oi_2)
                                                         _205_ (net)
                      0.060274    0.000405    1.134169 v rebuffer133/A (sky130_fd_sc_hd__buf_2)
     5    0.020350    0.059930    0.152949    1.287118 v rebuffer133/X (sky130_fd_sc_hd__buf_2)
                                                         net133 (net)
                      0.059935    0.000569    1.287687 v _497_/A (sky130_fd_sc_hd__nand2_2)
     1    0.009907    0.061792    0.074800    1.362487 ^ _497_/Y (sky130_fd_sc_hd__nand2_2)
                                                         _210_ (net)
                      0.061808    0.000752    1.363240 ^ _500_/A (sky130_fd_sc_hd__xnor2_2)
     1    0.006581    0.043059    0.071863    1.435103 v _500_/Y (sky130_fd_sc_hd__xnor2_2)
                                                         net84 (net)
                      0.043063    0.000438    1.435540 v output84/A (sky130_fd_sc_hd__buf_6)
     1    0.034994    0.044588    0.128737    1.564277 v output84/X (sky130_fd_sc_hd__buf_6)
                                                         S[26] (net)
                      0.044700    0.001843    1.566120 v S[26] (out)
                                              1.566120   data arrival time

                      0.000000    0.000000    0.000000   clock __VIRTUAL_CLK__ (rise edge)
                                  0.000000    0.000000   clock network delay (ideal)
                                  0.250000    0.250000   clock uncertainty
                                  0.000000    0.250000   clock reconvergence pessimism
                                 -0.800000   -0.550000   output external delay
                                             -0.550000   data required time
---------------------------------------------------------------------------------------------
                                             -0.550000   data required time
                                             -1.566120   data arrival time
---------------------------------------------------------------------------------------------
                                              2.116120   slack (MET)


Startpoint: A[4] (input port clocked by __VIRTUAL_CLK__)
Endpoint: S[4] (output port clocked by __VIRTUAL_CLK__)
Path Group: __VIRTUAL_CLK__
Path Type: min

Fanout         Cap        Slew       Delay        Time   Description
---------------------------------------------------------------------------------------------
                      0.000000    0.000000    0.000000   clock __VIRTUAL_CLK__ (rise edge)
                                  0.000000    0.000000   clock network delay (ideal)
                                  0.800000    0.800000 ^ input external delay
     1    0.004364    0.026526    0.015067    0.815067 ^ A[4] (in)
                                                         A[4] (net)
                      0.026528    0.000000    0.815067 ^ input27/A (sky130_fd_sc_hd__clkbuf_2)
     7    0.038019    0.207854    0.201310    1.016377 ^ input27/X (sky130_fd_sc_hd__clkbuf_2)
                                                         net27 (net)
                      0.207945    0.003398    1.019775 ^ _703_/B (sky130_fd_sc_hd__xnor2_2)
     3    0.026408    0.141501    0.201780    1.221555 ^ _703_/Y (sky130_fd_sc_hd__xnor2_2)
                                                         _038_ (net)
                      0.141585    0.001665    1.223220 ^ _586_/A (sky130_fd_sc_hd__xnor2_4)
     1    0.017989    0.069378    0.147933    1.371154 ^ _586_/Y (sky130_fd_sc_hd__xnor2_4)
                                                         _289_ (net)
                      0.069413    0.001348    1.372502 ^ _587_/A (sky130_fd_sc_hd__xnor2_4)
     1    0.006849    0.033898    0.069668    1.442170 v _587_/Y (sky130_fd_sc_hd__xnor2_4)
                                                         net92 (net)
                      0.033901    0.000530    1.442700 v output92/A (sky130_fd_sc_hd__buf_6)
     1    0.035289    0.044835    0.125178    1.567878 v output92/X (sky130_fd_sc_hd__buf_6)
                                                         S[4] (net)
                      0.044942    0.001801    1.569679 v S[4] (out)
                                              1.569679   data arrival time

                      0.000000    0.000000    0.000000   clock __VIRTUAL_CLK__ (rise edge)
                                  0.000000    0.000000   clock network delay (ideal)
                                  0.250000    0.250000   clock uncertainty
                                  0.000000    0.250000   clock reconvergence pessimism
                                 -0.800000   -0.550000   output external delay
                                             -0.550000   data required time
---------------------------------------------------------------------------------------------
                                             -0.550000   data required time
                                             -1.569679   data arrival time
---------------------------------------------------------------------------------------------
                                              2.119679   slack (MET)


Startpoint: B[31] (input port clocked by __VIRTUAL_CLK__)
Endpoint: S[31] (output port clocked by __VIRTUAL_CLK__)
Path Group: __VIRTUAL_CLK__
Path Type: min

Fanout         Cap        Slew       Delay        Time   Description
---------------------------------------------------------------------------------------------
                      0.000000    0.000000    0.000000   clock __VIRTUAL_CLK__ (rise edge)
                                  0.000000    0.000000   clock network delay (ideal)
                                  0.800000    0.800000 ^ input external delay
     1    0.004808    0.028460    0.016444    0.816444 ^ B[31] (in)
                                                         B[31] (net)
                      0.028462    0.000000    0.816444 ^ input57/A (sky130_fd_sc_hd__clkdlybuf4s25_1)
     5    0.017615    0.184630    0.322495    1.138939 ^ input57/X (sky130_fd_sc_hd__clkdlybuf4s25_1)
                                                         net57 (net)
                      0.184630    0.000610    1.139549 ^ _555_/B (sky130_fd_sc_hd__and2b_2)
     1    0.002818    0.034800    0.156676    1.296225 ^ _555_/X (sky130_fd_sc_hd__and2b_2)
                                                         _263_ (net)
                      0.034800    0.000161    1.296386 ^ _556_/B (sky130_fd_sc_hd__or2_2)
     1    0.009195    0.058033    0.108469    1.404855 ^ _556_/X (sky130_fd_sc_hd__or2_2)
                                                         _264_ (net)
                      0.058042    0.000677    1.405532 ^ _564_/B (sky130_fd_sc_hd__xnor2_2)
     1    0.005050    0.036871    0.057892    1.463425 v _564_/Y (sky130_fd_sc_hd__xnor2_2)
                                                         net90 (net)
                      0.036877    0.000357    1.463781 v output90/A (sky130_fd_sc_hd__buf_6)
     1    0.035239    0.044791    0.126364    1.590145 v output90/X (sky130_fd_sc_hd__buf_6)
                                                         S[31] (net)
                      0.044901    0.001824    1.591969 v S[31] (out)
                                              1.591969   data arrival time

                      0.000000    0.000000    0.000000   clock __VIRTUAL_CLK__ (rise edge)
                                  0.000000    0.000000   clock network delay (ideal)
                                  0.250000    0.250000   clock uncertainty
                                  0.000000    0.250000   clock reconvergence pessimism
                                 -0.800000   -0.550000   output external delay
                                             -0.550000   data required time
---------------------------------------------------------------------------------------------
                                             -0.550000   data required time
                                             -1.591969   data arrival time
---------------------------------------------------------------------------------------------
                                              2.141969   slack (MET)


Startpoint: B[12] (input port clocked by __VIRTUAL_CLK__)
Endpoint: S[13] (output port clocked by __VIRTUAL_CLK__)
Path Group: __VIRTUAL_CLK__
Path Type: min

Fanout         Cap        Slew       Delay        Time   Description
---------------------------------------------------------------------------------------------
                      0.000000    0.000000    0.000000   clock __VIRTUAL_CLK__ (rise edge)
                                  0.000000    0.000000   clock network delay (ideal)
                                  0.800000    0.800000 ^ input external delay
     1    0.007601    0.040772    0.025072    0.825072 ^ B[12] (in)
                                                         B[12] (net)
                      0.040776    0.000000    0.825072 ^ input36/A (sky130_fd_sc_hd__buf_6)
     9    0.045849    0.098632    0.129268    0.954341 ^ input36/X (sky130_fd_sc_hd__buf_6)
                                                         net36 (net)
                      0.099265    0.006047    0.960387 ^ _636_/B1 (sky130_fd_sc_hd__a31o_2)
     1    0.002961    0.032796    0.102737    1.063124 ^ _636_/X (sky130_fd_sc_hd__a31o_2)
                                                         _330_ (net)
                      0.032796    0.000132    1.063256 ^ _639_/A3 (sky130_fd_sc_hd__a31o_2)
     1    0.010117    0.067569    0.164579    1.227835 ^ _639_/X (sky130_fd_sc_hd__a31o_2)
                                                         _333_ (net)
                      0.067579    0.000810    1.228645 ^ _640_/B (sky130_fd_sc_hd__xnor2_2)
     1    0.001663    0.024661    0.048179    1.276823 v _640_/Y (sky130_fd_sc_hd__xnor2_2)
                                                         net70 (net)
                      0.024661    0.000073    1.276896 v output70/A (sky130_fd_sc_hd__dlymetal6s4s_1)
     1    0.035741    0.180780    0.340673    1.617569 v output70/X (sky130_fd_sc_hd__dlymetal6s4s_1)
                                                         S[13] (net)
                      0.180803    0.001953    1.619522 v S[13] (out)
                                              1.619522   data arrival time

                      0.000000    0.000000    0.000000   clock __VIRTUAL_CLK__ (rise edge)
                                  0.000000    0.000000   clock network delay (ideal)
                                  0.250000    0.250000   clock uncertainty
                                  0.000000    0.250000   clock reconvergence pessimism
                                 -0.800000   -0.550000   output external delay
                                             -0.550000   data required time
---------------------------------------------------------------------------------------------
                                             -0.550000   data required time
                                             -1.619522   data arrival time
---------------------------------------------------------------------------------------------
                                              2.169522   slack (MET)


Startpoint: A[23] (input port clocked by __VIRTUAL_CLK__)
Endpoint: S[23] (output port clocked by __VIRTUAL_CLK__)
Path Group: __VIRTUAL_CLK__
Path Type: min

Fanout         Cap        Slew       Delay        Time   Description
---------------------------------------------------------------------------------------------
                      0.000000    0.000000    0.000000   clock __VIRTUAL_CLK__ (rise edge)
                                  0.000000    0.000000   clock network delay (ideal)
                                  0.800000    0.800000 ^ input external delay
     1    0.004472    0.026996    0.015393    0.815393 ^ A[23] (in)
                                                         A[23] (net)
                      0.026997    0.000000    0.815393 ^ input16/A (sky130_fd_sc_hd__clkdlybuf4s25_1)
     5    0.029972    0.304866    0.401341    1.216734 ^ input16/X (sky130_fd_sc_hd__clkdlybuf4s25_1)
                                                         net16 (net)
                      0.304880    0.002255    1.218989 ^ _453_/B (sky130_fd_sc_hd__xnor2_2)
     3    0.017600    0.102592    0.187358    1.406347 ^ _453_/Y (sky130_fd_sc_hd__xnor2_2)
                                                         _169_ (net)
                      0.102604    0.001115    1.407462 ^ _461_/A (sky130_fd_sc_hd__xnor2_2)
     1    0.009023    0.052467    0.089266    1.496728 v _461_/Y (sky130_fd_sc_hd__xnor2_2)
                                                         net81 (net)
                      0.052509    0.000758    1.497486 v output81/A (sky130_fd_sc_hd__buf_6)
     1    0.034799    0.044379    0.132588    1.630074 v output81/X (sky130_fd_sc_hd__buf_6)
                                                         S[23] (net)
                      0.044470    0.001662    1.631736 v S[23] (out)
                                              1.631736   data arrival time

                      0.000000    0.000000    0.000000   clock __VIRTUAL_CLK__ (rise edge)
                                  0.000000    0.000000   clock network delay (ideal)
                                  0.250000    0.250000   clock uncertainty
                                  0.000000    0.250000   clock reconvergence pessimism
                                 -0.800000   -0.550000   output external delay
                                             -0.550000   data required time
---------------------------------------------------------------------------------------------
                                             -0.550000   data required time
                                             -1.631736   data arrival time
---------------------------------------------------------------------------------------------
                                              2.181736   slack (MET)


Startpoint: B[19] (input port clocked by __VIRTUAL_CLK__)
Endpoint: S[19] (output port clocked by __VIRTUAL_CLK__)
Path Group: __VIRTUAL_CLK__
Path Type: min

Fanout         Cap        Slew       Delay        Time   Description
---------------------------------------------------------------------------------------------
                      0.000000    0.000000    0.000000   clock __VIRTUAL_CLK__ (rise edge)
                                  0.000000    0.000000   clock network delay (ideal)
                                  0.800000    0.800000 ^ input external delay
     1    0.004617    0.027628    0.015852    0.815852 ^ B[19] (in)
                                                         B[19] (net)
                      0.027630    0.000000    0.815852 ^ input43/A (sky130_fd_sc_hd__clkdlybuf4s25_1)
     5    0.027190    0.277651    0.383768    1.199621 ^ input43/X (sky130_fd_sc_hd__clkdlybuf4s25_1)
                                                         net43 (net)
                      0.277658    0.001680    1.201300 ^ _400_/A (sky130_fd_sc_hd__xnor2_2)
     3    0.019976    0.112704    0.198599    1.399899 ^ _400_/Y (sky130_fd_sc_hd__xnor2_2)
                                                         _120_ (net)
                      0.112707    0.000728    1.400627 ^ _406_/A (sky130_fd_sc_hd__xnor2_2)
     1    0.002365    0.027817    0.069062    1.469689 v _406_/Y (sky130_fd_sc_hd__xnor2_2)
                                                         net76 (net)
                      0.027817    0.000161    1.469850 v output76/A (sky130_fd_sc_hd__clkbuf_2)
     1    0.034780    0.133865    0.172318    1.642168 v output76/X (sky130_fd_sc_hd__clkbuf_2)
                                                         S[19] (net)
                      0.133889    0.001654    1.643821 v S[19] (out)
                                              1.643821   data arrival time

                      0.000000    0.000000    0.000000   clock __VIRTUAL_CLK__ (rise edge)
                                  0.000000    0.000000   clock network delay (ideal)
                                  0.250000    0.250000   clock uncertainty
                                  0.000000    0.250000   clock reconvergence pessimism
                                 -0.800000   -0.550000   output external delay
                                             -0.550000   data required time
---------------------------------------------------------------------------------------------
                                             -0.550000   data required time
                                             -1.643821   data arrival time
---------------------------------------------------------------------------------------------
                                              2.193821   slack (MET)


Startpoint: B[24] (input port clocked by __VIRTUAL_CLK__)
Endpoint: S[24] (output port clocked by __VIRTUAL_CLK__)
Path Group: __VIRTUAL_CLK__
Path Type: min

Fanout         Cap        Slew       Delay        Time   Description
---------------------------------------------------------------------------------------------
                      0.000000    0.000000    0.000000   clock __VIRTUAL_CLK__ (rise edge)
                                  0.000000    0.000000   clock network delay (ideal)
                                  0.800000    0.800000 ^ input external delay
     1    0.004474    0.027006    0.015414    0.815414 ^ B[24] (in)
                                                         B[24] (net)
                      0.027008    0.000000    0.815414 ^ input49/A (sky130_fd_sc_hd__clkdlybuf4s25_1)
     5    0.019791    0.205655    0.336162    1.151576 ^ input49/X (sky130_fd_sc_hd__clkdlybuf4s25_1)
                                                         net49 (net)
                      0.205655    0.000669    1.152245 ^ _477_/A (sky130_fd_sc_hd__xnor2_2)
     3    0.015227    0.080619    0.130483    1.282727 v _477_/Y (sky130_fd_sc_hd__xnor2_2)
                                                         _192_ (net)
                      0.080629    0.000869    1.283596 v _478_/B (sky130_fd_sc_hd__xnor2_2)
     1    0.008690    0.059440    0.162520    1.446116 ^ _478_/Y (sky130_fd_sc_hd__xnor2_2)
                                                         _193_ (net)
                      0.059448    0.000632    1.446748 ^ _479_/B (sky130_fd_sc_hd__xnor2_2)
     1    0.008309    0.049929    0.068613    1.515361 v _479_/Y (sky130_fd_sc_hd__xnor2_2)
                                                         net82 (net)
                      0.049938    0.000598    1.515959 v output82/A (sky130_fd_sc_hd__buf_6)
     1    0.035302    0.044814    0.131779    1.647739 v output82/X (sky130_fd_sc_hd__buf_6)
                                                         S[24] (net)
                      0.044927    0.001850    1.649589 v S[24] (out)
                                              1.649589   data arrival time

                      0.000000    0.000000    0.000000   clock __VIRTUAL_CLK__ (rise edge)
                                  0.000000    0.000000   clock network delay (ideal)
                                  0.250000    0.250000   clock uncertainty
                                  0.000000    0.250000   clock reconvergence pessimism
                                 -0.800000   -0.550000   output external delay
                                             -0.550000   data required time
---------------------------------------------------------------------------------------------
                                             -0.550000   data required time
                                             -1.649589   data arrival time
---------------------------------------------------------------------------------------------
                                              2.199589   slack (MET)


Startpoint: A[29] (input port clocked by __VIRTUAL_CLK__)
Endpoint: S[29] (output port clocked by __VIRTUAL_CLK__)
Path Group: __VIRTUAL_CLK__
Path Type: min

Fanout         Cap        Slew       Delay        Time   Description
---------------------------------------------------------------------------------------------
                      0.000000    0.000000    0.000000   clock __VIRTUAL_CLK__ (rise edge)
                                  0.000000    0.000000   clock network delay (ideal)
                                  0.800000    0.800000 ^ input external delay
     1    0.004130    0.025514    0.014283    0.814283 ^ A[29] (in)
                                                         A[29] (net)
                      0.025515    0.000000    0.814283 ^ input22/A (sky130_fd_sc_hd__clkdlybuf4s25_1)
     6    0.033115    0.335387    0.421888    1.236171 ^ input22/X (sky130_fd_sc_hd__clkdlybuf4s25_1)
                                                         net22 (net)
                      0.335388    0.001378    1.237549 ^ _531_/B (sky130_fd_sc_hd__xnor2_2)
     1    0.018463    0.106790    0.192317    1.429866 ^ _531_/Y (sky130_fd_sc_hd__xnor2_2)
                                                         _241_ (net)
                      0.106810    0.001389    1.431255 ^ _536_/A (sky130_fd_sc_hd__xnor2_4)
     1    0.002983    0.028344    0.069560    1.500815 v _536_/Y (sky130_fd_sc_hd__xnor2_4)
                                                         net87 (net)
                      0.028344    0.000197    1.501011 v output87/A (sky130_fd_sc_hd__buf_4)
     1    0.035167    0.060009    0.152976    1.653988 v output87/X (sky130_fd_sc_hd__buf_4)
                                                         S[29] (net)
                      0.060069    0.001620    1.655608 v S[29] (out)
                                              1.655608   data arrival time

                      0.000000    0.000000    0.000000   clock __VIRTUAL_CLK__ (rise edge)
                                  0.000000    0.000000   clock network delay (ideal)
                                  0.250000    0.250000   clock uncertainty
                                  0.000000    0.250000   clock reconvergence pessimism
                                 -0.800000   -0.550000   output external delay
                                             -0.550000   data required time
---------------------------------------------------------------------------------------------
                                             -0.550000   data required time
                                             -1.655608   data arrival time
---------------------------------------------------------------------------------------------
                                              2.205608   slack (MET)


Startpoint: B[30] (input port clocked by __VIRTUAL_CLK__)
Endpoint: S[30] (output port clocked by __VIRTUAL_CLK__)
Path Group: __VIRTUAL_CLK__
Path Type: min

Fanout         Cap        Slew       Delay        Time   Description
---------------------------------------------------------------------------------------------
                      0.000000    0.000000    0.000000   clock __VIRTUAL_CLK__ (rise edge)
                                  0.000000    0.000000   clock network delay (ideal)
                                  0.800000    0.800000 ^ input external delay
     1    0.005052    0.029495    0.017203    0.817203 ^ B[30] (in)
                                                         B[30] (net)
                      0.029498    0.000000    0.817203 ^ input56/A (sky130_fd_sc_hd__clkdlybuf4s25_1)
     4    0.026871    0.274569    0.382090    1.199293 ^ input56/X (sky130_fd_sc_hd__clkdlybuf4s25_1)
                                                         net56 (net)
                      0.274588    0.002350    1.201643 ^ _551_/A (sky130_fd_sc_hd__xnor2_2)
     1    0.008252    0.053950    0.119039    1.320681 v _551_/Y (sky130_fd_sc_hd__xnor2_2)
                                                         _260_ (net)
                      0.053952    0.000367    1.321049 v _552_/B (sky130_fd_sc_hd__xnor2_2)
     1    0.008908    0.060328    0.154681    1.475730 ^ _552_/Y (sky130_fd_sc_hd__xnor2_2)
                                                         _261_ (net)
                      0.060336    0.000648    1.476378 ^ _553_/B (sky130_fd_sc_hd__xnor2_2)
     1    0.005218    0.037684    0.058891    1.535269 v _553_/Y (sky130_fd_sc_hd__xnor2_2)
                                                         net89 (net)
                      0.037703    0.000376    1.535645 v output89/A (sky130_fd_sc_hd__buf_6)
     1    0.034804    0.044983    0.127107    1.662752 v output89/X (sky130_fd_sc_hd__buf_6)
                                                         S[30] (net)
                      0.045075    0.001676    1.664428 v S[30] (out)
                                              1.664428   data arrival time

                      0.000000    0.000000    0.000000   clock __VIRTUAL_CLK__ (rise edge)
                                  0.000000    0.000000   clock network delay (ideal)
                                  0.250000    0.250000   clock uncertainty
                                  0.000000    0.250000   clock reconvergence pessimism
                                 -0.800000   -0.550000   output external delay
                                             -0.550000   data required time
---------------------------------------------------------------------------------------------
                                             -0.550000   data required time
                                             -1.664428   data arrival time
---------------------------------------------------------------------------------------------
                                              2.214428   slack (MET)


Startpoint: B[28] (input port clocked by __VIRTUAL_CLK__)
Endpoint: S[28] (output port clocked by __VIRTUAL_CLK__)
Path Group: __VIRTUAL_CLK__
Path Type: min

Fanout         Cap        Slew       Delay        Time   Description
---------------------------------------------------------------------------------------------
                      0.000000    0.000000    0.000000   clock __VIRTUAL_CLK__ (rise edge)
                                  0.000000    0.000000   clock network delay (ideal)
                                  0.800000    0.800000 v input external delay
     1    0.003346    0.009887    0.005132    0.805132 v B[28] (in)
                                                         B[28] (net)
                      0.009890    0.000000    0.805132 v input53/A (sky130_fd_sc_hd__clkdlybuf4s25_1)
     6    0.021479    0.166001    0.314835    1.119967 v input53/X (sky130_fd_sc_hd__clkdlybuf4s25_1)
                                                         net53 (net)
                      0.166013    0.001406    1.121373 v _527_/A (sky130_fd_sc_hd__nor2_2)
     1    0.005639    0.088417    0.151120    1.272493 ^ _527_/Y (sky130_fd_sc_hd__nor2_2)
                                                         _238_ (net)
                      0.088418    0.000250    1.272743 ^ _528_/B (sky130_fd_sc_hd__nor2_2)
     1    0.008322    0.033900    0.049030    1.321773 v _528_/Y (sky130_fd_sc_hd__nor2_2)
                                                         _239_ (net)
                      0.033935    0.000604    1.322378 v _529_/B (sky130_fd_sc_hd__xnor2_2)
     1    0.008610    0.059059    0.146001    1.468379 ^ _529_/Y (sky130_fd_sc_hd__xnor2_2)
                                                         _240_ (net)
                      0.059061    0.000384    1.468762 ^ _530_/B (sky130_fd_sc_hd__xnor2_2)
     1    0.008547    0.050854    0.069184    1.537946 v _530_/Y (sky130_fd_sc_hd__xnor2_2)
                                                         net86 (net)
                      0.050892    0.000686    1.538632 v output86/A (sky130_fd_sc_hd__buf_6)
     1    0.035477    0.044953    0.132285    1.670917 v output86/X (sky130_fd_sc_hd__buf_6)
                                                         S[28] (net)
                      0.045068    0.001867    1.672784 v S[28] (out)
                                              1.672784   data arrival time

                      0.000000    0.000000    0.000000   clock __VIRTUAL_CLK__ (rise edge)
                                  0.000000    0.000000   clock network delay (ideal)
                                  0.250000    0.250000   clock uncertainty
                                  0.000000    0.250000   clock reconvergence pessimism
                                 -0.800000   -0.550000   output external delay
                                             -0.550000   data required time
---------------------------------------------------------------------------------------------
                                             -0.550000   data required time
                                             -1.672784   data arrival time
---------------------------------------------------------------------------------------------
                                              2.222784   slack (MET)


Startpoint: A[17] (input port clocked by __VIRTUAL_CLK__)
Endpoint: S[18] (output port clocked by __VIRTUAL_CLK__)
Path Group: __VIRTUAL_CLK__
Path Type: min

Fanout         Cap        Slew       Delay        Time   Description
---------------------------------------------------------------------------------------------
                      0.000000    0.000000    0.000000   clock __VIRTUAL_CLK__ (rise edge)
                                  0.000000    0.000000   clock network delay (ideal)
                                  0.800000    0.800000 ^ input external delay
     1    0.003902    0.024521    0.013521    0.813521 ^ A[17] (in)
                                                         A[17] (net)
                      0.024522    0.000000    0.813521 ^ input9/A (sky130_fd_sc_hd__dlygate4sd1_1)
     5    0.021559    0.211749    0.289487    1.103008 ^ input9/X (sky130_fd_sc_hd__dlygate4sd1_1)
                                                         net9 (net)
                      0.211749    0.000653    1.103661 ^ _395_/B2 (sky130_fd_sc_hd__a22o_2)
     2    0.010036    0.065466    0.186311    1.289972 ^ _395_/X (sky130_fd_sc_hd__a22o_2)
                                                         _116_ (net)
                      0.065472    0.000643    1.290615 ^ _396_/B1_N (sky130_fd_sc_hd__o21bai_4)
     5    0.028649    0.110388    0.154884    1.445499 ^ _396_/Y (sky130_fd_sc_hd__o21bai_4)
                                                         _117_ (net)
                      0.110398    0.001099    1.446598 ^ _399_/A (sky130_fd_sc_hd__xnor2_2)
     1    0.004906    0.036564    0.077563    1.524162 v _399_/Y (sky130_fd_sc_hd__xnor2_2)
                                                         net75 (net)
                      0.036565    0.000333    1.524495 v output75/A (sky130_fd_sc_hd__buf_4)
     1    0.035094    0.060023    0.156170    1.680665 v output75/X (sky130_fd_sc_hd__buf_4)
                                                         S[18] (net)
                      0.060099    0.001805    1.682471 v S[18] (out)
                                              1.682471   data arrival time

                      0.000000    0.000000    0.000000   clock __VIRTUAL_CLK__ (rise edge)
                                  0.000000    0.000000   clock network delay (ideal)
                                  0.250000    0.250000   clock uncertainty
                                  0.000000    0.250000   clock reconvergence pessimism
                                 -0.800000   -0.550000   output external delay
                                             -0.550000   data required time
---------------------------------------------------------------------------------------------
                                             -0.550000   data required time
                                             -1.682471   data arrival time
---------------------------------------------------------------------------------------------
                                              2.232471   slack (MET)


Startpoint: A[20] (input port clocked by __VIRTUAL_CLK__)
Endpoint: S[20] (output port clocked by __VIRTUAL_CLK__)
Path Group: __VIRTUAL_CLK__
Path Type: min

Fanout         Cap        Slew       Delay        Time   Description
---------------------------------------------------------------------------------------------
                      0.000000    0.000000    0.000000   clock __VIRTUAL_CLK__ (rise edge)
                                  0.000000    0.000000   clock network delay (ideal)
                                  0.800000    0.800000 v input external delay
     1    0.002825    0.008677    0.004289    0.804289 v A[20] (in)
                                                         A[20] (net)
                      0.008683    0.000000    0.804289 v input13/A (sky130_fd_sc_hd__dlymetal6s2s_1)
     6    0.024879    0.130019    0.191928    0.996217 v input13/X (sky130_fd_sc_hd__dlymetal6s2s_1)
                                                         net13 (net)
                      0.130045    0.001734    0.997951 v _429_/B_N (sky130_fd_sc_hd__or2b_4)
     2    0.005086    0.032478    0.220538    1.218489 ^ _429_/X (sky130_fd_sc_hd__or2b_4)
                                                         _148_ (net)
                      0.032478    0.000183    1.218671 ^ _430_/B (sky130_fd_sc_hd__and2_4)
     2    0.014427    0.060385    0.143223    1.361895 ^ _430_/X (sky130_fd_sc_hd__and2_4)
                                                         _149_ (net)
                      0.060401    0.000890    1.362785 ^ _431_/B (sky130_fd_sc_hd__xnor2_2)
     1    0.017932    0.101780    0.143255    1.506039 ^ _431_/Y (sky130_fd_sc_hd__xnor2_2)
                                                         _150_ (net)
                      0.101848    0.001322    1.507362 ^ _432_/A (sky130_fd_sc_hd__xnor2_4)
     1    0.009321    0.038946    0.081528    1.588890 v _432_/Y (sky130_fd_sc_hd__xnor2_4)
                                                         net78 (net)
                      0.038965    0.000797    1.589687 v output78/A (sky130_fd_sc_hd__buf_6)
     1    0.034718    0.044355    0.126933    1.716619 v output78/X (sky130_fd_sc_hd__buf_6)
                                                         S[20] (net)
                      0.044449    0.001688    1.718307 v S[20] (out)
                                              1.718307   data arrival time

                      0.000000    0.000000    0.000000   clock __VIRTUAL_CLK__ (rise edge)
                                  0.000000    0.000000   clock network delay (ideal)
                                  0.250000    0.250000   clock uncertainty
                                  0.000000    0.250000   clock reconvergence pessimism
                                 -0.800000   -0.550000   output external delay
                                             -0.550000   data required time
---------------------------------------------------------------------------------------------
                                             -0.550000   data required time
                                             -1.718307   data arrival time
---------------------------------------------------------------------------------------------
                                              2.268307   slack (MET)


Startpoint: B[22] (input port clocked by __VIRTUAL_CLK__)
Endpoint: S[22] (output port clocked by __VIRTUAL_CLK__)
Path Group: __VIRTUAL_CLK__
Path Type: min

Fanout         Cap        Slew       Delay        Time   Description
---------------------------------------------------------------------------------------------
                      0.000000    0.000000    0.000000   clock __VIRTUAL_CLK__ (rise edge)
                                  0.000000    0.000000   clock network delay (ideal)
                                  0.800000    0.800000 ^ input external delay
     1    0.003884    0.024443    0.013464    0.813464 ^ B[22] (in)
                                                         B[22] (net)
                      0.024445    0.000000    0.813464 ^ input47/A (sky130_fd_sc_hd__clkdlybuf4s25_1)
     5    0.031527    0.320210    0.410067    1.223531 ^ input47/X (sky130_fd_sc_hd__clkdlybuf4s25_1)
                                                         net47 (net)
                      0.320244    0.003243    1.226774 ^ _450_/B (sky130_fd_sc_hd__xnor2_2)
     3    0.013636    0.075276    0.132173    1.358947 v _450_/Y (sky130_fd_sc_hd__xnor2_2)
                                                         _167_ (net)
                      0.075278    0.000486    1.359433 v _451_/B (sky130_fd_sc_hd__xnor2_2)
     1    0.009114    0.061568    0.163967    1.523399 ^ _451_/Y (sky130_fd_sc_hd__xnor2_2)
                                                         _168_ (net)
                      0.061577    0.000676    1.524076 ^ _452_/B (sky130_fd_sc_hd__xnor2_2)
     1    0.008316    0.050078    0.069058    1.593133 v _452_/Y (sky130_fd_sc_hd__xnor2_2)
                                                         net80 (net)
                      0.050117    0.000694    1.593827 v output80/A (sky130_fd_sc_hd__buf_6)
     1    0.034973    0.044535    0.131683    1.725509 v output80/X (sky130_fd_sc_hd__buf_6)
                                                         S[22] (net)
                      0.044635    0.001740    1.727249 v S[22] (out)
                                              1.727249   data arrival time

                      0.000000    0.000000    0.000000   clock __VIRTUAL_CLK__ (rise edge)
                                  0.000000    0.000000   clock network delay (ideal)
                                  0.250000    0.250000   clock uncertainty
                                  0.000000    0.250000   clock reconvergence pessimism
                                 -0.800000   -0.550000   output external delay
                                             -0.550000   data required time
---------------------------------------------------------------------------------------------
                                             -0.550000   data required time
                                             -1.727249   data arrival time
---------------------------------------------------------------------------------------------
                                              2.277249   slack (MET)



