
===========================================================================
report_checks -unconstrained
===========================================================================
======================= min_ff_n40C_1v95 Corner ===================================

Startpoint: sub (input port clocked by __VIRTUAL_CLK__)
Endpoint: S[20] (output port clocked by __VIRTUAL_CLK__)
Path Group: __VIRTUAL_CLK__
Path Type: max

Fanout         Cap        Slew       Delay        Time   Description
---------------------------------------------------------------------------------------------
                      0.000000    0.000000    0.000000   clock __VIRTUAL_CLK__ (rise edge)
                                  0.000000    0.000000   clock network delay (ideal)
                                  0.800000    0.800000 v input external delay
     1    0.008145    0.013321    0.008187    0.808187 v sub (in)
                                                         sub (net)
                      0.013322    0.000000    0.808187 v input65/A (sky130_fd_sc_hd__buf_8)
     4    0.029496    0.027292    0.083333    0.891520 v input65/X (sky130_fd_sc_hd__buf_8)
                                                         net65 (net)
                      0.027312    0.000708    0.892228 v fanout121/A (sky130_fd_sc_hd__buf_8)
     5    0.029218    0.027278    0.088484    0.980712 v fanout121/X (sky130_fd_sc_hd__buf_8)
                                                         net121 (net)
                      0.027290    0.000616    0.981328 v fanout113/A (sky130_fd_sc_hd__buf_8)
     2    0.010330    0.018833    0.078099    1.059427 v fanout113/X (sky130_fd_sc_hd__buf_8)
                                                         net113 (net)
                      0.018833    0.000178    1.059605 v load_slew115/A (sky130_fd_sc_hd__buf_8)
     3    0.016349    0.021471    0.078354    1.137958 v load_slew115/X (sky130_fd_sc_hd__buf_8)
                                                         net115 (net)
                      0.021471    0.000067    1.138025 v load_slew114/A (sky130_fd_sc_hd__buf_8)
     3    0.042976    0.034230    0.093854    1.231879 v load_slew114/X (sky130_fd_sc_hd__buf_8)
                                                         net114 (net)
                      0.034259    0.000938    1.232817 v _652_/A (sky130_fd_sc_hd__inv_16)
     8    0.071500    0.057575    0.065262    1.298079 ^ _652_/Y (sky130_fd_sc_hd__inv_16)
                                                         _348_ (net)
                      0.057582    0.000537    1.298616 ^ _702_/A (sky130_fd_sc_hd__nand2_2)
     1    0.005534    0.040775    0.032313    1.330929 v _702_/Y (sky130_fd_sc_hd__nand2_2)
                                                         _049_ (net)
                      0.040775    0.000067    1.330996 v _706_/B (sky130_fd_sc_hd__nand3b_2)
     4    0.023898    0.125562    0.116350    1.447346 ^ _706_/Y (sky130_fd_sc_hd__nand3b_2)
                                                         _053_ (net)
                      0.125563    0.000357    1.447703 ^ _709_/D (sky130_fd_sc_hd__nand4_4)
     1    0.008958    0.072835    0.069272    1.516975 v _709_/Y (sky130_fd_sc_hd__nand4_4)
                                                         _056_ (net)
                      0.072835    0.000123    1.517098 v _725_/B (sky130_fd_sc_hd__nor2_4)
     4    0.033560    0.163308    0.159902    1.677000 ^ _725_/Y (sky130_fd_sc_hd__nor2_4)
                                                         _072_ (net)
                      0.163319    0.001163    1.678163 ^ _410_/D (sky130_fd_sc_hd__nand4_4)
     2    0.014645    0.072242    0.081068    1.759231 v _410_/Y (sky130_fd_sc_hd__nand4_4)
                                                         _139_ (net)
                      0.072242    0.000180    1.759410 v _415_/C (sky130_fd_sc_hd__nand3_4)
     3    0.020322    0.076201    0.098457    1.857867 ^ _415_/Y (sky130_fd_sc_hd__nand3_4)
                                                         _144_ (net)
                      0.076202    0.000547    1.858414 ^ _424_/B1 (sky130_fd_sc_hd__o22ai_4)
     4    0.023030    0.069383    0.056352    1.914766 v _424_/Y (sky130_fd_sc_hd__o22ai_4)
                                                         _153_ (net)
                      0.069402    0.000931    1.915697 v _470_/B1 (sky130_fd_sc_hd__o22ai_4)
     7    0.033260    0.201607    0.198062    2.113759 ^ _470_/Y (sky130_fd_sc_hd__o22ai_4)
                                                         _195_ (net)
                      0.201608    0.000460    2.114219 ^ rebuffer122/A (sky130_fd_sc_hd__buf_4)
     1    0.015892    0.043850    0.113283    2.227503 ^ rebuffer122/X (sky130_fd_sc_hd__buf_4)
                                                         net122 (net)
                      0.043850    0.000154    2.227656 ^ _471_/B (sky130_fd_sc_hd__xor2_4)
     1    0.003726    0.074624    0.092611    2.320267 ^ _471_/X (sky130_fd_sc_hd__xor2_4)
                                                         net78 (net)
                      0.074624    0.000034    2.320301 ^ output78/A (sky130_fd_sc_hd__clkbuf_4)
     1    0.034645    0.085165    0.145814    2.466115 ^ output78/X (sky130_fd_sc_hd__clkbuf_4)
                                                         S[20] (net)
                      0.085165    0.000362    2.466477 ^ S[20] (out)
                                              2.466477   data arrival time

                      0.000000    4.000000    4.000000   clock __VIRTUAL_CLK__ (rise edge)
                                  0.000000    4.000000   clock network delay (ideal)
                                 -0.250000    3.750000   clock uncertainty
                                  0.000000    3.750000   clock reconvergence pessimism
                                 -0.800000    2.950000   output external delay
                                              2.950000   data required time
---------------------------------------------------------------------------------------------
                                              2.950000   data required time
                                             -2.466477   data arrival time
---------------------------------------------------------------------------------------------
                                              0.483523   slack (MET)




===========================================================================
report_checks --slack_max -0.01
============================================================================
======================= min_ff_n40C_1v95 Corner ===================================

No paths found.


===========================================================================
 report_check_types -max_slew -max_cap -max_fanout -violators
============================================================================
======================= min_ff_n40C_1v95 Corner ===================================



===========================================================================
report_parasitic_annotation -report_unannotated
============================================================================
Found 0 unannotated drivers.
Found 0 partially unannotated drivers.

===========================================================================
max slew violation count 0
max fanout violation count 0
max cap violation count 0
============================================================================

===========================================================================
check_setup -verbose -unconstrained_endpoints -multiple_clock -no_clock -no_input_delay -loops -generated_clocks
===========================================================================
