
===========================================================================
report_checks -unconstrained
===========================================================================
======================= max_tt_025C_1v80 Corner ===================================

Startpoint: sub (input port clocked by __VIRTUAL_CLK__)
Endpoint: S[20] (output port clocked by __VIRTUAL_CLK__)
Path Group: __VIRTUAL_CLK__
Path Type: max

Fanout         Cap        Slew       Delay        Time   Description
---------------------------------------------------------------------------------------------
                      0.000000    0.000000    0.000000   clock __VIRTUAL_CLK__ (rise edge)
                                  0.000000    0.000000   clock network delay (ideal)
                                  0.800000    0.800000 v input external delay
     1    0.010649    0.025879    0.018306    0.818306 v sub (in)
                                                         sub (net)
                      0.025898    0.000000    0.818306 v input65/A (sky130_fd_sc_hd__buf_12)
     8    0.054335    0.043324    0.140806    0.959111 v input65/X (sky130_fd_sc_hd__buf_12)
                                                         net65 (net)
                      0.043945    0.003752    0.962863 v fanout106/A (sky130_fd_sc_hd__buf_8)
     3    0.012454    0.026428    0.123550    1.086413 v fanout106/X (sky130_fd_sc_hd__buf_8)
                                                         net106 (net)
                      0.026431    0.000832    1.087245 v fanout102/A (sky130_fd_sc_hd__buf_8)
     2    0.012136    0.026249    0.115242    1.202487 v fanout102/X (sky130_fd_sc_hd__buf_8)
                                                         net102 (net)
                      0.026253    0.000929    1.203416 v load_slew103/A (sky130_fd_sc_hd__buf_8)
     5    0.026327    0.034797    0.125417    1.328833 v load_slew103/X (sky130_fd_sc_hd__buf_8)
                                                         net103 (net)
                      0.034914    0.001791    1.330624 v fanout100/A (sky130_fd_sc_hd__buf_8)
     5    0.023477    0.032809    0.127391    1.458015 v fanout100/X (sky130_fd_sc_hd__buf_8)
                                                         net100 (net)
                      0.032883    0.001379    1.459394 v load_slew101/A (sky130_fd_sc_hd__buf_8)
     4    0.020711    0.031136    0.124414    1.583808 v load_slew101/X (sky130_fd_sc_hd__buf_8)
                                                         net101 (net)
                      0.031207    0.001200    1.585008 v _354_/A1 (sky130_fd_sc_hd__o21a_2)
     1    0.008309    0.047079    0.226462    1.811471 v _354_/X (sky130_fd_sc_hd__o21a_2)
                                                         _083_ (net)
                      0.047079    0.000664    1.812134 v _359_/A1 (sky130_fd_sc_hd__a22oi_4)
     2    0.015572    0.189483    0.213131    2.025265 ^ _359_/Y (sky130_fd_sc_hd__a22oi_4)
                                                         _088_ (net)
                      0.189487    0.001776    2.027041 ^ _406_/A (sky130_fd_sc_hd__nand4_4)
     1    0.008944    0.095528    0.113003    2.140045 v _406_/Y (sky130_fd_sc_hd__nand4_4)
                                                         _135_ (net)
                      0.095529    0.000715    2.140760 v _409_/A (sky130_fd_sc_hd__nand2_4)
     2    0.016522    0.067838    0.099882    2.240642 ^ _409_/Y (sky130_fd_sc_hd__nand2_4)
                                                         _138_ (net)
                      0.067895    0.001215    2.241858 ^ _411_/A (sky130_fd_sc_hd__nand3_4)
     3    0.028036    0.123094    0.114055    2.355913 v _411_/Y (sky130_fd_sc_hd__nand3_4)
                                                         _140_ (net)
                      0.123137    0.001889    2.357802 v _415_/B (sky130_fd_sc_hd__nand3_4)
     3    0.028859    0.121716    0.158461    2.516263 ^ _415_/Y (sky130_fd_sc_hd__nand3_4)
                                                         _144_ (net)
                      0.121825    0.001973    2.518235 ^ _424_/B1 (sky130_fd_sc_hd__o22ai_4)
     2    0.016269    0.085786    0.107783    2.626018 v _424_/Y (sky130_fd_sc_hd__o22ai_4)
                                                         _153_ (net)
                      0.085798    0.001977    2.627995 v _470_/B1 (sky130_fd_sc_hd__o22ai_4)
     7    0.045396    0.378680    0.335970    2.963965 ^ _470_/Y (sky130_fd_sc_hd__o22ai_4)
                                                         _195_ (net)
                      0.378707    0.002646    2.966611 ^ rebuffer122/A (sky130_fd_sc_hd__buf_6)
     1    0.016860    0.050647    0.178959    3.145570 ^ rebuffer122/X (sky130_fd_sc_hd__buf_6)
                                                         net122 (net)
                      0.050694    0.001435    3.147005 ^ _471_/B (sky130_fd_sc_hd__xor2_4)
     1    0.005812    0.110185    0.147267    3.294272 ^ _471_/X (sky130_fd_sc_hd__xor2_4)
                                                         net78 (net)
                      0.110185    0.000331    3.294603 ^ output78/A (sky130_fd_sc_hd__buf_6)
     1    0.035299    0.078758    0.155115    3.449718 ^ output78/X (sky130_fd_sc_hd__buf_6)
                                                         S[20] (net)
                      0.078812    0.001985    3.451703 ^ S[20] (out)
                                              3.451703   data arrival time

                      0.000000    4.000000    4.000000   clock __VIRTUAL_CLK__ (rise edge)
                                  0.000000    4.000000   clock network delay (ideal)
                                 -0.250000    3.750000   clock uncertainty
                                  0.000000    3.750000   clock reconvergence pessimism
                                 -0.800000    2.950000   output external delay
                                              2.950000   data required time
---------------------------------------------------------------------------------------------
                                              2.950000   data required time
                                             -3.451703   data arrival time
---------------------------------------------------------------------------------------------
                                             -0.501703   slack (VIOLATED)




===========================================================================
report_checks --slack_max -0.01
============================================================================
======================= max_tt_025C_1v80 Corner ===================================

Startpoint: sub (input port clocked by __VIRTUAL_CLK__)
Endpoint: S[20] (output port clocked by __VIRTUAL_CLK__)
Path Group: __VIRTUAL_CLK__
Path Type: max

Fanout         Cap        Slew       Delay        Time   Description
---------------------------------------------------------------------------------------------
                      0.000000    0.000000    0.000000   clock __VIRTUAL_CLK__ (rise edge)
                                  0.000000    0.000000   clock network delay (ideal)
                                  0.800000    0.800000 v input external delay
     1    0.010649    0.025879    0.018306    0.818306 v sub (in)
                                                         sub (net)
                      0.025898    0.000000    0.818306 v input65/A (sky130_fd_sc_hd__buf_12)
     8    0.054335    0.043324    0.140806    0.959111 v input65/X (sky130_fd_sc_hd__buf_12)
                                                         net65 (net)
                      0.043945    0.003752    0.962863 v fanout106/A (sky130_fd_sc_hd__buf_8)
     3    0.012454    0.026428    0.123550    1.086413 v fanout106/X (sky130_fd_sc_hd__buf_8)
                                                         net106 (net)
                      0.026431    0.000832    1.087245 v fanout102/A (sky130_fd_sc_hd__buf_8)
     2    0.012136    0.026249    0.115242    1.202487 v fanout102/X (sky130_fd_sc_hd__buf_8)
                                                         net102 (net)
                      0.026253    0.000929    1.203416 v load_slew103/A (sky130_fd_sc_hd__buf_8)
     5    0.026327    0.034797    0.125417    1.328833 v load_slew103/X (sky130_fd_sc_hd__buf_8)
                                                         net103 (net)
                      0.034914    0.001791    1.330624 v fanout100/A (sky130_fd_sc_hd__buf_8)
     5    0.023477    0.032809    0.127391    1.458015 v fanout100/X (sky130_fd_sc_hd__buf_8)
                                                         net100 (net)
                      0.032883    0.001379    1.459394 v load_slew101/A (sky130_fd_sc_hd__buf_8)
     4    0.020711    0.031136    0.124414    1.583808 v load_slew101/X (sky130_fd_sc_hd__buf_8)
                                                         net101 (net)
                      0.031207    0.001200    1.585008 v _354_/A1 (sky130_fd_sc_hd__o21a_2)
     1    0.008309    0.047079    0.226462    1.811471 v _354_/X (sky130_fd_sc_hd__o21a_2)
                                                         _083_ (net)
                      0.047079    0.000664    1.812134 v _359_/A1 (sky130_fd_sc_hd__a22oi_4)
     2    0.015572    0.189483    0.213131    2.025265 ^ _359_/Y (sky130_fd_sc_hd__a22oi_4)
                                                         _088_ (net)
                      0.189487    0.001776    2.027041 ^ _406_/A (sky130_fd_sc_hd__nand4_4)
     1    0.008944    0.095528    0.113003    2.140045 v _406_/Y (sky130_fd_sc_hd__nand4_4)
                                                         _135_ (net)
                      0.095529    0.000715    2.140760 v _409_/A (sky130_fd_sc_hd__nand2_4)
     2    0.016522    0.067838    0.099882    2.240642 ^ _409_/Y (sky130_fd_sc_hd__nand2_4)
                                                         _138_ (net)
                      0.067895    0.001215    2.241858 ^ _411_/A (sky130_fd_sc_hd__nand3_4)
     3    0.028036    0.123094    0.114055    2.355913 v _411_/Y (sky130_fd_sc_hd__nand3_4)
                                                         _140_ (net)
                      0.123137    0.001889    2.357802 v _415_/B (sky130_fd_sc_hd__nand3_4)
     3    0.028859    0.121716    0.158461    2.516263 ^ _415_/Y (sky130_fd_sc_hd__nand3_4)
                                                         _144_ (net)
                      0.121825    0.001973    2.518235 ^ _424_/B1 (sky130_fd_sc_hd__o22ai_4)
     2    0.016269    0.085786    0.107783    2.626018 v _424_/Y (sky130_fd_sc_hd__o22ai_4)
                                                         _153_ (net)
                      0.085798    0.001977    2.627995 v _470_/B1 (sky130_fd_sc_hd__o22ai_4)
     7    0.045396    0.378680    0.335970    2.963965 ^ _470_/Y (sky130_fd_sc_hd__o22ai_4)
                                                         _195_ (net)
                      0.378707    0.002646    2.966611 ^ rebuffer122/A (sky130_fd_sc_hd__buf_6)
     1    0.016860    0.050647    0.178959    3.145570 ^ rebuffer122/X (sky130_fd_sc_hd__buf_6)
                                                         net122 (net)
                      0.050694    0.001435    3.147005 ^ _471_/B (sky130_fd_sc_hd__xor2_4)
     1    0.005812    0.110185    0.147267    3.294272 ^ _471_/X (sky130_fd_sc_hd__xor2_4)
                                                         net78 (net)
                      0.110185    0.000331    3.294603 ^ output78/A (sky130_fd_sc_hd__buf_6)
     1    0.035299    0.078758    0.155115    3.449718 ^ output78/X (sky130_fd_sc_hd__buf_6)
                                                         S[20] (net)
                      0.078812    0.001985    3.451703 ^ S[20] (out)
                                              3.451703   data arrival time

                      0.000000    4.000000    4.000000   clock __VIRTUAL_CLK__ (rise edge)
                                  0.000000    4.000000   clock network delay (ideal)
                                 -0.250000    3.750000   clock uncertainty
                                  0.000000    3.750000   clock reconvergence pessimism
                                 -0.800000    2.950000   output external delay
                                              2.950000   data required time
---------------------------------------------------------------------------------------------
                                              2.950000   data required time
                                             -3.451703   data arrival time
---------------------------------------------------------------------------------------------
                                             -0.501703   slack (VIOLATED)




===========================================================================
 report_check_types -max_slew -max_cap -max_fanout -violators
============================================================================
======================= max_tt_025C_1v80 Corner ===================================



===========================================================================
report_parasitic_annotation -report_unannotated
============================================================================
Found 0 unannotated drivers.
Found 0 partially unannotated drivers.

===========================================================================
max slew violation count 0
max fanout violation count 0
max cap violation count 0
============================================================================

===========================================================================
check_setup -verbose -unconstrained_endpoints -multiple_clock -no_clock -no_input_delay -loops -generated_clocks
===========================================================================
