
===========================================================================
Violator List
============================================================================
[setup in-out] sub -> S[20] : -0.501703
[setup in-out] sub -> S[23] : -0.486583
[setup in-out] sub -> S[22] : -0.486232
[setup in-out] sub -> S[21] : -0.454534
[setup in-out] sub -> S[17] : -0.428395
[setup in-out] sub -> S[31] : -0.367164
[setup in-out] sub -> S[9] : -0.361450
[setup in-out] sub -> S[30] : -0.360511
[setup in-out] sub -> S[19] : -0.353175
[setup in-out] sub -> S[28] : -0.348696
[setup in-out] sub -> S[11] : -0.344566
[setup in-out] sub -> S[26] : -0.331623
[setup in-out] sub -> S[10] : -0.331122
[setup in-out] sub -> S[24] : -0.322524
[setup in-out] sub -> S[29] : -0.303148
[setup in-out] sub -> S[25] : -0.291829
[setup in-out] sub -> S[18] : -0.277025
[setup in-out] sub -> carryOut : -0.276615
[setup in-out] sub -> S[27] : -0.252604
[setup in-out] sub -> S[7] : -0.240557
[setup in-out] sub -> S[15] : -0.232773
[setup in-out] sub -> S[16] : -0.184222
[setup in-out] sub -> S[14] : -0.178936
[setup in-out] sub -> S[12] : -0.053382
[setup in-out] sub -> S[13] : -0.023751
