
===========================================================================
Violator List
============================================================================
[setup in-out] sub -> S[21] : -2.509986
[setup in-out] sub -> S[22] : -2.494422
[setup in-out] sub -> S[20] : -2.478327
[setup in-out] sub -> S[23] : -2.467153
[setup in-out] sub -> S[19] : -2.467103
[setup in-out] sub -> carryOut : -2.420264
[setup in-out] sub -> S[24] : -2.409863
[setup in-out] sub -> S[13] : -2.382605
[setup in-out] sub -> S[18] : -2.377598
[setup in-out] sub -> S[11] : -2.357476
[setup in-out] sub -> S[28] : -2.336840
[setup in-out] sub -> S[15] : -2.333544
[setup in-out] sub -> S[26] : -2.322866
[setup in-out] sub -> S[31] : -2.321628
[setup in-out] sub -> S[29] : -2.298341
[setup in-out] sub -> S[8] : -2.292356
[setup in-out] sub -> S[25] : -2.279450
[setup in-out] sub -> S[7] : -2.275861
[setup in-out] sub -> S[30] : -2.197054
[setup in-out] sub -> S[16] : -2.189377
[setup in-out] sub -> S[17] : -2.180769
[setup in-out] sub -> S[6] : -2.174978
[setup in-out] sub -> S[27] : -2.140829
[setup in-out] sub -> S[9] : -2.126743
[setup in-out] sub -> S[10] : -2.112978
[setup in-out] sub -> S[14] : -1.999136
[setup in-out] sub -> S[12] : -1.997130
[setup in-out] sub -> S[5] : -1.656875
[setup in-out] sub -> S[2] : -1.410809
[setup in-out] sub -> S[4] : -1.383636
[setup in-out] sub -> S[3] : -1.186642
[setup in-out] sub -> S[1] : -0.837989
