
===========================================================================
report_checks -unconstrained
===========================================================================
======================= max_ss_100C_1v60 Corner ===================================

Startpoint: sub (input port clocked by __VIRTUAL_CLK__)
Endpoint: S[23] (output port clocked by __VIRTUAL_CLK__)
Path Group: __VIRTUAL_CLK__
Path Type: max

Fanout         Cap        Slew       Delay        Time   Description
---------------------------------------------------------------------------------------------
                      0.000000    0.000000    0.000000   clock __VIRTUAL_CLK__ (rise edge)
                                  0.000000    0.000000   clock network delay (ideal)
                                  0.800000    0.800000 ^ input external delay
     1    0.008432    0.070452    0.046987    0.846987 ^ sub (in)
                                                         sub (net)
                      0.070455    0.000000    0.846987 ^ input65/A (sky130_fd_sc_hd__buf_8)
     5    0.043975    0.127626    0.231546    1.078534 ^ input65/X (sky130_fd_sc_hd__buf_8)
                                                         net65 (net)
                      0.127913    0.004587    1.083121 ^ fanout106/A (sky130_fd_sc_hd__buf_4)
     7    0.037663    0.178891    0.332207    1.415328 ^ fanout106/X (sky130_fd_sc_hd__buf_4)
                                                         net106 (net)
                      0.178923    0.002509    1.417837 ^ fanout104/A (sky130_fd_sc_hd__clkbuf_2)
     4    0.024452    0.215340    0.363993    1.781830 ^ fanout104/X (sky130_fd_sc_hd__clkbuf_2)
                                                         net104 (net)
                      0.215352    0.001927    1.783758 ^ load_slew105/A (sky130_fd_sc_hd__buf_6)
     7    0.048991    0.166893    0.334212    2.117970 ^ load_slew105/X (sky130_fd_sc_hd__buf_6)
                                                         net105 (net)
                      0.167216    0.005462    2.123432 ^ _726_/B (sky130_fd_sc_hd__nand2b_4)
     1    0.005384    0.067597    0.134182    2.257614 v _726_/Y (sky130_fd_sc_hd__nand2b_4)
                                                         _073_ (net)
                      0.067597    0.000412    2.258026 v _729_/B (sky130_fd_sc_hd__nand3b_2)
     5    0.030033    0.306676    0.281166    2.539192 ^ _729_/Y (sky130_fd_sc_hd__nand3b_2)
                                                         _076_ (net)
                      0.306703    0.002431    2.541623 ^ _360_/D1 (sky130_fd_sc_hd__o2111ai_4)
     2    0.020728    0.308642    0.395417    2.937040 v _360_/Y (sky130_fd_sc_hd__o2111ai_4)
                                                         _089_ (net)
                      0.308645    0.001685    2.938725 v _377_/B (sky130_fd_sc_hd__nor2_4)
     3    0.025830    0.301834    0.386946    3.325671 ^ _377_/Y (sky130_fd_sc_hd__nor2_4)
                                                         _106_ (net)
                      0.301951    0.001572    3.327244 ^ _410_/B (sky130_fd_sc_hd__nand4_4)
     3    0.016939    0.235954    0.343717    3.670960 v _410_/Y (sky130_fd_sc_hd__nand4_4)
                                                         _139_ (net)
                      0.235957    0.001408    3.672369 v _415_/C (sky130_fd_sc_hd__nand3_4)
     3    0.026471    0.175811    0.280520    3.952889 ^ _415_/Y (sky130_fd_sc_hd__nand3_4)
                                                         _144_ (net)
                      0.175839    0.002129    3.955018 ^ _424_/B2 (sky130_fd_sc_hd__o22ai_4)
     3    0.016698    0.149833    0.194749    4.149767 v _424_/Y (sky130_fd_sc_hd__o22ai_4)
                                                         _153_ (net)
                      0.149838    0.001767    4.151534 v _470_/B1 (sky130_fd_sc_hd__o22ai_4)
     7    0.040364    0.549152    0.518563    4.670096 ^ _470_/Y (sky130_fd_sc_hd__o22ai_4)
                                                         _195_ (net)
                      0.549180    0.003288    4.673384 ^ _507_/B (sky130_fd_sc_hd__nand2_2)
     1    0.009230    0.138836    0.293957    4.967340 v _507_/Y (sky130_fd_sc_hd__nand2_2)
                                                         _229_ (net)
                      0.138836    0.000463    4.967803 v _512_/A2 (sky130_fd_sc_hd__a21oi_4)
     1    0.009816    0.190267    0.304894    5.272697 ^ _512_/Y (sky130_fd_sc_hd__a21oi_4)
                                                         _234_ (net)
                      0.190267    0.000794    5.273491 ^ _513_/A (sky130_fd_sc_hd__nor2_4)
     1    0.004995    0.075550    0.115878    5.389369 v _513_/Y (sky130_fd_sc_hd__nor2_4)
                                                         net81 (net)
                      0.075550    0.000398    5.389767 v output81/A (sky130_fd_sc_hd__buf_6)
     1    0.035015    0.076911    0.262204    5.651970 v output81/X (sky130_fd_sc_hd__buf_6)
                                                         S[23] (net)
                      0.076969    0.001949    5.653919 v S[23] (out)
                                              5.653919   data arrival time

                      0.000000    4.000000    4.000000   clock __VIRTUAL_CLK__ (rise edge)
                                  0.000000    4.000000   clock network delay (ideal)
                                 -0.250000    3.750000   clock uncertainty
                                  0.000000    3.750000   clock reconvergence pessimism
                                 -0.800000    2.950000   output external delay
                                              2.950000   data required time
---------------------------------------------------------------------------------------------
                                              2.950000   data required time
                                             -5.653919   data arrival time
---------------------------------------------------------------------------------------------
                                             -2.703919   slack (VIOLATED)




===========================================================================
report_checks --slack_max -0.01
============================================================================
======================= max_ss_100C_1v60 Corner ===================================

Startpoint: sub (input port clocked by __VIRTUAL_CLK__)
Endpoint: S[23] (output port clocked by __VIRTUAL_CLK__)
Path Group: __VIRTUAL_CLK__
Path Type: max

Fanout         Cap        Slew       Delay        Time   Description
---------------------------------------------------------------------------------------------
                      0.000000    0.000000    0.000000   clock __VIRTUAL_CLK__ (rise edge)
                                  0.000000    0.000000   clock network delay (ideal)
                                  0.800000    0.800000 ^ input external delay
     1    0.008432    0.070452    0.046987    0.846987 ^ sub (in)
                                                         sub (net)
                      0.070455    0.000000    0.846987 ^ input65/A (sky130_fd_sc_hd__buf_8)
     5    0.043975    0.127626    0.231546    1.078534 ^ input65/X (sky130_fd_sc_hd__buf_8)
                                                         net65 (net)
                      0.127913    0.004587    1.083121 ^ fanout106/A (sky130_fd_sc_hd__buf_4)
     7    0.037663    0.178891    0.332207    1.415328 ^ fanout106/X (sky130_fd_sc_hd__buf_4)
                                                         net106 (net)
                      0.178923    0.002509    1.417837 ^ fanout104/A (sky130_fd_sc_hd__clkbuf_2)
     4    0.024452    0.215340    0.363993    1.781830 ^ fanout104/X (sky130_fd_sc_hd__clkbuf_2)
                                                         net104 (net)
                      0.215352    0.001927    1.783758 ^ load_slew105/A (sky130_fd_sc_hd__buf_6)
     7    0.048991    0.166893    0.334212    2.117970 ^ load_slew105/X (sky130_fd_sc_hd__buf_6)
                                                         net105 (net)
                      0.167216    0.005462    2.123432 ^ _726_/B (sky130_fd_sc_hd__nand2b_4)
     1    0.005384    0.067597    0.134182    2.257614 v _726_/Y (sky130_fd_sc_hd__nand2b_4)
                                                         _073_ (net)
                      0.067597    0.000412    2.258026 v _729_/B (sky130_fd_sc_hd__nand3b_2)
     5    0.030033    0.306676    0.281166    2.539192 ^ _729_/Y (sky130_fd_sc_hd__nand3b_2)
                                                         _076_ (net)
                      0.306703    0.002431    2.541623 ^ _360_/D1 (sky130_fd_sc_hd__o2111ai_4)
     2    0.020728    0.308642    0.395417    2.937040 v _360_/Y (sky130_fd_sc_hd__o2111ai_4)
                                                         _089_ (net)
                      0.308645    0.001685    2.938725 v _377_/B (sky130_fd_sc_hd__nor2_4)
     3    0.025830    0.301834    0.386946    3.325671 ^ _377_/Y (sky130_fd_sc_hd__nor2_4)
                                                         _106_ (net)
                      0.301951    0.001572    3.327244 ^ _410_/B (sky130_fd_sc_hd__nand4_4)
     3    0.016939    0.235954    0.343717    3.670960 v _410_/Y (sky130_fd_sc_hd__nand4_4)
                                                         _139_ (net)
                      0.235957    0.001408    3.672369 v _415_/C (sky130_fd_sc_hd__nand3_4)
     3    0.026471    0.175811    0.280520    3.952889 ^ _415_/Y (sky130_fd_sc_hd__nand3_4)
                                                         _144_ (net)
                      0.175839    0.002129    3.955018 ^ _424_/B2 (sky130_fd_sc_hd__o22ai_4)
     3    0.016698    0.149833    0.194749    4.149767 v _424_/Y (sky130_fd_sc_hd__o22ai_4)
                                                         _153_ (net)
                      0.149838    0.001767    4.151534 v _470_/B1 (sky130_fd_sc_hd__o22ai_4)
     7    0.040364    0.549152    0.518563    4.670096 ^ _470_/Y (sky130_fd_sc_hd__o22ai_4)
                                                         _195_ (net)
                      0.549180    0.003288    4.673384 ^ _507_/B (sky130_fd_sc_hd__nand2_2)
     1    0.009230    0.138836    0.293957    4.967340 v _507_/Y (sky130_fd_sc_hd__nand2_2)
                                                         _229_ (net)
                      0.138836    0.000463    4.967803 v _512_/A2 (sky130_fd_sc_hd__a21oi_4)
     1    0.009816    0.190267    0.304894    5.272697 ^ _512_/Y (sky130_fd_sc_hd__a21oi_4)
                                                         _234_ (net)
                      0.190267    0.000794    5.273491 ^ _513_/A (sky130_fd_sc_hd__nor2_4)
     1    0.004995    0.075550    0.115878    5.389369 v _513_/Y (sky130_fd_sc_hd__nor2_4)
                                                         net81 (net)
                      0.075550    0.000398    5.389767 v output81/A (sky130_fd_sc_hd__buf_6)
     1    0.035015    0.076911    0.262204    5.651970 v output81/X (sky130_fd_sc_hd__buf_6)
                                                         S[23] (net)
                      0.076969    0.001949    5.653919 v S[23] (out)
                                              5.653919   data arrival time

                      0.000000    4.000000    4.000000   clock __VIRTUAL_CLK__ (rise edge)
                                  0.000000    4.000000   clock network delay (ideal)
                                 -0.250000    3.750000   clock uncertainty
                                  0.000000    3.750000   clock reconvergence pessimism
                                 -0.800000    2.950000   output external delay
                                              2.950000   data required time
---------------------------------------------------------------------------------------------
                                              2.950000   data required time
                                             -5.653919   data arrival time
---------------------------------------------------------------------------------------------
                                             -2.703919   slack (VIOLATED)




===========================================================================
 report_check_types -max_slew -max_cap -max_fanout -violators
============================================================================
======================= max_ss_100C_1v60 Corner ===================================

max slew

Pin                                        Limit        Slew       Slack
------------------------------------------------------------------------
_389_/A2                                0.750000    0.833829   -0.083829 (VIOLATED)
_390_/A2                                0.750000    0.833827   -0.083827 (VIOLATED)
_392_/A1                                0.750000    0.833825   -0.083825 (VIOLATED)
_616_/S                                 0.750000    0.833824   -0.083825 (VIOLATED)
_388_/B                                 0.750000    0.833823   -0.083823 (VIOLATED)
_615_/B                                 0.750000    0.833821   -0.083821 (VIOLATED)
_387_/B                                 0.750000    0.833817   -0.083817 (VIOLATED)
input33/X                               0.750000    0.833814   -0.083814 (VIOLATED)



===========================================================================
report_parasitic_annotation -report_unannotated
============================================================================
Found 0 unannotated drivers.
Found 0 partially unannotated drivers.

===========================================================================
max slew violation count 8
max fanout violation count 0
max cap violation count 0
============================================================================

===========================================================================
check_setup -verbose -unconstrained_endpoints -multiple_clock -no_clock -no_input_delay -loops -generated_clocks
===========================================================================
