┏━━━━━━━━━━━━━━━━━━━━━━┳━━━━━━━━━━┳━━━━━━━━━━┳━━━━━━━━━━┳━━━━━━━━━━┳━━━━━━━━━━━┳━━━━━━━━━━┳━━━━━━━━━━━┳━━━━━━━━━━┳━━━━━━━━━━━┳━━━━━━━━━━┳━━━━━━━━━━━┳━━━━━━━━━━┓
┃                      ┃ Hold     ┃ Reg to   ┃          ┃          ┃ of which  ┃ Setup    ┃           ┃          ┃           ┃ of which ┃           ┃          ┃
┃                      ┃ Worst    ┃ Reg      ┃          ┃ Hold Vio ┃ reg to    ┃ Worst    ┃ Reg to    ┃ Setup    ┃ Setup Vio ┃ reg to   ┃ Max Cap   ┃ Max Slew ┃
┃ Corner/Group         ┃ Slack    ┃ Paths    ┃ Hold TNS ┃ Count    ┃ reg       ┃ Slack    ┃ Reg Paths ┃ TNS      ┃ Count     ┃ reg      ┃ Violatio… ┃ Violati… ┃
┡━━━━━━━━━━━━━━━━━━━━━━╇━━━━━━━━━━╇━━━━━━━━━━╇━━━━━━━━━━╇━━━━━━━━━━╇━━━━━━━━━━━╇━━━━━━━━━━╇━━━━━━━━━━━╇━━━━━━━━━━╇━━━━━━━━━━━╇━━━━━━━━━━╇━━━━━━━━━━━╇━━━━━━━━━━┩
│ Overall              │ 8.3603   │ N/A      │ 0.0000   │ 0        │ 0         │ 0.8549   │ N/A       │ 0.0000   │ 0         │ 0        │ 0         │ 158      │
│ nom_tt_025C_1v80     │ 8.6886   │ N/A      │ 0.0000   │ 0        │ 0         │ 6.6745   │ N/A       │ 0.0000   │ 0         │ 0        │ 0         │ 10       │
│ nom_ss_100C_1v60     │ 9.5111   │ N/A      │ 0.0000   │ 0        │ 0         │ 0.9115   │ N/A       │ 0.0000   │ 0         │ 0        │ 0         │ 158      │
│ nom_ff_n40C_1v95     │ 8.3637   │ N/A      │ 0.0000   │ 0        │ 0         │ 8.6561   │ N/A       │ 0.0000   │ 0         │ 0        │ 0         │ 0        │
│ min_tt_025C_1v80     │ 8.6766   │ N/A      │ 0.0000   │ 0        │ 0         │ 6.7053   │ N/A       │ 0.0000   │ 0         │ 0        │ 0         │ 0        │
│ min_ss_100C_1v60     │ 9.4887   │ N/A      │ 0.0000   │ 0        │ 0         │ 0.9672   │ N/A       │ 0.0000   │ 0         │ 0        │ 0         │ 149      │
│ min_ff_n40C_1v95     │ 8.3603   │ N/A      │ 0.0000   │ 0        │ 0         │ 8.6808   │ N/A       │ 0.0000   │ 0         │ 0        │ 0         │ 0        │
│ max_tt_025C_1v80     │ 8.7023   │ N/A      │ 0.0000   │ 0        │ 0         │ 6.6443   │ N/A       │ 0.0000   │ 0         │ 0        │ 0         │ 10       │
│ max_ss_100C_1v60     │ 9.5360   │ N/A      │ 0.0000   │ 0        │ 0         │ 0.8549   │ N/A       │ 0.0000   │ 0         │ 0        │ 0         │ 158      │
│ max_ff_n40C_1v95     │ 8.3673   │ N/A      │ 0.0000   │ 0        │ 0         │ 8.6311   │ N/A       │ 0.0000   │ 0         │ 0        │ 0         │ 0        │
└──────────────────────┴──────────┴──────────┴──────────┴──────────┴───────────┴──────────┴───────────┴──────────┴───────────┴──────────┴───────────┴──────────┘
