
===========================================================================
report_checks -unconstrained
===========================================================================
======================= nom_tt_025C_1v80 Corner ===================================

Startpoint: sub (input port clocked by __VIRTUAL_CLK__)
Endpoint: S[21] (output port clocked by __VIRTUAL_CLK__)
Path Group: __VIRTUAL_CLK__
Path Type: max

Fanout         Cap        Slew       Delay        Time   Description
---------------------------------------------------------------------------------------------
                      0.000000    0.000000    0.000000   clock __VIRTUAL_CLK__ (rise edge)
                                  0.000000    0.000000   clock network delay (ideal)
                                  0.800000    0.800000 ^ input external delay
     1    0.003318    0.021973    0.012714    0.812714 ^ sub (in)
                                                         sub (net)
                      0.021973    0.000000    0.812714 ^ input65/A (sky130_fd_sc_hd__clkdlybuf4s25_1)
     1    0.002991    0.047331    0.247989    1.060703 ^ input65/X (sky130_fd_sc_hd__clkdlybuf4s25_1)
                                                         net65 (net)
                      0.047331    0.000011    1.060714 ^ fanout123/A (sky130_fd_sc_hd__clkdlybuf4s25_1)
     5    0.028869    0.293339    0.444675    1.505388 ^ fanout123/X (sky130_fd_sc_hd__clkdlybuf4s25_1)
                                                         net123 (net)
                      0.293339    0.000498    1.505886 ^ fanout118/A (sky130_fd_sc_hd__clkdlybuf4s25_1)
     5    0.023644    0.242725    0.476426    1.982313 ^ fanout118/X (sky130_fd_sc_hd__clkdlybuf4s25_1)
                                                         net118 (net)
                      0.242725    0.000070    1.982383 ^ fanout112/A (sky130_fd_sc_hd__clkdlybuf4s25_1)
     4    0.012320    0.136587    0.383452    2.365835 ^ fanout112/X (sky130_fd_sc_hd__clkdlybuf4s25_1)
                                                         net112 (net)
                      0.136587    0.000050    2.365885 ^ load_slew114/A (sky130_fd_sc_hd__buf_2)
     4    0.032183    0.160799    0.235062    2.600947 ^ load_slew114/X (sky130_fd_sc_hd__buf_2)
                                                         net114 (net)
                      0.160799    0.000159    2.601105 ^ load_slew113/A (sky130_fd_sc_hd__buf_2)
     4    0.025904    0.131664    0.220159    2.821265 ^ load_slew113/X (sky130_fd_sc_hd__buf_2)
                                                         net113 (net)
                      0.131664    0.000141    2.821406 ^ _703_/B (sky130_fd_sc_hd__nand2b_4)
     1    0.004668    0.034936    0.061994    2.883400 v _703_/Y (sky130_fd_sc_hd__nand2b_4)
                                                         _050_ (net)
                      0.034936    0.000014    2.883414 v _706_/C (sky130_fd_sc_hd__nand3b_2)
     4    0.015338    0.119359    0.122656    3.006069 ^ _706_/Y (sky130_fd_sc_hd__nand3b_2)
                                                         _053_ (net)
                      0.119359    0.000078    3.006147 ^ _709_/D (sky130_fd_sc_hd__nand4_2)
     1    0.010824    0.127010    0.155222    3.161369 v _709_/Y (sky130_fd_sc_hd__nand4_2)
                                                         _056_ (net)
                      0.127010    0.000128    3.161497 v _725_/A (sky130_fd_sc_hd__nor2_4)
     4    0.024405    0.172075    0.221302    3.382799 ^ _725_/Y (sky130_fd_sc_hd__nor2_4)
                                                         _072_ (net)
                      0.172075    0.000048    3.382847 ^ _411_/B (sky130_fd_sc_hd__nand3_2)
     3    0.018463    0.129573    0.167907    3.550755 v _411_/Y (sky130_fd_sc_hd__nand3_2)
                                                         _140_ (net)
                      0.129573    0.000095    3.550850 v _415_/B (sky130_fd_sc_hd__nand3_4)
     3    0.020245    0.096570    0.143661    3.694511 ^ _415_/Y (sky130_fd_sc_hd__nand3_4)
                                                         _144_ (net)
                      0.096570    0.000267    3.694778 ^ _424_/B2 (sky130_fd_sc_hd__o22ai_4)
     4    0.026634    0.108290    0.111966    3.806744 v _424_/Y (sky130_fd_sc_hd__o22ai_4)
                                                         _153_ (net)
                      0.108290    0.000134    3.806879 v _470_/B2 (sky130_fd_sc_hd__o22ai_4)
     7    0.044593    0.374208    0.316066    4.122944 ^ _470_/Y (sky130_fd_sc_hd__o22ai_4)
                                                         _195_ (net)
                      0.374210    0.000842    4.123786 ^ _479_/A2_N (sky130_fd_sc_hd__o2bb2ai_2)
     1    0.004993    0.111320    0.150886    4.274673 ^ _479_/Y (sky130_fd_sc_hd__o2bb2ai_2)
                                                         _203_ (net)
                      0.111320    0.000010    4.274683 ^ _481_/B1 (sky130_fd_sc_hd__o21ai_2)
     1    0.008646    0.063311    0.085977    4.360660 v _481_/Y (sky130_fd_sc_hd__o21ai_2)
                                                         _205_ (net)
                      0.063311    0.000015    4.360674 v _482_/B (sky130_fd_sc_hd__nand2_4)
     1    0.002991    0.034618    0.066251    4.426926 ^ _482_/Y (sky130_fd_sc_hd__nand2_4)
                                                         net79 (net)
                      0.034618    0.000012    4.426939 ^ output79/A (sky130_fd_sc_hd__clkdlybuf4s25_1)
     1    0.034741    0.350792    0.482107    4.909045 ^ output79/X (sky130_fd_sc_hd__clkdlybuf4s25_1)
                                                         S[21] (net)
                      0.350792    0.000288    4.909333 ^ S[21] (out)
                                              4.909333   data arrival time

                      0.000000    4.000000    4.000000   clock __VIRTUAL_CLK__ (rise edge)
                                  0.000000    4.000000   clock network delay (ideal)
                                 -0.250000    3.750000   clock uncertainty
                                  0.000000    3.750000   clock reconvergence pessimism
                                 -0.800000    2.950000   output external delay
                                              2.950000   data required time
---------------------------------------------------------------------------------------------
                                              2.950000   data required time
                                             -4.909333   data arrival time
---------------------------------------------------------------------------------------------
                                             -1.959333   slack (VIOLATED)




===========================================================================
report_checks --slack_max -0.01
============================================================================
======================= nom_tt_025C_1v80 Corner ===================================

Startpoint: sub (input port clocked by __VIRTUAL_CLK__)
Endpoint: S[21] (output port clocked by __VIRTUAL_CLK__)
Path Group: __VIRTUAL_CLK__
Path Type: max

Fanout         Cap        Slew       Delay        Time   Description
---------------------------------------------------------------------------------------------
                      0.000000    0.000000    0.000000   clock __VIRTUAL_CLK__ (rise edge)
                                  0.000000    0.000000   clock network delay (ideal)
                                  0.800000    0.800000 ^ input external delay
     1    0.003318    0.021973    0.012714    0.812714 ^ sub (in)
                                                         sub (net)
                      0.021973    0.000000    0.812714 ^ input65/A (sky130_fd_sc_hd__clkdlybuf4s25_1)
     1    0.002991    0.047331    0.247989    1.060703 ^ input65/X (sky130_fd_sc_hd__clkdlybuf4s25_1)
                                                         net65 (net)
                      0.047331    0.000011    1.060714 ^ fanout123/A (sky130_fd_sc_hd__clkdlybuf4s25_1)
     5    0.028869    0.293339    0.444675    1.505388 ^ fanout123/X (sky130_fd_sc_hd__clkdlybuf4s25_1)
                                                         net123 (net)
                      0.293339    0.000498    1.505886 ^ fanout118/A (sky130_fd_sc_hd__clkdlybuf4s25_1)
     5    0.023644    0.242725    0.476426    1.982313 ^ fanout118/X (sky130_fd_sc_hd__clkdlybuf4s25_1)
                                                         net118 (net)
                      0.242725    0.000070    1.982383 ^ fanout112/A (sky130_fd_sc_hd__clkdlybuf4s25_1)
     4    0.012320    0.136587    0.383452    2.365835 ^ fanout112/X (sky130_fd_sc_hd__clkdlybuf4s25_1)
                                                         net112 (net)
                      0.136587    0.000050    2.365885 ^ load_slew114/A (sky130_fd_sc_hd__buf_2)
     4    0.032183    0.160799    0.235062    2.600947 ^ load_slew114/X (sky130_fd_sc_hd__buf_2)
                                                         net114 (net)
                      0.160799    0.000159    2.601105 ^ load_slew113/A (sky130_fd_sc_hd__buf_2)
     4    0.025904    0.131664    0.220159    2.821265 ^ load_slew113/X (sky130_fd_sc_hd__buf_2)
                                                         net113 (net)
                      0.131664    0.000141    2.821406 ^ _703_/B (sky130_fd_sc_hd__nand2b_4)
     1    0.004668    0.034936    0.061994    2.883400 v _703_/Y (sky130_fd_sc_hd__nand2b_4)
                                                         _050_ (net)
                      0.034936    0.000014    2.883414 v _706_/C (sky130_fd_sc_hd__nand3b_2)
     4    0.015338    0.119359    0.122656    3.006069 ^ _706_/Y (sky130_fd_sc_hd__nand3b_2)
                                                         _053_ (net)
                      0.119359    0.000078    3.006147 ^ _709_/D (sky130_fd_sc_hd__nand4_2)
     1    0.010824    0.127010    0.155222    3.161369 v _709_/Y (sky130_fd_sc_hd__nand4_2)
                                                         _056_ (net)
                      0.127010    0.000128    3.161497 v _725_/A (sky130_fd_sc_hd__nor2_4)
     4    0.024405    0.172075    0.221302    3.382799 ^ _725_/Y (sky130_fd_sc_hd__nor2_4)
                                                         _072_ (net)
                      0.172075    0.000048    3.382847 ^ _411_/B (sky130_fd_sc_hd__nand3_2)
     3    0.018463    0.129573    0.167907    3.550755 v _411_/Y (sky130_fd_sc_hd__nand3_2)
                                                         _140_ (net)
                      0.129573    0.000095    3.550850 v _415_/B (sky130_fd_sc_hd__nand3_4)
     3    0.020245    0.096570    0.143661    3.694511 ^ _415_/Y (sky130_fd_sc_hd__nand3_4)
                                                         _144_ (net)
                      0.096570    0.000267    3.694778 ^ _424_/B2 (sky130_fd_sc_hd__o22ai_4)
     4    0.026634    0.108290    0.111966    3.806744 v _424_/Y (sky130_fd_sc_hd__o22ai_4)
                                                         _153_ (net)
                      0.108290    0.000134    3.806879 v _470_/B2 (sky130_fd_sc_hd__o22ai_4)
     7    0.044593    0.374208    0.316066    4.122944 ^ _470_/Y (sky130_fd_sc_hd__o22ai_4)
                                                         _195_ (net)
                      0.374210    0.000842    4.123786 ^ _479_/A2_N (sky130_fd_sc_hd__o2bb2ai_2)
     1    0.004993    0.111320    0.150886    4.274673 ^ _479_/Y (sky130_fd_sc_hd__o2bb2ai_2)
                                                         _203_ (net)
                      0.111320    0.000010    4.274683 ^ _481_/B1 (sky130_fd_sc_hd__o21ai_2)
     1    0.008646    0.063311    0.085977    4.360660 v _481_/Y (sky130_fd_sc_hd__o21ai_2)
                                                         _205_ (net)
                      0.063311    0.000015    4.360674 v _482_/B (sky130_fd_sc_hd__nand2_4)
     1    0.002991    0.034618    0.066251    4.426926 ^ _482_/Y (sky130_fd_sc_hd__nand2_4)
                                                         net79 (net)
                      0.034618    0.000012    4.426939 ^ output79/A (sky130_fd_sc_hd__clkdlybuf4s25_1)
     1    0.034741    0.350792    0.482107    4.909045 ^ output79/X (sky130_fd_sc_hd__clkdlybuf4s25_1)
                                                         S[21] (net)
                      0.350792    0.000288    4.909333 ^ S[21] (out)
                                              4.909333   data arrival time

                      0.000000    4.000000    4.000000   clock __VIRTUAL_CLK__ (rise edge)
                                  0.000000    4.000000   clock network delay (ideal)
                                 -0.250000    3.750000   clock uncertainty
                                  0.000000    3.750000   clock reconvergence pessimism
                                 -0.800000    2.950000   output external delay
                                              2.950000   data required time
---------------------------------------------------------------------------------------------
                                              2.950000   data required time
                                             -4.909333   data arrival time
---------------------------------------------------------------------------------------------
                                             -1.959333   slack (VIOLATED)




===========================================================================
 report_check_types -max_slew -max_cap -max_fanout -violators
============================================================================
======================= nom_tt_025C_1v80 Corner ===================================



===========================================================================
report_parasitic_annotation -report_unannotated
============================================================================
Found 0 unannotated drivers.
Found 0 partially unannotated drivers.

===========================================================================
max slew violation count 0
Writing metric design__max_slew_violation__count__corner:nom_tt_025C_1v80: 0
max fanout violation count 0
Writing metric design__max_fanout_violation__count__corner:nom_tt_025C_1v80: 0
max cap violation count 0
Writing metric design__max_cap_violation__count__corner:nom_tt_025C_1v80: 0
============================================================================

===========================================================================
check_setup -verbose -unconstrained_endpoints -multiple_clock -no_clock -no_input_delay -loops -generated_clocks
===========================================================================
