
===========================================================================
report_checks -unconstrained
===========================================================================
======================= nom_ss_100C_1v60 Corner ===================================

Startpoint: sub (input port clocked by __VIRTUAL_CLK__)
Endpoint: S[22] (output port clocked by __VIRTUAL_CLK__)
Path Group: __VIRTUAL_CLK__
Path Type: max

Fanout         Cap        Slew       Delay        Time   Description
---------------------------------------------------------------------------------------------
                      0.000000    0.000000    0.000000   clock __VIRTUAL_CLK__ (rise edge)
                                  0.000000    0.000000   clock network delay (ideal)
                                  0.800000    0.800000 v input external delay
     1    0.010389    0.048956    0.034197    0.834197 v sub (in)
                                                         sub (net)
                      0.048958    0.000000    0.834197 v input65/A (sky130_fd_sc_hd__buf_12)
     8    0.051003    0.071234    0.256452    1.090650 v input65/X (sky130_fd_sc_hd__buf_12)
                                                         net65 (net)
                      0.071260    0.001699    1.092349 v fanout106/A (sky130_fd_sc_hd__buf_8)
     3    0.012133    0.043717    0.223010    1.315359 v fanout106/X (sky130_fd_sc_hd__buf_8)
                                                         net106 (net)
                      0.043717    0.000323    1.315682 v fanout102/A (sky130_fd_sc_hd__buf_8)
     2    0.011542    0.043282    0.208978    1.524659 v fanout102/X (sky130_fd_sc_hd__buf_8)
                                                         net102 (net)
                      0.043282    0.000447    1.525106 v load_slew103/A (sky130_fd_sc_hd__buf_8)
     5    0.025549    0.057509    0.226629    1.751735 v load_slew103/X (sky130_fd_sc_hd__buf_8)
                                                         net103 (net)
                      0.057521    0.000849    1.752585 v fanout100/A (sky130_fd_sc_hd__buf_8)
     5    0.022981    0.054618    0.230274    1.982859 v fanout100/X (sky130_fd_sc_hd__buf_8)
                                                         net100 (net)
                      0.054624    0.000580    1.983439 v load_slew101/A (sky130_fd_sc_hd__buf_8)
     4    0.020419    0.051929    0.225590    2.209028 v load_slew101/X (sky130_fd_sc_hd__buf_8)
                                                         net101 (net)
                      0.051957    0.000526    2.209555 v _364_/A2 (sky130_fd_sc_hd__o21ai_4)
     2    0.012989    0.241972    0.254691    2.464246 ^ _364_/Y (sky130_fd_sc_hd__o21ai_4)
                                                         _093_ (net)
                      0.241972    0.000480    2.464726 ^ _365_/B1 (sky130_fd_sc_hd__a21oi_4)
     2    0.004870    0.100510    0.109605    2.574331 v _365_/Y (sky130_fd_sc_hd__a21oi_4)
                                                         _094_ (net)
                      0.100510    0.000131    2.574462 v _376_/A_N (sky130_fd_sc_hd__nand4b_4)
     2    0.011575    0.189500    0.378764    2.953226 v _376_/Y (sky130_fd_sc_hd__nand4b_4)
                                                         _105_ (net)
                      0.189500    0.000316    2.953542 v _377_/A (sky130_fd_sc_hd__nor2_4)
     3    0.023764    0.280842    0.362247    3.315789 ^ _377_/Y (sky130_fd_sc_hd__nor2_4)
                                                         _106_ (net)
                      0.280842    0.000908    3.316698 ^ _410_/A (sky130_fd_sc_hd__nand4_4)
     3    0.020635    0.267186    0.320639    3.637337 v _410_/Y (sky130_fd_sc_hd__nand4_4)
                                                         _139_ (net)
                      0.267186    0.000689    3.638026 v _415_/C (sky130_fd_sc_hd__nand3_4)
     3    0.028781    0.190248    0.304038    3.942064 ^ _415_/Y (sky130_fd_sc_hd__nand3_4)
                                                         _144_ (net)
                      0.190248    0.000782    3.942845 ^ _424_/B1 (sky130_fd_sc_hd__o22ai_4)
     2    0.015697    0.141555    0.215060    4.157905 v _424_/Y (sky130_fd_sc_hd__o22ai_4)
                                                         _153_ (net)
                      0.141556    0.000907    4.158812 v _470_/B1 (sky130_fd_sc_hd__o22ai_4)
     7    0.044272    0.589288    0.547976    4.706788 ^ _470_/Y (sky130_fd_sc_hd__o22ai_4)
                                                         _195_ (net)
                      0.589299    0.002091    4.708879 ^ rebuffer124/A (sky130_fd_sc_hd__buf_6)
     1    0.005508    0.052206    0.363799    5.072677 ^ rebuffer124/X (sky130_fd_sc_hd__buf_6)
                                                         net124 (net)
                      0.052206    0.000186    5.072863 ^ _495_/A1 (sky130_fd_sc_hd__a211o_4)
     1    0.009791    0.072209    0.246451    5.319314 ^ _495_/X (sky130_fd_sc_hd__a211o_4)
                                                         _218_ (net)
                      0.072210    0.000335    5.319649 ^ _497_/A (sky130_fd_sc_hd__nand2_4)
     1    0.006878    0.054199    0.085603    5.405252 v _497_/Y (sky130_fd_sc_hd__nand2_4)
                                                         net80 (net)
                      0.054200    0.000213    5.405465 v output80/A (sky130_fd_sc_hd__buf_8)
     1    0.034666    0.068126    0.243442    5.648907 v output80/X (sky130_fd_sc_hd__buf_8)
                                                         S[22] (net)
                      0.068137    0.000915    5.649822 v S[22] (out)
                                              5.649822   data arrival time

                      0.000000    4.000000    4.000000   clock __VIRTUAL_CLK__ (rise edge)
                                  0.000000    4.000000   clock network delay (ideal)
                                 -0.250000    3.750000   clock uncertainty
                                  0.000000    3.750000   clock reconvergence pessimism
                                 -0.800000    2.950000   output external delay
                                              2.950000   data required time
---------------------------------------------------------------------------------------------
                                              2.950000   data required time
                                             -5.649822   data arrival time
---------------------------------------------------------------------------------------------
                                             -2.699822   slack (VIOLATED)




===========================================================================
report_checks --slack_max -0.01
============================================================================
======================= nom_ss_100C_1v60 Corner ===================================

Startpoint: sub (input port clocked by __VIRTUAL_CLK__)
Endpoint: S[22] (output port clocked by __VIRTUAL_CLK__)
Path Group: __VIRTUAL_CLK__
Path Type: max

Fanout         Cap        Slew       Delay        Time   Description
---------------------------------------------------------------------------------------------
                      0.000000    0.000000    0.000000   clock __VIRTUAL_CLK__ (rise edge)
                                  0.000000    0.000000   clock network delay (ideal)
                                  0.800000    0.800000 v input external delay
     1    0.010389    0.048956    0.034197    0.834197 v sub (in)
                                                         sub (net)
                      0.048958    0.000000    0.834197 v input65/A (sky130_fd_sc_hd__buf_12)
     8    0.051003    0.071234    0.256452    1.090650 v input65/X (sky130_fd_sc_hd__buf_12)
                                                         net65 (net)
                      0.071260    0.001699    1.092349 v fanout106/A (sky130_fd_sc_hd__buf_8)
     3    0.012133    0.043717    0.223010    1.315359 v fanout106/X (sky130_fd_sc_hd__buf_8)
                                                         net106 (net)
                      0.043717    0.000323    1.315682 v fanout102/A (sky130_fd_sc_hd__buf_8)
     2    0.011542    0.043282    0.208978    1.524659 v fanout102/X (sky130_fd_sc_hd__buf_8)
                                                         net102 (net)
                      0.043282    0.000447    1.525106 v load_slew103/A (sky130_fd_sc_hd__buf_8)
     5    0.025549    0.057509    0.226629    1.751735 v load_slew103/X (sky130_fd_sc_hd__buf_8)
                                                         net103 (net)
                      0.057521    0.000849    1.752585 v fanout100/A (sky130_fd_sc_hd__buf_8)
     5    0.022981    0.054618    0.230274    1.982859 v fanout100/X (sky130_fd_sc_hd__buf_8)
                                                         net100 (net)
                      0.054624    0.000580    1.983439 v load_slew101/A (sky130_fd_sc_hd__buf_8)
     4    0.020419    0.051929    0.225590    2.209028 v load_slew101/X (sky130_fd_sc_hd__buf_8)
                                                         net101 (net)
                      0.051957    0.000526    2.209555 v _364_/A2 (sky130_fd_sc_hd__o21ai_4)
     2    0.012989    0.241972    0.254691    2.464246 ^ _364_/Y (sky130_fd_sc_hd__o21ai_4)
                                                         _093_ (net)
                      0.241972    0.000480    2.464726 ^ _365_/B1 (sky130_fd_sc_hd__a21oi_4)
     2    0.004870    0.100510    0.109605    2.574331 v _365_/Y (sky130_fd_sc_hd__a21oi_4)
                                                         _094_ (net)
                      0.100510    0.000131    2.574462 v _376_/A_N (sky130_fd_sc_hd__nand4b_4)
     2    0.011575    0.189500    0.378764    2.953226 v _376_/Y (sky130_fd_sc_hd__nand4b_4)
                                                         _105_ (net)
                      0.189500    0.000316    2.953542 v _377_/A (sky130_fd_sc_hd__nor2_4)
     3    0.023764    0.280842    0.362247    3.315789 ^ _377_/Y (sky130_fd_sc_hd__nor2_4)
                                                         _106_ (net)
                      0.280842    0.000908    3.316698 ^ _410_/A (sky130_fd_sc_hd__nand4_4)
     3    0.020635    0.267186    0.320639    3.637337 v _410_/Y (sky130_fd_sc_hd__nand4_4)
                                                         _139_ (net)
                      0.267186    0.000689    3.638026 v _415_/C (sky130_fd_sc_hd__nand3_4)
     3    0.028781    0.190248    0.304038    3.942064 ^ _415_/Y (sky130_fd_sc_hd__nand3_4)
                                                         _144_ (net)
                      0.190248    0.000782    3.942845 ^ _424_/B1 (sky130_fd_sc_hd__o22ai_4)
     2    0.015697    0.141555    0.215060    4.157905 v _424_/Y (sky130_fd_sc_hd__o22ai_4)
                                                         _153_ (net)
                      0.141556    0.000907    4.158812 v _470_/B1 (sky130_fd_sc_hd__o22ai_4)
     7    0.044272    0.589288    0.547976    4.706788 ^ _470_/Y (sky130_fd_sc_hd__o22ai_4)
                                                         _195_ (net)
                      0.589299    0.002091    4.708879 ^ rebuffer124/A (sky130_fd_sc_hd__buf_6)
     1    0.005508    0.052206    0.363799    5.072677 ^ rebuffer124/X (sky130_fd_sc_hd__buf_6)
                                                         net124 (net)
                      0.052206    0.000186    5.072863 ^ _495_/A1 (sky130_fd_sc_hd__a211o_4)
     1    0.009791    0.072209    0.246451    5.319314 ^ _495_/X (sky130_fd_sc_hd__a211o_4)
                                                         _218_ (net)
                      0.072210    0.000335    5.319649 ^ _497_/A (sky130_fd_sc_hd__nand2_4)
     1    0.006878    0.054199    0.085603    5.405252 v _497_/Y (sky130_fd_sc_hd__nand2_4)
                                                         net80 (net)
                      0.054200    0.000213    5.405465 v output80/A (sky130_fd_sc_hd__buf_8)
     1    0.034666    0.068126    0.243442    5.648907 v output80/X (sky130_fd_sc_hd__buf_8)
                                                         S[22] (net)
                      0.068137    0.000915    5.649822 v S[22] (out)
                                              5.649822   data arrival time

                      0.000000    4.000000    4.000000   clock __VIRTUAL_CLK__ (rise edge)
                                  0.000000    4.000000   clock network delay (ideal)
                                 -0.250000    3.750000   clock uncertainty
                                  0.000000    3.750000   clock reconvergence pessimism
                                 -0.800000    2.950000   output external delay
                                              2.950000   data required time
---------------------------------------------------------------------------------------------
                                              2.950000   data required time
                                             -5.649822   data arrival time
---------------------------------------------------------------------------------------------
                                             -2.699822   slack (VIOLATED)




===========================================================================
 report_check_types -max_slew -max_cap -max_fanout -violators
============================================================================
======================= nom_ss_100C_1v60 Corner ===================================



===========================================================================
report_parasitic_annotation -report_unannotated
============================================================================
Found 0 unannotated drivers.
Found 0 partially unannotated drivers.

===========================================================================
max slew violation count 0
max fanout violation count 0
max cap violation count 0
============================================================================

===========================================================================
check_setup -verbose -unconstrained_endpoints -multiple_clock -no_clock -no_input_delay -loops -generated_clocks
===========================================================================
