+ analyze_power_grid -net VPWR -voltage_file /home/admin/Documents/Projekty/Hobby/Nauka/RISC-5/.v/DDCA/code/exercises/ALUDesignIverilog/ALU/systemIverilog/build/runs/RUN_2026-09-29_09-24-00/55-openroad-irdropreport/net-VPWR.csv
[INFO PSM-0040] All shapes on net VPWR are connected.
########## IR report #################
Net              : VPWR
Corner           : nom_tt_025C_1v80
Total power      : 1.09e-03 W
Supply voltage   : 1.80e+00 V
Worstcase voltage: 1.80e+00 V
Average voltage  : 1.80e+00 V
Average IR drop  : 2.48e-04 V
Worstcase IR drop: 7.24e-04 V
Percentage drop  : 0.04 %
######################################
+ analyze_power_grid -net VGND -voltage_file /home/admin/Documents/Projekty/Hobby/Nauka/RISC-5/.v/DDCA/code/exercises/ALUDesignIverilog/ALU/systemIverilog/build/runs/RUN_2026-09-29_09-24-00/55-openroad-irdropreport/net-VGND.csv
[INFO PSM-0040] All shapes on net VGND are connected.
########## IR report #################
Net              : VGND
Corner           : nom_tt_025C_1v80
Total power      : 1.09e-03 W
Supply voltage   : 0.00e+00 V
Worstcase voltage: 4.76e-04 V
Average voltage  : 2.12e-04 V
Average IR drop  : 2.12e-04 V
Worstcase IR drop: 4.76e-04 V
Percentage drop  : 0.03 %
######################################
