
===========================================================================
Violator List
============================================================================
[setup in-out] sub -> S[21] : -0.414439
[setup in-out] sub -> S[30] : -0.352339
[setup in-out] sub -> S[23] : -0.350680
[setup in-out] sub -> S[28] : -0.340387
[setup in-out] sub -> S[31] : -0.333813
[setup in-out] sub -> S[22] : -0.330226
[setup in-out] sub -> S[10] : -0.311896
[setup in-out] sub -> S[24] : -0.276048
[setup in-out] sub -> S[20] : -0.272822
[setup in-out] sub -> S[15] : -0.254367
[setup in-out] sub -> carryOut : -0.250976
[setup in-out] sub -> S[11] : -0.247826
[setup in-out] sub -> S[26] : -0.244820
[setup in-out] sub -> S[13] : -0.238457
[setup in-out] sub -> S[29] : -0.228664
[setup in-out] sub -> S[25] : -0.221081
[setup in-out] sub -> S[27] : -0.175463
[setup in-out] sub -> S[19] : -0.157817
[setup in-out] sub -> S[17] : -0.151858
[setup in-out] sub -> S[18] : -0.133449
[setup in-out] sub -> S[7] : -0.119546
[setup in-out] sub -> S[9] : -0.108158
[setup in-out] sub -> S[14] : -0.105916
[setup in-out] sub -> S[12] : -0.062789
