
===========================================================================
Violator List
============================================================================
[setup in-out] sub -> S[21] : -1.937423
[setup in-out] sub -> S[20] : -1.832363
[setup in-out] sub -> S[22] : -1.684992
[setup in-out] sub -> S[23] : -1.682522
[setup in-out] sub -> S[30] : -1.673747
[setup in-out] sub -> S[31] : -1.660163
[setup in-out] sub -> S[28] : -1.616428
[setup in-out] sub -> S[27] : -1.600047
[setup in-out] sub -> S[11] : -1.588282
[setup in-out] sub -> S[17] : -1.587421
[setup in-out] sub -> S[15] : -1.585213
[setup in-out] sub -> S[24] : -1.584825
[setup in-out] sub -> S[26] : -1.568516
[setup in-out] sub -> S[29] : -1.562392
[setup in-out] sub -> carryOut : -1.552056
[setup in-out] sub -> S[19] : -1.550831
[setup in-out] sub -> S[25] : -1.532849
[setup in-out] sub -> S[14] : -1.500591
[setup in-out] sub -> S[9] : -1.465849
[setup in-out] sub -> S[18] : -1.413419
[setup in-out] sub -> S[10] : -1.413257
[setup in-out] sub -> S[13] : -1.403301
[setup in-out] sub -> S[7] : -1.362618
[setup in-out] sub -> S[16] : -1.337155
[setup in-out] sub -> S[8] : -1.292114
[setup in-out] sub -> S[6] : -1.265371
[setup in-out] sub -> S[12] : -1.253828
[setup in-out] sub -> S[5] : -1.135884
[setup in-out] sub -> S[4] : -0.937224
[setup in-out] sub -> S[3] : -0.914415
[setup in-out] sub -> S[2] : -0.789362
[setup in-out] sub -> S[1] : -0.469478
Writing metric timing__hold_vio__count__corner:nom_tt_025C_1v80: 0
Writing metric timing__hold_r2r__ws__corner:nom_tt_025C_1v80: 1e30
Writing metric timing__hold_r2r_vio__count__corner:nom_tt_025C_1v80: 0
Writing metric timing__setup_vio__count__corner:nom_tt_025C_1v80: 32
Writing metric timing__setup_r2r__ws__corner:nom_tt_025C_1v80: 1e30
Writing metric timing__setup_r2r_vio__count__corner:nom_tt_025C_1v80: 0
