
===========================================================================
Violator List
============================================================================
[setup in-out] sub -> S[18] : -1.009792
[setup in-out] sub -> S[17] : -1.008569
[setup in-out] sub -> S[23] : -0.993918
[setup in-out] sub -> S[11] : -0.989420
[setup in-out] sub -> S[21] : -0.986331
[setup in-out] sub -> S[26] : -0.962816
[setup in-out] sub -> S[22] : -0.961030
[setup in-out] sub -> S[24] : -0.941294
[setup in-out] sub -> S[19] : -0.927006
[setup in-out] sub -> S[20] : -0.926790
[setup in-out] sub -> S[15] : -0.910667
[setup in-out] sub -> S[31] : -0.907866
[setup in-out] sub -> S[9] : -0.877503
[setup in-out] sub -> carryOut : -0.875191
[setup in-out] sub -> S[6] : -0.866891
[setup in-out] sub -> S[29] : -0.862052
[setup in-out] sub -> S[25] : -0.858649
[setup in-out] sub -> S[30] : -0.850565
[setup in-out] sub -> S[13] : -0.843248
[setup in-out] sub -> S[28] : -0.837902
[setup in-out] sub -> S[27] : -0.834253
[setup in-out] sub -> S[7] : -0.828298
[setup in-out] sub -> S[10] : -0.802812
[setup in-out] sub -> S[16] : -0.793750
[setup in-out] sub -> S[8] : -0.757411
[setup in-out] sub -> S[14] : -0.742301
[setup in-out] sub -> S[5] : -0.624581
[setup in-out] sub -> S[12] : -0.594876
[setup in-out] sub -> S[4] : -0.531194
[setup in-out] sub -> S[3] : -0.360278
[setup in-out] sub -> S[2] : -0.286664
[setup in-out] sub -> S[1] : -0.011657
