
===========================================================================
report_checks -unconstrained
===========================================================================
======================= min_ss_100C_1v60 Corner ===================================

Startpoint: sub (input port clocked by __VIRTUAL_CLK__)
Endpoint: S[22] (output port clocked by __VIRTUAL_CLK__)
Path Group: __VIRTUAL_CLK__
Path Type: max

Fanout         Cap        Slew       Delay        Time   Description
---------------------------------------------------------------------------------------------
                      0.000000    0.000000    0.000000   clock __VIRTUAL_CLK__ (rise edge)
                                  0.000000    0.000000   clock network delay (ideal)
                                  0.800000    0.800000 v input external delay
     1    0.010251    0.048364    0.033699    0.833699 v sub (in)
                                                         sub (net)
                      0.048365    0.000000    0.833699 v input65/A (sky130_fd_sc_hd__buf_12)
     8    0.048176    0.071216    0.253733    1.087432 v input65/X (sky130_fd_sc_hd__buf_12)
                                                         net65 (net)
                      0.071225    0.000863    1.088295 v fanout106/A (sky130_fd_sc_hd__buf_8)
     3    0.011945    0.043522    0.222801    1.311096 v fanout106/X (sky130_fd_sc_hd__buf_8)
                                                         net106 (net)
                      0.043522    0.000112    1.311208 v fanout102/A (sky130_fd_sc_hd__buf_8)
     2    0.011224    0.042960    0.208521    1.519729 v fanout102/X (sky130_fd_sc_hd__buf_8)
                                                         net102 (net)
                      0.042960    0.000219    1.519948 v load_slew103/A (sky130_fd_sc_hd__buf_8)
     5    0.024878    0.056757    0.225792    1.745740 v load_slew103/X (sky130_fd_sc_hd__buf_8)
                                                         net103 (net)
                      0.056759    0.000426    1.746166 v fanout100/A (sky130_fd_sc_hd__buf_8)
     5    0.022546    0.054128    0.229497    1.975663 v fanout100/X (sky130_fd_sc_hd__buf_8)
                                                         net100 (net)
                      0.054128    0.000220    1.975883 v load_slew101/A (sky130_fd_sc_hd__buf_8)
     4    0.020056    0.051570    0.225012    2.200895 v load_slew101/X (sky130_fd_sc_hd__buf_8)
                                                         net101 (net)
                      0.051570    0.000202    2.201097 v _364_/A2 (sky130_fd_sc_hd__o21ai_4)
     2    0.012793    0.239770    0.253055    2.454152 ^ _364_/Y (sky130_fd_sc_hd__o21ai_4)
                                                         _093_ (net)
                      0.239770    0.000207    2.454359 ^ _365_/B1 (sky130_fd_sc_hd__a21oi_4)
     2    0.004779    0.099156    0.108822    2.563181 v _365_/Y (sky130_fd_sc_hd__a21oi_4)
                                                         _094_ (net)
                      0.099156    0.000046    2.563227 v _376_/A_N (sky130_fd_sc_hd__nand4b_4)
     2    0.011483    0.188721    0.377565    2.940793 v _376_/Y (sky130_fd_sc_hd__nand4b_4)
                                                         _105_ (net)
                      0.188721    0.000095    2.940888 v _377_/A (sky130_fd_sc_hd__nor2_4)
     3    0.023361    0.276690    0.359225    3.300113 ^ _377_/Y (sky130_fd_sc_hd__nor2_4)
                                                         _106_ (net)
                      0.276690    0.000484    3.300597 ^ _410_/A (sky130_fd_sc_hd__nand4_4)
     3    0.020392    0.265061    0.317634    3.618231 v _410_/Y (sky130_fd_sc_hd__nand4_4)
                                                         _139_ (net)
                      0.265061    0.000297    3.618529 v _415_/C (sky130_fd_sc_hd__nand3_4)
     3    0.028575    0.189173    0.302545    3.921074 ^ _415_/Y (sky130_fd_sc_hd__nand3_4)
                                                         _144_ (net)
                      0.189173    0.000301    3.921375 ^ _424_/B1 (sky130_fd_sc_hd__o22ai_4)
     2    0.015211    0.139066    0.213085    4.134459 v _424_/Y (sky130_fd_sc_hd__o22ai_4)
                                                         _153_ (net)
                      0.139067    0.000492    4.134951 v _470_/B1 (sky130_fd_sc_hd__o22ai_4)
     7    0.043325    0.579593    0.539834    4.674785 ^ _470_/Y (sky130_fd_sc_hd__o22ai_4)
                                                         _195_ (net)
                      0.579596    0.001181    4.675966 ^ rebuffer124/A (sky130_fd_sc_hd__buf_6)
     1    0.005393    0.051703    0.359979    5.035945 ^ rebuffer124/X (sky130_fd_sc_hd__buf_6)
                                                         net124 (net)
                      0.051703    0.000067    5.036012 ^ _495_/A1 (sky130_fd_sc_hd__a211o_4)
     1    0.009688    0.071890    0.245951    5.281962 ^ _495_/X (sky130_fd_sc_hd__a211o_4)
                                                         _218_ (net)
                      0.071891    0.000123    5.282085 ^ _497_/A (sky130_fd_sc_hd__nand2_4)
     1    0.006849    0.054064    0.085432    5.367517 v _497_/Y (sky130_fd_sc_hd__nand2_4)
                                                         net80 (net)
                      0.054064    0.000066    5.367583 v output80/A (sky130_fd_sc_hd__buf_8)
     1    0.034589    0.067879    0.243550    5.611133 v output80/X (sky130_fd_sc_hd__buf_8)
                                                         S[22] (net)
                      0.067881    0.000483    5.611615 v S[22] (out)
                                              5.611615   data arrival time

                      0.000000    4.000000    4.000000   clock __VIRTUAL_CLK__ (rise edge)
                                  0.000000    4.000000   clock network delay (ideal)
                                 -0.250000    3.750000   clock uncertainty
                                  0.000000    3.750000   clock reconvergence pessimism
                                 -0.800000    2.950000   output external delay
                                              2.950000   data required time
---------------------------------------------------------------------------------------------
                                              2.950000   data required time
                                             -5.611615   data arrival time
---------------------------------------------------------------------------------------------
                                             -2.661615   slack (VIOLATED)




===========================================================================
report_checks --slack_max -0.01
============================================================================
======================= min_ss_100C_1v60 Corner ===================================

Startpoint: sub (input port clocked by __VIRTUAL_CLK__)
Endpoint: S[22] (output port clocked by __VIRTUAL_CLK__)
Path Group: __VIRTUAL_CLK__
Path Type: max

Fanout         Cap        Slew       Delay        Time   Description
---------------------------------------------------------------------------------------------
                      0.000000    0.000000    0.000000   clock __VIRTUAL_CLK__ (rise edge)
                                  0.000000    0.000000   clock network delay (ideal)
                                  0.800000    0.800000 v input external delay
     1    0.010251    0.048364    0.033699    0.833699 v sub (in)
                                                         sub (net)
                      0.048365    0.000000    0.833699 v input65/A (sky130_fd_sc_hd__buf_12)
     8    0.048176    0.071216    0.253733    1.087432 v input65/X (sky130_fd_sc_hd__buf_12)
                                                         net65 (net)
                      0.071225    0.000863    1.088295 v fanout106/A (sky130_fd_sc_hd__buf_8)
     3    0.011945    0.043522    0.222801    1.311096 v fanout106/X (sky130_fd_sc_hd__buf_8)
                                                         net106 (net)
                      0.043522    0.000112    1.311208 v fanout102/A (sky130_fd_sc_hd__buf_8)
     2    0.011224    0.042960    0.208521    1.519729 v fanout102/X (sky130_fd_sc_hd__buf_8)
                                                         net102 (net)
                      0.042960    0.000219    1.519948 v load_slew103/A (sky130_fd_sc_hd__buf_8)
     5    0.024878    0.056757    0.225792    1.745740 v load_slew103/X (sky130_fd_sc_hd__buf_8)
                                                         net103 (net)
                      0.056759    0.000426    1.746166 v fanout100/A (sky130_fd_sc_hd__buf_8)
     5    0.022546    0.054128    0.229497    1.975663 v fanout100/X (sky130_fd_sc_hd__buf_8)
                                                         net100 (net)
                      0.054128    0.000220    1.975883 v load_slew101/A (sky130_fd_sc_hd__buf_8)
     4    0.020056    0.051570    0.225012    2.200895 v load_slew101/X (sky130_fd_sc_hd__buf_8)
                                                         net101 (net)
                      0.051570    0.000202    2.201097 v _364_/A2 (sky130_fd_sc_hd__o21ai_4)
     2    0.012793    0.239770    0.253055    2.454152 ^ _364_/Y (sky130_fd_sc_hd__o21ai_4)
                                                         _093_ (net)
                      0.239770    0.000207    2.454359 ^ _365_/B1 (sky130_fd_sc_hd__a21oi_4)
     2    0.004779    0.099156    0.108822    2.563181 v _365_/Y (sky130_fd_sc_hd__a21oi_4)
                                                         _094_ (net)
                      0.099156    0.000046    2.563227 v _376_/A_N (sky130_fd_sc_hd__nand4b_4)
     2    0.011483    0.188721    0.377565    2.940793 v _376_/Y (sky130_fd_sc_hd__nand4b_4)
                                                         _105_ (net)
                      0.188721    0.000095    2.940888 v _377_/A (sky130_fd_sc_hd__nor2_4)
     3    0.023361    0.276690    0.359225    3.300113 ^ _377_/Y (sky130_fd_sc_hd__nor2_4)
                                                         _106_ (net)
                      0.276690    0.000484    3.300597 ^ _410_/A (sky130_fd_sc_hd__nand4_4)
     3    0.020392    0.265061    0.317634    3.618231 v _410_/Y (sky130_fd_sc_hd__nand4_4)
                                                         _139_ (net)
                      0.265061    0.000297    3.618529 v _415_/C (sky130_fd_sc_hd__nand3_4)
     3    0.028575    0.189173    0.302545    3.921074 ^ _415_/Y (sky130_fd_sc_hd__nand3_4)
                                                         _144_ (net)
                      0.189173    0.000301    3.921375 ^ _424_/B1 (sky130_fd_sc_hd__o22ai_4)
     2    0.015211    0.139066    0.213085    4.134459 v _424_/Y (sky130_fd_sc_hd__o22ai_4)
                                                         _153_ (net)
                      0.139067    0.000492    4.134951 v _470_/B1 (sky130_fd_sc_hd__o22ai_4)
     7    0.043325    0.579593    0.539834    4.674785 ^ _470_/Y (sky130_fd_sc_hd__o22ai_4)
                                                         _195_ (net)
                      0.579596    0.001181    4.675966 ^ rebuffer124/A (sky130_fd_sc_hd__buf_6)
     1    0.005393    0.051703    0.359979    5.035945 ^ rebuffer124/X (sky130_fd_sc_hd__buf_6)
                                                         net124 (net)
                      0.051703    0.000067    5.036012 ^ _495_/A1 (sky130_fd_sc_hd__a211o_4)
     1    0.009688    0.071890    0.245951    5.281962 ^ _495_/X (sky130_fd_sc_hd__a211o_4)
                                                         _218_ (net)
                      0.071891    0.000123    5.282085 ^ _497_/A (sky130_fd_sc_hd__nand2_4)
     1    0.006849    0.054064    0.085432    5.367517 v _497_/Y (sky130_fd_sc_hd__nand2_4)
                                                         net80 (net)
                      0.054064    0.000066    5.367583 v output80/A (sky130_fd_sc_hd__buf_8)
     1    0.034589    0.067879    0.243550    5.611133 v output80/X (sky130_fd_sc_hd__buf_8)
                                                         S[22] (net)
                      0.067881    0.000483    5.611615 v S[22] (out)
                                              5.611615   data arrival time

                      0.000000    4.000000    4.000000   clock __VIRTUAL_CLK__ (rise edge)
                                  0.000000    4.000000   clock network delay (ideal)
                                 -0.250000    3.750000   clock uncertainty
                                  0.000000    3.750000   clock reconvergence pessimism
                                 -0.800000    2.950000   output external delay
                                              2.950000   data required time
---------------------------------------------------------------------------------------------
                                              2.950000   data required time
                                             -5.611615   data arrival time
---------------------------------------------------------------------------------------------
                                             -2.661615   slack (VIOLATED)




===========================================================================
 report_check_types -max_slew -max_cap -max_fanout -violators
============================================================================
======================= min_ss_100C_1v60 Corner ===================================



===========================================================================
report_parasitic_annotation -report_unannotated
============================================================================
Found 0 unannotated drivers.
Found 0 partially unannotated drivers.

===========================================================================
max slew violation count 0
max fanout violation count 0
max cap violation count 0
============================================================================

===========================================================================
check_setup -verbose -unconstrained_endpoints -multiple_clock -no_clock -no_input_delay -loops -generated_clocks
===========================================================================
