Reading timing models for corner max_tt_025C_1v80…
Reading timing library for the 'max_tt_025C_1v80' corner at '/home/admin/.ciel/ciel/sky130/versions/8afc8346a57fe1ab7934ba5a6056ea8b43078e71/sky130A/libs.ref/sky130_fd_sc_hd/lib/sky130_fd_sc_hd__tt_025C_1v80.lib'…
Reading timing models for corner min_ss_100C_1v60…
Reading timing library for the 'min_ss_100C_1v60' corner at '/home/admin/.ciel/ciel/sky130/versions/8afc8346a57fe1ab7934ba5a6056ea8b43078e71/sky130A/libs.ref/sky130_fd_sc_hd/lib/sky130_fd_sc_hd__ss_100C_1v60.lib'…
Reading timing models for corner nom_tt_025C_1v80…
Reading timing library for the 'nom_tt_025C_1v80' corner at '/home/admin/.ciel/ciel/sky130/versions/8afc8346a57fe1ab7934ba5a6056ea8b43078e71/sky130A/libs.ref/sky130_fd_sc_hd/lib/sky130_fd_sc_hd__tt_025C_1v80.lib'…
[WARNING STA-1140] /home/admin/.ciel/ciel/sky130/versions/8afc8346a57fe1ab7934ba5a6056ea8b43078e71/sky130A/libs.ref/sky130_fd_sc_hd/lib/sky130_fd_sc_hd__tt_025C_1v80.lib line 1, library sky130_fd_sc_hd__tt_025C_1v80 already exists.
Reading timing models for corner max_ff_n40C_1v95…
Reading timing library for the 'max_ff_n40C_1v95' corner at '/home/admin/.ciel/ciel/sky130/versions/8afc8346a57fe1ab7934ba5a6056ea8b43078e71/sky130A/libs.ref/sky130_fd_sc_hd/lib/sky130_fd_sc_hd__ff_n40C_1v95.lib'…
Reading timing models for corner nom_ff_n40C_1v95…
Reading timing library for the 'nom_ff_n40C_1v95' corner at '/home/admin/.ciel/ciel/sky130/versions/8afc8346a57fe1ab7934ba5a6056ea8b43078e71/sky130A/libs.ref/sky130_fd_sc_hd/lib/sky130_fd_sc_hd__ff_n40C_1v95.lib'…
[WARNING STA-1140] /home/admin/.ciel/ciel/sky130/versions/8afc8346a57fe1ab7934ba5a6056ea8b43078e71/sky130A/libs.ref/sky130_fd_sc_hd/lib/sky130_fd_sc_hd__ff_n40C_1v95.lib line 1, library sky130_fd_sc_hd__ff_n40C_1v95 already exists.
Reading timing models for corner max_ss_100C_1v60…
Reading timing library for the 'max_ss_100C_1v60' corner at '/home/admin/.ciel/ciel/sky130/versions/8afc8346a57fe1ab7934ba5a6056ea8b43078e71/sky130A/libs.ref/sky130_fd_sc_hd/lib/sky130_fd_sc_hd__ss_100C_1v60.lib'…
[WARNING STA-1140] /home/admin/.ciel/ciel/sky130/versions/8afc8346a57fe1ab7934ba5a6056ea8b43078e71/sky130A/libs.ref/sky130_fd_sc_hd/lib/sky130_fd_sc_hd__ss_100C_1v60.lib line 1, library sky130_fd_sc_hd__ss_100C_1v60 already exists.
Reading timing models for corner min_tt_025C_1v80…
Reading timing library for the 'min_tt_025C_1v80' corner at '/home/admin/.ciel/ciel/sky130/versions/8afc8346a57fe1ab7934ba5a6056ea8b43078e71/sky130A/libs.ref/sky130_fd_sc_hd/lib/sky130_fd_sc_hd__tt_025C_1v80.lib'…
[WARNING STA-1140] /home/admin/.ciel/ciel/sky130/versions/8afc8346a57fe1ab7934ba5a6056ea8b43078e71/sky130A/libs.ref/sky130_fd_sc_hd/lib/sky130_fd_sc_hd__tt_025C_1v80.lib line 1, library sky130_fd_sc_hd__tt_025C_1v80 already exists.
Reading timing models for corner nom_ss_100C_1v60…
Reading timing library for the 'nom_ss_100C_1v60' corner at '/home/admin/.ciel/ciel/sky130/versions/8afc8346a57fe1ab7934ba5a6056ea8b43078e71/sky130A/libs.ref/sky130_fd_sc_hd/lib/sky130_fd_sc_hd__ss_100C_1v60.lib'…
[WARNING STA-1140] /home/admin/.ciel/ciel/sky130/versions/8afc8346a57fe1ab7934ba5a6056ea8b43078e71/sky130A/libs.ref/sky130_fd_sc_hd/lib/sky130_fd_sc_hd__ss_100C_1v60.lib line 1, library sky130_fd_sc_hd__ss_100C_1v60 already exists.
Reading timing models for corner min_ff_n40C_1v95…
Reading timing library for the 'min_ff_n40C_1v95' corner at '/home/admin/.ciel/ciel/sky130/versions/8afc8346a57fe1ab7934ba5a6056ea8b43078e71/sky130A/libs.ref/sky130_fd_sc_hd/lib/sky130_fd_sc_hd__ff_n40C_1v95.lib'…
[WARNING STA-1140] /home/admin/.ciel/ciel/sky130/versions/8afc8346a57fe1ab7934ba5a6056ea8b43078e71/sky130A/libs.ref/sky130_fd_sc_hd/lib/sky130_fd_sc_hd__ff_n40C_1v95.lib line 1, library sky130_fd_sc_hd__ff_n40C_1v95 already exists.
Reading OpenROAD database at '/home/admin/Documents/Projekty/Hobby/Nauka/RISC-5/.v/DDCA/code/exercises/ALUDesignIverilog/ALU/systemIverilog/build/runs/RUN_2026-09-29_09-14-42/34-openroad-detailedplacement/addsub32.odb'…
Reading design constraints file at '/nix/store/33pw6r3szpqrlxwi0ri36rfq68whzq26-python3-3.13.9-env/lib/python3.13/site-packages/librelane/scripts/base.sdc'…
[WARNING STA-0366] port '__VIRTUAL_CLK__' not found.
[INFO] Using clock __VIRTUAL_CLK__…
[INFO] Setting output delay to: 0.8
[INFO] Setting input delay to: 0.8
[WARNING STA-0366] port '__VIRTUAL_CLK__' not found.
[INFO] Setting load to: 0.033442
[INFO] Setting clock uncertainty to: 0.25
[INFO] Setting clock transition to: 0.1499999999999999944488848768742172978818416595458984375
[WARNING STA-0419] transition time can not be specified for virtual clocks.
[INFO] Setting timing derate to: 5.0%
[WARNING STA-0450] virtual clock __VIRTUAL_CLK__ can not be propagated.
[WARNING STA-0450] virtual clock __VIRTUAL_CLK__ can not be propagated.
+ repair_timing -verbose -setup -setup_margin 0.05000000000000000277555756156289135105907917022705078125 -max_buffer_percent 50.0
[INFO RSZ-0100] Repair move sequence: UnbufferMove SizeUpMove SwapPinsMove BufferMove CloneMove SplitLoadMove 
[INFO RSZ-0094] Found 33 endpoints with setup violations.
[INFO RSZ-0099] Repairing 33 out of 33 (100.00%) violating endpoints...
   Iter   | Removed | Resized | Inserted | Cloned |  Pin  |   Area   |    WNS   |   TNS      |  Viol  | Worst
          | Buffers |  Gates  | Buffers  |  Gates | Swaps |          |          |            | Endpts | Endpt
--------------------------------------------------------------------------------------------------------------
        0 |       0 |       0 |        0 |      0 |     0 |    +0.0% |   -5.209 |     -145.7 |     33 | S[30]
       10 |       0 |       9 |        0 |      0 |     0 |    +0.1% |   -4.740 |     -133.8 |     33 | S[23]
       20 |       0 |      17 |        2 |      0 |     1 |    +0.4% |   -4.556 |     -132.2 |     33 | S[15]
       30 |       0 |      27 |        2 |      0 |     1 |    +0.8% |   -4.416 |     -128.1 |     33 | S[26]
       40 |       0 |      36 |        3 |      0 |     1 |    +0.8% |   -4.301 |     -125.6 |     33 | S[27]
       50 |       0 |      46 |        3 |      0 |     1 |    +0.3% |   -4.243 |     -124.2 |     33 | S[20]
       60 |       0 |      56 |        3 |      0 |     1 |    +0.3% |   -4.150 |     -123.4 |     33 | S[25]
       70 |       0 |      65 |        3 |      0 |     2 |    +0.4% |   -4.124 |     -121.5 |     33 | S[28]
       80 |       0 |      73 |        4 |      0 |     3 |    +0.8% |   -4.030 |     -119.2 |     33 | S[25]
       90 |       0 |      81 |        5 |      0 |     4 |    +1.4% |   -3.997 |     -118.3 |     33 | S[7]
      100 |       0 |      91 |        5 |      0 |     4 |    +1.9% |   -3.909 |     -115.1 |     33 | S[21]
      110 |       0 |      99 |        6 |      0 |     5 |    +2.0% |   -3.768 |     -110.9 |     33 | S[31]
      120 |       0 |     106 |        8 |      0 |     7 |    +2.1% |   -3.664 |     -108.4 |     33 | S[28]
      130 |       0 |     116 |        8 |      0 |     7 |    +2.2% |   -3.200 |      -93.7 |     33 | S[21]
      140 |       0 |     124 |        8 |      0 |     9 |    +2.9% |   -3.182 |      -92.6 |     33 | S[21]
      150 |       0 |     127 |       13 |      0 |    11 |    +3.4% |   -3.081 |      -90.9 |     33 | S[22]
      160 |       0 |     136 |       14 |      0 |    11 |    +3.2% |   -3.014 |      -89.3 |     33 | S[15]
      170 |       0 |     146 |       14 |      0 |    11 |    +3.5% |   -2.979 |      -88.4 |     33 | carryOut
      180 |       0 |     155 |       15 |      0 |    11 |    +3.7% |   -2.914 |      -85.8 |     33 | S[28]
      190 |       0 |     164 |       15 |      0 |    12 |    +4.2% |   -2.889 |      -85.2 |     33 | S[26]
      200 |       0 |     173 |       15 |      0 |    13 |    +4.2% |   -2.850 |      -84.4 |     33 | S[21]
      210 |       0 |     178 |       18 |      0 |    15 |    +4.8% |   -2.790 |      -82.0 |     33 | S[22]
      220 |       0 |     187 |       18 |      0 |    16 |    +5.2% |   -2.749 |      -80.5 |     33 | S[22]
      230 |       0 |     191 |       20 |      0 |    20 |    +5.5% |   -2.750 |      -80.5 |     33 | S[21]
      240 |       0 |     197 |       22 |      0 |    22 |    +6.2% |   -2.702 |      -78.8 |     33 | S[21]
      250 |       0 |     204 |       24 |      0 |    23 |    +6.6% |   -2.666 |      -78.0 |     33 | S[21]
      260 |       0 |     212 |       25 |      0 |    24 |    +7.0% |   -2.644 |      -77.2 |     33 | S[20]
      270 |       0 |     220 |       27 |      0 |    24 |    +7.8% |   -2.537 |      -73.1 |     33 | S[21]
      274 |       0 |     223 |       28 |      0 |    24 |    +7.8% |   -2.506 |      -72.5 |     33 | S[21]
      280 |       0 |     227 |       28 |      0 |    25 |    +8.1% |   -2.509 |      -72.5 |     33 | S[21]
      281 |       0 |     225 |       28 |      0 |    24 |    +7.9% |   -2.506 |      -72.4 |     33 | S[21]
      282 |       0 |     225 |       28 |      0 |    24 |    +7.9% |   -2.506 |      -72.4 |     33 | S[21]
      287 |       0 |     227 |       28 |      0 |    26 |    +8.2% |   -2.506 |      -72.3 |     33 | S[21]
      290 |       0 |     229 |       28 |      0 |    26 |    +8.3% |   -2.522 |      -72.3 |     33 | S[21]
      290 |       0 |     227 |       28 |      0 |    26 |    +8.2% |   -2.506 |      -72.3 |     33 | S[21]
      298 |       0 |     232 |       28 |      0 |    28 |    +8.5% |   -2.505 |      -72.2 |     33 | S[21]
      300 |       0 |     233 |       28 |      0 |    28 |    +8.6% |   -2.552 |      -72.4 |     33 | S[21]
      310 |       0 |     239 |       30 |      0 |    30 |    +9.2% |   -2.549 |      -72.6 |     33 | S[21]
      314 |       0 |     232 |       28 |      0 |    28 |    +8.5% |   -2.505 |      -72.2 |     33 | S[21]
      320 |       0 |     237 |       28 |      0 |    28 |    +8.6% |   -2.509 |      -72.1 |     33 | S[21]
      324 |       0 |     236 |       28 |      0 |    28 |    +8.6% |   -2.505 |      -72.1 |     33 | S[21]
      330 |       0 |     240 |       28 |      0 |    29 |    +8.9% |   -2.529 |      -72.2 |     33 | S[21]
      339 |       0 |     236 |       28 |      0 |    28 |    +8.6% |   -2.505 |      -72.1 |     33 | S[21]
      340 |       0 |     236 |       28 |      0 |    28 |    +8.6% |   -2.505 |      -72.1 |     33 | S[21]
      347 |       0 |     240 |       28 |      0 |    28 |    +8.7% |   -2.505 |      -72.0 |     33 | S[21]
      350 |       0 |     242 |       28 |      0 |    28 |    +8.7% |   -2.505 |      -72.1 |     33 | S[21]
      360 |       0 |     250 |       28 |      0 |    30 |    +9.1% |   -2.530 |      -71.9 |     33 | S[21]
      360 |       0 |     240 |       28 |      0 |    28 |    +8.7% |   -2.505 |      -72.0 |     33 | S[21]
      370 |       0 |     247 |       29 |      0 |    29 |    +9.4% |   -2.550 |      -72.8 |     33 | S[21]
      380 |       0 |     252 |       31 |      0 |    32 |    +9.9% |   -2.551 |      -72.6 |     33 | S[21]
      390 |       0 |     259 |       33 |      0 |    33 |   +10.8% |   -2.590 |      -73.6 |     33 | S[21]
      398 |       0 |     242 |       28 |      0 |    28 |    +8.8% |   -2.505 |      -72.0 |     33 | S[21]
      400 |       0 |     243 |       28 |      0 |    28 |    +8.8% |   -2.532 |      -72.0 |     33 | S[21]
      402 |       0 |     242 |       28 |      0 |    28 |    +8.8% |   -2.505 |      -72.0 |     33 | S[21]
      410 |       0 |     248 |       28 |      0 |    29 |    +9.3% |   -2.529 |      -72.0 |     33 | S[21]
      413 |       0 |     244 |       28 |      0 |    28 |    +9.0% |   -2.505 |      -72.1 |     33 | S[21]
      420 |       0 |     250 |       28 |      0 |    28 |    +9.2% |   -2.550 |      -72.5 |     33 | S[21]
      430 |       0 |     255 |       30 |      0 |    31 |   +10.0% |   -2.550 |      -72.6 |     33 | S[21]
      440 |       0 |     262 |       31 |      0 |    33 |   +10.6% |   -2.568 |      -72.6 |     33 | S[21]
      450 |       0 |     269 |       33 |      0 |    34 |   +11.5% |   -2.564 |      -71.6 |     33 | S[21]
      457 |       0 |     246 |       28 |      0 |    28 |    +8.8% |   -2.505 |      -72.0 |     33 | S[21]
      460 |       0 |     248 |       28 |      0 |    28 |    +8.9% |   -2.529 |      -71.7 |     33 | S[21]
      470 |       0 |     256 |       29 |      0 |    29 |    +9.2% |   -2.530 |      -71.6 |     33 | S[21]
      473 |       0 |     247 |       28 |      0 |    28 |    +8.7% |   -2.505 |      -71.8 |     33 | S[21]
      480 |       0 |     252 |       28 |      0 |    29 |    +8.6% |   -2.506 |      -71.6 |     33 | S[21]
      484 |       0 |     252 |       29 |      0 |    29 |    +8.7% |   -2.500 |      -71.8 |     33 | S[21]
      490 |       0 |     257 |       29 |      0 |    29 |    +9.0% |   -2.535 |      -71.5 |     33 | S[21]
      500 |       0 |     261 |       31 |      0 |    33 |    +9.6% |   -2.504 |      -71.3 |     33 | S[21]
      510 |       0 |     266 |       33 |      0 |    36 |   +10.2% |   -2.504 |      -69.7 |     33 | S[21]
      520 |       0 |     273 |       35 |      0 |    37 |   +10.9% |   -2.505 |      -69.3 |     33 | S[21]
      530 |       0 |     280 |       36 |      0 |    39 |   +11.7% |   -2.515 |      -68.8 |     33 | S[21]
      537 |       0 |     254 |       29 |      0 |    29 |    +8.8% |   -2.500 |      -71.6 |     33 | S[21]
      540 |       0 |     256 |       29 |      0 |    29 |    +9.1% |   -2.547 |      -71.7 |     33 | S[21]
      550 |       0 |     265 |       31 |      0 |    29 |    +9.4% |   -2.547 |      -71.1 |     33 | S[21]
      560 |       0 |     272 |       32 |      0 |    31 |   +10.1% |   -2.483 |      -70.8 |     33 | S[24]
      560 |       0 |     270 |       32 |      0 |    29 |   +10.0% |   -2.483 |      -70.7 |     33 | S[24]
      570 |       0 |     277 |       32 |      0 |    31 |   +10.0% |   -2.483 |      -70.4 |     33 | S[24]
      570 |       0 |     277 |       32 |      0 |    29 |   +10.0% |   -2.483 |      -70.4 |     33 | S[24]
      580 |       0 |     284 |       34 |      0 |    29 |   +10.5% |   -2.483 |      -69.8 |     33 | S[24]
      590 |       0 |     291 |       36 |      0 |    30 |   +11.4% |   -2.529 |      -69.5 |     33 | S[22]
      600 |       0 |     298 |       40 |      0 |    30 |   +12.4% |   -2.533 |      -69.0 |     33 | S[22]
      604 |       0 |     286 |       35 |      0 |    29 |   +10.7% |   -2.483 |      -69.1 |     33 | S[24]
      610 |       0 |     291 |       35 |      0 |    29 |   +10.6% |   -2.483 |      -68.7 |     33 | S[24]
      620 |       0 |     298 |       38 |      0 |    29 |   +11.5% |   -2.487 |      -68.9 |     33 | S[24]
      630 |       0 |     307 |       39 |      0 |    29 |   +12.4% |   -2.487 |      -68.7 |     33 | S[24]
      631 |       0 |     293 |       35 |      0 |    29 |   +10.8% |   -2.483 |      -68.7 |     33 | S[24]
      640 |       0 |     300 |       36 |      0 |    29 |   +11.0% |   -2.483 |      -68.4 |     33 | S[24]
      650 |       0 |     309 |       37 |      0 |    29 |   +12.1% |   -2.487 |      -68.0 |     33 | S[24]
      660 |       0 |     315 |       38 |      0 |    32 |   +12.8% |   -2.491 |      -68.0 |     33 | S[24]
      660 |       0 |     299 |       35 |      0 |    29 |   +10.9% |   -2.483 |      -68.4 |     33 | S[24]
      670 |       0 |     306 |       35 |      0 |    31 |   +10.9% |   -2.483 |      -68.1 |     33 | S[24]
      680 |       0 |     315 |       36 |      0 |    31 |   +11.8% |   -2.491 |      -67.2 |     33 | S[24]
      687 |       0 |     306 |       35 |      0 |    29 |   +10.9% |   -2.483 |      -68.0 |     33 | S[24]
      690 |       0 |     308 |       35 |      0 |    29 |   +10.8% |   -2.483 |      -67.9 |     33 | S[24]
      700 |       0 |     317 |       37 |      0 |    29 |   +11.3% |   -2.483 |      -68.0 |     33 | S[24]
      701 |       0 |     314 |       35 |      0 |    29 |   +10.9% |   -2.483 |      -67.5 |     33 | S[24]
      710 |       0 |     322 |       35 |      0 |    29 |   +10.9% |   -2.483 |      -66.9 |     33 | S[24]
      713 |       0 |     322 |       35 |      0 |    29 |   +10.9% |   -2.483 |      -66.9 |     33 | S[24]
      720 |       0 |     328 |       35 |      0 |    29 |   +10.9% |   -2.483 |      -66.4 |     33 | S[24]
      730 |       0 |     335 |       37 |      0 |    30 |   +11.6% |   -2.487 |      -66.3 |     33 | S[24]
      740 |       0 |     343 |       40 |      0 |    30 |   +12.8% |   -2.491 |      -65.8 |     33 | S[24]
      743 |       0 |     330 |       35 |      0 |    29 |   +10.9% |   -2.483 |      -66.4 |     33 | S[24]
      750 |       0 |     336 |       35 |      0 |    29 |   +10.9% |   -2.483 |      -65.8 |     33 | S[24]
      760 |       0 |     342 |       39 |      0 |    29 |   +11.8% |   -2.487 |      -66.0 |     33 | S[24]
      770 |       0 |     351 |       40 |      0 |    29 |   +12.6% |   -2.487 |      -65.7 |     33 | S[24]
      772 |       0 |     336 |       35 |      0 |    29 |   +10.9% |   -2.483 |      -65.8 |     33 | S[24]
      780 |       0 |     343 |       35 |      0 |    29 |   +11.0% |   -2.483 |      -65.2 |     33 | S[24]
      790 |       0 |     350 |       39 |      0 |    29 |   +12.0% |   -2.483 |      -65.5 |     33 | S[24]
      800 |       0 |     356 |       41 |      0 |    31 |   +12.7% |   -2.483 |      -66.1 |     33 | S[24]
      802 |       0 |     353 |       39 |      0 |    30 |   +12.2% |   -2.483 |      -65.3 |     33 | S[24]
      810 |       0 |     360 |       39 |      0 |    30 |   +12.2% |   -2.483 |      -64.8 |     33 | S[24]
      820 |       0 |     366 |       41 |      0 |    32 |   +12.8% |   -2.483 |      -65.7 |     33 | S[24]
      820 |       0 |     362 |       39 |      0 |    30 |   +12.4% |   -2.483 |      -64.7 |     33 | S[24]
      830 |       0 |     371 |       39 |      0 |    30 |   +12.5% |   -2.483 |      -64.0 |     33 | S[24]
      840 |       0 |     379 |       42 |      0 |    30 |   +13.5% |   -2.491 |      -64.0 |     33 | S[24]
      845 |       0 |     370 |       39 |      0 |    30 |   +12.4% |   -2.483 |      -64.1 |     33 | S[24]
      850 |       0 |     374 |       39 |      0 |    30 |   +12.3% |   -2.483 |      -63.6 |     33 | S[24]
      860 |       0 |     382 |       40 |      0 |    31 |   +12.8% |   -2.483 |      -64.1 |     33 | S[24]
      860 |       0 |     379 |       39 |      0 |    30 |   +12.5% |   -2.483 |      -63.6 |     33 | S[24]
      861 |       0 |     379 |       39 |      0 |    30 |   +12.5% |   -2.483 |      -63.6 |     32 | S[24]
     862* |       0 |     379 |       39 |      0 |    30 |   +12.5% |   -2.483 |      -63.6 |     32 | S[24]
     864* |       0 |     380 |       39 |      0 |    30 |   +12.7% |   -2.483 |      -63.4 |     32 | S[24]
     865* |       0 |     380 |       39 |      0 |    30 |   +12.7% |   -2.483 |      -63.4 |     32 | S[24]
     866* |       0 |     380 |       39 |      0 |    30 |   +12.7% |   -2.483 |      -63.4 |     32 | S[24]
     869* |       0 |     381 |       39 |      0 |    31 |   +12.7% |   -2.483 |      -63.4 |     32 | S[24]
     870* |       0 |     381 |       39 |      0 |    31 |   +12.7% |   -2.483 |      -63.4 |     32 | S[24]
     871* |       0 |     382 |       39 |      0 |    31 |   +12.8% |   -2.483 |      -63.4 |     32 | S[24]
     872* |       0 |     382 |       39 |      0 |    31 |   +12.8% |   -2.483 |      -63.4 |     32 | S[24]
     873* |       0 |     382 |       39 |      0 |    31 |   +12.8% |   -2.483 |      -63.4 |     32 | S[24]
     874* |       0 |     382 |       39 |      0 |    31 |   +12.8% |   -2.483 |      -63.4 |     32 | S[24]
     876* |       0 |     383 |       39 |      0 |    31 |   +12.8% |   -2.483 |      -63.3 |     32 | S[24]
     877* |       0 |     383 |       39 |      0 |    31 |   +12.8% |   -2.483 |      -63.3 |     32 | S[24]
     878* |       0 |     383 |       39 |      0 |    31 |   +12.8% |   -2.483 |      -63.3 |     32 | S[24]
     879* |       0 |     383 |       39 |      0 |    31 |   +12.8% |   -2.483 |      -63.3 |     32 | S[24]
     880* |       0 |     383 |       39 |      0 |    31 |   +12.8% |   -2.483 |      -63.3 |     32 | S[24]
     880* |       0 |     383 |       39 |      0 |    31 |   +12.8% |   -2.483 |      -63.3 |     32 | S[24]
     881* |       0 |     383 |       39 |      0 |    31 |   +12.8% |   -2.483 |      -63.3 |     32 | S[24]
     882* |       0 |     383 |       39 |      0 |    31 |   +12.8% |   -2.483 |      -63.3 |     32 | S[24]
     883* |       0 |     383 |       39 |      0 |    31 |   +12.8% |   -2.483 |      -63.3 |     32 | S[24]
     885* |       0 |     384 |       39 |      0 |    31 |   +12.9% |   -2.483 |      -63.3 |     32 | S[24]
     890* |       0 |     388 |       39 |      0 |    31 |   +13.0% |   -2.483 |      -63.2 |     32 | S[24]
     891* |       0 |     389 |       39 |      0 |    31 |   +13.1% |   -2.483 |      -62.8 |     32 | S[24]
     892* |       0 |     389 |       39 |      0 |    31 |   +13.1% |   -2.483 |      -62.8 |     32 | S[24]
     894* |       0 |     390 |       39 |      0 |    31 |   +13.3% |   -2.483 |      -62.8 |     32 | S[24]
     895* |       0 |     390 |       39 |      0 |    31 |   +13.3% |   -2.483 |      -62.8 |     32 | S[24]
     898* |       0 |     392 |       39 |      0 |    31 |   +13.4% |   -2.483 |      -62.7 |     32 | S[24]
     899* |       0 |     392 |       39 |      0 |    31 |   +13.4% |   -2.483 |      -62.7 |     32 | S[24]
     900* |       0 |     392 |       39 |      0 |    31 |   +13.4% |   -2.483 |      -62.7 |     32 | S[24]
     900* |       0 |     392 |       39 |      0 |    31 |   +13.4% |   -2.483 |      -62.7 |     32 | S[24]
     903* |       0 |     394 |       39 |      0 |    31 |   +13.4% |   -2.483 |      -62.7 |     32 | S[24]
     906* |       0 |     396 |       39 |      0 |    31 |   +13.5% |   -2.483 |      -62.6 |     32 | S[24]
     907* |       0 |     396 |       39 |      0 |    31 |   +13.5% |   -2.483 |      -62.6 |     32 | S[24]
     909* |       0 |     397 |       39 |      0 |    31 |   +13.6% |   -2.483 |      -62.6 |     32 | S[24]
     910* |       0 |     397 |       39 |      0 |    31 |   +13.6% |   -2.483 |      -62.6 |     32 | S[24]
     910* |       0 |     397 |       39 |      0 |    31 |   +13.6% |   -2.483 |      -62.6 |     32 | S[24]
     911* |       0 |     397 |       39 |      0 |    31 |   +13.6% |   -2.483 |      -62.6 |     32 | S[24]
     913* |       0 |     398 |       39 |      0 |    31 |   +13.6% |   -2.483 |      -62.6 |     32 | S[24]
    final |       0 |     398 |       39 |      0 |    31 |   +13.6% |   -2.483 |      -62.6 |     32 | S[24]
--------------------------------------------------------------------------------------------------------------
[INFO RSZ-0040] Inserted 39 buffers.
[INFO RSZ-0051] Resized 398 instances: 398 up, 0 up match, 0 down, 0 VT
[INFO RSZ-0043] Swapped pins on 31 instances.
[WARNING RSZ-0062] Unable to repair all setup violations.
+ repair_timing -verbose -hold -setup_margin 0.05000000000000000277555756156289135105907917022705078125 -hold_margin 0.1000000000000000055511151231257827021181583404541015625 -max_buffer_percent 50.0
[INFO RSZ-0033] No hold violations found.
+ detailed_placement -max_displacement  500 100 
Placement Analysis
---------------------------------
total displacement        644.5 u
average displacement        0.8 u
max displacement           14.7 u
original HPWL            9293.7 u
legalized HPWL          10207.2 u
delta HPWL                   10 %

[INFO DPL-0020] Mirrored 234 instances
[INFO DPL-0021] HPWL before           10207.2 u
[INFO DPL-0022] HPWL after             9718.1 u
[INFO DPL-0023] HPWL delta               -4.8 %
Setting global connections for newly added cells…
[INFO] Setting global connections...
[INFO ODB-0403] 156 connections made, 0 conflicts skipped.
Updating metrics…
Cell type report:                       Count       Area
  Fill cell                                82     307.80
  Tap cell                                172     215.21
  Timing Repair Buffer                    160    1486.43
  Inverter                                  7      42.54
  Multi-Input combinational cell          375    4251.58
  Total                                   796    6303.55
Writing OpenROAD database to '/home/admin/Documents/Projekty/Hobby/Nauka/RISC-5/.v/DDCA/code/exercises/ALUDesignIverilog/ALU/systemIverilog/build/runs/RUN_2026-09-29_09-14-42/36-openroad-resizertimingpostcts/addsub32.odb'…
Writing netlist to '/home/admin/Documents/Projekty/Hobby/Nauka/RISC-5/.v/DDCA/code/exercises/ALUDesignIverilog/ALU/systemIverilog/build/runs/RUN_2026-09-29_09-14-42/36-openroad-resizertimingpostcts/addsub32.nl.v'…
Writing powered netlist to '/home/admin/Documents/Projekty/Hobby/Nauka/RISC-5/.v/DDCA/code/exercises/ALUDesignIverilog/ALU/systemIverilog/build/runs/RUN_2026-09-29_09-14-42/36-openroad-resizertimingpostcts/addsub32.pnl.v'…
Writing layout to '/home/admin/Documents/Projekty/Hobby/Nauka/RISC-5/.v/DDCA/code/exercises/ALUDesignIverilog/ALU/systemIverilog/build/runs/RUN_2026-09-29_09-14-42/36-openroad-resizertimingpostcts/addsub32.def'…
Writing timing constraints to '/home/admin/Documents/Projekty/Hobby/Nauka/RISC-5/.v/DDCA/code/exercises/ALUDesignIverilog/ALU/systemIverilog/build/runs/RUN_2026-09-29_09-14-42/36-openroad-resizertimingpostcts/addsub32.sdc'…
