
===========================================================================
report_checks -unconstrained
===========================================================================
======================= min_ff_n40C_1v95 Corner ===================================

Startpoint: sub (input port clocked by __VIRTUAL_CLK__)
Endpoint: S[21] (output port clocked by __VIRTUAL_CLK__)
Path Group: __VIRTUAL_CLK__
Path Type: max

Fanout         Cap        Slew       Delay        Time   Description
---------------------------------------------------------------------------------------------
                      0.000000    0.000000    0.000000   clock __VIRTUAL_CLK__ (rise edge)
                                  0.000000    0.000000   clock network delay (ideal)
                                  0.800000    0.800000 v input external delay
     1    0.007555    0.012355    0.007472    0.807472 v sub (in)
                                                         sub (net)
                      0.012355    0.000000    0.807472 v input65/A (sky130_fd_sc_hd__buf_8)
     4    0.038669    0.031908    0.087948    0.895420 v input65/X (sky130_fd_sc_hd__buf_8)
                                                         net65 (net)
                      0.031959    0.001186    0.896607 v fanout115/A (sky130_fd_sc_hd__buf_6)
     2    0.007272    0.017517    0.076682    0.973288 v fanout115/X (sky130_fd_sc_hd__buf_6)
                                                         net115 (net)
                      0.017517    0.000075    0.973363 v fanout113/A (sky130_fd_sc_hd__buf_6)
     2    0.008549    0.018187    0.071608    1.044971 v fanout113/X (sky130_fd_sc_hd__buf_6)
                                                         net113 (net)
                      0.018187    0.000092    1.045063 v fanout111/A (sky130_fd_sc_hd__buf_6)
     3    0.015982    0.022350    0.077969    1.123032 v fanout111/X (sky130_fd_sc_hd__buf_6)
                                                         net111 (net)
                      0.022350    0.000123    1.123154 v load_slew112/A (sky130_fd_sc_hd__buf_8)
     7    0.035152    0.030094    0.090211    1.213365 v load_slew112/X (sky130_fd_sc_hd__buf_8)
                                                         net112 (net)
                      0.030097    0.000326    1.213691 v _705_/A (sky130_fd_sc_hd__and2_4)
     4    0.018569    0.035031    0.107150    1.320841 v _705_/X (sky130_fd_sc_hd__and2_4)
                                                         _044_ (net)
                      0.035032    0.000195    1.321036 v _707_/A1 (sky130_fd_sc_hd__o21bai_4)
     2    0.013859    0.105935    0.122562    1.443598 ^ _707_/Y (sky130_fd_sc_hd__o21bai_4)
                                                         _046_ (net)
                      0.105935    0.000313    1.443911 ^ _711_/A (sky130_fd_sc_hd__nand4_4)
     4    0.020509    0.087446    0.084050    1.527961 v _711_/Y (sky130_fd_sc_hd__nand4_4)
                                                         _050_ (net)
                      0.087447    0.000257    1.528218 v _727_/B (sky130_fd_sc_hd__nor2_4)
     3    0.025348    0.129818    0.139896    1.668114 ^ _727_/Y (sky130_fd_sc_hd__nor2_4)
                                                         _066_ (net)
                      0.129820    0.000454    1.668568 ^ _430_/B (sky130_fd_sc_hd__nand4_4)
     2    0.013557    0.073830    0.081909    1.750477 v _430_/Y (sky130_fd_sc_hd__nand4_4)
                                                         _155_ (net)
                      0.073830    0.000149    1.750625 v _436_/C (sky130_fd_sc_hd__nand3_4)
     3    0.033371    0.102937    0.119622    1.870247 ^ _436_/Y (sky130_fd_sc_hd__nand3_4)
                                                         _161_ (net)
                      0.102940    0.000691    1.870938 ^ _437_/A1 (sky130_fd_sc_hd__o21bai_4)
     5    0.022782    0.062006    0.071644    1.942582 v _437_/Y (sky130_fd_sc_hd__o21bai_4)
                                                         _162_ (net)
                      0.062022    0.000848    1.943430 v _482_/B1 (sky130_fd_sc_hd__o22ai_4)
     5    0.037268    0.218714    0.209782    2.153212 ^ _482_/Y (sky130_fd_sc_hd__o22ai_4)
                                                         _203_ (net)
                      0.218721    0.000990    2.154201 ^ _483_/B (sky130_fd_sc_hd__nand2_4)
     3    0.016568    0.056435    0.049028    2.203229 v _483_/Y (sky130_fd_sc_hd__nand2_4)
                                                         _204_ (net)
                      0.056436    0.000184    2.203413 v _494_/A2_N (sky130_fd_sc_hd__o2bb2ai_4)
     1    0.009706    0.040500    0.081364    2.284777 v _494_/Y (sky130_fd_sc_hd__o2bb2ai_4)
                                                         _214_ (net)
                      0.040500    0.000143    2.284920 v _495_/B (sky130_fd_sc_hd__nand2_4)
     1    0.008427    0.036369    0.052904    2.337825 ^ _495_/Y (sky130_fd_sc_hd__nand2_4)
                                                         net79 (net)
                      0.036369    0.000082    2.337907 ^ output79/A (sky130_fd_sc_hd__buf_8)
     1    0.034912    0.050038    0.084499    2.422406 ^ output79/X (sky130_fd_sc_hd__buf_8)
                                                         S[21] (net)
                      0.050043    0.000572    2.422978 ^ S[21] (out)
                                              2.422978   data arrival time

                      0.000000    4.000000    4.000000   clock __VIRTUAL_CLK__ (rise edge)
                                  0.000000    4.000000   clock network delay (ideal)
                                 -0.250000    3.750000   clock uncertainty
                                  0.000000    3.750000   clock reconvergence pessimism
                                 -0.800000    2.950000   output external delay
                                              2.950000   data required time
---------------------------------------------------------------------------------------------
                                              2.950000   data required time
                                             -2.422978   data arrival time
---------------------------------------------------------------------------------------------
                                              0.527022   slack (MET)




===========================================================================
report_checks --slack_max -0.01
============================================================================
======================= min_ff_n40C_1v95 Corner ===================================

No paths found.


===========================================================================
 report_check_types -max_slew -max_cap -max_fanout -violators
============================================================================
======================= min_ff_n40C_1v95 Corner ===================================



===========================================================================
report_parasitic_annotation -report_unannotated
============================================================================
Found 0 unannotated drivers.
Found 0 partially unannotated drivers.

===========================================================================
max slew violation count 0
max fanout violation count 0
max cap violation count 0
============================================================================

===========================================================================
check_setup -verbose -unconstrained_endpoints -multiple_clock -no_clock -no_input_delay -loops -generated_clocks
===========================================================================
