
===========================================================================
report_checks -path_delay min (Hold)
============================================================================
======================= min_ff_n40C_1v95 Corner ===================================

Startpoint: A[31] (input port clocked by __VIRTUAL_CLK__)
Endpoint: carryOut (output port clocked by __VIRTUAL_CLK__)
Path Group: __VIRTUAL_CLK__
Path Type: min

Fanout         Cap        Slew       Delay        Time   Description
---------------------------------------------------------------------------------------------
                      0.000000    0.000000    0.000000   clock __VIRTUAL_CLK__ (rise edge)
                                  0.000000    0.000000   clock network delay (ideal)
                                  0.800000    0.800000 v input external delay
     1    0.003895    0.006338    0.003065    0.803065 v A[31] (in)
                                                         A[31] (net)
                      0.006339    0.000000    0.803065 v input25/A (sky130_fd_sc_hd__clkdlybuf4s25_1)
     2    0.008493    0.053057    0.163070    0.966136 v input25/X (sky130_fd_sc_hd__clkdlybuf4s25_1)
                                                         net25 (net)
                      0.053057    0.000109    0.966245 v _333_/A (sky130_fd_sc_hd__nand2_2)
     2    0.012289    0.054602    0.063398    1.029643 ^ _333_/Y (sky130_fd_sc_hd__nand2_2)
                                                         _188_ (net)
                      0.054602    0.000133    1.029776 ^ _369_/B1 (sky130_fd_sc_hd__o21ai_2)
     1    0.004755    0.022227    0.024007    1.053783 v _369_/Y (sky130_fd_sc_hd__o21ai_2)
                                                         net98 (net)
                      0.022227    0.000022    1.053805 v output98/A (sky130_fd_sc_hd__buf_6)
     1    0.036830    0.033475    0.083798    1.137603 v output98/X (sky130_fd_sc_hd__buf_6)
                                                         carryOut (net)
                      0.033491    0.000635    1.138238 v carryOut (out)
                                              1.138238   data arrival time

                      0.000000    0.000000    0.000000   clock __VIRTUAL_CLK__ (rise edge)
                                  0.000000    0.000000   clock network delay (ideal)
                                  0.250000    0.250000   clock uncertainty
                                  0.000000    0.250000   clock reconvergence pessimism
                                 -0.800000   -0.550000   output external delay
                                             -0.550000   data required time
---------------------------------------------------------------------------------------------
                                             -0.550000   data required time
                                             -1.138238   data arrival time
---------------------------------------------------------------------------------------------
                                              1.688238   slack (MET)


Startpoint: B[0] (input port clocked by __VIRTUAL_CLK__)
Endpoint: S[1] (output port clocked by __VIRTUAL_CLK__)
Path Group: __VIRTUAL_CLK__
Path Type: min

Fanout         Cap        Slew       Delay        Time   Description
---------------------------------------------------------------------------------------------
                      0.000000    0.000000    0.000000   clock __VIRTUAL_CLK__ (rise edge)
                                  0.000000    0.000000   clock network delay (ideal)
                                  0.800000    0.800000 ^ input external delay
     1    0.003358    0.015911    0.008245    0.808245 ^ B[0] (in)
                                                         B[0] (net)
                      0.015911    0.000000    0.808245 ^ input33/A (sky130_fd_sc_hd__clkbuf_2)
     3    0.023439    0.101406    0.106580    0.914825 ^ input33/X (sky130_fd_sc_hd__clkbuf_2)
                                                         net33 (net)
                      0.101407    0.000252    0.915078 ^ _338_/S (sky130_fd_sc_hd__mux2_4)
     1    0.009063    0.033773    0.108066    1.023144 ^ _338_/X (sky130_fd_sc_hd__mux2_4)
                                                         _191_ (net)
                      0.033788    0.000096    1.023240 ^ _339_/B (sky130_fd_sc_hd__xnor2_2)
     1    0.005080    0.023932    0.033341    1.056581 v _339_/Y (sky130_fd_sc_hd__xnor2_2)
                                                         net77 (net)
                      0.023932    0.000052    1.056633 v output77/A (sky130_fd_sc_hd__buf_6)
     1    0.035935    0.032976    0.084107    1.140740 v output77/X (sky130_fd_sc_hd__buf_6)
                                                         S[1] (net)
                      0.032983    0.000453    1.141193 v S[1] (out)
                                              1.141193   data arrival time

                      0.000000    0.000000    0.000000   clock __VIRTUAL_CLK__ (rise edge)
                                  0.000000    0.000000   clock network delay (ideal)
                                  0.250000    0.250000   clock uncertainty
                                  0.000000    0.250000   clock reconvergence pessimism
                                 -0.800000   -0.550000   output external delay
                                             -0.550000   data required time
---------------------------------------------------------------------------------------------
                                             -0.550000   data required time
                                             -1.141193   data arrival time
---------------------------------------------------------------------------------------------
                                              1.691193   slack (MET)


Startpoint: A[2] (input port clocked by __VIRTUAL_CLK__)
Endpoint: S[3] (output port clocked by __VIRTUAL_CLK__)
Path Group: __VIRTUAL_CLK__
Path Type: min

Fanout         Cap        Slew       Delay        Time   Description
---------------------------------------------------------------------------------------------
                      0.000000    0.000000    0.000000   clock __VIRTUAL_CLK__ (rise edge)
                                  0.000000    0.000000   clock network delay (ideal)
                                  0.800000    0.800000 ^ input external delay
     1    0.003425    0.016153    0.008415    0.808415 ^ A[2] (in)
                                                         A[2] (net)
                      0.016158    0.000000    0.808415 ^ input23/A (sky130_fd_sc_hd__clkdlybuf4s25_1)
     2    0.008128    0.069211    0.172229    0.980644 ^ input23/X (sky130_fd_sc_hd__clkdlybuf4s25_1)
                                                         net23 (net)
                      0.069211    0.000069    0.980712 ^ _420_/B1 (sky130_fd_sc_hd__a21oi_2)
     3    0.016263    0.036471    0.038420    1.019132 v _420_/Y (sky130_fd_sc_hd__a21oi_2)
                                                         _049_ (net)
                      0.036473    0.000218    1.019350 v _342_/B1 (sky130_fd_sc_hd__a21oi_4)
     1    0.008717    0.052550    0.053679    1.073029 ^ _342_/Y (sky130_fd_sc_hd__a21oi_4)
                                                         _193_ (net)
                      0.052550    0.000041    1.073070 ^ _343_/B (sky130_fd_sc_hd__xnor2_2)
     1    0.004530    0.024219    0.034955    1.108025 v _343_/Y (sky130_fd_sc_hd__xnor2_2)
                                                         net91 (net)
                      0.024219    0.000017    1.108042 v output91/A (sky130_fd_sc_hd__buf_6)
     1    0.034310    0.032117    0.083554    1.191596 v output91/X (sky130_fd_sc_hd__buf_6)
                                                         S[3] (net)
                      0.032117    0.000188    1.191784 v S[3] (out)
                                              1.191784   data arrival time

                      0.000000    0.000000    0.000000   clock __VIRTUAL_CLK__ (rise edge)
                                  0.000000    0.000000   clock network delay (ideal)
                                  0.250000    0.250000   clock uncertainty
                                  0.000000    0.250000   clock reconvergence pessimism
                                 -0.800000   -0.550000   output external delay
                                             -0.550000   data required time
---------------------------------------------------------------------------------------------
                                             -0.550000   data required time
                                             -1.191784   data arrival time
---------------------------------------------------------------------------------------------
                                              1.741784   slack (MET)


Startpoint: A[12] (input port clocked by __VIRTUAL_CLK__)
Endpoint: S[13] (output port clocked by __VIRTUAL_CLK__)
Path Group: __VIRTUAL_CLK__
Path Type: min

Fanout         Cap        Slew       Delay        Time   Description
---------------------------------------------------------------------------------------------
                      0.000000    0.000000    0.000000   clock __VIRTUAL_CLK__ (rise edge)
                                  0.000000    0.000000   clock network delay (ideal)
                                  0.800000    0.800000 ^ input external delay
     1    0.004177    0.018843    0.010303    0.810303 ^ A[12] (in)
                                                         A[12] (net)
                      0.018844    0.000000    0.810303 ^ input4/A (sky130_fd_sc_hd__clkdlybuf4s25_1)
     2    0.007998    0.068293    0.172235    0.982538 ^ input4/X (sky130_fd_sc_hd__clkdlybuf4s25_1)
                                                         net4 (net)
                      0.068293    0.000131    0.982668 ^ _432_/A (sky130_fd_sc_hd__nand2_2)
     3    0.018430    0.055387    0.055488    1.038156 v _432_/Y (sky130_fd_sc_hd__nand2_2)
                                                         _061_ (net)
                      0.055389    0.000250    1.038406 v _362_/B1 (sky130_fd_sc_hd__o21ai_4)
     1    0.009259    0.035578    0.049881    1.088287 ^ _362_/Y (sky130_fd_sc_hd__o21ai_4)
                                                         _203_ (net)
                      0.035578    0.000101    1.088388 ^ _363_/B (sky130_fd_sc_hd__xnor2_2)
     1    0.005015    0.023918    0.033472    1.121861 v _363_/Y (sky130_fd_sc_hd__xnor2_2)
                                                         net70 (net)
                      0.023918    0.000051    1.121912 v output70/A (sky130_fd_sc_hd__buf_6)
     1    0.035276    0.032643    0.083725    1.205637 v output70/X (sky130_fd_sc_hd__buf_6)
                                                         S[13] (net)
                      0.032654    0.000545    1.206182 v S[13] (out)
                                              1.206182   data arrival time

                      0.000000    0.000000    0.000000   clock __VIRTUAL_CLK__ (rise edge)
                                  0.000000    0.000000   clock network delay (ideal)
                                  0.250000    0.250000   clock uncertainty
                                  0.000000    0.250000   clock reconvergence pessimism
                                 -0.800000   -0.550000   output external delay
                                             -0.550000   data required time
---------------------------------------------------------------------------------------------
                                             -0.550000   data required time
                                             -1.206182   data arrival time
---------------------------------------------------------------------------------------------
                                              1.756182   slack (MET)


Startpoint: A[24] (input port clocked by __VIRTUAL_CLK__)
Endpoint: S[25] (output port clocked by __VIRTUAL_CLK__)
Path Group: __VIRTUAL_CLK__
Path Type: min

Fanout         Cap        Slew       Delay        Time   Description
---------------------------------------------------------------------------------------------
                      0.000000    0.000000    0.000000   clock __VIRTUAL_CLK__ (rise edge)
                                  0.000000    0.000000   clock network delay (ideal)
                                  0.800000    0.800000 ^ input external delay
     1    0.004155    0.018767    0.010251    0.810251 ^ A[24] (in)
                                                         A[24] (net)
                      0.018767    0.000000    0.810251 ^ input17/A (sky130_fd_sc_hd__clkdlybuf4s25_1)
     2    0.008088    0.068935    0.172665    0.982916 ^ input17/X (sky130_fd_sc_hd__clkdlybuf4s25_1)
                                                         net17 (net)
                      0.068935    0.000101    0.983017 ^ _274_/A (sky130_fd_sc_hd__nand2_2)
     3    0.013187    0.044743    0.046226    1.029243 v _274_/Y (sky130_fd_sc_hd__nand2_2)
                                                         _136_ (net)
                      0.044744    0.000182    1.029426 v _289_/A (sky130_fd_sc_hd__nand2_2)
     1    0.008605    0.041849    0.050983    1.080408 ^ _289_/Y (sky130_fd_sc_hd__nand2_2)
                                                         _150_ (net)
                      0.041849    0.000033    1.080441 ^ _290_/B (sky130_fd_sc_hd__xnor2_2)
     1    0.007567    0.030740    0.039789    1.120229 v _290_/Y (sky130_fd_sc_hd__xnor2_2)
                                                         net83 (net)
                      0.030740    0.000163    1.120393 v output83/A (sky130_fd_sc_hd__buf_6)
     1    0.035727    0.032870    0.086640    1.207033 v output83/X (sky130_fd_sc_hd__buf_6)
                                                         S[25] (net)
                      0.032887    0.000644    1.207677 v S[25] (out)
                                              1.207677   data arrival time

                      0.000000    0.000000    0.000000   clock __VIRTUAL_CLK__ (rise edge)
                                  0.000000    0.000000   clock network delay (ideal)
                                  0.250000    0.250000   clock uncertainty
                                  0.000000    0.250000   clock reconvergence pessimism
                                 -0.800000   -0.550000   output external delay
                                             -0.550000   data required time
---------------------------------------------------------------------------------------------
                                             -0.550000   data required time
                                             -1.207677   data arrival time
---------------------------------------------------------------------------------------------
                                              1.757677   slack (MET)


Startpoint: A[16] (input port clocked by __VIRTUAL_CLK__)
Endpoint: S[17] (output port clocked by __VIRTUAL_CLK__)
Path Group: __VIRTUAL_CLK__
Path Type: min

Fanout         Cap        Slew       Delay        Time   Description
---------------------------------------------------------------------------------------------
                      0.000000    0.000000    0.000000   clock __VIRTUAL_CLK__ (rise edge)
                                  0.000000    0.000000   clock network delay (ideal)
                                  0.800000    0.800000 ^ input external delay
     1    0.003434    0.016193    0.008448    0.808447 ^ A[16] (in)
                                                         A[16] (net)
                      0.016193    0.000000    0.808447 ^ input8/A (sky130_fd_sc_hd__clkdlybuf4s25_1)
     3    0.011596    0.094066    0.189122    0.997570 ^ input8/X (sky130_fd_sc_hd__clkdlybuf4s25_1)
                                                         net8 (net)
                      0.094066    0.000126    0.997696 ^ _216_/A (sky130_fd_sc_hd__nand2_2)
     2    0.013677    0.050749    0.051449    1.049144 v _216_/Y (sky130_fd_sc_hd__nand2_2)
                                                         _086_ (net)
                      0.050749    0.000087    1.049231 v _222_/B1 (sky130_fd_sc_hd__o21ai_4)
     1    0.008574    0.033732    0.047097    1.096328 ^ _222_/Y (sky130_fd_sc_hd__o21ai_4)
                                                         _091_ (net)
                      0.033732    0.000032    1.096360 ^ _223_/B (sky130_fd_sc_hd__xnor2_2)
     1    0.004780    0.023193    0.032712    1.129072 v _223_/Y (sky130_fd_sc_hd__xnor2_2)
                                                         net74 (net)
                      0.023193    0.000043    1.129116 v output74/A (sky130_fd_sc_hd__buf_6)
     1    0.034961    0.032469    0.083316    1.212432 v output74/X (sky130_fd_sc_hd__buf_6)
                                                         S[17] (net)
                      0.032478    0.000476    1.212908 v S[17] (out)
                                              1.212908   data arrival time

                      0.000000    0.000000    0.000000   clock __VIRTUAL_CLK__ (rise edge)
                                  0.000000    0.000000   clock network delay (ideal)
                                  0.250000    0.250000   clock uncertainty
                                  0.000000    0.250000   clock reconvergence pessimism
                                 -0.800000   -0.550000   output external delay
                                             -0.550000   data required time
---------------------------------------------------------------------------------------------
                                             -0.550000   data required time
                                             -1.212908   data arrival time
---------------------------------------------------------------------------------------------
                                              1.762908   slack (MET)


Startpoint: B[0] (input port clocked by __VIRTUAL_CLK__)
Endpoint: S[0] (output port clocked by __VIRTUAL_CLK__)
Path Group: __VIRTUAL_CLK__
Path Type: min

Fanout         Cap        Slew       Delay        Time   Description
---------------------------------------------------------------------------------------------
                      0.000000    0.000000    0.000000   clock __VIRTUAL_CLK__ (rise edge)
                                  0.000000    0.000000   clock network delay (ideal)
                                  0.800000    0.800000 ^ input external delay
     1    0.003358    0.015911    0.008245    0.808245 ^ B[0] (in)
                                                         B[0] (net)
                      0.015911    0.000000    0.808245 ^ input33/A (sky130_fd_sc_hd__clkbuf_2)
     3    0.023439    0.101406    0.106580    0.914825 ^ input33/X (sky130_fd_sc_hd__clkbuf_2)
                                                         net33 (net)
                      0.101406    0.000155    0.914981 ^ _337_/B (sky130_fd_sc_hd__xor2_2)
     1    0.004354    0.024262    0.041024    0.956005 v _337_/X (sky130_fd_sc_hd__xor2_2)
                                                         net66 (net)
                      0.024262    0.000070    0.956075 v output66/A (sky130_fd_sc_hd__clkdlybuf4s25_1)
     1    0.037969    0.193333    0.272850    1.228925 v output66/X (sky130_fd_sc_hd__clkdlybuf4s25_1)
                                                         S[0] (net)
                      0.193334    0.000668    1.229593 v S[0] (out)
                                              1.229593   data arrival time

                      0.000000    0.000000    0.000000   clock __VIRTUAL_CLK__ (rise edge)
                                  0.000000    0.000000   clock network delay (ideal)
                                  0.250000    0.250000   clock uncertainty
                                  0.000000    0.250000   clock reconvergence pessimism
                                 -0.800000   -0.550000   output external delay
                                             -0.550000   data required time
---------------------------------------------------------------------------------------------
                                             -0.550000   data required time
                                             -1.229593   data arrival time
---------------------------------------------------------------------------------------------
                                              1.779593   slack (MET)


Startpoint: A[30] (input port clocked by __VIRTUAL_CLK__)
Endpoint: S[31] (output port clocked by __VIRTUAL_CLK__)
Path Group: __VIRTUAL_CLK__
Path Type: min

Fanout         Cap        Slew       Delay        Time   Description
---------------------------------------------------------------------------------------------
                      0.000000    0.000000    0.000000   clock __VIRTUAL_CLK__ (rise edge)
                                  0.000000    0.000000   clock network delay (ideal)
                                  0.800000    0.800000 v input external delay
     1    0.003615    0.005921    0.002835    0.802835 v A[30] (in)
                                                         A[30] (net)
                      0.005921    0.000000    0.802835 v input24/A (sky130_fd_sc_hd__clkdlybuf4s25_1)
     2    0.009520    0.057441    0.166970    0.969804 v input24/X (sky130_fd_sc_hd__clkdlybuf4s25_1)
                                                         net24 (net)
                      0.057441    0.000060    0.969865 v _324_/B1 (sky130_fd_sc_hd__a21oi_2)
     2    0.007929    0.065787    0.070973    1.040837 ^ _324_/Y (sky130_fd_sc_hd__a21oi_2)
                                                         _180_ (net)
                      0.065787    0.000082    1.040920 ^ _335_/B1 (sky130_fd_sc_hd__a31o_4)
     2    0.015202    0.043524    0.071214    1.112134 ^ _335_/X (sky130_fd_sc_hd__a31o_4)
                                                         _190_ (net)
                      0.043524    0.000142    1.112275 ^ _336_/B (sky130_fd_sc_hd__xor2_2)
     1    0.004569    0.024452    0.033780    1.146055 v _336_/X (sky130_fd_sc_hd__xor2_2)
                                                         net90 (net)
                      0.024452    0.000017    1.146073 v output90/A (sky130_fd_sc_hd__buf_6)
     1    0.036122    0.033078    0.084521    1.230594 v output90/X (sky130_fd_sc_hd__buf_6)
                                                         S[31] (net)
                      0.033080    0.000237    1.230831 v S[31] (out)
                                              1.230831   data arrival time

                      0.000000    0.000000    0.000000   clock __VIRTUAL_CLK__ (rise edge)
                                  0.000000    0.000000   clock network delay (ideal)
                                  0.250000    0.250000   clock uncertainty
                                  0.000000    0.250000   clock reconvergence pessimism
                                 -0.800000   -0.550000   output external delay
                                             -0.550000   data required time
---------------------------------------------------------------------------------------------
                                             -0.550000   data required time
                                             -1.230831   data arrival time
---------------------------------------------------------------------------------------------
                                              1.780831   slack (MET)


Startpoint: A[1] (input port clocked by __VIRTUAL_CLK__)
Endpoint: S[2] (output port clocked by __VIRTUAL_CLK__)
Path Group: __VIRTUAL_CLK__
Path Type: min

Fanout         Cap        Slew       Delay        Time   Description
---------------------------------------------------------------------------------------------
                      0.000000    0.000000    0.000000   clock __VIRTUAL_CLK__ (rise edge)
                                  0.000000    0.000000   clock network delay (ideal)
                                  0.800000    0.800000 ^ input external delay
     1    0.002651    0.013387    0.006487    0.806487 ^ A[1] (in)
                                                         A[1] (net)
                      0.013387    0.000000    0.806487 ^ input12/A (sky130_fd_sc_hd__dlymetal6s4s_1)
     4    0.030288    0.238870    0.235942    1.042429 ^ input12/X (sky130_fd_sc_hd__dlymetal6s4s_1)
                                                         net12 (net)
                      0.238871    0.000247    1.042677 ^ _418_/A1 (sky130_fd_sc_hd__a21oi_2)
     1    0.004980    0.019668    0.033211    1.075888 v _418_/Y (sky130_fd_sc_hd__a21oi_2)
                                                         _047_ (net)
                      0.019668    0.000050    1.075937 v _340_/A (sky130_fd_sc_hd__nand2_2)
     1    0.009267    0.043101    0.042988    1.118925 ^ _340_/Y (sky130_fd_sc_hd__nand2_2)
                                                         _192_ (net)
                      0.043101    0.000105    1.119030 ^ _341_/B (sky130_fd_sc_hd__xnor2_2)
     1    0.004687    0.023766    0.033900    1.152930 v _341_/Y (sky130_fd_sc_hd__xnor2_2)
                                                         net88 (net)
                      0.023766    0.000039    1.152969 v output88/A (sky130_fd_sc_hd__buf_6)
     1    0.034235    0.032077    0.083340    1.236309 v output88/X (sky130_fd_sc_hd__buf_6)
                                                         S[2] (net)
                      0.032078    0.000179    1.236488 v S[2] (out)
                                              1.236488   data arrival time

                      0.000000    0.000000    0.000000   clock __VIRTUAL_CLK__ (rise edge)
                                  0.000000    0.000000   clock network delay (ideal)
                                  0.250000    0.250000   clock uncertainty
                                  0.000000    0.250000   clock reconvergence pessimism
                                 -0.800000   -0.550000   output external delay
                                             -0.550000   data required time
---------------------------------------------------------------------------------------------
                                             -0.550000   data required time
                                             -1.236488   data arrival time
---------------------------------------------------------------------------------------------
                                              1.786488   slack (MET)


Startpoint: A[27] (input port clocked by __VIRTUAL_CLK__)
Endpoint: S[27] (output port clocked by __VIRTUAL_CLK__)
Path Group: __VIRTUAL_CLK__
Path Type: min

Fanout         Cap        Slew       Delay        Time   Description
---------------------------------------------------------------------------------------------
                      0.000000    0.000000    0.000000   clock __VIRTUAL_CLK__ (rise edge)
                                  0.000000    0.000000   clock network delay (ideal)
                                  0.800000    0.800000 v input external delay
     1    0.003961    0.006436    0.003131    0.803131 v A[27] (in)
                                                         A[27] (net)
                      0.006437    0.000000    0.803131 v input20/A (sky130_fd_sc_hd__clkdlybuf4s25_1)
     2    0.006429    0.043427    0.155080    0.958211 v input20/X (sky130_fd_sc_hd__clkdlybuf4s25_1)
                                                         net20 (net)
                      0.043427    0.000057    0.958268 v _302_/B1 (sky130_fd_sc_hd__a21oi_2)
     2    0.004837    0.047391    0.052851    1.011118 ^ _302_/Y (sky130_fd_sc_hd__a21oi_2)
                                                         _161_ (net)
                      0.047391    0.000007    1.011125 ^ _303_/B (sky130_fd_sc_hd__or2_2)
     2    0.013573    0.058799    0.091371    1.102496 ^ _303_/X (sky130_fd_sc_hd__or2_2)
                                                         _162_ (net)
                      0.058799    0.000162    1.102658 ^ _306_/A (sky130_fd_sc_hd__xor2_2)
     1    0.003701    0.023065    0.039437    1.142095 v _306_/X (sky130_fd_sc_hd__xor2_2)
                                                         net85 (net)
                      0.023065    0.000050    1.142145 v output85/A (sky130_fd_sc_hd__buf_4)
     1    0.035024    0.043318    0.103087    1.245232 v output85/X (sky130_fd_sc_hd__buf_4)
                                                         S[27] (net)
                      0.043325    0.000502    1.245734 v S[27] (out)
                                              1.245734   data arrival time

                      0.000000    0.000000    0.000000   clock __VIRTUAL_CLK__ (rise edge)
                                  0.000000    0.000000   clock network delay (ideal)
                                  0.250000    0.250000   clock uncertainty
                                  0.000000    0.250000   clock reconvergence pessimism
                                 -0.800000   -0.550000   output external delay
                                             -0.550000   data required time
---------------------------------------------------------------------------------------------
                                             -0.550000   data required time
                                             -1.245734   data arrival time
---------------------------------------------------------------------------------------------
                                              1.795734   slack (MET)


Startpoint: A[23] (input port clocked by __VIRTUAL_CLK__)
Endpoint: S[23] (output port clocked by __VIRTUAL_CLK__)
Path Group: __VIRTUAL_CLK__
Path Type: min

Fanout         Cap        Slew       Delay        Time   Description
---------------------------------------------------------------------------------------------
                      0.000000    0.000000    0.000000   clock __VIRTUAL_CLK__ (rise edge)
                                  0.000000    0.000000   clock network delay (ideal)
                                  0.800000    0.800000 v input external delay
     1    0.003537    0.005807    0.002768    0.802768 v A[23] (in)
                                                         A[23] (net)
                      0.005807    0.000000    0.802768 v input16/A (sky130_fd_sc_hd__clkdlybuf4s25_1)
     2    0.009980    0.059206    0.168639    0.971407 v input16/X (sky130_fd_sc_hd__clkdlybuf4s25_1)
                                                         net16 (net)
                      0.059206    0.000225    0.971633 v _266_/B1 (sky130_fd_sc_hd__a21oi_2)
     2    0.005252    0.051050    0.060552    1.032184 ^ _266_/Y (sky130_fd_sc_hd__a21oi_2)
                                                         _129_ (net)
                      0.051050    0.000052    1.032236 ^ _267_/B (sky130_fd_sc_hd__or2_4)
     2    0.011572    0.035934    0.080118    1.112354 ^ _267_/X (sky130_fd_sc_hd__or2_4)
                                                         _130_ (net)
                      0.035934    0.000069    1.112423 ^ _271_/A (sky130_fd_sc_hd__xnor2_2)
     1    0.008724    0.033427    0.045991    1.158414 v _271_/Y (sky130_fd_sc_hd__xnor2_2)
                                                         net81 (net)
                      0.033428    0.000234    1.158648 v output81/A (sky130_fd_sc_hd__buf_6)
     1    0.035816    0.032885    0.087855    1.246502 v output81/X (sky130_fd_sc_hd__buf_6)
                                                         S[23] (net)
                      0.032893    0.000482    1.246984 v S[23] (out)
                                              1.246984   data arrival time

                      0.000000    0.000000    0.000000   clock __VIRTUAL_CLK__ (rise edge)
                                  0.000000    0.000000   clock network delay (ideal)
                                  0.250000    0.250000   clock uncertainty
                                  0.000000    0.250000   clock reconvergence pessimism
                                 -0.800000   -0.550000   output external delay
                                             -0.550000   data required time
---------------------------------------------------------------------------------------------
                                             -0.550000   data required time
                                             -1.246984   data arrival time
---------------------------------------------------------------------------------------------
                                              1.796984   slack (MET)


Startpoint: A[26] (input port clocked by __VIRTUAL_CLK__)
Endpoint: S[26] (output port clocked by __VIRTUAL_CLK__)
Path Group: __VIRTUAL_CLK__
Path Type: min

Fanout         Cap        Slew       Delay        Time   Description
---------------------------------------------------------------------------------------------
                      0.000000    0.000000    0.000000   clock __VIRTUAL_CLK__ (rise edge)
                                  0.000000    0.000000   clock network delay (ideal)
                                  0.800000    0.800000 ^ input external delay
     1    0.005414    0.023085    0.013282    0.813282 ^ A[26] (in)
                                                         A[26] (net)
                      0.023086    0.000000    0.813282 ^ input19/A (sky130_fd_sc_hd__clkdlybuf4s25_1)
     2    0.009469    0.078804    0.180553    0.993835 ^ input19/X (sky130_fd_sc_hd__clkdlybuf4s25_1)
                                                         net19 (net)
                      0.078804    0.000038    0.993873 ^ _294_/A (sky130_fd_sc_hd__nand3_2)
     2    0.008438    0.042478    0.048208    1.042081 v _294_/Y (sky130_fd_sc_hd__nand3_2)
                                                         _154_ (net)
                      0.042478    0.000082    1.042163 v _295_/B (sky130_fd_sc_hd__nand2b_2)
     3    0.017193    0.076951    0.078015    1.120178 ^ _295_/Y (sky130_fd_sc_hd__nand2b_2)
                                                         _155_ (net)
                      0.076951    0.000181    1.120359 ^ _298_/A (sky130_fd_sc_hd__xnor2_2)
     1    0.005649    0.025354    0.044884    1.165243 v _298_/Y (sky130_fd_sc_hd__xnor2_2)
                                                         net84 (net)
                      0.025354    0.000067    1.165309 v output84/A (sky130_fd_sc_hd__buf_6)
     1    0.035579    0.032835    0.084306    1.249615 v output84/X (sky130_fd_sc_hd__buf_6)
                                                         S[26] (net)
                      0.032863    0.000820    1.250435 v S[26] (out)
                                              1.250435   data arrival time

                      0.000000    0.000000    0.000000   clock __VIRTUAL_CLK__ (rise edge)
                                  0.000000    0.000000   clock network delay (ideal)
                                  0.250000    0.250000   clock uncertainty
                                  0.000000    0.250000   clock reconvergence pessimism
                                 -0.800000   -0.550000   output external delay
                                             -0.550000   data required time
---------------------------------------------------------------------------------------------
                                             -0.550000   data required time
                                             -1.250435   data arrival time
---------------------------------------------------------------------------------------------
                                              1.800435   slack (MET)


Startpoint: A[15] (input port clocked by __VIRTUAL_CLK__)
Endpoint: S[15] (output port clocked by __VIRTUAL_CLK__)
Path Group: __VIRTUAL_CLK__
Path Type: min

Fanout         Cap        Slew       Delay        Time   Description
---------------------------------------------------------------------------------------------
                      0.000000    0.000000    0.000000   clock __VIRTUAL_CLK__ (rise edge)
                                  0.000000    0.000000   clock network delay (ideal)
                                  0.800000    0.800000 v input external delay
     1    0.003444    0.005669    0.002694    0.802693 v A[15] (in)
                                                         A[15] (net)
                      0.005669    0.000000    0.802693 v input7/A (sky130_fd_sc_hd__clkdlybuf4s25_1)
     2    0.009125    0.056000    0.165256    0.967950 v input7/X (sky130_fd_sc_hd__clkdlybuf4s25_1)
                                                         net7 (net)
                      0.056000    0.000186    0.968136 v _448_/B1 (sky130_fd_sc_hd__a21oi_2)
     2    0.005053    0.049430    0.058511    1.026647 ^ _448_/Y (sky130_fd_sc_hd__a21oi_2)
                                                         _077_ (net)
                      0.049430    0.000040    1.026688 ^ _208_/B (sky130_fd_sc_hd__or2_2)
     2    0.014464    0.061963    0.094211    1.120898 ^ _208_/X (sky130_fd_sc_hd__or2_2)
                                                         _078_ (net)
                      0.061963    0.000192    1.121090 ^ _368_/A (sky130_fd_sc_hd__xnor2_2)
     1    0.006113    0.026391    0.044400    1.165490 v _368_/Y (sky130_fd_sc_hd__xnor2_2)
                                                         net72 (net)
                      0.026392    0.000092    1.165581 v output72/A (sky130_fd_sc_hd__buf_6)
     1    0.034901    0.032427    0.084572    1.250153 v output72/X (sky130_fd_sc_hd__buf_6)
                                                         S[15] (net)
                      0.032436    0.000479    1.250632 v S[15] (out)
                                              1.250632   data arrival time

                      0.000000    0.000000    0.000000   clock __VIRTUAL_CLK__ (rise edge)
                                  0.000000    0.000000   clock network delay (ideal)
                                  0.250000    0.250000   clock uncertainty
                                  0.000000    0.250000   clock reconvergence pessimism
                                 -0.800000   -0.550000   output external delay
                                             -0.550000   data required time
---------------------------------------------------------------------------------------------
                                             -0.550000   data required time
                                             -1.250632   data arrival time
---------------------------------------------------------------------------------------------
                                              1.800632   slack (MET)


Startpoint: A[29] (input port clocked by __VIRTUAL_CLK__)
Endpoint: S[29] (output port clocked by __VIRTUAL_CLK__)
Path Group: __VIRTUAL_CLK__
Path Type: min

Fanout         Cap        Slew       Delay        Time   Description
---------------------------------------------------------------------------------------------
                      0.000000    0.000000    0.000000   clock __VIRTUAL_CLK__ (rise edge)
                                  0.000000    0.000000   clock network delay (ideal)
                                  0.800000    0.800000 v input external delay
     1    0.004476    0.007310    0.003560    0.803560 v A[29] (in)
                                                         A[29] (net)
                      0.007310    0.000000    0.803560 v input22/A (sky130_fd_sc_hd__clkdlybuf4s25_1)
     2    0.006331    0.042980    0.155008    0.958568 v input22/X (sky130_fd_sc_hd__clkdlybuf4s25_1)
                                                         net22 (net)
                      0.042980    0.000050    0.958618 v _316_/B1 (sky130_fd_sc_hd__a21oi_2)
     2    0.009187    0.072678    0.070817    1.029435 ^ _316_/Y (sky130_fd_sc_hd__a21oi_2)
                                                         _173_ (net)
                      0.072678    0.000075    1.029509 ^ _319_/A (sky130_fd_sc_hd__or2_2)
     2    0.013097    0.057192    0.097422    1.126931 ^ _319_/X (sky130_fd_sc_hd__or2_2)
                                                         _176_ (net)
                      0.057192    0.000136    1.127067 ^ _321_/A (sky130_fd_sc_hd__xnor2_2)
     1    0.005103    0.024371    0.041712    1.168780 v _321_/Y (sky130_fd_sc_hd__xnor2_2)
                                                         net87 (net)
                      0.024371    0.000054    1.168833 v output87/A (sky130_fd_sc_hd__buf_6)
     1    0.035654    0.032854    0.084040    1.252874 v output87/X (sky130_fd_sc_hd__buf_6)
                                                         S[29] (net)
                      0.032870    0.000645    1.253519 v S[29] (out)
                                              1.253519   data arrival time

                      0.000000    0.000000    0.000000   clock __VIRTUAL_CLK__ (rise edge)
                                  0.000000    0.000000   clock network delay (ideal)
                                  0.250000    0.250000   clock uncertainty
                                  0.000000    0.250000   clock reconvergence pessimism
                                 -0.800000   -0.550000   output external delay
                                             -0.550000   data required time
---------------------------------------------------------------------------------------------
                                             -0.550000   data required time
                                             -1.253519   data arrival time
---------------------------------------------------------------------------------------------
                                              1.803519   slack (MET)


Startpoint: A[7] (input port clocked by __VIRTUAL_CLK__)
Endpoint: S[7] (output port clocked by __VIRTUAL_CLK__)
Path Group: __VIRTUAL_CLK__
Path Type: min

Fanout         Cap        Slew       Delay        Time   Description
---------------------------------------------------------------------------------------------
                      0.000000    0.000000    0.000000   clock __VIRTUAL_CLK__ (rise edge)
                                  0.000000    0.000000   clock network delay (ideal)
                                  0.800000    0.800000 ^ input external delay
     1    0.003845    0.017670    0.009473    0.809473 ^ A[7] (in)
                                                         A[7] (net)
                      0.017671    0.000000    0.809473 ^ input30/A (sky130_fd_sc_hd__clkdlybuf4s25_1)
     3    0.018308    0.142865    0.221808    1.031281 ^ input30/X (sky130_fd_sc_hd__clkdlybuf4s25_1)
                                                         net30 (net)
                      0.142865    0.000330    1.031611 ^ _401_/A (sky130_fd_sc_hd__xnor2_2)
     2    0.012522    0.057739    0.097532    1.129143 ^ _401_/Y (sky130_fd_sc_hd__xnor2_2)
                                                         _030_ (net)
                      0.057739    0.000179    1.129323 ^ _351_/A (sky130_fd_sc_hd__xnor2_2)
     1    0.004860    0.023108    0.041237    1.170559 v _351_/Y (sky130_fd_sc_hd__xnor2_2)
                                                         net95 (net)
                      0.023108    0.000042    1.170601 v output95/A (sky130_fd_sc_hd__buf_6)
     1    0.036602    0.033345    0.084198    1.254800 v output95/X (sky130_fd_sc_hd__buf_6)
                                                         S[7] (net)
                      0.033347    0.000279    1.255079 v S[7] (out)
                                              1.255079   data arrival time

                      0.000000    0.000000    0.000000   clock __VIRTUAL_CLK__ (rise edge)
                                  0.000000    0.000000   clock network delay (ideal)
                                  0.250000    0.250000   clock uncertainty
                                  0.000000    0.250000   clock reconvergence pessimism
                                 -0.800000   -0.550000   output external delay
                                             -0.550000   data required time
---------------------------------------------------------------------------------------------
                                             -0.550000   data required time
                                             -1.255079   data arrival time
---------------------------------------------------------------------------------------------
                                              1.805079   slack (MET)


Startpoint: A[14] (input port clocked by __VIRTUAL_CLK__)
Endpoint: S[14] (output port clocked by __VIRTUAL_CLK__)
Path Group: __VIRTUAL_CLK__
Path Type: min

Fanout         Cap        Slew       Delay        Time   Description
---------------------------------------------------------------------------------------------
                      0.000000    0.000000    0.000000   clock __VIRTUAL_CLK__ (rise edge)
                                  0.000000    0.000000   clock network delay (ideal)
                                  0.800000    0.800000 v input external delay
     1    0.004229    0.006868    0.003354    0.803354 v A[14] (in)
                                                         A[14] (net)
                      0.006868    0.000000    0.803354 v input6/A (sky130_fd_sc_hd__clkdlybuf4s25_1)
     2    0.008014    0.050800    0.161397    0.964751 v input6/X (sky130_fd_sc_hd__clkdlybuf4s25_1)
                                                         net6 (net)
                      0.050800    0.000087    0.964838 v _443_/B1 (sky130_fd_sc_hd__a21oi_2)
     2    0.006544    0.057298    0.062700    1.027538 ^ _443_/Y (sky130_fd_sc_hd__a21oi_2)
                                                         _072_ (net)
                      0.057298    0.000069    1.027607 ^ _444_/A (sky130_fd_sc_hd__or2_4)
     3    0.023640    0.061171    0.102077    1.129684 ^ _444_/X (sky130_fd_sc_hd__or2_4)
                                                         _073_ (net)
                      0.061172    0.000284    1.129967 ^ _366_/A (sky130_fd_sc_hd__xnor2_2)
     1    0.005352    0.025429    0.042646    1.172613 v _366_/Y (sky130_fd_sc_hd__xnor2_2)
                                                         net71 (net)
                      0.025430    0.000060    1.172673 v output71/A (sky130_fd_sc_hd__buf_6)
     1    0.035507    0.032786    0.084341    1.257014 v output71/X (sky130_fd_sc_hd__buf_6)
                                                         S[14] (net)
                      0.032809    0.000742    1.257756 v S[14] (out)
                                              1.257756   data arrival time

                      0.000000    0.000000    0.000000   clock __VIRTUAL_CLK__ (rise edge)
                                  0.000000    0.000000   clock network delay (ideal)
                                  0.250000    0.250000   clock uncertainty
                                  0.000000    0.250000   clock reconvergence pessimism
                                 -0.800000   -0.550000   output external delay
                                             -0.550000   data required time
---------------------------------------------------------------------------------------------
                                             -0.550000   data required time
                                             -1.257756   data arrival time
---------------------------------------------------------------------------------------------
                                              1.807756   slack (MET)


Startpoint: A[8] (input port clocked by __VIRTUAL_CLK__)
Endpoint: S[8] (output port clocked by __VIRTUAL_CLK__)
Path Group: __VIRTUAL_CLK__
Path Type: min

Fanout         Cap        Slew       Delay        Time   Description
---------------------------------------------------------------------------------------------
                      0.000000    0.000000    0.000000   clock __VIRTUAL_CLK__ (rise edge)
                                  0.000000    0.000000   clock network delay (ideal)
                                  0.800000    0.800000 ^ input external delay
     1    0.004532    0.020099    0.011170    0.811170 ^ A[8] (in)
                                                         A[8] (net)
                      0.020099    0.000000    0.811170 ^ input31/A (sky130_fd_sc_hd__clkdlybuf4s25_1)
     2    0.015867    0.125111    0.210708    1.021878 ^ input31/X (sky130_fd_sc_hd__clkdlybuf4s25_1)
                                                         net31 (net)
                      0.125111    0.000199    1.022077 ^ _377_/A (sky130_fd_sc_hd__xnor2_2)
     3    0.017209    0.075048    0.108918    1.130994 ^ _377_/Y (sky130_fd_sc_hd__xnor2_2)
                                                         _006_ (net)
                      0.075048    0.000088    1.131083 ^ _354_/A (sky130_fd_sc_hd__xor2_2)
     1    0.005252    0.025532    0.044713    1.175796 v _354_/X (sky130_fd_sc_hd__xor2_2)
                                                         net96 (net)
                      0.025532    0.000038    1.175834 v output96/A (sky130_fd_sc_hd__buf_6)
     1    0.036845    0.033437    0.085253    1.261088 v output96/X (sky130_fd_sc_hd__buf_6)
                                                         S[8] (net)
                      0.033441    0.000359    1.261447 v S[8] (out)
                                              1.261447   data arrival time

                      0.000000    0.000000    0.000000   clock __VIRTUAL_CLK__ (rise edge)
                                  0.000000    0.000000   clock network delay (ideal)
                                  0.250000    0.250000   clock uncertainty
                                  0.000000    0.250000   clock reconvergence pessimism
                                 -0.800000   -0.550000   output external delay
                                             -0.550000   data required time
---------------------------------------------------------------------------------------------
                                             -0.550000   data required time
                                             -1.261447   data arrival time
---------------------------------------------------------------------------------------------
                                              1.811447   slack (MET)


Startpoint: A[30] (input port clocked by __VIRTUAL_CLK__)
Endpoint: S[30] (output port clocked by __VIRTUAL_CLK__)
Path Group: __VIRTUAL_CLK__
Path Type: min

Fanout         Cap        Slew       Delay        Time   Description
---------------------------------------------------------------------------------------------
                      0.000000    0.000000    0.000000   clock __VIRTUAL_CLK__ (rise edge)
                                  0.000000    0.000000   clock network delay (ideal)
                                  0.800000    0.800000 v input external delay
     1    0.003615    0.005921    0.002835    0.802835 v A[30] (in)
                                                         A[30] (net)
                      0.005921    0.000000    0.802835 v input24/A (sky130_fd_sc_hd__clkdlybuf4s25_1)
     2    0.009520    0.057441    0.166970    0.969804 v input24/X (sky130_fd_sc_hd__clkdlybuf4s25_1)
                                                         net24 (net)
                      0.057441    0.000061    0.969866 v _325_/A (sky130_fd_sc_hd__nand3_2)
     2    0.008584    0.044726    0.057439    1.027305 ^ _325_/Y (sky130_fd_sc_hd__nand3_2)
                                                         _181_ (net)
                      0.044726    0.000064    1.027369 ^ _326_/B (sky130_fd_sc_hd__and2b_2)
     1    0.009651    0.045745    0.097108    1.124477 ^ _326_/X (sky130_fd_sc_hd__and2b_2)
                                                         _182_ (net)
                      0.045745    0.000091    1.124568 ^ _330_/A (sky130_fd_sc_hd__xnor2_2)
     1    0.002616    0.018927    0.034548    1.159116 v _330_/Y (sky130_fd_sc_hd__xnor2_2)
                                                         net89 (net)
                      0.018927    0.000022    1.159139 v output89/A (sky130_fd_sc_hd__buf_4)
     1    0.035745    0.043808    0.102292    1.261430 v output89/X (sky130_fd_sc_hd__buf_4)
                                                         S[30] (net)
                      0.043809    0.000270    1.261701 v S[30] (out)
                                              1.261701   data arrival time

                      0.000000    0.000000    0.000000   clock __VIRTUAL_CLK__ (rise edge)
                                  0.000000    0.000000   clock network delay (ideal)
                                  0.250000    0.250000   clock uncertainty
                                  0.000000    0.250000   clock reconvergence pessimism
                                 -0.800000   -0.550000   output external delay
                                             -0.550000   data required time
---------------------------------------------------------------------------------------------
                                             -0.550000   data required time
                                             -1.261701   data arrival time
---------------------------------------------------------------------------------------------
                                              1.811700   slack (MET)


Startpoint: A[8] (input port clocked by __VIRTUAL_CLK__)
Endpoint: S[9] (output port clocked by __VIRTUAL_CLK__)
Path Group: __VIRTUAL_CLK__
Path Type: min

Fanout         Cap        Slew       Delay        Time   Description
---------------------------------------------------------------------------------------------
                      0.000000    0.000000    0.000000   clock __VIRTUAL_CLK__ (rise edge)
                                  0.000000    0.000000   clock network delay (ideal)
                                  0.800000    0.800000 ^ input external delay
     1    0.004532    0.020099    0.011170    0.811170 ^ A[8] (in)
                                                         A[8] (net)
                      0.020099    0.000000    0.811170 ^ input31/A (sky130_fd_sc_hd__clkdlybuf4s25_1)
     2    0.015867    0.125111    0.210708    1.021878 ^ input31/X (sky130_fd_sc_hd__clkdlybuf4s25_1)
                                                         net31 (net)
                      0.125111    0.000129    1.022007 ^ _376_/A (sky130_fd_sc_hd__nand2_2)
     3    0.019086    0.065488    0.066557    1.088564 v _376_/Y (sky130_fd_sc_hd__nand2_2)
                                                         _005_ (net)
                      0.065492    0.000403    1.088967 v _355_/A (sky130_fd_sc_hd__nand2_4)
     1    0.010419    0.036448    0.052880    1.141846 ^ _355_/Y (sky130_fd_sc_hd__nand2_4)
                                                         _200_ (net)
                      0.036449    0.000168    1.142015 ^ _356_/B (sky130_fd_sc_hd__xnor2_2)
     1    0.005297    0.024674    0.034199    1.176214 v _356_/Y (sky130_fd_sc_hd__xnor2_2)
                                                         net97 (net)
                      0.024674    0.000037    1.176250 v output97/A (sky130_fd_sc_hd__buf_6)
     1    0.037471    0.033804    0.085098    1.261349 v output97/X (sky130_fd_sc_hd__buf_6)
                                                         S[9] (net)
                      0.033816    0.000581    1.261929 v S[9] (out)
                                              1.261929   data arrival time

                      0.000000    0.000000    0.000000   clock __VIRTUAL_CLK__ (rise edge)
                                  0.000000    0.000000   clock network delay (ideal)
                                  0.250000    0.250000   clock uncertainty
                                  0.000000    0.250000   clock reconvergence pessimism
                                 -0.800000   -0.550000   output external delay
                                             -0.550000   data required time
---------------------------------------------------------------------------------------------
                                             -0.550000   data required time
                                             -1.261929   data arrival time
---------------------------------------------------------------------------------------------
                                              1.811929   slack (MET)


Startpoint: A[18] (input port clocked by __VIRTUAL_CLK__)
Endpoint: S[19] (output port clocked by __VIRTUAL_CLK__)
Path Group: __VIRTUAL_CLK__
Path Type: min

Fanout         Cap        Slew       Delay        Time   Description
---------------------------------------------------------------------------------------------
                      0.000000    0.000000    0.000000   clock __VIRTUAL_CLK__ (rise edge)
                                  0.000000    0.000000   clock network delay (ideal)
                                  0.800000    0.800000 v input external delay
     1    0.002990    0.005008    0.002308    0.802308 v A[18] (in)
                                                         A[18] (net)
                      0.005008    0.000000    0.802308 v input10/A (sky130_fd_sc_hd__clkdlybuf4s25_1)
     2    0.006013    0.041520    0.152964    0.955272 v input10/X (sky130_fd_sc_hd__clkdlybuf4s25_1)
                                                         net10 (net)
                      0.041520    0.000042    0.955314 v _226_/B1 (sky130_fd_sc_hd__a21oi_2)
     3    0.011295    0.085490    0.079081    1.034395 ^ _226_/Y (sky130_fd_sc_hd__a21oi_2)
                                                         _094_ (net)
                      0.085490    0.000131    1.034525 ^ _240_/B2 (sky130_fd_sc_hd__o22a_2)
     1    0.008705    0.039539    0.078290    1.112815 ^ _240_/X (sky130_fd_sc_hd__o22a_2)
                                                         _107_ (net)
                      0.039539    0.000063    1.112879 ^ _241_/B (sky130_fd_sc_hd__xor2_2)
     1    0.003868    0.023336    0.031436    1.144314 v _241_/X (sky130_fd_sc_hd__xor2_2)
                                                         net76 (net)
                      0.023336    0.000055    1.144369 v output76/A (sky130_fd_sc_hd__clkbuf_2)
     1    0.035166    0.093675    0.119611    1.263981 v output76/X (sky130_fd_sc_hd__clkbuf_2)
                                                         S[19] (net)
                      0.093676    0.000367    1.264348 v S[19] (out)
                                              1.264348   data arrival time

                      0.000000    0.000000    0.000000   clock __VIRTUAL_CLK__ (rise edge)
                                  0.000000    0.000000   clock network delay (ideal)
                                  0.250000    0.250000   clock uncertainty
                                  0.000000    0.250000   clock reconvergence pessimism
                                 -0.800000   -0.550000   output external delay
                                             -0.550000   data required time
---------------------------------------------------------------------------------------------
                                             -0.550000   data required time
                                             -1.264348   data arrival time
---------------------------------------------------------------------------------------------
                                              1.814348   slack (MET)


Startpoint: A[10] (input port clocked by __VIRTUAL_CLK__)
Endpoint: S[11] (output port clocked by __VIRTUAL_CLK__)
Path Group: __VIRTUAL_CLK__
Path Type: min

Fanout         Cap        Slew       Delay        Time   Description
---------------------------------------------------------------------------------------------
                      0.000000    0.000000    0.000000   clock __VIRTUAL_CLK__ (rise edge)
                                  0.000000    0.000000   clock network delay (ideal)
                                  0.800000    0.800000 ^ input external delay
     1    0.005296    0.022688    0.012981    0.812981 ^ A[10] (in)
                                                         A[10] (net)
                      0.022688    0.000000    0.812981 ^ input2/A (sky130_fd_sc_hd__clkdlybuf4s25_1)
     3    0.020433    0.158369    0.233273    1.046253 ^ input2/X (sky130_fd_sc_hd__clkdlybuf4s25_1)
                                                         net2 (net)
                      0.158369    0.000415    1.046668 ^ _373_/A (sky130_fd_sc_hd__nand2_2)
     1    0.008944    0.048827    0.042342    1.089010 v _373_/Y (sky130_fd_sc_hd__nand2_2)
                                                         _002_ (net)
                      0.048827    0.000082    1.089093 v _359_/B1 (sky130_fd_sc_hd__o21ai_4)
     1    0.009340    0.034948    0.047536    1.136629 ^ _359_/Y (sky130_fd_sc_hd__o21ai_4)
                                                         _202_ (net)
                      0.034948    0.000081    1.136710 ^ _360_/A (sky130_fd_sc_hd__xnor2_2)
     1    0.007408    0.033476    0.043067    1.179778 v _360_/Y (sky130_fd_sc_hd__xnor2_2)
                                                         net68 (net)
                      0.033476    0.000160    1.179938 v output68/A (sky130_fd_sc_hd__buf_6)
     1    0.035840    0.032916    0.087816    1.267754 v output68/X (sky130_fd_sc_hd__buf_6)
                                                         S[11] (net)
                      0.032930    0.000610    1.268364 v S[11] (out)
                                              1.268364   data arrival time

                      0.000000    0.000000    0.000000   clock __VIRTUAL_CLK__ (rise edge)
                                  0.000000    0.000000   clock network delay (ideal)
                                  0.250000    0.250000   clock uncertainty
                                  0.000000    0.250000   clock reconvergence pessimism
                                 -0.800000   -0.550000   output external delay
                                             -0.550000   data required time
---------------------------------------------------------------------------------------------
                                             -0.550000   data required time
                                             -1.268364   data arrival time
---------------------------------------------------------------------------------------------
                                              1.818364   slack (MET)


Startpoint: A[18] (input port clocked by __VIRTUAL_CLK__)
Endpoint: S[18] (output port clocked by __VIRTUAL_CLK__)
Path Group: __VIRTUAL_CLK__
Path Type: min

Fanout         Cap        Slew       Delay        Time   Description
---------------------------------------------------------------------------------------------
                      0.000000    0.000000    0.000000   clock __VIRTUAL_CLK__ (rise edge)
                                  0.000000    0.000000   clock network delay (ideal)
                                  0.800000    0.800000 v input external delay
     1    0.002990    0.005008    0.002308    0.802308 v A[18] (in)
                                                         A[18] (net)
                      0.005008    0.000000    0.802308 v input10/A (sky130_fd_sc_hd__clkdlybuf4s25_1)
     2    0.006013    0.041520    0.152964    0.955272 v input10/X (sky130_fd_sc_hd__clkdlybuf4s25_1)
                                                         net10 (net)
                      0.041520    0.000042    0.955314 v _226_/B1 (sky130_fd_sc_hd__a21oi_2)
     3    0.011295    0.085490    0.079081    1.034395 ^ _226_/Y (sky130_fd_sc_hd__a21oi_2)
                                                         _094_ (net)
                      0.085490    0.000100    1.034495 ^ _228_/A (sky130_fd_sc_hd__or2_4)
     2    0.012592    0.038020    0.091608    1.126102 ^ _228_/X (sky130_fd_sc_hd__or2_4)
                                                         _096_ (net)
                      0.038020    0.000104    1.126206 ^ _232_/A (sky130_fd_sc_hd__xor2_2)
     1    0.003076    0.021808    0.034162    1.160369 v _232_/X (sky130_fd_sc_hd__xor2_2)
                                                         net75 (net)
                      0.021808    0.000036    1.160404 v output75/A (sky130_fd_sc_hd__clkbuf_4)
     1    0.034608    0.056904    0.113725    1.274130 v output75/X (sky130_fd_sc_hd__clkbuf_4)
                                                         S[18] (net)
                      0.056907    0.000434    1.274564 v S[18] (out)
                                              1.274564   data arrival time

                      0.000000    0.000000    0.000000   clock __VIRTUAL_CLK__ (rise edge)
                                  0.000000    0.000000   clock network delay (ideal)
                                  0.250000    0.250000   clock uncertainty
                                  0.000000    0.250000   clock reconvergence pessimism
                                 -0.800000   -0.550000   output external delay
                                             -0.550000   data required time
---------------------------------------------------------------------------------------------
                                             -0.550000   data required time
                                             -1.274564   data arrival time
---------------------------------------------------------------------------------------------
                                              1.824564   slack (MET)


Startpoint: A[4] (input port clocked by __VIRTUAL_CLK__)
Endpoint: S[4] (output port clocked by __VIRTUAL_CLK__)
Path Group: __VIRTUAL_CLK__
Path Type: min

Fanout         Cap        Slew       Delay        Time   Description
---------------------------------------------------------------------------------------------
                      0.000000    0.000000    0.000000   clock __VIRTUAL_CLK__ (rise edge)
                                  0.000000    0.000000   clock network delay (ideal)
                                  0.800000    0.800000 ^ input external delay
     1    0.005898    0.024699    0.014379    0.814379 ^ A[4] (in)
                                                         A[4] (net)
                      0.024699    0.000000    0.814379 ^ input27/A (sky130_fd_sc_hd__clkdlybuf4s25_1)
     2    0.016859    0.132342    0.216632    1.031011 ^ input27/X (sky130_fd_sc_hd__clkdlybuf4s25_1)
                                                         net27 (net)
                      0.132342    0.000313    1.031324 ^ _400_/A (sky130_fd_sc_hd__xnor2_2)
     3    0.019973    0.084960    0.115886    1.147211 ^ _400_/Y (sky130_fd_sc_hd__xnor2_2)
                                                         _029_ (net)
                      0.084960    0.000175    1.147385 ^ _345_/A (sky130_fd_sc_hd__xor2_2)
     1    0.005195    0.025480    0.045847    1.193232 v _345_/X (sky130_fd_sc_hd__xor2_2)
                                                         net92 (net)
                      0.025480    0.000055    1.193287 v output92/A (sky130_fd_sc_hd__buf_6)
     1    0.034991    0.032457    0.084329    1.277616 v output92/X (sky130_fd_sc_hd__buf_6)
                                                         S[4] (net)
                      0.032461    0.000332    1.277948 v S[4] (out)
                                              1.277948   data arrival time

                      0.000000    0.000000    0.000000   clock __VIRTUAL_CLK__ (rise edge)
                                  0.000000    0.000000   clock network delay (ideal)
                                  0.250000    0.250000   clock uncertainty
                                  0.000000    0.250000   clock reconvergence pessimism
                                 -0.800000   -0.550000   output external delay
                                             -0.550000   data required time
---------------------------------------------------------------------------------------------
                                             -0.550000   data required time
                                             -1.277948   data arrival time
---------------------------------------------------------------------------------------------
                                              1.827948   slack (MET)


Startpoint: A[4] (input port clocked by __VIRTUAL_CLK__)
Endpoint: S[5] (output port clocked by __VIRTUAL_CLK__)
Path Group: __VIRTUAL_CLK__
Path Type: min

Fanout         Cap        Slew       Delay        Time   Description
---------------------------------------------------------------------------------------------
                      0.000000    0.000000    0.000000   clock __VIRTUAL_CLK__ (rise edge)
                                  0.000000    0.000000   clock network delay (ideal)
                                  0.800000    0.800000 v input external delay
     1    0.005672    0.009306    0.004758    0.804758 v A[4] (in)
                                                         A[4] (net)
                      0.009306    0.000000    0.804758 v input27/A (sky130_fd_sc_hd__clkdlybuf4s25_1)
     2    0.015892    0.087270    0.190659    0.995417 v input27/X (sky130_fd_sc_hd__clkdlybuf4s25_1)
                                                         net27 (net)
                      0.087270    0.000224    0.995641 v _387_/A (sky130_fd_sc_hd__nand2_2)
     2    0.009193    0.049659    0.068190    1.063831 ^ _387_/Y (sky130_fd_sc_hd__nand2_2)
                                                         _016_ (net)
                      0.049659    0.000118    1.063949 ^ _346_/B1 (sky130_fd_sc_hd__o21a_4)
     3    0.025736    0.065708    0.092336    1.156285 ^ _346_/X (sky130_fd_sc_hd__o21a_4)
                                                         _195_ (net)
                      0.065709    0.000310    1.156595 ^ _347_/B (sky130_fd_sc_hd__xor2_2)
     1    0.005234    0.025518    0.038939    1.195534 v _347_/X (sky130_fd_sc_hd__xor2_2)
                                                         net93 (net)
                      0.025518    0.000063    1.195596 v output93/A (sky130_fd_sc_hd__buf_6)
     1    0.035280    0.032611    0.084477    1.280074 v output93/X (sky130_fd_sc_hd__buf_6)
                                                         S[5] (net)
                      0.032615    0.000349    1.280423 v S[5] (out)
                                              1.280423   data arrival time

                      0.000000    0.000000    0.000000   clock __VIRTUAL_CLK__ (rise edge)
                                  0.000000    0.000000   clock network delay (ideal)
                                  0.250000    0.250000   clock uncertainty
                                  0.000000    0.250000   clock reconvergence pessimism
                                 -0.800000   -0.550000   output external delay
                                             -0.550000   data required time
---------------------------------------------------------------------------------------------
                                             -0.550000   data required time
                                             -1.280423   data arrival time
---------------------------------------------------------------------------------------------
                                              1.830423   slack (MET)


Startpoint: A[20] (input port clocked by __VIRTUAL_CLK__)
Endpoint: S[20] (output port clocked by __VIRTUAL_CLK__)
Path Group: __VIRTUAL_CLK__
Path Type: min

Fanout         Cap        Slew       Delay        Time   Description
---------------------------------------------------------------------------------------------
                      0.000000    0.000000    0.000000   clock __VIRTUAL_CLK__ (rise edge)
                                  0.000000    0.000000   clock network delay (ideal)
                                  0.800000    0.800000 ^ input external delay
     1    0.004479    0.019909    0.011036    0.811036 ^ A[20] (in)
                                                         A[20] (net)
                      0.019909    0.000000    0.811036 ^ input13/A (sky130_fd_sc_hd__clkdlybuf4s25_1)
     4    0.017810    0.139222    0.220082    1.031118 ^ input13/X (sky130_fd_sc_hd__clkdlybuf4s25_1)
                                                         net13 (net)
                      0.139222    0.000169    1.031288 ^ _245_/A (sky130_fd_sc_hd__xnor2_2)
     3    0.020464    0.086745    0.117263    1.148550 ^ _245_/Y (sky130_fd_sc_hd__xnor2_2)
                                                         _111_ (net)
                      0.086745    0.000127    1.148677 ^ _249_/A (sky130_fd_sc_hd__xnor2_2)
     1    0.006229    0.028510    0.047253    1.195930 v _249_/Y (sky130_fd_sc_hd__xnor2_2)
                                                         net78 (net)
                      0.028510    0.000092    1.196023 v output78/A (sky130_fd_sc_hd__buf_6)
     1    0.035659    0.032820    0.085795    1.281818 v output78/X (sky130_fd_sc_hd__buf_6)
                                                         S[20] (net)
                      0.032828    0.000486    1.282303 v S[20] (out)
                                              1.282303   data arrival time

                      0.000000    0.000000    0.000000   clock __VIRTUAL_CLK__ (rise edge)
                                  0.000000    0.000000   clock network delay (ideal)
                                  0.250000    0.250000   clock uncertainty
                                  0.000000    0.250000   clock reconvergence pessimism
                                 -0.800000   -0.550000   output external delay
                                             -0.550000   data required time
---------------------------------------------------------------------------------------------
                                             -0.550000   data required time
                                             -1.282303   data arrival time
---------------------------------------------------------------------------------------------
                                              1.832303   slack (MET)


Startpoint: A[22] (input port clocked by __VIRTUAL_CLK__)
Endpoint: S[22] (output port clocked by __VIRTUAL_CLK__)
Path Group: __VIRTUAL_CLK__
Path Type: min

Fanout         Cap        Slew       Delay        Time   Description
---------------------------------------------------------------------------------------------
                      0.000000    0.000000    0.000000   clock __VIRTUAL_CLK__ (rise edge)
                                  0.000000    0.000000   clock network delay (ideal)
                                  0.800000    0.800000 ^ input external delay
     1    0.003514    0.016478    0.008637    0.808637 ^ A[22] (in)
                                                         A[22] (net)
                      0.016478    0.000000    0.808637 ^ input15/A (sky130_fd_sc_hd__clkdlybuf4s25_1)
     3    0.020718    0.160384    0.233156    1.041793 ^ input15/X (sky130_fd_sc_hd__clkdlybuf4s25_1)
                                                         net15 (net)
                      0.160384    0.000333    1.042126 ^ _257_/A (sky130_fd_sc_hd__xnor2_2)
     2    0.014396    0.065355    0.102573    1.144699 ^ _257_/Y (sky130_fd_sc_hd__xnor2_2)
                                                         _121_ (net)
                      0.065355    0.000109    1.144808 ^ _262_/A (sky130_fd_sc_hd__xnor2_2)
     1    0.004259    0.022701    0.040608    1.185416 v _262_/Y (sky130_fd_sc_hd__xnor2_2)
                                                         net80 (net)
                      0.022701    0.000058    1.185474 v output80/A (sky130_fd_sc_hd__buf_4)
     1    0.034920    0.043178    0.102994    1.288467 v output80/X (sky130_fd_sc_hd__buf_4)
                                                         S[22] (net)
                      0.043180    0.000321    1.288788 v S[22] (out)
                                              1.288788   data arrival time

                      0.000000    0.000000    0.000000   clock __VIRTUAL_CLK__ (rise edge)
                                  0.000000    0.000000   clock network delay (ideal)
                                  0.250000    0.250000   clock uncertainty
                                  0.000000    0.250000   clock reconvergence pessimism
                                 -0.800000   -0.550000   output external delay
                                             -0.550000   data required time
---------------------------------------------------------------------------------------------
                                             -0.550000   data required time
                                             -1.288788   data arrival time
---------------------------------------------------------------------------------------------
                                              1.838788   slack (MET)


Startpoint: A[12] (input port clocked by __VIRTUAL_CLK__)
Endpoint: S[12] (output port clocked by __VIRTUAL_CLK__)
Path Group: __VIRTUAL_CLK__
Path Type: min

Fanout         Cap        Slew       Delay        Time   Description
---------------------------------------------------------------------------------------------
                      0.000000    0.000000    0.000000   clock __VIRTUAL_CLK__ (rise edge)
                                  0.000000    0.000000   clock network delay (ideal)
                                  0.800000    0.800000 ^ input external delay
     1    0.004177    0.018843    0.010303    0.810303 ^ A[12] (in)
                                                         A[12] (net)
                      0.018844    0.000000    0.810303 ^ input4/A (sky130_fd_sc_hd__clkdlybuf4s25_1)
     2    0.007998    0.068293    0.172235    0.982538 ^ input4/X (sky130_fd_sc_hd__clkdlybuf4s25_1)
                                                         net4 (net)
                      0.068293    0.000131    0.982668 ^ _432_/A (sky130_fd_sc_hd__nand2_2)
     3    0.018430    0.055387    0.055488    1.038156 v _432_/Y (sky130_fd_sc_hd__nand2_2)
                                                         _061_ (net)
                      0.055387    0.000088    1.038244 v _434_/A (sky130_fd_sc_hd__nand2_2)
     4    0.025489    0.103276    0.097113    1.135357 ^ _434_/Y (sky130_fd_sc_hd__nand2_2)
                                                         _063_ (net)
                      0.103276    0.000206    1.135563 ^ _361_/B (sky130_fd_sc_hd__xor2_2)
     1    0.004012    0.023549    0.040342    1.175905 v _361_/X (sky130_fd_sc_hd__xor2_2)
                                                         net69 (net)
                      0.023549    0.000062    1.175967 v output69/A (sky130_fd_sc_hd__clkbuf_4)
     1    0.035265    0.057732    0.114980    1.290947 v output69/X (sky130_fd_sc_hd__clkbuf_4)
                                                         S[12] (net)
                      0.057737    0.000508    1.291455 v S[12] (out)
                                              1.291455   data arrival time

                      0.000000    0.000000    0.000000   clock __VIRTUAL_CLK__ (rise edge)
                                  0.000000    0.000000   clock network delay (ideal)
                                  0.250000    0.250000   clock uncertainty
                                  0.000000    0.250000   clock reconvergence pessimism
                                 -0.800000   -0.550000   output external delay
                                             -0.550000   data required time
---------------------------------------------------------------------------------------------
                                             -0.550000   data required time
                                             -1.291455   data arrival time
---------------------------------------------------------------------------------------------
                                              1.841455   slack (MET)


Startpoint: A[21] (input port clocked by __VIRTUAL_CLK__)
Endpoint: S[21] (output port clocked by __VIRTUAL_CLK__)
Path Group: __VIRTUAL_CLK__
Path Type: min

Fanout         Cap        Slew       Delay        Time   Description
---------------------------------------------------------------------------------------------
                      0.000000    0.000000    0.000000   clock __VIRTUAL_CLK__ (rise edge)
                                  0.000000    0.000000   clock network delay (ideal)
                                  0.800000    0.800000 ^ input external delay
     1    0.004840    0.021173    0.011943    0.811943 ^ A[21] (in)
                                                         A[21] (net)
                      0.021173    0.000000    0.811943 ^ input14/A (sky130_fd_sc_hd__clkdlybuf4s25_1)
     3    0.018576    0.144823    0.224037    1.035980 ^ input14/X (sky130_fd_sc_hd__clkdlybuf4s25_1)
                                                         net14 (net)
                      0.144823    0.000287    1.036267 ^ _251_/A (sky130_fd_sc_hd__xnor2_2)
     3    0.020306    0.086198    0.117021    1.153288 ^ _251_/Y (sky130_fd_sc_hd__xnor2_2)
                                                         _116_ (net)
                      0.086198    0.000120    1.153409 ^ _253_/A (sky130_fd_sc_hd__xnor2_2)
     1    0.003256    0.020029    0.040009    1.193417 v _253_/Y (sky130_fd_sc_hd__xnor2_2)
                                                         net79 (net)
                      0.020029    0.000036    1.193453 v output79/A (sky130_fd_sc_hd__buf_4)
     1    0.035617    0.043765    0.102483    1.295936 v output79/X (sky130_fd_sc_hd__buf_4)
                                                         S[21] (net)
                      0.043769    0.000436    1.296372 v S[21] (out)
                                              1.296372   data arrival time

                      0.000000    0.000000    0.000000   clock __VIRTUAL_CLK__ (rise edge)
                                  0.000000    0.000000   clock network delay (ideal)
                                  0.250000    0.250000   clock uncertainty
                                  0.000000    0.250000   clock reconvergence pessimism
                                 -0.800000   -0.550000   output external delay
                                             -0.550000   data required time
---------------------------------------------------------------------------------------------
                                             -0.550000   data required time
                                             -1.296372   data arrival time
---------------------------------------------------------------------------------------------
                                              1.846372   slack (MET)


Startpoint: A[6] (input port clocked by __VIRTUAL_CLK__)
Endpoint: S[6] (output port clocked by __VIRTUAL_CLK__)
Path Group: __VIRTUAL_CLK__
Path Type: min

Fanout         Cap        Slew       Delay        Time   Description
---------------------------------------------------------------------------------------------
                      0.000000    0.000000    0.000000   clock __VIRTUAL_CLK__ (rise edge)
                                  0.000000    0.000000   clock network delay (ideal)
                                  0.800000    0.800000 ^ input external delay
     1    0.004780    0.020973    0.011816    0.811816 ^ A[6] (in)
                                                         A[6] (net)
                      0.020973    0.000000    0.811816 ^ input29/A (sky130_fd_sc_hd__clkdlybuf4s25_1)
     3    0.027515    0.209865    0.267247    1.079063 ^ input29/X (sky130_fd_sc_hd__clkdlybuf4s25_1)
                                                         net29 (net)
                      0.209865    0.000291    1.079354 ^ _389_/A (sky130_fd_sc_hd__xnor2_4)
     3    0.015887    0.049351    0.094460    1.173815 ^ _389_/Y (sky130_fd_sc_hd__xnor2_4)
                                                         _018_ (net)
                      0.049351    0.000094    1.173909 ^ _349_/A (sky130_fd_sc_hd__xnor2_2)
     1    0.004931    0.023756    0.040315    1.214224 v _349_/Y (sky130_fd_sc_hd__xnor2_2)
                                                         net94 (net)
                      0.023756    0.000050    1.214274 v output94/A (sky130_fd_sc_hd__buf_6)
     1    0.035456    0.032702    0.083882    1.298156 v output94/X (sky130_fd_sc_hd__buf_6)
                                                         S[6] (net)
                      0.032705    0.000302    1.298457 v S[6] (out)
                                              1.298457   data arrival time

                      0.000000    0.000000    0.000000   clock __VIRTUAL_CLK__ (rise edge)
                                  0.000000    0.000000   clock network delay (ideal)
                                  0.250000    0.250000   clock uncertainty
                                  0.000000    0.250000   clock reconvergence pessimism
                                 -0.800000   -0.550000   output external delay
                                             -0.550000   data required time
---------------------------------------------------------------------------------------------
                                             -0.550000   data required time
                                             -1.298457   data arrival time
---------------------------------------------------------------------------------------------
                                              1.848457   slack (MET)


Startpoint: A[16] (input port clocked by __VIRTUAL_CLK__)
Endpoint: S[16] (output port clocked by __VIRTUAL_CLK__)
Path Group: __VIRTUAL_CLK__
Path Type: min

Fanout         Cap        Slew       Delay        Time   Description
---------------------------------------------------------------------------------------------
                      0.000000    0.000000    0.000000   clock __VIRTUAL_CLK__ (rise edge)
                                  0.000000    0.000000   clock network delay (ideal)
                                  0.800000    0.800000 ^ input external delay
     1    0.003434    0.016193    0.008448    0.808447 ^ A[16] (in)
                                                         A[16] (net)
                      0.016193    0.000000    0.808447 ^ input8/A (sky130_fd_sc_hd__clkdlybuf4s25_1)
     3    0.011596    0.094066    0.189122    0.997570 ^ input8/X (sky130_fd_sc_hd__clkdlybuf4s25_1)
                                                         net8 (net)
                      0.094066    0.000126    0.997696 ^ _216_/A (sky130_fd_sc_hd__nand2_2)
     2    0.013677    0.050749    0.051449    1.049144 v _216_/Y (sky130_fd_sc_hd__nand2_2)
                                                         _086_ (net)
                      0.050749    0.000039    1.049183 v _218_/A (sky130_fd_sc_hd__nand2_2)
     4    0.027872    0.112030    0.101252    1.150435 ^ _218_/Y (sky130_fd_sc_hd__nand2_2)
                                                         _088_ (net)
                      0.112030    0.000153    1.150588 ^ _219_/B (sky130_fd_sc_hd__xor2_2)
     1    0.003071    0.021913    0.038473    1.189060 v _219_/X (sky130_fd_sc_hd__xor2_2)
                                                         net73 (net)
                      0.021913    0.000036    1.189096 v output73/A (sky130_fd_sc_hd__clkbuf_2)
     1    0.034807    0.092810    0.118388    1.307483 v output73/X (sky130_fd_sc_hd__clkbuf_2)
                                                         S[16] (net)
                      0.092811    0.000432    1.307916 v S[16] (out)
                                              1.307916   data arrival time

                      0.000000    0.000000    0.000000   clock __VIRTUAL_CLK__ (rise edge)
                                  0.000000    0.000000   clock network delay (ideal)
                                  0.250000    0.250000   clock uncertainty
                                  0.000000    0.250000   clock reconvergence pessimism
                                 -0.800000   -0.550000   output external delay
                                             -0.550000   data required time
---------------------------------------------------------------------------------------------
                                             -0.550000   data required time
                                             -1.307916   data arrival time
---------------------------------------------------------------------------------------------
                                              1.857916   slack (MET)


Startpoint: A[8] (input port clocked by __VIRTUAL_CLK__)
Endpoint: S[10] (output port clocked by __VIRTUAL_CLK__)
Path Group: __VIRTUAL_CLK__
Path Type: min

Fanout         Cap        Slew       Delay        Time   Description
---------------------------------------------------------------------------------------------
                      0.000000    0.000000    0.000000   clock __VIRTUAL_CLK__ (rise edge)
                                  0.000000    0.000000   clock network delay (ideal)
                                  0.800000    0.800000 v input external delay
     1    0.004306    0.007011    0.003398    0.803398 v A[8] (in)
                                                         A[8] (net)
                      0.007011    0.000000    0.803398 v input31/A (sky130_fd_sc_hd__clkdlybuf4s25_1)
     2    0.014900    0.082508    0.186433    0.989831 v input31/X (sky130_fd_sc_hd__clkdlybuf4s25_1)
                                                         net31 (net)
                      0.082508    0.000121    0.989952 v _376_/A (sky130_fd_sc_hd__nand2_2)
     3    0.020285    0.086219    0.095101    1.085053 ^ _376_/Y (sky130_fd_sc_hd__nand2_2)
                                                         _005_ (net)
                      0.086221    0.000323    1.085376 ^ _357_/A3 (sky130_fd_sc_hd__a31o_4)
     2    0.015453    0.044335    0.107663    1.193040 ^ _357_/X (sky130_fd_sc_hd__a31o_4)
                                                         _201_ (net)
                      0.044335    0.000179    1.193218 ^ _358_/B (sky130_fd_sc_hd__xor2_2)
     1    0.005288    0.025726    0.035386    1.228605 v _358_/X (sky130_fd_sc_hd__xor2_2)
                                                         net67 (net)
                      0.025726    0.000037    1.228642 v output67/A (sky130_fd_sc_hd__buf_6)
     1    0.035606    0.032796    0.084792    1.313434 v output67/X (sky130_fd_sc_hd__buf_6)
                                                         S[10] (net)
                      0.032796    0.000210    1.313644 v S[10] (out)
                                              1.313644   data arrival time

                      0.000000    0.000000    0.000000   clock __VIRTUAL_CLK__ (rise edge)
                                  0.000000    0.000000   clock network delay (ideal)
                                  0.250000    0.250000   clock uncertainty
                                  0.000000    0.250000   clock reconvergence pessimism
                                 -0.800000   -0.550000   output external delay
                                             -0.550000   data required time
---------------------------------------------------------------------------------------------
                                             -0.550000   data required time
                                             -1.313644   data arrival time
---------------------------------------------------------------------------------------------
                                              1.863644   slack (MET)


Startpoint: A[28] (input port clocked by __VIRTUAL_CLK__)
Endpoint: S[28] (output port clocked by __VIRTUAL_CLK__)
Path Group: __VIRTUAL_CLK__
Path Type: min

Fanout         Cap        Slew       Delay        Time   Description
---------------------------------------------------------------------------------------------
                      0.000000    0.000000    0.000000   clock __VIRTUAL_CLK__ (rise edge)
                                  0.000000    0.000000   clock network delay (ideal)
                                  0.800000    0.800000 ^ input external delay
     1    0.003727    0.017249    0.009179    0.809179 ^ A[28] (in)
                                                         A[28] (net)
                      0.017249    0.000000    0.809179 ^ input21/A (sky130_fd_sc_hd__clkdlybuf4s25_1)
     3    0.026362    0.201470    0.260619    1.069798 ^ input21/X (sky130_fd_sc_hd__clkdlybuf4s25_1)
                                                         net21 (net)
                      0.201470    0.000341    1.070139 ^ _308_/A (sky130_fd_sc_hd__xnor2_2)
     3    0.022902    0.095693    0.124540    1.194679 ^ _308_/Y (sky130_fd_sc_hd__xnor2_2)
                                                         _166_ (net)
                      0.095693    0.000200    1.194879 ^ _313_/A (sky130_fd_sc_hd__xor2_2)
     1    0.003481    0.022735    0.043091    1.237970 v _313_/X (sky130_fd_sc_hd__xor2_2)
                                                         net86 (net)
                      0.022735    0.000044    1.238014 v output86/A (sky130_fd_sc_hd__buf_4)
     1    0.034889    0.043202    0.102898    1.340912 v output86/X (sky130_fd_sc_hd__buf_4)
                                                         S[28] (net)
                      0.043207    0.000461    1.341373 v S[28] (out)
                                              1.341373   data arrival time

                      0.000000    0.000000    0.000000   clock __VIRTUAL_CLK__ (rise edge)
                                  0.000000    0.000000   clock network delay (ideal)
                                  0.250000    0.250000   clock uncertainty
                                  0.000000    0.250000   clock reconvergence pessimism
                                 -0.800000   -0.550000   output external delay
                                             -0.550000   data required time
---------------------------------------------------------------------------------------------
                                             -0.550000   data required time
                                             -1.341373   data arrival time
---------------------------------------------------------------------------------------------
                                              1.891373   slack (MET)


Startpoint: A[24] (input port clocked by __VIRTUAL_CLK__)
Endpoint: S[24] (output port clocked by __VIRTUAL_CLK__)
Path Group: __VIRTUAL_CLK__
Path Type: min

Fanout         Cap        Slew       Delay        Time   Description
---------------------------------------------------------------------------------------------
                      0.000000    0.000000    0.000000   clock __VIRTUAL_CLK__ (rise edge)
                                  0.000000    0.000000   clock network delay (ideal)
                                  0.800000    0.800000 ^ input external delay
     1    0.004155    0.018767    0.010251    0.810251 ^ A[24] (in)
                                                         A[24] (net)
                      0.018767    0.000000    0.810251 ^ input17/A (sky130_fd_sc_hd__clkdlybuf4s25_1)
     2    0.008088    0.068935    0.172665    0.982916 ^ input17/X (sky130_fd_sc_hd__clkdlybuf4s25_1)
                                                         net17 (net)
                      0.068935    0.000101    0.983017 ^ _274_/A (sky130_fd_sc_hd__nand2_2)
     3    0.013187    0.044743    0.046226    1.029243 v _274_/Y (sky130_fd_sc_hd__nand2_2)
                                                         _136_ (net)
                      0.044743    0.000123    1.029367 v _275_/B (sky130_fd_sc_hd__nand2_2)
     3    0.009652    0.045352    0.060069    1.089436 ^ _275_/Y (sky130_fd_sc_hd__nand2_2)
                                                         _137_ (net)
                      0.045352    0.000129    1.089565 ^ _282_/B1 (sky130_fd_sc_hd__a21o_2)
     4    0.020542    0.080979    0.092656    1.182221 ^ _282_/X (sky130_fd_sc_hd__a21o_2)
                                                         _144_ (net)
                      0.080979    0.000131    1.182351 ^ _283_/B (sky130_fd_sc_hd__and2b_2)
     1    0.004814    0.030090    0.091427    1.273778 ^ _283_/X (sky130_fd_sc_hd__and2b_2)
                                                         net82 (net)
                      0.030090    0.000091    1.273869 ^ output82/A (sky130_fd_sc_hd__clkbuf_4)
     1    0.035277    0.086343    0.120450    1.394319 ^ output82/X (sky130_fd_sc_hd__clkbuf_4)
                                                         S[24] (net)
                      0.086345    0.000538    1.394857 ^ S[24] (out)
                                              1.394857   data arrival time

                      0.000000    0.000000    0.000000   clock __VIRTUAL_CLK__ (rise edge)
                                  0.000000    0.000000   clock network delay (ideal)
                                  0.250000    0.250000   clock uncertainty
                                  0.000000    0.250000   clock reconvergence pessimism
                                 -0.800000   -0.550000   output external delay
                                             -0.550000   data required time
---------------------------------------------------------------------------------------------
                                             -0.550000   data required time
                                             -1.394857   data arrival time
---------------------------------------------------------------------------------------------
                                              1.944857   slack (MET)



