Reading timing models for corner max_tt_025C_1v80…
Reading timing library for the 'max_tt_025C_1v80' corner at '/home/admin/.ciel/ciel/sky130/versions/8afc8346a57fe1ab7934ba5a6056ea8b43078e71/sky130A/libs.ref/sky130_fd_sc_hd/lib/sky130_fd_sc_hd__tt_025C_1v80.lib'…
Reading timing models for corner min_ss_100C_1v60…
Reading timing library for the 'min_ss_100C_1v60' corner at '/home/admin/.ciel/ciel/sky130/versions/8afc8346a57fe1ab7934ba5a6056ea8b43078e71/sky130A/libs.ref/sky130_fd_sc_hd/lib/sky130_fd_sc_hd__ss_100C_1v60.lib'…
Reading timing models for corner nom_tt_025C_1v80…
Reading timing library for the 'nom_tt_025C_1v80' corner at '/home/admin/.ciel/ciel/sky130/versions/8afc8346a57fe1ab7934ba5a6056ea8b43078e71/sky130A/libs.ref/sky130_fd_sc_hd/lib/sky130_fd_sc_hd__tt_025C_1v80.lib'…
[WARNING STA-1140] /home/admin/.ciel/ciel/sky130/versions/8afc8346a57fe1ab7934ba5a6056ea8b43078e71/sky130A/libs.ref/sky130_fd_sc_hd/lib/sky130_fd_sc_hd__tt_025C_1v80.lib line 1, library sky130_fd_sc_hd__tt_025C_1v80 already exists.
Reading timing models for corner max_ff_n40C_1v95…
Reading timing library for the 'max_ff_n40C_1v95' corner at '/home/admin/.ciel/ciel/sky130/versions/8afc8346a57fe1ab7934ba5a6056ea8b43078e71/sky130A/libs.ref/sky130_fd_sc_hd/lib/sky130_fd_sc_hd__ff_n40C_1v95.lib'…
Reading timing models for corner nom_ff_n40C_1v95…
Reading timing library for the 'nom_ff_n40C_1v95' corner at '/home/admin/.ciel/ciel/sky130/versions/8afc8346a57fe1ab7934ba5a6056ea8b43078e71/sky130A/libs.ref/sky130_fd_sc_hd/lib/sky130_fd_sc_hd__ff_n40C_1v95.lib'…
[WARNING STA-1140] /home/admin/.ciel/ciel/sky130/versions/8afc8346a57fe1ab7934ba5a6056ea8b43078e71/sky130A/libs.ref/sky130_fd_sc_hd/lib/sky130_fd_sc_hd__ff_n40C_1v95.lib line 1, library sky130_fd_sc_hd__ff_n40C_1v95 already exists.
Reading timing models for corner max_ss_100C_1v60…
Reading timing library for the 'max_ss_100C_1v60' corner at '/home/admin/.ciel/ciel/sky130/versions/8afc8346a57fe1ab7934ba5a6056ea8b43078e71/sky130A/libs.ref/sky130_fd_sc_hd/lib/sky130_fd_sc_hd__ss_100C_1v60.lib'…
[WARNING STA-1140] /home/admin/.ciel/ciel/sky130/versions/8afc8346a57fe1ab7934ba5a6056ea8b43078e71/sky130A/libs.ref/sky130_fd_sc_hd/lib/sky130_fd_sc_hd__ss_100C_1v60.lib line 1, library sky130_fd_sc_hd__ss_100C_1v60 already exists.
Reading timing models for corner min_tt_025C_1v80…
Reading timing library for the 'min_tt_025C_1v80' corner at '/home/admin/.ciel/ciel/sky130/versions/8afc8346a57fe1ab7934ba5a6056ea8b43078e71/sky130A/libs.ref/sky130_fd_sc_hd/lib/sky130_fd_sc_hd__tt_025C_1v80.lib'…
[WARNING STA-1140] /home/admin/.ciel/ciel/sky130/versions/8afc8346a57fe1ab7934ba5a6056ea8b43078e71/sky130A/libs.ref/sky130_fd_sc_hd/lib/sky130_fd_sc_hd__tt_025C_1v80.lib line 1, library sky130_fd_sc_hd__tt_025C_1v80 already exists.
Reading timing models for corner nom_ss_100C_1v60…
Reading timing library for the 'nom_ss_100C_1v60' corner at '/home/admin/.ciel/ciel/sky130/versions/8afc8346a57fe1ab7934ba5a6056ea8b43078e71/sky130A/libs.ref/sky130_fd_sc_hd/lib/sky130_fd_sc_hd__ss_100C_1v60.lib'…
[WARNING STA-1140] /home/admin/.ciel/ciel/sky130/versions/8afc8346a57fe1ab7934ba5a6056ea8b43078e71/sky130A/libs.ref/sky130_fd_sc_hd/lib/sky130_fd_sc_hd__ss_100C_1v60.lib line 1, library sky130_fd_sc_hd__ss_100C_1v60 already exists.
Reading timing models for corner min_ff_n40C_1v95…
Reading timing library for the 'min_ff_n40C_1v95' corner at '/home/admin/.ciel/ciel/sky130/versions/8afc8346a57fe1ab7934ba5a6056ea8b43078e71/sky130A/libs.ref/sky130_fd_sc_hd/lib/sky130_fd_sc_hd__ff_n40C_1v95.lib'…
[WARNING STA-1140] /home/admin/.ciel/ciel/sky130/versions/8afc8346a57fe1ab7934ba5a6056ea8b43078e71/sky130A/libs.ref/sky130_fd_sc_hd/lib/sky130_fd_sc_hd__ff_n40C_1v95.lib line 1, library sky130_fd_sc_hd__ff_n40C_1v95 already exists.
Reading OpenROAD database at '/home/admin/Documents/Projekty/Hobby/Nauka/RISC-5/.v/DDCA/code/exercises/ALU/systemIverilog/runs/RUN_2026-09-17_08-26-00/28-openroad-globalplacement/ALU.odb'…
Reading design constraints file at '/nix/store/z065pcb7wpk2dlgw6dj6fz025433qjm0-python3.13-librelane-3.0.14/lib/python3.13/site-packages/librelane/scripts/base.sdc'…
[WARNING STA-0366] port '__VIRTUAL_CLK__' not found.
[INFO] Using clock __VIRTUAL_CLK__…
[INFO] Setting output delay to: 4.0
[INFO] Setting input delay to: 4.0
[WARNING STA-0366] port '__VIRTUAL_CLK__' not found.
[INFO] Setting load to: 0.033442
[INFO] Setting clock uncertainty to: 0.25
[INFO] Setting clock transition to: 0.1499999999999999944488848768742172978818416595458984375
[WARNING STA-0419] transition time can not be specified for virtual clocks.
[INFO] Setting timing derate to: 5.0%
[WARNING STA-0450] virtual clock __VIRTUAL_CLK__ can not be propagated.
[INFO RSZ-0027] Inserted 68 sky130_fd_sc_hd__clkdlybuf4s25_1 input buffers.
[INFO RSZ-0028] Inserted 33 sky130_fd_sc_hd__clkdlybuf4s25_1 output buffers.
+ repair_design -verbose -max_wire_length 0.0 -slew_margin 20.0 -cap_margin 20.0
Iteration |   Area    | Resized | Buffers | Nets repaired | Remaining
---------------------------------------------------------------------
        0 |     +0.0% |       0 |       0 |             0 |       633
       10 |     +0.0% |       0 |       0 |             0 |       623
       20 |     +0.0% |       0 |       0 |             0 |       613
       30 |     +0.0% |       0 |       0 |             0 |       603
       40 |     +0.0% |       0 |       0 |             0 |       593
       50 |     +0.0% |       0 |       0 |             0 |       583
       60 |     +0.0% |       0 |       0 |             0 |       573
       70 |     +0.0% |       0 |       0 |             0 |       563
       80 |     +0.0% |       0 |       0 |             0 |       553
       90 |     +0.0% |       0 |       0 |             0 |       543
      100 |     +0.0% |       0 |       0 |             0 |       533
      110 |     +0.0% |       0 |       0 |             0 |       523
      120 |     +0.0% |       0 |       0 |             0 |       513
      130 |     +0.0% |       0 |       0 |             0 |       503
      140 |     +0.0% |       0 |       0 |             0 |       493
      150 |     +0.0% |       0 |       0 |             0 |       483
      160 |     +0.0% |       0 |       0 |             0 |       473
      170 |     +0.0% |       0 |       0 |             0 |       463
      180 |     +0.0% |       0 |       0 |             0 |       453
      190 |     +0.0% |       0 |       0 |             0 |       443
      200 |     +0.0% |       0 |       0 |             0 |       433
      210 |     +0.0% |       0 |       0 |             0 |       423
      220 |     +0.0% |       0 |       0 |             0 |       413
      230 |     +0.0% |       0 |       0 |             0 |       403
      240 |     +0.0% |       0 |       0 |             0 |       393
      250 |     +0.0% |       0 |       0 |             0 |       383
      260 |     +0.0% |       0 |       0 |             0 |       373
      270 |     +0.0% |       0 |       0 |             0 |       363
      280 |     +0.0% |       0 |       0 |             0 |       353
      290 |     +0.0% |       0 |       0 |             0 |       343
      300 |     +0.0% |       0 |       0 |             0 |       333
      310 |     +0.0% |       0 |       0 |             0 |       323
      320 |     +0.0% |       0 |       0 |             0 |       313
      330 |     +0.0% |       0 |       0 |             0 |       303
      340 |     +0.0% |       0 |       0 |             0 |       293
      350 |     +0.0% |       0 |       0 |             0 |       283
      360 |     +0.0% |       0 |       0 |             0 |       273
      370 |     +0.0% |       0 |       0 |             0 |       263
      380 |     +0.0% |       0 |       0 |             0 |       253
      390 |     +0.0% |       0 |       0 |             0 |       243
      400 |     +0.0% |       0 |       0 |             0 |       233
      410 |     +0.0% |       0 |       0 |             0 |       223
      420 |     +0.0% |       0 |       0 |             0 |       213
      430 |     +0.0% |       0 |       0 |             0 |       203
      440 |     +0.2% |       0 |       2 |             2 |       193
      450 |     +0.4% |       0 |       4 |             4 |       183
      460 |     +0.4% |       0 |       4 |             4 |       173
      470 |     +0.5% |       0 |       5 |             5 |       163
      480 |     +2.6% |       0 |      17 |            11 |       153
      490 |     +4.4% |       0 |      27 |            15 |       143
      500 |     +4.4% |       0 |      27 |            15 |       133
      510 |     +4.7% |       0 |      29 |            17 |       123
      520 |     +4.7% |       0 |      29 |            17 |       113
      530 |     +4.7% |       0 |      29 |            17 |       103
      540 |     +4.7% |       0 |      29 |            17 |        93
      550 |     +4.7% |       0 |      29 |            17 |        83
      560 |     +4.7% |       0 |      29 |            17 |        73
      570 |     +4.7% |       0 |      29 |            17 |        63
      580 |     +4.7% |       0 |      29 |            17 |        53
      590 |     +4.7% |       0 |      29 |            17 |        43
      600 |     +4.7% |       0 |      29 |            17 |        33
      610 |     +4.7% |       0 |      29 |            17 |        23
      620 |     +4.7% |       0 |      29 |            17 |        13
      630 |     +4.7% |       0 |      29 |            17 |         3
    final |     +4.7% |       0 |      29 |            17 |         0
---------------------------------------------------------------------
[INFO RSZ-0034] Found 14 slew violations.
[INFO RSZ-0035] Found 10 fanout violations.
[INFO RSZ-0038] Inserted 29 buffers in 17 nets.
[WARNING RSZ-0020] found 2 floating nets.
 VGND
 VPWR
+ detailed_placement -max_displacement  500 100 
Placement Analysis
---------------------------------
total displacement       4288.0 u
average displacement        5.8 u
max displacement           51.0 u
original HPWL            8725.6 u
legalized HPWL          12698.5 u
delta HPWL                   46 %

[INFO DPL-0020] Mirrored 253 instances
[INFO DPL-0021] HPWL before           12698.5 u
[INFO DPL-0022] HPWL after            12172.0 u
[INFO DPL-0023] HPWL delta               -4.1 %
Setting global connections for newly added cells…
[INFO] Setting global connections...
[INFO ODB-0403] 520 connections made, 0 conflicts skipped.
Updating metrics…
Cell type report:                       Count       Area
  Fill cell                                56     210.20
  Tap cell                                 90     112.61
  Timing Repair Buffer                    130    1261.21
  Inverter                                 14      52.55
  Multi-Input combinational cell          448    4225.30
  Total                                   738    5861.87
Writing OpenROAD database to '/home/admin/Documents/Projekty/Hobby/Nauka/RISC-5/.v/DDCA/code/exercises/ALU/systemIverilog/runs/RUN_2026-09-17_08-26-00/32-openroad-repairdesignpostgpl/ALU.odb'…
Writing netlist to '/home/admin/Documents/Projekty/Hobby/Nauka/RISC-5/.v/DDCA/code/exercises/ALU/systemIverilog/runs/RUN_2026-09-17_08-26-00/32-openroad-repairdesignpostgpl/ALU.nl.v'…
Writing powered netlist to '/home/admin/Documents/Projekty/Hobby/Nauka/RISC-5/.v/DDCA/code/exercises/ALU/systemIverilog/runs/RUN_2026-09-17_08-26-00/32-openroad-repairdesignpostgpl/ALU.pnl.v'…
Writing layout to '/home/admin/Documents/Projekty/Hobby/Nauka/RISC-5/.v/DDCA/code/exercises/ALU/systemIverilog/runs/RUN_2026-09-17_08-26-00/32-openroad-repairdesignpostgpl/ALU.def'…
Writing timing constraints to '/home/admin/Documents/Projekty/Hobby/Nauka/RISC-5/.v/DDCA/code/exercises/ALU/systemIverilog/runs/RUN_2026-09-17_08-26-00/32-openroad-repairdesignpostgpl/ALU.sdc'…
