
===========================================================================
report_checks -unconstrained
===========================================================================
======================= nom_tt_025C_1v80 Corner ===================================

Startpoint: sub (input port clocked by __VIRTUAL_CLK__)
Endpoint: S[25] (output port clocked by __VIRTUAL_CLK__)
Path Group: __VIRTUAL_CLK__
Path Type: max

Fanout         Cap        Slew       Delay        Time   Description
---------------------------------------------------------------------------------------------
                      0.000000    0.000000    0.000000   clock __VIRTUAL_CLK__ (rise edge)
                                  0.000000    0.000000   clock network delay (ideal)
                                  0.800000    0.800000 v input external delay
     1    0.007950    0.020042    0.013564    0.813564 v sub (in)
                                                         sub (net)
                      0.020045    0.000000    0.813564 v input65/A (sky130_fd_sc_hd__buf_8)
     4    0.031956    0.038294    0.127396    0.940959 v input65/X (sky130_fd_sc_hd__buf_8)
                                                         net65 (net)
                      0.038330    0.001107    0.942067 v fanout118/A (sky130_fd_sc_hd__buf_8)
     5    0.034308    0.039971    0.137139    1.079206 v fanout118/X (sky130_fd_sc_hd__buf_8)
                                                         net118 (net)
                      0.040022    0.001329    1.080535 v fanout113/A (sky130_fd_sc_hd__buf_6)
     3    0.015968    0.030252    0.125420    1.205955 v fanout113/X (sky130_fd_sc_hd__buf_6)
                                                         net113 (net)
                      0.030252    0.000150    1.206104 v fanout112/A (sky130_fd_sc_hd__buf_8)
     6    0.036446    0.041373    0.135206    1.341311 v fanout112/X (sky130_fd_sc_hd__buf_8)
                                                         net112 (net)
                      0.041373    0.000247    1.341558 v fanout109/A (sky130_fd_sc_hd__buf_8)
     5    0.031318    0.037886    0.136406    1.477964 v fanout109/X (sky130_fd_sc_hd__buf_8)
                                                         net109 (net)
                      0.037910    0.000920    1.478884 v _601_/A1 (sky130_fd_sc_hd__o21ai_4)
     1    0.009870    0.137661    0.163079    1.641963 ^ _601_/Y (sky130_fd_sc_hd__o21ai_4)
                                                         _020_ (net)
                      0.137661    0.000329    1.642292 ^ _602_/B1 (sky130_fd_sc_hd__a21oi_4)
     3    0.019355    0.104192    0.067861    1.710154 v _602_/Y (sky130_fd_sc_hd__a21oi_4)
                                                         _021_ (net)
                      0.104192    0.000290    1.710443 v _618_/B2 (sky130_fd_sc_hd__a2bb2o_4)
     1    0.009572    0.040851    0.242401    1.952844 v _618_/X (sky130_fd_sc_hd__a2bb2o_4)
                                                         _037_ (net)
                      0.040851    0.000348    1.953193 v _619_/B1 (sky130_fd_sc_hd__a21oi_4)
     2    0.022013    0.195574    0.192019    2.145212 ^ _619_/Y (sky130_fd_sc_hd__a21oi_4)
                                                         _038_ (net)
                      0.195575    0.001010    2.146222 ^ _350_/C (sky130_fd_sc_hd__nand3_4)
     2    0.017485    0.090808    0.126160    2.272382 v _350_/Y (sky130_fd_sc_hd__nand3_4)
                                                         _115_ (net)
                      0.090809    0.000395    2.272777 v _351_/B2 (sky130_fd_sc_hd__a22oi_4)
     3    0.022864    0.232030    0.252687    2.525464 ^ _351_/Y (sky130_fd_sc_hd__a22oi_4)
                                                         _116_ (net)
                      0.232033    0.001717    2.527180 ^ _386_/B1 (sky130_fd_sc_hd__o22ai_4)
     4    0.032932    0.118642    0.170386    2.697567 v _386_/Y (sky130_fd_sc_hd__o22ai_4)
                                                         _151_ (net)
                      0.118650    0.001869    2.699435 v _477_/A2 (sky130_fd_sc_hd__a21boi_4)
     4    0.019048    0.179943    0.247427    2.946862 ^ _477_/Y (sky130_fd_sc_hd__a21boi_4)
                                                         _234_ (net)
                      0.179943    0.000519    2.947381 ^ max_cap99/A (sky130_fd_sc_hd__buf_6)
     2    0.027840    0.065937    0.162419    3.109799 ^ max_cap99/X (sky130_fd_sc_hd__buf_6)
                                                         net99 (net)
                      0.065941    0.000595    3.110394 ^ _484_/A2 (sky130_fd_sc_hd__o21ai_4)
     1    0.016119    0.066152    0.072004    3.182398 v _484_/Y (sky130_fd_sc_hd__o21ai_4)
                                                         _240_ (net)
                      0.066153    0.000517    3.182915 v _485_/B (sky130_fd_sc_hd__xnor2_4)
     1    0.007991    0.128439    0.150927    3.333842 ^ _485_/Y (sky130_fd_sc_hd__xnor2_4)
                                                         net83 (net)
                      0.128439    0.000326    3.334168 ^ output83/A (sky130_fd_sc_hd__buf_6)
     1    0.035292    0.078911    0.161424    3.495592 ^ output83/X (sky130_fd_sc_hd__buf_6)
                                                         S[25] (net)
                      0.078920    0.000913    3.496505 ^ S[25] (out)
                                              3.496505   data arrival time

                      0.000000    4.000000    4.000000   clock __VIRTUAL_CLK__ (rise edge)
                                  0.000000    4.000000   clock network delay (ideal)
                                 -0.250000    3.750000   clock uncertainty
                                  0.000000    3.750000   clock reconvergence pessimism
                                 -0.800000    2.950000   output external delay
                                              2.950000   data required time
---------------------------------------------------------------------------------------------
                                              2.950000   data required time
                                             -3.496505   data arrival time
---------------------------------------------------------------------------------------------
                                             -0.546505   slack (VIOLATED)




===========================================================================
report_checks --slack_max -0.01
============================================================================
======================= nom_tt_025C_1v80 Corner ===================================

Startpoint: sub (input port clocked by __VIRTUAL_CLK__)
Endpoint: S[25] (output port clocked by __VIRTUAL_CLK__)
Path Group: __VIRTUAL_CLK__
Path Type: max

Fanout         Cap        Slew       Delay        Time   Description
---------------------------------------------------------------------------------------------
                      0.000000    0.000000    0.000000   clock __VIRTUAL_CLK__ (rise edge)
                                  0.000000    0.000000   clock network delay (ideal)
                                  0.800000    0.800000 v input external delay
     1    0.007950    0.020042    0.013564    0.813564 v sub (in)
                                                         sub (net)
                      0.020045    0.000000    0.813564 v input65/A (sky130_fd_sc_hd__buf_8)
     4    0.031956    0.038294    0.127396    0.940959 v input65/X (sky130_fd_sc_hd__buf_8)
                                                         net65 (net)
                      0.038330    0.001107    0.942067 v fanout118/A (sky130_fd_sc_hd__buf_8)
     5    0.034308    0.039971    0.137139    1.079206 v fanout118/X (sky130_fd_sc_hd__buf_8)
                                                         net118 (net)
                      0.040022    0.001329    1.080535 v fanout113/A (sky130_fd_sc_hd__buf_6)
     3    0.015968    0.030252    0.125420    1.205955 v fanout113/X (sky130_fd_sc_hd__buf_6)
                                                         net113 (net)
                      0.030252    0.000150    1.206104 v fanout112/A (sky130_fd_sc_hd__buf_8)
     6    0.036446    0.041373    0.135206    1.341311 v fanout112/X (sky130_fd_sc_hd__buf_8)
                                                         net112 (net)
                      0.041373    0.000247    1.341558 v fanout109/A (sky130_fd_sc_hd__buf_8)
     5    0.031318    0.037886    0.136406    1.477964 v fanout109/X (sky130_fd_sc_hd__buf_8)
                                                         net109 (net)
                      0.037910    0.000920    1.478884 v _601_/A1 (sky130_fd_sc_hd__o21ai_4)
     1    0.009870    0.137661    0.163079    1.641963 ^ _601_/Y (sky130_fd_sc_hd__o21ai_4)
                                                         _020_ (net)
                      0.137661    0.000329    1.642292 ^ _602_/B1 (sky130_fd_sc_hd__a21oi_4)
     3    0.019355    0.104192    0.067861    1.710154 v _602_/Y (sky130_fd_sc_hd__a21oi_4)
                                                         _021_ (net)
                      0.104192    0.000290    1.710443 v _618_/B2 (sky130_fd_sc_hd__a2bb2o_4)
     1    0.009572    0.040851    0.242401    1.952844 v _618_/X (sky130_fd_sc_hd__a2bb2o_4)
                                                         _037_ (net)
                      0.040851    0.000348    1.953193 v _619_/B1 (sky130_fd_sc_hd__a21oi_4)
     2    0.022013    0.195574    0.192019    2.145212 ^ _619_/Y (sky130_fd_sc_hd__a21oi_4)
                                                         _038_ (net)
                      0.195575    0.001010    2.146222 ^ _350_/C (sky130_fd_sc_hd__nand3_4)
     2    0.017485    0.090808    0.126160    2.272382 v _350_/Y (sky130_fd_sc_hd__nand3_4)
                                                         _115_ (net)
                      0.090809    0.000395    2.272777 v _351_/B2 (sky130_fd_sc_hd__a22oi_4)
     3    0.022864    0.232030    0.252687    2.525464 ^ _351_/Y (sky130_fd_sc_hd__a22oi_4)
                                                         _116_ (net)
                      0.232033    0.001717    2.527180 ^ _386_/B1 (sky130_fd_sc_hd__o22ai_4)
     4    0.032932    0.118642    0.170386    2.697567 v _386_/Y (sky130_fd_sc_hd__o22ai_4)
                                                         _151_ (net)
                      0.118650    0.001869    2.699435 v _477_/A2 (sky130_fd_sc_hd__a21boi_4)
     4    0.019048    0.179943    0.247427    2.946862 ^ _477_/Y (sky130_fd_sc_hd__a21boi_4)
                                                         _234_ (net)
                      0.179943    0.000519    2.947381 ^ max_cap99/A (sky130_fd_sc_hd__buf_6)
     2    0.027840    0.065937    0.162419    3.109799 ^ max_cap99/X (sky130_fd_sc_hd__buf_6)
                                                         net99 (net)
                      0.065941    0.000595    3.110394 ^ _484_/A2 (sky130_fd_sc_hd__o21ai_4)
     1    0.016119    0.066152    0.072004    3.182398 v _484_/Y (sky130_fd_sc_hd__o21ai_4)
                                                         _240_ (net)
                      0.066153    0.000517    3.182915 v _485_/B (sky130_fd_sc_hd__xnor2_4)
     1    0.007991    0.128439    0.150927    3.333842 ^ _485_/Y (sky130_fd_sc_hd__xnor2_4)
                                                         net83 (net)
                      0.128439    0.000326    3.334168 ^ output83/A (sky130_fd_sc_hd__buf_6)
     1    0.035292    0.078911    0.161424    3.495592 ^ output83/X (sky130_fd_sc_hd__buf_6)
                                                         S[25] (net)
                      0.078920    0.000913    3.496505 ^ S[25] (out)
                                              3.496505   data arrival time

                      0.000000    4.000000    4.000000   clock __VIRTUAL_CLK__ (rise edge)
                                  0.000000    4.000000   clock network delay (ideal)
                                 -0.250000    3.750000   clock uncertainty
                                  0.000000    3.750000   clock reconvergence pessimism
                                 -0.800000    2.950000   output external delay
                                              2.950000   data required time
---------------------------------------------------------------------------------------------
                                              2.950000   data required time
                                             -3.496505   data arrival time
---------------------------------------------------------------------------------------------
                                             -0.546505   slack (VIOLATED)




===========================================================================
 report_check_types -max_slew -max_cap -max_fanout -violators
============================================================================
======================= nom_tt_025C_1v80 Corner ===================================



===========================================================================
report_parasitic_annotation -report_unannotated
============================================================================
Found 0 unannotated drivers.
Found 0 partially unannotated drivers.

===========================================================================
max slew violation count 0
max fanout violation count 0
max cap violation count 0
============================================================================

===========================================================================
check_setup -verbose -unconstrained_endpoints -multiple_clock -no_clock -no_input_delay -loops -generated_clocks
===========================================================================
