
===========================================================================
report_checks -path_delay min (Hold)
============================================================================
======================= nom_ff_n40C_1v95 Corner ===================================

Startpoint: A[31] (input port clocked by __VIRTUAL_CLK__)
Endpoint: carryOut (output port clocked by __VIRTUAL_CLK__)
Path Group: __VIRTUAL_CLK__
Path Type: min

Fanout         Cap        Slew       Delay        Time   Description
---------------------------------------------------------------------------------------------
                      0.000000    0.000000    0.000000   clock __VIRTUAL_CLK__ (rise edge)
                                  0.000000    0.000000   clock network delay (ideal)
                                  0.800000    0.800000 v input external delay
     2    0.005826    0.009633    0.004897    0.804897 v A[31] (in)
                                                         A[31] (net)
                      0.009633    0.000000    0.804897 v _333_/A (sky130_fd_sc_hd__nand2_2)
     2    0.009208    0.044243    0.039566    0.844463 ^ _333_/Y (sky130_fd_sc_hd__nand2_2)
                                                         _188_ (net)
                      0.044243    0.000000    0.844463 ^ _369_/B1 (sky130_fd_sc_hd__o21ai_2)
     1    0.033442    0.072287    0.065324    0.909786 v _369_/Y (sky130_fd_sc_hd__o21ai_2)
                                                         carryOut (net)
                      0.072287    0.000000    0.909786 v carryOut (out)
                                              0.909786   data arrival time

                      0.000000    0.000000    0.000000   clock __VIRTUAL_CLK__ (rise edge)
                                  0.000000    0.000000   clock network delay (ideal)
                                  0.250000    0.250000   clock uncertainty
                                  0.000000    0.250000   clock reconvergence pessimism
                                 -0.800000   -0.550000   output external delay
                                             -0.550000   data required time
---------------------------------------------------------------------------------------------
                                             -0.550000   data required time
                                             -0.909786   data arrival time
---------------------------------------------------------------------------------------------
                                              1.459786   slack (MET)


Startpoint: B[0] (input port clocked by __VIRTUAL_CLK__)
Endpoint: S[0] (output port clocked by __VIRTUAL_CLK__)
Path Group: __VIRTUAL_CLK__
Path Type: min

Fanout         Cap        Slew       Delay        Time   Description
---------------------------------------------------------------------------------------------
                      0.000000    0.000000    0.000000   clock __VIRTUAL_CLK__ (rise edge)
                                  0.000000    0.000000   clock network delay (ideal)
                                  0.800000    0.800000 ^ input external delay
     3    0.020504    0.074771    0.047400    0.847400 ^ B[0] (in)
                                                         B[0] (net)
                      0.074771    0.000000    0.847400 ^ _337_/B (sky130_fd_sc_hd__xor2_2)
     1    0.033442    0.071961    0.093921    0.941321 v _337_/X (sky130_fd_sc_hd__xor2_2)
                                                         S[0] (net)
                      0.071961    0.000000    0.941321 v S[0] (out)
                                              0.941321   data arrival time

                      0.000000    0.000000    0.000000   clock __VIRTUAL_CLK__ (rise edge)
                                  0.000000    0.000000   clock network delay (ideal)
                                  0.250000    0.250000   clock uncertainty
                                  0.000000    0.250000   clock reconvergence pessimism
                                 -0.800000   -0.550000   output external delay
                                             -0.550000   data required time
---------------------------------------------------------------------------------------------
                                             -0.550000   data required time
                                             -0.941321   data arrival time
---------------------------------------------------------------------------------------------
                                              1.491321   slack (MET)


Startpoint: A[24] (input port clocked by __VIRTUAL_CLK__)
Endpoint: S[25] (output port clocked by __VIRTUAL_CLK__)
Path Group: __VIRTUAL_CLK__
Path Type: min

Fanout         Cap        Slew       Delay        Time   Description
---------------------------------------------------------------------------------------------
                      0.000000    0.000000    0.000000   clock __VIRTUAL_CLK__ (rise edge)
                                  0.000000    0.000000   clock network delay (ideal)
                                  0.800000    0.800000 ^ input external delay
     2    0.006250    0.026715    0.015153    0.815153 ^ A[24] (in)
                                                         A[24] (net)
                      0.026715    0.000000    0.815153 ^ _274_/A (sky130_fd_sc_hd__nand2_2)
     3    0.010861    0.033922    0.033762    0.848915 v _274_/Y (sky130_fd_sc_hd__nand2_2)
                                                         _136_ (net)
                      0.033922    0.000000    0.848915 v _289_/A (sky130_fd_sc_hd__nand2_2)
     1    0.008395    0.041947    0.046212    0.895126 ^ _289_/Y (sky130_fd_sc_hd__nand2_2)
                                                         _150_ (net)
                      0.041947    0.000000    0.895126 ^ _290_/B (sky130_fd_sc_hd__xnor2_2)
     1    0.033442    0.099943    0.089439    0.984565 v _290_/Y (sky130_fd_sc_hd__xnor2_2)
                                                         S[25] (net)
                      0.099943    0.000000    0.984565 v S[25] (out)
                                              0.984565   data arrival time

                      0.000000    0.000000    0.000000   clock __VIRTUAL_CLK__ (rise edge)
                                  0.000000    0.000000   clock network delay (ideal)
                                  0.250000    0.250000   clock uncertainty
                                  0.000000    0.250000   clock reconvergence pessimism
                                 -0.800000   -0.550000   output external delay
                                             -0.550000   data required time
---------------------------------------------------------------------------------------------
                                             -0.550000   data required time
                                             -0.984565   data arrival time
---------------------------------------------------------------------------------------------
                                              1.534565   slack (MET)


Startpoint: A[12] (input port clocked by __VIRTUAL_CLK__)
Endpoint: S[13] (output port clocked by __VIRTUAL_CLK__)
Path Group: __VIRTUAL_CLK__
Path Type: min

Fanout         Cap        Slew       Delay        Time   Description
---------------------------------------------------------------------------------------------
                      0.000000    0.000000    0.000000   clock __VIRTUAL_CLK__ (rise edge)
                                  0.000000    0.000000   clock network delay (ideal)
                                  0.800000    0.800000 ^ input external delay
     2    0.006250    0.026715    0.015153    0.815153 ^ A[12] (in)
                                                         A[12] (net)
                      0.026715    0.000000    0.815153 ^ _432_/A (sky130_fd_sc_hd__nand2_2)
     3    0.010871    0.033945    0.033779    0.848932 v _432_/Y (sky130_fd_sc_hd__nand2_2)
                                                         _061_ (net)
                      0.033945    0.000000    0.848932 v _362_/B1 (sky130_fd_sc_hd__o21ai_2)
     1    0.008395    0.043894    0.047357    0.896289 ^ _362_/Y (sky130_fd_sc_hd__o21ai_2)
                                                         _203_ (net)
                      0.043894    0.000000    0.896289 ^ _363_/B (sky130_fd_sc_hd__xnor2_2)
     1    0.033442    0.099955    0.089819    0.986108 v _363_/Y (sky130_fd_sc_hd__xnor2_2)
                                                         S[13] (net)
                      0.099955    0.000000    0.986108 v S[13] (out)
                                              0.986108   data arrival time

                      0.000000    0.000000    0.000000   clock __VIRTUAL_CLK__ (rise edge)
                                  0.000000    0.000000   clock network delay (ideal)
                                  0.250000    0.250000   clock uncertainty
                                  0.000000    0.250000   clock reconvergence pessimism
                                 -0.800000   -0.550000   output external delay
                                             -0.550000   data required time
---------------------------------------------------------------------------------------------
                                             -0.550000   data required time
                                             -0.986108   data arrival time
---------------------------------------------------------------------------------------------
                                              1.536108   slack (MET)


Startpoint: A[16] (input port clocked by __VIRTUAL_CLK__)
Endpoint: S[17] (output port clocked by __VIRTUAL_CLK__)
Path Group: __VIRTUAL_CLK__
Path Type: min

Fanout         Cap        Slew       Delay        Time   Description
---------------------------------------------------------------------------------------------
                      0.000000    0.000000    0.000000   clock __VIRTUAL_CLK__ (rise edge)
                                  0.000000    0.000000   clock network delay (ideal)
                                  0.800000    0.800000 ^ input external delay
     3    0.008746    0.035197    0.020894    0.820894 ^ A[16] (in)
                                                         A[16] (net)
                      0.035197    0.000000    0.820894 ^ _216_/A (sky130_fd_sc_hd__nand2_2)
     2    0.008587    0.030151    0.031456    0.852350 v _216_/Y (sky130_fd_sc_hd__nand2_2)
                                                         _086_ (net)
                      0.030151    0.000000    0.852350 v _222_/B1 (sky130_fd_sc_hd__o21ai_2)
     1    0.008395    0.043699    0.045893    0.898243 ^ _222_/Y (sky130_fd_sc_hd__o21ai_2)
                                                         _091_ (net)
                      0.043699    0.000000    0.898243 ^ _223_/B (sky130_fd_sc_hd__xnor2_2)
     1    0.033442    0.099953    0.089781    0.988024 v _223_/Y (sky130_fd_sc_hd__xnor2_2)
                                                         S[17] (net)
                      0.099953    0.000000    0.988024 v S[17] (out)
                                              0.988024   data arrival time

                      0.000000    0.000000    0.000000   clock __VIRTUAL_CLK__ (rise edge)
                                  0.000000    0.000000   clock network delay (ideal)
                                  0.250000    0.250000   clock uncertainty
                                  0.000000    0.250000   clock reconvergence pessimism
                                 -0.800000   -0.550000   output external delay
                                             -0.550000   data required time
---------------------------------------------------------------------------------------------
                                             -0.550000   data required time
                                             -0.988024   data arrival time
---------------------------------------------------------------------------------------------
                                              1.538024   slack (MET)


Startpoint: A[2] (input port clocked by __VIRTUAL_CLK__)
Endpoint: S[3] (output port clocked by __VIRTUAL_CLK__)
Path Group: __VIRTUAL_CLK__
Path Type: min

Fanout         Cap        Slew       Delay        Time   Description
---------------------------------------------------------------------------------------------
                      0.000000    0.000000    0.000000   clock __VIRTUAL_CLK__ (rise edge)
                                  0.000000    0.000000   clock network delay (ideal)
                                  0.800000    0.800000 ^ input external delay
     2    0.006315    0.026936    0.015302    0.815302 ^ A[2] (in)
                                                         A[2] (net)
                      0.026936    0.000000    0.815302 ^ _420_/B1 (sky130_fd_sc_hd__a21oi_2)
     3    0.007815    0.017507    0.021503    0.836805 v _420_/Y (sky130_fd_sc_hd__a21oi_2)
                                                         _049_ (net)
                      0.017507    0.000000    0.836805 v _342_/B1 (sky130_fd_sc_hd__a21oi_2)
     1    0.008395    0.070528    0.058893    0.895698 ^ _342_/Y (sky130_fd_sc_hd__a21oi_2)
                                                         _193_ (net)
                      0.070528    0.000000    0.895698 ^ _343_/B (sky130_fd_sc_hd__xnor2_2)
     1    0.033442    0.101061    0.094571    0.990270 v _343_/Y (sky130_fd_sc_hd__xnor2_2)
                                                         S[3] (net)
                      0.101061    0.000000    0.990270 v S[3] (out)
                                              0.990270   data arrival time

                      0.000000    0.000000    0.000000   clock __VIRTUAL_CLK__ (rise edge)
                                  0.000000    0.000000   clock network delay (ideal)
                                  0.250000    0.250000   clock uncertainty
                                  0.000000    0.250000   clock reconvergence pessimism
                                 -0.800000   -0.550000   output external delay
                                             -0.550000   data required time
---------------------------------------------------------------------------------------------
                                             -0.550000   data required time
                                             -0.990270   data arrival time
---------------------------------------------------------------------------------------------
                                              1.540270   slack (MET)


Startpoint: A[10] (input port clocked by __VIRTUAL_CLK__)
Endpoint: S[11] (output port clocked by __VIRTUAL_CLK__)
Path Group: __VIRTUAL_CLK__
Path Type: min

Fanout         Cap        Slew       Delay        Time   Description
---------------------------------------------------------------------------------------------
                      0.000000    0.000000    0.000000   clock __VIRTUAL_CLK__ (rise edge)
                                  0.000000    0.000000   clock network delay (ideal)
                                  0.800000    0.800000 ^ input external delay
     3    0.016054    0.059944    0.037580    0.837581 ^ A[10] (in)
                                                         A[10] (net)
                      0.059944    0.000000    0.837581 ^ _373_/A (sky130_fd_sc_hd__nand2_2)
     1    0.004267    0.025840    0.026537    0.864117 v _373_/Y (sky130_fd_sc_hd__nand2_2)
                                                         _002_ (net)
                      0.025840    0.000000    0.864117 v _359_/B1 (sky130_fd_sc_hd__o21ai_2)
     1    0.008395    0.043478    0.044229    0.908346 ^ _359_/Y (sky130_fd_sc_hd__o21ai_2)
                                                         _202_ (net)
                      0.043478    0.000000    0.908346 ^ _360_/B (sky130_fd_sc_hd__xnor2_2)
     1    0.033442    0.099952    0.089738    0.998084 v _360_/Y (sky130_fd_sc_hd__xnor2_2)
                                                         S[11] (net)
                      0.099952    0.000000    0.998084 v S[11] (out)
                                              0.998084   data arrival time

                      0.000000    0.000000    0.000000   clock __VIRTUAL_CLK__ (rise edge)
                                  0.000000    0.000000   clock network delay (ideal)
                                  0.250000    0.250000   clock uncertainty
                                  0.000000    0.250000   clock reconvergence pessimism
                                 -0.800000   -0.550000   output external delay
                                             -0.550000   data required time
---------------------------------------------------------------------------------------------
                                             -0.550000   data required time
                                             -0.998084   data arrival time
---------------------------------------------------------------------------------------------
                                              1.548084   slack (MET)


Startpoint: A[8] (input port clocked by __VIRTUAL_CLK__)
Endpoint: S[9] (output port clocked by __VIRTUAL_CLK__)
Path Group: __VIRTUAL_CLK__
Path Type: min

Fanout         Cap        Slew       Delay        Time   Description
---------------------------------------------------------------------------------------------
                      0.000000    0.000000    0.000000   clock __VIRTUAL_CLK__ (rise edge)
                                  0.000000    0.000000   clock network delay (ideal)
                                  0.800000    0.800000 ^ input external delay
     2    0.013558    0.051550    0.031963    0.831963 ^ A[8] (in)
                                                         A[8] (net)
                      0.051550    0.000000    0.831963 ^ _376_/A (sky130_fd_sc_hd__nand2_2)
     3    0.009002    0.033697    0.035434    0.867397 v _376_/Y (sky130_fd_sc_hd__nand2_2)
                                                         _005_ (net)
                      0.033697    0.000000    0.867397 v _355_/A (sky130_fd_sc_hd__nand2_2)
     1    0.008395    0.041933    0.046123    0.913520 ^ _355_/Y (sky130_fd_sc_hd__nand2_2)
                                                         _200_ (net)
                      0.041933    0.000000    0.913520 ^ _356_/B (sky130_fd_sc_hd__xnor2_2)
     1    0.033442    0.099943    0.089436    1.002957 v _356_/Y (sky130_fd_sc_hd__xnor2_2)
                                                         S[9] (net)
                      0.099943    0.000000    1.002957 v S[9] (out)
                                              1.002957   data arrival time

                      0.000000    0.000000    0.000000   clock __VIRTUAL_CLK__ (rise edge)
                                  0.000000    0.000000   clock network delay (ideal)
                                  0.250000    0.250000   clock uncertainty
                                  0.000000    0.250000   clock reconvergence pessimism
                                 -0.800000   -0.550000   output external delay
                                             -0.550000   data required time
---------------------------------------------------------------------------------------------
                                             -0.550000   data required time
                                             -1.002957   data arrival time
---------------------------------------------------------------------------------------------
                                              1.552957   slack (MET)


Startpoint: A[31] (input port clocked by __VIRTUAL_CLK__)
Endpoint: S[31] (output port clocked by __VIRTUAL_CLK__)
Path Group: __VIRTUAL_CLK__
Path Type: min

Fanout         Cap        Slew       Delay        Time   Description
---------------------------------------------------------------------------------------------
                      0.000000    0.000000    0.000000   clock __VIRTUAL_CLK__ (rise edge)
                                  0.000000    0.000000   clock network delay (ideal)
                                  0.800000    0.800000 ^ input external delay
     2    0.006250    0.026715    0.015153    0.815153 ^ A[31] (in)
                                                         A[31] (net)
                      0.026715    0.000000    0.815153 ^ _333_/A (sky130_fd_sc_hd__nand2_2)
     2    0.008490    0.028513    0.029638    0.844791 v _333_/Y (sky130_fd_sc_hd__nand2_2)
                                                         _188_ (net)
                      0.028513    0.000000    0.844791 v _334_/B (sky130_fd_sc_hd__nand2_2)
     2    0.014424    0.063836    0.065568    0.910358 ^ _334_/Y (sky130_fd_sc_hd__nand2_2)
                                                         _189_ (net)
                      0.063836    0.000000    0.910358 ^ _336_/A (sky130_fd_sc_hd__xor2_2)
     1    0.033442    0.071955    0.095962    1.006321 v _336_/X (sky130_fd_sc_hd__xor2_2)
                                                         S[31] (net)
                      0.071955    0.000000    1.006321 v S[31] (out)
                                              1.006321   data arrival time

                      0.000000    0.000000    0.000000   clock __VIRTUAL_CLK__ (rise edge)
                                  0.000000    0.000000   clock network delay (ideal)
                                  0.250000    0.250000   clock uncertainty
                                  0.000000    0.250000   clock reconvergence pessimism
                                 -0.800000   -0.550000   output external delay
                                             -0.550000   data required time
---------------------------------------------------------------------------------------------
                                             -0.550000   data required time
                                             -1.006321   data arrival time
---------------------------------------------------------------------------------------------
                                              1.556321   slack (MET)


Startpoint: A[5] (input port clocked by __VIRTUAL_CLK__)
Endpoint: S[6] (output port clocked by __VIRTUAL_CLK__)
Path Group: __VIRTUAL_CLK__
Path Type: min

Fanout         Cap        Slew       Delay        Time   Description
---------------------------------------------------------------------------------------------
                      0.000000    0.000000    0.000000   clock __VIRTUAL_CLK__ (rise edge)
                                  0.000000    0.000000   clock network delay (ideal)
                                  0.800000    0.800000 v input external delay
     4    0.018990    0.030548    0.018873    0.818873 v A[5] (in)
                                                         A[5] (net)
                      0.030548    0.000000    0.818873 v _391_/A (sky130_fd_sc_hd__nand2_2)
     1    0.004594    0.027770    0.035204    0.854077 ^ _391_/Y (sky130_fd_sc_hd__nand2_2)
                                                         _020_ (net)
                      0.027770    0.000000    0.854077 ^ _348_/B1 (sky130_fd_sc_hd__o21ai_2)
     1    0.008002    0.022840    0.025454    0.879531 v _348_/Y (sky130_fd_sc_hd__o21ai_2)
                                                         _196_ (net)
                      0.022840    0.000000    0.879531 v _349_/B (sky130_fd_sc_hd__xnor2_2)
     1    0.033442    0.099953    0.128719    1.008250 v _349_/Y (sky130_fd_sc_hd__xnor2_2)
                                                         S[6] (net)
                      0.099953    0.000000    1.008250 v S[6] (out)
                                              1.008250   data arrival time

                      0.000000    0.000000    0.000000   clock __VIRTUAL_CLK__ (rise edge)
                                  0.000000    0.000000   clock network delay (ideal)
                                  0.250000    0.250000   clock uncertainty
                                  0.000000    0.250000   clock reconvergence pessimism
                                 -0.800000   -0.550000   output external delay
                                             -0.550000   data required time
---------------------------------------------------------------------------------------------
                                             -0.550000   data required time
                                             -1.008250   data arrival time
---------------------------------------------------------------------------------------------
                                              1.558250   slack (MET)


Startpoint: A[1] (input port clocked by __VIRTUAL_CLK__)
Endpoint: S[2] (output port clocked by __VIRTUAL_CLK__)
Path Group: __VIRTUAL_CLK__
Path Type: min

Fanout         Cap        Slew       Delay        Time   Description
---------------------------------------------------------------------------------------------
                      0.000000    0.000000    0.000000   clock __VIRTUAL_CLK__ (rise edge)
                                  0.000000    0.000000   clock network delay (ideal)
                                  0.800000    0.800000 ^ input external delay
     4    0.020682    0.075364    0.047793    0.847793 ^ A[1] (in)
                                                         A[1] (net)
                      0.075364    0.000000    0.847793 ^ _418_/A1 (sky130_fd_sc_hd__a21oi_2)
     1    0.004320    0.019164    0.031049    0.878842 v _418_/Y (sky130_fd_sc_hd__a21oi_2)
                                                         _047_ (net)
                      0.019164    0.000000    0.878842 v _340_/A (sky130_fd_sc_hd__nand2_2)
     1    0.008395    0.041238    0.040643    0.919485 ^ _340_/Y (sky130_fd_sc_hd__nand2_2)
                                                         _192_ (net)
                      0.041238    0.000000    0.919485 ^ _341_/B (sky130_fd_sc_hd__xnor2_2)
     1    0.033442    0.099939    0.089300    1.008786 v _341_/Y (sky130_fd_sc_hd__xnor2_2)
                                                         S[2] (net)
                      0.099939    0.000000    1.008786 v S[2] (out)
                                              1.008786   data arrival time

                      0.000000    0.000000    0.000000   clock __VIRTUAL_CLK__ (rise edge)
                                  0.000000    0.000000   clock network delay (ideal)
                                  0.250000    0.250000   clock uncertainty
                                  0.000000    0.250000   clock reconvergence pessimism
                                 -0.800000   -0.550000   output external delay
                                             -0.550000   data required time
---------------------------------------------------------------------------------------------
                                             -0.550000   data required time
                                             -1.008786   data arrival time
---------------------------------------------------------------------------------------------
                                              1.558786   slack (MET)


Startpoint: A[12] (input port clocked by __VIRTUAL_CLK__)
Endpoint: S[12] (output port clocked by __VIRTUAL_CLK__)
Path Group: __VIRTUAL_CLK__
Path Type: min

Fanout         Cap        Slew       Delay        Time   Description
---------------------------------------------------------------------------------------------
                      0.000000    0.000000    0.000000   clock __VIRTUAL_CLK__ (rise edge)
                                  0.000000    0.000000   clock network delay (ideal)
                                  0.800000    0.800000 ^ input external delay
     2    0.006250    0.026715    0.015153    0.815153 ^ A[12] (in)
                                                         A[12] (net)
                      0.026715    0.000000    0.815153 ^ _432_/A (sky130_fd_sc_hd__nand2_2)
     3    0.010871    0.033945    0.033779    0.848932 v _432_/Y (sky130_fd_sc_hd__nand2_2)
                                                         _061_ (net)
                      0.033945    0.000000    0.848932 v _434_/A (sky130_fd_sc_hd__nand2_2)
     4    0.016527    0.071761    0.066745    0.915677 ^ _434_/Y (sky130_fd_sc_hd__nand2_2)
                                                         _063_ (net)
                      0.071761    0.000000    0.915677 ^ _361_/B (sky130_fd_sc_hd__xor2_2)
     1    0.033442    0.071952    0.093173    1.008850 v _361_/X (sky130_fd_sc_hd__xor2_2)
                                                         S[12] (net)
                      0.071952    0.000000    1.008850 v S[12] (out)
                                              1.008850   data arrival time

                      0.000000    0.000000    0.000000   clock __VIRTUAL_CLK__ (rise edge)
                                  0.000000    0.000000   clock network delay (ideal)
                                  0.250000    0.250000   clock uncertainty
                                  0.000000    0.250000   clock reconvergence pessimism
                                 -0.800000   -0.550000   output external delay
                                             -0.550000   data required time
---------------------------------------------------------------------------------------------
                                             -0.550000   data required time
                                             -1.008850   data arrival time
---------------------------------------------------------------------------------------------
                                              1.558850   slack (MET)


Startpoint: A[28] (input port clocked by __VIRTUAL_CLK__)
Endpoint: S[29] (output port clocked by __VIRTUAL_CLK__)
Path Group: __VIRTUAL_CLK__
Path Type: min

Fanout         Cap        Slew       Delay        Time   Description
---------------------------------------------------------------------------------------------
                      0.000000    0.000000    0.000000   clock __VIRTUAL_CLK__ (rise edge)
                                  0.000000    0.000000   clock network delay (ideal)
                                  0.800000    0.800000 ^ input external delay
     3    0.018714    0.068807    0.043450    0.843450 ^ A[28] (in)
                                                         A[28] (net)
                      0.068807    0.000000    0.843450 ^ _320_/A1_N (sky130_fd_sc_hd__o2bb2ai_2)
     1    0.008395    0.048844    0.077027    0.920477 ^ _320_/Y (sky130_fd_sc_hd__o2bb2ai_2)
                                                         _177_ (net)
                      0.048844    0.000000    0.920477 ^ _321_/B (sky130_fd_sc_hd__xnor2_2)
     1    0.033442    0.099983    0.090786    1.011263 v _321_/Y (sky130_fd_sc_hd__xnor2_2)
                                                         S[29] (net)
                      0.099983    0.000000    1.011263 v S[29] (out)
                                              1.011263   data arrival time

                      0.000000    0.000000    0.000000   clock __VIRTUAL_CLK__ (rise edge)
                                  0.000000    0.000000   clock network delay (ideal)
                                  0.250000    0.250000   clock uncertainty
                                  0.000000    0.250000   clock reconvergence pessimism
                                 -0.800000   -0.550000   output external delay
                                             -0.550000   data required time
---------------------------------------------------------------------------------------------
                                             -0.550000   data required time
                                             -1.011263   data arrival time
---------------------------------------------------------------------------------------------
                                              1.561263   slack (MET)


Startpoint: A[18] (input port clocked by __VIRTUAL_CLK__)
Endpoint: S[19] (output port clocked by __VIRTUAL_CLK__)
Path Group: __VIRTUAL_CLK__
Path Type: min

Fanout         Cap        Slew       Delay        Time   Description
---------------------------------------------------------------------------------------------
                      0.000000    0.000000    0.000000   clock __VIRTUAL_CLK__ (rise edge)
                                  0.000000    0.000000   clock network delay (ideal)
                                  0.800000    0.800000 v input external delay
     2    0.005710    0.009443    0.004773    0.804773 v A[18] (in)
                                                         A[18] (net)
                      0.009443    0.000000    0.804773 v _226_/B1 (sky130_fd_sc_hd__a21oi_2)
     3    0.006745    0.060373    0.049582    0.854355 ^ _226_/Y (sky130_fd_sc_hd__a21oi_2)
                                                         _094_ (net)
                      0.060373    0.000000    0.854355 ^ _240_/B2 (sky130_fd_sc_hd__o22a_2)
     1    0.008409    0.039301    0.074031    0.928386 ^ _240_/X (sky130_fd_sc_hd__o22a_2)
                                                         _107_ (net)
                      0.039301    0.000000    0.928386 ^ _241_/B (sky130_fd_sc_hd__xor2_2)
     1    0.033442    0.071957    0.085277    1.013663 v _241_/X (sky130_fd_sc_hd__xor2_2)
                                                         S[19] (net)
                      0.071957    0.000000    1.013663 v S[19] (out)
                                              1.013663   data arrival time

                      0.000000    0.000000    0.000000   clock __VIRTUAL_CLK__ (rise edge)
                                  0.000000    0.000000   clock network delay (ideal)
                                  0.250000    0.250000   clock uncertainty
                                  0.000000    0.250000   clock reconvergence pessimism
                                 -0.800000   -0.550000   output external delay
                                             -0.550000   data required time
---------------------------------------------------------------------------------------------
                                             -0.550000   data required time
                                             -1.013663   data arrival time
---------------------------------------------------------------------------------------------
                                              1.563663   slack (MET)


Startpoint: A[23] (input port clocked by __VIRTUAL_CLK__)
Endpoint: S[23] (output port clocked by __VIRTUAL_CLK__)
Path Group: __VIRTUAL_CLK__
Path Type: min

Fanout         Cap        Slew       Delay        Time   Description
---------------------------------------------------------------------------------------------
                      0.000000    0.000000    0.000000   clock __VIRTUAL_CLK__ (rise edge)
                                  0.000000    0.000000   clock network delay (ideal)
                                  0.800000    0.800000 v input external delay
     2    0.005710    0.009443    0.004773    0.804773 v A[23] (in)
                                                         A[23] (net)
                      0.009443    0.000000    0.804773 v _266_/B1 (sky130_fd_sc_hd__a21oi_2)
     2    0.003125    0.037636    0.033768    0.838541 ^ _266_/Y (sky130_fd_sc_hd__a21oi_2)
                                                         _129_ (net)
                      0.037636    0.000000    0.838541 ^ _267_/B (sky130_fd_sc_hd__or2_2)
     2    0.010515    0.049220    0.080657    0.919199 ^ _267_/X (sky130_fd_sc_hd__or2_2)
                                                         _130_ (net)
                      0.049220    0.000000    0.919199 ^ _271_/A (sky130_fd_sc_hd__xnor2_2)
     1    0.033442    0.099924    0.096252    1.015450 v _271_/Y (sky130_fd_sc_hd__xnor2_2)
                                                         S[23] (net)
                      0.099924    0.000000    1.015450 v S[23] (out)
                                              1.015450   data arrival time

                      0.000000    0.000000    0.000000   clock __VIRTUAL_CLK__ (rise edge)
                                  0.000000    0.000000   clock network delay (ideal)
                                  0.250000    0.250000   clock uncertainty
                                  0.000000    0.250000   clock reconvergence pessimism
                                 -0.800000   -0.550000   output external delay
                                             -0.550000   data required time
---------------------------------------------------------------------------------------------
                                             -0.550000   data required time
                                             -1.015450   data arrival time
---------------------------------------------------------------------------------------------
                                              1.565450   slack (MET)


Startpoint: A[8] (input port clocked by __VIRTUAL_CLK__)
Endpoint: S[8] (output port clocked by __VIRTUAL_CLK__)
Path Group: __VIRTUAL_CLK__
Path Type: min

Fanout         Cap        Slew       Delay        Time   Description
---------------------------------------------------------------------------------------------
                      0.000000    0.000000    0.000000   clock __VIRTUAL_CLK__ (rise edge)
                                  0.000000    0.000000   clock network delay (ideal)
                                  0.800000    0.800000 ^ input external delay
     2    0.013558    0.051550    0.031963    0.831963 ^ A[8] (in)
                                                         A[8] (net)
                      0.051550    0.000000    0.831963 ^ _377_/A (sky130_fd_sc_hd__xnor2_2)
     3    0.012718    0.060260    0.089414    0.921376 ^ _377_/Y (sky130_fd_sc_hd__xnor2_2)
                                                         _006_ (net)
                      0.060260    0.000000    0.921376 ^ _354_/A (sky130_fd_sc_hd__xor2_2)
     1    0.033442    0.071952    0.095160    1.016537 v _354_/X (sky130_fd_sc_hd__xor2_2)
                                                         S[8] (net)
                      0.071952    0.000000    1.016537 v S[8] (out)
                                              1.016537   data arrival time

                      0.000000    0.000000    0.000000   clock __VIRTUAL_CLK__ (rise edge)
                                  0.000000    0.000000   clock network delay (ideal)
                                  0.250000    0.250000   clock uncertainty
                                  0.000000    0.250000   clock reconvergence pessimism
                                 -0.800000   -0.550000   output external delay
                                             -0.550000   data required time
---------------------------------------------------------------------------------------------
                                             -0.550000   data required time
                                             -1.016537   data arrival time
---------------------------------------------------------------------------------------------
                                              1.566537   slack (MET)


Startpoint: A[7] (input port clocked by __VIRTUAL_CLK__)
Endpoint: S[7] (output port clocked by __VIRTUAL_CLK__)
Path Group: __VIRTUAL_CLK__
Path Type: min

Fanout         Cap        Slew       Delay        Time   Description
---------------------------------------------------------------------------------------------
                      0.000000    0.000000    0.000000   clock __VIRTUAL_CLK__ (rise edge)
                                  0.000000    0.000000   clock network delay (ideal)
                                  0.800000    0.800000 ^ input external delay
     3    0.015482    0.058038    0.036318    0.836318 ^ A[7] (in)
                                                         A[7] (net)
                      0.058038    0.000000    0.836318 ^ _401_/A (sky130_fd_sc_hd__xnor2_2)
     2    0.010569    0.052513    0.084987    0.921305 ^ _401_/Y (sky130_fd_sc_hd__xnor2_2)
                                                         _030_ (net)
                      0.052513    0.000000    0.921305 ^ _351_/A (sky130_fd_sc_hd__xnor2_2)
     1    0.033442    0.099935    0.096868    1.018173 v _351_/Y (sky130_fd_sc_hd__xnor2_2)
                                                         S[7] (net)
                      0.099935    0.000000    1.018173 v S[7] (out)
                                              1.018173   data arrival time

                      0.000000    0.000000    0.000000   clock __VIRTUAL_CLK__ (rise edge)
                                  0.000000    0.000000   clock network delay (ideal)
                                  0.250000    0.250000   clock uncertainty
                                  0.000000    0.250000   clock reconvergence pessimism
                                 -0.800000   -0.550000   output external delay
                                             -0.550000   data required time
---------------------------------------------------------------------------------------------
                                             -0.550000   data required time
                                             -1.018173   data arrival time
---------------------------------------------------------------------------------------------
                                              1.568172   slack (MET)


Startpoint: A[4] (input port clocked by __VIRTUAL_CLK__)
Endpoint: S[4] (output port clocked by __VIRTUAL_CLK__)
Path Group: __VIRTUAL_CLK__
Path Type: min

Fanout         Cap        Slew       Delay        Time   Description
---------------------------------------------------------------------------------------------
                      0.000000    0.000000    0.000000   clock __VIRTUAL_CLK__ (rise edge)
                                  0.000000    0.000000   clock network delay (ideal)
                                  0.800000    0.800000 ^ input external delay
     2    0.013558    0.051550    0.031963    0.831963 ^ A[4] (in)
                                                         A[4] (net)
                      0.051550    0.000000    0.831963 ^ _400_/A (sky130_fd_sc_hd__xnor2_2)
     3    0.013474    0.063012    0.091274    0.923237 ^ _400_/Y (sky130_fd_sc_hd__xnor2_2)
                                                         _029_ (net)
                      0.063012    0.000000    0.923237 ^ _345_/A (sky130_fd_sc_hd__xor2_2)
     1    0.033442    0.071951    0.095778    1.019014 v _345_/X (sky130_fd_sc_hd__xor2_2)
                                                         S[4] (net)
                      0.071951    0.000000    1.019014 v S[4] (out)
                                              1.019014   data arrival time

                      0.000000    0.000000    0.000000   clock __VIRTUAL_CLK__ (rise edge)
                                  0.000000    0.000000   clock network delay (ideal)
                                  0.250000    0.250000   clock uncertainty
                                  0.000000    0.250000   clock reconvergence pessimism
                                 -0.800000   -0.550000   output external delay
                                             -0.550000   data required time
---------------------------------------------------------------------------------------------
                                             -0.550000   data required time
                                             -1.019014   data arrival time
---------------------------------------------------------------------------------------------
                                              1.569014   slack (MET)


Startpoint: A[16] (input port clocked by __VIRTUAL_CLK__)
Endpoint: S[16] (output port clocked by __VIRTUAL_CLK__)
Path Group: __VIRTUAL_CLK__
Path Type: min

Fanout         Cap        Slew       Delay        Time   Description
---------------------------------------------------------------------------------------------
                      0.000000    0.000000    0.000000   clock __VIRTUAL_CLK__ (rise edge)
                                  0.000000    0.000000   clock network delay (ideal)
                                  0.800000    0.800000 ^ input external delay
     3    0.008746    0.035197    0.020894    0.820894 ^ A[16] (in)
                                                         A[16] (net)
                      0.035197    0.000000    0.820894 ^ _216_/A (sky130_fd_sc_hd__nand2_2)
     2    0.008587    0.030151    0.031456    0.852350 v _216_/Y (sky130_fd_sc_hd__nand2_2)
                                                         _086_ (net)
                      0.030151    0.000000    0.852350 v _218_/A (sky130_fd_sc_hd__nand2_2)
     4    0.019586    0.083237    0.072929    0.925279 ^ _218_/Y (sky130_fd_sc_hd__nand2_2)
                                                         _088_ (net)
                      0.083237    0.000000    0.925279 ^ _219_/B (sky130_fd_sc_hd__xor2_2)
     1    0.033442    0.071947    0.096025    1.021304 v _219_/X (sky130_fd_sc_hd__xor2_2)
                                                         S[16] (net)
                      0.071947    0.000000    1.021304 v S[16] (out)
                                              1.021304   data arrival time

                      0.000000    0.000000    0.000000   clock __VIRTUAL_CLK__ (rise edge)
                                  0.000000    0.000000   clock network delay (ideal)
                                  0.250000    0.250000   clock uncertainty
                                  0.000000    0.250000   clock reconvergence pessimism
                                 -0.800000   -0.550000   output external delay
                                             -0.550000   data required time
---------------------------------------------------------------------------------------------
                                             -0.550000   data required time
                                             -1.021304   data arrival time
---------------------------------------------------------------------------------------------
                                              1.571303   slack (MET)


Startpoint: A[15] (input port clocked by __VIRTUAL_CLK__)
Endpoint: S[15] (output port clocked by __VIRTUAL_CLK__)
Path Group: __VIRTUAL_CLK__
Path Type: min

Fanout         Cap        Slew       Delay        Time   Description
---------------------------------------------------------------------------------------------
                      0.000000    0.000000    0.000000   clock __VIRTUAL_CLK__ (rise edge)
                                  0.000000    0.000000   clock network delay (ideal)
                                  0.800000    0.800000 v input external delay
     2    0.005710    0.009443    0.004773    0.804773 v A[15] (in)
                                                         A[15] (net)
                      0.009443    0.000000    0.804773 v _448_/B1 (sky130_fd_sc_hd__a21oi_2)
     2    0.004098    0.043771    0.038064    0.842837 ^ _448_/Y (sky130_fd_sc_hd__a21oi_2)
                                                         _077_ (net)
                      0.043771    0.000000    0.842837 ^ _208_/B (sky130_fd_sc_hd__or2_2)
     2    0.010496    0.049145    0.082377    0.925214 ^ _208_/X (sky130_fd_sc_hd__or2_2)
                                                         _078_ (net)
                      0.049145    0.000000    0.925214 ^ _368_/A (sky130_fd_sc_hd__xnor2_2)
     1    0.033442    0.099951    0.096238    1.021452 v _368_/Y (sky130_fd_sc_hd__xnor2_2)
                                                         S[15] (net)
                      0.099951    0.000000    1.021452 v S[15] (out)
                                              1.021452   data arrival time

                      0.000000    0.000000    0.000000   clock __VIRTUAL_CLK__ (rise edge)
                                  0.000000    0.000000   clock network delay (ideal)
                                  0.250000    0.250000   clock uncertainty
                                  0.000000    0.250000   clock reconvergence pessimism
                                 -0.800000   -0.550000   output external delay
                                             -0.550000   data required time
---------------------------------------------------------------------------------------------
                                             -0.550000   data required time
                                             -1.021452   data arrival time
---------------------------------------------------------------------------------------------
                                              1.571452   slack (MET)


Startpoint: A[27] (input port clocked by __VIRTUAL_CLK__)
Endpoint: S[27] (output port clocked by __VIRTUAL_CLK__)
Path Group: __VIRTUAL_CLK__
Path Type: min

Fanout         Cap        Slew       Delay        Time   Description
---------------------------------------------------------------------------------------------
                      0.000000    0.000000    0.000000   clock __VIRTUAL_CLK__ (rise edge)
                                  0.000000    0.000000   clock network delay (ideal)
                                  0.800000    0.800000 v input external delay
     2    0.005710    0.009443    0.004773    0.804773 v A[27] (in)
                                                         A[27] (net)
                      0.009443    0.000000    0.804773 v _302_/B1 (sky130_fd_sc_hd__a21oi_2)
     2    0.004098    0.043771    0.038064    0.842837 ^ _302_/Y (sky130_fd_sc_hd__a21oi_2)
                                                         _161_ (net)
                      0.043771    0.000000    0.842837 ^ _303_/B (sky130_fd_sc_hd__or2_2)
     2    0.011839    0.054048    0.085890    0.928727 ^ _303_/X (sky130_fd_sc_hd__or2_2)
                                                         _162_ (net)
                      0.054048    0.000000    0.928727 ^ _306_/A (sky130_fd_sc_hd__xor2_2)
     1    0.033442    0.071947    0.093766    1.022494 v _306_/X (sky130_fd_sc_hd__xor2_2)
                                                         S[27] (net)
                      0.071947    0.000000    1.022494 v S[27] (out)
                                              1.022494   data arrival time

                      0.000000    0.000000    0.000000   clock __VIRTUAL_CLK__ (rise edge)
                                  0.000000    0.000000   clock network delay (ideal)
                                  0.250000    0.250000   clock uncertainty
                                  0.000000    0.250000   clock reconvergence pessimism
                                 -0.800000   -0.550000   output external delay
                                             -0.550000   data required time
---------------------------------------------------------------------------------------------
                                             -0.550000   data required time
                                             -1.022494   data arrival time
---------------------------------------------------------------------------------------------
                                              1.572494   slack (MET)


Startpoint: A[17] (input port clocked by __VIRTUAL_CLK__)
Endpoint: S[18] (output port clocked by __VIRTUAL_CLK__)
Path Group: __VIRTUAL_CLK__
Path Type: min

Fanout         Cap        Slew       Delay        Time   Description
---------------------------------------------------------------------------------------------
                      0.000000    0.000000    0.000000   clock __VIRTUAL_CLK__ (rise edge)
                                  0.000000    0.000000   clock network delay (ideal)
                                  0.800000    0.800000 ^ input external delay
     4    0.020568    0.074984    0.047542    0.847542 ^ A[17] (in)
                                                         A[17] (net)
                      0.074984    0.000000    0.847542 ^ _231_/A1 (sky130_fd_sc_hd__a211oi_2)
     1    0.007716    0.024624    0.048040    0.895582 v _231_/Y (sky130_fd_sc_hd__a211oi_2)
                                                         _099_ (net)
                      0.024624    0.000000    0.895582 v _232_/B (sky130_fd_sc_hd__xor2_2)
     1    0.033442    0.071948    0.127023    1.022604 v _232_/X (sky130_fd_sc_hd__xor2_2)
                                                         S[18] (net)
                      0.071948    0.000000    1.022604 v S[18] (out)
                                              1.022604   data arrival time

                      0.000000    0.000000    0.000000   clock __VIRTUAL_CLK__ (rise edge)
                                  0.000000    0.000000   clock network delay (ideal)
                                  0.250000    0.250000   clock uncertainty
                                  0.000000    0.250000   clock reconvergence pessimism
                                 -0.800000   -0.550000   output external delay
                                             -0.550000   data required time
---------------------------------------------------------------------------------------------
                                             -0.550000   data required time
                                             -1.022604   data arrival time
---------------------------------------------------------------------------------------------
                                              1.572604   slack (MET)


Startpoint: A[4] (input port clocked by __VIRTUAL_CLK__)
Endpoint: S[5] (output port clocked by __VIRTUAL_CLK__)
Path Group: __VIRTUAL_CLK__
Path Type: min

Fanout         Cap        Slew       Delay        Time   Description
---------------------------------------------------------------------------------------------
                      0.000000    0.000000    0.000000   clock __VIRTUAL_CLK__ (rise edge)
                                  0.000000    0.000000   clock network delay (ideal)
                                  0.800000    0.800000 v input external delay
     2    0.012591    0.020677    0.012111    0.812111 v A[4] (in)
                                                         A[4] (net)
                      0.020677    0.000000    0.812111 v _387_/A (sky130_fd_sc_hd__nand2_2)
     2    0.005040    0.028607    0.032545    0.844656 ^ _387_/Y (sky130_fd_sc_hd__nand2_2)
                                                         _016_ (net)
                      0.028607    0.000000    0.844656 ^ _346_/B1 (sky130_fd_sc_hd__o21a_2)
     3    0.015705    0.067709    0.085967    0.930623 ^ _346_/X (sky130_fd_sc_hd__o21a_2)
                                                         _195_ (net)
                      0.067709    0.000000    0.930623 ^ _347_/B (sky130_fd_sc_hd__xor2_2)
     1    0.033442    0.071952    0.092166    1.022789 v _347_/X (sky130_fd_sc_hd__xor2_2)
                                                         S[5] (net)
                      0.071952    0.000000    1.022789 v S[5] (out)
                                              1.022789   data arrival time

                      0.000000    0.000000    0.000000   clock __VIRTUAL_CLK__ (rise edge)
                                  0.000000    0.000000   clock network delay (ideal)
                                  0.250000    0.250000   clock uncertainty
                                  0.000000    0.250000   clock reconvergence pessimism
                                 -0.800000   -0.550000   output external delay
                                             -0.550000   data required time
---------------------------------------------------------------------------------------------
                                             -0.550000   data required time
                                             -1.022789   data arrival time
---------------------------------------------------------------------------------------------
                                              1.572789   slack (MET)


Startpoint: A[30] (input port clocked by __VIRTUAL_CLK__)
Endpoint: S[30] (output port clocked by __VIRTUAL_CLK__)
Path Group: __VIRTUAL_CLK__
Path Type: min

Fanout         Cap        Slew       Delay        Time   Description
---------------------------------------------------------------------------------------------
                      0.000000    0.000000    0.000000   clock __VIRTUAL_CLK__ (rise edge)
                                  0.000000    0.000000   clock network delay (ideal)
                                  0.800000    0.800000 v input external delay
     2    0.008480    0.013966    0.007727    0.807727 v A[30] (in)
                                                         A[30] (net)
                      0.013966    0.000000    0.807727 v _325_/A (sky130_fd_sc_hd__nand3_2)
     2    0.004281    0.028246    0.030177    0.837904 ^ _325_/Y (sky130_fd_sc_hd__nand3_2)
                                                         _181_ (net)
                      0.028246    0.000000    0.837904 ^ _326_/B (sky130_fd_sc_hd__and2b_2)
     1    0.008977    0.044942    0.091753    0.929657 ^ _326_/X (sky130_fd_sc_hd__and2b_2)
                                                         _182_ (net)
                      0.044942    0.000000    0.929657 ^ _330_/A (sky130_fd_sc_hd__xnor2_2)
     1    0.033442    0.099960    0.095452    1.025109 v _330_/Y (sky130_fd_sc_hd__xnor2_2)
                                                         S[30] (net)
                      0.099960    0.000000    1.025109 v S[30] (out)
                                              1.025109   data arrival time

                      0.000000    0.000000    0.000000   clock __VIRTUAL_CLK__ (rise edge)
                                  0.000000    0.000000   clock network delay (ideal)
                                  0.250000    0.250000   clock uncertainty
                                  0.000000    0.250000   clock reconvergence pessimism
                                 -0.800000   -0.550000   output external delay
                                             -0.550000   data required time
---------------------------------------------------------------------------------------------
                                             -0.550000   data required time
                                             -1.025109   data arrival time
---------------------------------------------------------------------------------------------
                                              1.575109   slack (MET)


Startpoint: A[26] (input port clocked by __VIRTUAL_CLK__)
Endpoint: S[26] (output port clocked by __VIRTUAL_CLK__)
Path Group: __VIRTUAL_CLK__
Path Type: min

Fanout         Cap        Slew       Delay        Time   Description
---------------------------------------------------------------------------------------------
                      0.000000    0.000000    0.000000   clock __VIRTUAL_CLK__ (rise edge)
                                  0.000000    0.000000   clock network delay (ideal)
                                  0.800000    0.800000 ^ input external delay
     2    0.009175    0.036655    0.021881    0.821881 ^ A[26] (in)
                                                         A[26] (net)
                      0.036655    0.000000    0.821881 ^ _294_/A (sky130_fd_sc_hd__nand3_2)
     2    0.006735    0.038566    0.036943    0.858824 v _294_/Y (sky130_fd_sc_hd__nand3_2)
                                                         _154_ (net)
                      0.038566    0.000000    0.858824 v _295_/B (sky130_fd_sc_hd__nand2b_2)
     3    0.014045    0.066834    0.068773    0.927597 ^ _295_/Y (sky130_fd_sc_hd__nand2b_2)
                                                         _155_ (net)
                      0.066834    0.000000    0.927597 ^ _298_/A (sky130_fd_sc_hd__xnor2_2)
     1    0.033442    0.099952    0.099320    1.026917 v _298_/Y (sky130_fd_sc_hd__xnor2_2)
                                                         S[26] (net)
                      0.099952    0.000000    1.026917 v S[26] (out)
                                              1.026917   data arrival time

                      0.000000    0.000000    0.000000   clock __VIRTUAL_CLK__ (rise edge)
                                  0.000000    0.000000   clock network delay (ideal)
                                  0.250000    0.250000   clock uncertainty
                                  0.000000    0.250000   clock reconvergence pessimism
                                 -0.800000   -0.550000   output external delay
                                             -0.550000   data required time
---------------------------------------------------------------------------------------------
                                             -0.550000   data required time
                                             -1.026917   data arrival time
---------------------------------------------------------------------------------------------
                                              1.576917   slack (MET)


Startpoint: A[1] (input port clocked by __VIRTUAL_CLK__)
Endpoint: S[1] (output port clocked by __VIRTUAL_CLK__)
Path Group: __VIRTUAL_CLK__
Path Type: min

Fanout         Cap        Slew       Delay        Time   Description
---------------------------------------------------------------------------------------------
                      0.000000    0.000000    0.000000   clock __VIRTUAL_CLK__ (rise edge)
                                  0.000000    0.000000   clock network delay (ideal)
                                  0.800000    0.800000 ^ input external delay
     4    0.020682    0.075364    0.047793    0.847793 ^ A[1] (in)
                                                         A[1] (net)
                      0.075364    0.000000    0.847793 ^ _423_/A (sky130_fd_sc_hd__xnor2_2)
     2    0.010610    0.052922    0.087070    0.934863 ^ _423_/Y (sky130_fd_sc_hd__xnor2_2)
                                                         _052_ (net)
                      0.052922    0.000000    0.934863 ^ _339_/A (sky130_fd_sc_hd__xnor2_2)
     1    0.033442    0.100684    0.096944    1.031807 v _339_/Y (sky130_fd_sc_hd__xnor2_2)
                                                         S[1] (net)
                      0.100684    0.000000    1.031807 v S[1] (out)
                                              1.031807   data arrival time

                      0.000000    0.000000    0.000000   clock __VIRTUAL_CLK__ (rise edge)
                                  0.000000    0.000000   clock network delay (ideal)
                                  0.250000    0.250000   clock uncertainty
                                  0.000000    0.250000   clock reconvergence pessimism
                                 -0.800000   -0.550000   output external delay
                                             -0.550000   data required time
---------------------------------------------------------------------------------------------
                                             -0.550000   data required time
                                             -1.031807   data arrival time
---------------------------------------------------------------------------------------------
                                              1.581807   slack (MET)


Startpoint: A[22] (input port clocked by __VIRTUAL_CLK__)
Endpoint: S[22] (output port clocked by __VIRTUAL_CLK__)
Path Group: __VIRTUAL_CLK__
Path Type: min

Fanout         Cap        Slew       Delay        Time   Description
---------------------------------------------------------------------------------------------
                      0.000000    0.000000    0.000000   clock __VIRTUAL_CLK__ (rise edge)
                                  0.000000    0.000000   clock network delay (ideal)
                                  0.800000    0.800000 ^ input external delay
     3    0.018180    0.067028    0.042272    0.842272 ^ A[22] (in)
                                                         A[22] (net)
                      0.067028    0.000000    0.842272 ^ _257_/A (sky130_fd_sc_hd__xnor2_2)
     2    0.013703    0.064025    0.093749    0.936021 ^ _257_/Y (sky130_fd_sc_hd__xnor2_2)
                                                         _121_ (net)
                      0.064025    0.000000    0.936021 ^ _262_/A (sky130_fd_sc_hd__xnor2_2)
     1    0.033442    0.099949    0.098841    1.034862 v _262_/Y (sky130_fd_sc_hd__xnor2_2)
                                                         S[22] (net)
                      0.099949    0.000000    1.034862 v S[22] (out)
                                              1.034862   data arrival time

                      0.000000    0.000000    0.000000   clock __VIRTUAL_CLK__ (rise edge)
                                  0.000000    0.000000   clock network delay (ideal)
                                  0.250000    0.250000   clock uncertainty
                                  0.000000    0.250000   clock reconvergence pessimism
                                 -0.800000   -0.550000   output external delay
                                             -0.550000   data required time
---------------------------------------------------------------------------------------------
                                             -0.550000   data required time
                                             -1.034862   data arrival time
---------------------------------------------------------------------------------------------
                                              1.584862   slack (MET)


Startpoint: A[14] (input port clocked by __VIRTUAL_CLK__)
Endpoint: S[14] (output port clocked by __VIRTUAL_CLK__)
Path Group: __VIRTUAL_CLK__
Path Type: min

Fanout         Cap        Slew       Delay        Time   Description
---------------------------------------------------------------------------------------------
                      0.000000    0.000000    0.000000   clock __VIRTUAL_CLK__ (rise edge)
                                  0.000000    0.000000   clock network delay (ideal)
                                  0.800000    0.800000 v input external delay
     2    0.005710    0.009443    0.004773    0.804773 v A[14] (in)
                                                         A[14] (net)
                      0.009443    0.000000    0.804773 v _443_/B1 (sky130_fd_sc_hd__a21oi_2)
     2    0.004098    0.043771    0.038064    0.842837 ^ _443_/Y (sky130_fd_sc_hd__a21oi_2)
                                                         _072_ (net)
                      0.043771    0.000000    0.842837 ^ _444_/B (sky130_fd_sc_hd__or2_2)
     3    0.015752    0.068584    0.095933    0.938770 ^ _444_/X (sky130_fd_sc_hd__or2_2)
                                                         _073_ (net)
                      0.068584    0.000000    0.938770 ^ _366_/A (sky130_fd_sc_hd__xnor2_2)
     1    0.033442    0.099939    0.099618    1.038388 v _366_/Y (sky130_fd_sc_hd__xnor2_2)
                                                         S[14] (net)
                      0.099939    0.000000    1.038388 v S[14] (out)
                                              1.038388   data arrival time

                      0.000000    0.000000    0.000000   clock __VIRTUAL_CLK__ (rise edge)
                                  0.000000    0.000000   clock network delay (ideal)
                                  0.250000    0.250000   clock uncertainty
                                  0.000000    0.250000   clock reconvergence pessimism
                                 -0.800000   -0.550000   output external delay
                                             -0.550000   data required time
---------------------------------------------------------------------------------------------
                                             -0.550000   data required time
                                             -1.038388   data arrival time
---------------------------------------------------------------------------------------------
                                              1.588388   slack (MET)


Startpoint: A[20] (input port clocked by __VIRTUAL_CLK__)
Endpoint: S[20] (output port clocked by __VIRTUAL_CLK__)
Path Group: __VIRTUAL_CLK__
Path Type: min

Fanout         Cap        Slew       Delay        Time   Description
---------------------------------------------------------------------------------------------
                      0.000000    0.000000    0.000000   clock __VIRTUAL_CLK__ (rise edge)
                                  0.000000    0.000000   clock network delay (ideal)
                                  0.800000    0.800000 ^ input external delay
     4    0.014692    0.055403    0.034571    0.834571 ^ A[20] (in)
                                                         A[20] (net)
                      0.055403    0.000000    0.834571 ^ _245_/A (sky130_fd_sc_hd__xnor2_2)
     3    0.018217    0.080304    0.103518    0.938089 ^ _245_/Y (sky130_fd_sc_hd__xnor2_2)
                                                         _111_ (net)
                      0.080304    0.000000    0.938089 ^ _249_/A (sky130_fd_sc_hd__xnor2_2)
     1    0.033442    0.101197    0.101617    1.039706 v _249_/Y (sky130_fd_sc_hd__xnor2_2)
                                                         S[20] (net)
                      0.101197    0.000000    1.039706 v S[20] (out)
                                              1.039706   data arrival time

                      0.000000    0.000000    0.000000   clock __VIRTUAL_CLK__ (rise edge)
                                  0.000000    0.000000   clock network delay (ideal)
                                  0.250000    0.250000   clock uncertainty
                                  0.000000    0.250000   clock reconvergence pessimism
                                 -0.800000   -0.550000   output external delay
                                             -0.550000   data required time
---------------------------------------------------------------------------------------------
                                             -0.550000   data required time
                                             -1.039706   data arrival time
---------------------------------------------------------------------------------------------
                                              1.589706   slack (MET)


Startpoint: A[10] (input port clocked by __VIRTUAL_CLK__)
Endpoint: S[10] (output port clocked by __VIRTUAL_CLK__)
Path Group: __VIRTUAL_CLK__
Path Type: min

Fanout         Cap        Slew       Delay        Time   Description
---------------------------------------------------------------------------------------------
                      0.000000    0.000000    0.000000   clock __VIRTUAL_CLK__ (rise edge)
                                  0.000000    0.000000   clock network delay (ideal)
                                  0.800000    0.800000 ^ input external delay
     3    0.016054    0.059944    0.037580    0.837581 ^ A[10] (in)
                                                         A[10] (net)
                      0.059944    0.000000    0.837581 ^ _374_/A (sky130_fd_sc_hd__xnor2_2)
     4    0.018968    0.083076    0.105904    0.943485 ^ _374_/Y (sky130_fd_sc_hd__xnor2_2)
                                                         _003_ (net)
                      0.083076    0.000000    0.943485 ^ _358_/A (sky130_fd_sc_hd__xor2_2)
     1    0.033442    0.071947    0.100279    1.043764 v _358_/X (sky130_fd_sc_hd__xor2_2)
                                                         S[10] (net)
                      0.071947    0.000000    1.043764 v S[10] (out)
                                              1.043764   data arrival time

                      0.000000    0.000000    0.000000   clock __VIRTUAL_CLK__ (rise edge)
                                  0.000000    0.000000   clock network delay (ideal)
                                  0.250000    0.250000   clock uncertainty
                                  0.000000    0.250000   clock reconvergence pessimism
                                 -0.800000   -0.550000   output external delay
                                             -0.550000   data required time
---------------------------------------------------------------------------------------------
                                             -0.550000   data required time
                                             -1.043764   data arrival time
---------------------------------------------------------------------------------------------
                                              1.593764   slack (MET)


Startpoint: A[28] (input port clocked by __VIRTUAL_CLK__)
Endpoint: S[28] (output port clocked by __VIRTUAL_CLK__)
Path Group: __VIRTUAL_CLK__
Path Type: min

Fanout         Cap        Slew       Delay        Time   Description
---------------------------------------------------------------------------------------------
                      0.000000    0.000000    0.000000   clock __VIRTUAL_CLK__ (rise edge)
                                  0.000000    0.000000   clock network delay (ideal)
                                  0.800000    0.800000 ^ input external delay
     3    0.018714    0.068807    0.043450    0.843450 ^ A[28] (in)
                                                         A[28] (net)
                      0.068807    0.000000    0.843450 ^ _308_/A (sky130_fd_sc_hd__xnor2_2)
     3    0.017047    0.076183    0.102211    0.945661 ^ _308_/Y (sky130_fd_sc_hd__xnor2_2)
                                                         _166_ (net)
                      0.076183    0.000000    0.945661 ^ _313_/A (sky130_fd_sc_hd__xor2_2)
     1    0.033442    0.071947    0.098732    1.044393 v _313_/X (sky130_fd_sc_hd__xor2_2)
                                                         S[28] (net)
                      0.071947    0.000000    1.044393 v S[28] (out)
                                              1.044393   data arrival time

                      0.000000    0.000000    0.000000   clock __VIRTUAL_CLK__ (rise edge)
                                  0.000000    0.000000   clock network delay (ideal)
                                  0.250000    0.250000   clock uncertainty
                                  0.000000    0.250000   clock reconvergence pessimism
                                 -0.800000   -0.550000   output external delay
                                             -0.550000   data required time
---------------------------------------------------------------------------------------------
                                             -0.550000   data required time
                                             -1.044393   data arrival time
---------------------------------------------------------------------------------------------
                                              1.594393   slack (MET)


Startpoint: A[21] (input port clocked by __VIRTUAL_CLK__)
Endpoint: S[21] (output port clocked by __VIRTUAL_CLK__)
Path Group: __VIRTUAL_CLK__
Path Type: min

Fanout         Cap        Slew       Delay        Time   Description
---------------------------------------------------------------------------------------------
                      0.000000    0.000000    0.000000   clock __VIRTUAL_CLK__ (rise edge)
                                  0.000000    0.000000   clock network delay (ideal)
                                  0.800000    0.800000 ^ input external delay
     3    0.016570    0.061663    0.038719    0.838719 ^ A[21] (in)
                                                         A[21] (net)
                      0.061663    0.000000    0.838719 ^ _251_/A (sky130_fd_sc_hd__xnor2_2)
     3    0.018448    0.081202    0.104826    0.943545 ^ _251_/Y (sky130_fd_sc_hd__xnor2_2)
                                                         _116_ (net)
                      0.081202    0.000000    0.943545 ^ _253_/A (sky130_fd_sc_hd__xnor2_2)
     1    0.033442    0.099923    0.101770    1.045315 v _253_/Y (sky130_fd_sc_hd__xnor2_2)
                                                         S[21] (net)
                      0.099923    0.000000    1.045315 v S[21] (out)
                                              1.045315   data arrival time

                      0.000000    0.000000    0.000000   clock __VIRTUAL_CLK__ (rise edge)
                                  0.000000    0.000000   clock network delay (ideal)
                                  0.250000    0.250000   clock uncertainty
                                  0.000000    0.250000   clock reconvergence pessimism
                                 -0.800000   -0.550000   output external delay
                                             -0.550000   data required time
---------------------------------------------------------------------------------------------
                                             -0.550000   data required time
                                             -1.045315   data arrival time
---------------------------------------------------------------------------------------------
                                              1.595315   slack (MET)


Startpoint: A[24] (input port clocked by __VIRTUAL_CLK__)
Endpoint: S[24] (output port clocked by __VIRTUAL_CLK__)
Path Group: __VIRTUAL_CLK__
Path Type: min

Fanout         Cap        Slew       Delay        Time   Description
---------------------------------------------------------------------------------------------
                      0.000000    0.000000    0.000000   clock __VIRTUAL_CLK__ (rise edge)
                                  0.000000    0.000000   clock network delay (ideal)
                                  0.800000    0.800000 ^ input external delay
     2    0.006250    0.026715    0.015153    0.815153 ^ A[24] (in)
                                                         A[24] (net)
                      0.026715    0.000000    0.815153 ^ _274_/A (sky130_fd_sc_hd__nand2_2)
     3    0.010861    0.033922    0.033762    0.848915 v _274_/Y (sky130_fd_sc_hd__nand2_2)
                                                         _136_ (net)
                      0.033922    0.000000    0.848915 v _275_/B (sky130_fd_sc_hd__nand2_2)
     3    0.006653    0.036212    0.048409    0.897323 ^ _275_/Y (sky130_fd_sc_hd__nand2_2)
                                                         _137_ (net)
                      0.036212    0.000000    0.897323 ^ _282_/B1 (sky130_fd_sc_hd__a21o_2)
     4    0.013995    0.058723    0.075004    0.972328 ^ _282_/X (sky130_fd_sc_hd__a21o_2)
                                                         _144_ (net)
                      0.058723    0.000000    0.972328 ^ _283_/B (sky130_fd_sc_hd__and2b_2)
     1    0.033442    0.131007    0.158279    1.130607 ^ _283_/X (sky130_fd_sc_hd__and2b_2)
                                                         S[24] (net)
                      0.131007    0.000000    1.130607 ^ S[24] (out)
                                              1.130607   data arrival time

                      0.000000    0.000000    0.000000   clock __VIRTUAL_CLK__ (rise edge)
                                  0.000000    0.000000   clock network delay (ideal)
                                  0.250000    0.250000   clock uncertainty
                                  0.000000    0.250000   clock reconvergence pessimism
                                 -0.800000   -0.550000   output external delay
                                             -0.550000   data required time
---------------------------------------------------------------------------------------------
                                             -0.550000   data required time
                                             -1.130607   data arrival time
---------------------------------------------------------------------------------------------
                                              1.680607   slack (MET)



