
===========================================================================
report_checks -unconstrained
===========================================================================
======================= nom_tt_025C_1v80 Corner ===================================

Startpoint: sub (input port clocked by __VIRTUAL_CLK__)
Endpoint: S[23] (output port clocked by __VIRTUAL_CLK__)
Path Group: __VIRTUAL_CLK__
Path Type: max

Fanout         Cap        Slew       Delay        Time   Description
---------------------------------------------------------------------------------------------
                      0.000000    0.000000    0.000000   clock __VIRTUAL_CLK__ (rise edge)
                                  0.000000    0.000000   clock network delay (ideal)
                                  0.800000    0.800000 ^ input external delay
   104    0.515707    2.293980    1.665644    2.465644 ^ sub (in)
                                                         sub (net)
                      2.294113    0.000000    2.465644 ^ _369_/A (sky130_fd_sc_hd__nor2_2)
     3    0.018628    0.356703    0.244106    2.709750 v _369_/Y (sky130_fd_sc_hd__nor2_2)
                                                         _098_ (net)
                      0.356703    0.000016    2.709767 v _371_/A1 (sky130_fd_sc_hd__o21bai_4)
     4    0.021227    0.202121    0.329607    3.039373 ^ _371_/Y (sky130_fd_sc_hd__o21bai_4)
                                                         _100_ (net)
                      0.202121    0.000039    3.039412 ^ _376_/C (sky130_fd_sc_hd__nand4b_2)
     2    0.011336    0.126379    0.174269    3.213681 v _376_/Y (sky130_fd_sc_hd__nand4b_2)
                                                         _105_ (net)
                      0.126379    0.000070    3.213751 v _377_/B (sky130_fd_sc_hd__nor2_4)
     3    0.018946    0.144057    0.172839    3.386590 ^ _377_/Y (sky130_fd_sc_hd__nor2_4)
                                                         _106_ (net)
                      0.144057    0.000075    3.386665 ^ _420_/B (sky130_fd_sc_hd__nand3_2)
     2    0.010357    0.108080    0.124238    3.510904 v _420_/Y (sky130_fd_sc_hd__nand3_2)
                                                         _149_ (net)
                      0.108080    0.000069    3.510973 v _422_/A (sky130_fd_sc_hd__nand2_2)
     3    0.020645    0.119649    0.145589    3.656562 ^ _422_/Y (sky130_fd_sc_hd__nand2_2)
                                                         _151_ (net)
                      0.119649    0.000108    3.656671 ^ _424_/B1 (sky130_fd_sc_hd__o22ai_4)
     4    0.026884    0.108984    0.125182    3.781852 v _424_/Y (sky130_fd_sc_hd__o22ai_4)
                                                         _153_ (net)
                      0.108984    0.000164    3.782017 v _470_/B2 (sky130_fd_sc_hd__o22ai_4)
     7    0.043683    0.368395    0.311897    4.093914 ^ _470_/Y (sky130_fd_sc_hd__o22ai_4)
                                                         _195_ (net)
                      0.368396    0.000495    4.094409 ^ _511_/A1 (sky130_fd_sc_hd__a211oi_2)
     1    0.008585    0.115106    0.156258    4.250667 v _511_/Y (sky130_fd_sc_hd__a211oi_2)
                                                         _233_ (net)
                      0.115106    0.000014    4.250681 v _513_/A (sky130_fd_sc_hd__nor2_4)
     1    0.034861    0.230975    0.262401    4.513083 ^ _513_/Y (sky130_fd_sc_hd__nor2_4)
                                                         S[23] (net)
                      0.230976    0.000335    4.513417 ^ S[23] (out)
                                              4.513417   data arrival time

                      0.000000    4.000000    4.000000   clock __VIRTUAL_CLK__ (rise edge)
                                  0.000000    4.000000   clock network delay (ideal)
                                 -0.250000    3.750000   clock uncertainty
                                  0.000000    3.750000   clock reconvergence pessimism
                                 -0.800000    2.950000   output external delay
                                              2.950000   data required time
---------------------------------------------------------------------------------------------
                                              2.950000   data required time
                                             -4.513417   data arrival time
---------------------------------------------------------------------------------------------
                                             -1.563417   slack (VIOLATED)




===========================================================================
report_checks --slack_max -0.01
============================================================================
======================= nom_tt_025C_1v80 Corner ===================================

Startpoint: sub (input port clocked by __VIRTUAL_CLK__)
Endpoint: S[23] (output port clocked by __VIRTUAL_CLK__)
Path Group: __VIRTUAL_CLK__
Path Type: max

Fanout         Cap        Slew       Delay        Time   Description
---------------------------------------------------------------------------------------------
                      0.000000    0.000000    0.000000   clock __VIRTUAL_CLK__ (rise edge)
                                  0.000000    0.000000   clock network delay (ideal)
                                  0.800000    0.800000 ^ input external delay
   104    0.515707    2.293980    1.665644    2.465644 ^ sub (in)
                                                         sub (net)
                      2.294113    0.000000    2.465644 ^ _369_/A (sky130_fd_sc_hd__nor2_2)
     3    0.018628    0.356703    0.244106    2.709750 v _369_/Y (sky130_fd_sc_hd__nor2_2)
                                                         _098_ (net)
                      0.356703    0.000016    2.709767 v _371_/A1 (sky130_fd_sc_hd__o21bai_4)
     4    0.021227    0.202121    0.329607    3.039373 ^ _371_/Y (sky130_fd_sc_hd__o21bai_4)
                                                         _100_ (net)
                      0.202121    0.000039    3.039412 ^ _376_/C (sky130_fd_sc_hd__nand4b_2)
     2    0.011336    0.126379    0.174269    3.213681 v _376_/Y (sky130_fd_sc_hd__nand4b_2)
                                                         _105_ (net)
                      0.126379    0.000070    3.213751 v _377_/B (sky130_fd_sc_hd__nor2_4)
     3    0.018946    0.144057    0.172839    3.386590 ^ _377_/Y (sky130_fd_sc_hd__nor2_4)
                                                         _106_ (net)
                      0.144057    0.000075    3.386665 ^ _420_/B (sky130_fd_sc_hd__nand3_2)
     2    0.010357    0.108080    0.124238    3.510904 v _420_/Y (sky130_fd_sc_hd__nand3_2)
                                                         _149_ (net)
                      0.108080    0.000069    3.510973 v _422_/A (sky130_fd_sc_hd__nand2_2)
     3    0.020645    0.119649    0.145589    3.656562 ^ _422_/Y (sky130_fd_sc_hd__nand2_2)
                                                         _151_ (net)
                      0.119649    0.000108    3.656671 ^ _424_/B1 (sky130_fd_sc_hd__o22ai_4)
     4    0.026884    0.108984    0.125182    3.781852 v _424_/Y (sky130_fd_sc_hd__o22ai_4)
                                                         _153_ (net)
                      0.108984    0.000164    3.782017 v _470_/B2 (sky130_fd_sc_hd__o22ai_4)
     7    0.043683    0.368395    0.311897    4.093914 ^ _470_/Y (sky130_fd_sc_hd__o22ai_4)
                                                         _195_ (net)
                      0.368396    0.000495    4.094409 ^ _511_/A1 (sky130_fd_sc_hd__a211oi_2)
     1    0.008585    0.115106    0.156258    4.250667 v _511_/Y (sky130_fd_sc_hd__a211oi_2)
                                                         _233_ (net)
                      0.115106    0.000014    4.250681 v _513_/A (sky130_fd_sc_hd__nor2_4)
     1    0.034861    0.230975    0.262401    4.513083 ^ _513_/Y (sky130_fd_sc_hd__nor2_4)
                                                         S[23] (net)
                      0.230976    0.000335    4.513417 ^ S[23] (out)
                                              4.513417   data arrival time

                      0.000000    4.000000    4.000000   clock __VIRTUAL_CLK__ (rise edge)
                                  0.000000    4.000000   clock network delay (ideal)
                                 -0.250000    3.750000   clock uncertainty
                                  0.000000    3.750000   clock reconvergence pessimism
                                 -0.800000    2.950000   output external delay
                                              2.950000   data required time
---------------------------------------------------------------------------------------------
                                              2.950000   data required time
                                             -4.513417   data arrival time
---------------------------------------------------------------------------------------------
                                             -1.563417   slack (VIOLATED)




===========================================================================
 report_check_types -max_slew -max_cap -max_fanout -violators
============================================================================
======================= nom_tt_025C_1v80 Corner ===================================

max slew

Pin                                        Limit        Slew       Slack
------------------------------------------------------------------------
_694_/A                                 0.750000    2.294131   -1.544131 (VIOLATED)
_695_/A                                 0.750000    2.294131   -1.544131 (VIOLATED)
_698_/A1                                0.750000    2.294131   -1.544131 (VIOLATED)
_699_/A1                                0.750000    2.294131   -1.544131 (VIOLATED)
_667_/A                                 0.750000    2.294129   -1.544129 (VIOLATED)
_668_/A                                 0.750000    2.294129   -1.544129 (VIOLATED)
_669_/A                                 0.750000    2.294129   -1.544129 (VIOLATED)
_672_/A                                 0.750000    2.294127   -1.544127 (VIOLATED)
_673_/A                                 0.750000    2.294126   -1.544126 (VIOLATED)
_675_/A1                                0.750000    2.294126   -1.544126 (VIOLATED)
_701_/A                                 0.750000    2.294122   -1.544122 (VIOLATED)
_703_/B                                 0.750000    2.294121   -1.544121 (VIOLATED)
_704_/A1                                0.750000    2.294122   -1.544121 (VIOLATED)
_652_/A                                 0.750000    2.294118   -1.544118 (VIOLATED)
_710_/B                                 0.750000    2.294120   -1.544120 (VIOLATED)
_712_/A                                 0.750000    2.294120   -1.544120 (VIOLATED)
_714_/A1                                0.750000    2.294119   -1.544119 (VIOLATED)
_717_/A                                 0.750000    2.294118   -1.544118 (VIOLATED)
_718_/A1                                0.750000    2.294119   -1.544119 (VIOLATED)
_719_/A1                                0.750000    2.294119   -1.544119 (VIOLATED)
_361_/A                                 0.750000    2.294115   -1.544115 (VIOLATED)
_363_/B                                 0.750000    2.294114   -1.544114 (VIOLATED)
_364_/A1                                0.750000    2.294112   -1.544112 (VIOLATED)
_365_/A1                                0.750000    2.294112   -1.544113 (VIOLATED)
_369_/A                                 0.750000    2.294113   -1.544113 (VIOLATED)
_370_/A                                 0.750000    2.294113   -1.544113 (VIOLATED)
_372_/A1                                0.750000    2.294113   -1.544113 (VIOLATED)
_373_/A1                                0.750000    2.294111   -1.544111 (VIOLATED)
_374_/A1                                0.750000    2.294111   -1.544111 (VIOLATED)
_726_/B                                 0.750000    2.294110   -1.544110 (VIOLATED)
_730_/A1                                0.750000    2.294104   -1.544104 (VIOLATED)
_349_/A1                                0.750000    2.294100   -1.544100 (VIOLATED)
_728_/A                                 0.750000    2.294095   -1.544095 (VIOLATED)
_351_/B                                 0.750000    2.294082   -1.544082 (VIOLATED)
_352_/A_N                               0.750000    2.294083   -1.544083 (VIOLATED)
_353_/A                                 0.750000    2.294082   -1.544082 (VIOLATED)
_354_/A1                                0.750000    2.294082   -1.544082 (VIOLATED)
_355_/A1                                0.750000    2.294083   -1.544083 (VIOLATED)
_356_/A1                                0.750000    2.294083   -1.544083 (VIOLATED)
_379_/B                                 0.750000    2.294077   -1.544077 (VIOLATED)
_381_/A                                 0.750000    2.294073   -1.544073 (VIOLATED)
_382_/A                                 0.750000    2.294070   -1.544070 (VIOLATED)
_616_/A0                                0.750000    2.294051   -1.544051 (VIOLATED)
_389_/A1                                0.750000    2.294049   -1.544049 (VIOLATED)
_390_/A1                                0.750000    2.294049   -1.544049 (VIOLATED)
_392_/B1                                0.750000    2.294049   -1.544049 (VIOLATED)
_387_/A                                 0.750000    2.294034   -1.544034 (VIOLATED)
_388_/A                                 0.750000    2.294035   -1.544035 (VIOLATED)
_394_/A                                 0.750000    2.294032   -1.544032 (VIOLATED)
_395_/A                                 0.750000    2.294032   -1.544032 (VIOLATED)
_399_/A                                 0.750000    2.294033   -1.544033 (VIOLATED)
_400_/A                                 0.750000    2.294033   -1.544033 (VIOLATED)
_401_/A1                                0.750000    2.294033   -1.544033 (VIOLATED)
_402_/A1                                0.750000    2.294033   -1.544033 (VIOLATED)
_397_/A1                                0.750000    2.294032   -1.544032 (VIOLATED)
_666_/A1                                0.750000    2.294023   -1.544023 (VIOLATED)
_553_/A                                 0.750000    2.294021   -1.544021 (VIOLATED)
_554_/A                                 0.750000    2.294021   -1.544021 (VIOLATED)
_660_/A                                 0.750000    2.294022   -1.544022 (VIOLATED)
_661_/A                                 0.750000    2.294022   -1.544022 (VIOLATED)
_663_/A                                 0.750000    2.294023   -1.544023 (VIOLATED)
_664_/A                                 0.750000    2.294023   -1.544023 (VIOLATED)
_545_/A                                 0.750000    2.294019   -1.544019 (VIOLATED)
_546_/A                                 0.750000    2.294019   -1.544019 (VIOLATED)
_565_/A                                 0.750000    2.294020   -1.544020 (VIOLATED)
_566_/A                                 0.750000    2.294019   -1.544019 (VIOLATED)
_532_/A                                 0.750000    2.294018   -1.544018 (VIOLATED)
_533_/A                                 0.750000    2.294018   -1.544018 (VIOLATED)
_535_/A1                                0.750000    2.294017   -1.544017 (VIOLATED)
_536_/A1                                0.750000    2.294017   -1.544017 (VIOLATED)
_521_/A                                 0.750000    2.294014   -1.544014 (VIOLATED)
_522_/A                                 0.750000    2.294014   -1.544014 (VIOLATED)
_523_/A                                 0.750000    2.294014   -1.544014 (VIOLATED)
_488_/A                                 0.750000    2.294011   -1.544011 (VIOLATED)
_489_/A                                 0.750000    2.294011   -1.544011 (VIOLATED)
_490_/A                                 0.750000    2.294012   -1.544012 (VIOLATED)
_498_/A                                 0.750000    2.294007   -1.544007 (VIOLATED)
_499_/A                                 0.750000    2.294007   -1.544007 (VIOLATED)
_502_/A1                                0.750000    2.294005   -1.544006 (VIOLATED)
_503_/A1                                0.750000    2.294005   -1.544005 (VIOLATED)
_582_/A                                 0.750000    2.294005   -1.544006 (VIOLATED)
_583_/A                                 0.750000    2.294005   -1.544005 (VIOLATED)
_426_/A                                 0.750000    2.294002   -1.544002 (VIOLATED)
_427_/A                                 0.750000    2.294002   -1.544002 (VIOLATED)
_428_/A                                 0.750000    2.294002   -1.544002 (VIOLATED)
_654_/B                                 0.750000    2.294001   -1.544001 (VIOLATED)
_655_/B                                 0.750000    2.294001   -1.544001 (VIOLATED)
_656_/B                                 0.750000    2.294001   -1.544001 (VIOLATED)
_434_/A                                 0.750000    2.293999   -1.543999 (VIOLATED)
_435_/A                                 0.750000    2.293999   -1.543999 (VIOLATED)
_436_/A                                 0.750000    2.293999   -1.543999 (VIOLATED)
_448_/A                                 0.750000    2.293999   -1.544000 (VIOLATED)
_449_/A                                 0.750000    2.293999   -1.543999 (VIOLATED)
_458_/A                                 0.750000    2.293997   -1.543997 (VIOLATED)
_459_/A                                 0.750000    2.293997   -1.543997 (VIOLATED)
_460_/A1                                0.750000    2.293996   -1.543996 (VIOLATED)
_461_/A1                                0.750000    2.293997   -1.543997 (VIOLATED)
_591_/A                                 0.750000    2.293990   -1.543990 (VIOLATED)
_592_/A                                 0.750000    2.293990   -1.543990 (VIOLATED)
_472_/A                                 0.750000    2.293986   -1.543985 (VIOLATED)
_473_/A                                 0.750000    2.293986   -1.543985 (VIOLATED)
_476_/A1                                0.750000    2.293986   -1.543985 (VIOLATED)
_477_/A1                                0.750000    2.293986   -1.543986 (VIOLATED)
sub                                     0.750000    2.293980   -1.543980 (VIOLATED)
_606_/A                                 0.750000    2.293980   -1.543980 (VIOLATED)

max fanout

Pin                                   Limit Fanout  Slack
---------------------------------------------------------
sub                                      10    104    -94 (VIOLATED)

max capacitance

Pin                                        Limit         Cap       Slack
------------------------------------------------------------------------
sub                                     0.200000    0.515707   -0.315707 (VIOLATED)



===========================================================================
report_parasitic_annotation -report_unannotated
============================================================================
Found 0 unannotated drivers.
Found 0 partially unannotated drivers.

===========================================================================
max slew violation count 105
Writing metric design__max_slew_violation__count__corner:nom_tt_025C_1v80: 105
max fanout violation count 1
Writing metric design__max_fanout_violation__count__corner:nom_tt_025C_1v80: 1
max cap violation count 1
Writing metric design__max_cap_violation__count__corner:nom_tt_025C_1v80: 1
============================================================================

===========================================================================
check_setup -verbose -unconstrained_endpoints -multiple_clock -no_clock -no_input_delay -loops -generated_clocks
===========================================================================
