
===========================================================================
Violator List
============================================================================
[setup in-out] sub -> S[23] : -1.563417
[setup in-out] sub -> S[21] : -1.525399
[setup in-out] sub -> S[30] : -1.525201
[setup in-out] sub -> S[11] : -1.520206
[setup in-out] sub -> S[17] : -1.506395
[setup in-out] sub -> S[31] : -1.502131
[setup in-out] sub -> S[22] : -1.497978
[setup in-out] sub -> S[20] : -1.465944
[setup in-out] sub -> S[28] : -1.440913
[setup in-out] sub -> S[7] : -1.425712
[setup in-out] sub -> S[14] : -1.421937
[setup in-out] sub -> S[15] : -1.416568
[setup in-out] sub -> S[29] : -1.413106
[setup in-out] sub -> S[18] : -1.401185
[setup in-out] sub -> carryOut : -1.387628
[setup in-out] sub -> S[10] : -1.386200
[setup in-out] sub -> S[9] : -1.385730
[setup in-out] sub -> S[24] : -1.384664
[setup in-out] sub -> S[27] : -1.380296
[setup in-out] sub -> S[26] : -1.375434
[setup in-out] sub -> S[25] : -1.347021
[setup in-out] sub -> S[13] : -1.340721
[setup in-out] sub -> S[19] : -1.325946
[setup in-out] sub -> S[6] : -1.316206
[setup in-out] sub -> S[16] : -1.264292
[setup in-out] sub -> S[12] : -1.169894
[setup in-out] sub -> S[8] : -1.148997
[setup in-out] sub -> S[5] : -1.054908
[setup in-out] sub -> S[2] : -0.896946
[setup in-out] sub -> S[3] : -0.879058
[setup in-out] sub -> S[4] : -0.845625
[setup in-out] sub -> S[1] : -0.303142
Writing metric timing__hold_vio__count__corner:nom_tt_025C_1v80: 0
Writing metric timing__hold_r2r__ws__corner:nom_tt_025C_1v80: 1e30
Writing metric timing__hold_r2r_vio__count__corner:nom_tt_025C_1v80: 0
Writing metric timing__setup_vio__count__corner:nom_tt_025C_1v80: 32
Writing metric timing__setup_r2r__ws__corner:nom_tt_025C_1v80: 1e30
Writing metric timing__setup_r2r_vio__count__corner:nom_tt_025C_1v80: 0
