Reading timing models for corner nom_tt_025C_1v80…
Reading timing library for the 'nom_tt_025C_1v80' corner at '/home/admin/.ciel/ciel/sky130/versions/8afc8346a57fe1ab7934ba5a6056ea8b43078e71/sky130A/libs.ref/sky130_fd_sc_hd/lib/sky130_fd_sc_hd__tt_025C_1v80.lib'…
Reading OpenROAD database at '/home/admin/Documents/Projekty/Hobby/Nauka/RISC-5/.v/DDCA/code/exercises/ALU/systemIverilog/runs/RUN_2026-09-17_08-26-00/21-openroad-generatepdn/ALU.odb'…
Reading design constraints file at '/nix/store/z065pcb7wpk2dlgw6dj6fz025433qjm0-python3.13-librelane-3.0.14/lib/python3.13/site-packages/librelane/scripts/base.sdc'…
[WARNING STA-0366] port '__VIRTUAL_CLK__' not found.
[INFO] Using clock __VIRTUAL_CLK__…
[INFO] Setting output delay to: 4.0
[INFO] Setting input delay to: 4.0
[WARNING STA-0366] port '__VIRTUAL_CLK__' not found.
[INFO] Setting load to: 0.033442
[INFO] Setting clock uncertainty to: 0.25
[INFO] Setting clock transition to: 0.1499999999999999944488848768742172978818416595458984375
[WARNING STA-0419] transition time can not be specified for virtual clocks.
[INFO] Setting timing derate to: 5.0%
[WARNING STA-0450] virtual clock __VIRTUAL_CLK__ can not be propagated.
+ global_placement -density 0.7493340000000001 -skip_io -pad_right 0 -pad_left 0 -init_wirelength_coef 0.25
[INFO GPL-0001] ---- Initialize GPL Main Data Structures
[INFO GPL-0002] DBU: 1000
[INFO GPL-0003] SiteSize: (  0.460  2.720 ) um
[INFO GPL-0004] CoreBBox: (  5.520 10.880 ) ( 94.300 87.040 ) um
[INFO GPL-0036] Movable instances area:       4277.853 um^2
[INFO GPL-0037] Total instances area:         4600.662 um^2
[INFO GPL-0035] Pin density area adjust:       345.485 um^2
[INFO GPL-0032] ---- Initialize Region: Top-level
[INFO GPL-0006] Number of instances:               608
[INFO GPL-0007] Movable instances:                 462
[INFO GPL-0008] Fixed instances:                   146
[INFO GPL-0009] Dummy instances:                     0
[INFO GPL-0010] Number of nets:                    532
[INFO GPL-0011] Number of pins:                   1781
[INFO GPL-0012] Die BBox:  (  0.000  0.000 ) ( 100.000 100.000 ) um
[INFO GPL-0013] Core BBox: (  5.520 10.880 ) ( 94.300 87.040 ) um
[INFO GPL-0016] Core area:                    6761.485 um^2
[INFO GPL-0014] Region name: top-level.
[INFO GPL-0015] Region area:                  6761.485 um^2
[INFO GPL-0017] Fixed instances area:          322.810 um^2
[INFO GPL-0018] Movable instances area:       4623.338 um^2
[INFO GPL-0019] Utilization:                    71.806 %
[INFO GPL-0020] Standard cells area:          4623.338 um^2
[INFO GPL-0021] Large instances area:            0.000 um^2
[INFO GPL-0005] ---- Execute Conjugate Gradient Initial Placement.
[INFO GPL-0051] Source of initial instance position counters:
	Odb location = 0	Core center = 462	Region center = 0
[INFO GPL-0033] ---- Initialize Nesterov Region: Top-level
[INFO GPL-0023] Placement target density:       0.7493
[INFO GPL-0024] Movable insts average area:     10.007 um^2
[INFO GPL-0025] Ideal bin area:                 13.355 um^2
[INFO GPL-0026] Ideal bin count:                   506
[INFO GPL-0027] Total bin area:               6761.485 um^2
[INFO GPL-0028] Bin count (X, Y):          16 ,     16
[INFO GPL-0029] Bin size (W * H):       5.549 *  4.760 um
[INFO GPL-0030] Number of bins:                    256
[INFO GPL-0007] ---- Execute Nesterov Global Placement.
[INFO GPL-0031] HPWL: Half-Perimeter Wirelength
Iteration | Overflow |     HPWL (um) |  HPWL(%) |   Penalty | Group
---------------------------------------------------------------
        0 |   0.9827 |  1.056166e+03 |   +0.00% |  2.57e-14 |      
       10 |   0.9808 |  7.280180e+02 |  -31.07% |  4.19e-14 |      
       20 |   0.9803 |  7.270460e+02 |   -0.13% |  6.83e-14 |      
       30 |   0.9804 |  7.271750e+02 |   +0.02% |  1.11e-13 |      
       40 |   0.9805 |  7.270180e+02 |   -0.02% |  1.81e-13 |      
       50 |   0.9804 |  7.269040e+02 |   -0.02% |  2.95e-13 |      
       60 |   0.9803 |  7.270360e+02 |   +0.02% |  4.80e-13 |      
       70 |   0.9803 |  7.272660e+02 |   +0.03% |  7.83e-13 |      
       80 |   0.9802 |  7.276000e+02 |   +0.05% |  1.27e-12 |      
       90 |   0.9799 |  7.283230e+02 |   +0.10% |  2.08e-12 |      
      100 |   0.9794 |  7.300980e+02 |   +0.24% |  3.38e-12 |      
      110 |   0.9781 |  7.334040e+02 |   +0.45% |  5.51e-12 |      
      120 |   0.9730 |  7.403930e+02 |   +0.95% |  8.98e-12 |      
      130 |   0.9661 |  7.737440e+02 |   +4.50% |  1.46e-11 |      
      140 |   0.9518 |  9.693850e+02 |  +25.28% |  2.38e-11 |      
      150 |   0.9058 |  1.301682e+03 |  +34.28% |  3.88e-11 |      
      160 |   0.8829 |  1.438882e+03 |  +10.54% |  6.32e-11 |      
      170 |   0.8700 |  1.554760e+03 |   +8.05% |  1.03e-10 |      
      180 |   0.8378 |  1.814985e+03 |  +16.74% |  1.68e-10 |      
      190 |   0.8033 |  1.997796e+03 |  +10.07% |  2.73e-10 |      
      200 |   0.7666 |  2.254564e+03 |  +12.85% |  4.45e-10 |      
      210 |   0.7323 |  2.454388e+03 |   +8.86% |  7.24e-10 |      
      220 |   0.6951 |  2.716795e+03 |  +10.69% |  1.18e-09 |      
      230 |   0.6537 |  2.980439e+03 |   +9.70% |  1.92e-09 |      
      240 |   0.6065 |  3.281853e+03 |  +10.11% |  3.13e-09 |      
      250 |   0.5584 |  3.478632e+03 |   +6.00% |  5.10e-09 |      
      260 |   0.5106 |  3.720699e+03 |   +6.96% |  8.31e-09 |      
      270 |   0.4758 |  3.987705e+03 |   +7.18% |  1.35e-08 |      
      280 |   0.4328 |  4.184795e+03 |   +4.94% |  2.20e-08 |      
      290 |   0.3834 |  4.363133e+03 |   +4.26% |  3.59e-08 |      
      300 |   0.3438 |  4.530011e+03 |   +3.82% |  5.85e-08 |      
      310 |   0.3063 |  4.640441e+03 |   +2.44% |  8.61e-08 |      
      320 |   0.2703 |  4.750086e+03 |   +2.36% |  1.27e-07 |      
      330 |   0.2355 |  4.858600e+03 |   +2.28% |  1.87e-07 |      
      340 |   0.2071 |  4.961795e+03 |   +2.12% |  2.75e-07 |      
      350 |   0.1716 |  5.045137e+03 |   +1.68% |  4.06e-07 |      
      360 |   0.1433 |  5.138876e+03 |   +1.86% |  5.98e-07 |      
      370 |   0.1168 |  5.176287e+03 |   +0.73% |  8.80e-07 |      
      378 |   0.0979 |  5.235084e+03 |          |  1.25e-06 |      
---------------------------------------------------------------
[INFO GPL-1001] Global placement finished at iteration 378
[INFO GPL-1002] Placed Cell Area             4623.3381
[INFO GPL-1003] Available Free Area          6438.6752
[INFO GPL-1004] Minimum Feasible Density        0.7200 (cell_area / free_area)
[INFO GPL-1006]   Suggested Target Densities:
[INFO GPL-1007]     - For 90% usage of free space: 0.7978
[INFO GPL-1008]     - For 80% usage of free space: 0.8976
[INFO GPL-1014] Final placement area: 4623.34 (+0.00%)
Setting global connections for newly added cells…
[INFO] Setting global connections...
[INFO ODB-0403] 0 connections made, 0 conflicts skipped.
Updating metrics…
Cell type report:                       Count       Area
  Fill cell                                56     210.20
  Tap cell                                 90     112.61
  Inverter                                 14      52.55
  Multi-Input combinational cell          448    4225.30
  Total                                   608    4600.66
Writing OpenROAD database to '/home/admin/Documents/Projekty/Hobby/Nauka/RISC-5/.v/DDCA/code/exercises/ALU/systemIverilog/runs/RUN_2026-09-17_08-26-00/24-openroad-globalplacementskipio/ALU.odb'…
Writing netlist to '/home/admin/Documents/Projekty/Hobby/Nauka/RISC-5/.v/DDCA/code/exercises/ALU/systemIverilog/runs/RUN_2026-09-17_08-26-00/24-openroad-globalplacementskipio/ALU.nl.v'…
Writing powered netlist to '/home/admin/Documents/Projekty/Hobby/Nauka/RISC-5/.v/DDCA/code/exercises/ALU/systemIverilog/runs/RUN_2026-09-17_08-26-00/24-openroad-globalplacementskipio/ALU.pnl.v'…
Writing layout to '/home/admin/Documents/Projekty/Hobby/Nauka/RISC-5/.v/DDCA/code/exercises/ALU/systemIverilog/runs/RUN_2026-09-17_08-26-00/24-openroad-globalplacementskipio/ALU.def'…
Writing timing constraints to '/home/admin/Documents/Projekty/Hobby/Nauka/RISC-5/.v/DDCA/code/exercises/ALU/systemIverilog/runs/RUN_2026-09-17_08-26-00/24-openroad-globalplacementskipio/ALU.sdc'…
