
===========================================================================
report_checks -path_delay min (Hold)
============================================================================
======================= max_ff_n40C_1v95 Corner ===================================

Startpoint: B[0] (input port clocked by __VIRTUAL_CLK__)
Endpoint: S[1] (output port clocked by __VIRTUAL_CLK__)
Path Group: __VIRTUAL_CLK__
Path Type: min

Fanout         Cap        Slew       Delay        Time   Description
---------------------------------------------------------------------------------------------
                      0.000000    0.000000    0.000000   clock __VIRTUAL_CLK__ (rise edge)
                                  0.000000    0.000000   clock network delay (ideal)
                                  0.800000    0.800000 v input external delay
     1    0.003675    0.005999    0.002954    0.802954 v B[0] (in)
                                                         B[0] (net)
                      0.006006    0.000000    0.802954 v input33/A (sky130_fd_sc_hd__buf_4)
     6    0.021137    0.033070    0.086783    0.889737 v input33/X (sky130_fd_sc_hd__buf_4)
                                                         net33 (net)
                      0.033202    0.001104    0.890842 v _565_/A (sky130_fd_sc_hd__inv_2)
     3    0.014471    0.053412    0.053549    0.944390 ^ _565_/Y (sky130_fd_sc_hd__inv_2)
                                                         _272_ (net)
                      0.053420    0.000529    0.944920 ^ _570_/A (sky130_fd_sc_hd__nor2_2)
     1    0.008318    0.019749    0.031098    0.976017 v _570_/Y (sky130_fd_sc_hd__nor2_2)
                                                         _276_ (net)
                      0.019762    0.000377    0.976395 v _571_/B (sky130_fd_sc_hd__xnor2_2)
     1    0.005324    0.028547    0.073513    1.049908 v _571_/Y (sky130_fd_sc_hd__xnor2_2)
                                                         net77 (net)
                      0.028549    0.000372    1.050280 v output77/A (sky130_fd_sc_hd__buf_6)
     1    0.035626    0.033087    0.085171    1.135450 v output77/X (sky130_fd_sc_hd__buf_6)
                                                         S[1] (net)
                      0.033260    0.001641    1.137091 v S[1] (out)
                                              1.137091   data arrival time

                      0.000000    0.000000    0.000000   clock __VIRTUAL_CLK__ (rise edge)
                                  0.000000    0.000000   clock network delay (ideal)
                                  0.250000    0.250000   clock uncertainty
                                  0.000000    0.250000   clock reconvergence pessimism
                                 -0.800000   -0.550000   output external delay
                                             -0.550000   data required time
---------------------------------------------------------------------------------------------
                                             -0.550000   data required time
                                             -1.137091   data arrival time
---------------------------------------------------------------------------------------------
                                              1.687091   slack (MET)


Startpoint: B[4] (input port clocked by __VIRTUAL_CLK__)
Endpoint: S[5] (output port clocked by __VIRTUAL_CLK__)
Path Group: __VIRTUAL_CLK__
Path Type: min

Fanout         Cap        Slew       Delay        Time   Description
---------------------------------------------------------------------------------------------
                      0.000000    0.000000    0.000000   clock __VIRTUAL_CLK__ (rise edge)
                                  0.000000    0.000000   clock network delay (ideal)
                                  0.800000    0.800000 v input external delay
     1    0.004565    0.007479    0.003700    0.803700 v B[4] (in)
                                                         B[4] (net)
                      0.007486    0.000000    0.803700 v input59/A (sky130_fd_sc_hd__clkbuf_2)
     3    0.016940    0.049223    0.080915    0.884614 v input59/X (sky130_fd_sc_hd__clkbuf_2)
                                                         net59 (net)
                      0.049246    0.000946    0.885560 v _590_/A (sky130_fd_sc_hd__nand2_2)
     1    0.006505    0.035117    0.047341    0.932902 ^ _590_/Y (sky130_fd_sc_hd__nand2_2)
                                                         _292_ (net)
                      0.035125    0.000455    0.933357 ^ _593_/A3 (sky130_fd_sc_hd__a31o_4)
     1    0.008647    0.028861    0.087488    1.020844 ^ _593_/X (sky130_fd_sc_hd__a31o_4)
                                                         _295_ (net)
                      0.028871    0.000446    1.021290 ^ _594_/B (sky130_fd_sc_hd__xor2_2)
     1    0.005074    0.025278    0.031140    1.052430 v _594_/X (sky130_fd_sc_hd__xor2_2)
                                                         net93 (net)
                      0.025278    0.000358    1.052788 v output93/A (sky130_fd_sc_hd__buf_6)
     1    0.035311    0.032956    0.083616    1.136404 v output93/X (sky130_fd_sc_hd__buf_6)
                                                         S[5] (net)
                      0.033159    0.001783    1.138187 v S[5] (out)
                                              1.138187   data arrival time

                      0.000000    0.000000    0.000000   clock __VIRTUAL_CLK__ (rise edge)
                                  0.000000    0.000000   clock network delay (ideal)
                                  0.250000    0.250000   clock uncertainty
                                  0.000000    0.250000   clock reconvergence pessimism
                                 -0.800000   -0.550000   output external delay
                                             -0.550000   data required time
---------------------------------------------------------------------------------------------
                                             -0.550000   data required time
                                             -1.138187   data arrival time
---------------------------------------------------------------------------------------------
                                              1.688187   slack (MET)


Startpoint: B[10] (input port clocked by __VIRTUAL_CLK__)
Endpoint: S[10] (output port clocked by __VIRTUAL_CLK__)
Path Group: __VIRTUAL_CLK__
Path Type: min

Fanout         Cap        Slew       Delay        Time   Description
---------------------------------------------------------------------------------------------
                      0.000000    0.000000    0.000000   clock __VIRTUAL_CLK__ (rise edge)
                                  0.000000    0.000000   clock network delay (ideal)
                                  0.800000    0.800000 ^ input external delay
     1    0.004322    0.019357    0.010727    0.810727 ^ B[10] (in)
                                                         B[10] (net)
                      0.019360    0.000000    0.810727 ^ input34/A (sky130_fd_sc_hd__buf_4)
     3    0.026893    0.061941    0.086850    0.897577 ^ input34/X (sky130_fd_sc_hd__buf_4)
                                                         net34 (net)
                      0.062056    0.002040    0.899618 ^ _733_/A (sky130_fd_sc_hd__xor2_4)
     5    0.028499    0.045637    0.068642    0.968260 v _733_/X (sky130_fd_sc_hd__xor2_4)
                                                         _068_ (net)
                      0.045685    0.001326    0.969585 v _625_/A (sky130_fd_sc_hd__xor2_2)
     1    0.005092    0.025306    0.108342    1.077927 v _625_/X (sky130_fd_sc_hd__xor2_2)
                                                         net67 (net)
                      0.025306    0.000371    1.078298 v output67/A (sky130_fd_sc_hd__buf_6)
     1    0.035314    0.032923    0.083735    1.162033 v output67/X (sky130_fd_sc_hd__buf_6)
                                                         S[10] (net)
                      0.033091    0.001605    1.163638 v S[10] (out)
                                              1.163638   data arrival time

                      0.000000    0.000000    0.000000   clock __VIRTUAL_CLK__ (rise edge)
                                  0.000000    0.000000   clock network delay (ideal)
                                  0.250000    0.250000   clock uncertainty
                                  0.000000    0.250000   clock reconvergence pessimism
                                 -0.800000   -0.550000   output external delay
                                             -0.550000   data required time
---------------------------------------------------------------------------------------------
                                             -0.550000   data required time
                                             -1.163638   data arrival time
---------------------------------------------------------------------------------------------
                                              1.713638   slack (MET)


Startpoint: A[5] (input port clocked by __VIRTUAL_CLK__)
Endpoint: S[6] (output port clocked by __VIRTUAL_CLK__)
Path Group: __VIRTUAL_CLK__
Path Type: min

Fanout         Cap        Slew       Delay        Time   Description
---------------------------------------------------------------------------------------------
                      0.000000    0.000000    0.000000   clock __VIRTUAL_CLK__ (rise edge)
                                  0.000000    0.000000   clock network delay (ideal)
                                  0.800000    0.800000 ^ input external delay
     1    0.005103    0.022022    0.012635    0.812635 ^ A[5] (in)
                                                         A[5] (net)
                      0.022025    0.000000    0.812635 ^ input28/A (sky130_fd_sc_hd__buf_4)
     7    0.042580    0.093094    0.108134    0.920768 ^ input28/X (sky130_fd_sc_hd__buf_4)
                                                         net28 (net)
                      0.093171    0.002094    0.922862 ^ _601_/A1 (sky130_fd_sc_hd__o211a_2)
     1    0.008959    0.049811    0.120185    1.043047 ^ _601_/X (sky130_fd_sc_hd__o211a_2)
                                                         _302_ (net)
                      0.049821    0.000661    1.043707 ^ _604_/B (sky130_fd_sc_hd__xnor2_2)
     1    0.005343    0.025810    0.036195    1.079902 v _604_/Y (sky130_fd_sc_hd__xnor2_2)
                                                         net94 (net)
                      0.025825    0.000369    1.080271 v output94/A (sky130_fd_sc_hd__buf_6)
     1    0.035230    0.032908    0.083804    1.164075 v output94/X (sky130_fd_sc_hd__buf_6)
                                                         S[6] (net)
                      0.033110    0.001778    1.165853 v S[6] (out)
                                              1.165853   data arrival time

                      0.000000    0.000000    0.000000   clock __VIRTUAL_CLK__ (rise edge)
                                  0.000000    0.000000   clock network delay (ideal)
                                  0.250000    0.250000   clock uncertainty
                                  0.000000    0.250000   clock reconvergence pessimism
                                 -0.800000   -0.550000   output external delay
                                             -0.550000   data required time
---------------------------------------------------------------------------------------------
                                             -0.550000   data required time
                                             -1.165853   data arrival time
---------------------------------------------------------------------------------------------
                                              1.715852   slack (MET)


Startpoint: A[14] (input port clocked by __VIRTUAL_CLK__)
Endpoint: S[15] (output port clocked by __VIRTUAL_CLK__)
Path Group: __VIRTUAL_CLK__
Path Type: min

Fanout         Cap        Slew       Delay        Time   Description
---------------------------------------------------------------------------------------------
                      0.000000    0.000000    0.000000   clock __VIRTUAL_CLK__ (rise edge)
                                  0.000000    0.000000   clock network delay (ideal)
                                  0.800000    0.800000 ^ input external delay
     1    0.005558    0.023534    0.013695    0.813695 ^ A[14] (in)
                                                         A[14] (net)
                      0.023538    0.000000    0.813695 ^ input6/A (sky130_fd_sc_hd__clkbuf_2)
     3    0.014257    0.064211    0.084486    0.898181 ^ input6/X (sky130_fd_sc_hd__clkbuf_2)
                                                         net6 (net)
                      0.064249    0.000702    0.898883 ^ _652_/A1 (sky130_fd_sc_hd__o21a_2)
     1    0.004232    0.024783    0.080510    0.979393 ^ _652_/X (sky130_fd_sc_hd__o21a_2)
                                                         _344_ (net)
                      0.024787    0.000261    0.979655 ^ _654_/B1 (sky130_fd_sc_hd__a32o_2)
     1    0.008868    0.048964    0.074493    1.054147 ^ _654_/X (sky130_fd_sc_hd__a32o_2)
                                                         _346_ (net)
                      0.048974    0.000642    1.054789 ^ _655_/B (sky130_fd_sc_hd__xnor2_2)
     1    0.005061    0.025100    0.035449    1.090238 v _655_/Y (sky130_fd_sc_hd__xnor2_2)
                                                         net72 (net)
                      0.025102    0.000368    1.090606 v output72/A (sky130_fd_sc_hd__buf_6)
     1    0.035720    0.033197    0.083685    1.174291 v output72/X (sky130_fd_sc_hd__buf_6)
                                                         S[15] (net)
                      0.033419    0.001887    1.176178 v S[15] (out)
                                              1.176178   data arrival time

                      0.000000    0.000000    0.000000   clock __VIRTUAL_CLK__ (rise edge)
                                  0.000000    0.000000   clock network delay (ideal)
                                  0.250000    0.250000   clock uncertainty
                                  0.000000    0.250000   clock reconvergence pessimism
                                 -0.800000   -0.550000   output external delay
                                             -0.550000   data required time
---------------------------------------------------------------------------------------------
                                             -0.550000   data required time
                                             -1.176178   data arrival time
---------------------------------------------------------------------------------------------
                                              1.726178   slack (MET)


Startpoint: A[25] (input port clocked by __VIRTUAL_CLK__)
Endpoint: S[25] (output port clocked by __VIRTUAL_CLK__)
Path Group: __VIRTUAL_CLK__
Path Type: min

Fanout         Cap        Slew       Delay        Time   Description
---------------------------------------------------------------------------------------------
                      0.000000    0.000000    0.000000   clock __VIRTUAL_CLK__ (rise edge)
                                  0.000000    0.000000   clock network delay (ideal)
                                  0.800000    0.800000 ^ input external delay
     1    0.003199    0.015348    0.007918    0.807918 ^ A[25] (in)
                                                         A[25] (net)
                      0.015349    0.000000    0.807918 ^ input18/A (sky130_fd_sc_hd__dlymetal6s2s_1)
     5    0.025221    0.201570    0.162113    0.970032 ^ input18/X (sky130_fd_sc_hd__dlymetal6s2s_1)
                                                         net18 (net)
                      0.201589    0.001529    0.971561 ^ _480_/B (sky130_fd_sc_hd__xnor2_2)
     3    0.019192    0.082510    0.109365    1.080925 ^ _480_/Y (sky130_fd_sc_hd__xnor2_2)
                                                         _194_ (net)
                      0.082568    0.001139    1.082064 ^ _486_/A (sky130_fd_sc_hd__xnor2_2)
     1    0.004987    0.023391    0.043804    1.125869 v _486_/Y (sky130_fd_sc_hd__xnor2_2)
                                                         net83 (net)
                      0.023394    0.000352    1.126221 v output83/A (sky130_fd_sc_hd__buf_6)
     1    0.035269    0.032949    0.082794    1.209015 v output83/X (sky130_fd_sc_hd__buf_6)
                                                         S[25] (net)
                      0.033175    0.001886    1.210901 v S[25] (out)
                                              1.210901   data arrival time

                      0.000000    0.000000    0.000000   clock __VIRTUAL_CLK__ (rise edge)
                                  0.000000    0.000000   clock network delay (ideal)
                                  0.250000    0.250000   clock uncertainty
                                  0.000000    0.250000   clock reconvergence pessimism
                                 -0.800000   -0.550000   output external delay
                                             -0.550000   data required time
---------------------------------------------------------------------------------------------
                                             -0.550000   data required time
                                             -1.210901   data arrival time
---------------------------------------------------------------------------------------------
                                              1.760901   slack (MET)


Startpoint: sub (input port clocked by __VIRTUAL_CLK__)
Endpoint: S[2] (output port clocked by __VIRTUAL_CLK__)
Path Group: __VIRTUAL_CLK__
Path Type: min

Fanout         Cap        Slew       Delay        Time   Description
---------------------------------------------------------------------------------------------
                      0.000000    0.000000    0.000000   clock __VIRTUAL_CLK__ (rise edge)
                                  0.000000    0.000000   clock network delay (ideal)
                                  0.800000    0.800000 ^ input external delay
     1    0.008501    0.033395    0.020513    0.820513 ^ sub (in)
                                                         sub (net)
                      0.033403    0.000000    0.820513 ^ input65/A (sky130_fd_sc_hd__buf_8)
     3    0.028115    0.042470    0.069327    0.889840 ^ input65/X (sky130_fd_sc_hd__buf_8)
                                                         net65 (net)
                      0.042874    0.003098    0.892938 ^ fanout110/A (sky130_fd_sc_hd__buf_2)
     5    0.028603    0.108260    0.119190    1.012128 ^ fanout110/X (sky130_fd_sc_hd__buf_2)
                                                         net110 (net)
                      0.108433    0.003355    1.015483 ^ _577_/A (sky130_fd_sc_hd__xnor2_2)
     1    0.009332    0.046813    0.087357    1.102841 ^ _577_/Y (sky130_fd_sc_hd__xnor2_2)
                                                         _282_ (net)
                      0.046826    0.000682    1.103522 ^ _578_/A (sky130_fd_sc_hd__xnor2_2)
     1    0.005608    0.027724    0.041239    1.144761 v _578_/Y (sky130_fd_sc_hd__xnor2_2)
                                                         net88 (net)
                      0.027732    0.000394    1.145155 v output88/A (sky130_fd_sc_hd__buf_6)
     1    0.035787    0.033221    0.084778    1.229933 v output88/X (sky130_fd_sc_hd__buf_6)
                                                         S[2] (net)
                      0.033446    0.001893    1.231826 v S[2] (out)
                                              1.231826   data arrival time

                      0.000000    0.000000    0.000000   clock __VIRTUAL_CLK__ (rise edge)
                                  0.000000    0.000000   clock network delay (ideal)
                                  0.250000    0.250000   clock uncertainty
                                  0.000000    0.250000   clock reconvergence pessimism
                                 -0.800000   -0.550000   output external delay
                                             -0.550000   data required time
---------------------------------------------------------------------------------------------
                                             -0.550000   data required time
                                             -1.231826   data arrival time
---------------------------------------------------------------------------------------------
                                              1.781826   slack (MET)


Startpoint: A[20] (input port clocked by __VIRTUAL_CLK__)
Endpoint: S[21] (output port clocked by __VIRTUAL_CLK__)
Path Group: __VIRTUAL_CLK__
Path Type: min

Fanout         Cap        Slew       Delay        Time   Description
---------------------------------------------------------------------------------------------
                      0.000000    0.000000    0.000000   clock __VIRTUAL_CLK__ (rise edge)
                                  0.000000    0.000000   clock network delay (ideal)
                                  0.800000    0.800000 v input external delay
     1    0.002938    0.004910    0.002317    0.802317 v A[20] (in)
                                                         A[20] (net)
                      0.004913    0.000000    0.802317 v input13/A (sky130_fd_sc_hd__dlymetal6s2s_1)
     6    0.025092    0.092388    0.126646    0.928963 v input13/X (sky130_fd_sc_hd__dlymetal6s2s_1)
                                                         net13 (net)
                      0.092480    0.001857    0.930820 v _437_/B (sky130_fd_sc_hd__nand3_2)
     1    0.010594    0.050112    0.084564    1.015384 ^ _437_/Y (sky130_fd_sc_hd__nand3_2)
                                                         _155_ (net)
                      0.050134    0.000790    1.016173 ^ _438_/C (sky130_fd_sc_hd__nand3_4)
     1    0.008223    0.033877    0.042902    1.059075 v _438_/Y (sky130_fd_sc_hd__nand3_4)
                                                         _156_ (net)
                      0.033878    0.000370    1.059445 v _439_/B (sky130_fd_sc_hd__xnor2_2)
     1    0.008079    0.031498    0.084361    1.143807 v _439_/Y (sky130_fd_sc_hd__xnor2_2)
                                                         net79 (net)
                      0.031524    0.000671    1.144477 v output79/A (sky130_fd_sc_hd__buf_6)
     1    0.035098    0.032820    0.086024    1.230501 v output79/X (sky130_fd_sc_hd__buf_6)
                                                         S[21] (net)
                      0.033025    0.001787    1.232288 v S[21] (out)
                                              1.232288   data arrival time

                      0.000000    0.000000    0.000000   clock __VIRTUAL_CLK__ (rise edge)
                                  0.000000    0.000000   clock network delay (ideal)
                                  0.250000    0.250000   clock uncertainty
                                  0.000000    0.250000   clock reconvergence pessimism
                                 -0.800000   -0.550000   output external delay
                                             -0.550000   data required time
---------------------------------------------------------------------------------------------
                                             -0.550000   data required time
                                             -1.232288   data arrival time
---------------------------------------------------------------------------------------------
                                              1.782288   slack (MET)


Startpoint: A[0] (input port clocked by __VIRTUAL_CLK__)
Endpoint: S[0] (output port clocked by __VIRTUAL_CLK__)
Path Group: __VIRTUAL_CLK__
Path Type: min

Fanout         Cap        Slew       Delay        Time   Description
---------------------------------------------------------------------------------------------
                      0.000000    0.000000    0.000000   clock __VIRTUAL_CLK__ (rise edge)
                                  0.000000    0.000000   clock network delay (ideal)
                                  0.800000    0.800000 v input external delay
     1    0.003592    0.005869    0.002875    0.802875 v A[0] (in)
                                                         A[0] (net)
                      0.005880    0.000000    0.802875 v input1/A (sky130_fd_sc_hd__buf_2)
     6    0.030693    0.057309    0.098289    0.901164 v input1/X (sky130_fd_sc_hd__buf_2)
                                                         net1 (net)
                      0.057325    0.000874    0.902038 v _566_/A (sky130_fd_sc_hd__nand2_2)
     1    0.005096    0.031930    0.046840    0.948878 ^ _566_/Y (sky130_fd_sc_hd__nand2_2)
                                                         _273_ (net)
                      0.031931    0.000230    0.949108 ^ _567_/B (sky130_fd_sc_hd__nand2_2)
     1    0.003159    0.016371    0.024915    0.974023 v _567_/Y (sky130_fd_sc_hd__nand2_2)
                                                         net66 (net)
                      0.016371    0.000198    0.974221 v output66/A (sky130_fd_sc_hd__clkdlybuf4s25_1)
     1    0.035012    0.179473    0.258938    1.233159 v output66/X (sky130_fd_sc_hd__clkdlybuf4s25_1)
                                                         S[0] (net)
                      0.179490    0.001687    1.234846 v S[0] (out)
                                              1.234846   data arrival time

                      0.000000    0.000000    0.000000   clock __VIRTUAL_CLK__ (rise edge)
                                  0.000000    0.000000   clock network delay (ideal)
                                  0.250000    0.250000   clock uncertainty
                                  0.000000    0.250000   clock reconvergence pessimism
                                 -0.800000   -0.550000   output external delay
                                             -0.550000   data required time
---------------------------------------------------------------------------------------------
                                             -0.550000   data required time
                                             -1.234846   data arrival time
---------------------------------------------------------------------------------------------
                                              1.784846   slack (MET)


Startpoint: A[31] (input port clocked by __VIRTUAL_CLK__)
Endpoint: carryOut (output port clocked by __VIRTUAL_CLK__)
Path Group: __VIRTUAL_CLK__
Path Type: min

Fanout         Cap        Slew       Delay        Time   Description
---------------------------------------------------------------------------------------------
                      0.000000    0.000000    0.000000   clock __VIRTUAL_CLK__ (rise edge)
                                  0.000000    0.000000   clock network delay (ideal)
                                  0.800000    0.800000 ^ input external delay
     1    0.004717    0.020745    0.011723    0.811723 ^ A[31] (in)
                                                         A[31] (net)
                      0.020748    0.000000    0.811723 ^ input25/A (sky130_fd_sc_hd__clkdlybuf4s25_1)
     5    0.021004    0.162630    0.235038    1.046761 ^ input25/X (sky130_fd_sc_hd__clkdlybuf4s25_1)
                                                         net25 (net)
                      0.162639    0.001291    1.048052 ^ _663_/A1 (sky130_fd_sc_hd__o221a_4)
     1    0.007657    0.032471    0.115280    1.163331 ^ _663_/X (sky130_fd_sc_hd__o221a_4)
                                                         net98 (net)
                      0.032474    0.000554    1.163885 ^ output98/A (sky130_fd_sc_hd__buf_8)
     1    0.035684    0.051114    0.075413    1.239297 ^ output98/X (sky130_fd_sc_hd__buf_8)
                                                         carryOut (net)
                      0.051239    0.001924    1.241221 ^ carryOut (out)
                                              1.241221   data arrival time

                      0.000000    0.000000    0.000000   clock __VIRTUAL_CLK__ (rise edge)
                                  0.000000    0.000000   clock network delay (ideal)
                                  0.250000    0.250000   clock uncertainty
                                  0.000000    0.250000   clock reconvergence pessimism
                                 -0.800000   -0.550000   output external delay
                                             -0.550000   data required time
---------------------------------------------------------------------------------------------
                                             -0.550000   data required time
                                             -1.241221   data arrival time
---------------------------------------------------------------------------------------------
                                              1.791221   slack (MET)


Startpoint: sub (input port clocked by __VIRTUAL_CLK__)
Endpoint: S[16] (output port clocked by __VIRTUAL_CLK__)
Path Group: __VIRTUAL_CLK__
Path Type: min

Fanout         Cap        Slew       Delay        Time   Description
---------------------------------------------------------------------------------------------
                      0.000000    0.000000    0.000000   clock __VIRTUAL_CLK__ (rise edge)
                                  0.000000    0.000000   clock network delay (ideal)
                                  0.800000    0.800000 ^ input external delay
     1    0.008501    0.033395    0.020513    0.820513 ^ sub (in)
                                                         sub (net)
                      0.033403    0.000000    0.820513 ^ input65/A (sky130_fd_sc_hd__buf_8)
     3    0.028115    0.042470    0.069327    0.889840 ^ input65/X (sky130_fd_sc_hd__buf_8)
                                                         net65 (net)
                      0.042673    0.002187    0.892027 ^ fanout107/A (sky130_fd_sc_hd__buf_6)
     3    0.018699    0.036123    0.067973    0.960000 ^ fanout107/X (sky130_fd_sc_hd__buf_6)
                                                         net107 (net)
                      0.036284    0.001670    0.961671 ^ fanout103/A (sky130_fd_sc_hd__buf_4)
     2    0.015085    0.039399    0.075778    1.037449 ^ fanout103/X (sky130_fd_sc_hd__buf_4)
                                                         net103 (net)
                      0.039439    0.001056    1.038505 ^ _373_/A (sky130_fd_sc_hd__xnor2_2)
     1    0.008702    0.044005    0.076974    1.115479 ^ _373_/Y (sky130_fd_sc_hd__xnor2_2)
                                                         _096_ (net)
                      0.044008    0.000395    1.115874 ^ _374_/B (sky130_fd_sc_hd__xnor2_2)
     1    0.007557    0.030845    0.039936    1.155809 v _374_/Y (sky130_fd_sc_hd__xnor2_2)
                                                         net73 (net)
                      0.030866    0.000594    1.156403 v output73/A (sky130_fd_sc_hd__buf_6)
     1    0.035843    0.033251    0.086031    1.242434 v output73/X (sky130_fd_sc_hd__buf_6)
                                                         S[16] (net)
                      0.033490    0.001958    1.244392 v S[16] (out)
                                              1.244392   data arrival time

                      0.000000    0.000000    0.000000   clock __VIRTUAL_CLK__ (rise edge)
                                  0.000000    0.000000   clock network delay (ideal)
                                  0.250000    0.250000   clock uncertainty
                                  0.000000    0.250000   clock reconvergence pessimism
                                 -0.800000   -0.550000   output external delay
                                             -0.550000   data required time
---------------------------------------------------------------------------------------------
                                             -0.550000   data required time
                                             -1.244392   data arrival time
---------------------------------------------------------------------------------------------
                                              1.794392   slack (MET)


Startpoint: B[3] (input port clocked by __VIRTUAL_CLK__)
Endpoint: S[3] (output port clocked by __VIRTUAL_CLK__)
Path Group: __VIRTUAL_CLK__
Path Type: min

Fanout         Cap        Slew       Delay        Time   Description
---------------------------------------------------------------------------------------------
                      0.000000    0.000000    0.000000   clock __VIRTUAL_CLK__ (rise edge)
                                  0.000000    0.000000   clock network delay (ideal)
                                  0.800000    0.800000 ^ input external delay
     1    0.004428    0.019709    0.010984    0.810984 ^ B[3] (in)
                                                         B[3] (net)
                      0.019711    0.000000    0.810984 ^ input58/A (sky130_fd_sc_hd__dlymetal6s2s_1)
     5    0.026167    0.208226    0.167884    0.978867 ^ input58/X (sky130_fd_sc_hd__dlymetal6s2s_1)
                                                         net58 (net)
                      0.208239    0.001324    0.980191 ^ _691_/B (sky130_fd_sc_hd__xnor2_2)
     3    0.021729    0.091041    0.115686    1.095877 ^ _691_/Y (sky130_fd_sc_hd__xnor2_2)
                                                         _026_ (net)
                      0.091099    0.001163    1.097040 ^ _584_/A (sky130_fd_sc_hd__xnor2_2)
     1    0.002987    0.018720    0.039626    1.136666 v _584_/Y (sky130_fd_sc_hd__xnor2_2)
                                                         net91 (net)
                      0.018721    0.000193    1.136860 v output91/A (sky130_fd_sc_hd__clkbuf_4)
     1    0.036084    0.059111    0.113128    1.249987 v output91/X (sky130_fd_sc_hd__clkbuf_4)
                                                         S[3] (net)
                      0.059196    0.001886    1.251873 v S[3] (out)
                                              1.251873   data arrival time

                      0.000000    0.000000    0.000000   clock __VIRTUAL_CLK__ (rise edge)
                                  0.000000    0.000000   clock network delay (ideal)
                                  0.250000    0.250000   clock uncertainty
                                  0.000000    0.250000   clock reconvergence pessimism
                                 -0.800000   -0.550000   output external delay
                                             -0.550000   data required time
---------------------------------------------------------------------------------------------
                                             -0.550000   data required time
                                             -1.251873   data arrival time
---------------------------------------------------------------------------------------------
                                              1.801873   slack (MET)


Startpoint: B[14] (input port clocked by __VIRTUAL_CLK__)
Endpoint: S[14] (output port clocked by __VIRTUAL_CLK__)
Path Group: __VIRTUAL_CLK__
Path Type: min

Fanout         Cap        Slew       Delay        Time   Description
---------------------------------------------------------------------------------------------
                      0.000000    0.000000    0.000000   clock __VIRTUAL_CLK__ (rise edge)
                                  0.000000    0.000000   clock network delay (ideal)
                                  0.800000    0.800000 ^ input external delay
     1    0.005920    0.024776    0.014529    0.814529 ^ B[14] (in)
                                                         B[14] (net)
                      0.024780    0.000000    0.814529 ^ input38/A (sky130_fd_sc_hd__clkbuf_2)
     5    0.035352    0.149791    0.138188    0.952717 ^ input38/X (sky130_fd_sc_hd__clkbuf_2)
                                                         net38 (net)
                      0.149912    0.003304    0.956022 ^ _726_/A (sky130_fd_sc_hd__xnor2_4)
     3    0.017333    0.050395    0.095596    1.051617 ^ _726_/Y (sky130_fd_sc_hd__xnor2_4)
                                                         _061_ (net)
                      0.050404    0.000602    1.052219 ^ _648_/B (sky130_fd_sc_hd__xnor2_2)
     1    0.010912    0.051819    0.080974    1.133193 ^ _648_/Y (sky130_fd_sc_hd__xnor2_2)
                                                         _341_ (net)
                      0.051839    0.000894    1.134087 ^ _649_/B (sky130_fd_sc_hd__xnor2_2)
     1    0.006681    0.029154    0.039383    1.173470 v _649_/Y (sky130_fd_sc_hd__xnor2_2)
                                                         net71 (net)
                      0.029181    0.000461    1.173931 v output71/A (sky130_fd_sc_hd__buf_6)
     1    0.036138    0.033418    0.085492    1.259423 v output71/X (sky130_fd_sc_hd__buf_6)
                                                         S[14] (net)
                      0.033659    0.001977    1.261400 v S[14] (out)
                                              1.261400   data arrival time

                      0.000000    0.000000    0.000000   clock __VIRTUAL_CLK__ (rise edge)
                                  0.000000    0.000000   clock network delay (ideal)
                                  0.250000    0.250000   clock uncertainty
                                  0.000000    0.250000   clock reconvergence pessimism
                                 -0.800000   -0.550000   output external delay
                                             -0.550000   data required time
---------------------------------------------------------------------------------------------
                                             -0.550000   data required time
                                             -1.261400   data arrival time
---------------------------------------------------------------------------------------------
                                              1.811400   slack (MET)


Startpoint: B[10] (input port clocked by __VIRTUAL_CLK__)
Endpoint: S[11] (output port clocked by __VIRTUAL_CLK__)
Path Group: __VIRTUAL_CLK__
Path Type: min

Fanout         Cap        Slew       Delay        Time   Description
---------------------------------------------------------------------------------------------
                      0.000000    0.000000    0.000000   clock __VIRTUAL_CLK__ (rise edge)
                                  0.000000    0.000000   clock network delay (ideal)
                                  0.800000    0.800000 ^ input external delay
     1    0.004322    0.019357    0.010727    0.810727 ^ B[10] (in)
                                                         B[10] (net)
                      0.019360    0.000000    0.810727 ^ input34/A (sky130_fd_sc_hd__buf_4)
     3    0.026893    0.061941    0.086850    0.897577 ^ input34/X (sky130_fd_sc_hd__buf_4)
                                                         net34 (net)
                      0.062122    0.002544    0.900121 ^ _361_/A1 (sky130_fd_sc_hd__a21oi_2)
     1    0.002658    0.012061    0.026577    0.926698 v _361_/Y (sky130_fd_sc_hd__a21oi_2)
                                                         _084_ (net)
                      0.012062    0.000178    0.926876 v _362_/B1 (sky130_fd_sc_hd__a31o_2)
     3    0.011517    0.032897    0.083493    1.010370 v _362_/X (sky130_fd_sc_hd__a31o_2)
                                                         _085_ (net)
                      0.032914    0.000667    1.011037 v _627_/B1_N (sky130_fd_sc_hd__a21bo_2)
     1    0.009327    0.044966    0.125521    1.136557 ^ _627_/X (sky130_fd_sc_hd__a21bo_2)
                                                         _323_ (net)
                      0.044978    0.000678    1.137235 ^ _629_/A (sky130_fd_sc_hd__xnor2_2)
     1    0.005044    0.027899    0.039728    1.176963 v _629_/Y (sky130_fd_sc_hd__xnor2_2)
                                                         net68 (net)
                      0.027900    0.000369    1.177332 v output68/A (sky130_fd_sc_hd__buf_6)
     1    0.035246    0.032897    0.084693    1.262025 v output68/X (sky130_fd_sc_hd__buf_6)
                                                         S[11] (net)
                      0.033077    0.001671    1.263697 v S[11] (out)
                                              1.263697   data arrival time

                      0.000000    0.000000    0.000000   clock __VIRTUAL_CLK__ (rise edge)
                                  0.000000    0.000000   clock network delay (ideal)
                                  0.250000    0.250000   clock uncertainty
                                  0.000000    0.250000   clock reconvergence pessimism
                                 -0.800000   -0.550000   output external delay
                                             -0.550000   data required time
---------------------------------------------------------------------------------------------
                                             -0.550000   data required time
                                             -1.263697   data arrival time
---------------------------------------------------------------------------------------------
                                              1.813697   slack (MET)


Startpoint: B[9] (input port clocked by __VIRTUAL_CLK__)
Endpoint: S[9] (output port clocked by __VIRTUAL_CLK__)
Path Group: __VIRTUAL_CLK__
Path Type: min

Fanout         Cap        Slew       Delay        Time   Description
---------------------------------------------------------------------------------------------
                      0.000000    0.000000    0.000000   clock __VIRTUAL_CLK__ (rise edge)
                                  0.000000    0.000000   clock network delay (ideal)
                                  0.800000    0.800000 ^ input external delay
     1    0.007100    0.028690    0.017263    0.817263 ^ B[9] (in)
                                                         B[9] (net)
                      0.028695    0.000000    0.817263 ^ input64/A (sky130_fd_sc_hd__buf_6)
     7    0.036143    0.060095    0.081560    0.898824 ^ input64/X (sky130_fd_sc_hd__buf_6)
                                                         net64 (net)
                      0.060206    0.001963    0.900787 ^ _734_/A (sky130_fd_sc_hd__xor2_4)
     2    0.006331    0.024805    0.044098    0.944885 v _734_/X (sky130_fd_sc_hd__xor2_4)
                                                         _069_ (net)
                      0.024805    0.000194    0.945078 v rebuffer136/A (sky130_fd_sc_hd__buf_2)
     4    0.020988    0.043305    0.092996    1.038074 v rebuffer136/X (sky130_fd_sc_hd__buf_2)
                                                         net136 (net)
                      0.043349    0.001185    1.039259 v _617_/B (sky130_fd_sc_hd__xnor2_2)
     1    0.008837    0.045166    0.110653    1.149913 ^ _617_/Y (sky130_fd_sc_hd__xnor2_2)
                                                         _315_ (net)
                      0.045178    0.000638    1.150551 ^ _618_/B (sky130_fd_sc_hd__xnor2_2)
     1    0.005410    0.025595    0.035634    1.186186 v _618_/Y (sky130_fd_sc_hd__xnor2_2)
                                                         net97 (net)
                      0.025616    0.000375    1.186561 v output97/A (sky130_fd_sc_hd__buf_6)
     1    0.035457    0.033058    0.083736    1.270297 v output97/X (sky130_fd_sc_hd__buf_6)
                                                         S[9] (net)
                      0.033296    0.001949    1.272246 v S[9] (out)
                                              1.272246   data arrival time

                      0.000000    0.000000    0.000000   clock __VIRTUAL_CLK__ (rise edge)
                                  0.000000    0.000000   clock network delay (ideal)
                                  0.250000    0.250000   clock uncertainty
                                  0.000000    0.250000   clock reconvergence pessimism
                                 -0.800000   -0.550000   output external delay
                                             -0.550000   data required time
---------------------------------------------------------------------------------------------
                                             -0.550000   data required time
                                             -1.272246   data arrival time
---------------------------------------------------------------------------------------------
                                              1.822246   slack (MET)


Startpoint: B[12] (input port clocked by __VIRTUAL_CLK__)
Endpoint: S[12] (output port clocked by __VIRTUAL_CLK__)
Path Group: __VIRTUAL_CLK__
Path Type: min

Fanout         Cap        Slew       Delay        Time   Description
---------------------------------------------------------------------------------------------
                      0.000000    0.000000    0.000000   clock __VIRTUAL_CLK__ (rise edge)
                                  0.000000    0.000000   clock network delay (ideal)
                                  0.800000    0.800000 ^ input external delay
     1    0.007655    0.030549    0.018562    0.818562 ^ B[12] (in)
                                                         B[12] (net)
                      0.030556    0.000000    0.818562 ^ input36/A (sky130_fd_sc_hd__buf_6)
     9    0.046170    0.074711    0.089009    0.907571 ^ input36/X (sky130_fd_sc_hd__buf_6)
                                                         net36 (net)
                      0.075726    0.006583    0.914155 ^ _729_/B (sky130_fd_sc_hd__xnor2_4)
     2    0.006541    0.027122    0.038211    0.952365 v _729_/Y (sky130_fd_sc_hd__xnor2_4)
                                                         _064_ (net)
                      0.027124    0.000366    0.952732 v rebuffer135/A (sky130_fd_sc_hd__buf_2)
     2    0.020387    0.042675    0.092931    1.045663 v rebuffer135/X (sky130_fd_sc_hd__buf_2)
                                                         net135 (net)
                      0.042750    0.001498    1.047160 v _632_/B (sky130_fd_sc_hd__xnor2_4)
     1    0.008757    0.034106    0.098374    1.145534 ^ _632_/Y (sky130_fd_sc_hd__xnor2_4)
                                                         _327_ (net)
                      0.034110    0.000635    1.146170 ^ _633_/B (sky130_fd_sc_hd__xnor2_2)
     1    0.007285    0.029528    0.037768    1.183938 v _633_/Y (sky130_fd_sc_hd__xnor2_2)
                                                         net69 (net)
                      0.029548    0.000558    1.184496 v output69/A (sky130_fd_sc_hd__buf_6)
     1    0.036714    0.033769    0.085783    1.270279 v output69/X (sky130_fd_sc_hd__buf_6)
                                                         S[12] (net)
                      0.034065    0.002221    1.272500 v S[12] (out)
                                              1.272500   data arrival time

                      0.000000    0.000000    0.000000   clock __VIRTUAL_CLK__ (rise edge)
                                  0.000000    0.000000   clock network delay (ideal)
                                  0.250000    0.250000   clock uncertainty
                                  0.000000    0.250000   clock reconvergence pessimism
                                 -0.800000   -0.550000   output external delay
                                             -0.550000   data required time
---------------------------------------------------------------------------------------------
                                             -0.550000   data required time
                                             -1.272500   data arrival time
---------------------------------------------------------------------------------------------
                                              1.822500   slack (MET)


Startpoint: A[17] (input port clocked by __VIRTUAL_CLK__)
Endpoint: S[17] (output port clocked by __VIRTUAL_CLK__)
Path Group: __VIRTUAL_CLK__
Path Type: min

Fanout         Cap        Slew       Delay        Time   Description
---------------------------------------------------------------------------------------------
                      0.000000    0.000000    0.000000   clock __VIRTUAL_CLK__ (rise edge)
                                  0.000000    0.000000   clock network delay (ideal)
                                  0.800000    0.800000 ^ input external delay
     1    0.004025    0.018285    0.009986    0.809986 ^ A[17] (in)
                                                         A[17] (net)
                      0.018287    0.000000    0.809986 ^ input9/A (sky130_fd_sc_hd__dlygate4sd1_1)
     5    0.021670    0.162364    0.202373    1.012359 ^ input9/X (sky130_fd_sc_hd__dlygate4sd1_1)
                                                         net9 (net)
                      0.162368    0.000977    1.013336 ^ _375_/B (sky130_fd_sc_hd__xnor2_2)
     3    0.015829    0.070444    0.100634    1.113970 ^ _375_/Y (sky130_fd_sc_hd__xnor2_2)
                                                         _097_ (net)
                      0.070510    0.001187    1.115157 ^ _385_/A (sky130_fd_sc_hd__xor2_2)
     1    0.003010    0.021651    0.039074    1.154232 v _385_/X (sky130_fd_sc_hd__xor2_2)
                                                         net74 (net)
                      0.021651    0.000121    1.154353 v output74/A (sky130_fd_sc_hd__clkbuf_2)
     1    0.034781    0.093121    0.117255    1.271608 v output74/X (sky130_fd_sc_hd__clkbuf_2)
                                                         S[17] (net)
                      0.093162    0.001710    1.273319 v S[17] (out)
                                              1.273319   data arrival time

                      0.000000    0.000000    0.000000   clock __VIRTUAL_CLK__ (rise edge)
                                  0.000000    0.000000   clock network delay (ideal)
                                  0.250000    0.250000   clock uncertainty
                                  0.000000    0.250000   clock reconvergence pessimism
                                 -0.800000   -0.550000   output external delay
                                             -0.550000   data required time
---------------------------------------------------------------------------------------------
                                             -0.550000   data required time
                                             -1.273319   data arrival time
---------------------------------------------------------------------------------------------
                                              1.823319   slack (MET)


Startpoint: A[8] (input port clocked by __VIRTUAL_CLK__)
Endpoint: S[8] (output port clocked by __VIRTUAL_CLK__)
Path Group: __VIRTUAL_CLK__
Path Type: min

Fanout         Cap        Slew       Delay        Time   Description
---------------------------------------------------------------------------------------------
                      0.000000    0.000000    0.000000   clock __VIRTUAL_CLK__ (rise edge)
                                  0.000000    0.000000   clock network delay (ideal)
                                  0.800000    0.800000 ^ input external delay
     1    0.004501    0.019985    0.011179    0.811179 ^ A[8] (in)
                                                         A[8] (net)
                      0.019988    0.000000    0.811179 ^ input31/A (sky130_fd_sc_hd__clkdlybuf4s25_1)
     3    0.024260    0.186379    0.250355    1.061534 ^ input31/X (sky130_fd_sc_hd__clkdlybuf4s25_1)
                                                         net31 (net)
                      0.186396    0.001791    1.063325 ^ _613_/A (sky130_fd_sc_hd__xnor2_2)
     1    0.009297    0.046283    0.090093    1.153418 ^ _613_/Y (sky130_fd_sc_hd__xnor2_2)
                                                         _312_ (net)
                      0.046297    0.000686    1.154104 ^ _614_/B (sky130_fd_sc_hd__xnor2_2)
     1    0.005401    0.025664    0.035783    1.189887 v _614_/Y (sky130_fd_sc_hd__xnor2_2)
                                                         net96 (net)
                      0.025684    0.000379    1.190266 v output96/A (sky130_fd_sc_hd__buf_6)
     1    0.035284    0.032935    0.083781    1.274047 v output96/X (sky130_fd_sc_hd__buf_6)
                                                         S[8] (net)
                      0.033133    0.001758    1.275805 v S[8] (out)
                                              1.275805   data arrival time

                      0.000000    0.000000    0.000000   clock __VIRTUAL_CLK__ (rise edge)
                                  0.000000    0.000000   clock network delay (ideal)
                                  0.250000    0.250000   clock uncertainty
                                  0.000000    0.250000   clock reconvergence pessimism
                                 -0.800000   -0.550000   output external delay
                                             -0.550000   data required time
---------------------------------------------------------------------------------------------
                                             -0.550000   data required time
                                             -1.275805   data arrival time
---------------------------------------------------------------------------------------------
                                              1.825805   slack (MET)


Startpoint: A[6] (input port clocked by __VIRTUAL_CLK__)
Endpoint: S[7] (output port clocked by __VIRTUAL_CLK__)
Path Group: __VIRTUAL_CLK__
Path Type: min

Fanout         Cap        Slew       Delay        Time   Description
---------------------------------------------------------------------------------------------
                      0.000000    0.000000    0.000000   clock __VIRTUAL_CLK__ (rise edge)
                                  0.000000    0.000000   clock network delay (ideal)
                                  0.800000    0.800000 v input external delay
     1    0.003346    0.005517    0.002675    0.802675 v A[6] (in)
                                                         A[6] (net)
                      0.005527    0.000000    0.802675 v input29/A (sky130_fd_sc_hd__dlymetal6s2s_1)
     4    0.028121    0.100861    0.132909    0.935583 v input29/X (sky130_fd_sc_hd__dlymetal6s2s_1)
                                                         net29 (net)
                      0.101075    0.003616    0.939199 v _722_/A (sky130_fd_sc_hd__inv_2)
     4    0.024201    0.090564    0.101666    1.040865 ^ _722_/Y (sky130_fd_sc_hd__inv_2)
                                                         _057_ (net)
                      0.090578    0.000865    1.041730 ^ _607_/A1 (sky130_fd_sc_hd__o211ai_2)
     1    0.008344    0.036105    0.063399    1.105129 v _607_/Y (sky130_fd_sc_hd__o211ai_2)
                                                         _307_ (net)
                      0.036124    0.000605    1.105734 v _610_/B (sky130_fd_sc_hd__xnor2_2)
     1    0.009329    0.035323    0.087793    1.193527 v _610_/Y (sky130_fd_sc_hd__xnor2_2)
                                                         net95 (net)
                      0.035353    0.000768    1.194295 v output95/A (sky130_fd_sc_hd__buf_6)
     1    0.036806    0.033783    0.088240    1.282534 v output95/X (sky130_fd_sc_hd__buf_6)
                                                         S[7] (net)
                      0.034039    0.002060    1.284594 v S[7] (out)
                                              1.284594   data arrival time

                      0.000000    0.000000    0.000000   clock __VIRTUAL_CLK__ (rise edge)
                                  0.000000    0.000000   clock network delay (ideal)
                                  0.250000    0.250000   clock uncertainty
                                  0.000000    0.250000   clock reconvergence pessimism
                                 -0.800000   -0.550000   output external delay
                                             -0.550000   data required time
---------------------------------------------------------------------------------------------
                                             -0.550000   data required time
                                             -1.284594   data arrival time
---------------------------------------------------------------------------------------------
                                              1.834594   slack (MET)


Startpoint: A[27] (input port clocked by __VIRTUAL_CLK__)
Endpoint: S[27] (output port clocked by __VIRTUAL_CLK__)
Path Group: __VIRTUAL_CLK__
Path Type: min

Fanout         Cap        Slew       Delay        Time   Description
---------------------------------------------------------------------------------------------
                      0.000000    0.000000    0.000000   clock __VIRTUAL_CLK__ (rise edge)
                                  0.000000    0.000000   clock network delay (ideal)
                                  0.800000    0.800000 ^ input external delay
     1    0.004179    0.018852    0.010369    0.810369 ^ A[27] (in)
                                                         A[27] (net)
                      0.018854    0.000000    0.810369 ^ input20/A (sky130_fd_sc_hd__clkdlybuf4s25_1)
     5    0.021354    0.165154    0.236342    1.046711 ^ input20/X (sky130_fd_sc_hd__clkdlybuf4s25_1)
                                                         net20 (net)
                      0.165160    0.001132    1.047843 ^ _501_/B (sky130_fd_sc_hd__xnor2_2)
     3    0.023832    0.098536    0.120493    1.168337 ^ _501_/Y (sky130_fd_sc_hd__xnor2_2)
                                                         _213_ (net)
                      0.098579    0.001576    1.169913 ^ _509_/B (sky130_fd_sc_hd__xnor2_4)
     1    0.004637    0.024690    0.036209    1.206122 v _509_/Y (sky130_fd_sc_hd__xnor2_4)
                                                         net85 (net)
                      0.024690    0.000207    1.206329 v output85/A (sky130_fd_sc_hd__buf_6)
     1    0.035722    0.033173    0.083611    1.289940 v output85/X (sky130_fd_sc_hd__buf_6)
                                                         S[27] (net)
                      0.033358    0.001711    1.291650 v S[27] (out)
                                              1.291650   data arrival time

                      0.000000    0.000000    0.000000   clock __VIRTUAL_CLK__ (rise edge)
                                  0.000000    0.000000   clock network delay (ideal)
                                  0.250000    0.250000   clock uncertainty
                                  0.000000    0.250000   clock reconvergence pessimism
                                 -0.800000   -0.550000   output external delay
                                             -0.550000   data required time
---------------------------------------------------------------------------------------------
                                             -0.550000   data required time
                                             -1.291650   data arrival time
---------------------------------------------------------------------------------------------
                                              1.841650   slack (MET)


Startpoint: A[25] (input port clocked by __VIRTUAL_CLK__)
Endpoint: S[26] (output port clocked by __VIRTUAL_CLK__)
Path Group: __VIRTUAL_CLK__
Path Type: min

Fanout         Cap        Slew       Delay        Time   Description
---------------------------------------------------------------------------------------------
                      0.000000    0.000000    0.000000   clock __VIRTUAL_CLK__ (rise edge)
                                  0.000000    0.000000   clock network delay (ideal)
                                  0.800000    0.800000 ^ input external delay
     1    0.003199    0.015348    0.007918    0.807918 ^ A[25] (in)
                                                         A[25] (net)
                      0.015349    0.000000    0.807918 ^ input18/A (sky130_fd_sc_hd__dlymetal6s2s_1)
     5    0.025221    0.201570    0.162113    0.970032 ^ input18/X (sky130_fd_sc_hd__dlymetal6s2s_1)
                                                         net18 (net)
                      0.201582    0.001213    0.971245 ^ _492_/B2 (sky130_fd_sc_hd__a22oi_2)
     2    0.007796    0.036077    0.046957    1.018201 v _492_/Y (sky130_fd_sc_hd__a22oi_2)
                                                         _205_ (net)
                      0.036078    0.000413    1.018614 v rebuffer133/A (sky130_fd_sc_hd__buf_2)
     5    0.020477    0.042469    0.097070    1.115684 v rebuffer133/X (sky130_fd_sc_hd__buf_2)
                                                         net133 (net)
                      0.042478    0.000573    1.116258 v _497_/A (sky130_fd_sc_hd__nand2_2)
     1    0.009844    0.046060    0.052833    1.169090 ^ _497_/Y (sky130_fd_sc_hd__nand2_2)
                                                         _210_ (net)
                      0.046081    0.000747    1.169838 ^ _500_/A (sky130_fd_sc_hd__xnor2_2)
     1    0.006626    0.028503    0.043273    1.213111 v _500_/Y (sky130_fd_sc_hd__xnor2_2)
                                                         net84 (net)
                      0.028529    0.000441    1.213552 v output84/A (sky130_fd_sc_hd__buf_6)
     1    0.034994    0.032778    0.084747    1.298299 v output84/X (sky130_fd_sc_hd__buf_6)
                                                         S[26] (net)
                      0.032995    0.001840    1.300139 v S[26] (out)
                                              1.300139   data arrival time

                      0.000000    0.000000    0.000000   clock __VIRTUAL_CLK__ (rise edge)
                                  0.000000    0.000000   clock network delay (ideal)
                                  0.250000    0.250000   clock uncertainty
                                  0.000000    0.250000   clock reconvergence pessimism
                                 -0.800000   -0.550000   output external delay
                                             -0.550000   data required time
---------------------------------------------------------------------------------------------
                                             -0.550000   data required time
                                             -1.300139   data arrival time
---------------------------------------------------------------------------------------------
                                              1.850139   slack (MET)


Startpoint: A[4] (input port clocked by __VIRTUAL_CLK__)
Endpoint: S[4] (output port clocked by __VIRTUAL_CLK__)
Path Group: __VIRTUAL_CLK__
Path Type: min

Fanout         Cap        Slew       Delay        Time   Description
---------------------------------------------------------------------------------------------
                      0.000000    0.000000    0.000000   clock __VIRTUAL_CLK__ (rise edge)
                                  0.000000    0.000000   clock network delay (ideal)
                                  0.800000    0.800000 ^ input external delay
     1    0.004401    0.019634    0.010928    0.810928 ^ A[4] (in)
                                                         A[4] (net)
                      0.019637    0.000000    0.810928 ^ input27/A (sky130_fd_sc_hd__clkbuf_2)
     7    0.038228    0.161449    0.144074    0.955002 ^ input27/X (sky130_fd_sc_hd__clkbuf_2)
                                                         net27 (net)
                      0.161567    0.003407    0.958409 ^ _703_/B (sky130_fd_sc_hd__xnor2_2)
     3    0.026280    0.107101    0.126311    1.084720 ^ _703_/Y (sky130_fd_sc_hd__xnor2_2)
                                                         _038_ (net)
                      0.107144    0.001654    1.086374 ^ _586_/A (sky130_fd_sc_hd__xnor2_4)
     1    0.017836    0.051847    0.093995    1.180369 ^ _586_/Y (sky130_fd_sc_hd__xnor2_4)
                                                         _289_ (net)
                      0.051939    0.001336    1.181705 ^ _587_/A (sky130_fd_sc_hd__xnor2_4)
     1    0.006894    0.024050    0.042675    1.224379 v _587_/Y (sky130_fd_sc_hd__xnor2_4)
                                                         net92 (net)
                      0.024054    0.000534    1.224913 v output92/A (sky130_fd_sc_hd__buf_6)
     1    0.035289    0.032952    0.083102    1.308015 v output92/X (sky130_fd_sc_hd__buf_6)
                                                         S[4] (net)
                      0.033158    0.001798    1.309813 v S[4] (out)
                                              1.309813   data arrival time

                      0.000000    0.000000    0.000000   clock __VIRTUAL_CLK__ (rise edge)
                                  0.000000    0.000000   clock network delay (ideal)
                                  0.250000    0.250000   clock uncertainty
                                  0.000000    0.250000   clock reconvergence pessimism
                                 -0.800000   -0.550000   output external delay
                                             -0.550000   data required time
---------------------------------------------------------------------------------------------
                                             -0.550000   data required time
                                             -1.309813   data arrival time
---------------------------------------------------------------------------------------------
                                              1.859813   slack (MET)


Startpoint: B[31] (input port clocked by __VIRTUAL_CLK__)
Endpoint: S[31] (output port clocked by __VIRTUAL_CLK__)
Path Group: __VIRTUAL_CLK__
Path Type: min

Fanout         Cap        Slew       Delay        Time   Description
---------------------------------------------------------------------------------------------
                      0.000000    0.000000    0.000000   clock __VIRTUAL_CLK__ (rise edge)
                                  0.000000    0.000000   clock network delay (ideal)
                                  0.800000    0.800000 ^ input external delay
     1    0.004848    0.021176    0.012043    0.812043 ^ B[31] (in)
                                                         B[31] (net)
                      0.021179    0.000000    0.812043 ^ input57/A (sky130_fd_sc_hd__clkdlybuf4s25_1)
     5    0.017936    0.140235    0.220671    1.032714 ^ input57/X (sky130_fd_sc_hd__clkdlybuf4s25_1)
                                                         net57 (net)
                      0.140236    0.000624    1.033338 ^ _555_/B (sky130_fd_sc_hd__and2b_2)
     1    0.002909    0.023889    0.094628    1.127966 ^ _555_/X (sky130_fd_sc_hd__and2b_2)
                                                         _263_ (net)
                      0.023889    0.000168    1.128134 ^ _556_/B (sky130_fd_sc_hd__or2_2)
     1    0.009148    0.042808    0.072734    1.200869 ^ _556_/X (sky130_fd_sc_hd__or2_2)
                                                         _264_ (net)
                      0.042821    0.000673    1.201542 ^ _564_/B (sky130_fd_sc_hd__xnor2_2)
     1    0.005095    0.024672    0.034609    1.236150 v _564_/Y (sky130_fd_sc_hd__xnor2_2)
                                                         net90 (net)
                      0.024676    0.000360    1.236511 v output90/A (sky130_fd_sc_hd__buf_6)
     1    0.035239    0.032923    0.083322    1.319832 v output90/X (sky130_fd_sc_hd__buf_6)
                                                         S[31] (net)
                      0.033134    0.001821    1.321654 v S[31] (out)
                                              1.321654   data arrival time

                      0.000000    0.000000    0.000000   clock __VIRTUAL_CLK__ (rise edge)
                                  0.000000    0.000000   clock network delay (ideal)
                                  0.250000    0.250000   clock uncertainty
                                  0.000000    0.250000   clock reconvergence pessimism
                                 -0.800000   -0.550000   output external delay
                                             -0.550000   data required time
---------------------------------------------------------------------------------------------
                                             -0.550000   data required time
                                             -1.321654   data arrival time
---------------------------------------------------------------------------------------------
                                              1.871654   slack (MET)


Startpoint: B[12] (input port clocked by __VIRTUAL_CLK__)
Endpoint: S[13] (output port clocked by __VIRTUAL_CLK__)
Path Group: __VIRTUAL_CLK__
Path Type: min

Fanout         Cap        Slew       Delay        Time   Description
---------------------------------------------------------------------------------------------
                      0.000000    0.000000    0.000000   clock __VIRTUAL_CLK__ (rise edge)
                                  0.000000    0.000000   clock network delay (ideal)
                                  0.800000    0.800000 ^ input external delay
     1    0.007655    0.030549    0.018562    0.818562 ^ B[12] (in)
                                                         B[12] (net)
                      0.030556    0.000000    0.818562 ^ input36/A (sky130_fd_sc_hd__buf_6)
     9    0.046170    0.074711    0.089009    0.907571 ^ input36/X (sky130_fd_sc_hd__buf_6)
                                                         net36 (net)
                      0.075569    0.006068    0.913639 ^ _636_/B1 (sky130_fd_sc_hd__a31o_2)
     1    0.002982    0.022010    0.058863    0.972502 ^ _636_/X (sky130_fd_sc_hd__a31o_2)
                                                         _330_ (net)
                      0.022011    0.000133    0.972635 ^ _639_/A3 (sky130_fd_sc_hd__a31o_2)
     1    0.010070    0.049261    0.099879    1.072514 ^ _639_/X (sky130_fd_sc_hd__a31o_2)
                                                         _333_ (net)
                      0.049305    0.000805    1.073320 ^ _640_/B (sky130_fd_sc_hd__xnor2_2)
     1    0.001776    0.017481    0.027844    1.101164 v _640_/Y (sky130_fd_sc_hd__xnor2_2)
                                                         net70 (net)
                      0.017481    0.000078    1.101241 v output70/A (sky130_fd_sc_hd__dlymetal6s4s_1)
     1    0.035741    0.125370    0.222316    1.323557 v output70/X (sky130_fd_sc_hd__dlymetal6s4s_1)
                                                         S[13] (net)
                      0.125408    0.001952    1.325509 v S[13] (out)
                                              1.325509   data arrival time

                      0.000000    0.000000    0.000000   clock __VIRTUAL_CLK__ (rise edge)
                                  0.000000    0.000000   clock network delay (ideal)
                                  0.250000    0.250000   clock uncertainty
                                  0.000000    0.250000   clock reconvergence pessimism
                                 -0.800000   -0.550000   output external delay
                                             -0.550000   data required time
---------------------------------------------------------------------------------------------
                                             -0.550000   data required time
                                             -1.325509   data arrival time
---------------------------------------------------------------------------------------------
                                              1.875509   slack (MET)


Startpoint: A[23] (input port clocked by __VIRTUAL_CLK__)
Endpoint: S[23] (output port clocked by __VIRTUAL_CLK__)
Path Group: __VIRTUAL_CLK__
Path Type: min

Fanout         Cap        Slew       Delay        Time   Description
---------------------------------------------------------------------------------------------
                      0.000000    0.000000    0.000000   clock __VIRTUAL_CLK__ (rise edge)
                                  0.000000    0.000000   clock network delay (ideal)
                                  0.800000    0.800000 ^ input external delay
     1    0.004512    0.020004    0.011198    0.811198 ^ A[23] (in)
                                                         A[23] (net)
                      0.020006    0.000000    0.811198 ^ input16/A (sky130_fd_sc_hd__clkdlybuf4s25_1)
     5    0.030022    0.228576    0.277831    1.089029 ^ input16/X (sky130_fd_sc_hd__clkdlybuf4s25_1)
                                                         net16 (net)
                      0.228681    0.002257    1.091286 ^ _453_/B (sky130_fd_sc_hd__xnor2_2)
     3    0.017663    0.077261    0.105812    1.197098 ^ _453_/Y (sky130_fd_sc_hd__xnor2_2)
                                                         _169_ (net)
                      0.077320    0.001114    1.198212 ^ _461_/A (sky130_fd_sc_hd__xnor2_2)
     1    0.009068    0.033919    0.052629    1.250841 v _461_/Y (sky130_fd_sc_hd__xnor2_2)
                                                         net81 (net)
                      0.033951    0.000762    1.251602 v output81/A (sky130_fd_sc_hd__buf_6)
     1    0.034799    0.032633    0.086919    1.338521 v output81/X (sky130_fd_sc_hd__buf_6)
                                                         S[23] (net)
                      0.032812    0.001660    1.340181 v S[23] (out)
                                              1.340181   data arrival time

                      0.000000    0.000000    0.000000   clock __VIRTUAL_CLK__ (rise edge)
                                  0.000000    0.000000   clock network delay (ideal)
                                  0.250000    0.250000   clock uncertainty
                                  0.000000    0.250000   clock reconvergence pessimism
                                 -0.800000   -0.550000   output external delay
                                             -0.550000   data required time
---------------------------------------------------------------------------------------------
                                             -0.550000   data required time
                                             -1.340181   data arrival time
---------------------------------------------------------------------------------------------
                                              1.890181   slack (MET)


Startpoint: A[19] (input port clocked by __VIRTUAL_CLK__)
Endpoint: S[19] (output port clocked by __VIRTUAL_CLK__)
Path Group: __VIRTUAL_CLK__
Path Type: min

Fanout         Cap        Slew       Delay        Time   Description
---------------------------------------------------------------------------------------------
                      0.000000    0.000000    0.000000   clock __VIRTUAL_CLK__ (rise edge)
                                  0.000000    0.000000   clock network delay (ideal)
                                  0.800000    0.800000 ^ input external delay
     1    0.005673    0.023917    0.013958    0.813958 ^ A[19] (in)
                                                         A[19] (net)
                      0.023921    0.000000    0.813958 ^ input11/A (sky130_fd_sc_hd__clkdlybuf4s25_1)
     5    0.027495    0.209897    0.267136    1.081094 ^ input11/X (sky130_fd_sc_hd__clkdlybuf4s25_1)
                                                         net11 (net)
                      0.209904    0.001396    1.082489 ^ _400_/B (sky130_fd_sc_hd__xnor2_2)
     3    0.020042    0.085525    0.111688    1.194178 ^ _400_/Y (sky130_fd_sc_hd__xnor2_2)
                                                         _120_ (net)
                      0.085530    0.000728    1.194906 ^ _406_/A (sky130_fd_sc_hd__xnor2_2)
     1    0.002403    0.019081    0.037578    1.232484 v _406_/Y (sky130_fd_sc_hd__xnor2_2)
                                                         net76 (net)
                      0.019081    0.000164    1.232647 v output76/A (sky130_fd_sc_hd__clkbuf_2)
     1    0.034780    0.093089    0.116356    1.349003 v output76/X (sky130_fd_sc_hd__clkbuf_2)
                                                         S[19] (net)
                      0.093127    0.001652    1.350656 v S[19] (out)
                                              1.350656   data arrival time

                      0.000000    0.000000    0.000000   clock __VIRTUAL_CLK__ (rise edge)
                                  0.000000    0.000000   clock network delay (ideal)
                                  0.250000    0.250000   clock uncertainty
                                  0.000000    0.250000   clock reconvergence pessimism
                                 -0.800000   -0.550000   output external delay
                                             -0.550000   data required time
---------------------------------------------------------------------------------------------
                                             -0.550000   data required time
                                             -1.350656   data arrival time
---------------------------------------------------------------------------------------------
                                              1.900656   slack (MET)


Startpoint: A[29] (input port clocked by __VIRTUAL_CLK__)
Endpoint: S[29] (output port clocked by __VIRTUAL_CLK__)
Path Group: __VIRTUAL_CLK__
Path Type: min

Fanout         Cap        Slew       Delay        Time   Description
---------------------------------------------------------------------------------------------
                      0.000000    0.000000    0.000000   clock __VIRTUAL_CLK__ (rise edge)
                                  0.000000    0.000000   clock network delay (ideal)
                                  0.800000    0.800000 ^ input external delay
     1    0.004170    0.018822    0.010346    0.810346 ^ A[29] (in)
                                                         A[29] (net)
                      0.018824    0.000000    0.810346 ^ input22/A (sky130_fd_sc_hd__clkdlybuf4s25_1)
     6    0.033222    0.251919    0.293627    1.103973 ^ input22/X (sky130_fd_sc_hd__clkdlybuf4s25_1)
                                                         net22 (net)
                      0.251923    0.001381    1.105353 ^ _531_/B (sky130_fd_sc_hd__xnor2_2)
     1    0.018310    0.079689    0.107392    1.212745 ^ _531_/Y (sky130_fd_sc_hd__xnor2_2)
                                                         _241_ (net)
                      0.079730    0.001376    1.214121 ^ _536_/A (sky130_fd_sc_hd__xnor2_4)
     1    0.003008    0.021444    0.039248    1.253370 v _536_/Y (sky130_fd_sc_hd__xnor2_4)
                                                         net87 (net)
                      0.021445    0.000198    1.253568 v output87/A (sky130_fd_sc_hd__buf_4)
     1    0.035167    0.043765    0.101947    1.355516 v output87/X (sky130_fd_sc_hd__buf_4)
                                                         S[29] (net)
                      0.043851    0.001619    1.357134 v S[29] (out)
                                              1.357134   data arrival time

                      0.000000    0.000000    0.000000   clock __VIRTUAL_CLK__ (rise edge)
                                  0.000000    0.000000   clock network delay (ideal)
                                  0.250000    0.250000   clock uncertainty
                                  0.000000    0.250000   clock reconvergence pessimism
                                 -0.800000   -0.550000   output external delay
                                             -0.550000   data required time
---------------------------------------------------------------------------------------------
                                             -0.550000   data required time
                                             -1.357134   data arrival time
---------------------------------------------------------------------------------------------
                                              1.907135   slack (MET)


Startpoint: B[24] (input port clocked by __VIRTUAL_CLK__)
Endpoint: S[24] (output port clocked by __VIRTUAL_CLK__)
Path Group: __VIRTUAL_CLK__
Path Type: min

Fanout         Cap        Slew       Delay        Time   Description
---------------------------------------------------------------------------------------------
                      0.000000    0.000000    0.000000   clock __VIRTUAL_CLK__ (rise edge)
                                  0.000000    0.000000   clock network delay (ideal)
                                  0.800000    0.800000 ^ input external delay
     1    0.004514    0.020034    0.011214    0.811214 ^ B[24] (in)
                                                         B[24] (net)
                      0.020036    0.000000    0.811214 ^ input49/A (sky130_fd_sc_hd__clkdlybuf4s25_1)
     5    0.020116    0.156084    0.230918    1.042132 ^ input49/X (sky130_fd_sc_hd__clkdlybuf4s25_1)
                                                         net49 (net)
                      0.156085    0.000674    1.042807 ^ _477_/A (sky130_fd_sc_hd__xnor2_2)
     3    0.016122    0.071324    0.106444    1.149251 ^ _477_/Y (sky130_fd_sc_hd__xnor2_2)
                                                         _192_ (net)
                      0.071337    0.000911    1.150162 ^ _478_/B (sky130_fd_sc_hd__xnor2_2)
     1    0.008643    0.044076    0.077748    1.227909 ^ _478_/Y (sky130_fd_sc_hd__xnor2_2)
                                                         _193_ (net)
                      0.044087    0.000628    1.228538 ^ _479_/B (sky130_fd_sc_hd__xnor2_2)
     1    0.008354    0.032813    0.041662    1.270200 v _479_/Y (sky130_fd_sc_hd__xnor2_2)
                                                         net82 (net)
                      0.032833    0.000601    1.270801 v output82/A (sky130_fd_sc_hd__buf_6)
     1    0.035302    0.032935    0.086619    1.357421 v output82/X (sky130_fd_sc_hd__buf_6)
                                                         S[24] (net)
                      0.033151    0.001847    1.359268 v S[24] (out)
                                              1.359268   data arrival time

                      0.000000    0.000000    0.000000   clock __VIRTUAL_CLK__ (rise edge)
                                  0.000000    0.000000   clock network delay (ideal)
                                  0.250000    0.250000   clock uncertainty
                                  0.000000    0.250000   clock reconvergence pessimism
                                 -0.800000   -0.550000   output external delay
                                             -0.550000   data required time
---------------------------------------------------------------------------------------------
                                             -0.550000   data required time
                                             -1.359268   data arrival time
---------------------------------------------------------------------------------------------
                                              1.909268   slack (MET)


Startpoint: B[30] (input port clocked by __VIRTUAL_CLK__)
Endpoint: S[30] (output port clocked by __VIRTUAL_CLK__)
Path Group: __VIRTUAL_CLK__
Path Type: min

Fanout         Cap        Slew       Delay        Time   Description
---------------------------------------------------------------------------------------------
                      0.000000    0.000000    0.000000   clock __VIRTUAL_CLK__ (rise edge)
                                  0.000000    0.000000   clock network delay (ideal)
                                  0.800000    0.800000 ^ input external delay
     1    0.005092    0.021984    0.012613    0.812613 ^ B[30] (in)
                                                         B[30] (net)
                      0.021987    0.000000    0.812613 ^ input56/A (sky130_fd_sc_hd__clkdlybuf4s25_1)
     4    0.026920    0.205826    0.263397    1.076010 ^ input56/X (sky130_fd_sc_hd__clkdlybuf4s25_1)
                                                         net56 (net)
                      0.205856    0.002349    1.078359 ^ _551_/A (sky130_fd_sc_hd__xnor2_2)
     1    0.008570    0.045662    0.088626    1.166985 ^ _551_/Y (sky130_fd_sc_hd__xnor2_2)
                                                         _260_ (net)
                      0.045665    0.000382    1.167367 ^ _552_/B (sky130_fd_sc_hd__xnor2_2)
     1    0.008861    0.044660    0.075017    1.242384 ^ _552_/Y (sky130_fd_sc_hd__xnor2_2)
                                                         _261_ (net)
                      0.044672    0.000644    1.243028 ^ _553_/B (sky130_fd_sc_hd__xnor2_2)
     1    0.005263    0.025212    0.035235    1.278263 v _553_/Y (sky130_fd_sc_hd__xnor2_2)
                                                         net89 (net)
                      0.025225    0.000379    1.278642 v output89/A (sky130_fd_sc_hd__buf_6)
     1    0.034804    0.033231    0.083989    1.362631 v output89/X (sky130_fd_sc_hd__buf_6)
                                                         S[30] (net)
                      0.033413    0.001674    1.364305 v S[30] (out)
                                              1.364305   data arrival time

                      0.000000    0.000000    0.000000   clock __VIRTUAL_CLK__ (rise edge)
                                  0.000000    0.000000   clock network delay (ideal)
                                  0.250000    0.250000   clock uncertainty
                                  0.000000    0.250000   clock reconvergence pessimism
                                 -0.800000   -0.550000   output external delay
                                             -0.550000   data required time
---------------------------------------------------------------------------------------------
                                             -0.550000   data required time
                                             -1.364305   data arrival time
---------------------------------------------------------------------------------------------
                                              1.914305   slack (MET)


Startpoint: B[28] (input port clocked by __VIRTUAL_CLK__)
Endpoint: S[28] (output port clocked by __VIRTUAL_CLK__)
Path Group: __VIRTUAL_CLK__
Path Type: min

Fanout         Cap        Slew       Delay        Time   Description
---------------------------------------------------------------------------------------------
                      0.000000    0.000000    0.000000   clock __VIRTUAL_CLK__ (rise edge)
                                  0.000000    0.000000   clock network delay (ideal)
                                  0.800000    0.800000 ^ input external delay
     1    0.003611    0.016831    0.008946    0.808946 ^ B[28] (in)
                                                         B[28] (net)
                      0.016833    0.000000    0.808946 ^ input53/A (sky130_fd_sc_hd__clkdlybuf4s25_1)
     6    0.023177    0.178480    0.244310    1.053255 ^ input53/X (sky130_fd_sc_hd__clkdlybuf4s25_1)
                                                         net53 (net)
                      0.178492    0.001523    1.054779 ^ _527_/A (sky130_fd_sc_hd__nor2_2)
     1    0.005044    0.023671    0.027688    1.082466 v _527_/Y (sky130_fd_sc_hd__nor2_2)
                                                         _238_ (net)
                      0.023671    0.000221    1.082687 v _528_/B (sky130_fd_sc_hd__nor2_2)
     1    0.008640    0.084605    0.071761    1.154449 ^ _528_/Y (sky130_fd_sc_hd__nor2_2)
                                                         _239_ (net)
                      0.084614    0.000628    1.155077 ^ _529_/B (sky130_fd_sc_hd__xnor2_2)
     1    0.008563    0.043749    0.078933    1.234010 ^ _529_/Y (sky130_fd_sc_hd__xnor2_2)
                                                         _240_ (net)
                      0.043752    0.000381    1.234391 ^ _530_/B (sky130_fd_sc_hd__xnor2_2)
     1    0.008592    0.033359    0.042045    1.276436 v _530_/Y (sky130_fd_sc_hd__xnor2_2)
                                                         net86 (net)
                      0.033385    0.000690    1.277126 v output86/A (sky130_fd_sc_hd__buf_6)
     1    0.035477    0.033032    0.086916    1.364043 v output86/X (sky130_fd_sc_hd__buf_6)
                                                         S[28] (net)
                      0.033251    0.001864    1.365906 v S[28] (out)
                                              1.365906   data arrival time

                      0.000000    0.000000    0.000000   clock __VIRTUAL_CLK__ (rise edge)
                                  0.000000    0.000000   clock network delay (ideal)
                                  0.250000    0.250000   clock uncertainty
                                  0.000000    0.250000   clock reconvergence pessimism
                                 -0.800000   -0.550000   output external delay
                                             -0.550000   data required time
---------------------------------------------------------------------------------------------
                                             -0.550000   data required time
                                             -1.365906   data arrival time
---------------------------------------------------------------------------------------------
                                              1.915906   slack (MET)


Startpoint: A[17] (input port clocked by __VIRTUAL_CLK__)
Endpoint: S[18] (output port clocked by __VIRTUAL_CLK__)
Path Group: __VIRTUAL_CLK__
Path Type: min

Fanout         Cap        Slew       Delay        Time   Description
---------------------------------------------------------------------------------------------
                      0.000000    0.000000    0.000000   clock __VIRTUAL_CLK__ (rise edge)
                                  0.000000    0.000000   clock network delay (ideal)
                                  0.800000    0.800000 ^ input external delay
     1    0.004025    0.018285    0.009986    0.809986 ^ A[17] (in)
                                                         A[17] (net)
                      0.018287    0.000000    0.809986 ^ input9/A (sky130_fd_sc_hd__dlygate4sd1_1)
     5    0.021670    0.162364    0.202373    1.012359 ^ input9/X (sky130_fd_sc_hd__dlygate4sd1_1)
                                                         net9 (net)
                      0.162364    0.000655    1.013013 ^ _395_/B2 (sky130_fd_sc_hd__a22o_2)
     2    0.010097    0.046687    0.105052    1.118065 ^ _395_/X (sky130_fd_sc_hd__a22o_2)
                                                         _116_ (net)
                      0.046698    0.000648    1.118713 ^ _396_/B1_N (sky130_fd_sc_hd__o21bai_4)
     5    0.028601    0.070479    0.102291    1.221005 ^ _396_/Y (sky130_fd_sc_hd__o21bai_4)
                                                         _117_ (net)
                      0.070538    0.001095    1.222100 ^ _399_/A (sky130_fd_sc_hd__xnor2_2)
     1    0.004931    0.024502    0.042543    1.264643 v _399_/Y (sky130_fd_sc_hd__xnor2_2)
                                                         net75 (net)
                      0.024503    0.000335    1.264978 v output75/A (sky130_fd_sc_hd__buf_4)
     1    0.035094    0.043767    0.102904    1.367882 v output75/X (sky130_fd_sc_hd__buf_4)
                                                         S[18] (net)
                      0.043877    0.001803    1.369686 v S[18] (out)
                                              1.369686   data arrival time

                      0.000000    0.000000    0.000000   clock __VIRTUAL_CLK__ (rise edge)
                                  0.000000    0.000000   clock network delay (ideal)
                                  0.250000    0.250000   clock uncertainty
                                  0.000000    0.250000   clock reconvergence pessimism
                                 -0.800000   -0.550000   output external delay
                                             -0.550000   data required time
---------------------------------------------------------------------------------------------
                                             -0.550000   data required time
                                             -1.369686   data arrival time
---------------------------------------------------------------------------------------------
                                              1.919685   slack (MET)


Startpoint: A[20] (input port clocked by __VIRTUAL_CLK__)
Endpoint: S[22] (output port clocked by __VIRTUAL_CLK__)
Path Group: __VIRTUAL_CLK__
Path Type: min

Fanout         Cap        Slew       Delay        Time   Description
---------------------------------------------------------------------------------------------
                      0.000000    0.000000    0.000000   clock __VIRTUAL_CLK__ (rise edge)
                                  0.000000    0.000000   clock network delay (ideal)
                                  0.800000    0.800000 v input external delay
     1    0.002938    0.004910    0.002317    0.802317 v A[20] (in)
                                                         A[20] (net)
                      0.004913    0.000000    0.802317 v input13/A (sky130_fd_sc_hd__dlymetal6s2s_1)
     6    0.025092    0.092388    0.126646    0.928963 v input13/X (sky130_fd_sc_hd__dlymetal6s2s_1)
                                                         net13 (net)
                      0.092475    0.001785    0.930748 v _448_/A1 (sky130_fd_sc_hd__a22o_2)
     3    0.017547    0.046134    0.161773    1.092521 v _448_/X (sky130_fd_sc_hd__a22o_2)
                                                         _165_ (net)
                      0.046180    0.001232    1.093753 v _449_/B1 (sky130_fd_sc_hd__a31oi_4)
     3    0.018684    0.081261    0.078016    1.171769 ^ _449_/Y (sky130_fd_sc_hd__a31oi_4)
                                                         _166_ (net)
                      0.081290    0.001152    1.172921 ^ rebuffer137/A (sky130_fd_sc_hd__buf_4)
     1    0.010093    0.030658    0.078998    1.251919 ^ rebuffer137/X (sky130_fd_sc_hd__buf_4)
                                                         net137 (net)
                      0.030685    0.000751    1.252670 ^ _452_/A (sky130_fd_sc_hd__xnor2_2)
     1    0.008361    0.032917    0.044133    1.296803 v _452_/Y (sky130_fd_sc_hd__xnor2_2)
                                                         net80 (net)
                      0.032944    0.000698    1.297501 v output80/A (sky130_fd_sc_hd__buf_6)
     1    0.034973    0.032741    0.086560    1.384061 v output80/X (sky130_fd_sc_hd__buf_6)
                                                         S[22] (net)
                      0.032935    0.001737    1.385798 v S[22] (out)
                                              1.385798   data arrival time

                      0.000000    0.000000    0.000000   clock __VIRTUAL_CLK__ (rise edge)
                                  0.000000    0.000000   clock network delay (ideal)
                                  0.250000    0.250000   clock uncertainty
                                  0.000000    0.250000   clock reconvergence pessimism
                                 -0.800000   -0.550000   output external delay
                                             -0.550000   data required time
---------------------------------------------------------------------------------------------
                                             -0.550000   data required time
                                             -1.385798   data arrival time
---------------------------------------------------------------------------------------------
                                              1.935798   slack (MET)


Startpoint: A[20] (input port clocked by __VIRTUAL_CLK__)
Endpoint: S[20] (output port clocked by __VIRTUAL_CLK__)
Path Group: __VIRTUAL_CLK__
Path Type: min

Fanout         Cap        Slew       Delay        Time   Description
---------------------------------------------------------------------------------------------
                      0.000000    0.000000    0.000000   clock __VIRTUAL_CLK__ (rise edge)
                                  0.000000    0.000000   clock network delay (ideal)
                                  0.800000    0.800000 v input external delay
     1    0.002938    0.004910    0.002317    0.802317 v A[20] (in)
                                                         A[20] (net)
                      0.004913    0.000000    0.802317 v input13/A (sky130_fd_sc_hd__dlymetal6s2s_1)
     6    0.025092    0.092388    0.126646    0.928963 v input13/X (sky130_fd_sc_hd__dlymetal6s2s_1)
                                                         net13 (net)
                      0.092473    0.001752    0.930715 v _429_/B_N (sky130_fd_sc_hd__or2b_4)
     2    0.005195    0.023476    0.143895    1.074610 ^ _429_/X (sky130_fd_sc_hd__or2b_4)
                                                         _148_ (net)
                      0.023552    0.000186    1.074796 ^ _430_/B (sky130_fd_sc_hd__and2_4)
     2    0.014391    0.042356    0.089682    1.164478 ^ _430_/X (sky130_fd_sc_hd__and2_4)
                                                         _149_ (net)
                      0.042381    0.000886    1.165364 ^ _431_/B (sky130_fd_sc_hd__xnor2_2)
     1    0.017779    0.076351    0.095795    1.261159 ^ _431_/Y (sky130_fd_sc_hd__xnor2_2)
                                                         _150_ (net)
                      0.076422    0.001310    1.262469 ^ _432_/A (sky130_fd_sc_hd__xnor2_4)
     1    0.009366    0.027250    0.048247    1.310716 v _432_/Y (sky130_fd_sc_hd__xnor2_4)
                                                         net78 (net)
                      0.027299    0.000801    1.311517 v output78/A (sky130_fd_sc_hd__buf_6)
     1    0.034718    0.032615    0.084192    1.395709 v output78/X (sky130_fd_sc_hd__buf_6)
                                                         S[20] (net)
                      0.032800    0.001685    1.397395 v S[20] (out)
                                              1.397395   data arrival time

                      0.000000    0.000000    0.000000   clock __VIRTUAL_CLK__ (rise edge)
                                  0.000000    0.000000   clock network delay (ideal)
                                  0.250000    0.250000   clock uncertainty
                                  0.000000    0.250000   clock reconvergence pessimism
                                 -0.800000   -0.550000   output external delay
                                             -0.550000   data required time
---------------------------------------------------------------------------------------------
                                             -0.550000   data required time
                                             -1.397395   data arrival time
---------------------------------------------------------------------------------------------
                                              1.947394   slack (MET)



