
===========================================================================
report_checks -unconstrained
===========================================================================
======================= nom_ss_100C_1v60 Corner ===================================

Startpoint: sub (input port clocked by __VIRTUAL_CLK__)
Endpoint: S[31] (output port clocked by __VIRTUAL_CLK__)
Path Group: __VIRTUAL_CLK__
Path Type: max

Fanout         Cap        Slew       Delay        Time   Description
---------------------------------------------------------------------------------------------
                      0.000000    0.000000    0.000000   clock __VIRTUAL_CLK__ (rise edge)
                                  0.000000    0.000000   clock network delay (ideal)
                                  0.800000    0.800000 v input external delay
     1    0.010046    0.047546    0.033094    0.833094 v sub (in)
                                                         sub (net)
                      0.047548    0.000000    0.833094 v input65/A (sky130_fd_sc_hd__buf_12)
     4    0.026379    0.052176    0.231050    1.064144 v input65/X (sky130_fd_sc_hd__buf_12)
                                                         net65 (net)
                      0.052235    0.001294    1.065439 v fanout106/A (sky130_fd_sc_hd__buf_8)
     4    0.021394    0.052993    0.225534    1.290972 v fanout106/X (sky130_fd_sc_hd__buf_8)
                                                         net106 (net)
                      0.052993    0.000429    1.291402 v fanout104/A (sky130_fd_sc_hd__buf_6)
     2    0.007244    0.040046    0.205869    1.497271 v fanout104/X (sky130_fd_sc_hd__buf_6)
                                                         net104 (net)
                      0.040046    0.000186    1.497457 v load_slew105/A (sky130_fd_sc_hd__buf_6)
     4    0.019716    0.057028    0.221653    1.719110 v load_slew105/X (sky130_fd_sc_hd__buf_6)
                                                         net105 (net)
                      0.057061    0.001315    1.720424 v rebuffer111/A (sky130_fd_sc_hd__buf_6)
     1    0.018343    0.054931    0.227577    1.948002 v rebuffer111/X (sky130_fd_sc_hd__buf_6)
                                                         net111 (net)
                      0.054939    0.000701    1.948703 v _378_/A (sky130_fd_sc_hd__xor2_4)
     3    0.020951    0.153162    0.369266    2.317969 v _378_/X (sky130_fd_sc_hd__xor2_4)
                                                         _007_ (net)
                      0.153163    0.000426    2.318395 v _381_/A (sky130_fd_sc_hd__xnor2_4)
     2    0.005866    0.095556    0.284180    2.602575 v _381_/Y (sky130_fd_sc_hd__xnor2_4)
                                                         _010_ (net)
                      0.095556    0.000140    2.602715 v _382_/C (sky130_fd_sc_hd__or4_4)
     2    0.008082    0.167747    1.035349    3.638064 v _382_/X (sky130_fd_sc_hd__or4_4)
                                                         _011_ (net)
                      0.167747    0.000221    3.638286 v _406_/A2 (sky130_fd_sc_hd__o211a_4)
     1    0.004980    0.064622    0.481184    4.119470 v _406_/X (sky130_fd_sc_hd__o211a_4)
                                                         _035_ (net)
                      0.064622    0.000163    4.119632 v _429_/B1 (sky130_fd_sc_hd__a41o_4)
     2    0.008449    0.072772    0.449553    4.569186 v _429_/X (sky130_fd_sc_hd__a41o_4)
                                                         _058_ (net)
                      0.072772    0.000312    4.569498 v _210_/A1 (sky130_fd_sc_hd__a21o_4)
     2    0.008622    0.067345    0.391897    4.961394 v _210_/X (sky130_fd_sc_hd__a21o_4)
                                                         _080_ (net)
                      0.067345    0.000313    4.961707 v _280_/A2 (sky130_fd_sc_hd__a211o_4)
     4    0.012706    0.097397    0.646375    5.608082 v _280_/X (sky130_fd_sc_hd__a211o_4)
                                                         _142_ (net)
                      0.097397    0.000530    5.608612 v _327_/A2 (sky130_fd_sc_hd__a2111o_2)
     2    0.009037    0.143320    0.991588    6.600200 v _327_/X (sky130_fd_sc_hd__a2111o_2)
                                                         _183_ (net)
                      0.143320    0.000393    6.600593 v _335_/A1 (sky130_fd_sc_hd__a31o_4)
     2    0.014591    0.083369    0.474597    7.075190 v _335_/X (sky130_fd_sc_hd__a31o_4)
                                                         _190_ (net)
                      0.083440    0.000353    7.075542 v _336_/B (sky130_fd_sc_hd__xor2_2)
     1    0.004601    0.089880    0.279638    7.355180 v _336_/X (sky130_fd_sc_hd__xor2_2)
                                                         net90 (net)
                      0.089880    0.000094    7.355274 v output90/A (sky130_fd_sc_hd__buf_6)
     1    0.036425    0.078685    0.271700    7.626974 v output90/X (sky130_fd_sc_hd__buf_6)
                                                         S[31] (net)
                      0.078691    0.000780    7.627754 v S[31] (out)
                                              7.627754   data arrival time

                      0.000000    4.000000    4.000000   clock __VIRTUAL_CLK__ (rise edge)
                                  0.000000    4.000000   clock network delay (ideal)
                                 -0.250000    3.750000   clock uncertainty
                                  0.000000    3.750000   clock reconvergence pessimism
                                 -0.800000    2.950000   output external delay
                                              2.950000   data required time
---------------------------------------------------------------------------------------------
                                              2.950000   data required time
                                             -7.627754   data arrival time
---------------------------------------------------------------------------------------------
                                             -4.677754   slack (VIOLATED)




===========================================================================
report_checks --slack_max -0.01
============================================================================
======================= nom_ss_100C_1v60 Corner ===================================

Startpoint: sub (input port clocked by __VIRTUAL_CLK__)
Endpoint: S[31] (output port clocked by __VIRTUAL_CLK__)
Path Group: __VIRTUAL_CLK__
Path Type: max

Fanout         Cap        Slew       Delay        Time   Description
---------------------------------------------------------------------------------------------
                      0.000000    0.000000    0.000000   clock __VIRTUAL_CLK__ (rise edge)
                                  0.000000    0.000000   clock network delay (ideal)
                                  0.800000    0.800000 v input external delay
     1    0.010046    0.047546    0.033094    0.833094 v sub (in)
                                                         sub (net)
                      0.047548    0.000000    0.833094 v input65/A (sky130_fd_sc_hd__buf_12)
     4    0.026379    0.052176    0.231050    1.064144 v input65/X (sky130_fd_sc_hd__buf_12)
                                                         net65 (net)
                      0.052235    0.001294    1.065439 v fanout106/A (sky130_fd_sc_hd__buf_8)
     4    0.021394    0.052993    0.225534    1.290972 v fanout106/X (sky130_fd_sc_hd__buf_8)
                                                         net106 (net)
                      0.052993    0.000429    1.291402 v fanout104/A (sky130_fd_sc_hd__buf_6)
     2    0.007244    0.040046    0.205869    1.497271 v fanout104/X (sky130_fd_sc_hd__buf_6)
                                                         net104 (net)
                      0.040046    0.000186    1.497457 v load_slew105/A (sky130_fd_sc_hd__buf_6)
     4    0.019716    0.057028    0.221653    1.719110 v load_slew105/X (sky130_fd_sc_hd__buf_6)
                                                         net105 (net)
                      0.057061    0.001315    1.720424 v rebuffer111/A (sky130_fd_sc_hd__buf_6)
     1    0.018343    0.054931    0.227577    1.948002 v rebuffer111/X (sky130_fd_sc_hd__buf_6)
                                                         net111 (net)
                      0.054939    0.000701    1.948703 v _378_/A (sky130_fd_sc_hd__xor2_4)
     3    0.020951    0.153162    0.369266    2.317969 v _378_/X (sky130_fd_sc_hd__xor2_4)
                                                         _007_ (net)
                      0.153163    0.000426    2.318395 v _381_/A (sky130_fd_sc_hd__xnor2_4)
     2    0.005866    0.095556    0.284180    2.602575 v _381_/Y (sky130_fd_sc_hd__xnor2_4)
                                                         _010_ (net)
                      0.095556    0.000140    2.602715 v _382_/C (sky130_fd_sc_hd__or4_4)
     2    0.008082    0.167747    1.035349    3.638064 v _382_/X (sky130_fd_sc_hd__or4_4)
                                                         _011_ (net)
                      0.167747    0.000221    3.638286 v _406_/A2 (sky130_fd_sc_hd__o211a_4)
     1    0.004980    0.064622    0.481184    4.119470 v _406_/X (sky130_fd_sc_hd__o211a_4)
                                                         _035_ (net)
                      0.064622    0.000163    4.119632 v _429_/B1 (sky130_fd_sc_hd__a41o_4)
     2    0.008449    0.072772    0.449553    4.569186 v _429_/X (sky130_fd_sc_hd__a41o_4)
                                                         _058_ (net)
                      0.072772    0.000312    4.569498 v _210_/A1 (sky130_fd_sc_hd__a21o_4)
     2    0.008622    0.067345    0.391897    4.961394 v _210_/X (sky130_fd_sc_hd__a21o_4)
                                                         _080_ (net)
                      0.067345    0.000313    4.961707 v _280_/A2 (sky130_fd_sc_hd__a211o_4)
     4    0.012706    0.097397    0.646375    5.608082 v _280_/X (sky130_fd_sc_hd__a211o_4)
                                                         _142_ (net)
                      0.097397    0.000530    5.608612 v _327_/A2 (sky130_fd_sc_hd__a2111o_2)
     2    0.009037    0.143320    0.991588    6.600200 v _327_/X (sky130_fd_sc_hd__a2111o_2)
                                                         _183_ (net)
                      0.143320    0.000393    6.600593 v _335_/A1 (sky130_fd_sc_hd__a31o_4)
     2    0.014591    0.083369    0.474597    7.075190 v _335_/X (sky130_fd_sc_hd__a31o_4)
                                                         _190_ (net)
                      0.083440    0.000353    7.075542 v _336_/B (sky130_fd_sc_hd__xor2_2)
     1    0.004601    0.089880    0.279638    7.355180 v _336_/X (sky130_fd_sc_hd__xor2_2)
                                                         net90 (net)
                      0.089880    0.000094    7.355274 v output90/A (sky130_fd_sc_hd__buf_6)
     1    0.036425    0.078685    0.271700    7.626974 v output90/X (sky130_fd_sc_hd__buf_6)
                                                         S[31] (net)
                      0.078691    0.000780    7.627754 v S[31] (out)
                                              7.627754   data arrival time

                      0.000000    4.000000    4.000000   clock __VIRTUAL_CLK__ (rise edge)
                                  0.000000    4.000000   clock network delay (ideal)
                                 -0.250000    3.750000   clock uncertainty
                                  0.000000    3.750000   clock reconvergence pessimism
                                 -0.800000    2.950000   output external delay
                                              2.950000   data required time
---------------------------------------------------------------------------------------------
                                              2.950000   data required time
                                             -7.627754   data arrival time
---------------------------------------------------------------------------------------------
                                             -4.677754   slack (VIOLATED)




===========================================================================
 report_check_types -max_slew -max_cap -max_fanout -violators
============================================================================
======================= nom_ss_100C_1v60 Corner ===================================



===========================================================================
report_parasitic_annotation -report_unannotated
============================================================================
Found 0 unannotated drivers.
Found 0 partially unannotated drivers.

===========================================================================
max slew violation count 0
max fanout violation count 0
max cap violation count 0
============================================================================

===========================================================================
check_setup -verbose -unconstrained_endpoints -multiple_clock -no_clock -no_input_delay -loops -generated_clocks
===========================================================================
