
===========================================================================
report_checks -unconstrained
===========================================================================
======================= nom_tt_025C_1v80 Corner ===================================

Startpoint: sub (input port clocked by __VIRTUAL_CLK__)
Endpoint: S[23] (output port clocked by __VIRTUAL_CLK__)
Path Group: __VIRTUAL_CLK__
Path Type: max

Fanout         Cap        Slew       Delay        Time   Description
---------------------------------------------------------------------------------------------
                      0.000000    0.000000    0.000000   clock __VIRTUAL_CLK__ (rise edge)
                                  0.000000    0.000000   clock network delay (ideal)
                                  0.800000    0.800000 ^ input external delay
   104    0.518748    2.307757    1.670156    2.470156 ^ sub (in)
                                                         sub (net)
                      2.307830    0.000000    2.470156 ^ _728_/A (sky130_fd_sc_hd__and2_2)
     3    0.015503    0.141744    0.490619    2.960775 ^ _728_/X (sky130_fd_sc_hd__and2_2)
                                                         _075_ (net)
                      0.141744    0.000024    2.960799 ^ _360_/A1 (sky130_fd_sc_hd__o2111ai_2)
     3    0.014266    0.169327    0.207819    3.168618 v _360_/Y (sky130_fd_sc_hd__o2111ai_2)
                                                         _089_ (net)
                      0.169327    0.000146    3.168764 v _377_/A (sky130_fd_sc_hd__nor2_4)
     3    0.018688    0.142192    0.212384    3.381148 ^ _377_/Y (sky130_fd_sc_hd__nor2_4)
                                                         _106_ (net)
                      0.142192    0.000068    3.381216 ^ _420_/B (sky130_fd_sc_hd__nand3_2)
     2    0.010859    0.110595    0.126247    3.507463 v _420_/Y (sky130_fd_sc_hd__nand3_2)
                                                         _149_ (net)
                      0.110595    0.000100    3.507563 v _422_/A (sky130_fd_sc_hd__nand2_2)
     3    0.020158    0.117310    0.145040    3.652603 ^ _422_/Y (sky130_fd_sc_hd__nand2_2)
                                                         _151_ (net)
                      0.117310    0.000045    3.652648 ^ _424_/B1 (sky130_fd_sc_hd__o22ai_4)
     4    0.028940    0.113346    0.127594    3.780242 v _424_/Y (sky130_fd_sc_hd__o22ai_4)
                                                         _153_ (net)
                      0.113347    0.000532    3.780774 v _470_/B2 (sky130_fd_sc_hd__o22ai_4)
     7    0.044015    0.370524    0.315316    4.096090 ^ _470_/Y (sky130_fd_sc_hd__o22ai_4)
                                                         _195_ (net)
                      0.370525    0.000524    4.096614 ^ _511_/A1 (sky130_fd_sc_hd__a211oi_2)
     1    0.008770    0.116118    0.157480    4.254094 v _511_/Y (sky130_fd_sc_hd__a211oi_2)
                                                         _233_ (net)
                      0.116118    0.000022    4.254116 v _513_/A (sky130_fd_sc_hd__nor2_4)
     1    0.035091    0.232334    0.263778    4.517894 ^ _513_/Y (sky130_fd_sc_hd__nor2_4)
                                                         S[23] (net)
                      0.232334    0.000387    4.518281 ^ S[23] (out)
                                              4.518281   data arrival time

                      0.000000    4.000000    4.000000   clock __VIRTUAL_CLK__ (rise edge)
                                  0.000000    4.000000   clock network delay (ideal)
                                 -0.250000    3.750000   clock uncertainty
                                  0.000000    3.750000   clock reconvergence pessimism
                                 -0.800000    2.950000   output external delay
                                              2.950000   data required time
---------------------------------------------------------------------------------------------
                                              2.950000   data required time
                                             -4.518281   data arrival time
---------------------------------------------------------------------------------------------
                                             -1.568281   slack (VIOLATED)




===========================================================================
report_checks --slack_max -0.01
============================================================================
======================= nom_tt_025C_1v80 Corner ===================================

Startpoint: sub (input port clocked by __VIRTUAL_CLK__)
Endpoint: S[23] (output port clocked by __VIRTUAL_CLK__)
Path Group: __VIRTUAL_CLK__
Path Type: max

Fanout         Cap        Slew       Delay        Time   Description
---------------------------------------------------------------------------------------------
                      0.000000    0.000000    0.000000   clock __VIRTUAL_CLK__ (rise edge)
                                  0.000000    0.000000   clock network delay (ideal)
                                  0.800000    0.800000 ^ input external delay
   104    0.518748    2.307757    1.670156    2.470156 ^ sub (in)
                                                         sub (net)
                      2.307830    0.000000    2.470156 ^ _728_/A (sky130_fd_sc_hd__and2_2)
     3    0.015503    0.141744    0.490619    2.960775 ^ _728_/X (sky130_fd_sc_hd__and2_2)
                                                         _075_ (net)
                      0.141744    0.000024    2.960799 ^ _360_/A1 (sky130_fd_sc_hd__o2111ai_2)
     3    0.014266    0.169327    0.207819    3.168618 v _360_/Y (sky130_fd_sc_hd__o2111ai_2)
                                                         _089_ (net)
                      0.169327    0.000146    3.168764 v _377_/A (sky130_fd_sc_hd__nor2_4)
     3    0.018688    0.142192    0.212384    3.381148 ^ _377_/Y (sky130_fd_sc_hd__nor2_4)
                                                         _106_ (net)
                      0.142192    0.000068    3.381216 ^ _420_/B (sky130_fd_sc_hd__nand3_2)
     2    0.010859    0.110595    0.126247    3.507463 v _420_/Y (sky130_fd_sc_hd__nand3_2)
                                                         _149_ (net)
                      0.110595    0.000100    3.507563 v _422_/A (sky130_fd_sc_hd__nand2_2)
     3    0.020158    0.117310    0.145040    3.652603 ^ _422_/Y (sky130_fd_sc_hd__nand2_2)
                                                         _151_ (net)
                      0.117310    0.000045    3.652648 ^ _424_/B1 (sky130_fd_sc_hd__o22ai_4)
     4    0.028940    0.113346    0.127594    3.780242 v _424_/Y (sky130_fd_sc_hd__o22ai_4)
                                                         _153_ (net)
                      0.113347    0.000532    3.780774 v _470_/B2 (sky130_fd_sc_hd__o22ai_4)
     7    0.044015    0.370524    0.315316    4.096090 ^ _470_/Y (sky130_fd_sc_hd__o22ai_4)
                                                         _195_ (net)
                      0.370525    0.000524    4.096614 ^ _511_/A1 (sky130_fd_sc_hd__a211oi_2)
     1    0.008770    0.116118    0.157480    4.254094 v _511_/Y (sky130_fd_sc_hd__a211oi_2)
                                                         _233_ (net)
                      0.116118    0.000022    4.254116 v _513_/A (sky130_fd_sc_hd__nor2_4)
     1    0.035091    0.232334    0.263778    4.517894 ^ _513_/Y (sky130_fd_sc_hd__nor2_4)
                                                         S[23] (net)
                      0.232334    0.000387    4.518281 ^ S[23] (out)
                                              4.518281   data arrival time

                      0.000000    4.000000    4.000000   clock __VIRTUAL_CLK__ (rise edge)
                                  0.000000    4.000000   clock network delay (ideal)
                                 -0.250000    3.750000   clock uncertainty
                                  0.000000    3.750000   clock reconvergence pessimism
                                 -0.800000    2.950000   output external delay
                                              2.950000   data required time
---------------------------------------------------------------------------------------------
                                              2.950000   data required time
                                             -4.518281   data arrival time
---------------------------------------------------------------------------------------------
                                             -1.568281   slack (VIOLATED)




===========================================================================
 report_check_types -max_slew -max_cap -max_fanout -violators
============================================================================
======================= nom_tt_025C_1v80 Corner ===================================

max slew

Pin                                        Limit        Slew       Slack
------------------------------------------------------------------------
_553_/A                                 0.750000    2.307901   -1.557902 (VIOLATED)
_554_/A                                 0.750000    2.307901   -1.557902 (VIOLATED)
_663_/A                                 0.750000    2.307901   -1.557901 (VIOLATED)
_664_/A                                 0.750000    2.307901   -1.557901 (VIOLATED)
_660_/A                                 0.750000    2.307899   -1.557899 (VIOLATED)
_661_/A                                 0.750000    2.307899   -1.557899 (VIOLATED)
_666_/A1                                0.750000    2.307900   -1.557900 (VIOLATED)
_667_/A                                 0.750000    2.307898   -1.557898 (VIOLATED)
_668_/A                                 0.750000    2.307898   -1.557898 (VIOLATED)
_669_/A                                 0.750000    2.307898   -1.557898 (VIOLATED)
_532_/A                                 0.750000    2.307894   -1.557894 (VIOLATED)
_533_/A                                 0.750000    2.307894   -1.557894 (VIOLATED)
_535_/A1                                0.750000    2.307894   -1.557894 (VIOLATED)
_536_/A1                                0.750000    2.307894   -1.557894 (VIOLATED)
_545_/A                                 0.750000    2.307894   -1.557894 (VIOLATED)
_546_/A                                 0.750000    2.307894   -1.557894 (VIOLATED)
_521_/A                                 0.750000    2.307892   -1.557891 (VIOLATED)
_522_/A                                 0.750000    2.307892   -1.557891 (VIOLATED)
_523_/A                                 0.750000    2.307892   -1.557892 (VIOLATED)
_672_/A                                 0.750000    2.307892   -1.557892 (VIOLATED)
_673_/A                                 0.750000    2.307892   -1.557892 (VIOLATED)
_675_/A1                                0.750000    2.307892   -1.557892 (VIOLATED)
_488_/A                                 0.750000    2.307889   -1.557889 (VIOLATED)
_489_/A                                 0.750000    2.307889   -1.557889 (VIOLATED)
_490_/A                                 0.750000    2.307889   -1.557890 (VIOLATED)
_498_/A                                 0.750000    2.307884   -1.557884 (VIOLATED)
_499_/A                                 0.750000    2.307884   -1.557884 (VIOLATED)
_502_/A1                                0.750000    2.307884   -1.557884 (VIOLATED)
_503_/A1                                0.750000    2.307884   -1.557884 (VIOLATED)
_710_/B                                 0.750000    2.307884   -1.557884 (VIOLATED)
_714_/A1                                0.750000    2.307883   -1.557883 (VIOLATED)
_712_/A                                 0.750000    2.307881   -1.557881 (VIOLATED)
_718_/A1                                0.750000    2.307880   -1.557880 (VIOLATED)
_448_/A                                 0.750000    2.307877   -1.557877 (VIOLATED)
_449_/A                                 0.750000    2.307877   -1.557877 (VIOLATED)
_719_/A1                                0.750000    2.307878   -1.557878 (VIOLATED)
_717_/A                                 0.750000    2.307875   -1.557875 (VIOLATED)
_652_/A                                 0.750000    2.307869   -1.557869 (VIOLATED)
_372_/A1                                0.750000    2.307858   -1.557858 (VIOLATED)
_374_/A1                                0.750000    2.307858   -1.557858 (VIOLATED)
_369_/A                                 0.750000    2.307855   -1.557855 (VIOLATED)
_370_/A                                 0.750000    2.307857   -1.557857 (VIOLATED)
_373_/A1                                0.750000    2.307852   -1.557852 (VIOLATED)
_565_/A                                 0.750000    2.307851   -1.557851 (VIOLATED)
_566_/A                                 0.750000    2.307851   -1.557851 (VIOLATED)
_582_/A                                 0.750000    2.307850   -1.557850 (VIOLATED)
_583_/A                                 0.750000    2.307851   -1.557851 (VIOLATED)
_694_/A                                 0.750000    2.307844   -1.557844 (VIOLATED)
_695_/A                                 0.750000    2.307844   -1.557844 (VIOLATED)
_698_/A1                                0.750000    2.307844   -1.557844 (VIOLATED)
_699_/A1                                0.750000    2.307844   -1.557844 (VIOLATED)
_701_/A                                 0.750000    2.307843   -1.557843 (VIOLATED)
_703_/B                                 0.750000    2.307843   -1.557843 (VIOLATED)
_704_/A1                                0.750000    2.307843   -1.557843 (VIOLATED)
_726_/B                                 0.750000    2.307838   -1.557838 (VIOLATED)
_361_/A                                 0.750000    2.307836   -1.557836 (VIOLATED)
_363_/B                                 0.750000    2.307836   -1.557836 (VIOLATED)
_472_/A                                 0.750000    2.307836   -1.557836 (VIOLATED)
_473_/A                                 0.750000    2.307836   -1.557836 (VIOLATED)
_476_/A1                                0.750000    2.307836   -1.557836 (VIOLATED)
_364_/A1                                0.750000    2.307834   -1.557835 (VIOLATED)
_365_/A1                                0.750000    2.307836   -1.557836 (VIOLATED)
_477_/A1                                0.750000    2.307836   -1.557836 (VIOLATED)
_458_/A                                 0.750000    2.307834   -1.557834 (VIOLATED)
_459_/A                                 0.750000    2.307833   -1.557834 (VIOLATED)
_460_/A1                                0.750000    2.307833   -1.557834 (VIOLATED)
_461_/A1                                0.750000    2.307834   -1.557834 (VIOLATED)
_349_/A1                                0.750000    2.307831   -1.557831 (VIOLATED)
_654_/B                                 0.750000    2.307830   -1.557830 (VIOLATED)
_655_/B                                 0.750000    2.307830   -1.557830 (VIOLATED)
_656_/B                                 0.750000    2.307830   -1.557830 (VIOLATED)
_728_/A                                 0.750000    2.307830   -1.557830 (VIOLATED)
_730_/A1                                0.750000    2.307832   -1.557832 (VIOLATED)
_351_/B                                 0.750000    2.307824   -1.557824 (VIOLATED)
_353_/A                                 0.750000    2.307824   -1.557824 (VIOLATED)
_354_/A1                                0.750000    2.307824   -1.557824 (VIOLATED)
_426_/A                                 0.750000    2.307824   -1.557824 (VIOLATED)
_427_/A                                 0.750000    2.307824   -1.557824 (VIOLATED)
_428_/A                                 0.750000    2.307823   -1.557823 (VIOLATED)
_434_/A                                 0.750000    2.307824   -1.557824 (VIOLATED)
_435_/A                                 0.750000    2.307824   -1.557824 (VIOLATED)
_436_/A                                 0.750000    2.307824   -1.557824 (VIOLATED)
_355_/A1                                0.750000    2.307819   -1.557819 (VIOLATED)
_352_/A_N                               0.750000    2.307817   -1.557817 (VIOLATED)
_356_/A1                                0.750000    2.307817   -1.557817 (VIOLATED)
_591_/A                                 0.750000    2.307814   -1.557814 (VIOLATED)
_592_/A                                 0.750000    2.307814   -1.557814 (VIOLATED)
_606_/A                                 0.750000    2.307812   -1.557812 (VIOLATED)
_379_/B                                 0.750000    2.307805   -1.557805 (VIOLATED)
_381_/A                                 0.750000    2.307801   -1.557801 (VIOLATED)
_382_/A                                 0.750000    2.307799   -1.557799 (VIOLATED)
_394_/A                                 0.750000    2.307794   -1.557794 (VIOLATED)
_395_/A                                 0.750000    2.307794   -1.557794 (VIOLATED)
_397_/A1                                0.750000    2.307794   -1.557794 (VIOLATED)
_399_/A                                 0.750000    2.307795   -1.557795 (VIOLATED)
_400_/A                                 0.750000    2.307795   -1.557795 (VIOLATED)
_401_/A1                                0.750000    2.307795   -1.557795 (VIOLATED)
_402_/A1                                0.750000    2.307795   -1.557795 (VIOLATED)
_616_/A0                                0.750000    2.307787   -1.557787 (VIOLATED)
_390_/A1                                0.750000    2.307782   -1.557782 (VIOLATED)
_389_/A1                                0.750000    2.307779   -1.557779 (VIOLATED)
_392_/B1                                0.750000    2.307781   -1.557781 (VIOLATED)
_387_/A                                 0.750000    2.307777   -1.557777 (VIOLATED)
_388_/A                                 0.750000    2.307776   -1.557776 (VIOLATED)
sub                                     0.750000    2.307757   -1.557757 (VIOLATED)

max fanout

Pin                                   Limit Fanout  Slack
---------------------------------------------------------
sub                                      10    104    -94 (VIOLATED)

max capacitance

Pin                                        Limit         Cap       Slack
------------------------------------------------------------------------
sub                                     0.200000    0.518748   -0.318748 (VIOLATED)



===========================================================================
report_parasitic_annotation -report_unannotated
============================================================================
Found 0 unannotated drivers.
Found 0 partially unannotated drivers.

===========================================================================
max slew violation count 105
Writing metric design__max_slew_violation__count__corner:nom_tt_025C_1v80: 105
max fanout violation count 1
Writing metric design__max_fanout_violation__count__corner:nom_tt_025C_1v80: 1
max cap violation count 1
Writing metric design__max_cap_violation__count__corner:nom_tt_025C_1v80: 1
============================================================================

===========================================================================
check_setup -verbose -unconstrained_endpoints -multiple_clock -no_clock -no_input_delay -loops -generated_clocks
===========================================================================
