
===========================================================================
report_checks -unconstrained
===========================================================================
======================= min_tt_025C_1v80 Corner ===================================

Startpoint: sub (input port clocked by __VIRTUAL_CLK__)
Endpoint: S[21] (output port clocked by __VIRTUAL_CLK__)
Path Group: __VIRTUAL_CLK__
Path Type: max

Fanout         Cap        Slew       Delay        Time   Description
---------------------------------------------------------------------------------------------
                      0.000000    0.000000    0.000000   clock __VIRTUAL_CLK__ (rise edge)
                                  0.000000    0.000000   clock network delay (ideal)
                                  1.000000    1.000000 v input external delay
     1    0.007424    0.018875    0.012614    1.012614 v sub (in)
                                                         sub (net)
                      0.018876    0.000000    1.012614 v input65/A (sky130_fd_sc_hd__buf_8)
     4    0.026800    0.034740    0.123324    1.135939 v input65/X (sky130_fd_sc_hd__buf_8)
                                                         net65 (net)
                      0.034744    0.000434    1.136373 v fanout108/A (sky130_fd_sc_hd__buf_6)
     3    0.017258    0.031463    0.124499    1.260871 v fanout108/X (sky130_fd_sc_hd__buf_6)
                                                         net108 (net)
                      0.031463    0.000185    1.261056 v fanout105/A (sky130_fd_sc_hd__buf_8)
     3    0.016115    0.028434    0.120655    1.381711 v fanout105/X (sky130_fd_sc_hd__buf_8)
                                                         net105 (net)
                      0.028434    0.000380    1.382091 v fanout101/A (sky130_fd_sc_hd__buf_6)
     6    0.026951    0.038219    0.130329    1.512420 v fanout101/X (sky130_fd_sc_hd__buf_6)
                                                         net101 (net)
                      0.038220    0.000235    1.512655 v load_slew102/A (sky130_fd_sc_hd__buf_6)
     5    0.026932    0.038180    0.134732    1.647387 v load_slew102/X (sky130_fd_sc_hd__buf_6)
                                                         net102 (net)
                      0.038183    0.000360    1.647747 v _355_/A1 (sky130_fd_sc_hd__a21boi_2)
     1    0.009442    0.154240    0.167043    1.814790 ^ _355_/Y (sky130_fd_sc_hd__a21boi_2)
                                                         _084_ (net)
                      0.154240    0.000097    1.814886 ^ _356_/B1 (sky130_fd_sc_hd__o21ai_4)
     3    0.020754    0.104475    0.109760    1.924646 v _356_/Y (sky130_fd_sc_hd__o21ai_4)
                                                         _085_ (net)
                      0.104475    0.000348    1.924994 v _360_/B1 (sky130_fd_sc_hd__o2111ai_4)
     3    0.019626    0.249309    0.162550    2.087544 ^ _360_/Y (sky130_fd_sc_hd__o2111ai_4)
                                                         _089_ (net)
                      0.249309    0.000643    2.088187 ^ _377_/B (sky130_fd_sc_hd__nor2_4)
     3    0.018558    0.065628    0.081410    2.169597 v _377_/Y (sky130_fd_sc_hd__nor2_4)
                                                         _106_ (net)
                      0.065628    0.000173    2.169770 v _410_/B (sky130_fd_sc_hd__nand4_4)
     3    0.020047    0.112297    0.124081    2.293851 ^ _410_/Y (sky130_fd_sc_hd__nand4_4)
                                                         _139_ (net)
                      0.112297    0.000253    2.294104 ^ _415_/C (sky130_fd_sc_hd__nand3_4)
     3    0.016168    0.091987    0.109504    2.403608 v _415_/Y (sky130_fd_sc_hd__nand3_4)
                                                         _144_ (net)
                      0.091987    0.000375    2.403983 v _424_/B1 (sky130_fd_sc_hd__o22ai_4)
     4    0.030217    0.283131    0.265555    2.669538 ^ _424_/Y (sky130_fd_sc_hd__o22ai_4)
                                                         _153_ (net)
                      0.283132    0.000430    2.669968 ^ _470_/B1 (sky130_fd_sc_hd__o22ai_4)
     5    0.021423    0.106815    0.162305    2.832273 v _470_/Y (sky130_fd_sc_hd__o22ai_4)
                                                         _195_ (net)
                      0.106815    0.000332    2.832605 v max_cap99/A (sky130_fd_sc_hd__buf_6)
     3    0.027437    0.038585    0.167865    3.000469 v max_cap99/X (sky130_fd_sc_hd__buf_6)
                                                         net99 (net)
                      0.038585    0.000158    3.000628 v _480_/A1 (sky130_fd_sc_hd__a211o_4)
     1    0.009183    0.056445    0.339946    3.340574 v _480_/X (sky130_fd_sc_hd__a211o_4)
                                                         _204_ (net)
                      0.056445    0.000107    3.340681 v _482_/B (sky130_fd_sc_hd__nand2_4)
     1    0.009202    0.048920    0.076347    3.417028 ^ _482_/Y (sky130_fd_sc_hd__nand2_4)
                                                         net79 (net)
                      0.048920    0.000166    3.417194 ^ output79/A (sky130_fd_sc_hd__buf_8)
     1    0.035267    0.067211    0.124160    3.541354 ^ output79/X (sky130_fd_sc_hd__buf_8)
                                                         S[21] (net)
                      0.067216    0.000629    3.541983 ^ S[21] (out)
                                              3.541983   data arrival time

                      0.000000    5.000000    5.000000   clock __VIRTUAL_CLK__ (rise edge)
                                  0.000000    5.000000   clock network delay (ideal)
                                 -0.250000    4.750000   clock uncertainty
                                  0.000000    4.750000   clock reconvergence pessimism
                                 -1.000000    3.750000   output external delay
                                              3.750000   data required time
---------------------------------------------------------------------------------------------
                                              3.750000   data required time
                                             -3.541983   data arrival time
---------------------------------------------------------------------------------------------
                                              0.208017   slack (MET)




===========================================================================
report_checks --slack_max -0.01
============================================================================
======================= min_tt_025C_1v80 Corner ===================================

No paths found.


===========================================================================
 report_check_types -max_slew -max_cap -max_fanout -violators
============================================================================
======================= min_tt_025C_1v80 Corner ===================================



===========================================================================
report_parasitic_annotation -report_unannotated
============================================================================
Found 0 unannotated drivers.
Found 0 partially unannotated drivers.

===========================================================================
max slew violation count 0
max fanout violation count 0
max cap violation count 0
============================================================================

===========================================================================
check_setup -verbose -unconstrained_endpoints -multiple_clock -no_clock -no_input_delay -loops -generated_clocks
===========================================================================
