
===========================================================================
Violator List
============================================================================
[setup in-out] sub -> S[22] : -2.745494
[setup in-out] sub -> S[23] : -2.736966
[setup in-out] sub -> S[20] : -2.735950
[setup in-out] sub -> S[21] : -2.699815
[setup in-out] sub -> S[17] : -2.655446
[setup in-out] sub -> S[19] : -2.594191
[setup in-out] sub -> S[10] : -2.563370
[setup in-out] sub -> S[31] : -2.562849
[setup in-out] sub -> S[30] : -2.513303
[setup in-out] sub -> S[9] : -2.512773
[setup in-out] sub -> S[28] : -2.507577
[setup in-out] sub -> S[11] : -2.502864
[setup in-out] sub -> S[26] : -2.484105
[setup in-out] sub -> S[7] : -2.480688
[setup in-out] sub -> S[24] : -2.460348
[setup in-out] sub -> S[29] : -2.427146
[setup in-out] sub -> S[25] : -2.396081
[setup in-out] sub -> carryOut : -2.380817
[setup in-out] sub -> S[18] : -2.366084
[setup in-out] sub -> S[15] : -2.343324
[setup in-out] sub -> S[27] : -2.329951
[setup in-out] sub -> S[16] : -2.200987
[setup in-out] sub -> S[14] : -2.148826
[setup in-out] sub -> S[6] : -1.927074
[setup in-out] sub -> S[12] : -1.898357
[setup in-out] sub -> S[13] : -1.879394
[setup in-out] sub -> S[8] : -1.854817
[setup in-out] sub -> S[5] : -1.622407
[setup in-out] sub -> S[3] : -1.372303
[setup in-out] sub -> S[2] : -1.213163
[setup in-out] sub -> S[4] : -1.201675
[setup in-out] B[0] -> S[1] : -0.221710
