
===========================================================================
report_checks -unconstrained
===========================================================================
======================= nom_tt_025C_1v80 Corner ===================================

Startpoint: A[4] (input port clocked by __VIRTUAL_CLK__)
Endpoint: y[25] (output port clocked by __VIRTUAL_CLK__)
Path Group: __VIRTUAL_CLK__
Path Type: max

Fanout         Cap        Slew       Delay        Time   Description
---------------------------------------------------------------------------------------------
                      0.000000    0.000000    0.000000   clock __VIRTUAL_CLK__ (rise edge)
                                  0.000000    0.000000   clock network delay (ideal)
                                  4.000000    4.000000 v input external delay
     4    0.024350    0.055433    0.041059    4.041059 v A[4] (in)
                                                         A[4] (net)
                      0.055436    0.000000    4.041059 v _491_/A (sky130_fd_sc_hd__xnor2_2)
     7    0.027637    0.138585    0.220228    4.261287 v _491_/Y (sky130_fd_sc_hd__xnor2_2)
                                                         _058_ (net)
                      0.138585    0.000123    4.261411 v _546_/A (sky130_fd_sc_hd__or4_2)
     2    0.006431    0.116684    0.743413    5.004824 v _546_/X (sky130_fd_sc_hd__or4_2)
                                                         _109_ (net)
                      0.116684    0.000020    5.004844 v _658_/A (sky130_fd_sc_hd__or4_2)
     2    0.004717    0.109330    0.724064    5.728908 v _658_/X (sky130_fd_sc_hd__or4_2)
                                                         _213_ (net)
                      0.109330    0.000004    5.728912 v _660_/B1 (sky130_fd_sc_hd__o221a_2)
     3    0.011394    0.066180    0.314197    6.043109 v _660_/X (sky130_fd_sc_hd__o221a_2)
                                                         _215_ (net)
                      0.066180    0.000119    6.043227 v _688_/A1 (sky130_fd_sc_hd__a21o_2)
     4    0.012437    0.056811    0.233027    6.276254 v _688_/X (sky130_fd_sc_hd__a21o_2)
                                                         _241_ (net)
                      0.056811    0.000010    6.276264 v _778_/A2 (sky130_fd_sc_hd__o41a_2)
     3    0.010573    0.085403    0.525521    6.801785 v _778_/X (sky130_fd_sc_hd__o41a_2)
                                                         _325_ (net)
                      0.085403    0.000098    6.801883 v _789_/B (sky130_fd_sc_hd__or2_2)
     2    0.005533    0.062692    0.310822    7.112706 v _789_/X (sky130_fd_sc_hd__or2_2)
                                                         _335_ (net)
                      0.062692    0.000026    7.112731 v _790_/C (sky130_fd_sc_hd__and3_2)
     2    0.006336    0.047833    0.234347    7.347078 v _790_/X (sky130_fd_sc_hd__and3_2)
                                                         _336_ (net)
                      0.047833    0.000006    7.347085 v _793_/B (sky130_fd_sc_hd__or3_2)
     1    0.004491    0.084561    0.475826    7.822910 v _793_/X (sky130_fd_sc_hd__or3_2)
                                                         _339_ (net)
                      0.084561    0.000004    7.822915 v _795_/B (sky130_fd_sc_hd__nand3_2)
     1    0.004594    0.053927    0.089929    7.912844 ^ _795_/Y (sky130_fd_sc_hd__nand3_2)
                                                         _341_ (net)
                      0.053927    0.000002    7.912846 ^ _797_/B1 (sky130_fd_sc_hd__o211ai_2)
     1    0.034562    0.261901    0.221749    8.134595 v _797_/Y (sky130_fd_sc_hd__o211ai_2)
                                                         y[25] (net)
                      0.261901    0.000174    8.134768 v y[25] (out)
                                              8.134768   data arrival time

                      0.000000   20.000000   20.000000   clock __VIRTUAL_CLK__ (rise edge)
                                  0.000000   20.000000   clock network delay (ideal)
                                 -0.250000   19.750002   clock uncertainty
                                  0.000000   19.750002   clock reconvergence pessimism
                                 -4.000000   15.750001   output external delay
                                             15.750001   data required time
---------------------------------------------------------------------------------------------
                                             15.750001   data required time
                                             -8.134768   data arrival time
---------------------------------------------------------------------------------------------
                                              7.615232   slack (MET)




===========================================================================
report_checks --slack_max -0.01
============================================================================
======================= nom_tt_025C_1v80 Corner ===================================

No paths found.


===========================================================================
 report_check_types -max_slew -max_cap -max_fanout -violators
============================================================================
======================= nom_tt_025C_1v80 Corner ===================================

max slew

Pin                                        Limit        Slew       Slack
------------------------------------------------------------------------
_441_/Y                                 0.750000    1.363595   -0.613595 (VIOLATED)
_524_/A                                 0.750000    1.363595   -0.613595 (VIOLATED)
_526_/A1                                0.750000    1.363595   -0.613595 (VIOLATED)
_533_/C1                                0.750000    1.363595   -0.613595 (VIOLATED)
_562_/B1                                0.750000    1.363595   -0.613595 (VIOLATED)
_592_/A1                                0.750000    1.363595   -0.613595 (VIOLATED)
_619_/A1                                0.750000    1.363595   -0.613595 (VIOLATED)
_632_/A1                                0.750000    1.363595   -0.613595 (VIOLATED)
_648_/A1                                0.750000    1.363595   -0.613595 (VIOLATED)
_666_/S                                 0.750000    1.363595   -0.613595 (VIOLATED)
_673_/B1                                0.750000    1.363595   -0.613595 (VIOLATED)
_677_/A1                                0.750000    1.363595   -0.613595 (VIOLATED)
_689_/B1                                0.750000    1.363595   -0.613595 (VIOLATED)
_708_/A1                                0.750000    1.363595   -0.613595 (VIOLATED)
_717_/A                                 0.750000    1.363595   -0.613595 (VIOLATED)
_722_/A1                                0.750000    1.363595   -0.613595 (VIOLATED)
_733_/A1                                0.750000    1.363595   -0.613595 (VIOLATED)
_748_/A1                                0.750000    1.363595   -0.613595 (VIOLATED)
_762_/A1                                0.750000    1.363595   -0.613595 (VIOLATED)
_842_/S                                 0.750000    1.363595   -0.613595 (VIOLATED)
_852_/C1                                0.750000    1.363595   -0.613595 (VIOLATED)
_867_/S                                 0.750000    1.363595   -0.613595 (VIOLATED)
_881_/A                                 0.750000    1.363595   -0.613595 (VIOLATED)
_890_/A1                                0.750000    1.363595   -0.613595 (VIOLATED)
_565_/A1                                0.750000    0.779185   -0.029185 (VIOLATED)
_574_/D1                                0.750000    0.779185   -0.029185 (VIOLATED)
_578_/A1                                0.750000    0.779185   -0.029185 (VIOLATED)
_590_/C1                                0.750000    0.779185   -0.029185 (VIOLATED)
_618_/B1                                0.750000    0.779184   -0.029184 (VIOLATED)
_609_/S                                 0.750000    0.779184   -0.029184 (VIOLATED)
_627_/C1                                0.750000    0.779184   -0.029184 (VIOLATED)
_647_/C1                                0.750000    0.779184   -0.029184 (VIOLATED)
_730_/B1                                0.750000    0.779184   -0.029184 (VIOLATED)
_747_/C1                                0.750000    0.779184   -0.029184 (VIOLATED)
_758_/C1                                0.750000    0.779183   -0.029183 (VIOLATED)
_821_/C1                                0.750000    0.779183   -0.029183 (VIOLATED)
_818_/C1                                0.750000    0.779183   -0.029183 (VIOLATED)
_790_/A                                 0.750000    0.779183   -0.029183 (VIOLATED)
_792_/C1                                0.750000    0.779183   -0.029183 (VIOLATED)
_803_/C1                                0.750000    0.779183   -0.029183 (VIOLATED)
_805_/C1                                0.750000    0.779183   -0.029183 (VIOLATED)
_780_/S                                 0.750000    0.779183   -0.029183 (VIOLATED)
_705_/C1                                0.750000    0.779183   -0.029183 (VIOLATED)
_694_/A                                 0.750000    0.779182   -0.029182 (VIOLATED)
_851_/B1                                0.750000    0.779182   -0.029182 (VIOLATED)
_442_/X                                 0.750000    0.779181   -0.029181 (VIOLATED)
_457_/B1                                0.750000    0.779181   -0.029181 (VIOLATED)
_459_/A3                                0.750000    0.779181   -0.029181 (VIOLATED)
_471_/C1                                0.750000    0.779181   -0.029181 (VIOLATED)
_472_/A1                                0.750000    0.779181   -0.029181 (VIOLATED)
_484_/C1                                0.750000    0.779181   -0.029181 (VIOLATED)
_485_/A1                                0.750000    0.779181   -0.029181 (VIOLATED)
_501_/A                                 0.750000    0.779181   -0.029181 (VIOLATED)
_502_/A1                                0.750000    0.779181   -0.029181 (VIOLATED)
_511_/B1                                0.750000    0.779181   -0.029181 (VIOLATED)
_513_/B2                                0.750000    0.779181   -0.029181 (VIOLATED)
_535_/A3                                0.750000    0.779181   -0.029181 (VIOLATED)
_548_/A                                 0.750000    0.779181   -0.029181 (VIOLATED)
_554_/A1                                0.750000    0.779181   -0.029181 (VIOLATED)
_882_/A1                                0.750000    0.779181   -0.029181 (VIOLATED)

max fanout

Pin                                   Limit Fanout  Slack
---------------------------------------------------------
_442_/X                                  10     35    -25 (VIOLATED)
_447_/X                                  10     30    -20 (VIOLATED)
_449_/X                                  10     26    -16 (VIOLATED)
_441_/Y                                  10     23    -13 (VIOLATED)
_450_/X                                  10     20    -10 (VIOLATED)
_443_/X                                  10     19     -9 (VIOLATED)
_444_/Y                                  10     13     -3 (VIOLATED)
_451_/Y                                  10     12     -2 (VIOLATED)
opCode[1]                                10     11        (VIOLATED)
opCode[2]                                10     11        (VIOLATED)



===========================================================================
report_parasitic_annotation -report_unannotated
============================================================================
Found 2 unannotated drivers.
 statusIn[1]
 statusIn[2]
Found 0 partially unannotated drivers.

===========================================================================
max slew violation count 60
Writing metric design__max_slew_violation__count__corner:nom_tt_025C_1v80: 60
max fanout violation count 10
Writing metric design__max_fanout_violation__count__corner:nom_tt_025C_1v80: 10
max cap violation count 0
Writing metric design__max_cap_violation__count__corner:nom_tt_025C_1v80: 0
============================================================================

===========================================================================
check_setup -verbose -unconstrained_endpoints -multiple_clock -no_clock -no_input_delay -loops -generated_clocks
===========================================================================
