
===========================================================================
report_checks -path_delay min (Hold)
============================================================================
======================= nom_tt_025C_1v80 Corner ===================================

Startpoint: A[5] (input port clocked by __VIRTUAL_CLK__)
Endpoint: y[5] (output port clocked by __VIRTUAL_CLK__)
Path Group: __VIRTUAL_CLK__
Path Type: min

Fanout         Cap        Slew       Delay        Time   Description
---------------------------------------------------------------------------------------------
                      0.000000    0.000000    0.000000   clock __VIRTUAL_CLK__ (rise edge)
                                  0.000000    0.000000   clock network delay (ideal)
                                  4.000000    4.000000 v input external delay
     4    0.019982    0.045983    0.030520    4.030520 v A[5] (in)
                                                         A[5] (net)
                      0.045984    0.000000    4.030520 v _507_/A (sky130_fd_sc_hd__nand2_2)
     3    0.010852    0.065657    0.072665    4.103186 ^ _507_/Y (sky130_fd_sc_hd__nand2_2)
                                                         _073_ (net)
                      0.065657    0.000008    4.103193 ^ _517_/A2 (sky130_fd_sc_hd__o21ai_2)
     1    0.034920    0.139338    0.131850    4.235044 v _517_/Y (sky130_fd_sc_hd__o21ai_2)
                                                         y[5] (net)
                      0.139339    0.000325    4.235369 v y[5] (out)
                                              4.235369   data arrival time

                      0.000000    0.000000    0.000000   clock __VIRTUAL_CLK__ (rise edge)
                                  0.000000    0.000000   clock network delay (ideal)
                                  0.250000    0.250000   clock uncertainty
                                  0.000000    0.250000   clock reconvergence pessimism
                                 -4.000000   -3.750000   output external delay
                                             -3.750000   data required time
---------------------------------------------------------------------------------------------
                                             -3.750000   data required time
                                             -4.235369   data arrival time
---------------------------------------------------------------------------------------------
                                              7.985369   slack (MET)


Startpoint: A[10] (input port clocked by __VIRTUAL_CLK__)
Endpoint: y[10] (output port clocked by __VIRTUAL_CLK__)
Path Group: __VIRTUAL_CLK__
Path Type: min

Fanout         Cap        Slew       Delay        Time   Description
---------------------------------------------------------------------------------------------
                      0.000000    0.000000    0.000000   clock __VIRTUAL_CLK__ (rise edge)
                                  0.000000    0.000000   clock network delay (ideal)
                                  4.000000    4.000000 v input external delay
     5    0.024472    0.055633    0.037269    4.037269 v A[10] (in)
                                                         A[10] (net)
                      0.055634    0.000000    4.037269 v _570_/A (sky130_fd_sc_hd__nand2_2)
     2    0.007835    0.053491    0.066352    4.103621 ^ _570_/Y (sky130_fd_sc_hd__nand2_2)
                                                         _131_ (net)
                      0.053491    0.000012    4.103633 ^ _582_/A2 (sky130_fd_sc_hd__o211ai_2)
     1    0.034399    0.211689    0.188316    4.291950 v _582_/Y (sky130_fd_sc_hd__o211ai_2)
                                                         y[10] (net)
                      0.211689    0.000131    4.292080 v y[10] (out)
                                              4.292080   data arrival time

                      0.000000    0.000000    0.000000   clock __VIRTUAL_CLK__ (rise edge)
                                  0.000000    0.000000   clock network delay (ideal)
                                  0.250000    0.250000   clock uncertainty
                                  0.000000    0.250000   clock reconvergence pessimism
                                 -4.000000   -3.750000   output external delay
                                             -3.750000   data required time
---------------------------------------------------------------------------------------------
                                             -3.750000   data required time
                                             -4.292080   data arrival time
---------------------------------------------------------------------------------------------
                                              8.042080   slack (MET)


Startpoint: B[12] (input port clocked by __VIRTUAL_CLK__)
Endpoint: y[12] (output port clocked by __VIRTUAL_CLK__)
Path Group: __VIRTUAL_CLK__
Path Type: min

Fanout         Cap        Slew       Delay        Time   Description
---------------------------------------------------------------------------------------------
                      0.000000    0.000000    0.000000   clock __VIRTUAL_CLK__ (rise edge)
                                  0.000000    0.000000   clock network delay (ideal)
                                  4.000000    4.000000 ^ input external delay
     5    0.028709    0.134471    0.088045    4.088045 ^ B[12] (in)
                                                         B[12] (net)
                      0.134471    0.000000    4.088045 ^ _611_/A2 (sky130_fd_sc_hd__o21ai_2)
     1    0.004311    0.037596    0.062844    4.150888 v _611_/Y (sky130_fd_sc_hd__o21ai_2)
                                                         _170_ (net)
                      0.037596    0.000001    4.150890 v _613_/B1 (sky130_fd_sc_hd__o211ai_2)
     1    0.034389    0.208821    0.164103    4.314993 ^ _613_/Y (sky130_fd_sc_hd__o211ai_2)
                                                         y[12] (net)
                      0.208821    0.000128    4.315121 ^ y[12] (out)
                                              4.315121   data arrival time

                      0.000000    0.000000    0.000000   clock __VIRTUAL_CLK__ (rise edge)
                                  0.000000    0.000000   clock network delay (ideal)
                                  0.250000    0.250000   clock uncertainty
                                  0.000000    0.250000   clock reconvergence pessimism
                                 -4.000000   -3.750000   output external delay
                                             -3.750000   data required time
---------------------------------------------------------------------------------------------
                                             -3.750000   data required time
                                             -4.315121   data arrival time
---------------------------------------------------------------------------------------------
                                              8.065122   slack (MET)


Startpoint: A[11] (input port clocked by __VIRTUAL_CLK__)
Endpoint: y[11] (output port clocked by __VIRTUAL_CLK__)
Path Group: __VIRTUAL_CLK__
Path Type: min

Fanout         Cap        Slew       Delay        Time   Description
---------------------------------------------------------------------------------------------
                      0.000000    0.000000    0.000000   clock __VIRTUAL_CLK__ (rise edge)
                                  0.000000    0.000000   clock network delay (ideal)
                                  4.000000    4.000000 v input external delay
     4    0.020894    0.047975    0.031942    4.031942 v A[11] (in)
                                                         A[11] (net)
                      0.047978    0.000000    4.031942 v _584_/A (sky130_fd_sc_hd__nand2_2)
     2    0.005237    0.040351    0.054433    4.086375 ^ _584_/Y (sky130_fd_sc_hd__nand2_2)
                                                         _144_ (net)
                      0.040351    0.000005    4.086380 ^ _595_/A2 (sky130_fd_sc_hd__o21a_2)
     1    0.004979    0.040771    0.106121    4.192501 ^ _595_/X (sky130_fd_sc_hd__o21a_2)
                                                         _155_ (net)
                      0.040771    0.000009    4.192510 ^ _596_/B1 (sky130_fd_sc_hd__o21ai_2)
     1    0.035571    0.141662    0.123592    4.316102 v _596_/Y (sky130_fd_sc_hd__o21ai_2)
                                                         y[11] (net)
                      0.141663    0.000291    4.316393 v y[11] (out)
                                              4.316393   data arrival time

                      0.000000    0.000000    0.000000   clock __VIRTUAL_CLK__ (rise edge)
                                  0.000000    0.000000   clock network delay (ideal)
                                  0.250000    0.250000   clock uncertainty
                                  0.000000    0.250000   clock reconvergence pessimism
                                 -4.000000   -3.750000   output external delay
                                             -3.750000   data required time
---------------------------------------------------------------------------------------------
                                             -3.750000   data required time
                                             -4.316393   data arrival time
---------------------------------------------------------------------------------------------
                                              8.066392   slack (MET)


Startpoint: A[31] (input port clocked by __VIRTUAL_CLK__)
Endpoint: statusOut (output port clocked by __VIRTUAL_CLK__)
Path Group: __VIRTUAL_CLK__
Path Type: min

Fanout         Cap        Slew       Delay        Time   Description
---------------------------------------------------------------------------------------------
                      0.000000    0.000000    0.000000   clock __VIRTUAL_CLK__ (rise edge)
                                  0.000000    0.000000   clock network delay (ideal)
                                  4.000000    4.000000 v input external delay
     3    0.011683    0.028175    0.017971    4.017971 v A[31] (in)
                                                         A[31] (net)
                      0.028175    0.000000    4.017971 v _887_/B2 (sky130_fd_sc_hd__o32ai_2)
     1    0.002611    0.116099    0.070303    4.088274 ^ _887_/Y (sky130_fd_sc_hd__o32ai_2)
                                                         _426_ (net)
                      0.116099    0.000002    4.088275 ^ _890_/A2 (sky130_fd_sc_hd__a21o_2)
     1    0.034984    0.176224    0.235015    4.323290 ^ _890_/X (sky130_fd_sc_hd__a21o_2)
                                                         statusOut (net)
                      0.176224    0.000212    4.323503 ^ statusOut (out)
                                              4.323503   data arrival time

                      0.000000    0.000000    0.000000   clock __VIRTUAL_CLK__ (rise edge)
                                  0.000000    0.000000   clock network delay (ideal)
                                  0.250000    0.250000   clock uncertainty
                                  0.000000    0.250000   clock reconvergence pessimism
                                 -4.000000   -3.750000   output external delay
                                             -3.750000   data required time
---------------------------------------------------------------------------------------------
                                             -3.750000   data required time
                                             -4.323503   data arrival time
---------------------------------------------------------------------------------------------
                                              8.073503   slack (MET)


Startpoint: statusIn[0] (input port clocked by __VIRTUAL_CLK__)
Endpoint: y[0] (output port clocked by __VIRTUAL_CLK__)
Path Group: __VIRTUAL_CLK__
Path Type: min

Fanout         Cap        Slew       Delay        Time   Description
---------------------------------------------------------------------------------------------
                      0.000000    0.000000    0.000000   clock __VIRTUAL_CLK__ (rise edge)
                                  0.000000    0.000000   clock network delay (ideal)
                                  4.000000    4.000000 v input external delay
     5    0.016760    0.039017    0.025630    4.025630 v statusIn[0] (in)
                                                         statusIn[0] (net)
                      0.039017    0.000000    4.025630 v _440_/A (sky130_fd_sc_hd__nand2_2)
     4    0.011064    0.066667    0.070596    4.096226 ^ _440_/Y (sky130_fd_sc_hd__nand2_2)
                                                         _011_ (net)
                      0.066667    0.000000    4.096227 ^ _454_/A1 (sky130_fd_sc_hd__a21bo_2)
     1    0.034527    0.187155    0.227912    4.324139 ^ _454_/X (sky130_fd_sc_hd__a21bo_2)
                                                         y[0] (net)
                      0.187155    0.000157    4.324296 ^ y[0] (out)
                                              4.324296   data arrival time

                      0.000000    0.000000    0.000000   clock __VIRTUAL_CLK__ (rise edge)
                                  0.000000    0.000000   clock network delay (ideal)
                                  0.250000    0.250000   clock uncertainty
                                  0.000000    0.250000   clock reconvergence pessimism
                                 -4.000000   -3.750000   output external delay
                                             -3.750000   data required time
---------------------------------------------------------------------------------------------
                                             -3.750000   data required time
                                             -4.324296   data arrival time
---------------------------------------------------------------------------------------------
                                              8.074296   slack (MET)


Startpoint: B[6] (input port clocked by __VIRTUAL_CLK__)
Endpoint: y[6] (output port clocked by __VIRTUAL_CLK__)
Path Group: __VIRTUAL_CLK__
Path Type: min

Fanout         Cap        Slew       Delay        Time   Description
---------------------------------------------------------------------------------------------
                      0.000000    0.000000    0.000000   clock __VIRTUAL_CLK__ (rise edge)
                                  0.000000    0.000000   clock network delay (ideal)
                                  4.000000    4.000000 v input external delay
     5    0.024773    0.056309    0.037730    4.037730 v B[6] (in)
                                                         B[6] (net)
                      0.056310    0.000000    4.037730 v _519_/B (sky130_fd_sc_hd__nor2_2)
     3    0.011854    0.153927    0.134425    4.172155 ^ _519_/Y (sky130_fd_sc_hd__nor2_2)
                                                         _084_ (net)
                      0.153927    0.000034    4.172189 ^ _530_/A2 (sky130_fd_sc_hd__o21ai_2)
     1    0.034696    0.138530    0.153837    4.326027 v _530_/Y (sky130_fd_sc_hd__o21ai_2)
                                                         y[6] (net)
                      0.138531    0.000265    4.326292 v y[6] (out)
                                              4.326292   data arrival time

                      0.000000    0.000000    0.000000   clock __VIRTUAL_CLK__ (rise edge)
                                  0.000000    0.000000   clock network delay (ideal)
                                  0.250000    0.250000   clock uncertainty
                                  0.000000    0.250000   clock reconvergence pessimism
                                 -4.000000   -3.750000   output external delay
                                             -3.750000   data required time
---------------------------------------------------------------------------------------------
                                             -3.750000   data required time
                                             -4.326292   data arrival time
---------------------------------------------------------------------------------------------
                                              8.076292   slack (MET)


Startpoint: B[21] (input port clocked by __VIRTUAL_CLK__)
Endpoint: y[21] (output port clocked by __VIRTUAL_CLK__)
Path Group: __VIRTUAL_CLK__
Path Type: min

Fanout         Cap        Slew       Delay        Time   Description
---------------------------------------------------------------------------------------------
                      0.000000    0.000000    0.000000   clock __VIRTUAL_CLK__ (rise edge)
                                  0.000000    0.000000   clock network delay (ideal)
                                  4.000000    4.000000 v input external delay
     5    0.019451    0.044814    0.029708    4.029708 v B[21] (in)
                                                         B[21] (net)
                      0.044814    0.000000    4.029708 v _727_/A (sky130_fd_sc_hd__nand2_2)
     1    0.002827    0.029237    0.044756    4.074464 ^ _727_/Y (sky130_fd_sc_hd__nand2_2)
                                                         _277_ (net)
                      0.029237    0.000004    4.074468 ^ _736_/A2 (sky130_fd_sc_hd__o221a_2)
     1    0.004597    0.051183    0.169592    4.244061 ^ _736_/X (sky130_fd_sc_hd__o221a_2)
                                                         _286_ (net)
                      0.051183    0.000002    4.244062 ^ _737_/B1 (sky130_fd_sc_hd__o21ai_2)
     1    0.034852    0.139066    0.125137    4.369199 v _737_/Y (sky130_fd_sc_hd__o21ai_2)
                                                         y[21] (net)
                      0.139067    0.000190    4.369389 v y[21] (out)
                                              4.369389   data arrival time

                      0.000000    0.000000    0.000000   clock __VIRTUAL_CLK__ (rise edge)
                                  0.000000    0.000000   clock network delay (ideal)
                                  0.250000    0.250000   clock uncertainty
                                  0.000000    0.250000   clock reconvergence pessimism
                                 -4.000000   -3.750000   output external delay
                                             -3.750000   data required time
---------------------------------------------------------------------------------------------
                                             -3.750000   data required time
                                             -4.369389   data arrival time
---------------------------------------------------------------------------------------------
                                              8.119389   slack (MET)


Startpoint: B[1] (input port clocked by __VIRTUAL_CLK__)
Endpoint: y[1] (output port clocked by __VIRTUAL_CLK__)
Path Group: __VIRTUAL_CLK__
Path Type: min

Fanout         Cap        Slew       Delay        Time   Description
---------------------------------------------------------------------------------------------
                      0.000000    0.000000    0.000000   clock __VIRTUAL_CLK__ (rise edge)
                                  0.000000    0.000000   clock network delay (ideal)
                                  4.000000    4.000000 ^ input external delay
     4    0.020903    0.099676    0.064928    4.064928 ^ B[1] (in)
                                                         B[1] (net)
                      0.099676    0.000000    4.064928 ^ _461_/A2 (sky130_fd_sc_hd__o21ai_2)
     1    0.002273    0.026599    0.050091    4.115018 v _461_/Y (sky130_fd_sc_hd__o21ai_2)
                                                         _031_ (net)
                      0.026599    0.000000    4.115019 v _462_/C1 (sky130_fd_sc_hd__o221a_2)
     1    0.004462    0.031958    0.108669    4.223688 v _462_/X (sky130_fd_sc_hd__o221a_2)
                                                         _032_ (net)
                      0.031958    0.000004    4.223692 v _463_/B1 (sky130_fd_sc_hd__o21ai_2)
     1    0.034688    0.205083    0.152826    4.376518 ^ _463_/Y (sky130_fd_sc_hd__o21ai_2)
                                                         y[1] (net)
                      0.205083    0.000269    4.376787 ^ y[1] (out)
                                              4.376787   data arrival time

                      0.000000    0.000000    0.000000   clock __VIRTUAL_CLK__ (rise edge)
                                  0.000000    0.000000   clock network delay (ideal)
                                  0.250000    0.250000   clock uncertainty
                                  0.000000    0.250000   clock reconvergence pessimism
                                 -4.000000   -3.750000   output external delay
                                             -3.750000   data required time
---------------------------------------------------------------------------------------------
                                             -3.750000   data required time
                                             -4.376787   data arrival time
---------------------------------------------------------------------------------------------
                                              8.126786   slack (MET)


Startpoint: B[7] (input port clocked by __VIRTUAL_CLK__)
Endpoint: y[7] (output port clocked by __VIRTUAL_CLK__)
Path Group: __VIRTUAL_CLK__
Path Type: min

Fanout         Cap        Slew       Delay        Time   Description
---------------------------------------------------------------------------------------------
                      0.000000    0.000000    0.000000   clock __VIRTUAL_CLK__ (rise edge)
                                  0.000000    0.000000   clock network delay (ideal)
                                  4.000000    4.000000 ^ input external delay
     4    0.020862    0.099500    0.064817    4.064816 ^ B[7] (in)
                                                         B[7] (net)
                      0.099500    0.000000    4.064816 ^ _537_/A2 (sky130_fd_sc_hd__o21ai_2)
     1    0.002322    0.026746    0.050245    4.115061 v _537_/Y (sky130_fd_sc_hd__o21ai_2)
                                                         _101_ (net)
                      0.026746    0.000000    4.115062 v _538_/C1 (sky130_fd_sc_hd__o221a_2)
     1    0.004491    0.032039    0.108818    4.223880 v _538_/X (sky130_fd_sc_hd__o221a_2)
                                                         _102_ (net)
                      0.032039    0.000005    4.223886 v _539_/B1 (sky130_fd_sc_hd__o21ai_2)
     1    0.034860    0.205982    0.153439    4.377325 ^ _539_/Y (sky130_fd_sc_hd__o21ai_2)
                                                         y[7] (net)
                      0.205982    0.000298    4.377623 ^ y[7] (out)
                                              4.377623   data arrival time

                      0.000000    0.000000    0.000000   clock __VIRTUAL_CLK__ (rise edge)
                                  0.000000    0.000000   clock network delay (ideal)
                                  0.250000    0.250000   clock uncertainty
                                  0.000000    0.250000   clock reconvergence pessimism
                                 -4.000000   -3.750000   output external delay
                                             -3.750000   data required time
---------------------------------------------------------------------------------------------
                                             -3.750000   data required time
                                             -4.377623   data arrival time
---------------------------------------------------------------------------------------------
                                              8.127624   slack (MET)


Startpoint: B[23] (input port clocked by __VIRTUAL_CLK__)
Endpoint: y[23] (output port clocked by __VIRTUAL_CLK__)
Path Group: __VIRTUAL_CLK__
Path Type: min

Fanout         Cap        Slew       Delay        Time   Description
---------------------------------------------------------------------------------------------
                      0.000000    0.000000    0.000000   clock __VIRTUAL_CLK__ (rise edge)
                                  0.000000    0.000000   clock network delay (ideal)
                                  4.000000    4.000000 v input external delay
     3    0.008732    0.021725    0.013429    4.013429 v B[23] (in)
                                                         B[23] (net)
                      0.021726    0.000000    4.013429 v _753_/A (sky130_fd_sc_hd__nand2_2)
     3    0.010447    0.063535    0.061615    4.075044 ^ _753_/Y (sky130_fd_sc_hd__nand2_2)
                                                         _301_ (net)
                      0.063535    0.000020    4.075063 ^ _765_/A2 (sky130_fd_sc_hd__o221a_2)
     1    0.004568    0.051035    0.179107    4.254170 ^ _765_/X (sky130_fd_sc_hd__o221a_2)
                                                         _313_ (net)
                      0.051035    0.000000    4.254171 ^ _766_/B1 (sky130_fd_sc_hd__o21ai_2)
     1    0.034942    0.139420    0.125222    4.379393 v _766_/Y (sky130_fd_sc_hd__o21ai_2)
                                                         y[23] (net)
                      0.139421    0.000326    4.379719 v y[23] (out)
                                              4.379719   data arrival time

                      0.000000    0.000000    0.000000   clock __VIRTUAL_CLK__ (rise edge)
                                  0.000000    0.000000   clock network delay (ideal)
                                  0.250000    0.250000   clock uncertainty
                                  0.000000    0.250000   clock reconvergence pessimism
                                 -4.000000   -3.750000   output external delay
                                             -3.750000   data required time
---------------------------------------------------------------------------------------------
                                             -3.750000   data required time
                                             -4.379719   data arrival time
---------------------------------------------------------------------------------------------
                                              8.129720   slack (MET)


Startpoint: A[20] (input port clocked by __VIRTUAL_CLK__)
Endpoint: y[20] (output port clocked by __VIRTUAL_CLK__)
Path Group: __VIRTUAL_CLK__
Path Type: min

Fanout         Cap        Slew       Delay        Time   Description
---------------------------------------------------------------------------------------------
                      0.000000    0.000000    0.000000   clock __VIRTUAL_CLK__ (rise edge)
                                  0.000000    0.000000   clock network delay (ideal)
                                  4.000000    4.000000 ^ input external delay
     5    0.023453    0.111033    0.072483    4.072484 ^ A[20] (in)
                                                         A[20] (net)
                      0.111033    0.000000    4.072484 ^ _724_/A2 (sky130_fd_sc_hd__o21ai_2)
     1    0.002433    0.028457    0.052649    4.125133 v _724_/Y (sky130_fd_sc_hd__o21ai_2)
                                                         _275_ (net)
                      0.028457    0.000002    4.125134 v _725_/C1 (sky130_fd_sc_hd__o221a_2)
     1    0.004364    0.031680    0.109156    4.234291 v _725_/X (sky130_fd_sc_hd__o221a_2)
                                                         _276_ (net)
                      0.031680    0.000003    4.234294 v _726_/B1 (sky130_fd_sc_hd__o21ai_2)
     1    0.034677    0.205014    0.152745    4.387039 ^ _726_/Y (sky130_fd_sc_hd__o21ai_2)
                                                         y[20] (net)
                      0.205014    0.000167    4.387206 ^ y[20] (out)
                                              4.387206   data arrival time

                      0.000000    0.000000    0.000000   clock __VIRTUAL_CLK__ (rise edge)
                                  0.000000    0.000000   clock network delay (ideal)
                                  0.250000    0.250000   clock uncertainty
                                  0.000000    0.250000   clock reconvergence pessimism
                                 -4.000000   -3.750000   output external delay
                                             -3.750000   data required time
---------------------------------------------------------------------------------------------
                                             -3.750000   data required time
                                             -4.387206   data arrival time
---------------------------------------------------------------------------------------------
                                              8.137205   slack (MET)


Startpoint: A[28] (input port clocked by __VIRTUAL_CLK__)
Endpoint: y[28] (output port clocked by __VIRTUAL_CLK__)
Path Group: __VIRTUAL_CLK__
Path Type: min

Fanout         Cap        Slew       Delay        Time   Description
---------------------------------------------------------------------------------------------
                      0.000000    0.000000    0.000000   clock __VIRTUAL_CLK__ (rise edge)
                                  0.000000    0.000000   clock network delay (ideal)
                                  4.000000    4.000000 v input external delay
     5    0.016378    0.038202    0.025062    4.025062 v A[28] (in)
                                                         A[28] (net)
                      0.038202    0.000000    4.025062 v _829_/A (sky130_fd_sc_hd__nand2_2)
     3    0.009223    0.057710    0.064011    4.089074 ^ _829_/Y (sky130_fd_sc_hd__nand2_2)
                                                         _372_ (net)
                      0.057710    0.000007    4.089080 ^ _845_/A2 (sky130_fd_sc_hd__o221a_2)
     1    0.004721    0.051797    0.178379    4.267459 ^ _845_/X (sky130_fd_sc_hd__o221a_2)
                                                         _388_ (net)
                      0.051797    0.000004    4.267463 ^ _846_/B1 (sky130_fd_sc_hd__o21ai_2)
     1    0.034316    0.137144    0.124039    4.391502 v _846_/Y (sky130_fd_sc_hd__o21ai_2)
                                                         y[28] (net)
                      0.137144    0.000116    4.391619 v y[28] (out)
                                              4.391619   data arrival time

                      0.000000    0.000000    0.000000   clock __VIRTUAL_CLK__ (rise edge)
                                  0.000000    0.000000   clock network delay (ideal)
                                  0.250000    0.250000   clock uncertainty
                                  0.000000    0.250000   clock reconvergence pessimism
                                 -4.000000   -3.750000   output external delay
                                             -3.750000   data required time
---------------------------------------------------------------------------------------------
                                             -3.750000   data required time
                                             -4.391619   data arrival time
---------------------------------------------------------------------------------------------
                                              8.141619   slack (MET)


Startpoint: A[17] (input port clocked by __VIRTUAL_CLK__)
Endpoint: y[17] (output port clocked by __VIRTUAL_CLK__)
Path Group: __VIRTUAL_CLK__
Path Type: min

Fanout         Cap        Slew       Delay        Time   Description
---------------------------------------------------------------------------------------------
                      0.000000    0.000000    0.000000   clock __VIRTUAL_CLK__ (rise edge)
                                  0.000000    0.000000   clock network delay (ideal)
                                  4.000000    4.000000 ^ input external delay
     5    0.020073    0.095995    0.062516    4.062516 ^ A[17] (in)
                                                         A[17] (net)
                      0.095996    0.000000    4.062516 ^ _680_/A2 (sky130_fd_sc_hd__a31o_2)
     1    0.003439    0.034267    0.148863    4.211379 ^ _680_/X (sky130_fd_sc_hd__a31o_2)
                                                         _234_ (net)
                      0.034267    0.000011    4.211389 ^ _681_/B1 (sky130_fd_sc_hd__a21o_2)
     1    0.037029    0.185881    0.182424    4.393814 ^ _681_/X (sky130_fd_sc_hd__a21o_2)
                                                         y[17] (net)
                      0.185886    0.000803    4.394617 ^ y[17] (out)
                                              4.394617   data arrival time

                      0.000000    0.000000    0.000000   clock __VIRTUAL_CLK__ (rise edge)
                                  0.000000    0.000000   clock network delay (ideal)
                                  0.250000    0.250000   clock uncertainty
                                  0.000000    0.250000   clock reconvergence pessimism
                                 -4.000000   -3.750000   output external delay
                                             -3.750000   data required time
---------------------------------------------------------------------------------------------
                                             -3.750000   data required time
                                             -4.394617   data arrival time
---------------------------------------------------------------------------------------------
                                              8.144617   slack (MET)


Startpoint: A[3] (input port clocked by __VIRTUAL_CLK__)
Endpoint: y[3] (output port clocked by __VIRTUAL_CLK__)
Path Group: __VIRTUAL_CLK__
Path Type: min

Fanout         Cap        Slew       Delay        Time   Description
---------------------------------------------------------------------------------------------
                      0.000000    0.000000    0.000000   clock __VIRTUAL_CLK__ (rise edge)
                                  0.000000    0.000000   clock network delay (ideal)
                                  4.000000    4.000000 v input external delay
     3    0.013202    0.031399    0.020353    4.020353 v A[3] (in)
                                                         A[3] (net)
                      0.031402    0.000000    4.020353 v _478_/A (sky130_fd_sc_hd__nand2_2)
     3    0.010693    0.066866    0.066311    4.086664 ^ _478_/Y (sky130_fd_sc_hd__nand2_2)
                                                         _046_ (net)
                      0.066866    0.000017    4.086681 ^ _488_/A2 (sky130_fd_sc_hd__o221a_2)
     1    0.004813    0.052264    0.181037    4.267718 ^ _488_/X (sky130_fd_sc_hd__o221a_2)
                                                         _056_ (net)
                      0.052264    0.000006    4.267724 ^ _489_/B1 (sky130_fd_sc_hd__o21ai_2)
     1    0.035445    0.141191    0.126902    4.394625 v _489_/Y (sky130_fd_sc_hd__o21ai_2)
                                                         y[3] (net)
                      0.141192    0.000276    4.394901 v y[3] (out)
                                              4.394901   data arrival time

                      0.000000    0.000000    0.000000   clock __VIRTUAL_CLK__ (rise edge)
                                  0.000000    0.000000   clock network delay (ideal)
                                  0.250000    0.250000   clock uncertainty
                                  0.000000    0.250000   clock reconvergence pessimism
                                 -4.000000   -3.750000   output external delay
                                             -3.750000   data required time
---------------------------------------------------------------------------------------------
                                             -3.750000   data required time
                                             -4.394901   data arrival time
---------------------------------------------------------------------------------------------
                                              8.144901   slack (MET)


Startpoint: B[24] (input port clocked by __VIRTUAL_CLK__)
Endpoint: y[24] (output port clocked by __VIRTUAL_CLK__)
Path Group: __VIRTUAL_CLK__
Path Type: min

Fanout         Cap        Slew       Delay        Time   Description
---------------------------------------------------------------------------------------------
                      0.000000    0.000000    0.000000   clock __VIRTUAL_CLK__ (rise edge)
                                  0.000000    0.000000   clock network delay (ideal)
                                  4.000000    4.000000 v input external delay
     3    0.008370    0.020928    0.012857    4.012857 v B[24] (in)
                                                         B[24] (net)
                      0.020928    0.000000    4.012857 v _768_/A (sky130_fd_sc_hd__nand2_2)
     4    0.013115    0.076488    0.070345    4.083202 ^ _768_/Y (sky130_fd_sc_hd__nand2_2)
                                                         _315_ (net)
                      0.076488    0.000036    4.083238 ^ _783_/A2 (sky130_fd_sc_hd__o221a_2)
     1    0.005090    0.053658    0.184653    4.267890 ^ _783_/X (sky130_fd_sc_hd__o221a_2)
                                                         _330_ (net)
                      0.053658    0.000011    4.267902 ^ _784_/B1 (sky130_fd_sc_hd__o21ai_2)
     1    0.035450    0.141264    0.127247    4.395149 v _784_/Y (sky130_fd_sc_hd__o21ai_2)
                                                         y[24] (net)
                      0.141266    0.000441    4.395589 v y[24] (out)
                                              4.395589   data arrival time

                      0.000000    0.000000    0.000000   clock __VIRTUAL_CLK__ (rise edge)
                                  0.000000    0.000000   clock network delay (ideal)
                                  0.250000    0.250000   clock uncertainty
                                  0.000000    0.250000   clock reconvergence pessimism
                                 -4.000000   -3.750000   output external delay
                                             -3.750000   data required time
---------------------------------------------------------------------------------------------
                                             -3.750000   data required time
                                             -4.395589   data arrival time
---------------------------------------------------------------------------------------------
                                              8.145589   slack (MET)


Startpoint: B[9] (input port clocked by __VIRTUAL_CLK__)
Endpoint: y[9] (output port clocked by __VIRTUAL_CLK__)
Path Group: __VIRTUAL_CLK__
Path Type: min

Fanout         Cap        Slew       Delay        Time   Description
---------------------------------------------------------------------------------------------
                      0.000000    0.000000    0.000000   clock __VIRTUAL_CLK__ (rise edge)
                                  0.000000    0.000000   clock network delay (ideal)
                                  4.000000    4.000000 ^ input external delay
     5    0.025729    0.121184    0.079253    4.079254 ^ B[9] (in)
                                                         B[9] (net)
                      0.121184    0.000000    4.079254 ^ _567_/A2 (sky130_fd_sc_hd__o21ai_2)
     1    0.002456    0.029710    0.054495    4.133748 v _567_/Y (sky130_fd_sc_hd__o21ai_2)
                                                         _129_ (net)
                      0.029710    0.000003    4.133751 v _568_/C1 (sky130_fd_sc_hd__o221a_2)
     1    0.004363    0.031674    0.109680    4.243431 v _568_/X (sky130_fd_sc_hd__o221a_2)
                                                         _130_ (net)
                      0.031674    0.000004    4.243434 v _569_/B1 (sky130_fd_sc_hd__o21ai_2)
     1    0.034692    0.205093    0.152792    4.396226 ^ _569_/Y (sky130_fd_sc_hd__o21ai_2)
                                                         y[9] (net)
                      0.205093    0.000172    4.396399 ^ y[9] (out)
                                              4.396399   data arrival time

                      0.000000    0.000000    0.000000   clock __VIRTUAL_CLK__ (rise edge)
                                  0.000000    0.000000   clock network delay (ideal)
                                  0.250000    0.250000   clock uncertainty
                                  0.000000    0.250000   clock reconvergence pessimism
                                 -4.000000   -3.750000   output external delay
                                             -3.750000   data required time
---------------------------------------------------------------------------------------------
                                             -3.750000   data required time
                                             -4.396399   data arrival time
---------------------------------------------------------------------------------------------
                                              8.146399   slack (MET)


Startpoint: A[31] (input port clocked by __VIRTUAL_CLK__)
Endpoint: y[31] (output port clocked by __VIRTUAL_CLK__)
Path Group: __VIRTUAL_CLK__
Path Type: min

Fanout         Cap        Slew       Delay        Time   Description
---------------------------------------------------------------------------------------------
                      0.000000    0.000000    0.000000   clock __VIRTUAL_CLK__ (rise edge)
                                  0.000000    0.000000   clock network delay (ideal)
                                  4.000000    4.000000 v input external delay
     3    0.011683    0.028175    0.017963    4.017963 v A[31] (in)
                                                         A[31] (net)
                      0.028175    0.000000    4.017963 v _873_/A (sky130_fd_sc_hd__nand2_2)
     3    0.012475    0.075667    0.071086    4.089050 ^ _873_/Y (sky130_fd_sc_hd__nand2_2)
                                                         _413_ (net)
                      0.075667    0.000007    4.089057 ^ _885_/A2 (sky130_fd_sc_hd__o221a_2)
     1    0.004891    0.052641    0.183550    4.272606 ^ _885_/X (sky130_fd_sc_hd__o221a_2)
                                                         _425_ (net)
                      0.052641    0.000007    4.272614 ^ _886_/B1 (sky130_fd_sc_hd__o21ai_2)
     1    0.034356    0.137291    0.124394    4.397007 v _886_/Y (sky130_fd_sc_hd__o21ai_2)
                                                         y[31] (net)
                      0.137291    0.000134    4.397141 v y[31] (out)
                                              4.397141   data arrival time

                      0.000000    0.000000    0.000000   clock __VIRTUAL_CLK__ (rise edge)
                                  0.000000    0.000000   clock network delay (ideal)
                                  0.250000    0.250000   clock uncertainty
                                  0.000000    0.250000   clock reconvergence pessimism
                                 -4.000000   -3.750000   output external delay
                                             -3.750000   data required time
---------------------------------------------------------------------------------------------
                                             -3.750000   data required time
                                             -4.397141   data arrival time
---------------------------------------------------------------------------------------------
                                              8.147141   slack (MET)


Startpoint: B[8] (input port clocked by __VIRTUAL_CLK__)
Endpoint: y[8] (output port clocked by __VIRTUAL_CLK__)
Path Group: __VIRTUAL_CLK__
Path Type: min

Fanout         Cap        Slew       Delay        Time   Description
---------------------------------------------------------------------------------------------
                      0.000000    0.000000    0.000000   clock __VIRTUAL_CLK__ (rise edge)
                                  0.000000    0.000000   clock network delay (ideal)
                                  4.000000    4.000000 ^ input external delay
     6    0.026284    0.123673    0.080897    4.080897 ^ B[8] (in)
                                                         B[8] (net)
                      0.123673    0.000000    4.080897 ^ _556_/A2 (sky130_fd_sc_hd__o21ai_2)
     1    0.002298    0.029456    0.054158    4.135056 v _556_/Y (sky130_fd_sc_hd__o21ai_2)
                                                         _119_ (net)
                      0.029456    0.000000    4.135056 v _557_/C1 (sky130_fd_sc_hd__o221a_2)
     1    0.004516    0.032104    0.110032    4.245088 v _557_/X (sky130_fd_sc_hd__o221a_2)
                                                         _120_ (net)
                      0.032104    0.000005    4.245093 v _558_/B1 (sky130_fd_sc_hd__o21ai_2)
     1    0.034727    0.205287    0.153012    4.398105 ^ _558_/Y (sky130_fd_sc_hd__o21ai_2)
                                                         y[8] (net)
                      0.205288    0.000278    4.398383 ^ y[8] (out)
                                              4.398383   data arrival time

                      0.000000    0.000000    0.000000   clock __VIRTUAL_CLK__ (rise edge)
                                  0.000000    0.000000   clock network delay (ideal)
                                  0.250000    0.250000   clock uncertainty
                                  0.000000    0.250000   clock reconvergence pessimism
                                 -4.000000   -3.750000   output external delay
                                             -3.750000   data required time
---------------------------------------------------------------------------------------------
                                             -3.750000   data required time
                                             -4.398383   data arrival time
---------------------------------------------------------------------------------------------
                                              8.148383   slack (MET)


Startpoint: A[18] (input port clocked by __VIRTUAL_CLK__)
Endpoint: y[18] (output port clocked by __VIRTUAL_CLK__)
Path Group: __VIRTUAL_CLK__
Path Type: min

Fanout         Cap        Slew       Delay        Time   Description
---------------------------------------------------------------------------------------------
                      0.000000    0.000000    0.000000   clock __VIRTUAL_CLK__ (rise edge)
                                  0.000000    0.000000   clock network delay (ideal)
                                  4.000000    4.000000 v input external delay
     4    0.011587    0.027986    0.017855    4.017855 v A[18] (in)
                                                         A[18] (net)
                      0.027987    0.000000    4.017855 v _683_/B (sky130_fd_sc_hd__nor2_2)
     2    0.004246    0.076629    0.070562    4.088417 ^ _683_/Y (sky130_fd_sc_hd__nor2_2)
                                                         _236_ (net)
                      0.076629    0.000001    4.088418 ^ _698_/A2 (sky130_fd_sc_hd__o221a_2)
     1    0.004708    0.051754    0.182952    4.271370 ^ _698_/X (sky130_fd_sc_hd__o221a_2)
                                                         _251_ (net)
                      0.051754    0.000004    4.271375 ^ _699_/B1 (sky130_fd_sc_hd__o21ai_2)
     1    0.035899    0.142869    0.127690    4.399065 v _699_/Y (sky130_fd_sc_hd__o21ai_2)
                                                         y[18] (net)
                      0.142872    0.000552    4.399617 v y[18] (out)
                                              4.399617   data arrival time

                      0.000000    0.000000    0.000000   clock __VIRTUAL_CLK__ (rise edge)
                                  0.000000    0.000000   clock network delay (ideal)
                                  0.250000    0.250000   clock uncertainty
                                  0.000000    0.250000   clock reconvergence pessimism
                                 -4.000000   -3.750000   output external delay
                                             -3.750000   data required time
---------------------------------------------------------------------------------------------
                                             -3.750000   data required time
                                             -4.399617   data arrival time
---------------------------------------------------------------------------------------------
                                              8.149616   slack (MET)


Startpoint: B[14] (input port clocked by __VIRTUAL_CLK__)
Endpoint: y[14] (output port clocked by __VIRTUAL_CLK__)
Path Group: __VIRTUAL_CLK__
Path Type: min

Fanout         Cap        Slew       Delay        Time   Description
---------------------------------------------------------------------------------------------
                      0.000000    0.000000    0.000000   clock __VIRTUAL_CLK__ (rise edge)
                                  0.000000    0.000000   clock network delay (ideal)
                                  4.000000    4.000000 ^ input external delay
     5    0.026152    0.123072    0.080498    4.080498 ^ B[14] (in)
                                                         B[14] (net)
                      0.123072    0.000000    4.080498 ^ _634_/A2 (sky130_fd_sc_hd__o21ai_2)
     1    0.002437    0.029863    0.054685    4.135183 v _634_/Y (sky130_fd_sc_hd__o21ai_2)
                                                         _191_ (net)
                      0.029863    0.000002    4.135185 v _635_/C1 (sky130_fd_sc_hd__o221a_2)
     1    0.004352    0.031644    0.109711    4.244896 v _635_/X (sky130_fd_sc_hd__o221a_2)
                                                         _192_ (net)
                      0.031644    0.000002    4.244899 v _636_/B1 (sky130_fd_sc_hd__o21ai_2)
     1    0.035338    0.208454    0.154974    4.399873 ^ _636_/Y (sky130_fd_sc_hd__o21ai_2)
                                                         y[14] (net)
                      0.208455    0.000257    4.400130 ^ y[14] (out)
                                              4.400130   data arrival time

                      0.000000    0.000000    0.000000   clock __VIRTUAL_CLK__ (rise edge)
                                  0.000000    0.000000   clock network delay (ideal)
                                  0.250000    0.250000   clock uncertainty
                                  0.000000    0.250000   clock reconvergence pessimism
                                 -4.000000   -3.750000   output external delay
                                             -3.750000   data required time
---------------------------------------------------------------------------------------------
                                             -3.750000   data required time
                                             -4.400130   data arrival time
---------------------------------------------------------------------------------------------
                                              8.150129   slack (MET)


Startpoint: B[25] (input port clocked by __VIRTUAL_CLK__)
Endpoint: y[25] (output port clocked by __VIRTUAL_CLK__)
Path Group: __VIRTUAL_CLK__
Path Type: min

Fanout         Cap        Slew       Delay        Time   Description
---------------------------------------------------------------------------------------------
                      0.000000    0.000000    0.000000   clock __VIRTUAL_CLK__ (rise edge)
                                  0.000000    0.000000   clock network delay (ideal)
                                  4.000000    4.000000 v input external delay
     4    0.012802    0.030522    0.019695    4.019695 v B[25] (in)
                                                         B[25] (net)
                      0.030522    0.000000    4.019695 v _785_/A (sky130_fd_sc_hd__nand2_2)
     3    0.010021    0.063534    0.063666    4.083361 ^ _785_/Y (sky130_fd_sc_hd__nand2_2)
                                                         _331_ (net)
                      0.063534    0.000008    4.083369 ^ _796_/A2 (sky130_fd_sc_hd__o22a_2)
     1    0.005046    0.042288    0.131778    4.215147 ^ _796_/X (sky130_fd_sc_hd__o22a_2)
                                                         _342_ (net)
                      0.042288    0.000012    4.215159 ^ _797_/C1 (sky130_fd_sc_hd__o211ai_2)
     1    0.034562    0.213436    0.185737    4.400896 v _797_/Y (sky130_fd_sc_hd__o211ai_2)
                                                         y[25] (net)
                      0.213436    0.000158    4.401053 v y[25] (out)
                                              4.401053   data arrival time

                      0.000000    0.000000    0.000000   clock __VIRTUAL_CLK__ (rise edge)
                                  0.000000    0.000000   clock network delay (ideal)
                                  0.250000    0.250000   clock uncertainty
                                  0.000000    0.250000   clock reconvergence pessimism
                                 -4.000000   -3.750000   output external delay
                                             -3.750000   data required time
---------------------------------------------------------------------------------------------
                                             -3.750000   data required time
                                             -4.401053   data arrival time
---------------------------------------------------------------------------------------------
                                              8.151053   slack (MET)


Startpoint: B[26] (input port clocked by __VIRTUAL_CLK__)
Endpoint: y[26] (output port clocked by __VIRTUAL_CLK__)
Path Group: __VIRTUAL_CLK__
Path Type: min

Fanout         Cap        Slew       Delay        Time   Description
---------------------------------------------------------------------------------------------
                      0.000000    0.000000    0.000000   clock __VIRTUAL_CLK__ (rise edge)
                                  0.000000    0.000000   clock network delay (ideal)
                                  4.000000    4.000000 v input external delay
     3    0.011416    0.027594    0.017560    4.017560 v B[26] (in)
                                                         B[26] (net)
                      0.027595    0.000000    4.017560 v _799_/A (sky130_fd_sc_hd__nand2_2)
     3    0.010045    0.063622    0.062577    4.080136 ^ _799_/Y (sky130_fd_sc_hd__nand2_2)
                                                         _344_ (net)
                      0.063622    0.000008    4.080144 ^ _809_/B1 (sky130_fd_sc_hd__o22a_2)
     1    0.005052    0.042257    0.135047    4.215191 ^ _809_/X (sky130_fd_sc_hd__o22a_2)
                                                         _354_ (net)
                      0.042257    0.000012    4.215203 ^ _810_/C1 (sky130_fd_sc_hd__o211ai_2)
     1    0.034691    0.213326    0.186157    4.401361 v _810_/Y (sky130_fd_sc_hd__o211ai_2)
                                                         y[26] (net)
                      0.213327    0.000273    4.401634 v y[26] (out)
                                              4.401634   data arrival time

                      0.000000    0.000000    0.000000   clock __VIRTUAL_CLK__ (rise edge)
                                  0.000000    0.000000   clock network delay (ideal)
                                  0.250000    0.250000   clock uncertainty
                                  0.000000    0.250000   clock reconvergence pessimism
                                 -4.000000   -3.750000   output external delay
                                             -3.750000   data required time
---------------------------------------------------------------------------------------------
                                             -3.750000   data required time
                                             -4.401634   data arrival time
---------------------------------------------------------------------------------------------
                                              8.151634   slack (MET)


Startpoint: A[13] (input port clocked by __VIRTUAL_CLK__)
Endpoint: y[13] (output port clocked by __VIRTUAL_CLK__)
Path Group: __VIRTUAL_CLK__
Path Type: min

Fanout         Cap        Slew       Delay        Time   Description
---------------------------------------------------------------------------------------------
                      0.000000    0.000000    0.000000   clock __VIRTUAL_CLK__ (rise edge)
                                  0.000000    0.000000   clock network delay (ideal)
                                  4.000000    4.000000 v input external delay
     5    0.027700    0.062607    0.042141    4.042141 v A[13] (in)
                                                         A[13] (net)
                      0.062608    0.000000    4.042141 v _614_/A (sky130_fd_sc_hd__nand2_2)
     2    0.005557    0.043752    0.061435    4.103576 ^ _614_/Y (sky130_fd_sc_hd__nand2_2)
                                                         _172_ (net)
                      0.043752    0.000008    4.103584 ^ _622_/A2 (sky130_fd_sc_hd__o221a_2)
     1    0.004819    0.052357    0.174915    4.278500 ^ _622_/X (sky130_fd_sc_hd__o221a_2)
                                                         _180_ (net)
                      0.052357    0.000008    4.278507 ^ _623_/B1 (sky130_fd_sc_hd__o21ai_2)
     1    0.035135    0.140078    0.126185    4.404693 v _623_/Y (sky130_fd_sc_hd__o21ai_2)
                                                         y[13] (net)
                      0.140079    0.000231    4.404924 v y[13] (out)
                                              4.404924   data arrival time

                      0.000000    0.000000    0.000000   clock __VIRTUAL_CLK__ (rise edge)
                                  0.000000    0.000000   clock network delay (ideal)
                                  0.250000    0.250000   clock uncertainty
                                  0.000000    0.250000   clock reconvergence pessimism
                                 -4.000000   -3.750000   output external delay
                                             -3.750000   data required time
---------------------------------------------------------------------------------------------
                                             -3.750000   data required time
                                             -4.404924   data arrival time
---------------------------------------------------------------------------------------------
                                              8.154924   slack (MET)


Startpoint: A[30] (input port clocked by __VIRTUAL_CLK__)
Endpoint: y[30] (output port clocked by __VIRTUAL_CLK__)
Path Group: __VIRTUAL_CLK__
Path Type: min

Fanout         Cap        Slew       Delay        Time   Description
---------------------------------------------------------------------------------------------
                      0.000000    0.000000    0.000000   clock __VIRTUAL_CLK__ (rise edge)
                                  0.000000    0.000000   clock network delay (ideal)
                                  4.000000    4.000000 v input external delay
     5    0.014095    0.033283    0.021631    4.021631 v A[30] (in)
                                                         A[30] (net)
                      0.033284    0.000000    4.021631 v _858_/A (sky130_fd_sc_hd__nand2_2)
     3    0.010123    0.064071    0.065120    4.086751 ^ _858_/Y (sky130_fd_sc_hd__nand2_2)
                                                         _399_ (net)
                      0.064071    0.000014    4.086764 ^ _861_/A (sky130_fd_sc_hd__nand2_2)
     3    0.011465    0.053105    0.064840    4.151604 v _861_/Y (sky130_fd_sc_hd__nand2_2)
                                                         _402_ (net)
                      0.053105    0.000031    4.151635 v _868_/A (sky130_fd_sc_hd__nand2_2)
     1    0.002487    0.028410    0.046999    4.198634 ^ _868_/Y (sky130_fd_sc_hd__nand2_2)
                                                         _409_ (net)
                      0.028410    0.000000    4.198635 ^ _872_/A1 (sky130_fd_sc_hd__a21o_2)
     1    0.035737    0.179763    0.207012    4.405646 ^ _872_/X (sky130_fd_sc_hd__a21o_2)
                                                         y[30] (net)
                      0.179764    0.000318    4.405964 ^ y[30] (out)
                                              4.405964   data arrival time

                      0.000000    0.000000    0.000000   clock __VIRTUAL_CLK__ (rise edge)
                                  0.000000    0.000000   clock network delay (ideal)
                                  0.250000    0.250000   clock uncertainty
                                  0.000000    0.250000   clock reconvergence pessimism
                                 -4.000000   -3.750000   output external delay
                                             -3.750000   data required time
---------------------------------------------------------------------------------------------
                                             -3.750000   data required time
                                             -4.405964   data arrival time
---------------------------------------------------------------------------------------------
                                              8.155963   slack (MET)


Startpoint: B[4] (input port clocked by __VIRTUAL_CLK__)
Endpoint: y[4] (output port clocked by __VIRTUAL_CLK__)
Path Group: __VIRTUAL_CLK__
Path Type: min

Fanout         Cap        Slew       Delay        Time   Description
---------------------------------------------------------------------------------------------
                      0.000000    0.000000    0.000000   clock __VIRTUAL_CLK__ (rise edge)
                                  0.000000    0.000000   clock network delay (ideal)
                                  4.000000    4.000000 ^ input external delay
     5    0.028415    0.133210    0.087252    4.087253 ^ B[4] (in)
                                                         B[4] (net)
                      0.133212    0.000000    4.087253 ^ _504_/A2 (sky130_fd_sc_hd__o21ai_2)
     1    0.002495    0.031255    0.055738    4.142991 v _504_/Y (sky130_fd_sc_hd__o21ai_2)
                                                         _071_ (net)
                      0.031255    0.000003    4.142993 v _505_/C1 (sky130_fd_sc_hd__o221a_2)
     1    0.004390    0.031748    0.110411    4.253405 v _505_/X (sky130_fd_sc_hd__o221a_2)
                                                         _072_ (net)
                      0.031748    0.000004    4.253408 v _506_/B1 (sky130_fd_sc_hd__o21ai_2)
     1    0.035834    0.211070    0.156572    4.409980 ^ _506_/Y (sky130_fd_sc_hd__o21ai_2)
                                                         y[4] (net)
                      0.211072    0.000536    4.410517 ^ y[4] (out)
                                              4.410517   data arrival time

                      0.000000    0.000000    0.000000   clock __VIRTUAL_CLK__ (rise edge)
                                  0.000000    0.000000   clock network delay (ideal)
                                  0.250000    0.250000   clock uncertainty
                                  0.000000    0.250000   clock reconvergence pessimism
                                 -4.000000   -3.750000   output external delay
                                             -3.750000   data required time
---------------------------------------------------------------------------------------------
                                             -3.750000   data required time
                                             -4.410517   data arrival time
---------------------------------------------------------------------------------------------
                                              8.160516   slack (MET)


Startpoint: A[16] (input port clocked by __VIRTUAL_CLK__)
Endpoint: y[16] (output port clocked by __VIRTUAL_CLK__)
Path Group: __VIRTUAL_CLK__
Path Type: min

Fanout         Cap        Slew       Delay        Time   Description
---------------------------------------------------------------------------------------------
                      0.000000    0.000000    0.000000   clock __VIRTUAL_CLK__ (rise edge)
                                  0.000000    0.000000   clock network delay (ideal)
                                  4.000000    4.000000 ^ input external delay
     4    0.014866    0.072807    0.047068    4.047068 ^ A[16] (in)
                                                         A[16] (net)
                      0.072808    0.000000    4.047068 ^ _654_/B (sky130_fd_sc_hd__nand2_2)
     3    0.007704    0.043336    0.061471    4.108539 v _654_/Y (sky130_fd_sc_hd__nand2_2)
                                                         _209_ (net)
                      0.043336    0.000008    4.108547 v _668_/B (sky130_fd_sc_hd__nor2_2)
     1    0.002455    0.058027    0.062574    4.171121 ^ _668_/Y (sky130_fd_sc_hd__nor2_2)
                                                         _223_ (net)
                      0.058027    0.000000    4.171121 ^ _669_/C1 (sky130_fd_sc_hd__a221o_2)
     1    0.002733    0.030457    0.093319    4.264439 ^ _669_/X (sky130_fd_sc_hd__a221o_2)
                                                         _224_ (net)
                      0.030457    0.000003    4.264442 ^ _670_/B1 (sky130_fd_sc_hd__a21o_2)
     1    0.036981    0.185589    0.181142    4.445584 ^ _670_/X (sky130_fd_sc_hd__a21o_2)
                                                         y[16] (net)
                      0.185591    0.000504    4.446088 ^ y[16] (out)
                                              4.446088   data arrival time

                      0.000000    0.000000    0.000000   clock __VIRTUAL_CLK__ (rise edge)
                                  0.000000    0.000000   clock network delay (ideal)
                                  0.250000    0.250000   clock uncertainty
                                  0.000000    0.250000   clock reconvergence pessimism
                                 -4.000000   -3.750000   output external delay
                                             -3.750000   data required time
---------------------------------------------------------------------------------------------
                                             -3.750000   data required time
                                             -4.446088   data arrival time
---------------------------------------------------------------------------------------------
                                              8.196088   slack (MET)


Startpoint: A[2] (input port clocked by __VIRTUAL_CLK__)
Endpoint: y[2] (output port clocked by __VIRTUAL_CLK__)
Path Group: __VIRTUAL_CLK__
Path Type: min

Fanout         Cap        Slew       Delay        Time   Description
---------------------------------------------------------------------------------------------
                      0.000000    0.000000    0.000000   clock __VIRTUAL_CLK__ (rise edge)
                                  0.000000    0.000000   clock network delay (ideal)
                                  4.000000    4.000000 v input external delay
     4    0.019887    0.045755    0.030362    4.030362 v A[2] (in)
                                                         A[2] (net)
                      0.045755    0.000000    4.030362 v _464_/A (sky130_fd_sc_hd__nand2_2)
     2    0.004502    0.036697    0.051037    4.081398 ^ _464_/Y (sky130_fd_sc_hd__nand2_2)
                                                         _033_ (net)
                      0.036697    0.000004    4.081403 ^ _474_/B (sky130_fd_sc_hd__or2_2)
     1    0.002454    0.028079    0.084077    4.165480 ^ _474_/X (sky130_fd_sc_hd__or2_2)
                                                         _043_ (net)
                      0.028079    0.000001    4.165482 ^ _475_/C1 (sky130_fd_sc_hd__o221a_2)
     1    0.004858    0.052479    0.157453    4.322934 ^ _475_/X (sky130_fd_sc_hd__o221a_2)
                                                         _044_ (net)
                      0.052479    0.000007    4.322941 ^ _476_/B1 (sky130_fd_sc_hd__o21ai_2)
     1    0.034268    0.136975    0.124137    4.447078 v _476_/Y (sky130_fd_sc_hd__o21ai_2)
                                                         y[2] (net)
                      0.136975    0.000115    4.447193 v y[2] (out)
                                              4.447193   data arrival time

                      0.000000    0.000000    0.000000   clock __VIRTUAL_CLK__ (rise edge)
                                  0.000000    0.000000   clock network delay (ideal)
                                  0.250000    0.250000   clock uncertainty
                                  0.000000    0.250000   clock reconvergence pessimism
                                 -4.000000   -3.750000   output external delay
                                             -3.750000   data required time
---------------------------------------------------------------------------------------------
                                             -3.750000   data required time
                                             -4.447193   data arrival time
---------------------------------------------------------------------------------------------
                                              8.197192   slack (MET)


Startpoint: A[22] (input port clocked by __VIRTUAL_CLK__)
Endpoint: y[22] (output port clocked by __VIRTUAL_CLK__)
Path Group: __VIRTUAL_CLK__
Path Type: min

Fanout         Cap        Slew       Delay        Time   Description
---------------------------------------------------------------------------------------------
                      0.000000    0.000000    0.000000   clock __VIRTUAL_CLK__ (rise edge)
                                  0.000000    0.000000   clock network delay (ideal)
                                  4.000000    4.000000 ^ input external delay
     4    0.014675    0.071947    0.046469    4.046469 ^ A[22] (in)
                                                         A[22] (net)
                      0.071948    0.000000    4.046469 ^ _739_/B (sky130_fd_sc_hd__or2_2)
     2    0.005471    0.042369    0.108780    4.155249 ^ _739_/X (sky130_fd_sc_hd__or2_2)
                                                         _288_ (net)
                      0.042369    0.000010    4.155259 ^ _751_/B1 (sky130_fd_sc_hd__a221o_2)
     1    0.002900    0.031301    0.119369    4.274627 ^ _751_/X (sky130_fd_sc_hd__a221o_2)
                                                         _300_ (net)
                      0.031301    0.000006    4.274633 ^ _752_/B1 (sky130_fd_sc_hd__a21o_2)
     1    0.034850    0.175626    0.174792    4.449425 ^ _752_/X (sky130_fd_sc_hd__a21o_2)
                                                         y[22] (net)
                      0.175627    0.000301    4.449726 ^ y[22] (out)
                                              4.449726   data arrival time

                      0.000000    0.000000    0.000000   clock __VIRTUAL_CLK__ (rise edge)
                                  0.000000    0.000000   clock network delay (ideal)
                                  0.250000    0.250000   clock uncertainty
                                  0.000000    0.250000   clock reconvergence pessimism
                                 -4.000000   -3.750000   output external delay
                                             -3.750000   data required time
---------------------------------------------------------------------------------------------
                                             -3.750000   data required time
                                             -4.449726   data arrival time
---------------------------------------------------------------------------------------------
                                              8.199725   slack (MET)


Startpoint: B[27] (input port clocked by __VIRTUAL_CLK__)
Endpoint: y[27] (output port clocked by __VIRTUAL_CLK__)
Path Group: __VIRTUAL_CLK__
Path Type: min

Fanout         Cap        Slew       Delay        Time   Description
---------------------------------------------------------------------------------------------
                      0.000000    0.000000    0.000000   clock __VIRTUAL_CLK__ (rise edge)
                                  0.000000    0.000000   clock network delay (ideal)
                                  4.000000    4.000000 v input external delay
     4    0.012997    0.030936    0.019992    4.019992 v B[27] (in)
                                                         B[27] (net)
                      0.030936    0.000000    4.019992 v _811_/A (sky130_fd_sc_hd__nand2_2)
     3    0.010478    0.065799    0.065392    4.085384 ^ _811_/Y (sky130_fd_sc_hd__nand2_2)
                                                         _355_ (net)
                      0.065799    0.000010    4.085394 ^ _814_/A (sky130_fd_sc_hd__nand2_2)
     6    0.017588    0.075788    0.081666    4.167060 v _814_/Y (sky130_fd_sc_hd__nand2_2)
                                                         _358_ (net)
                      0.075788    0.000010    4.167070 v _824_/B (sky130_fd_sc_hd__nor2_2)
     1    0.001717    0.053840    0.069080    4.236150 ^ _824_/Y (sky130_fd_sc_hd__nor2_2)
                                                         _368_ (net)
                      0.053840    0.000000    4.236151 ^ _826_/B (sky130_fd_sc_hd__or3b_2)
     1    0.034820    0.200900    0.217189    4.453340 ^ _826_/X (sky130_fd_sc_hd__or3b_2)
                                                         y[27] (net)
                      0.200900    0.000305    4.453645 ^ y[27] (out)
                                              4.453645   data arrival time

                      0.000000    0.000000    0.000000   clock __VIRTUAL_CLK__ (rise edge)
                                  0.000000    0.000000   clock network delay (ideal)
                                  0.250000    0.250000   clock uncertainty
                                  0.000000    0.250000   clock reconvergence pessimism
                                 -4.000000   -3.750000   output external delay
                                             -3.750000   data required time
---------------------------------------------------------------------------------------------
                                             -3.750000   data required time
                                             -4.453645   data arrival time
---------------------------------------------------------------------------------------------
                                              8.203645   slack (MET)


Startpoint: A[19] (input port clocked by __VIRTUAL_CLK__)
Endpoint: y[19] (output port clocked by __VIRTUAL_CLK__)
Path Group: __VIRTUAL_CLK__
Path Type: min

Fanout         Cap        Slew       Delay        Time   Description
---------------------------------------------------------------------------------------------
                      0.000000    0.000000    0.000000   clock __VIRTUAL_CLK__ (rise edge)
                                  0.000000    0.000000   clock network delay (ideal)
                                  4.000000    4.000000 ^ input external delay
     3    0.007093    0.038495    0.023369    4.023369 ^ A[19] (in)
                                                         A[19] (net)
                      0.038495    0.000000    4.023369 ^ _701_/B (sky130_fd_sc_hd__or2_2)
     3    0.012494    0.075494    0.121991    4.145360 ^ _701_/X (sky130_fd_sc_hd__or2_2)
                                                         _253_ (net)
                      0.075494    0.000010    4.145370 ^ _711_/B1 (sky130_fd_sc_hd__a221o_2)
     1    0.002677    0.030294    0.129230    4.274601 ^ _711_/X (sky130_fd_sc_hd__a221o_2)
                                                         _263_ (net)
                      0.030294    0.000002    4.274602 ^ _712_/B1 (sky130_fd_sc_hd__a21o_2)
     1    0.036258    0.182107    0.178868    4.453470 ^ _712_/X (sky130_fd_sc_hd__a21o_2)
                                                         y[19] (net)
                      0.182108    0.000394    4.453864 ^ y[19] (out)
                                              4.453864   data arrival time

                      0.000000    0.000000    0.000000   clock __VIRTUAL_CLK__ (rise edge)
                                  0.000000    0.000000   clock network delay (ideal)
                                  0.250000    0.250000   clock uncertainty
                                  0.000000    0.250000   clock reconvergence pessimism
                                 -4.000000   -3.750000   output external delay
                                             -3.750000   data required time
---------------------------------------------------------------------------------------------
                                             -3.750000   data required time
                                             -4.453864   data arrival time
---------------------------------------------------------------------------------------------
                                              8.203863   slack (MET)


Startpoint: B[15] (input port clocked by __VIRTUAL_CLK__)
Endpoint: y[15] (output port clocked by __VIRTUAL_CLK__)
Path Group: __VIRTUAL_CLK__
Path Type: min

Fanout         Cap        Slew       Delay        Time   Description
---------------------------------------------------------------------------------------------
                      0.000000    0.000000    0.000000   clock __VIRTUAL_CLK__ (rise edge)
                                  0.000000    0.000000   clock network delay (ideal)
                                  4.000000    4.000000 ^ input external delay
     4    0.017642    0.085164    0.055302    4.055303 ^ B[15] (in)
                                                         B[15] (net)
                      0.085165    0.000000    4.055303 ^ _638_/B (sky130_fd_sc_hd__or2_2)
     2    0.007458    0.051814    0.120588    4.175891 ^ _638_/X (sky130_fd_sc_hd__or2_2)
                                                         _194_ (net)
                      0.051814    0.000012    4.175903 ^ _651_/B1 (sky130_fd_sc_hd__a221o_2)
     1    0.003181    0.032528    0.123934    4.299837 ^ _651_/X (sky130_fd_sc_hd__a221o_2)
                                                         _207_ (net)
                      0.032528    0.000008    4.299845 ^ _652_/B1 (sky130_fd_sc_hd__a21o_2)
     1    0.036499    0.183260    0.180397    4.480243 ^ _652_/X (sky130_fd_sc_hd__a21o_2)
                                                         y[15] (net)
                      0.183262    0.000421    4.480663 ^ y[15] (out)
                                              4.480663   data arrival time

                      0.000000    0.000000    0.000000   clock __VIRTUAL_CLK__ (rise edge)
                                  0.000000    0.000000   clock network delay (ideal)
                                  0.250000    0.250000   clock uncertainty
                                  0.000000    0.250000   clock reconvergence pessimism
                                 -4.000000   -3.750000   output external delay
                                             -3.750000   data required time
---------------------------------------------------------------------------------------------
                                             -3.750000   data required time
                                             -4.480663   data arrival time
---------------------------------------------------------------------------------------------
                                              8.230663   slack (MET)


Startpoint: B[28] (input port clocked by __VIRTUAL_CLK__)
Endpoint: y[29] (output port clocked by __VIRTUAL_CLK__)
Path Group: __VIRTUAL_CLK__
Path Type: min

Fanout         Cap        Slew       Delay        Time   Description
---------------------------------------------------------------------------------------------
                      0.000000    0.000000    0.000000   clock __VIRTUAL_CLK__ (rise edge)
                                  0.000000    0.000000   clock network delay (ideal)
                                  4.000000    4.000000 v input external delay
     4    0.015699    0.036742    0.024042    4.024042 v B[28] (in)
                                                         B[28] (net)
                      0.036742    0.000000    4.024042 v _435_/A (sky130_fd_sc_hd__inv_2)
     2    0.005456    0.033260    0.043298    4.067340 ^ _435_/Y (sky130_fd_sc_hd__inv_2)
                                                         _006_ (net)
                      0.033260    0.000003    4.067343 ^ _852_/A2 (sky130_fd_sc_hd__o221a_2)
     2    0.008138    0.066528    0.186849    4.254192 ^ _852_/X (sky130_fd_sc_hd__o221a_2)
                                                         _394_ (net)
                      0.066528    0.000026    4.254218 ^ _853_/A2 (sky130_fd_sc_hd__o21ai_2)
     1    0.002415    0.023253    0.044919    4.299137 v _853_/Y (sky130_fd_sc_hd__o21ai_2)
                                                         _395_ (net)
                      0.023253    0.000001    4.299139 v _857_/A1 (sky130_fd_sc_hd__a21bo_2)
     1    0.035764    0.103066    0.247112    4.546251 v _857_/X (sky130_fd_sc_hd__a21bo_2)
                                                         y[29] (net)
                      0.103066    0.000318    4.546569 v y[29] (out)
                                              4.546569   data arrival time

                      0.000000    0.000000    0.000000   clock __VIRTUAL_CLK__ (rise edge)
                                  0.000000    0.000000   clock network delay (ideal)
                                  0.250000    0.250000   clock uncertainty
                                  0.000000    0.250000   clock reconvergence pessimism
                                 -4.000000   -3.750000   output external delay
                                             -3.750000   data required time
---------------------------------------------------------------------------------------------
                                             -3.750000   data required time
                                             -4.546569   data arrival time
---------------------------------------------------------------------------------------------
                                              8.296569   slack (MET)



