
===========================================================================
report_checks -unconstrained
===========================================================================
======================= min_ss_100C_1v60 Corner ===================================

Startpoint: B[5] (input port clocked by __VIRTUAL_CLK__)
Endpoint: S[21] (output port clocked by __VIRTUAL_CLK__)
Path Group: __VIRTUAL_CLK__
Path Type: max

Fanout         Cap        Slew       Delay        Time   Description
---------------------------------------------------------------------------------------------
                      0.000000    0.000000    0.000000   clock __VIRTUAL_CLK__ (rise edge)
                                  0.000000    0.000000   clock network delay (ideal)
                                  0.800000    0.800000 ^ input external delay
     1    0.005314    0.049327    0.030510    0.830510 ^ B[5] (in)
                                                         B[5] (net)
                      0.049328    0.000000    0.830510 ^ input60/A (sky130_fd_sc_hd__clkdlybuf4s25_1)
     7    0.045198    0.722668    0.969327    1.799837 ^ input60/X (sky130_fd_sc_hd__clkdlybuf4s25_1)
                                                         net60 (net)
                      0.722668    0.000372    1.800209 ^ _355_/A2 (sky130_fd_sc_hd__a21boi_2)
     1    0.008946    0.160149    0.357322    2.157531 v _355_/Y (sky130_fd_sc_hd__a21boi_2)
                                                         _084_ (net)
                      0.160149    0.000092    2.157623 v _356_/B1 (sky130_fd_sc_hd__o21ai_4)
     3    0.022185    0.332436    0.196857    2.354479 ^ _356_/Y (sky130_fd_sc_hd__o21ai_4)
                                                         _085_ (net)
                      0.332436    0.000412    2.354892 ^ _407_/B1 (sky130_fd_sc_hd__o21ai_2)
     2    0.008148    0.124231    0.234666    2.589558 v _407_/Y (sky130_fd_sc_hd__o21ai_2)
                                                         _136_ (net)
                      0.124231    0.000131    2.589689 v _408_/B2 (sky130_fd_sc_hd__a2bb2oi_2)
     1    0.004818    0.178253    0.238748    2.828436 ^ _408_/Y (sky130_fd_sc_hd__a2bb2oi_2)
                                                         _137_ (net)
                      0.178253    0.000045    2.828481 ^ _409_/A (sky130_fd_sc_hd__nand2_2)
     2    0.015462    0.150118    0.208437    3.036918 v _409_/Y (sky130_fd_sc_hd__nand2_2)
                                                         _138_ (net)
                      0.150118    0.000302    3.037220 v _411_/A (sky130_fd_sc_hd__nand3_4)
     3    0.019773    0.146108    0.176849    3.214069 ^ _411_/Y (sky130_fd_sc_hd__nand3_4)
                                                         _140_ (net)
                      0.146108    0.000256    3.214325 ^ _415_/B (sky130_fd_sc_hd__nand3_4)
     3    0.016380    0.168074    0.221548    3.435873 v _415_/Y (sky130_fd_sc_hd__nand3_4)
                                                         _144_ (net)
                      0.168074    0.000381    3.436254 v _424_/B1 (sky130_fd_sc_hd__o22ai_4)
     4    0.030401    0.449277    0.448658    3.884912 ^ _424_/Y (sky130_fd_sc_hd__o22ai_4)
                                                         _153_ (net)
                      0.449277    0.000438    3.885350 ^ _470_/B1 (sky130_fd_sc_hd__o22ai_4)
     5    0.021495    0.182737    0.337518    4.222868 v _470_/Y (sky130_fd_sc_hd__o22ai_4)
                                                         _195_ (net)
                      0.182737    0.000334    4.223202 v max_cap99/A (sky130_fd_sc_hd__buf_6)
     3    0.027935    0.069885    0.308151    4.531353 v max_cap99/X (sky130_fd_sc_hd__buf_6)
                                                         net99 (net)
                      0.069885    0.000161    4.531514 v _480_/A1 (sky130_fd_sc_hd__a211o_4)
     1    0.009238    0.089670    0.614473    5.145987 v _480_/X (sky130_fd_sc_hd__a211o_4)
                                                         _204_ (net)
                      0.089670    0.000107    5.146094 v _482_/B (sky130_fd_sc_hd__nand2_4)
     1    0.009021    0.076040    0.124780    5.270875 ^ _482_/Y (sky130_fd_sc_hd__nand2_4)
                                                         net79 (net)
                      0.076040    0.000163    5.271037 ^ output79/A (sky130_fd_sc_hd__buf_8)
     1    0.035267    0.106750    0.219609    5.490646 ^ output79/X (sky130_fd_sc_hd__buf_8)
                                                         S[21] (net)
                      0.106751    0.000630    5.491276 ^ S[21] (out)
                                              5.491276   data arrival time

                      0.000000    4.000000    4.000000   clock __VIRTUAL_CLK__ (rise edge)
                                  0.000000    4.000000   clock network delay (ideal)
                                 -0.250000    3.750000   clock uncertainty
                                  0.000000    3.750000   clock reconvergence pessimism
                                 -0.800000    2.950000   output external delay
                                              2.950000   data required time
---------------------------------------------------------------------------------------------
                                              2.950000   data required time
                                             -5.491276   data arrival time
---------------------------------------------------------------------------------------------
                                             -2.541276   slack (VIOLATED)




===========================================================================
report_checks --slack_max -0.01
============================================================================
======================= min_ss_100C_1v60 Corner ===================================

Startpoint: B[5] (input port clocked by __VIRTUAL_CLK__)
Endpoint: S[21] (output port clocked by __VIRTUAL_CLK__)
Path Group: __VIRTUAL_CLK__
Path Type: max

Fanout         Cap        Slew       Delay        Time   Description
---------------------------------------------------------------------------------------------
                      0.000000    0.000000    0.000000   clock __VIRTUAL_CLK__ (rise edge)
                                  0.000000    0.000000   clock network delay (ideal)
                                  0.800000    0.800000 ^ input external delay
     1    0.005314    0.049327    0.030510    0.830510 ^ B[5] (in)
                                                         B[5] (net)
                      0.049328    0.000000    0.830510 ^ input60/A (sky130_fd_sc_hd__clkdlybuf4s25_1)
     7    0.045198    0.722668    0.969327    1.799837 ^ input60/X (sky130_fd_sc_hd__clkdlybuf4s25_1)
                                                         net60 (net)
                      0.722668    0.000372    1.800209 ^ _355_/A2 (sky130_fd_sc_hd__a21boi_2)
     1    0.008946    0.160149    0.357322    2.157531 v _355_/Y (sky130_fd_sc_hd__a21boi_2)
                                                         _084_ (net)
                      0.160149    0.000092    2.157623 v _356_/B1 (sky130_fd_sc_hd__o21ai_4)
     3    0.022185    0.332436    0.196857    2.354479 ^ _356_/Y (sky130_fd_sc_hd__o21ai_4)
                                                         _085_ (net)
                      0.332436    0.000412    2.354892 ^ _407_/B1 (sky130_fd_sc_hd__o21ai_2)
     2    0.008148    0.124231    0.234666    2.589558 v _407_/Y (sky130_fd_sc_hd__o21ai_2)
                                                         _136_ (net)
                      0.124231    0.000131    2.589689 v _408_/B2 (sky130_fd_sc_hd__a2bb2oi_2)
     1    0.004818    0.178253    0.238748    2.828436 ^ _408_/Y (sky130_fd_sc_hd__a2bb2oi_2)
                                                         _137_ (net)
                      0.178253    0.000045    2.828481 ^ _409_/A (sky130_fd_sc_hd__nand2_2)
     2    0.015462    0.150118    0.208437    3.036918 v _409_/Y (sky130_fd_sc_hd__nand2_2)
                                                         _138_ (net)
                      0.150118    0.000302    3.037220 v _411_/A (sky130_fd_sc_hd__nand3_4)
     3    0.019773    0.146108    0.176849    3.214069 ^ _411_/Y (sky130_fd_sc_hd__nand3_4)
                                                         _140_ (net)
                      0.146108    0.000256    3.214325 ^ _415_/B (sky130_fd_sc_hd__nand3_4)
     3    0.016380    0.168074    0.221548    3.435873 v _415_/Y (sky130_fd_sc_hd__nand3_4)
                                                         _144_ (net)
                      0.168074    0.000381    3.436254 v _424_/B1 (sky130_fd_sc_hd__o22ai_4)
     4    0.030401    0.449277    0.448658    3.884912 ^ _424_/Y (sky130_fd_sc_hd__o22ai_4)
                                                         _153_ (net)
                      0.449277    0.000438    3.885350 ^ _470_/B1 (sky130_fd_sc_hd__o22ai_4)
     5    0.021495    0.182737    0.337518    4.222868 v _470_/Y (sky130_fd_sc_hd__o22ai_4)
                                                         _195_ (net)
                      0.182737    0.000334    4.223202 v max_cap99/A (sky130_fd_sc_hd__buf_6)
     3    0.027935    0.069885    0.308151    4.531353 v max_cap99/X (sky130_fd_sc_hd__buf_6)
                                                         net99 (net)
                      0.069885    0.000161    4.531514 v _480_/A1 (sky130_fd_sc_hd__a211o_4)
     1    0.009238    0.089670    0.614473    5.145987 v _480_/X (sky130_fd_sc_hd__a211o_4)
                                                         _204_ (net)
                      0.089670    0.000107    5.146094 v _482_/B (sky130_fd_sc_hd__nand2_4)
     1    0.009021    0.076040    0.124780    5.270875 ^ _482_/Y (sky130_fd_sc_hd__nand2_4)
                                                         net79 (net)
                      0.076040    0.000163    5.271037 ^ output79/A (sky130_fd_sc_hd__buf_8)
     1    0.035267    0.106750    0.219609    5.490646 ^ output79/X (sky130_fd_sc_hd__buf_8)
                                                         S[21] (net)
                      0.106751    0.000630    5.491276 ^ S[21] (out)
                                              5.491276   data arrival time

                      0.000000    4.000000    4.000000   clock __VIRTUAL_CLK__ (rise edge)
                                  0.000000    4.000000   clock network delay (ideal)
                                 -0.250000    3.750000   clock uncertainty
                                  0.000000    3.750000   clock reconvergence pessimism
                                 -0.800000    2.950000   output external delay
                                              2.950000   data required time
---------------------------------------------------------------------------------------------
                                              2.950000   data required time
                                             -5.491276   data arrival time
---------------------------------------------------------------------------------------------
                                             -2.541276   slack (VIOLATED)




===========================================================================
 report_check_types -max_slew -max_cap -max_fanout -violators
============================================================================
======================= min_ss_100C_1v60 Corner ===================================



===========================================================================
report_parasitic_annotation -report_unannotated
============================================================================
Found 0 unannotated drivers.
Found 0 partially unannotated drivers.

===========================================================================
max slew violation count 0
max fanout violation count 0
max cap violation count 0
============================================================================

===========================================================================
check_setup -verbose -unconstrained_endpoints -multiple_clock -no_clock -no_input_delay -loops -generated_clocks
===========================================================================
