
===========================================================================
Violator List
============================================================================
[setup in-out] B[5] -> S[21] : -2.541276
[setup in-out] B[5] -> S[30] : -2.484574
[setup in-out] B[5] -> S[23] : -2.483174
[setup in-out] B[5] -> S[28] : -2.482515
[setup in-out] sub -> S[24] : -2.478129
[setup in-out] sub -> S[22] : -2.476619
[setup in-out] sub -> S[31] : -2.462100
[setup in-out] sub -> S[10] : -2.439900
[setup in-out] sub -> S[15] : -2.413246
[setup in-out] sub -> S[13] : -2.381784
[setup in-out] sub -> S[26] : -2.371544
[setup in-out] sub -> S[11] : -2.340278
[setup in-out] sub -> S[25] : -2.327056
[setup in-out] sub -> S[20] : -2.325430
[setup in-out] B[5] -> carryOut : -2.319328
[setup in-out] sub -> S[29] : -2.256349
[setup in-out] sub -> S[27] : -2.248393
[setup in-out] sub -> S[7] : -2.213660
[setup in-out] sub -> S[19] : -2.197727
[setup in-out] sub -> S[17] : -2.120555
[setup in-out] sub -> S[9] : -2.102530
[setup in-out] sub -> S[18] : -2.082874
[setup in-out] B[5] -> S[14] : -2.009459
[setup in-out] sub -> S[12] : -1.968301
[setup in-out] sub -> S[6] : -1.856018
[setup in-out] sub -> S[8] : -1.747651
[setup in-out] sub -> S[16] : -1.666011
[setup in-out] sub -> S[5] : -1.595173
[setup in-out] sub -> S[4] : -1.273672
[setup in-out] sub -> S[3] : -0.961865
[setup in-out] sub -> S[2] : -0.886707
[setup in-out] sub -> S[1] : -0.575773
