
===========================================================================
report_checks -unconstrained
===========================================================================
======================= nom_tt_025C_1v80 Corner ===================================

Startpoint: sub (input port clocked by __VIRTUAL_CLK__)
Endpoint: S[17] (output port clocked by __VIRTUAL_CLK__)
Path Group: __VIRTUAL_CLK__
Path Type: max

Fanout         Cap        Slew       Delay        Time   Description
---------------------------------------------------------------------------------------------
                      0.000000    0.000000    0.000000   clock __VIRTUAL_CLK__ (rise edge)
                                  0.000000    0.000000   clock network delay (ideal)
                                  0.800000    0.800000 ^ input external delay
   101    0.425937    1.896105    1.373420    2.173420 ^ sub (in)
                                                         sub (net)
                      1.896156    0.000000    2.173420 ^ _660_/A (sky130_fd_sc_hd__inv_6)
    17    0.083912    0.344062    0.255163    2.428584 v _660_/Y (sky130_fd_sc_hd__inv_6)
                                                         _352_ (net)
                      0.344065    0.000779    2.429363 v _674_/A (sky130_fd_sc_hd__and2_4)
     3    0.017750    0.046605    0.298042    2.727405 v _674_/X (sky130_fd_sc_hd__and2_4)
                                                         _013_ (net)
                      0.046605    0.000008    2.727412 v _678_/A1 (sky130_fd_sc_hd__o21ai_4)
     4    0.017845    0.175881    0.205648    2.933061 ^ _678_/Y (sky130_fd_sc_hd__o21ai_4)
                                                         _017_ (net)
                      0.175881    0.000089    2.933149 ^ _693_/D1 (sky130_fd_sc_hd__o2111ai_2)
     3    0.007225    0.118371    0.149085    3.082235 v _693_/Y (sky130_fd_sc_hd__o2111ai_2)
                                                         _032_ (net)
                      0.118371    0.000042    3.082277 v _434_/B1 (sky130_fd_sc_hd__o2bb2a_2)
     1    0.002867    0.044428    0.293149    3.375426 v _434_/X (sky130_fd_sc_hd__o2bb2a_2)
                                                         _159_ (net)
                      0.044428    0.000010    3.375437 v _437_/B1_N (sky130_fd_sc_hd__o21bai_4)
     5    0.029807    0.100899    0.222260    3.597696 v _437_/Y (sky130_fd_sc_hd__o21bai_4)
                                                         _162_ (net)
                      0.100899    0.000427    3.598123 v _445_/A1 (sky130_fd_sc_hd__a21bo_2)
     1    0.007926    0.048630    0.236561    3.834685 v _445_/X (sky130_fd_sc_hd__a21bo_2)
                                                         _169_ (net)
                      0.048630    0.000004    3.834689 v _446_/B (sky130_fd_sc_hd__xor2_2)
     1    0.036611    0.453038    0.398406    4.233095 ^ _446_/X (sky130_fd_sc_hd__xor2_2)
                                                         S[17] (net)
                      0.453039    0.000491    4.233586 ^ S[17] (out)
                                              4.233586   data arrival time

                      0.000000    4.000000    4.000000   clock __VIRTUAL_CLK__ (rise edge)
                                  0.000000    4.000000   clock network delay (ideal)
                                 -0.250000    3.750000   clock uncertainty
                                  0.000000    3.750000   clock reconvergence pessimism
                                 -0.800000    2.950000   output external delay
                                              2.950000   data required time
---------------------------------------------------------------------------------------------
                                              2.950000   data required time
                                             -4.233586   data arrival time
---------------------------------------------------------------------------------------------
                                             -1.283586   slack (VIOLATED)




===========================================================================
report_checks --slack_max -0.01
============================================================================
======================= nom_tt_025C_1v80 Corner ===================================

Startpoint: sub (input port clocked by __VIRTUAL_CLK__)
Endpoint: S[17] (output port clocked by __VIRTUAL_CLK__)
Path Group: __VIRTUAL_CLK__
Path Type: max

Fanout         Cap        Slew       Delay        Time   Description
---------------------------------------------------------------------------------------------
                      0.000000    0.000000    0.000000   clock __VIRTUAL_CLK__ (rise edge)
                                  0.000000    0.000000   clock network delay (ideal)
                                  0.800000    0.800000 ^ input external delay
   101    0.425937    1.896105    1.373420    2.173420 ^ sub (in)
                                                         sub (net)
                      1.896156    0.000000    2.173420 ^ _660_/A (sky130_fd_sc_hd__inv_6)
    17    0.083912    0.344062    0.255163    2.428584 v _660_/Y (sky130_fd_sc_hd__inv_6)
                                                         _352_ (net)
                      0.344065    0.000779    2.429363 v _674_/A (sky130_fd_sc_hd__and2_4)
     3    0.017750    0.046605    0.298042    2.727405 v _674_/X (sky130_fd_sc_hd__and2_4)
                                                         _013_ (net)
                      0.046605    0.000008    2.727412 v _678_/A1 (sky130_fd_sc_hd__o21ai_4)
     4    0.017845    0.175881    0.205648    2.933061 ^ _678_/Y (sky130_fd_sc_hd__o21ai_4)
                                                         _017_ (net)
                      0.175881    0.000089    2.933149 ^ _693_/D1 (sky130_fd_sc_hd__o2111ai_2)
     3    0.007225    0.118371    0.149085    3.082235 v _693_/Y (sky130_fd_sc_hd__o2111ai_2)
                                                         _032_ (net)
                      0.118371    0.000042    3.082277 v _434_/B1 (sky130_fd_sc_hd__o2bb2a_2)
     1    0.002867    0.044428    0.293149    3.375426 v _434_/X (sky130_fd_sc_hd__o2bb2a_2)
                                                         _159_ (net)
                      0.044428    0.000010    3.375437 v _437_/B1_N (sky130_fd_sc_hd__o21bai_4)
     5    0.029807    0.100899    0.222260    3.597696 v _437_/Y (sky130_fd_sc_hd__o21bai_4)
                                                         _162_ (net)
                      0.100899    0.000427    3.598123 v _445_/A1 (sky130_fd_sc_hd__a21bo_2)
     1    0.007926    0.048630    0.236561    3.834685 v _445_/X (sky130_fd_sc_hd__a21bo_2)
                                                         _169_ (net)
                      0.048630    0.000004    3.834689 v _446_/B (sky130_fd_sc_hd__xor2_2)
     1    0.036611    0.453038    0.398406    4.233095 ^ _446_/X (sky130_fd_sc_hd__xor2_2)
                                                         S[17] (net)
                      0.453039    0.000491    4.233586 ^ S[17] (out)
                                              4.233586   data arrival time

                      0.000000    4.000000    4.000000   clock __VIRTUAL_CLK__ (rise edge)
                                  0.000000    4.000000   clock network delay (ideal)
                                 -0.250000    3.750000   clock uncertainty
                                  0.000000    3.750000   clock reconvergence pessimism
                                 -0.800000    2.950000   output external delay
                                              2.950000   data required time
---------------------------------------------------------------------------------------------
                                              2.950000   data required time
                                             -4.233586   data arrival time
---------------------------------------------------------------------------------------------
                                             -1.283586   slack (VIOLATED)




===========================================================================
 report_check_types -max_slew -max_cap -max_fanout -violators
============================================================================
======================= nom_tt_025C_1v80 Corner ===================================

max slew

Pin                                        Limit        Slew       Slack
------------------------------------------------------------------------
_718_/A                                 0.750000    1.896221   -1.146221 (VIOLATED)
_719_/A                                 0.750000    1.896221   -1.146221 (VIOLATED)
_720_/A1                                0.750000    1.896221   -1.146221 (VIOLATED)
_721_/A1                                0.750000    1.896221   -1.146221 (VIOLATED)
_722_/A1                                0.750000    1.896221   -1.146221 (VIOLATED)
_712_/B                                 0.750000    1.896219   -1.146219 (VIOLATED)
_714_/A                                 0.750000    1.896219   -1.146219 (VIOLATED)
_715_/A1                                0.750000    1.896219   -1.146219 (VIOLATED)
_732_/A                                 0.750000    1.896216   -1.146216 (VIOLATED)
_735_/B                                 0.750000    1.896217   -1.146217 (VIOLATED)
_733_/A_N                               0.750000    1.896214   -1.146214 (VIOLATED)
_736_/A1                                0.750000    1.896215   -1.146215 (VIOLATED)
_737_/A1                                0.750000    1.896214   -1.146214 (VIOLATED)
_375_/A1                                0.750000    1.896210   -1.146210 (VIOLATED)
_376_/A1                                0.750000    1.896211   -1.146211 (VIOLATED)
_728_/B                                 0.750000    1.896211   -1.146211 (VIOLATED)
_729_/A_N                               0.750000    1.896210   -1.146210 (VIOLATED)
_730_/A                                 0.750000    1.896209   -1.146209 (VIOLATED)
_358_/A1                                0.750000    1.896204   -1.146204 (VIOLATED)
_738_/A                                 0.750000    1.896205   -1.146205 (VIOLATED)
_355_/B                                 0.750000    1.896201   -1.146201 (VIOLATED)
_357_/A1                                0.750000    1.896201   -1.146201 (VIOLATED)
_360_/A1                                0.750000    1.896201   -1.146201 (VIOLATED)
_353_/A                                 0.750000    1.896196   -1.146196 (VIOLATED)
_365_/A                                 0.750000    1.896191   -1.146191 (VIOLATED)
_368_/A1                                0.750000    1.896187   -1.146188 (VIOLATED)
_369_/A1                                0.750000    1.896188   -1.146188 (VIOLATED)
_363_/B                                 0.750000    1.896184   -1.146184 (VIOLATED)
_366_/A                                 0.750000    1.896185   -1.146185 (VIOLATED)
_364_/A_N                               0.750000    1.896183   -1.146183 (VIOLATED)
_409_/A                                 0.750000    1.896173   -1.146173 (VIOLATED)
_424_/B1                                0.750000    1.896173   -1.146173 (VIOLATED)
_627_/A0                                0.750000    1.896173   -1.146173 (VIOLATED)
_410_/A1                                0.750000    1.896170   -1.146170 (VIOLATED)
_408_/A                                 0.750000    1.896165   -1.146165 (VIOLATED)
_411_/A1                                0.750000    1.896165   -1.146165 (VIOLATED)
_393_/B                                 0.750000    1.896160   -1.146160 (VIOLATED)
_671_/B                                 0.750000    1.896161   -1.146161 (VIOLATED)
_682_/A                                 0.750000    1.896162   -1.146162 (VIOLATED)
_684_/A1                                0.750000    1.896162   -1.146162 (VIOLATED)
_395_/A                                 0.750000    1.896160   -1.146160 (VIOLATED)
_397_/A1                                0.750000    1.896160   -1.146160 (VIOLATED)
_398_/A                                 0.750000    1.896159   -1.146159 (VIOLATED)
_399_/A                                 0.750000    1.896159   -1.146159 (VIOLATED)
_401_/A1                                0.750000    1.896159   -1.146159 (VIOLATED)
_404_/A                                 0.750000    1.896160   -1.146160 (VIOLATED)
_407_/A1                                0.750000    1.896161   -1.146161 (VIOLATED)
_402_/A_N                               0.750000    1.896157   -1.146157 (VIOLATED)
_403_/B                                 0.750000    1.896156   -1.146156 (VIOLATED)
_406_/A1                                0.750000    1.896157   -1.146157 (VIOLATED)
_660_/A                                 0.750000    1.896156   -1.146156 (VIOLATED)
_439_/A                                 0.750000    1.896154   -1.146154 (VIOLATED)
_440_/A                                 0.750000    1.896154   -1.146154 (VIOLATED)
_665_/B                                 0.750000    1.896147   -1.146147 (VIOLATED)
_698_/A                                 0.750000    1.896143   -1.146143 (VIOLATED)
_699_/A                                 0.750000    1.896144   -1.146144 (VIOLATED)
_700_/A1                                0.750000    1.896144   -1.146144 (VIOLATED)
_701_/A1                                0.750000    1.896144   -1.146144 (VIOLATED)
_704_/A                                 0.750000    1.896142   -1.146142 (VIOLATED)
_705_/A                                 0.750000    1.896143   -1.146143 (VIOLATED)
_708_/A1                                0.750000    1.896143   -1.146143 (VIOLATED)
_709_/A1                                0.750000    1.896143   -1.146143 (VIOLATED)
_449_/A                                 0.750000    1.896140   -1.146140 (VIOLATED)
_679_/A                                 0.750000    1.896141   -1.146141 (VIOLATED)
_680_/A                                 0.750000    1.896141   -1.146141 (VIOLATED)
_686_/A1                                0.750000    1.896140   -1.146140 (VIOLATED)
_447_/A                                 0.750000    1.896138   -1.146138 (VIOLATED)
_616_/A                                 0.750000    1.896139   -1.146139 (VIOLATED)
_617_/A                                 0.750000    1.896138   -1.146138 (VIOLATED)
_448_/A                                 0.750000    1.896136   -1.146136 (VIOLATED)
_601_/A                                 0.750000    1.896135   -1.146135 (VIOLATED)
_602_/A                                 0.750000    1.896135   -1.146135 (VIOLATED)
_592_/A                                 0.750000    1.896132   -1.146132 (VIOLATED)
_593_/A                                 0.750000    1.896131   -1.146131 (VIOLATED)
_576_/A                                 0.750000    1.896128   -1.146128 (VIOLATED)
_577_/A                                 0.750000    1.896128   -1.146128 (VIOLATED)
_551_/A                                 0.750000    1.896123   -1.146123 (VIOLATED)
_552_/A                                 0.750000    1.896123   -1.146123 (VIOLATED)
_540_/A                                 0.750000    1.896121   -1.146121 (VIOLATED)
_567_/A                                 0.750000    1.896122   -1.146122 (VIOLATED)
_568_/A                                 0.750000    1.896122   -1.146122 (VIOLATED)
_541_/A                                 0.750000    1.896121   -1.146121 (VIOLATED)
_544_/A1                                0.750000    1.896121   -1.146121 (VIOLATED)
_459_/A                                 0.750000    1.896119   -1.146119 (VIOLATED)
_460_/A                                 0.750000    1.896119   -1.146119 (VIOLATED)
_461_/A                                 0.750000    1.896119   -1.146119 (VIOLATED)
_545_/A1                                0.750000    1.896120   -1.146120 (VIOLATED)
_530_/A                                 0.750000    1.896115   -1.146115 (VIOLATED)
_531_/A                                 0.750000    1.896116   -1.146116 (VIOLATED)
_532_/A                                 0.750000    1.896116   -1.146116 (VIOLATED)
_469_/A                                 0.750000    1.896112   -1.146112 (VIOLATED)
_513_/A                                 0.750000    1.896113   -1.146113 (VIOLATED)
_514_/A                                 0.750000    1.896113   -1.146113 (VIOLATED)
_470_/A                                 0.750000    1.896111   -1.146112 (VIOLATED)
_471_/A                                 0.750000    1.896112   -1.146112 (VIOLATED)
_501_/A                                 0.750000    1.896111   -1.146111 (VIOLATED)
_502_/A                                 0.750000    1.896111   -1.146111 (VIOLATED)
_487_/A                                 0.750000    1.896108   -1.146109 (VIOLATED)
_490_/A1                                0.750000    1.896108   -1.146108 (VIOLATED)
sub                                     0.750000    1.896105   -1.146105 (VIOLATED)
_486_/A                                 0.750000    1.896105   -1.146105 (VIOLATED)
_491_/A1                                0.750000    1.896105   -1.146105 (VIOLATED)

max fanout

Pin                                   Limit Fanout  Slack
---------------------------------------------------------
sub                                      10    101    -91 (VIOLATED)
_660_/Y                                  10     17     -7 (VIOLATED)

max capacitance

Pin                                        Limit         Cap       Slack
------------------------------------------------------------------------
sub                                     0.200000    0.425937   -0.225937 (VIOLATED)



===========================================================================
report_parasitic_annotation -report_unannotated
============================================================================
Found 0 unannotated drivers.
Found 0 partially unannotated drivers.

===========================================================================
max slew violation count 102
Writing metric design__max_slew_violation__count__corner:nom_tt_025C_1v80: 102
max fanout violation count 2
Writing metric design__max_fanout_violation__count__corner:nom_tt_025C_1v80: 2
max cap violation count 1
Writing metric design__max_cap_violation__count__corner:nom_tt_025C_1v80: 1
============================================================================

===========================================================================
check_setup -verbose -unconstrained_endpoints -multiple_clock -no_clock -no_input_delay -loops -generated_clocks
===========================================================================
