
===========================================================================
Violator List
============================================================================
[setup in-out] sub -> S[23] : -4.323148
[setup in-out] sub -> S[21] : -4.293849
[setup in-out] sub -> S[22] : -4.256947
[setup in-out] sub -> S[31] : -4.253798
[setup in-out] sub -> S[30] : -4.229665
[setup in-out] sub -> S[15] : -4.221249
[setup in-out] sub -> S[11] : -4.192357
[setup in-out] sub -> S[24] : -4.169384
[setup in-out] sub -> S[17] : -4.134246
[setup in-out] sub -> S[20] : -4.129353
[setup in-out] sub -> S[28] : -4.123848
[setup in-out] sub -> S[26] : -4.080948
[setup in-out] sub -> S[25] : -4.071867
[setup in-out] sub -> S[27] : -4.071181
[setup in-out] sub -> S[14] : -4.060960
[setup in-out] sub -> carryOut : -4.024116
[setup in-out] sub -> S[19] : -3.994214
[setup in-out] sub -> S[29] : -3.990551
[setup in-out] sub -> S[7] : -3.989167
[setup in-out] sub -> S[18] : -3.967046
[setup in-out] sub -> S[13] : -3.964046
[setup in-out] sub -> S[9] : -3.892190
[setup in-out] sub -> S[10] : -3.875883
[setup in-out] sub -> S[6] : -3.780252
[setup in-out] sub -> S[16] : -3.696669
[setup in-out] sub -> S[12] : -3.603387
[setup in-out] sub -> S[8] : -3.446245
[setup in-out] sub -> S[5] : -3.409619
[setup in-out] sub -> S[2] : -3.141823
[setup in-out] sub -> S[3] : -3.132393
[setup in-out] sub -> S[4] : -2.986593
[setup in-out] sub -> S[1] : -2.061096
