
===========================================================================
report_checks -unconstrained
===========================================================================
======================= max_tt_025C_1v80 Corner ===================================

Startpoint: sub (input port clocked by __VIRTUAL_CLK__)
Endpoint: S[23] (output port clocked by __VIRTUAL_CLK__)
Path Group: __VIRTUAL_CLK__
Path Type: max

Fanout         Cap        Slew       Delay        Time   Description
---------------------------------------------------------------------------------------------
                      0.000000    0.000000    0.000000   clock __VIRTUAL_CLK__ (rise edge)
                                  0.000000    0.000000   clock network delay (ideal)
                                  0.800000    0.800000 ^ input external delay
     1    0.008613    0.045276    0.031147    0.831147 ^ sub (in)
                                                         sub (net)
                      0.045282    0.000000    0.831147 ^ input65/A (sky130_fd_sc_hd__buf_8)
     5    0.044243    0.081051    0.131365    0.962511 ^ input65/X (sky130_fd_sc_hd__buf_8)
                                                         net65 (net)
                      0.081415    0.004605    0.967117 ^ fanout106/A (sky130_fd_sc_hd__buf_4)
     7    0.037759    0.111389    0.183284    1.150400 ^ fanout106/X (sky130_fd_sc_hd__buf_4)
                                                         net106 (net)
                      0.111509    0.002513    1.152914 ^ fanout104/A (sky130_fd_sc_hd__clkbuf_2)
     4    0.024541    0.138511    0.204936    1.357850 ^ fanout104/X (sky130_fd_sc_hd__clkbuf_2)
                                                         net104 (net)
                      0.138595    0.001934    1.359783 ^ load_slew105/A (sky130_fd_sc_hd__buf_6)
     7    0.049340    0.105542    0.181417    1.541200 ^ load_slew105/X (sky130_fd_sc_hd__buf_6)
                                                         net105 (net)
                      0.105938    0.005491    1.546691 ^ _726_/B (sky130_fd_sc_hd__nand2b_4)
     1    0.005348    0.037060    0.060001    1.606692 v _726_/Y (sky130_fd_sc_hd__nand2b_4)
                                                         _073_ (net)
                      0.037061    0.000409    1.607101 v _729_/B (sky130_fd_sc_hd__nand3b_2)
     5    0.029973    0.195877    0.173246    1.780347 ^ _729_/Y (sky130_fd_sc_hd__nand3b_2)
                                                         _076_ (net)
                      0.195919    0.002416    1.782763 ^ _360_/D1 (sky130_fd_sc_hd__o2111ai_4)
     2    0.020571    0.158063    0.186857    1.969619 v _360_/Y (sky130_fd_sc_hd__o2111ai_4)
                                                         _089_ (net)
                      0.158067    0.001669    1.971289 v _377_/B (sky130_fd_sc_hd__nor2_4)
     3    0.025665    0.181735    0.215096    2.186385 ^ _377_/Y (sky130_fd_sc_hd__nor2_4)
                                                         _106_ (net)
                      0.181754    0.001560    2.187944 ^ _410_/B (sky130_fd_sc_hd__nand4_4)
     3    0.016832    0.119144    0.154094    2.342039 v _410_/Y (sky130_fd_sc_hd__nand4_4)
                                                         _139_ (net)
                      0.119149    0.001399    2.343438 v _415_/C (sky130_fd_sc_hd__nand3_4)
     3    0.026356    0.113346    0.158161    2.501599 ^ _415_/Y (sky130_fd_sc_hd__nand3_4)
                                                         _144_ (net)
                      0.113425    0.002120    2.503718 ^ _424_/B2 (sky130_fd_sc_hd__o22ai_4)
     3    0.016585    0.085418    0.099054    2.602772 v _424_/Y (sky130_fd_sc_hd__o22ai_4)
                                                         _153_ (net)
                      0.085427    0.001746    2.604518 v _470_/B1 (sky130_fd_sc_hd__o22ai_4)
     7    0.040524    0.347579    0.311685    2.916203 ^ _470_/Y (sky130_fd_sc_hd__o22ai_4)
                                                         _195_ (net)
                      0.347626    0.003300    2.919502 ^ _507_/B (sky130_fd_sc_hd__nand2_2)
     1    0.009116    0.082110    0.119908    3.039410 v _507_/Y (sky130_fd_sc_hd__nand2_2)
                                                         _229_ (net)
                      0.082111    0.000457    3.039867 v _512_/A2 (sky130_fd_sc_hd__a21oi_4)
     1    0.009871    0.123124    0.181980    3.221847 ^ _512_/Y (sky130_fd_sc_hd__a21oi_4)
                                                         _234_ (net)
                      0.123125    0.000799    3.222646 ^ _513_/A (sky130_fd_sc_hd__nor2_4)
     1    0.004932    0.045755    0.053549    3.276195 v _513_/Y (sky130_fd_sc_hd__nor2_4)
                                                         net81 (net)
                      0.045756    0.000392    3.276587 v output81/A (sky130_fd_sc_hd__buf_6)
     1    0.035015    0.044584    0.143576    3.420163 v output81/X (sky130_fd_sc_hd__buf_6)
                                                         S[23] (net)
                      0.044686    0.001945    3.422108 v S[23] (out)
                                              3.422108   data arrival time

                      0.000000    4.000000    4.000000   clock __VIRTUAL_CLK__ (rise edge)
                                  0.000000    4.000000   clock network delay (ideal)
                                 -0.250000    3.750000   clock uncertainty
                                  0.000000    3.750000   clock reconvergence pessimism
                                 -0.800000    2.950000   output external delay
                                              2.950000   data required time
---------------------------------------------------------------------------------------------
                                              2.950000   data required time
                                             -3.422108   data arrival time
---------------------------------------------------------------------------------------------
                                             -0.472108   slack (VIOLATED)




===========================================================================
report_checks --slack_max -0.01
============================================================================
======================= max_tt_025C_1v80 Corner ===================================

Startpoint: sub (input port clocked by __VIRTUAL_CLK__)
Endpoint: S[23] (output port clocked by __VIRTUAL_CLK__)
Path Group: __VIRTUAL_CLK__
Path Type: max

Fanout         Cap        Slew       Delay        Time   Description
---------------------------------------------------------------------------------------------
                      0.000000    0.000000    0.000000   clock __VIRTUAL_CLK__ (rise edge)
                                  0.000000    0.000000   clock network delay (ideal)
                                  0.800000    0.800000 ^ input external delay
     1    0.008613    0.045276    0.031147    0.831147 ^ sub (in)
                                                         sub (net)
                      0.045282    0.000000    0.831147 ^ input65/A (sky130_fd_sc_hd__buf_8)
     5    0.044243    0.081051    0.131365    0.962511 ^ input65/X (sky130_fd_sc_hd__buf_8)
                                                         net65 (net)
                      0.081415    0.004605    0.967117 ^ fanout106/A (sky130_fd_sc_hd__buf_4)
     7    0.037759    0.111389    0.183284    1.150400 ^ fanout106/X (sky130_fd_sc_hd__buf_4)
                                                         net106 (net)
                      0.111509    0.002513    1.152914 ^ fanout104/A (sky130_fd_sc_hd__clkbuf_2)
     4    0.024541    0.138511    0.204936    1.357850 ^ fanout104/X (sky130_fd_sc_hd__clkbuf_2)
                                                         net104 (net)
                      0.138595    0.001934    1.359783 ^ load_slew105/A (sky130_fd_sc_hd__buf_6)
     7    0.049340    0.105542    0.181417    1.541200 ^ load_slew105/X (sky130_fd_sc_hd__buf_6)
                                                         net105 (net)
                      0.105938    0.005491    1.546691 ^ _726_/B (sky130_fd_sc_hd__nand2b_4)
     1    0.005348    0.037060    0.060001    1.606692 v _726_/Y (sky130_fd_sc_hd__nand2b_4)
                                                         _073_ (net)
                      0.037061    0.000409    1.607101 v _729_/B (sky130_fd_sc_hd__nand3b_2)
     5    0.029973    0.195877    0.173246    1.780347 ^ _729_/Y (sky130_fd_sc_hd__nand3b_2)
                                                         _076_ (net)
                      0.195919    0.002416    1.782763 ^ _360_/D1 (sky130_fd_sc_hd__o2111ai_4)
     2    0.020571    0.158063    0.186857    1.969619 v _360_/Y (sky130_fd_sc_hd__o2111ai_4)
                                                         _089_ (net)
                      0.158067    0.001669    1.971289 v _377_/B (sky130_fd_sc_hd__nor2_4)
     3    0.025665    0.181735    0.215096    2.186385 ^ _377_/Y (sky130_fd_sc_hd__nor2_4)
                                                         _106_ (net)
                      0.181754    0.001560    2.187944 ^ _410_/B (sky130_fd_sc_hd__nand4_4)
     3    0.016832    0.119144    0.154094    2.342039 v _410_/Y (sky130_fd_sc_hd__nand4_4)
                                                         _139_ (net)
                      0.119149    0.001399    2.343438 v _415_/C (sky130_fd_sc_hd__nand3_4)
     3    0.026356    0.113346    0.158161    2.501599 ^ _415_/Y (sky130_fd_sc_hd__nand3_4)
                                                         _144_ (net)
                      0.113425    0.002120    2.503718 ^ _424_/B2 (sky130_fd_sc_hd__o22ai_4)
     3    0.016585    0.085418    0.099054    2.602772 v _424_/Y (sky130_fd_sc_hd__o22ai_4)
                                                         _153_ (net)
                      0.085427    0.001746    2.604518 v _470_/B1 (sky130_fd_sc_hd__o22ai_4)
     7    0.040524    0.347579    0.311685    2.916203 ^ _470_/Y (sky130_fd_sc_hd__o22ai_4)
                                                         _195_ (net)
                      0.347626    0.003300    2.919502 ^ _507_/B (sky130_fd_sc_hd__nand2_2)
     1    0.009116    0.082110    0.119908    3.039410 v _507_/Y (sky130_fd_sc_hd__nand2_2)
                                                         _229_ (net)
                      0.082111    0.000457    3.039867 v _512_/A2 (sky130_fd_sc_hd__a21oi_4)
     1    0.009871    0.123124    0.181980    3.221847 ^ _512_/Y (sky130_fd_sc_hd__a21oi_4)
                                                         _234_ (net)
                      0.123125    0.000799    3.222646 ^ _513_/A (sky130_fd_sc_hd__nor2_4)
     1    0.004932    0.045755    0.053549    3.276195 v _513_/Y (sky130_fd_sc_hd__nor2_4)
                                                         net81 (net)
                      0.045756    0.000392    3.276587 v output81/A (sky130_fd_sc_hd__buf_6)
     1    0.035015    0.044584    0.143576    3.420163 v output81/X (sky130_fd_sc_hd__buf_6)
                                                         S[23] (net)
                      0.044686    0.001945    3.422108 v S[23] (out)
                                              3.422108   data arrival time

                      0.000000    4.000000    4.000000   clock __VIRTUAL_CLK__ (rise edge)
                                  0.000000    4.000000   clock network delay (ideal)
                                 -0.250000    3.750000   clock uncertainty
                                  0.000000    3.750000   clock reconvergence pessimism
                                 -0.800000    2.950000   output external delay
                                              2.950000   data required time
---------------------------------------------------------------------------------------------
                                              2.950000   data required time
                                             -3.422108   data arrival time
---------------------------------------------------------------------------------------------
                                             -0.472108   slack (VIOLATED)




===========================================================================
 report_check_types -max_slew -max_cap -max_fanout -violators
============================================================================
======================= max_tt_025C_1v80 Corner ===================================



===========================================================================
report_parasitic_annotation -report_unannotated
============================================================================
Found 0 unannotated drivers.
Found 0 partially unannotated drivers.

===========================================================================
max slew violation count 0
max fanout violation count 0
max cap violation count 0
============================================================================

===========================================================================
check_setup -verbose -unconstrained_endpoints -multiple_clock -no_clock -no_input_delay -loops -generated_clocks
===========================================================================
