
===========================================================================
report_checks -unconstrained
===========================================================================
======================= max_ss_100C_1v60 Corner ===================================

Startpoint: sub (input port clocked by __VIRTUAL_CLK__)
Endpoint: S[25] (output port clocked by __VIRTUAL_CLK__)
Path Group: __VIRTUAL_CLK__
Path Type: max

Fanout         Cap        Slew       Delay        Time   Description
---------------------------------------------------------------------------------------------
                      0.000000    0.000000    0.000000   clock __VIRTUAL_CLK__ (rise edge)
                                  0.000000    0.000000   clock network delay (ideal)
                                  0.800000    0.800000 v input external delay
     1    0.007902    0.038822    0.026386    0.826386 v sub (in)
                                                         sub (net)
                      0.038829    0.000000    0.826386 v input65/A (sky130_fd_sc_hd__buf_8)
     4    0.033057    0.066329    0.233586    1.059972 v input65/X (sky130_fd_sc_hd__buf_8)
                                                         net65 (net)
                      0.066381    0.001765    1.061736 v fanout118/A (sky130_fd_sc_hd__buf_8)
     5    0.036240    0.070194    0.250349    1.312086 v fanout118/X (sky130_fd_sc_hd__buf_8)
                                                         net118 (net)
                      0.070308    0.002614    1.314699 v fanout113/A (sky130_fd_sc_hd__buf_6)
     3    0.016432    0.052177    0.230593    1.545292 v fanout113/X (sky130_fd_sc_hd__buf_6)
                                                         net113 (net)
                      0.052177    0.000345    1.545637 v fanout112/A (sky130_fd_sc_hd__buf_8)
     6    0.037192    0.071219    0.245208    1.790845 v fanout112/X (sky130_fd_sc_hd__buf_8)
                                                         net112 (net)
                      0.071222    0.000599    1.791445 v fanout109/A (sky130_fd_sc_hd__buf_8)
     5    0.032389    0.065470    0.248031    2.039475 v fanout109/X (sky130_fd_sc_hd__buf_8)
                                                         net109 (net)
                      0.065571    0.002370    2.041846 v _594_/A1 (sky130_fd_sc_hd__o21ai_2)
     3    0.014535    0.331032    0.369517    2.411362 ^ _594_/Y (sky130_fd_sc_hd__o21ai_2)
                                                         _013_ (net)
                      0.331032    0.000969    2.412332 ^ _618_/A2_N (sky130_fd_sc_hd__a2bb2o_4)
     1    0.009847    0.070783    0.512972    2.925304 v _618_/X (sky130_fd_sc_hd__a2bb2o_4)
                                                         _037_ (net)
                      0.070783    0.000852    2.926156 v _619_/B1 (sky130_fd_sc_hd__a21oi_4)
     2    0.022405    0.309501    0.318841    3.244997 ^ _619_/Y (sky130_fd_sc_hd__a21oi_4)
                                                         _038_ (net)
                      0.309510    0.002210    3.247207 ^ _350_/C (sky130_fd_sc_hd__nand3_4)
     2    0.017868    0.173073    0.289219    3.536426 v _350_/Y (sky130_fd_sc_hd__nand3_4)
                                                         _115_ (net)
                      0.173075    0.000970    3.537395 v _351_/B2 (sky130_fd_sc_hd__a22oi_4)
     3    0.023764    0.368447    0.433231    3.970626 ^ _351_/Y (sky130_fd_sc_hd__a22oi_4)
                                                         _116_ (net)
                      0.368498    0.003047    3.973673 ^ _386_/B1 (sky130_fd_sc_hd__o22ai_4)
     4    0.033768    0.213900    0.347668    4.321341 v _386_/Y (sky130_fd_sc_hd__o22ai_4)
                                                         _151_ (net)
                      0.213972    0.003796    4.325136 v _477_/A2 (sky130_fd_sc_hd__a21boi_4)
     4    0.019157    0.282895    0.423547    4.748684 ^ _477_/Y (sky130_fd_sc_hd__a21boi_4)
                                                         _234_ (net)
                      0.282895    0.001145    4.749829 ^ max_cap99/A (sky130_fd_sc_hd__buf_6)
     2    0.028306    0.107323    0.314640    5.064469 ^ max_cap99/X (sky130_fd_sc_hd__buf_6)
                                                         net99 (net)
                      0.107338    0.001367    5.065836 ^ _484_/A2 (sky130_fd_sc_hd__o21ai_4)
     1    0.016521    0.118214    0.149798    5.215635 v _484_/Y (sky130_fd_sc_hd__o21ai_4)
                                                         _240_ (net)
                      0.118218    0.001354    5.216989 v _485_/B (sky130_fd_sc_hd__xnor2_4)
     1    0.008158    0.196138    0.251049    5.468037 ^ _485_/Y (sky130_fd_sc_hd__xnor2_4)
                                                         net83 (net)
                      0.196138    0.000707    5.468745 ^ output83/A (sky130_fd_sc_hd__buf_6)
     1    0.035414    0.126214    0.295907    5.764652 ^ output83/X (sky130_fd_sc_hd__buf_6)
                                                         S[25] (net)
                      0.126245    0.002018    5.766670 ^ S[25] (out)
                                              5.766670   data arrival time

                      0.000000    4.000000    4.000000   clock __VIRTUAL_CLK__ (rise edge)
                                  0.000000    4.000000   clock network delay (ideal)
                                 -0.250000    3.750000   clock uncertainty
                                  0.000000    3.750000   clock reconvergence pessimism
                                 -0.800000    2.950000   output external delay
                                              2.950000   data required time
---------------------------------------------------------------------------------------------
                                              2.950000   data required time
                                             -5.766670   data arrival time
---------------------------------------------------------------------------------------------
                                             -2.816670   slack (VIOLATED)




===========================================================================
report_checks --slack_max -0.01
============================================================================
======================= max_ss_100C_1v60 Corner ===================================

Startpoint: sub (input port clocked by __VIRTUAL_CLK__)
Endpoint: S[25] (output port clocked by __VIRTUAL_CLK__)
Path Group: __VIRTUAL_CLK__
Path Type: max

Fanout         Cap        Slew       Delay        Time   Description
---------------------------------------------------------------------------------------------
                      0.000000    0.000000    0.000000   clock __VIRTUAL_CLK__ (rise edge)
                                  0.000000    0.000000   clock network delay (ideal)
                                  0.800000    0.800000 v input external delay
     1    0.007902    0.038822    0.026386    0.826386 v sub (in)
                                                         sub (net)
                      0.038829    0.000000    0.826386 v input65/A (sky130_fd_sc_hd__buf_8)
     4    0.033057    0.066329    0.233586    1.059972 v input65/X (sky130_fd_sc_hd__buf_8)
                                                         net65 (net)
                      0.066381    0.001765    1.061736 v fanout118/A (sky130_fd_sc_hd__buf_8)
     5    0.036240    0.070194    0.250349    1.312086 v fanout118/X (sky130_fd_sc_hd__buf_8)
                                                         net118 (net)
                      0.070308    0.002614    1.314699 v fanout113/A (sky130_fd_sc_hd__buf_6)
     3    0.016432    0.052177    0.230593    1.545292 v fanout113/X (sky130_fd_sc_hd__buf_6)
                                                         net113 (net)
                      0.052177    0.000345    1.545637 v fanout112/A (sky130_fd_sc_hd__buf_8)
     6    0.037192    0.071219    0.245208    1.790845 v fanout112/X (sky130_fd_sc_hd__buf_8)
                                                         net112 (net)
                      0.071222    0.000599    1.791445 v fanout109/A (sky130_fd_sc_hd__buf_8)
     5    0.032389    0.065470    0.248031    2.039475 v fanout109/X (sky130_fd_sc_hd__buf_8)
                                                         net109 (net)
                      0.065571    0.002370    2.041846 v _594_/A1 (sky130_fd_sc_hd__o21ai_2)
     3    0.014535    0.331032    0.369517    2.411362 ^ _594_/Y (sky130_fd_sc_hd__o21ai_2)
                                                         _013_ (net)
                      0.331032    0.000969    2.412332 ^ _618_/A2_N (sky130_fd_sc_hd__a2bb2o_4)
     1    0.009847    0.070783    0.512972    2.925304 v _618_/X (sky130_fd_sc_hd__a2bb2o_4)
                                                         _037_ (net)
                      0.070783    0.000852    2.926156 v _619_/B1 (sky130_fd_sc_hd__a21oi_4)
     2    0.022405    0.309501    0.318841    3.244997 ^ _619_/Y (sky130_fd_sc_hd__a21oi_4)
                                                         _038_ (net)
                      0.309510    0.002210    3.247207 ^ _350_/C (sky130_fd_sc_hd__nand3_4)
     2    0.017868    0.173073    0.289219    3.536426 v _350_/Y (sky130_fd_sc_hd__nand3_4)
                                                         _115_ (net)
                      0.173075    0.000970    3.537395 v _351_/B2 (sky130_fd_sc_hd__a22oi_4)
     3    0.023764    0.368447    0.433231    3.970626 ^ _351_/Y (sky130_fd_sc_hd__a22oi_4)
                                                         _116_ (net)
                      0.368498    0.003047    3.973673 ^ _386_/B1 (sky130_fd_sc_hd__o22ai_4)
     4    0.033768    0.213900    0.347668    4.321341 v _386_/Y (sky130_fd_sc_hd__o22ai_4)
                                                         _151_ (net)
                      0.213972    0.003796    4.325136 v _477_/A2 (sky130_fd_sc_hd__a21boi_4)
     4    0.019157    0.282895    0.423547    4.748684 ^ _477_/Y (sky130_fd_sc_hd__a21boi_4)
                                                         _234_ (net)
                      0.282895    0.001145    4.749829 ^ max_cap99/A (sky130_fd_sc_hd__buf_6)
     2    0.028306    0.107323    0.314640    5.064469 ^ max_cap99/X (sky130_fd_sc_hd__buf_6)
                                                         net99 (net)
                      0.107338    0.001367    5.065836 ^ _484_/A2 (sky130_fd_sc_hd__o21ai_4)
     1    0.016521    0.118214    0.149798    5.215635 v _484_/Y (sky130_fd_sc_hd__o21ai_4)
                                                         _240_ (net)
                      0.118218    0.001354    5.216989 v _485_/B (sky130_fd_sc_hd__xnor2_4)
     1    0.008158    0.196138    0.251049    5.468037 ^ _485_/Y (sky130_fd_sc_hd__xnor2_4)
                                                         net83 (net)
                      0.196138    0.000707    5.468745 ^ output83/A (sky130_fd_sc_hd__buf_6)
     1    0.035414    0.126214    0.295907    5.764652 ^ output83/X (sky130_fd_sc_hd__buf_6)
                                                         S[25] (net)
                      0.126245    0.002018    5.766670 ^ S[25] (out)
                                              5.766670   data arrival time

                      0.000000    4.000000    4.000000   clock __VIRTUAL_CLK__ (rise edge)
                                  0.000000    4.000000   clock network delay (ideal)
                                 -0.250000    3.750000   clock uncertainty
                                  0.000000    3.750000   clock reconvergence pessimism
                                 -0.800000    2.950000   output external delay
                                              2.950000   data required time
---------------------------------------------------------------------------------------------
                                              2.950000   data required time
                                             -5.766670   data arrival time
---------------------------------------------------------------------------------------------
                                             -2.816670   slack (VIOLATED)




===========================================================================
 report_check_types -max_slew -max_cap -max_fanout -violators
============================================================================
======================= max_ss_100C_1v60 Corner ===================================



===========================================================================
report_parasitic_annotation -report_unannotated
============================================================================
Found 0 unannotated drivers.
Found 0 partially unannotated drivers.

===========================================================================
max slew violation count 0
max fanout violation count 0
max cap violation count 0
============================================================================

===========================================================================
check_setup -verbose -unconstrained_endpoints -multiple_clock -no_clock -no_input_delay -loops -generated_clocks
===========================================================================
