
===========================================================================
report_checks -unconstrained
===========================================================================
======================= nom_ss_100C_1v60 Corner ===================================

Startpoint: sub (input port clocked by __VIRTUAL_CLK__)
Endpoint: S[25] (output port clocked by __VIRTUAL_CLK__)
Path Group: __VIRTUAL_CLK__
Path Type: max

Fanout         Cap        Slew       Delay        Time   Description
---------------------------------------------------------------------------------------------
                      0.000000    0.000000    0.000000   clock __VIRTUAL_CLK__ (rise edge)
                                  0.000000    0.000000   clock network delay (ideal)
                                  0.800000    0.800000 v input external delay
     1    0.007829    0.038502    0.026052    0.826052 v sub (in)
                                                         sub (net)
                      0.038504    0.000000    0.826052 v input65/A (sky130_fd_sc_hd__buf_8)
     4    0.031676    0.064672    0.232064    1.058116 v input65/X (sky130_fd_sc_hd__buf_8)
                                                         net65 (net)
                      0.064690    0.001096    1.059213 v fanout118/A (sky130_fd_sc_hd__buf_8)
     5    0.034610    0.068095    0.248243    1.307456 v fanout118/X (sky130_fd_sc_hd__buf_8)
                                                         net118 (net)
                      0.068122    0.001342    1.308798 v fanout113/A (sky130_fd_sc_hd__buf_6)
     3    0.015867    0.051332    0.228703    1.537501 v fanout113/X (sky130_fd_sc_hd__buf_6)
                                                         net113 (net)
                      0.051332    0.000147    1.537648 v fanout112/A (sky130_fd_sc_hd__buf_8)
     6    0.036269    0.070038    0.244154    1.781802 v fanout112/X (sky130_fd_sc_hd__buf_8)
                                                         net112 (net)
                      0.070038    0.000243    1.782046 v fanout109/A (sky130_fd_sc_hd__buf_8)
     5    0.031471    0.064162    0.246926    2.028972 v fanout109/X (sky130_fd_sc_hd__buf_8)
                                                         net109 (net)
                      0.064183    0.001157    2.030129 v _594_/A1 (sky130_fd_sc_hd__o21ai_2)
     3    0.014275    0.326327    0.365673    2.395801 ^ _594_/Y (sky130_fd_sc_hd__o21ai_2)
                                                         _013_ (net)
                      0.326327    0.000421    2.396223 ^ _618_/A2_N (sky130_fd_sc_hd__a2bb2o_4)
     1    0.009720    0.070473    0.511632    2.907855 v _618_/X (sky130_fd_sc_hd__a2bb2o_4)
                                                         _037_ (net)
                      0.070473    0.000354    2.908208 v _619_/B1 (sky130_fd_sc_hd__a21oi_4)
     2    0.022009    0.305800    0.316108    3.224316 ^ _619_/Y (sky130_fd_sc_hd__a21oi_4)
                                                         _038_ (net)
                      0.305805    0.001010    3.225326 ^ _350_/C (sky130_fd_sc_hd__nand3_4)
     2    0.017734    0.171901    0.287691    3.513017 v _350_/Y (sky130_fd_sc_hd__nand3_4)
                                                         _115_ (net)
                      0.171901    0.000401    3.513418 v _351_/B2 (sky130_fd_sc_hd__a22oi_4)
     3    0.022805    0.359644    0.425635    3.939053 ^ _351_/Y (sky130_fd_sc_hd__a22oi_4)
                                                         _116_ (net)
                      0.359646    0.001714    3.940767 ^ _386_/B1 (sky130_fd_sc_hd__o22ai_4)
     4    0.033288    0.211016    0.343166    4.283933 v _386_/Y (sky130_fd_sc_hd__o22ai_4)
                                                         _151_ (net)
                      0.211029    0.001890    4.285823 v _477_/A2 (sky130_fd_sc_hd__a21boi_4)
     4    0.018871    0.280229    0.420255    4.706079 ^ _477_/Y (sky130_fd_sc_hd__a21boi_4)
                                                         _234_ (net)
                      0.280229    0.000514    4.706592 ^ max_cap99/A (sky130_fd_sc_hd__buf_6)
     2    0.027976    0.107002    0.313232    5.019824 ^ max_cap99/X (sky130_fd_sc_hd__buf_6)
                                                         net99 (net)
                      0.107003    0.000596    5.020420 ^ _484_/A2 (sky130_fd_sc_hd__o21ai_4)
     1    0.016442    0.117719    0.149836    5.170256 v _484_/Y (sky130_fd_sc_hd__o21ai_4)
                                                         _240_ (net)
                      0.117720    0.000528    5.170784 v _485_/B (sky130_fd_sc_hd__xnor2_4)
     1    0.007954    0.194185    0.249234    5.420018 ^ _485_/Y (sky130_fd_sc_hd__xnor2_4)
                                                         net83 (net)
                      0.194185    0.000325    5.420343 ^ output83/A (sky130_fd_sc_hd__buf_6)
     1    0.035292    0.126111    0.295333    5.715676 ^ output83/X (sky130_fd_sc_hd__buf_6)
                                                         S[25] (net)
                      0.126115    0.000913    5.716588 ^ S[25] (out)
                                              5.716588   data arrival time

                      0.000000    4.000000    4.000000   clock __VIRTUAL_CLK__ (rise edge)
                                  0.000000    4.000000   clock network delay (ideal)
                                 -0.250000    3.750000   clock uncertainty
                                  0.000000    3.750000   clock reconvergence pessimism
                                 -0.800000    2.950000   output external delay
                                              2.950000   data required time
---------------------------------------------------------------------------------------------
                                              2.950000   data required time
                                             -5.716588   data arrival time
---------------------------------------------------------------------------------------------
                                             -2.766589   slack (VIOLATED)




===========================================================================
report_checks --slack_max -0.01
============================================================================
======================= nom_ss_100C_1v60 Corner ===================================

Startpoint: sub (input port clocked by __VIRTUAL_CLK__)
Endpoint: S[25] (output port clocked by __VIRTUAL_CLK__)
Path Group: __VIRTUAL_CLK__
Path Type: max

Fanout         Cap        Slew       Delay        Time   Description
---------------------------------------------------------------------------------------------
                      0.000000    0.000000    0.000000   clock __VIRTUAL_CLK__ (rise edge)
                                  0.000000    0.000000   clock network delay (ideal)
                                  0.800000    0.800000 v input external delay
     1    0.007829    0.038502    0.026052    0.826052 v sub (in)
                                                         sub (net)
                      0.038504    0.000000    0.826052 v input65/A (sky130_fd_sc_hd__buf_8)
     4    0.031676    0.064672    0.232064    1.058116 v input65/X (sky130_fd_sc_hd__buf_8)
                                                         net65 (net)
                      0.064690    0.001096    1.059213 v fanout118/A (sky130_fd_sc_hd__buf_8)
     5    0.034610    0.068095    0.248243    1.307456 v fanout118/X (sky130_fd_sc_hd__buf_8)
                                                         net118 (net)
                      0.068122    0.001342    1.308798 v fanout113/A (sky130_fd_sc_hd__buf_6)
     3    0.015867    0.051332    0.228703    1.537501 v fanout113/X (sky130_fd_sc_hd__buf_6)
                                                         net113 (net)
                      0.051332    0.000147    1.537648 v fanout112/A (sky130_fd_sc_hd__buf_8)
     6    0.036269    0.070038    0.244154    1.781802 v fanout112/X (sky130_fd_sc_hd__buf_8)
                                                         net112 (net)
                      0.070038    0.000243    1.782046 v fanout109/A (sky130_fd_sc_hd__buf_8)
     5    0.031471    0.064162    0.246926    2.028972 v fanout109/X (sky130_fd_sc_hd__buf_8)
                                                         net109 (net)
                      0.064183    0.001157    2.030129 v _594_/A1 (sky130_fd_sc_hd__o21ai_2)
     3    0.014275    0.326327    0.365673    2.395801 ^ _594_/Y (sky130_fd_sc_hd__o21ai_2)
                                                         _013_ (net)
                      0.326327    0.000421    2.396223 ^ _618_/A2_N (sky130_fd_sc_hd__a2bb2o_4)
     1    0.009720    0.070473    0.511632    2.907855 v _618_/X (sky130_fd_sc_hd__a2bb2o_4)
                                                         _037_ (net)
                      0.070473    0.000354    2.908208 v _619_/B1 (sky130_fd_sc_hd__a21oi_4)
     2    0.022009    0.305800    0.316108    3.224316 ^ _619_/Y (sky130_fd_sc_hd__a21oi_4)
                                                         _038_ (net)
                      0.305805    0.001010    3.225326 ^ _350_/C (sky130_fd_sc_hd__nand3_4)
     2    0.017734    0.171901    0.287691    3.513017 v _350_/Y (sky130_fd_sc_hd__nand3_4)
                                                         _115_ (net)
                      0.171901    0.000401    3.513418 v _351_/B2 (sky130_fd_sc_hd__a22oi_4)
     3    0.022805    0.359644    0.425635    3.939053 ^ _351_/Y (sky130_fd_sc_hd__a22oi_4)
                                                         _116_ (net)
                      0.359646    0.001714    3.940767 ^ _386_/B1 (sky130_fd_sc_hd__o22ai_4)
     4    0.033288    0.211016    0.343166    4.283933 v _386_/Y (sky130_fd_sc_hd__o22ai_4)
                                                         _151_ (net)
                      0.211029    0.001890    4.285823 v _477_/A2 (sky130_fd_sc_hd__a21boi_4)
     4    0.018871    0.280229    0.420255    4.706079 ^ _477_/Y (sky130_fd_sc_hd__a21boi_4)
                                                         _234_ (net)
                      0.280229    0.000514    4.706592 ^ max_cap99/A (sky130_fd_sc_hd__buf_6)
     2    0.027976    0.107002    0.313232    5.019824 ^ max_cap99/X (sky130_fd_sc_hd__buf_6)
                                                         net99 (net)
                      0.107003    0.000596    5.020420 ^ _484_/A2 (sky130_fd_sc_hd__o21ai_4)
     1    0.016442    0.117719    0.149836    5.170256 v _484_/Y (sky130_fd_sc_hd__o21ai_4)
                                                         _240_ (net)
                      0.117720    0.000528    5.170784 v _485_/B (sky130_fd_sc_hd__xnor2_4)
     1    0.007954    0.194185    0.249234    5.420018 ^ _485_/Y (sky130_fd_sc_hd__xnor2_4)
                                                         net83 (net)
                      0.194185    0.000325    5.420343 ^ output83/A (sky130_fd_sc_hd__buf_6)
     1    0.035292    0.126111    0.295333    5.715676 ^ output83/X (sky130_fd_sc_hd__buf_6)
                                                         S[25] (net)
                      0.126115    0.000913    5.716588 ^ S[25] (out)
                                              5.716588   data arrival time

                      0.000000    4.000000    4.000000   clock __VIRTUAL_CLK__ (rise edge)
                                  0.000000    4.000000   clock network delay (ideal)
                                 -0.250000    3.750000   clock uncertainty
                                  0.000000    3.750000   clock reconvergence pessimism
                                 -0.800000    2.950000   output external delay
                                              2.950000   data required time
---------------------------------------------------------------------------------------------
                                              2.950000   data required time
                                             -5.716588   data arrival time
---------------------------------------------------------------------------------------------
                                             -2.766589   slack (VIOLATED)




===========================================================================
 report_check_types -max_slew -max_cap -max_fanout -violators
============================================================================
======================= nom_ss_100C_1v60 Corner ===================================



===========================================================================
report_parasitic_annotation -report_unannotated
============================================================================
Found 0 unannotated drivers.
Found 0 partially unannotated drivers.

===========================================================================
max slew violation count 0
max fanout violation count 0
max cap violation count 0
============================================================================

===========================================================================
check_setup -verbose -unconstrained_endpoints -multiple_clock -no_clock -no_input_delay -loops -generated_clocks
===========================================================================
