
===========================================================================
Violator List
============================================================================
[setup in-out] sub -> S[25] : -2.766589
[setup in-out] sub -> S[21] : -2.740632
[setup in-out] sub -> S[23] : -2.738537
[setup in-out] B[9] -> carryOut : -2.735374
[setup in-out] sub -> S[26] : -2.732054
[setup in-out] sub -> S[31] : -2.722336
[setup in-out] B[9] -> S[30] : -2.704608
[setup in-out] B[9] -> S[27] : -2.679409
[setup in-out] sub -> S[22] : -2.669755
[setup in-out] sub -> S[11] : -2.614489
[setup in-out] sub -> S[24] : -2.609780
[setup in-out] sub -> S[18] : -2.574411
[setup in-out] sub -> S[19] : -2.573924
[setup in-out] sub -> S[29] : -2.509155
[setup in-out] sub -> S[7] : -2.392999
[setup in-out] sub -> S[20] : -2.386874
[setup in-out] sub -> S[9] : -2.276285
[setup in-out] sub -> S[28] : -2.272792
[setup in-out] B[9] -> S[15] : -2.253448
[setup in-out] sub -> S[10] : -2.250420
[setup in-out] sub -> S[17] : -2.210146
[setup in-out] sub -> S[14] : -2.127783
[setup in-out] sub -> S[13] : -2.046991
[setup in-out] sub -> S[6] : -2.031329
[setup in-out] sub -> S[16] : -1.938152
[setup in-out] sub -> S[8] : -1.897913
[setup in-out] sub -> S[5] : -1.803813
[setup in-out] sub -> S[12] : -1.730802
[setup in-out] sub -> S[4] : -1.423167
[setup in-out] sub -> S[3] : -1.267246
[setup in-out] sub -> S[2] : -1.176929
[setup in-out] sub -> S[0] : -0.713468
[setup in-out] sub -> S[1] : -0.520124
