
===========================================================================
report_checks -path_delay min (Hold)
============================================================================
======================= min_ss_100C_1v60 Corner ===================================

Startpoint: A[31] (input port clocked by __VIRTUAL_CLK__)
Endpoint: carryOut (output port clocked by __VIRTUAL_CLK__)
Path Group: __VIRTUAL_CLK__
Path Type: min

Fanout         Cap        Slew       Delay        Time   Description
---------------------------------------------------------------------------------------------
                      0.000000    0.000000    0.000000   clock __VIRTUAL_CLK__ (rise edge)
                                  0.000000    0.000000   clock network delay (ideal)
                                  2.000000    2.000000 v input external delay
     1    0.004114    0.023587    0.012688    2.012688 v A[31] (in)
                                                         A[31] (net)
                      0.023587    0.000000    2.012688 v input25/A (sky130_fd_sc_hd__clkdlybuf4s25_1)
     2    0.007479    0.129741    0.462524    2.475212 v input25/X (sky130_fd_sc_hd__clkdlybuf4s25_1)
                                                         net25 (net)
                      0.129741    0.000100    2.475311 v _333_/A (sky130_fd_sc_hd__nand2_2)
     2    0.010318    0.105738    0.141525    2.616837 ^ _333_/Y (sky130_fd_sc_hd__nand2_2)
                                                         _188_ (net)
                      0.105738    0.000092    2.616929 ^ _369_/B1 (sky130_fd_sc_hd__o21ai_2)
     1    0.005690    0.069593    0.117586    2.734514 v _369_/Y (sky130_fd_sc_hd__o21ai_2)
                                                         net98 (net)
                      0.069593    0.000073    2.734587 v output98/A (sky130_fd_sc_hd__buf_6)
     1    0.035297    0.077277    0.235702    2.970290 v output98/X (sky130_fd_sc_hd__buf_6)
                                                         carryOut (net)
                      0.077277    0.000265    2.970555 v carryOut (out)
                                              2.970555   data arrival time

                      0.000000    0.000000    0.000000   clock __VIRTUAL_CLK__ (rise edge)
                                  0.000000    0.000000   clock network delay (ideal)
                                  0.250000    0.250000   clock uncertainty
                                  0.000000    0.250000   clock reconvergence pessimism
                                 -2.000000   -1.750000   output external delay
                                             -1.750000   data required time
---------------------------------------------------------------------------------------------
                                             -1.750000   data required time
                                             -2.970555   data arrival time
---------------------------------------------------------------------------------------------
                                              4.720555   slack (MET)


Startpoint: A[31] (input port clocked by __VIRTUAL_CLK__)
Endpoint: S[31] (output port clocked by __VIRTUAL_CLK__)
Path Group: __VIRTUAL_CLK__
Path Type: min

Fanout         Cap        Slew       Delay        Time   Description
---------------------------------------------------------------------------------------------
                      0.000000    0.000000    0.000000   clock __VIRTUAL_CLK__ (rise edge)
                                  0.000000    0.000000   clock network delay (ideal)
                                  2.000000    2.000000 ^ input external delay
     1    0.004291    0.042312    0.022459    2.022459 ^ A[31] (in)
                                                         A[31] (net)
                      0.042312    0.000000    2.022459 ^ input25/A (sky130_fd_sc_hd__clkdlybuf4s25_1)
     2    0.007814    0.146847    0.481257    2.503716 ^ input25/X (sky130_fd_sc_hd__clkdlybuf4s25_1)
                                                         net25 (net)
                      0.146847    0.000104    2.503820 ^ _333_/A (sky130_fd_sc_hd__nand2_2)
     2    0.009694    0.104353    0.142212    2.646032 v _333_/Y (sky130_fd_sc_hd__nand2_2)
                                                         _188_ (net)
                      0.104353    0.000065    2.646096 v _334_/B (sky130_fd_sc_hd__nand2_2)
     2    0.015285    0.141826    0.170548    2.816644 ^ _334_/Y (sky130_fd_sc_hd__nand2_2)
                                                         _189_ (net)
                      0.141826    0.000067    2.816711 ^ _336_/A (sky130_fd_sc_hd__xor2_2)
     1    0.005390    0.065368    0.155074    2.971785 v _336_/X (sky130_fd_sc_hd__xor2_2)
                                                         net90 (net)
                      0.065368    0.000066    2.971850 v output90/A (sky130_fd_sc_hd__buf_6)
     1    0.035734    0.077785    0.234266    3.206117 v output90/X (sky130_fd_sc_hd__buf_6)
                                                         S[31] (net)
                      0.077787    0.000458    3.206575 v S[31] (out)
                                              3.206575   data arrival time

                      0.000000    0.000000    0.000000   clock __VIRTUAL_CLK__ (rise edge)
                                  0.000000    0.000000   clock network delay (ideal)
                                  0.250000    0.250000   clock uncertainty
                                  0.000000    0.250000   clock reconvergence pessimism
                                 -2.000000   -1.750000   output external delay
                                             -1.750000   data required time
---------------------------------------------------------------------------------------------
                                             -1.750000   data required time
                                             -3.206575   data arrival time
---------------------------------------------------------------------------------------------
                                              4.956575   slack (MET)


Startpoint: A[24] (input port clocked by __VIRTUAL_CLK__)
Endpoint: S[25] (output port clocked by __VIRTUAL_CLK__)
Path Group: __VIRTUAL_CLK__
Path Type: min

Fanout         Cap        Slew       Delay        Time   Description
---------------------------------------------------------------------------------------------
                      0.000000    0.000000    0.000000   clock __VIRTUAL_CLK__ (rise edge)
                                  0.000000    0.000000   clock network delay (ideal)
                                  2.000000    2.000000 ^ input external delay
     1    0.003135    0.034477    0.016663    2.016663 ^ A[24] (in)
                                                         A[24] (net)
                      0.034477    0.000000    2.016663 ^ input17/A (sky130_fd_sc_hd__clkdlybuf4s25_1)
     2    0.010356    0.185233    0.505221    2.521884 ^ input17/X (sky130_fd_sc_hd__clkdlybuf4s25_1)
                                                         net17 (net)
                      0.185233    0.000231    2.522114 ^ _274_/A (sky130_fd_sc_hd__nand2_2)
     3    0.015509    0.147562    0.191506    2.713620 v _274_/Y (sky130_fd_sc_hd__nand2_2)
                                                         _136_ (net)
                      0.147562    0.000383    2.714003 v _289_/A (sky130_fd_sc_hd__nand2_2)
     1    0.008725    0.096490    0.140624    2.854627 ^ _289_/Y (sky130_fd_sc_hd__nand2_2)
                                                         _150_ (net)
                      0.096490    0.000071    2.854697 ^ _290_/B (sky130_fd_sc_hd__xnor2_2)
     1    0.006299    0.087130    0.132806    2.987504 v _290_/Y (sky130_fd_sc_hd__xnor2_2)
                                                         net83 (net)
                      0.087130    0.000104    2.987608 v output83/A (sky130_fd_sc_hd__buf_6)
     1    0.035237    0.077174    0.243303    3.230911 v output83/X (sky130_fd_sc_hd__buf_6)
                                                         S[25] (net)
                      0.077178    0.000594    3.231505 v S[25] (out)
                                              3.231505   data arrival time

                      0.000000    0.000000    0.000000   clock __VIRTUAL_CLK__ (rise edge)
                                  0.000000    0.000000   clock network delay (ideal)
                                  0.250000    0.250000   clock uncertainty
                                  0.000000    0.250000   clock reconvergence pessimism
                                 -2.000000   -1.750000   output external delay
                                             -1.750000   data required time
---------------------------------------------------------------------------------------------
                                             -1.750000   data required time
                                             -3.231505   data arrival time
---------------------------------------------------------------------------------------------
                                              4.981505   slack (MET)


Startpoint: A[16] (input port clocked by __VIRTUAL_CLK__)
Endpoint: S[17] (output port clocked by __VIRTUAL_CLK__)
Path Group: __VIRTUAL_CLK__
Path Type: min

Fanout         Cap        Slew       Delay        Time   Description
---------------------------------------------------------------------------------------------
                      0.000000    0.000000    0.000000   clock __VIRTUAL_CLK__ (rise edge)
                                  0.000000    0.000000   clock network delay (ideal)
                                  2.000000    2.000000 ^ input external delay
     1    0.003882    0.039514    0.020415    2.020416 ^ A[16] (in)
                                                         A[16] (net)
                      0.039514    0.000000    2.020416 ^ input8/A (sky130_fd_sc_hd__clkdlybuf4s25_1)
     3    0.010509    0.187554    0.508967    2.529382 ^ input8/X (sky130_fd_sc_hd__clkdlybuf4s25_1)
                                                         net8 (net)
                      0.187554    0.000094    2.529476 ^ _216_/A (sky130_fd_sc_hd__nand2_2)
     2    0.009829    0.107906    0.158318    2.687794 v _216_/Y (sky130_fd_sc_hd__nand2_2)
                                                         _086_ (net)
                      0.107906    0.000099    2.687893 v _222_/B1 (sky130_fd_sc_hd__o21ai_2)
     1    0.008915    0.110869    0.127233    2.815126 ^ _222_/Y (sky130_fd_sc_hd__o21ai_2)
                                                         _091_ (net)
                      0.110869    0.000083    2.815209 ^ _223_/B (sky130_fd_sc_hd__xnor2_2)
     1    0.003465    0.064832    0.118493    2.933702 v _223_/Y (sky130_fd_sc_hd__xnor2_2)
                                                         net74 (net)
                      0.064832    0.000033    2.933735 v output74/A (sky130_fd_sc_hd__clkbuf_2)
     1    0.034769    0.244174    0.320150    3.253885 v output74/X (sky130_fd_sc_hd__clkbuf_2)
                                                         S[17] (net)
                      0.244174    0.000420    3.254305 v S[17] (out)
                                              3.254305   data arrival time

                      0.000000    0.000000    0.000000   clock __VIRTUAL_CLK__ (rise edge)
                                  0.000000    0.000000   clock network delay (ideal)
                                  0.250000    0.250000   clock uncertainty
                                  0.000000    0.250000   clock reconvergence pessimism
                                 -2.000000   -1.750000   output external delay
                                             -1.750000   data required time
---------------------------------------------------------------------------------------------
                                             -1.750000   data required time
                                             -3.254305   data arrival time
---------------------------------------------------------------------------------------------
                                              5.004305   slack (MET)


Startpoint: A[8] (input port clocked by __VIRTUAL_CLK__)
Endpoint: S[9] (output port clocked by __VIRTUAL_CLK__)
Path Group: __VIRTUAL_CLK__
Path Type: min

Fanout         Cap        Slew       Delay        Time   Description
---------------------------------------------------------------------------------------------
                      0.000000    0.000000    0.000000   clock __VIRTUAL_CLK__ (rise edge)
                                  0.000000    0.000000   clock network delay (ideal)
                                  2.000000    2.000000 ^ input external delay
     1    0.003620    0.037734    0.019087    2.019087 ^ A[8] (in)
                                                         A[8] (net)
                      0.037734    0.000000    2.019087 ^ input31/A (sky130_fd_sc_hd__clkdlybuf4s25_1)
     2    0.014123    0.247328    0.546700    2.565787 ^ input31/X (sky130_fd_sc_hd__clkdlybuf4s25_1)
                                                         net31 (net)
                      0.247328    0.000021    2.565808 ^ _376_/A (sky130_fd_sc_hd__nand2_2)
     3    0.011294    0.126214    0.187747    2.753555 v _376_/Y (sky130_fd_sc_hd__nand2_2)
                                                         _005_ (net)
                      0.126214    0.000120    2.753675 v _355_/A (sky130_fd_sc_hd__nand2_2)
     1    0.008696    0.093738    0.131072    2.884747 ^ _355_/Y (sky130_fd_sc_hd__nand2_2)
                                                         _200_ (net)
                      0.093738    0.000036    2.884783 ^ _356_/B (sky130_fd_sc_hd__xnor2_2)
     1    0.006587    0.089400    0.133791    3.018574 v _356_/Y (sky130_fd_sc_hd__xnor2_2)
                                                         net97 (net)
                      0.089400    0.000115    3.018689 v output97/A (sky130_fd_sc_hd__buf_6)
     1    0.035462    0.077498    0.244746    3.263435 v output97/X (sky130_fd_sc_hd__buf_6)
                                                         S[9] (net)
                      0.077498    0.000274    3.263709 v S[9] (out)
                                              3.263709   data arrival time

                      0.000000    0.000000    0.000000   clock __VIRTUAL_CLK__ (rise edge)
                                  0.000000    0.000000   clock network delay (ideal)
                                  0.250000    0.250000   clock uncertainty
                                  0.000000    0.250000   clock reconvergence pessimism
                                 -2.000000   -1.750000   output external delay
                                             -1.750000   data required time
---------------------------------------------------------------------------------------------
                                             -1.750000   data required time
                                             -3.263709   data arrival time
---------------------------------------------------------------------------------------------
                                              5.013709   slack (MET)


Startpoint: B[0] (input port clocked by __VIRTUAL_CLK__)
Endpoint: S[0] (output port clocked by __VIRTUAL_CLK__)
Path Group: __VIRTUAL_CLK__
Path Type: min

Fanout         Cap        Slew       Delay        Time   Description
---------------------------------------------------------------------------------------------
                      0.000000    0.000000    0.000000   clock __VIRTUAL_CLK__ (rise edge)
                                  0.000000    0.000000   clock network delay (ideal)
                                  2.000000    2.000000 ^ input external delay
     1    0.003263    0.035331    0.017313    2.017313 ^ B[0] (in)
                                                         B[0] (net)
                      0.035331    0.000000    2.017313 ^ input33/A (sky130_fd_sc_hd__dlymetal6s2s_1)
     3    0.022853    0.368877    0.342522    2.359835 ^ input33/X (sky130_fd_sc_hd__dlymetal6s2s_1)
                                                         net33 (net)
                      0.368877    0.000257    2.360092 ^ _337_/B (sky130_fd_sc_hd__xor2_2)
     1    0.003381    0.056651    0.203823    2.563915 v _337_/X (sky130_fd_sc_hd__xor2_2)
                                                         net66 (net)
                      0.056651    0.000043    2.563959 v output66/A (sky130_fd_sc_hd__clkdlybuf4s25_1)
     1    0.035133    0.474998    0.731497    3.295456 v output66/X (sky130_fd_sc_hd__clkdlybuf4s25_1)
                                                         S[0] (net)
                      0.474998    0.000340    3.295796 v S[0] (out)
                                              3.295796   data arrival time

                      0.000000    0.000000    0.000000   clock __VIRTUAL_CLK__ (rise edge)
                                  0.000000    0.000000   clock network delay (ideal)
                                  0.250000    0.250000   clock uncertainty
                                  0.000000    0.250000   clock reconvergence pessimism
                                 -2.000000   -1.750000   output external delay
                                             -1.750000   data required time
---------------------------------------------------------------------------------------------
                                             -1.750000   data required time
                                             -3.295796   data arrival time
---------------------------------------------------------------------------------------------
                                              5.045796   slack (MET)


Startpoint: A[26] (input port clocked by __VIRTUAL_CLK__)
Endpoint: S[26] (output port clocked by __VIRTUAL_CLK__)
Path Group: __VIRTUAL_CLK__
Path Type: min

Fanout         Cap        Slew       Delay        Time   Description
---------------------------------------------------------------------------------------------
                      0.000000    0.000000    0.000000   clock __VIRTUAL_CLK__ (rise edge)
                                  0.000000    0.000000   clock network delay (ideal)
                                  2.000000    2.000000 v input external delay
     1    0.003910    0.022780    0.012082    2.012082 v A[26] (in)
                                                         A[26] (net)
                      0.022780    0.000000    2.012082 v input19/A (sky130_fd_sc_hd__clkdlybuf4s25_1)
     2    0.008916    0.147270    0.476569    2.488651 v input19/X (sky130_fd_sc_hd__clkdlybuf4s25_1)
                                                         net19 (net)
                      0.147270    0.000059    2.488710 v _294_/A (sky130_fd_sc_hd__nand3_2)
     2    0.008361    0.098817    0.142828    2.631538 ^ _294_/Y (sky130_fd_sc_hd__nand3_2)
                                                         _154_ (net)
                      0.098817    0.000049    2.631587 ^ _295_/B (sky130_fd_sc_hd__nand2b_2)
     3    0.016562    0.157600    0.181454    2.813041 v _295_/Y (sky130_fd_sc_hd__nand2b_2)
                                                         _155_ (net)
                      0.157600    0.000138    2.813179 v _298_/A (sky130_fd_sc_hd__xnor2_2)
     1    0.005533    0.075726    0.277878    3.091057 ^ _298_/Y (sky130_fd_sc_hd__xnor2_2)
                                                         net84 (net)
                      0.075726    0.000041    3.091098 ^ output84/A (sky130_fd_sc_hd__buf_6)
     1    0.035996    0.127795    0.217564    3.308662 ^ output84/X (sky130_fd_sc_hd__buf_6)
                                                         S[26] (net)
                      0.127796    0.000692    3.309354 ^ S[26] (out)
                                              3.309354   data arrival time

                      0.000000    0.000000    0.000000   clock __VIRTUAL_CLK__ (rise edge)
                                  0.000000    0.000000   clock network delay (ideal)
                                  0.250000    0.250000   clock uncertainty
                                  0.000000    0.250000   clock reconvergence pessimism
                                 -2.000000   -1.750000   output external delay
                                             -1.750000   data required time
---------------------------------------------------------------------------------------------
                                             -1.750000   data required time
                                             -3.309354   data arrival time
---------------------------------------------------------------------------------------------
                                              5.059354   slack (MET)


Startpoint: A[30] (input port clocked by __VIRTUAL_CLK__)
Endpoint: S[30] (output port clocked by __VIRTUAL_CLK__)
Path Group: __VIRTUAL_CLK__
Path Type: min

Fanout         Cap        Slew       Delay        Time   Description
---------------------------------------------------------------------------------------------
                      0.000000    0.000000    0.000000   clock __VIRTUAL_CLK__ (rise edge)
                                  0.000000    0.000000   clock network delay (ideal)
                                  2.000000    2.000000 v input external delay
     1    0.003766    0.022212    0.011655    2.011655 v A[30] (in)
                                                         A[30] (net)
                      0.022212    0.000000    2.011655 v input24/A (sky130_fd_sc_hd__clkdlybuf4s25_1)
     2    0.009713    0.157096    0.484268    2.495923 v input24/X (sky130_fd_sc_hd__clkdlybuf4s25_1)
                                                         net24 (net)
                      0.157096    0.000107    2.496030 v _325_/A (sky130_fd_sc_hd__nand3_2)
     2    0.007995    0.097571    0.145136    2.641166 ^ _325_/Y (sky130_fd_sc_hd__nand3_2)
                                                         _181_ (net)
                      0.097571    0.000052    2.641217 ^ _326_/B (sky130_fd_sc_hd__and2b_2)
     1    0.009457    0.108860    0.306562    2.947779 ^ _326_/X (sky130_fd_sc_hd__and2b_2)
                                                         _182_ (net)
                      0.108860    0.000051    2.947830 ^ _330_/A (sky130_fd_sc_hd__xnor2_2)
     1    0.005801    0.083708    0.152873    3.100703 v _330_/Y (sky130_fd_sc_hd__xnor2_2)
                                                         net89 (net)
                      0.083708    0.000082    3.100786 v output89/A (sky130_fd_sc_hd__buf_6)
     1    0.034951    0.076813    0.241440    3.342226 v output89/X (sky130_fd_sc_hd__buf_6)
                                                         S[30] (net)
                      0.076816    0.000528    3.342753 v S[30] (out)
                                              3.342753   data arrival time

                      0.000000    0.000000    0.000000   clock __VIRTUAL_CLK__ (rise edge)
                                  0.000000    0.000000   clock network delay (ideal)
                                  0.250000    0.250000   clock uncertainty
                                  0.000000    0.250000   clock reconvergence pessimism
                                 -2.000000   -1.750000   output external delay
                                             -1.750000   data required time
---------------------------------------------------------------------------------------------
                                             -1.750000   data required time
                                             -3.342753   data arrival time
---------------------------------------------------------------------------------------------
                                              5.092753   slack (MET)


Startpoint: A[23] (input port clocked by __VIRTUAL_CLK__)
Endpoint: S[23] (output port clocked by __VIRTUAL_CLK__)
Path Group: __VIRTUAL_CLK__
Path Type: min

Fanout         Cap        Slew       Delay        Time   Description
---------------------------------------------------------------------------------------------
                      0.000000    0.000000    0.000000   clock __VIRTUAL_CLK__ (rise edge)
                                  0.000000    0.000000   clock network delay (ideal)
                                  2.000000    2.000000 v input external delay
     1    0.003347    0.020571    0.010397    2.010397 v A[23] (in)
                                                         A[23] (net)
                      0.020571    0.000000    2.010397 v input16/A (sky130_fd_sc_hd__clkdlybuf4s25_1)
     2    0.009760    0.157696    0.484022    2.494419 v input16/X (sky130_fd_sc_hd__clkdlybuf4s25_1)
                                                         net16 (net)
                      0.157696    0.000187    2.494606 v _266_/B1 (sky130_fd_sc_hd__a21oi_2)
     2    0.005180    0.152250    0.210979    2.705585 ^ _266_/Y (sky130_fd_sc_hd__a21oi_2)
                                                         _129_ (net)
                      0.152250    0.000064    2.705649 ^ _267_/B (sky130_fd_sc_hd__or2_4)
     2    0.011562    0.081504    0.244157    2.949806 ^ _267_/X (sky130_fd_sc_hd__or2_4)
                                                         _130_ (net)
                      0.081504    0.000110    2.949916 ^ _271_/A (sky130_fd_sc_hd__xnor2_2)
     1    0.007346    0.095443    0.153498    3.103414 v _271_/Y (sky130_fd_sc_hd__xnor2_2)
                                                         net81 (net)
                      0.095443    0.000141    3.103555 v output81/A (sky130_fd_sc_hd__buf_6)
     1    0.034535    0.076283    0.246494    3.350049 v output81/X (sky130_fd_sc_hd__buf_6)
                                                         S[23] (net)
                      0.076283    0.000325    3.350374 v S[23] (out)
                                              3.350374   data arrival time

                      0.000000    0.000000    0.000000   clock __VIRTUAL_CLK__ (rise edge)
                                  0.000000    0.000000   clock network delay (ideal)
                                  0.250000    0.250000   clock uncertainty
                                  0.000000    0.250000   clock reconvergence pessimism
                                 -2.000000   -1.750000   output external delay
                                             -1.750000   data required time
---------------------------------------------------------------------------------------------
                                             -1.750000   data required time
                                             -3.350374   data arrival time
---------------------------------------------------------------------------------------------
                                              5.100374   slack (MET)


Startpoint: A[22] (input port clocked by __VIRTUAL_CLK__)
Endpoint: S[22] (output port clocked by __VIRTUAL_CLK__)
Path Group: __VIRTUAL_CLK__
Path Type: min

Fanout         Cap        Slew       Delay        Time   Description
---------------------------------------------------------------------------------------------
                      0.000000    0.000000    0.000000   clock __VIRTUAL_CLK__ (rise edge)
                                  0.000000    0.000000   clock network delay (ideal)
                                  2.000000    2.000000 ^ input external delay
     1    0.004090    0.040935    0.021443    2.021443 ^ A[22] (in)
                                                         A[22] (net)
                      0.040935    0.000000    2.021443 ^ input15/A (sky130_fd_sc_hd__clkdlybuf4s25_1)
     3    0.019053    0.323402    0.599749    2.621192 ^ input15/X (sky130_fd_sc_hd__clkdlybuf4s25_1)
                                                         net15 (net)
                      0.323402    0.000109    2.621300 ^ _257_/A (sky130_fd_sc_hd__xnor2_2)
     2    0.015540    0.146033    0.337121    2.958421 ^ _257_/Y (sky130_fd_sc_hd__xnor2_2)
                                                         _121_ (net)
                      0.146033    0.000213    2.958634 ^ _262_/A (sky130_fd_sc_hd__xnor2_2)
     1    0.004663    0.076360    0.158200    3.116834 v _262_/Y (sky130_fd_sc_hd__xnor2_2)
                                                         net80 (net)
                      0.076360    0.000019    3.116853 v output80/A (sky130_fd_sc_hd__buf_6)
     1    0.035383    0.077389    0.238755    3.355608 v output80/X (sky130_fd_sc_hd__buf_6)
                                                         S[22] (net)
                      0.077389    0.000214    3.355822 v S[22] (out)
                                              3.355822   data arrival time

                      0.000000    0.000000    0.000000   clock __VIRTUAL_CLK__ (rise edge)
                                  0.000000    0.000000   clock network delay (ideal)
                                  0.250000    0.250000   clock uncertainty
                                  0.000000    0.250000   clock reconvergence pessimism
                                 -2.000000   -1.750000   output external delay
                                             -1.750000   data required time
---------------------------------------------------------------------------------------------
                                             -1.750000   data required time
                                             -3.355822   data arrival time
---------------------------------------------------------------------------------------------
                                              5.105822   slack (MET)


Startpoint: A[19] (input port clocked by __VIRTUAL_CLK__)
Endpoint: S[19] (output port clocked by __VIRTUAL_CLK__)
Path Group: __VIRTUAL_CLK__
Path Type: min

Fanout         Cap        Slew       Delay        Time   Description
---------------------------------------------------------------------------------------------
                      0.000000    0.000000    0.000000   clock __VIRTUAL_CLK__ (rise edge)
                                  0.000000    0.000000   clock network delay (ideal)
                                  2.000000    2.000000 ^ input external delay
     1    0.004212    0.041770    0.022052    2.022052 ^ A[19] (in)
                                                         A[19] (net)
                      0.041770    0.000000    2.022052 ^ input11/A (sky130_fd_sc_hd__clkdlybuf4s25_1)
     2    0.010857    0.192842    0.513593    2.535646 ^ input11/X (sky130_fd_sc_hd__clkdlybuf4s25_1)
                                                         net11 (net)
                      0.192842    0.000136    2.535782 ^ _236_/A (sky130_fd_sc_hd__nand3_2)
     2    0.007914    0.144784    0.188642    2.724424 v _236_/Y (sky130_fd_sc_hd__nand3_2)
                                                         _103_ (net)
                      0.144784    0.000066    2.724490 v _237_/B (sky130_fd_sc_hd__nand2b_2)
     2    0.012539    0.124312    0.171251    2.895741 ^ _237_/Y (sky130_fd_sc_hd__nand2b_2)
                                                         _104_ (net)
                      0.124312    0.000099    2.895839 ^ _241_/A (sky130_fd_sc_hd__xor2_2)
     1    0.004929    0.063492    0.145866    3.041705 v _241_/X (sky130_fd_sc_hd__xor2_2)
                                                         net76 (net)
                      0.063492    0.000104    3.041810 v output76/A (sky130_fd_sc_hd__buf_2)
     1    0.034909    0.168435    0.326550    3.368360 v output76/X (sky130_fd_sc_hd__buf_2)
                                                         S[19] (net)
                      0.168435    0.000496    3.368856 v S[19] (out)
                                              3.368856   data arrival time

                      0.000000    0.000000    0.000000   clock __VIRTUAL_CLK__ (rise edge)
                                  0.000000    0.000000   clock network delay (ideal)
                                  0.250000    0.250000   clock uncertainty
                                  0.000000    0.250000   clock reconvergence pessimism
                                 -2.000000   -1.750000   output external delay
                                             -1.750000   data required time
---------------------------------------------------------------------------------------------
                                             -1.750000   data required time
                                             -3.368856   data arrival time
---------------------------------------------------------------------------------------------
                                              5.118856   slack (MET)


Startpoint: A[27] (input port clocked by __VIRTUAL_CLK__)
Endpoint: S[27] (output port clocked by __VIRTUAL_CLK__)
Path Group: __VIRTUAL_CLK__
Path Type: min

Fanout         Cap        Slew       Delay        Time   Description
---------------------------------------------------------------------------------------------
                      0.000000    0.000000    0.000000   clock __VIRTUAL_CLK__ (rise edge)
                                  0.000000    0.000000   clock network delay (ideal)
                                  2.000000    2.000000 v input external delay
     1    0.003305    0.020408    0.010274    2.010274 v A[27] (in)
                                                         A[27] (net)
                      0.020408    0.000000    2.010274 v input20/A (sky130_fd_sc_hd__clkdlybuf4s25_1)
     2    0.007835    0.134026    0.464800    2.475074 v input20/X (sky130_fd_sc_hd__clkdlybuf4s25_1)
                                                         net20 (net)
                      0.134026    0.000073    2.475147 v _302_/B1 (sky130_fd_sc_hd__a21oi_2)
     2    0.005503    0.157773    0.205761    2.680909 ^ _302_/Y (sky130_fd_sc_hd__a21oi_2)
                                                         _161_ (net)
                      0.157773    0.000053    2.680961 ^ _303_/B (sky130_fd_sc_hd__or2_2)
     2    0.013402    0.125174    0.264334    2.945295 ^ _303_/X (sky130_fd_sc_hd__or2_2)
                                                         _162_ (net)
                      0.125174    0.000136    2.945431 ^ _306_/A (sky130_fd_sc_hd__xor2_2)
     1    0.003824    0.058690    0.139170    3.084601 v _306_/X (sky130_fd_sc_hd__xor2_2)
                                                         net85 (net)
                      0.058690    0.000054    3.084655 v output85/A (sky130_fd_sc_hd__buf_4)
     1    0.034676    0.103827    0.285404    3.370059 v output85/X (sky130_fd_sc_hd__buf_4)
                                                         S[27] (net)
                      0.103828    0.000466    3.370526 v S[27] (out)
                                              3.370526   data arrival time

                      0.000000    0.000000    0.000000   clock __VIRTUAL_CLK__ (rise edge)
                                  0.000000    0.000000   clock network delay (ideal)
                                  0.250000    0.250000   clock uncertainty
                                  0.000000    0.250000   clock reconvergence pessimism
                                 -2.000000   -1.750000   output external delay
                                             -1.750000   data required time
---------------------------------------------------------------------------------------------
                                             -1.750000   data required time
                                             -3.370526   data arrival time
---------------------------------------------------------------------------------------------
                                              5.120525   slack (MET)


Startpoint: A[28] (input port clocked by __VIRTUAL_CLK__)
Endpoint: S[29] (output port clocked by __VIRTUAL_CLK__)
Path Group: __VIRTUAL_CLK__
Path Type: min

Fanout         Cap        Slew       Delay        Time   Description
---------------------------------------------------------------------------------------------
                      0.000000    0.000000    0.000000   clock __VIRTUAL_CLK__ (rise edge)
                                  0.000000    0.000000   clock network delay (ideal)
                                  2.000000    2.000000 ^ input external delay
     1    0.004107    0.041053    0.021530    2.021530 ^ A[28] (in)
                                                         A[28] (net)
                      0.041053    0.000000    2.021530 ^ input21/A (sky130_fd_sc_hd__clkdlybuf4s25_1)
     3    0.025234    0.413426    0.664508    2.686038 ^ input21/X (sky130_fd_sc_hd__clkdlybuf4s25_1)
                                                         net21 (net)
                      0.413426    0.000302    2.686340 ^ _320_/A1_N (sky130_fd_sc_hd__o2bb2ai_4)
     1    0.008971    0.102517    0.304709    2.991050 ^ _320_/Y (sky130_fd_sc_hd__o2bb2ai_4)
                                                         _177_ (net)
                      0.102517    0.000081    2.991130 ^ _321_/B (sky130_fd_sc_hd__xnor2_2)
     1    0.007253    0.095205    0.140977    3.132107 v _321_/Y (sky130_fd_sc_hd__xnor2_2)
                                                         net87 (net)
                      0.095205    0.000131    3.132238 v output87/A (sky130_fd_sc_hd__buf_6)
     1    0.035379    0.077348    0.247299    3.379537 v output87/X (sky130_fd_sc_hd__buf_6)
                                                         S[29] (net)
                      0.077349    0.000354    3.379891 v S[29] (out)
                                              3.379891   data arrival time

                      0.000000    0.000000    0.000000   clock __VIRTUAL_CLK__ (rise edge)
                                  0.000000    0.000000   clock network delay (ideal)
                                  0.250000    0.250000   clock uncertainty
                                  0.000000    0.250000   clock reconvergence pessimism
                                 -2.000000   -1.750000   output external delay
                                             -1.750000   data required time
---------------------------------------------------------------------------------------------
                                             -1.750000   data required time
                                             -3.379891   data arrival time
---------------------------------------------------------------------------------------------
                                              5.129891   slack (MET)


Startpoint: A[10] (input port clocked by __VIRTUAL_CLK__)
Endpoint: S[11] (output port clocked by __VIRTUAL_CLK__)
Path Group: __VIRTUAL_CLK__
Path Type: min

Fanout         Cap        Slew       Delay        Time   Description
---------------------------------------------------------------------------------------------
                      0.000000    0.000000    0.000000   clock __VIRTUAL_CLK__ (rise edge)
                                  0.000000    0.000000   clock network delay (ideal)
                                  2.000000    2.000000 ^ input external delay
     1    0.004681    0.044992    0.024405    2.024405 ^ A[10] (in)
                                                         A[10] (net)
                      0.044992    0.000000    2.024405 ^ input2/A (sky130_fd_sc_hd__clkdlybuf4s25_1)
     3    0.025024    0.410184    0.663942    2.688347 ^ input2/X (sky130_fd_sc_hd__clkdlybuf4s25_1)
                                                         net2 (net)
                      0.410184    0.000238    2.688585 ^ _373_/A (sky130_fd_sc_hd__nand2_2)
     1    0.006806    0.077401    0.200423    2.889008 v _373_/Y (sky130_fd_sc_hd__nand2_2)
                                                         _002_ (net)
                      0.077401    0.000131    2.889138 v _359_/B1 (sky130_fd_sc_hd__o21ai_2)
     1    0.010345    0.120059    0.121915    3.011053 ^ _359_/Y (sky130_fd_sc_hd__o21ai_2)
                                                         _202_ (net)
                      0.120059    0.000158    3.011211 ^ _360_/B (sky130_fd_sc_hd__xnor2_2)
     1    0.005132    0.078659    0.132772    3.143983 v _360_/Y (sky130_fd_sc_hd__xnor2_2)
                                                         net68 (net)
                      0.078659    0.000053    3.144036 v output68/A (sky130_fd_sc_hd__buf_6)
     1    0.035433    0.077421    0.239734    3.383771 v output68/X (sky130_fd_sc_hd__buf_6)
                                                         S[11] (net)
                      0.077422    0.000368    3.384138 v S[11] (out)
                                              3.384138   data arrival time

                      0.000000    0.000000    0.000000   clock __VIRTUAL_CLK__ (rise edge)
                                  0.000000    0.000000   clock network delay (ideal)
                                  0.250000    0.250000   clock uncertainty
                                  0.000000    0.250000   clock reconvergence pessimism
                                 -2.000000   -1.750000   output external delay
                                             -1.750000   data required time
---------------------------------------------------------------------------------------------
                                             -1.750000   data required time
                                             -3.384138   data arrival time
---------------------------------------------------------------------------------------------
                                              5.134139   slack (MET)


Startpoint: A[15] (input port clocked by __VIRTUAL_CLK__)
Endpoint: S[15] (output port clocked by __VIRTUAL_CLK__)
Path Group: __VIRTUAL_CLK__
Path Type: min

Fanout         Cap        Slew       Delay        Time   Description
---------------------------------------------------------------------------------------------
                      0.000000    0.000000    0.000000   clock __VIRTUAL_CLK__ (rise edge)
                                  0.000000    0.000000   clock network delay (ideal)
                                  2.000000    2.000000 v input external delay
     1    0.003982    0.023065    0.012296    2.012296 v A[15] (in)
                                                         A[15] (net)
                      0.023065    0.000000    2.012296 v input7/A (sky130_fd_sc_hd__clkdlybuf4s25_1)
     2    0.009696    0.156920    0.484389    2.496685 v input7/X (sky130_fd_sc_hd__clkdlybuf4s25_1)
                                                         net7 (net)
                      0.156920    0.000238    2.496923 v _448_/B1 (sky130_fd_sc_hd__a21oi_2)
     2    0.005136    0.151491    0.210125    2.707048 ^ _448_/Y (sky130_fd_sc_hd__a21oi_2)
                                                         _077_ (net)
                      0.151491    0.000060    2.707108 ^ _208_/B (sky130_fd_sc_hd__or2_2)
     2    0.014737    0.135182    0.268951    2.976059 ^ _208_/X (sky130_fd_sc_hd__or2_2)
                                                         _078_ (net)
                      0.135182    0.000199    2.976258 ^ _368_/A (sky130_fd_sc_hd__xnor2_2)
     1    0.008751    0.107316    0.180961    3.157220 v _368_/Y (sky130_fd_sc_hd__xnor2_2)
                                                         net72 (net)
                      0.107316    0.000253    3.157473 v output72/A (sky130_fd_sc_hd__buf_6)
     1    0.034670    0.076450    0.252065    3.409538 v output72/X (sky130_fd_sc_hd__buf_6)
                                                         S[15] (net)
                      0.076451    0.000451    3.409988 v S[15] (out)
                                              3.409988   data arrival time

                      0.000000    0.000000    0.000000   clock __VIRTUAL_CLK__ (rise edge)
                                  0.000000    0.000000   clock network delay (ideal)
                                  0.250000    0.250000   clock uncertainty
                                  0.000000    0.250000   clock reconvergence pessimism
                                 -2.000000   -1.750000   output external delay
                                             -1.750000   data required time
---------------------------------------------------------------------------------------------
                                             -1.750000   data required time
                                             -3.409988   data arrival time
---------------------------------------------------------------------------------------------
                                              5.159988   slack (MET)


Startpoint: A[21] (input port clocked by __VIRTUAL_CLK__)
Endpoint: S[21] (output port clocked by __VIRTUAL_CLK__)
Path Group: __VIRTUAL_CLK__
Path Type: min

Fanout         Cap        Slew       Delay        Time   Description
---------------------------------------------------------------------------------------------
                      0.000000    0.000000    0.000000   clock __VIRTUAL_CLK__ (rise edge)
                                  0.000000    0.000000   clock network delay (ideal)
                                  2.000000    2.000000 ^ input external delay
     1    0.004600    0.044438    0.023997    2.023997 ^ A[21] (in)
                                                         A[21] (net)
                      0.044438    0.000000    2.023997 ^ input14/A (sky130_fd_sc_hd__clkdlybuf4s25_1)
     3    0.019751    0.328859    0.608278    2.632275 ^ input14/X (sky130_fd_sc_hd__clkdlybuf4s25_1)
                                                         net14 (net)
                      0.328859    0.000355    2.632630 ^ _251_/A (sky130_fd_sc_hd__xnor2_2)
     3    0.021520    0.189211    0.369437    3.002068 ^ _251_/Y (sky130_fd_sc_hd__xnor2_2)
                                                         _116_ (net)
                      0.189211    0.000188    3.002255 ^ _253_/A (sky130_fd_sc_hd__xnor2_2)
     1    0.005074    0.076991    0.175591    3.177847 v _253_/Y (sky130_fd_sc_hd__xnor2_2)
                                                         net79 (net)
                      0.076991    0.000055    3.177901 v output79/A (sky130_fd_sc_hd__buf_6)
     1    0.035146    0.077056    0.238666    3.416567 v output79/X (sky130_fd_sc_hd__buf_6)
                                                         S[21] (net)
                      0.077057    0.000431    3.416998 v S[21] (out)
                                              3.416998   data arrival time

                      0.000000    0.000000    0.000000   clock __VIRTUAL_CLK__ (rise edge)
                                  0.000000    0.000000   clock network delay (ideal)
                                  0.250000    0.250000   clock uncertainty
                                  0.000000    0.250000   clock reconvergence pessimism
                                 -2.000000   -1.750000   output external delay
                                             -1.750000   data required time
---------------------------------------------------------------------------------------------
                                             -1.750000   data required time
                                             -3.416998   data arrival time
---------------------------------------------------------------------------------------------
                                              5.166997   slack (MET)


Startpoint: A[20] (input port clocked by __VIRTUAL_CLK__)
Endpoint: S[20] (output port clocked by __VIRTUAL_CLK__)
Path Group: __VIRTUAL_CLK__
Path Type: min

Fanout         Cap        Slew       Delay        Time   Description
---------------------------------------------------------------------------------------------
                      0.000000    0.000000    0.000000   clock __VIRTUAL_CLK__ (rise edge)
                                  0.000000    0.000000   clock network delay (ideal)
                                  2.000000    2.000000 ^ input external delay
     1    0.004257    0.042081    0.022279    2.022279 ^ A[20] (in)
                                                         A[20] (net)
                      0.042081    0.000000    2.022279 ^ input13/A (sky130_fd_sc_hd__clkdlybuf4s25_1)
     4    0.018261    0.305836    0.591779    2.614058 ^ input13/X (sky130_fd_sc_hd__clkdlybuf4s25_1)
                                                         net13 (net)
                      0.305836    0.000205    2.614263 ^ _245_/A (sky130_fd_sc_hd__xnor2_2)
     3    0.019723    0.175989    0.353591    2.967854 ^ _245_/Y (sky130_fd_sc_hd__xnor2_2)
                                                         _111_ (net)
                      0.175989    0.000070    2.967924 ^ _249_/A (sky130_fd_sc_hd__xnor2_2)
     1    0.004033    0.070425    0.164280    3.132204 v _249_/Y (sky130_fd_sc_hd__xnor2_2)
                                                         net78 (net)
                      0.070425    0.000059    3.132263 v output78/A (sky130_fd_sc_hd__clkbuf_2)
     1    0.035650    0.249864    0.326862    3.459125 v output78/X (sky130_fd_sc_hd__clkbuf_2)
                                                         S[20] (net)
                      0.249864    0.000219    3.459345 v S[20] (out)
                                              3.459345   data arrival time

                      0.000000    0.000000    0.000000   clock __VIRTUAL_CLK__ (rise edge)
                                  0.000000    0.000000   clock network delay (ideal)
                                  0.250000    0.250000   clock uncertainty
                                  0.000000    0.250000   clock reconvergence pessimism
                                 -2.000000   -1.750000   output external delay
                                             -1.750000   data required time
---------------------------------------------------------------------------------------------
                                             -1.750000   data required time
                                             -3.459345   data arrival time
---------------------------------------------------------------------------------------------
                                              5.209345   slack (MET)


Startpoint: A[17] (input port clocked by __VIRTUAL_CLK__)
Endpoint: S[18] (output port clocked by __VIRTUAL_CLK__)
Path Group: __VIRTUAL_CLK__
Path Type: min

Fanout         Cap        Slew       Delay        Time   Description
---------------------------------------------------------------------------------------------
                      0.000000    0.000000    0.000000   clock __VIRTUAL_CLK__ (rise edge)
                                  0.000000    0.000000   clock network delay (ideal)
                                  2.000000    2.000000 ^ input external delay
     1    0.003371    0.036058    0.017854    2.017854 ^ A[17] (in)
                                                         A[17] (net)
                      0.036058    0.000000    2.017854 ^ input9/A (sky130_fd_sc_hd__clkdlybuf4s25_1)
     4    0.024096    0.395863    0.650488    2.668342 ^ input9/X (sky130_fd_sc_hd__clkdlybuf4s25_1)
                                                         net9 (net)
                      0.395863    0.000240    2.668582 ^ _231_/A1 (sky130_fd_sc_hd__a211oi_2)
     1    0.009109    0.068101    0.272518    2.941100 v _231_/Y (sky130_fd_sc_hd__a211oi_2)
                                                         _099_ (net)
                      0.068101    0.000100    2.941200 v _232_/B (sky130_fd_sc_hd__xor2_2)
     1    0.003980    0.128446    0.184546    3.125746 ^ _232_/X (sky130_fd_sc_hd__xor2_2)
                                                         net75 (net)
                      0.128446    0.000062    3.125808 ^ output75/A (sky130_fd_sc_hd__clkbuf_4)
     1    0.035109    0.183223    0.340360    3.466168 ^ output75/X (sky130_fd_sc_hd__clkbuf_4)
                                                         S[18] (net)
                      0.183223    0.000520    3.466689 ^ S[18] (out)
                                              3.466689   data arrival time

                      0.000000    0.000000    0.000000   clock __VIRTUAL_CLK__ (rise edge)
                                  0.000000    0.000000   clock network delay (ideal)
                                  0.250000    0.250000   clock uncertainty
                                  0.000000    0.250000   clock reconvergence pessimism
                                 -2.000000   -1.750000   output external delay
                                             -1.750000   data required time
---------------------------------------------------------------------------------------------
                                             -1.750000   data required time
                                             -3.466689   data arrival time
---------------------------------------------------------------------------------------------
                                              5.216689   slack (MET)


Startpoint: A[16] (input port clocked by __VIRTUAL_CLK__)
Endpoint: S[16] (output port clocked by __VIRTUAL_CLK__)
Path Group: __VIRTUAL_CLK__
Path Type: min

Fanout         Cap        Slew       Delay        Time   Description
---------------------------------------------------------------------------------------------
                      0.000000    0.000000    0.000000   clock __VIRTUAL_CLK__ (rise edge)
                                  0.000000    0.000000   clock network delay (ideal)
                                  2.000000    2.000000 ^ input external delay
     1    0.003882    0.039514    0.020415    2.020416 ^ A[16] (in)
                                                         A[16] (net)
                      0.039514    0.000000    2.020416 ^ input8/A (sky130_fd_sc_hd__clkdlybuf4s25_1)
     3    0.010509    0.187554    0.508967    2.529382 ^ input8/X (sky130_fd_sc_hd__clkdlybuf4s25_1)
                                                         net8 (net)
                      0.187554    0.000094    2.529476 ^ _216_/A (sky130_fd_sc_hd__nand2_2)
     2    0.009829    0.107906    0.158318    2.687794 v _216_/Y (sky130_fd_sc_hd__nand2_2)
                                                         _086_ (net)
                      0.107906    0.000077    2.687871 v _218_/A (sky130_fd_sc_hd__nand2_2)
     4    0.023353    0.202252    0.202124    2.889995 ^ _218_/Y (sky130_fd_sc_hd__nand2_2)
                                                         _088_ (net)
                      0.202252    0.000172    2.890167 ^ _219_/B (sky130_fd_sc_hd__xor2_2)
     1    0.002239    0.051272    0.146133    3.036301 v _219_/X (sky130_fd_sc_hd__xor2_2)
                                                         net73 (net)
                      0.051272    0.000023    3.036324 v output73/A (sky130_fd_sc_hd__dlymetal6s2s_1)
     1    0.034824    0.335066    0.466089    3.502413 v output73/X (sky130_fd_sc_hd__dlymetal6s2s_1)
                                                         S[16] (net)
                      0.335066    0.000460    3.502873 v S[16] (out)
                                              3.502873   data arrival time

                      0.000000    0.000000    0.000000   clock __VIRTUAL_CLK__ (rise edge)
                                  0.000000    0.000000   clock network delay (ideal)
                                  0.250000    0.250000   clock uncertainty
                                  0.000000    0.250000   clock reconvergence pessimism
                                 -2.000000   -1.750000   output external delay
                                             -1.750000   data required time
---------------------------------------------------------------------------------------------
                                             -1.750000   data required time
                                             -3.502873   data arrival time
---------------------------------------------------------------------------------------------
                                              5.252873   slack (MET)


Startpoint: A[13] (input port clocked by __VIRTUAL_CLK__)
Endpoint: S[14] (output port clocked by __VIRTUAL_CLK__)
Path Group: __VIRTUAL_CLK__
Path Type: min

Fanout         Cap        Slew       Delay        Time   Description
---------------------------------------------------------------------------------------------
                      0.000000    0.000000    0.000000   clock __VIRTUAL_CLK__ (rise edge)
                                  0.000000    0.000000   clock network delay (ideal)
                                  2.000000    2.000000 ^ input external delay
     1    0.003371    0.036058    0.017853    2.017853 ^ A[13] (in)
                                                         A[13] (net)
                      0.036058    0.000000    2.017853 ^ input5/A (sky130_fd_sc_hd__clkdlybuf4s25_1)
     2    0.007357    0.139980    0.473831    2.491685 ^ input5/X (sky130_fd_sc_hd__clkdlybuf4s25_1)
                                                         net5 (net)
                      0.139980    0.000077    2.491761 ^ _438_/B1 (sky130_fd_sc_hd__a21oi_2)
     2    0.005648    0.053598    0.086489    2.578251 v _438_/Y (sky130_fd_sc_hd__a21oi_2)
                                                         _067_ (net)
                      0.053598    0.000067    2.578318 v _211_/A2 (sky130_fd_sc_hd__o21ba_2)
     2    0.010585    0.081877    0.379882    2.958200 v _211_/X (sky130_fd_sc_hd__o21ba_2)
                                                         _081_ (net)
                      0.081877    0.000234    2.958435 v _365_/A (sky130_fd_sc_hd__nand2_2)
     1    0.008841    0.089660    0.112310    3.070744 ^ _365_/Y (sky130_fd_sc_hd__nand2_2)
                                                         _205_ (net)
                      0.089660    0.000074    3.070818 ^ _366_/B (sky130_fd_sc_hd__xnor2_2)
     1    0.012098    0.135510    0.168039    3.238857 v _366_/Y (sky130_fd_sc_hd__xnor2_2)
                                                         net71 (net)
                      0.135510    0.000440    3.239296 v output71/A (sky130_fd_sc_hd__buf_6)
     1    0.034710    0.076492    0.265158    3.504454 v output71/X (sky130_fd_sc_hd__buf_6)
                                                         S[14] (net)
                      0.076492    0.000383    3.504837 v S[14] (out)
                                              3.504837   data arrival time

                      0.000000    0.000000    0.000000   clock __VIRTUAL_CLK__ (rise edge)
                                  0.000000    0.000000   clock network delay (ideal)
                                  0.250000    0.250000   clock uncertainty
                                  0.000000    0.250000   clock reconvergence pessimism
                                 -2.000000   -1.750000   output external delay
                                             -1.750000   data required time
---------------------------------------------------------------------------------------------
                                             -1.750000   data required time
                                             -3.504837   data arrival time
---------------------------------------------------------------------------------------------
                                              5.254837   slack (MET)


Startpoint: A[8] (input port clocked by __VIRTUAL_CLK__)
Endpoint: S[10] (output port clocked by __VIRTUAL_CLK__)
Path Group: __VIRTUAL_CLK__
Path Type: min

Fanout         Cap        Slew       Delay        Time   Description
---------------------------------------------------------------------------------------------
                      0.000000    0.000000    0.000000   clock __VIRTUAL_CLK__ (rise edge)
                                  0.000000    0.000000   clock network delay (ideal)
                                  2.000000    2.000000 v input external delay
     1    0.003443    0.020943    0.010673    2.010673 v A[8] (in)
                                                         A[8] (net)
                      0.020943    0.000000    2.010673 v input31/A (sky130_fd_sc_hd__clkdlybuf4s25_1)
     2    0.013277    0.203149    0.518846    2.529519 v input31/X (sky130_fd_sc_hd__clkdlybuf4s25_1)
                                                         net31 (net)
                      0.203149    0.000020    2.529539 v _376_/A (sky130_fd_sc_hd__nand2_2)
     3    0.011788    0.122494    0.182082    2.711621 ^ _376_/Y (sky130_fd_sc_hd__nand2_2)
                                                         _005_ (net)
                      0.122494    0.000158    2.711779 ^ _357_/A1 (sky130_fd_sc_hd__a31o_2)
     2    0.015747    0.156279    0.391513    3.103293 ^ _357_/X (sky130_fd_sc_hd__a31o_2)
                                                         _201_ (net)
                      0.156279    0.000247    3.103540 ^ _358_/B (sky130_fd_sc_hd__xor2_2)
     1    0.002600    0.052644    0.130570    3.234110 v _358_/X (sky130_fd_sc_hd__xor2_2)
                                                         net67 (net)
                      0.052644    0.000026    3.234136 v output67/A (sky130_fd_sc_hd__clkbuf_4)
     1    0.034643    0.139952    0.302243    3.536378 v output67/X (sky130_fd_sc_hd__clkbuf_4)
                                                         S[10] (net)
                      0.139952    0.000215    3.536593 v S[10] (out)
                                              3.536593   data arrival time

                      0.000000    0.000000    0.000000   clock __VIRTUAL_CLK__ (rise edge)
                                  0.000000    0.000000   clock network delay (ideal)
                                  0.250000    0.250000   clock uncertainty
                                  0.000000    0.250000   clock reconvergence pessimism
                                 -2.000000   -1.750000   output external delay
                                             -1.750000   data required time
---------------------------------------------------------------------------------------------
                                             -1.750000   data required time
                                             -3.536593   data arrival time
---------------------------------------------------------------------------------------------
                                              5.286593   slack (MET)


Startpoint: A[28] (input port clocked by __VIRTUAL_CLK__)
Endpoint: S[28] (output port clocked by __VIRTUAL_CLK__)
Path Group: __VIRTUAL_CLK__
Path Type: min

Fanout         Cap        Slew       Delay        Time   Description
---------------------------------------------------------------------------------------------
                      0.000000    0.000000    0.000000   clock __VIRTUAL_CLK__ (rise edge)
                                  0.000000    0.000000   clock network delay (ideal)
                                  2.000000    2.000000 ^ input external delay
     1    0.004107    0.041053    0.021530    2.021530 ^ A[28] (in)
                                                         A[28] (net)
                      0.041053    0.000000    2.021530 ^ input21/A (sky130_fd_sc_hd__clkdlybuf4s25_1)
     3    0.025234    0.413426    0.664508    2.686038 ^ input21/X (sky130_fd_sc_hd__clkdlybuf4s25_1)
                                                         net21 (net)
                      0.413426    0.000192    2.686230 ^ _308_/A (sky130_fd_sc_hd__xnor2_2)
     3    0.023557    0.204656    0.404446    3.090676 ^ _308_/Y (sky130_fd_sc_hd__xnor2_2)
                                                         _166_ (net)
                      0.204656    0.000226    3.090903 ^ _313_/A (sky130_fd_sc_hd__xor2_2)
     1    0.004627    0.062488    0.173164    3.264067 v _313_/X (sky130_fd_sc_hd__xor2_2)
                                                         net86 (net)
                      0.062488    0.000076    3.264143 v output86/A (sky130_fd_sc_hd__buf_4)
     1    0.035795    0.105944    0.288942    3.553086 v output86/X (sky130_fd_sc_hd__buf_4)
                                                         S[28] (net)
                      0.105944    0.000394    3.553480 v S[28] (out)
                                              3.553480   data arrival time

                      0.000000    0.000000    0.000000   clock __VIRTUAL_CLK__ (rise edge)
                                  0.000000    0.000000   clock network delay (ideal)
                                  0.250000    0.250000   clock uncertainty
                                  0.000000    0.250000   clock reconvergence pessimism
                                 -2.000000   -1.750000   output external delay
                                             -1.750000   data required time
---------------------------------------------------------------------------------------------
                                             -1.750000   data required time
                                             -3.553480   data arrival time
---------------------------------------------------------------------------------------------
                                              5.303480   slack (MET)


Startpoint: A[12] (input port clocked by __VIRTUAL_CLK__)
Endpoint: S[13] (output port clocked by __VIRTUAL_CLK__)
Path Group: __VIRTUAL_CLK__
Path Type: min

Fanout         Cap        Slew       Delay        Time   Description
---------------------------------------------------------------------------------------------
                      0.000000    0.000000    0.000000   clock __VIRTUAL_CLK__ (rise edge)
                                  0.000000    0.000000   clock network delay (ideal)
                                  2.000000    2.000000 v input external delay
     1    0.003198    0.019989    0.009950    2.009950 v A[12] (in)
                                                         A[12] (net)
                      0.019989    0.000000    2.009950 v input4/A (sky130_fd_sc_hd__clkdlybuf4s25_1)
     2    0.006951    0.123318    0.455809    2.465759 v input4/X (sky130_fd_sc_hd__clkdlybuf4s25_1)
                                                         net4 (net)
                      0.123318    0.000078    2.465837 v _432_/A (sky130_fd_sc_hd__nand2_2)
     3    0.012866    0.123733    0.152695    2.618532 ^ _432_/Y (sky130_fd_sc_hd__nand2_2)
                                                         _061_ (net)
                      0.123733    0.000094    2.618626 ^ _362_/B1 (sky130_fd_sc_hd__o21ai_2)
     1    0.008585    0.092916    0.141597    2.760223 v _362_/Y (sky130_fd_sc_hd__o21ai_2)
                                                         _203_ (net)
                      0.092916    0.000043    2.760266 v _363_/B (sky130_fd_sc_hd__xnor2_2)
     1    0.003262    0.060528    0.182016    2.942282 ^ _363_/Y (sky130_fd_sc_hd__xnor2_2)
                                                         net70 (net)
                      0.060528    0.000044    2.942327 ^ output70/A (sky130_fd_sc_hd__dlymetal6s4s_1)
     1    0.035135    0.547996    0.611453    3.553779 ^ output70/X (sky130_fd_sc_hd__dlymetal6s4s_1)
                                                         S[13] (net)
                      0.547996    0.000528    3.554307 ^ S[13] (out)
                                              3.554307   data arrival time

                      0.000000    0.000000    0.000000   clock __VIRTUAL_CLK__ (rise edge)
                                  0.000000    0.000000   clock network delay (ideal)
                                  0.250000    0.250000   clock uncertainty
                                  0.000000    0.250000   clock reconvergence pessimism
                                 -2.000000   -1.750000   output external delay
                                             -1.750000   data required time
---------------------------------------------------------------------------------------------
                                             -1.750000   data required time
                                             -3.554307   data arrival time
---------------------------------------------------------------------------------------------
                                              5.304307   slack (MET)


Startpoint: B[0] (input port clocked by __VIRTUAL_CLK__)
Endpoint: S[1] (output port clocked by __VIRTUAL_CLK__)
Path Group: __VIRTUAL_CLK__
Path Type: min

Fanout         Cap        Slew       Delay        Time   Description
---------------------------------------------------------------------------------------------
                      0.000000    0.000000    0.000000   clock __VIRTUAL_CLK__ (rise edge)
                                  0.000000    0.000000   clock network delay (ideal)
                                  2.000000    2.000000 ^ input external delay
     1    0.003263    0.035331    0.017313    2.017313 ^ B[0] (in)
                                                         B[0] (net)
                      0.035331    0.000000    2.017313 ^ input33/A (sky130_fd_sc_hd__dlymetal6s2s_1)
     3    0.022853    0.368877    0.342522    2.359835 ^ input33/X (sky130_fd_sc_hd__dlymetal6s2s_1)
                                                         net33 (net)
                      0.368877    0.000271    2.360106 ^ _338_/S (sky130_fd_sc_hd__mux2_1)
     1    0.009364    0.154292    0.400468    2.760574 ^ _338_/X (sky130_fd_sc_hd__mux2_1)
                                                         _191_ (net)
                      0.154292    0.000114    2.760688 ^ _339_/B (sky130_fd_sc_hd__xnor2_2)
     1    0.002520    0.059391    0.125073    2.885760 v _339_/Y (sky130_fd_sc_hd__xnor2_2)
                                                         net77 (net)
                      0.059391    0.000023    2.885783 v output77/A (sky130_fd_sc_hd__clkdlybuf4s25_1)
     1    0.035956    0.485450    0.740036    3.625819 v output77/X (sky130_fd_sc_hd__clkdlybuf4s25_1)
                                                         S[1] (net)
                      0.485450    0.000444    3.626263 v S[1] (out)
                                              3.626263   data arrival time

                      0.000000    0.000000    0.000000   clock __VIRTUAL_CLK__ (rise edge)
                                  0.000000    0.000000   clock network delay (ideal)
                                  0.250000    0.250000   clock uncertainty
                                  0.000000    0.250000   clock reconvergence pessimism
                                 -2.000000   -1.750000   output external delay
                                             -1.750000   data required time
---------------------------------------------------------------------------------------------
                                             -1.750000   data required time
                                             -3.626263   data arrival time
---------------------------------------------------------------------------------------------
                                              5.376263   slack (MET)


Startpoint: A[7] (input port clocked by __VIRTUAL_CLK__)
Endpoint: S[7] (output port clocked by __VIRTUAL_CLK__)
Path Group: __VIRTUAL_CLK__
Path Type: min

Fanout         Cap        Slew       Delay        Time   Description
---------------------------------------------------------------------------------------------
                      0.000000    0.000000    0.000000   clock __VIRTUAL_CLK__ (rise edge)
                                  0.000000    0.000000   clock network delay (ideal)
                                  2.000000    2.000000 ^ input external delay
     1    0.004130    0.041212    0.021644    2.021644 ^ A[7] (in)
                                                         A[7] (net)
                      0.041212    0.000000    2.021644 ^ input30/A (sky130_fd_sc_hd__clkdlybuf4s25_1)
     3    0.018604    0.311156    0.594941    2.616584 ^ input30/X (sky130_fd_sc_hd__clkdlybuf4s25_1)
                                                         net30 (net)
                      0.311156    0.000365    2.616949 ^ _401_/A (sky130_fd_sc_hd__xnor2_2)
     2    0.011174    0.128468    0.253891    2.870840 v _401_/Y (sky130_fd_sc_hd__xnor2_2)
                                                         _030_ (net)
                      0.128468    0.000149    2.870990 v _351_/A (sky130_fd_sc_hd__xnor2_2)
     1    0.002535    0.055796    0.226847    3.097836 ^ _351_/Y (sky130_fd_sc_hd__xnor2_2)
                                                         net95 (net)
                      0.055796    0.000020    3.097856 ^ output95/A (sky130_fd_sc_hd__dlymetal6s4s_1)
     1    0.035157    0.548280    0.609720    3.707576 ^ output95/X (sky130_fd_sc_hd__dlymetal6s4s_1)
                                                         S[7] (net)
                      0.548280    0.000344    3.707919 ^ S[7] (out)
                                              3.707919   data arrival time

                      0.000000    0.000000    0.000000   clock __VIRTUAL_CLK__ (rise edge)
                                  0.000000    0.000000   clock network delay (ideal)
                                  0.250000    0.250000   clock uncertainty
                                  0.000000    0.250000   clock reconvergence pessimism
                                 -2.000000   -1.750000   output external delay
                                             -1.750000   data required time
---------------------------------------------------------------------------------------------
                                             -1.750000   data required time
                                             -3.707919   data arrival time
---------------------------------------------------------------------------------------------
                                              5.457920   slack (MET)


Startpoint: A[2] (input port clocked by __VIRTUAL_CLK__)
Endpoint: S[3] (output port clocked by __VIRTUAL_CLK__)
Path Group: __VIRTUAL_CLK__
Path Type: min

Fanout         Cap        Slew       Delay        Time   Description
---------------------------------------------------------------------------------------------
                      0.000000    0.000000    0.000000   clock __VIRTUAL_CLK__ (rise edge)
                                  0.000000    0.000000   clock network delay (ideal)
                                  2.000000    2.000000 ^ input external delay
     1    0.003187    0.034824    0.016920    2.016920 ^ A[2] (in)
                                                         A[2] (net)
                      0.034824    0.000000    2.016920 ^ input23/A (sky130_fd_sc_hd__clkdlybuf4s25_1)
     2    0.007156    0.141421    0.471225    2.488145 ^ input23/X (sky130_fd_sc_hd__clkdlybuf4s25_1)
                                                         net23 (net)
                      0.141421    0.000049    2.488194 ^ _420_/B1 (sky130_fd_sc_hd__a21oi_2)
     3    0.012042    0.073182    0.109690    2.597883 v _420_/Y (sky130_fd_sc_hd__a21oi_2)
                                                         _049_ (net)
                      0.073182    0.000157    2.598040 v _342_/B1 (sky130_fd_sc_hd__a21oi_2)
     1    0.008908    0.225377    0.224879    2.822919 ^ _342_/Y (sky130_fd_sc_hd__a21oi_2)
                                                         _193_ (net)
                      0.225377    0.000080    2.822999 ^ _343_/B (sky130_fd_sc_hd__xnor2_2)
     1    0.003639    0.070014    0.155784    2.978783 v _343_/Y (sky130_fd_sc_hd__xnor2_2)
                                                         net91 (net)
                      0.070014    0.000044    2.978826 v output91/A (sky130_fd_sc_hd__clkdlybuf4s25_1)
     1    0.035140    0.475728    0.737554    3.716380 v output91/X (sky130_fd_sc_hd__clkdlybuf4s25_1)
                                                         S[3] (net)
                      0.475728    0.000199    3.716580 v S[3] (out)
                                              3.716580   data arrival time

                      0.000000    0.000000    0.000000   clock __VIRTUAL_CLK__ (rise edge)
                                  0.000000    0.000000   clock network delay (ideal)
                                  0.250000    0.250000   clock uncertainty
                                  0.000000    0.250000   clock reconvergence pessimism
                                 -2.000000   -1.750000   output external delay
                                             -1.750000   data required time
---------------------------------------------------------------------------------------------
                                             -1.750000   data required time
                                             -3.716580   data arrival time
---------------------------------------------------------------------------------------------
                                              5.466579   slack (MET)


Startpoint: A[12] (input port clocked by __VIRTUAL_CLK__)
Endpoint: S[12] (output port clocked by __VIRTUAL_CLK__)
Path Group: __VIRTUAL_CLK__
Path Type: min

Fanout         Cap        Slew       Delay        Time   Description
---------------------------------------------------------------------------------------------
                      0.000000    0.000000    0.000000   clock __VIRTUAL_CLK__ (rise edge)
                                  0.000000    0.000000   clock network delay (ideal)
                                  2.000000    2.000000 ^ input external delay
     1    0.003375    0.036080    0.017870    2.017870 ^ A[12] (in)
                                                         A[12] (net)
                      0.036080    0.000000    2.017870 ^ input4/A (sky130_fd_sc_hd__clkdlybuf4s25_1)
     2    0.007286    0.138925    0.473087    2.490957 ^ input4/X (sky130_fd_sc_hd__clkdlybuf4s25_1)
                                                         net4 (net)
                      0.138925    0.000082    2.491039 ^ _432_/A (sky130_fd_sc_hd__nand2_2)
     3    0.012212    0.122069    0.154258    2.645297 v _432_/Y (sky130_fd_sc_hd__nand2_2)
                                                         _061_ (net)
                      0.122069    0.000033    2.645329 v _434_/A (sky130_fd_sc_hd__nand2_2)
     4    0.021998    0.192008    0.201260    2.846590 ^ _434_/Y (sky130_fd_sc_hd__nand2_2)
                                                         _063_ (net)
                      0.192008    0.000207    2.846797 ^ _361_/B (sky130_fd_sc_hd__xor2_2)
     1    0.002908    0.054066    0.146849    2.993646 v _361_/X (sky130_fd_sc_hd__xor2_2)
                                                         net69 (net)
                      0.054066    0.000032    2.993679 v output69/A (sky130_fd_sc_hd__clkdlybuf4s25_1)
     1    0.035241    0.476461    0.731200    3.724879 v output69/X (sky130_fd_sc_hd__clkdlybuf4s25_1)
                                                         S[12] (net)
                      0.476461    0.000555    3.725434 v S[12] (out)
                                              3.725434   data arrival time

                      0.000000    0.000000    0.000000   clock __VIRTUAL_CLK__ (rise edge)
                                  0.000000    0.000000   clock network delay (ideal)
                                  0.250000    0.250000   clock uncertainty
                                  0.000000    0.250000   clock reconvergence pessimism
                                 -2.000000   -1.750000   output external delay
                                             -1.750000   data required time
---------------------------------------------------------------------------------------------
                                             -1.750000   data required time
                                             -3.725434   data arrival time
---------------------------------------------------------------------------------------------
                                              5.475434   slack (MET)


Startpoint: A[8] (input port clocked by __VIRTUAL_CLK__)
Endpoint: S[8] (output port clocked by __VIRTUAL_CLK__)
Path Group: __VIRTUAL_CLK__
Path Type: min

Fanout         Cap        Slew       Delay        Time   Description
---------------------------------------------------------------------------------------------
                      0.000000    0.000000    0.000000   clock __VIRTUAL_CLK__ (rise edge)
                                  0.000000    0.000000   clock network delay (ideal)
                                  2.000000    2.000000 ^ input external delay
     1    0.003620    0.037734    0.019087    2.019087 ^ A[8] (in)
                                                         A[8] (net)
                      0.037734    0.000000    2.019087 ^ input31/A (sky130_fd_sc_hd__clkdlybuf4s25_1)
     2    0.014123    0.247328    0.546700    2.565787 ^ input31/X (sky130_fd_sc_hd__clkdlybuf4s25_1)
                                                         net31 (net)
                      0.247328    0.000078    2.565865 ^ _377_/A (sky130_fd_sc_hd__xnor2_2)
     3    0.015575    0.145513    0.315340    2.881204 ^ _377_/Y (sky130_fd_sc_hd__xnor2_2)
                                                         _006_ (net)
                      0.145513    0.000158    2.881362 ^ _354_/A (sky130_fd_sc_hd__xor2_2)
     1    0.002782    0.053473    0.139409    3.020771 v _354_/X (sky130_fd_sc_hd__xor2_2)
                                                         net96 (net)
                      0.053473    0.000027    3.020798 v output96/A (sky130_fd_sc_hd__clkdlybuf4s25_1)
     1    0.034374    0.466373    0.723536    3.744334 v output96/X (sky130_fd_sc_hd__clkdlybuf4s25_1)
                                                         S[8] (net)
                      0.466373    0.000186    3.744520 v S[8] (out)
                                              3.744520   data arrival time

                      0.000000    0.000000    0.000000   clock __VIRTUAL_CLK__ (rise edge)
                                  0.000000    0.000000   clock network delay (ideal)
                                  0.250000    0.250000   clock uncertainty
                                  0.000000    0.250000   clock reconvergence pessimism
                                 -2.000000   -1.750000   output external delay
                                             -1.750000   data required time
---------------------------------------------------------------------------------------------
                                             -1.750000   data required time
                                             -3.744520   data arrival time
---------------------------------------------------------------------------------------------
                                              5.494521   slack (MET)


Startpoint: A[24] (input port clocked by __VIRTUAL_CLK__)
Endpoint: S[24] (output port clocked by __VIRTUAL_CLK__)
Path Group: __VIRTUAL_CLK__
Path Type: min

Fanout         Cap        Slew       Delay        Time   Description
---------------------------------------------------------------------------------------------
                      0.000000    0.000000    0.000000   clock __VIRTUAL_CLK__ (rise edge)
                                  0.000000    0.000000   clock network delay (ideal)
                                  2.000000    2.000000 ^ input external delay
     1    0.003135    0.034477    0.016663    2.016663 ^ A[24] (in)
                                                         A[24] (net)
                      0.034477    0.000000    2.016663 ^ input17/A (sky130_fd_sc_hd__clkdlybuf4s25_1)
     2    0.010356    0.185233    0.505221    2.521884 ^ input17/X (sky130_fd_sc_hd__clkdlybuf4s25_1)
                                                         net17 (net)
                      0.185233    0.000231    2.522114 ^ _274_/A (sky130_fd_sc_hd__nand2_2)
     3    0.015509    0.147562    0.191506    2.713620 v _274_/Y (sky130_fd_sc_hd__nand2_2)
                                                         _136_ (net)
                      0.147562    0.000167    2.713787 v _275_/B (sky130_fd_sc_hd__nand2_2)
     3    0.008537    0.092421    0.153815    2.867602 ^ _275_/Y (sky130_fd_sc_hd__nand2_2)
                                                         _137_ (net)
                      0.092421    0.000086    2.867688 ^ _282_/B1 (sky130_fd_sc_hd__a21o_2)
     4    0.023257    0.188880    0.258016    3.125703 ^ _282_/X (sky130_fd_sc_hd__a21o_2)
                                                         _144_ (net)
                      0.188880    0.000058    3.125762 ^ _283_/B (sky130_fd_sc_hd__and2b_2)
     1    0.006036    0.086196    0.316541    3.442303 ^ _283_/X (sky130_fd_sc_hd__and2b_2)
                                                         net82 (net)
                      0.086196    0.000137    3.442440 ^ output82/A (sky130_fd_sc_hd__clkbuf_4)
     1    0.035147    0.183344    0.322049    3.764489 ^ output82/X (sky130_fd_sc_hd__clkbuf_4)
                                                         S[24] (net)
                      0.183344    0.000251    3.764740 ^ S[24] (out)
                                              3.764740   data arrival time

                      0.000000    0.000000    0.000000   clock __VIRTUAL_CLK__ (rise edge)
                                  0.000000    0.000000   clock network delay (ideal)
                                  0.250000    0.250000   clock uncertainty
                                  0.000000    0.250000   clock reconvergence pessimism
                                 -2.000000   -1.750000   output external delay
                                             -1.750000   data required time
---------------------------------------------------------------------------------------------
                                             -1.750000   data required time
                                             -3.764740   data arrival time
---------------------------------------------------------------------------------------------
                                              5.514740   slack (MET)


Startpoint: A[4] (input port clocked by __VIRTUAL_CLK__)
Endpoint: S[5] (output port clocked by __VIRTUAL_CLK__)
Path Group: __VIRTUAL_CLK__
Path Type: min

Fanout         Cap        Slew       Delay        Time   Description
---------------------------------------------------------------------------------------------
                      0.000000    0.000000    0.000000   clock __VIRTUAL_CLK__ (rise edge)
                                  0.000000    0.000000   clock network delay (ideal)
                                  2.000000    2.000000 v input external delay
     1    0.003622    0.021647    0.011223    2.011224 v A[4] (in)
                                                         A[4] (net)
                      0.021647    0.000000    2.011224 v input27/A (sky130_fd_sc_hd__clkdlybuf4s25_1)
     2    0.013641    0.203089    0.522340    2.533563 v input27/X (sky130_fd_sc_hd__clkdlybuf4s25_1)
                                                         net27 (net)
                      0.203089    0.000126    2.533689 v _387_/A (sky130_fd_sc_hd__nand2_2)
     2    0.007621    0.092844    0.158952    2.692641 ^ _387_/Y (sky130_fd_sc_hd__nand2_2)
                                                         _016_ (net)
                      0.092845    0.000144    2.692786 ^ _346_/B1 (sky130_fd_sc_hd__o21a_2)
     3    0.018829    0.172791    0.335453    3.028239 ^ _346_/X (sky130_fd_sc_hd__o21a_2)
                                                         _195_ (net)
                      0.172791    0.000135    3.028373 ^ _347_/B (sky130_fd_sc_hd__xor2_2)
     1    0.002369    0.051569    0.135454    3.163827 v _347_/X (sky130_fd_sc_hd__xor2_2)
                                                         net93 (net)
                      0.051569    0.000020    3.163847 v output93/A (sky130_fd_sc_hd__clkdlybuf4s25_1)
     1    0.034255    0.464908    0.721642    3.885489 v output93/X (sky130_fd_sc_hd__clkdlybuf4s25_1)
                                                         S[5] (net)
                      0.464908    0.000169    3.885658 v S[5] (out)
                                              3.885658   data arrival time

                      0.000000    0.000000    0.000000   clock __VIRTUAL_CLK__ (rise edge)
                                  0.000000    0.000000   clock network delay (ideal)
                                  0.250000    0.250000   clock uncertainty
                                  0.000000    0.250000   clock reconvergence pessimism
                                 -2.000000   -1.750000   output external delay
                                             -1.750000   data required time
---------------------------------------------------------------------------------------------
                                             -1.750000   data required time
                                             -3.885658   data arrival time
---------------------------------------------------------------------------------------------
                                              5.635658   slack (MET)


Startpoint: A[4] (input port clocked by __VIRTUAL_CLK__)
Endpoint: S[4] (output port clocked by __VIRTUAL_CLK__)
Path Group: __VIRTUAL_CLK__
Path Type: min

Fanout         Cap        Slew       Delay        Time   Description
---------------------------------------------------------------------------------------------
                      0.000000    0.000000    0.000000   clock __VIRTUAL_CLK__ (rise edge)
                                  0.000000    0.000000   clock network delay (ideal)
                                  2.000000    2.000000 v input external delay
     1    0.003622    0.021647    0.011223    2.011224 v A[4] (in)
                                                         A[4] (net)
                      0.021647    0.000000    2.011224 v input27/A (sky130_fd_sc_hd__clkdlybuf4s25_1)
     2    0.013641    0.203089    0.522340    2.533563 v input27/X (sky130_fd_sc_hd__clkdlybuf4s25_1)
                                                         net27 (net)
                      0.203089    0.000157    2.533720 v _400_/B (sky130_fd_sc_hd__xnor2_2)
     2    0.006505    0.083164    0.267211    2.800931 ^ _400_/Y (sky130_fd_sc_hd__xnor2_2)
                                                         _029_ (net)
                      0.083164    0.000084    2.801015 ^ rebuffer117/A (sky130_fd_sc_hd__buf_2)
     2    0.013248    0.118718    0.224835    3.025850 ^ rebuffer117/X (sky130_fd_sc_hd__buf_2)
                                                         net117 (net)
                      0.118718    0.000207    3.026057 ^ _345_/A (sky130_fd_sc_hd__xor2_2)
     1    0.003487    0.056729    0.134555    3.160612 v _345_/X (sky130_fd_sc_hd__xor2_2)
                                                         net92 (net)
                      0.056729    0.000048    3.160661 v output92/A (sky130_fd_sc_hd__clkdlybuf4s25_1)
     1    0.034907    0.472987    0.729754    3.890415 v output92/X (sky130_fd_sc_hd__clkdlybuf4s25_1)
                                                         S[4] (net)
                      0.472987    0.000187    3.890602 v S[4] (out)
                                              3.890602   data arrival time

                      0.000000    0.000000    0.000000   clock __VIRTUAL_CLK__ (rise edge)
                                  0.000000    0.000000   clock network delay (ideal)
                                  0.250000    0.250000   clock uncertainty
                                  0.000000    0.250000   clock reconvergence pessimism
                                 -2.000000   -1.750000   output external delay
                                             -1.750000   data required time
---------------------------------------------------------------------------------------------
                                             -1.750000   data required time
                                             -3.890602   data arrival time
---------------------------------------------------------------------------------------------
                                              5.640602   slack (MET)


Startpoint: A[5] (input port clocked by __VIRTUAL_CLK__)
Endpoint: S[6] (output port clocked by __VIRTUAL_CLK__)
Path Group: __VIRTUAL_CLK__
Path Type: min

Fanout         Cap        Slew       Delay        Time   Description
---------------------------------------------------------------------------------------------
                      0.000000    0.000000    0.000000   clock __VIRTUAL_CLK__ (rise edge)
                                  0.000000    0.000000   clock network delay (ideal)
                                  2.000000    2.000000 ^ input external delay
     1    0.004269    0.042165    0.022371    2.022371 ^ A[5] (in)
                                                         A[5] (net)
                      0.042165    0.000000    2.022371 ^ input28/A (sky130_fd_sc_hd__clkdlybuf4s25_1)
     4    0.031743    0.514000    0.733096    2.755467 ^ input28/X (sky130_fd_sc_hd__clkdlybuf4s25_1)
                                                         net28 (net)
                      0.514000    0.000451    2.755919 ^ _391_/A (sky130_fd_sc_hd__nand2_2)
     1    0.004553    0.063035    0.202694    2.958613 v _391_/Y (sky130_fd_sc_hd__nand2_2)
                                                         _020_ (net)
                      0.063035    0.000039    2.958652 v _348_/B1 (sky130_fd_sc_hd__o21ai_2)
     1    0.009229    0.110559    0.109366    3.068017 ^ _348_/Y (sky130_fd_sc_hd__o21ai_2)
                                                         _196_ (net)
                      0.110559    0.000105    3.068123 ^ _349_/B (sky130_fd_sc_hd__xnor2_2)
     1    0.002369    0.055924    0.110447    3.178570 v _349_/Y (sky130_fd_sc_hd__xnor2_2)
                                                         net94 (net)
                      0.055924    0.000020    3.178590 v output94/A (sky130_fd_sc_hd__clkdlybuf4s25_1)
     1    0.034589    0.468063    0.726327    3.904916 v output94/X (sky130_fd_sc_hd__clkdlybuf4s25_1)
                                                         S[6] (net)
                      0.468063    0.000253    3.905169 v S[6] (out)
                                              3.905169   data arrival time

                      0.000000    0.000000    0.000000   clock __VIRTUAL_CLK__ (rise edge)
                                  0.000000    0.000000   clock network delay (ideal)
                                  0.250000    0.250000   clock uncertainty
                                  0.000000    0.250000   clock reconvergence pessimism
                                 -2.000000   -1.750000   output external delay
                                             -1.750000   data required time
---------------------------------------------------------------------------------------------
                                             -1.750000   data required time
                                             -3.905169   data arrival time
---------------------------------------------------------------------------------------------
                                              5.655169   slack (MET)


Startpoint: A[1] (input port clocked by __VIRTUAL_CLK__)
Endpoint: S[2] (output port clocked by __VIRTUAL_CLK__)
Path Group: __VIRTUAL_CLK__
Path Type: min

Fanout         Cap        Slew       Delay        Time   Description
---------------------------------------------------------------------------------------------
                      0.000000    0.000000    0.000000   clock __VIRTUAL_CLK__ (rise edge)
                                  0.000000    0.000000   clock network delay (ideal)
                                  2.000000    2.000000 ^ input external delay
     1    0.004020    0.040455    0.021103    2.021103 ^ A[1] (in)
                                                         A[1] (net)
                      0.040455    0.000000    2.021103 ^ input12/A (sky130_fd_sc_hd__clkdlybuf4s25_1)
     4    0.030317    0.491914    0.717581    2.738684 ^ input12/X (sky130_fd_sc_hd__clkdlybuf4s25_1)
                                                         net12 (net)
                      0.491914    0.000289    2.738974 ^ _418_/A1 (sky130_fd_sc_hd__a21oi_2)
     1    0.005080    0.051068    0.233532    2.972506 v _418_/Y (sky130_fd_sc_hd__a21oi_2)
                                                         _047_ (net)
                      0.051068    0.000052    2.972558 v _340_/A (sky130_fd_sc_hd__nand2_2)
     1    0.009049    0.090778    0.100038    3.072596 ^ _340_/Y (sky130_fd_sc_hd__nand2_2)
                                                         _192_ (net)
                      0.090778    0.000097    3.072693 ^ _341_/B (sky130_fd_sc_hd__xnor2_2)
     1    0.004263    0.070570    0.117717    3.190410 v _341_/Y (sky130_fd_sc_hd__xnor2_2)
                                                         net88 (net)
                      0.070570    0.000070    3.190480 v output88/A (sky130_fd_sc_hd__clkdlybuf4s25_1)
     1    0.034840    0.471169    0.734784    3.925264 v output88/X (sky130_fd_sc_hd__clkdlybuf4s25_1)
                                                         S[2] (net)
                      0.471169    0.000373    3.925637 v S[2] (out)
                                              3.925637   data arrival time

                      0.000000    0.000000    0.000000   clock __VIRTUAL_CLK__ (rise edge)
                                  0.000000    0.000000   clock network delay (ideal)
                                  0.250000    0.250000   clock uncertainty
                                  0.000000    0.250000   clock reconvergence pessimism
                                 -2.000000   -1.750000   output external delay
                                             -1.750000   data required time
---------------------------------------------------------------------------------------------
                                             -1.750000   data required time
                                             -3.925637   data arrival time
---------------------------------------------------------------------------------------------
                                              5.675637   slack (MET)



