
===========================================================================
report_checks -unconstrained
===========================================================================
======================= nom_tt_025C_1v80 Corner ===================================

Startpoint: sub (input port clocked by __VIRTUAL_CLK__)
Endpoint: carryOut (output port clocked by __VIRTUAL_CLK__)
Path Group: __VIRTUAL_CLK__
Path Type: max

Fanout         Cap        Slew       Delay        Time   Description
---------------------------------------------------------------------------------------------
                      0.000000    0.000000    0.000000   clock __VIRTUAL_CLK__ (rise edge)
                                  0.000000    0.000000   clock network delay (ideal)
                                  0.800000    0.800000 v input external delay
     1    0.010211    0.024991    0.017421    0.817421 v sub (in)
                                                         sub (net)
                      0.024995    0.000000    0.817421 v input65/A (sky130_fd_sc_hd__buf_12)
     4    0.026396    0.031307    0.125630    0.943050 v input65/X (sky130_fd_sc_hd__buf_12)
                                                         net65 (net)
                      0.031388    0.001297    0.944348 v fanout106/A (sky130_fd_sc_hd__buf_8)
     4    0.021288    0.031390    0.124294    1.068641 v fanout106/X (sky130_fd_sc_hd__buf_8)
                                                         net106 (net)
                      0.031404    0.000427    1.069068 v fanout104/A (sky130_fd_sc_hd__buf_6)
     2    0.007203    0.023367    0.111263    1.180331 v fanout104/X (sky130_fd_sc_hd__buf_6)
                                                         net104 (net)
                      0.023367    0.000184    1.180514 v load_slew105/A (sky130_fd_sc_hd__buf_6)
     4    0.019481    0.032982    0.121477    1.301991 v load_slew105/X (sky130_fd_sc_hd__buf_6)
                                                         net105 (net)
                      0.033046    0.001297    1.303288 v rebuffer111/A (sky130_fd_sc_hd__buf_6)
     1    0.018033    0.032281    0.124402    1.427691 v rebuffer111/X (sky130_fd_sc_hd__buf_6)
                                                         net111 (net)
                      0.032296    0.000688    1.428379 v _378_/A (sky130_fd_sc_hd__xor2_4)
     3    0.022460    0.207134    0.237676    1.666055 ^ _378_/X (sky130_fd_sc_hd__xor2_4)
                                                         _007_ (net)
                      0.207134    0.000057    1.666112 ^ rebuffer116/A (sky130_fd_sc_hd__buf_2)
     1    0.004911    0.038520    0.157841    1.823954 ^ rebuffer116/X (sky130_fd_sc_hd__buf_2)
                                                         net116 (net)
                      0.038535    0.000150    1.824103 ^ _379_/B (sky130_fd_sc_hd__nand2_2)
     2    0.009528    0.087361    0.063387    1.887490 v _379_/Y (sky130_fd_sc_hd__nand2_2)
                                                         _008_ (net)
                      0.087361    0.000270    1.887759 v _405_/A2 (sky130_fd_sc_hd__a2111o_2)
     2    0.009903    0.083026    0.531233    2.418992 v _405_/X (sky130_fd_sc_hd__a2111o_2)
                                                         _034_ (net)
                      0.083026    0.000287    2.419279 v _406_/C1 (sky130_fd_sc_hd__o211a_4)
     1    0.004823    0.039173    0.156044    2.575323 v _406_/X (sky130_fd_sc_hd__o211a_4)
                                                         _035_ (net)
                      0.039173    0.000157    2.575480 v _429_/B1 (sky130_fd_sc_hd__a41o_4)
     2    0.008417    0.044184    0.251291    2.826771 v _429_/X (sky130_fd_sc_hd__a41o_4)
                                                         _058_ (net)
                      0.044184    0.000310    2.827081 v _210_/A1 (sky130_fd_sc_hd__a21o_4)
     2    0.008694    0.038449    0.210982    3.038063 v _210_/X (sky130_fd_sc_hd__a21o_4)
                                                         _080_ (net)
                      0.038449    0.000315    3.038378 v _280_/A2 (sky130_fd_sc_hd__a211o_4)
     4    0.012649    0.061965    0.360280    3.398658 v _280_/X (sky130_fd_sc_hd__a211o_4)
                                                         _142_ (net)
                      0.061965    0.000526    3.399184 v _327_/A2 (sky130_fd_sc_hd__a2111o_2)
     2    0.008981    0.079907    0.516487    3.915671 v _327_/X (sky130_fd_sc_hd__a2111o_2)
                                                         _183_ (net)
                      0.079907    0.000389    3.916059 v _335_/A1 (sky130_fd_sc_hd__a31o_4)
     2    0.014350    0.048892    0.257597    4.173656 v _335_/X (sky130_fd_sc_hd__a31o_4)
                                                         _190_ (net)
                      0.048896    0.000492    4.174148 v _369_/A1 (sky130_fd_sc_hd__o21ai_2)
     1    0.005223    0.107225    0.146068    4.320217 ^ _369_/Y (sky130_fd_sc_hd__o21ai_2)
                                                         net98 (net)
                      0.107225    0.000112    4.320329 ^ output98/A (sky130_fd_sc_hd__buf_6)
     1    0.037218    0.082315    0.157273    4.477602 ^ output98/X (sky130_fd_sc_hd__buf_6)
                                                         carryOut (net)
                      0.082335    0.001313    4.478916 ^ carryOut (out)
                                              4.478916   data arrival time

                      0.000000    4.000000    4.000000   clock __VIRTUAL_CLK__ (rise edge)
                                  0.000000    4.000000   clock network delay (ideal)
                                 -0.250000    3.750000   clock uncertainty
                                  0.000000    3.750000   clock reconvergence pessimism
                                 -0.800000    2.950000   output external delay
                                              2.950000   data required time
---------------------------------------------------------------------------------------------
                                              2.950000   data required time
                                             -4.478916   data arrival time
---------------------------------------------------------------------------------------------
                                             -1.528916   slack (VIOLATED)




===========================================================================
report_checks --slack_max -0.01
============================================================================
======================= nom_tt_025C_1v80 Corner ===================================

Startpoint: sub (input port clocked by __VIRTUAL_CLK__)
Endpoint: carryOut (output port clocked by __VIRTUAL_CLK__)
Path Group: __VIRTUAL_CLK__
Path Type: max

Fanout         Cap        Slew       Delay        Time   Description
---------------------------------------------------------------------------------------------
                      0.000000    0.000000    0.000000   clock __VIRTUAL_CLK__ (rise edge)
                                  0.000000    0.000000   clock network delay (ideal)
                                  0.800000    0.800000 v input external delay
     1    0.010211    0.024991    0.017421    0.817421 v sub (in)
                                                         sub (net)
                      0.024995    0.000000    0.817421 v input65/A (sky130_fd_sc_hd__buf_12)
     4    0.026396    0.031307    0.125630    0.943050 v input65/X (sky130_fd_sc_hd__buf_12)
                                                         net65 (net)
                      0.031388    0.001297    0.944348 v fanout106/A (sky130_fd_sc_hd__buf_8)
     4    0.021288    0.031390    0.124294    1.068641 v fanout106/X (sky130_fd_sc_hd__buf_8)
                                                         net106 (net)
                      0.031404    0.000427    1.069068 v fanout104/A (sky130_fd_sc_hd__buf_6)
     2    0.007203    0.023367    0.111263    1.180331 v fanout104/X (sky130_fd_sc_hd__buf_6)
                                                         net104 (net)
                      0.023367    0.000184    1.180514 v load_slew105/A (sky130_fd_sc_hd__buf_6)
     4    0.019481    0.032982    0.121477    1.301991 v load_slew105/X (sky130_fd_sc_hd__buf_6)
                                                         net105 (net)
                      0.033046    0.001297    1.303288 v rebuffer111/A (sky130_fd_sc_hd__buf_6)
     1    0.018033    0.032281    0.124402    1.427691 v rebuffer111/X (sky130_fd_sc_hd__buf_6)
                                                         net111 (net)
                      0.032296    0.000688    1.428379 v _378_/A (sky130_fd_sc_hd__xor2_4)
     3    0.022460    0.207134    0.237676    1.666055 ^ _378_/X (sky130_fd_sc_hd__xor2_4)
                                                         _007_ (net)
                      0.207134    0.000057    1.666112 ^ rebuffer116/A (sky130_fd_sc_hd__buf_2)
     1    0.004911    0.038520    0.157841    1.823954 ^ rebuffer116/X (sky130_fd_sc_hd__buf_2)
                                                         net116 (net)
                      0.038535    0.000150    1.824103 ^ _379_/B (sky130_fd_sc_hd__nand2_2)
     2    0.009528    0.087361    0.063387    1.887490 v _379_/Y (sky130_fd_sc_hd__nand2_2)
                                                         _008_ (net)
                      0.087361    0.000270    1.887759 v _405_/A2 (sky130_fd_sc_hd__a2111o_2)
     2    0.009903    0.083026    0.531233    2.418992 v _405_/X (sky130_fd_sc_hd__a2111o_2)
                                                         _034_ (net)
                      0.083026    0.000287    2.419279 v _406_/C1 (sky130_fd_sc_hd__o211a_4)
     1    0.004823    0.039173    0.156044    2.575323 v _406_/X (sky130_fd_sc_hd__o211a_4)
                                                         _035_ (net)
                      0.039173    0.000157    2.575480 v _429_/B1 (sky130_fd_sc_hd__a41o_4)
     2    0.008417    0.044184    0.251291    2.826771 v _429_/X (sky130_fd_sc_hd__a41o_4)
                                                         _058_ (net)
                      0.044184    0.000310    2.827081 v _210_/A1 (sky130_fd_sc_hd__a21o_4)
     2    0.008694    0.038449    0.210982    3.038063 v _210_/X (sky130_fd_sc_hd__a21o_4)
                                                         _080_ (net)
                      0.038449    0.000315    3.038378 v _280_/A2 (sky130_fd_sc_hd__a211o_4)
     4    0.012649    0.061965    0.360280    3.398658 v _280_/X (sky130_fd_sc_hd__a211o_4)
                                                         _142_ (net)
                      0.061965    0.000526    3.399184 v _327_/A2 (sky130_fd_sc_hd__a2111o_2)
     2    0.008981    0.079907    0.516487    3.915671 v _327_/X (sky130_fd_sc_hd__a2111o_2)
                                                         _183_ (net)
                      0.079907    0.000389    3.916059 v _335_/A1 (sky130_fd_sc_hd__a31o_4)
     2    0.014350    0.048892    0.257597    4.173656 v _335_/X (sky130_fd_sc_hd__a31o_4)
                                                         _190_ (net)
                      0.048896    0.000492    4.174148 v _369_/A1 (sky130_fd_sc_hd__o21ai_2)
     1    0.005223    0.107225    0.146068    4.320217 ^ _369_/Y (sky130_fd_sc_hd__o21ai_2)
                                                         net98 (net)
                      0.107225    0.000112    4.320329 ^ output98/A (sky130_fd_sc_hd__buf_6)
     1    0.037218    0.082315    0.157273    4.477602 ^ output98/X (sky130_fd_sc_hd__buf_6)
                                                         carryOut (net)
                      0.082335    0.001313    4.478916 ^ carryOut (out)
                                              4.478916   data arrival time

                      0.000000    4.000000    4.000000   clock __VIRTUAL_CLK__ (rise edge)
                                  0.000000    4.000000   clock network delay (ideal)
                                 -0.250000    3.750000   clock uncertainty
                                  0.000000    3.750000   clock reconvergence pessimism
                                 -0.800000    2.950000   output external delay
                                              2.950000   data required time
---------------------------------------------------------------------------------------------
                                              2.950000   data required time
                                             -4.478916   data arrival time
---------------------------------------------------------------------------------------------
                                             -1.528916   slack (VIOLATED)




===========================================================================
 report_check_types -max_slew -max_cap -max_fanout -violators
============================================================================
======================= nom_tt_025C_1v80 Corner ===================================



===========================================================================
report_parasitic_annotation -report_unannotated
============================================================================
Found 0 unannotated drivers.
Found 0 partially unannotated drivers.

===========================================================================
max slew violation count 0
max fanout violation count 0
max cap violation count 0
============================================================================

===========================================================================
check_setup -verbose -unconstrained_endpoints -multiple_clock -no_clock -no_input_delay -loops -generated_clocks
===========================================================================
