
===========================================================================
Violator List
============================================================================
[setup in-out] sub -> carryOut : -1.528916
[setup in-out] sub -> S[31] : -1.518214
[setup in-out] sub -> S[30] : -1.477665
[setup in-out] sub -> S[27] : -1.434233
[setup in-out] sub -> S[26] : -1.196249
[setup in-out] sub -> S[24] : -1.127192
[setup in-out] sub -> S[29] : -1.124305
[setup in-out] sub -> S[25] : -1.109373
[setup in-out] sub -> S[22] : -1.057207
[setup in-out] sub -> S[23] : -1.046839
[setup in-out] sub -> S[21] : -1.045205
[setup in-out] sub -> S[28] : -1.031565
[setup in-out] sub -> S[18] : -1.017765
[setup in-out] sub -> S[19] : -1.005561
[setup in-out] sub -> S[15] : -0.956230
[setup in-out] sub -> S[11] : -0.923169
[setup in-out] sub -> S[14] : -0.887082
[setup in-out] sub -> S[20] : -0.879120
[setup in-out] sub -> S[17] : -0.824660
[setup in-out] sub -> S[16] : -0.758192
[setup in-out] sub -> S[10] : -0.661911
[setup in-out] sub -> S[13] : -0.594610
[setup in-out] sub -> S[12] : -0.512146
[setup in-out] sub -> S[9] : -0.459499
[setup in-out] sub -> S[7] : -0.452749
[setup in-out] sub -> S[6] : -0.381754
[setup in-out] sub -> S[8] : -0.259621
[setup in-out] sub -> S[5] : -0.248718
[setup in-out] sub -> S[4] : -0.017819
