
===========================================================================
report_checks -unconstrained
===========================================================================
======================= min_ss_100C_1v60 Corner ===================================

Startpoint: sub (input port clocked by __VIRTUAL_CLK__)
Endpoint: S[31] (output port clocked by __VIRTUAL_CLK__)
Path Group: __VIRTUAL_CLK__
Path Type: max

Fanout         Cap        Slew       Delay        Time   Description
---------------------------------------------------------------------------------------------
                      0.000000    0.000000    0.000000   clock __VIRTUAL_CLK__ (rise edge)
                                  0.000000    0.000000   clock network delay (ideal)
                                  0.800000    0.800000 v input external delay
     1    0.009924    0.047023    0.032651    0.832651 v sub (in)
                                                         sub (net)
                      0.047023    0.000000    0.832651 v input65/A (sky130_fd_sc_hd__buf_12)
     4    0.025448    0.051408    0.230060    1.062711 v input65/X (sky130_fd_sc_hd__buf_12)
                                                         net65 (net)
                      0.051443    0.000762    1.063473 v fanout106/A (sky130_fd_sc_hd__buf_8)
     4    0.020440    0.051957    0.224085    1.287558 v fanout106/X (sky130_fd_sc_hd__buf_8)
                                                         net106 (net)
                      0.051977    0.000139    1.287697 v fanout104/A (sky130_fd_sc_hd__buf_6)
     2    0.007127    0.039774    0.205109    1.492807 v fanout104/X (sky130_fd_sc_hd__buf_6)
                                                         net104 (net)
                      0.039774    0.000057    1.492864 v load_slew105/A (sky130_fd_sc_hd__buf_6)
     4    0.018840    0.055684    0.220211    1.713075 v load_slew105/X (sky130_fd_sc_hd__buf_6)
                                                         net105 (net)
                      0.055693    0.000751    1.713826 v rebuffer111/A (sky130_fd_sc_hd__buf_6)
     1    0.018213    0.054695    0.226898    1.940724 v rebuffer111/X (sky130_fd_sc_hd__buf_6)
                                                         net111 (net)
                      0.054695    0.000288    1.941013 v _378_/A (sky130_fd_sc_hd__xor2_4)
     3    0.020829    0.152676    0.368975    2.309987 v _378_/X (sky130_fd_sc_hd__xor2_4)
                                                         _007_ (net)
                      0.152676    0.000185    2.310172 v _381_/A (sky130_fd_sc_hd__xnor2_4)
     2    0.005636    0.094500    0.283024    2.593196 v _381_/Y (sky130_fd_sc_hd__xnor2_4)
                                                         _010_ (net)
                      0.094500    0.000042    2.593238 v _382_/C (sky130_fd_sc_hd__or4_4)
     2    0.007926    0.167304    1.033997    3.627235 v _382_/X (sky130_fd_sc_hd__or4_4)
                                                         _011_ (net)
                      0.167304    0.000083    3.627319 v _406_/A2 (sky130_fd_sc_hd__o211a_4)
     1    0.004924    0.064559    0.480713    4.108032 v _406_/X (sky130_fd_sc_hd__o211a_4)
                                                         _035_ (net)
                      0.064559    0.000057    4.108089 v _429_/B1 (sky130_fd_sc_hd__a41o_4)
     2    0.008168    0.072162    0.448617    4.556706 v _429_/X (sky130_fd_sc_hd__a41o_4)
                                                         _058_ (net)
                      0.072162    0.000146    4.556852 v _210_/A1 (sky130_fd_sc_hd__a21o_4)
     2    0.008358    0.066799    0.390807    4.947659 v _210_/X (sky130_fd_sc_hd__a21o_4)
                                                         _080_ (net)
                      0.066799    0.000148    4.947807 v _280_/A2 (sky130_fd_sc_hd__a211o_4)
     4    0.012293    0.096410    0.644640    5.592447 v _280_/X (sky130_fd_sc_hd__a211o_4)
                                                         _142_ (net)
                      0.096410    0.000300    5.592747 v _327_/A2 (sky130_fd_sc_hd__a2111o_2)
     2    0.008671    0.141497    0.988208    6.580955 v _327_/X (sky130_fd_sc_hd__a2111o_2)
                                                         _183_ (net)
                      0.141497    0.000191    6.581146 v _335_/A1 (sky130_fd_sc_hd__a31o_4)
     2    0.014390    0.082776    0.473190    7.054336 v _335_/X (sky130_fd_sc_hd__a31o_4)
                                                         _190_ (net)
                      0.082847    0.000148    7.054484 v _336_/B (sky130_fd_sc_hd__xor2_2)
     1    0.004587    0.091362    0.279330    7.333814 v _336_/X (sky130_fd_sc_hd__xor2_2)
                                                         net90 (net)
                      0.091362    0.000019    7.333833 v output90/A (sky130_fd_sc_hd__buf_6)
     1    0.036122    0.078331    0.272335    7.606168 v output90/X (sky130_fd_sc_hd__buf_6)
                                                         S[31] (net)
                      0.078331    0.000263    7.606431 v S[31] (out)
                                              7.606431   data arrival time

                      0.000000    4.000000    4.000000   clock __VIRTUAL_CLK__ (rise edge)
                                  0.000000    4.000000   clock network delay (ideal)
                                 -0.250000    3.750000   clock uncertainty
                                  0.000000    3.750000   clock reconvergence pessimism
                                 -0.800000    2.950000   output external delay
                                              2.950000   data required time
---------------------------------------------------------------------------------------------
                                              2.950000   data required time
                                             -7.606431   data arrival time
---------------------------------------------------------------------------------------------
                                             -4.656431   slack (VIOLATED)




===========================================================================
report_checks --slack_max -0.01
============================================================================
======================= min_ss_100C_1v60 Corner ===================================

Startpoint: sub (input port clocked by __VIRTUAL_CLK__)
Endpoint: S[31] (output port clocked by __VIRTUAL_CLK__)
Path Group: __VIRTUAL_CLK__
Path Type: max

Fanout         Cap        Slew       Delay        Time   Description
---------------------------------------------------------------------------------------------
                      0.000000    0.000000    0.000000   clock __VIRTUAL_CLK__ (rise edge)
                                  0.000000    0.000000   clock network delay (ideal)
                                  0.800000    0.800000 v input external delay
     1    0.009924    0.047023    0.032651    0.832651 v sub (in)
                                                         sub (net)
                      0.047023    0.000000    0.832651 v input65/A (sky130_fd_sc_hd__buf_12)
     4    0.025448    0.051408    0.230060    1.062711 v input65/X (sky130_fd_sc_hd__buf_12)
                                                         net65 (net)
                      0.051443    0.000762    1.063473 v fanout106/A (sky130_fd_sc_hd__buf_8)
     4    0.020440    0.051957    0.224085    1.287558 v fanout106/X (sky130_fd_sc_hd__buf_8)
                                                         net106 (net)
                      0.051977    0.000139    1.287697 v fanout104/A (sky130_fd_sc_hd__buf_6)
     2    0.007127    0.039774    0.205109    1.492807 v fanout104/X (sky130_fd_sc_hd__buf_6)
                                                         net104 (net)
                      0.039774    0.000057    1.492864 v load_slew105/A (sky130_fd_sc_hd__buf_6)
     4    0.018840    0.055684    0.220211    1.713075 v load_slew105/X (sky130_fd_sc_hd__buf_6)
                                                         net105 (net)
                      0.055693    0.000751    1.713826 v rebuffer111/A (sky130_fd_sc_hd__buf_6)
     1    0.018213    0.054695    0.226898    1.940724 v rebuffer111/X (sky130_fd_sc_hd__buf_6)
                                                         net111 (net)
                      0.054695    0.000288    1.941013 v _378_/A (sky130_fd_sc_hd__xor2_4)
     3    0.020829    0.152676    0.368975    2.309987 v _378_/X (sky130_fd_sc_hd__xor2_4)
                                                         _007_ (net)
                      0.152676    0.000185    2.310172 v _381_/A (sky130_fd_sc_hd__xnor2_4)
     2    0.005636    0.094500    0.283024    2.593196 v _381_/Y (sky130_fd_sc_hd__xnor2_4)
                                                         _010_ (net)
                      0.094500    0.000042    2.593238 v _382_/C (sky130_fd_sc_hd__or4_4)
     2    0.007926    0.167304    1.033997    3.627235 v _382_/X (sky130_fd_sc_hd__or4_4)
                                                         _011_ (net)
                      0.167304    0.000083    3.627319 v _406_/A2 (sky130_fd_sc_hd__o211a_4)
     1    0.004924    0.064559    0.480713    4.108032 v _406_/X (sky130_fd_sc_hd__o211a_4)
                                                         _035_ (net)
                      0.064559    0.000057    4.108089 v _429_/B1 (sky130_fd_sc_hd__a41o_4)
     2    0.008168    0.072162    0.448617    4.556706 v _429_/X (sky130_fd_sc_hd__a41o_4)
                                                         _058_ (net)
                      0.072162    0.000146    4.556852 v _210_/A1 (sky130_fd_sc_hd__a21o_4)
     2    0.008358    0.066799    0.390807    4.947659 v _210_/X (sky130_fd_sc_hd__a21o_4)
                                                         _080_ (net)
                      0.066799    0.000148    4.947807 v _280_/A2 (sky130_fd_sc_hd__a211o_4)
     4    0.012293    0.096410    0.644640    5.592447 v _280_/X (sky130_fd_sc_hd__a211o_4)
                                                         _142_ (net)
                      0.096410    0.000300    5.592747 v _327_/A2 (sky130_fd_sc_hd__a2111o_2)
     2    0.008671    0.141497    0.988208    6.580955 v _327_/X (sky130_fd_sc_hd__a2111o_2)
                                                         _183_ (net)
                      0.141497    0.000191    6.581146 v _335_/A1 (sky130_fd_sc_hd__a31o_4)
     2    0.014390    0.082776    0.473190    7.054336 v _335_/X (sky130_fd_sc_hd__a31o_4)
                                                         _190_ (net)
                      0.082847    0.000148    7.054484 v _336_/B (sky130_fd_sc_hd__xor2_2)
     1    0.004587    0.091362    0.279330    7.333814 v _336_/X (sky130_fd_sc_hd__xor2_2)
                                                         net90 (net)
                      0.091362    0.000019    7.333833 v output90/A (sky130_fd_sc_hd__buf_6)
     1    0.036122    0.078331    0.272335    7.606168 v output90/X (sky130_fd_sc_hd__buf_6)
                                                         S[31] (net)
                      0.078331    0.000263    7.606431 v S[31] (out)
                                              7.606431   data arrival time

                      0.000000    4.000000    4.000000   clock __VIRTUAL_CLK__ (rise edge)
                                  0.000000    4.000000   clock network delay (ideal)
                                 -0.250000    3.750000   clock uncertainty
                                  0.000000    3.750000   clock reconvergence pessimism
                                 -0.800000    2.950000   output external delay
                                              2.950000   data required time
---------------------------------------------------------------------------------------------
                                              2.950000   data required time
                                             -7.606431   data arrival time
---------------------------------------------------------------------------------------------
                                             -4.656431   slack (VIOLATED)




===========================================================================
 report_check_types -max_slew -max_cap -max_fanout -violators
============================================================================
======================= min_ss_100C_1v60 Corner ===================================



===========================================================================
report_parasitic_annotation -report_unannotated
============================================================================
Found 0 unannotated drivers.
Found 0 partially unannotated drivers.

===========================================================================
max slew violation count 0
max fanout violation count 0
max cap violation count 0
============================================================================

===========================================================================
check_setup -verbose -unconstrained_endpoints -multiple_clock -no_clock -no_input_delay -loops -generated_clocks
===========================================================================
