
===========================================================================
Violator List
============================================================================
[setup in-out] sub -> S[31] : -4.656431
[setup in-out] sub -> carryOut : -4.647890
[setup in-out] sub -> S[30] : -4.639267
[setup in-out] sub -> S[27] : -4.502693
[setup in-out] sub -> S[26] : -4.004686
[setup in-out] sub -> S[24] : -3.947697
[setup in-out] sub -> S[29] : -3.935046
[setup in-out] sub -> S[25] : -3.852671
[setup in-out] sub -> S[22] : -3.846583
[setup in-out] sub -> S[23] : -3.832147
[setup in-out] sub -> S[21] : -3.825395
[setup in-out] sub -> S[28] : -3.771253
[setup in-out] sub -> S[18] : -3.770341
[setup in-out] sub -> S[19] : -3.712205
[setup in-out] sub -> S[15] : -3.711567
[setup in-out] sub -> S[11] : -3.685845
[setup in-out] sub -> S[14] : -3.584223
[setup in-out] sub -> S[20] : -3.505107
[setup in-out] sub -> S[17] : -3.402160
[setup in-out] sub -> S[16] : -3.262689
[setup in-out] sub -> S[10] : -3.211536
[setup in-out] sub -> S[13] : -2.984881
[setup in-out] sub -> S[9] : -2.837327
[setup in-out] sub -> S[12] : -2.830284
[setup in-out] sub -> S[7] : -2.812571
[setup in-out] sub -> S[6] : -2.681492
[setup in-out] sub -> S[8] : -2.478791
[setup in-out] sub -> S[5] : -2.451256
[setup in-out] sub -> S[4] : -2.008116
[setup in-out] sub -> S[3] : -1.209617
[setup in-out] sub -> S[2] : -1.048215
[setup in-out] sub -> S[1] : -0.153055
