
===========================================================================
Violator List
============================================================================
[setup in-out] sub -> S[31] : -3.331083
[setup in-out] sub -> carryOut : -3.316865
[setup in-out] sub -> S[30] : -3.250821
[setup in-out] sub -> S[27] : -3.157242
[setup in-out] sub -> S[15] : -2.780984
[setup in-out] sub -> S[11] : -2.758845
[setup in-out] sub -> S[10] : -2.668712
[setup in-out] sub -> S[14] : -2.614517
[setup in-out] sub -> S[26] : -2.543453
[setup in-out] sub -> S[29] : -2.477793
[setup in-out] sub -> S[24] : -2.405583
[setup in-out] sub -> S[22] : -2.397748
[setup in-out] sub -> S[21] : -2.384132
[setup in-out] sub -> S[23] : -2.379045
[setup in-out] sub -> S[28] : -2.378426
[setup in-out] sub -> S[18] : -2.347973
[setup in-out] sub -> S[25] : -2.329521
[setup in-out] sub -> S[19] : -2.310945
[setup in-out] sub -> S[20] : -2.083082
[setup in-out] sub -> S[9] : -2.048178
[setup in-out] sub -> S[17] : -1.944097
[setup in-out] sub -> S[16] : -1.859138
[setup in-out] sub -> S[7] : -1.789117
[setup in-out] sub -> S[13] : -1.541044
[setup in-out] sub -> S[12] : -1.455399
[setup in-out] sub -> S[6] : -1.445819
[setup in-out] sub -> S[8] : -1.417742
[setup in-out] sub -> S[5] : -1.355718
[setup in-out] sub -> S[4] : -0.894059
