
===========================================================================
report_checks -unconstrained
===========================================================================
======================= max_ss_100C_1v60 Corner ===================================

Startpoint: sub (input port clocked by __VIRTUAL_CLK__)
Endpoint: carryOut (output port clocked by __VIRTUAL_CLK__)
Path Group: __VIRTUAL_CLK__
Path Type: max

Fanout         Cap        Slew       Delay        Time   Description
---------------------------------------------------------------------------------------------
                      0.000000    0.000000    0.000000   clock __VIRTUAL_CLK__ (rise edge)
                                  0.000000    0.000000   clock network delay (ideal)
                                  2.000000    2.000000 v input external delay
     1    0.007434    0.036916    0.024874    2.024874 v sub (in)
                                                         sub (net)
                      0.036921    0.000000    2.024874 v input65/A (sky130_fd_sc_hd__buf_8)
     3    0.025534    0.057927    0.222697    2.247571 v input65/X (sky130_fd_sc_hd__buf_8)
                                                         net65 (net)
                      0.058126    0.003011    2.250582 v fanout107/A (sky130_fd_sc_hd__buf_8)
     5    0.034617    0.068863    0.243605    2.494187 v fanout107/X (sky130_fd_sc_hd__buf_8)
                                                         net107 (net)
                      0.069217    0.004409    2.498596 v load_slew109/A (sky130_fd_sc_hd__buf_8)
     3    0.027918    0.060588    0.241034    2.739630 v load_slew109/X (sky130_fd_sc_hd__buf_8)
                                                         net109 (net)
                      0.060755    0.002875    2.742506 v load_slew108/A (sky130_fd_sc_hd__buf_12)
     3    0.048727    0.073053    0.258021    3.000527 v load_slew108/X (sky130_fd_sc_hd__buf_12)
                                                         net108 (net)
                      0.073422    0.004658    3.005185 v _390_/A (sky130_fd_sc_hd__xor2_4)
     2    0.018863    0.146718    0.372302    3.377487 v _390_/X (sky130_fd_sc_hd__xor2_4)
                                                         _019_ (net)
                      0.146719    0.000495    3.377982 v _393_/A (sky130_fd_sc_hd__xnor2_4)
     2    0.007139    0.099803    0.286129    3.664110 v _393_/Y (sky130_fd_sc_hd__xnor2_4)
                                                         _022_ (net)
                      0.099804    0.000443    3.664553 v rebuffer116/A (sky130_fd_sc_hd__buf_2)
     2    0.011381    0.078085    0.292477    3.957030 v rebuffer116/X (sky130_fd_sc_hd__buf_2)
                                                         net116 (net)
                      0.078089    0.000689    3.957719 v _394_/B (sky130_fd_sc_hd__or2_2)
     2    0.005909    0.129607    0.683921    4.641639 v _394_/X (sky130_fd_sc_hd__or2_2)
                                                         _023_ (net)
                      0.129607    0.000226    4.641865 v _397_/A2 (sky130_fd_sc_hd__o21a_2)
     2    0.005769    0.073915    0.419683    5.061549 v _397_/X (sky130_fd_sc_hd__o21a_2)
                                                         _026_ (net)
                      0.073915    0.000409    5.061958 v _399_/A2 (sky130_fd_sc_hd__a211o_2)
     2    0.009852    0.117114    0.697874    5.759832 v _399_/X (sky130_fd_sc_hd__a211o_2)
                                                         _028_ (net)
                      0.117204    0.000589    5.760422 v _210_/A2 (sky130_fd_sc_hd__a21o_4)
     2    0.010312    0.070784    0.441363    6.201785 v _210_/X (sky130_fd_sc_hd__a21o_4)
                                                         _080_ (net)
                      0.070784    0.000618    6.202403 v _280_/A2 (sky130_fd_sc_hd__a211o_4)
     4    0.017115    0.109178    0.663965    6.866368 v _280_/X (sky130_fd_sc_hd__a211o_4)
                                                         _142_ (net)
                      0.109295    0.001646    6.868014 v _327_/A2 (sky130_fd_sc_hd__a2111o_2)
     2    0.007249    0.134956    0.981783    7.849797 v _327_/X (sky130_fd_sc_hd__a2111o_2)
                                                         _183_ (net)
                      0.134956    0.000688    7.850485 v _335_/A1 (sky130_fd_sc_hd__a31o_4)
     2    0.015107    0.084936    0.472165    8.322649 v _335_/X (sky130_fd_sc_hd__a31o_4)
                                                         _190_ (net)
                      0.084946    0.000999    8.323648 v _369_/A1 (sky130_fd_sc_hd__o21ai_2)
     1    0.006351    0.192684    0.268470    8.592118 ^ _369_/Y (sky130_fd_sc_hd__o21ai_2)
                                                         net98 (net)
                      0.192684    0.000499    8.592618 ^ output98/A (sky130_fd_sc_hd__buf_6)
     1    0.035603    0.126762    0.294738    8.887355 ^ output98/X (sky130_fd_sc_hd__buf_6)
                                                         carryOut (net)
                      0.126789    0.001915    8.889270 ^ carryOut (out)
                                              8.889270   data arrival time

                      0.000000   10.000000   10.000000   clock __VIRTUAL_CLK__ (rise edge)
                                  0.000000   10.000000   clock network delay (ideal)
                                 -0.250000    9.750000   clock uncertainty
                                  0.000000    9.750000   clock reconvergence pessimism
                                 -2.000000    7.750000   output external delay
                                              7.750000   data required time
---------------------------------------------------------------------------------------------
                                              7.750000   data required time
                                             -8.889270   data arrival time
---------------------------------------------------------------------------------------------
                                             -1.139270   slack (VIOLATED)




===========================================================================
report_checks --slack_max -0.01
============================================================================
======================= max_ss_100C_1v60 Corner ===================================

Startpoint: sub (input port clocked by __VIRTUAL_CLK__)
Endpoint: carryOut (output port clocked by __VIRTUAL_CLK__)
Path Group: __VIRTUAL_CLK__
Path Type: max

Fanout         Cap        Slew       Delay        Time   Description
---------------------------------------------------------------------------------------------
                      0.000000    0.000000    0.000000   clock __VIRTUAL_CLK__ (rise edge)
                                  0.000000    0.000000   clock network delay (ideal)
                                  2.000000    2.000000 v input external delay
     1    0.007434    0.036916    0.024874    2.024874 v sub (in)
                                                         sub (net)
                      0.036921    0.000000    2.024874 v input65/A (sky130_fd_sc_hd__buf_8)
     3    0.025534    0.057927    0.222697    2.247571 v input65/X (sky130_fd_sc_hd__buf_8)
                                                         net65 (net)
                      0.058126    0.003011    2.250582 v fanout107/A (sky130_fd_sc_hd__buf_8)
     5    0.034617    0.068863    0.243605    2.494187 v fanout107/X (sky130_fd_sc_hd__buf_8)
                                                         net107 (net)
                      0.069217    0.004409    2.498596 v load_slew109/A (sky130_fd_sc_hd__buf_8)
     3    0.027918    0.060588    0.241034    2.739630 v load_slew109/X (sky130_fd_sc_hd__buf_8)
                                                         net109 (net)
                      0.060755    0.002875    2.742506 v load_slew108/A (sky130_fd_sc_hd__buf_12)
     3    0.048727    0.073053    0.258021    3.000527 v load_slew108/X (sky130_fd_sc_hd__buf_12)
                                                         net108 (net)
                      0.073422    0.004658    3.005185 v _390_/A (sky130_fd_sc_hd__xor2_4)
     2    0.018863    0.146718    0.372302    3.377487 v _390_/X (sky130_fd_sc_hd__xor2_4)
                                                         _019_ (net)
                      0.146719    0.000495    3.377982 v _393_/A (sky130_fd_sc_hd__xnor2_4)
     2    0.007139    0.099803    0.286129    3.664110 v _393_/Y (sky130_fd_sc_hd__xnor2_4)
                                                         _022_ (net)
                      0.099804    0.000443    3.664553 v rebuffer116/A (sky130_fd_sc_hd__buf_2)
     2    0.011381    0.078085    0.292477    3.957030 v rebuffer116/X (sky130_fd_sc_hd__buf_2)
                                                         net116 (net)
                      0.078089    0.000689    3.957719 v _394_/B (sky130_fd_sc_hd__or2_2)
     2    0.005909    0.129607    0.683921    4.641639 v _394_/X (sky130_fd_sc_hd__or2_2)
                                                         _023_ (net)
                      0.129607    0.000226    4.641865 v _397_/A2 (sky130_fd_sc_hd__o21a_2)
     2    0.005769    0.073915    0.419683    5.061549 v _397_/X (sky130_fd_sc_hd__o21a_2)
                                                         _026_ (net)
                      0.073915    0.000409    5.061958 v _399_/A2 (sky130_fd_sc_hd__a211o_2)
     2    0.009852    0.117114    0.697874    5.759832 v _399_/X (sky130_fd_sc_hd__a211o_2)
                                                         _028_ (net)
                      0.117204    0.000589    5.760422 v _210_/A2 (sky130_fd_sc_hd__a21o_4)
     2    0.010312    0.070784    0.441363    6.201785 v _210_/X (sky130_fd_sc_hd__a21o_4)
                                                         _080_ (net)
                      0.070784    0.000618    6.202403 v _280_/A2 (sky130_fd_sc_hd__a211o_4)
     4    0.017115    0.109178    0.663965    6.866368 v _280_/X (sky130_fd_sc_hd__a211o_4)
                                                         _142_ (net)
                      0.109295    0.001646    6.868014 v _327_/A2 (sky130_fd_sc_hd__a2111o_2)
     2    0.007249    0.134956    0.981783    7.849797 v _327_/X (sky130_fd_sc_hd__a2111o_2)
                                                         _183_ (net)
                      0.134956    0.000688    7.850485 v _335_/A1 (sky130_fd_sc_hd__a31o_4)
     2    0.015107    0.084936    0.472165    8.322649 v _335_/X (sky130_fd_sc_hd__a31o_4)
                                                         _190_ (net)
                      0.084946    0.000999    8.323648 v _369_/A1 (sky130_fd_sc_hd__o21ai_2)
     1    0.006351    0.192684    0.268470    8.592118 ^ _369_/Y (sky130_fd_sc_hd__o21ai_2)
                                                         net98 (net)
                      0.192684    0.000499    8.592618 ^ output98/A (sky130_fd_sc_hd__buf_6)
     1    0.035603    0.126762    0.294738    8.887355 ^ output98/X (sky130_fd_sc_hd__buf_6)
                                                         carryOut (net)
                      0.126789    0.001915    8.889270 ^ carryOut (out)
                                              8.889270   data arrival time

                      0.000000   10.000000   10.000000   clock __VIRTUAL_CLK__ (rise edge)
                                  0.000000   10.000000   clock network delay (ideal)
                                 -0.250000    9.750000   clock uncertainty
                                  0.000000    9.750000   clock reconvergence pessimism
                                 -2.000000    7.750000   output external delay
                                              7.750000   data required time
---------------------------------------------------------------------------------------------
                                              7.750000   data required time
                                             -8.889270   data arrival time
---------------------------------------------------------------------------------------------
                                             -1.139270   slack (VIOLATED)




===========================================================================
 report_check_types -max_slew -max_cap -max_fanout -violators
============================================================================
======================= max_ss_100C_1v60 Corner ===================================



===========================================================================
report_parasitic_annotation -report_unannotated
============================================================================
Found 0 unannotated drivers.
Found 0 partially unannotated drivers.

===========================================================================
max slew violation count 0
max fanout violation count 0
max cap violation count 0
============================================================================

===========================================================================
check_setup -verbose -unconstrained_endpoints -multiple_clock -no_clock -no_input_delay -loops -generated_clocks
===========================================================================
