
===========================================================================
report_checks -unconstrained
===========================================================================
======================= nom_tt_025C_1v80 Corner ===================================

Startpoint: B[4] (input port clocked by __VIRTUAL_CLK__)
Endpoint: y[26] (output port clocked by __VIRTUAL_CLK__)
Path Group: __VIRTUAL_CLK__
Path Type: max

Fanout         Cap        Slew       Delay        Time   Description
---------------------------------------------------------------------------------------------
                      0.000000    0.000000    0.000000   clock __VIRTUAL_CLK__ (rise edge)
                                  0.000000    0.000000   clock network delay (ideal)
                                  4.000000    4.000000 v input external delay
     1    0.003930    0.011234    0.006673    4.006673 v B[4] (in)
                                                         B[4] (net)
                      0.011240    0.000000    4.006673 v input59/A (sky130_fd_sc_hd__clkdlybuf4s25_1)
     5    0.028848    0.216965    0.390040    4.396714 v input59/X (sky130_fd_sc_hd__clkdlybuf4s25_1)
                                                         net59 (net)
                      0.216967    0.000935    4.397649 v _491_/B (sky130_fd_sc_hd__xnor2_2)
     2    0.008905    0.082907    0.219153    4.616801 v _491_/Y (sky130_fd_sc_hd__xnor2_2)
                                                         _058_ (net)
                      0.082907    0.000149    4.616951 v max_cap106/A (sky130_fd_sc_hd__buf_2)
     6    0.026132    0.072165    0.190964    4.807915 v max_cap106/X (sky130_fd_sc_hd__buf_2)
                                                         net106 (net)
                      0.072174    0.000853    4.808768 v _546_/A (sky130_fd_sc_hd__or4_2)
     2    0.007867    0.119249    0.731679    5.540447 v _546_/X (sky130_fd_sc_hd__or4_2)
                                                         _109_ (net)
                      0.119249    0.000183    5.540630 v _658_/A (sky130_fd_sc_hd__or4_2)
     2    0.005532    0.110822    0.730576    6.271206 v _658_/X (sky130_fd_sc_hd__or4_2)
                                                         _213_ (net)
                      0.110822    0.000143    6.271349 v _660_/B1 (sky130_fd_sc_hd__o221a_2)
     3    0.014190    0.072659    0.323368    6.594718 v _660_/X (sky130_fd_sc_hd__o221a_2)
                                                         _215_ (net)
                      0.072661    0.000499    6.595216 v _688_/A1 (sky130_fd_sc_hd__a21o_2)
     4    0.015854    0.063857    0.243553    6.838769 v _688_/X (sky130_fd_sc_hd__a21o_2)
                                                         _241_ (net)
                      0.063857    0.000257    6.839026 v _778_/A2 (sky130_fd_sc_hd__o41a_2)
     3    0.013621    0.093580    0.541458    7.380484 v _778_/X (sky130_fd_sc_hd__o41a_2)
                                                         _325_ (net)
                      0.093580    0.000504    7.380988 v _789_/B (sky130_fd_sc_hd__or2_2)
     2    0.008344    0.069671    0.326797    7.707785 v _789_/X (sky130_fd_sc_hd__or2_2)
                                                         _335_ (net)
                      0.069671    0.000198    7.707983 v _805_/A2 (sky130_fd_sc_hd__o211a_2)
     2    0.006979    0.050849    0.270607    7.978590 v _805_/X (sky130_fd_sc_hd__o211a_2)
                                                         _350_ (net)
                      0.050849    0.000141    7.978731 v _806_/C (sky130_fd_sc_hd__or3_2)
     1    0.006352    0.088662    0.447476    8.426207 v _806_/X (sky130_fd_sc_hd__or3_2)
                                                         _351_ (net)
                      0.088662    0.000279    8.426485 v _808_/B (sky130_fd_sc_hd__nand3_2)
     1    0.005407    0.057021    0.094922    8.521408 ^ _808_/Y (sky130_fd_sc_hd__nand3_2)
                                                         _353_ (net)
                      0.057021    0.000129    8.521537 ^ _810_/B1 (sky130_fd_sc_hd__o211ai_2)
     1    0.004170    0.078650    0.088685    8.610221 v _810_/Y (sky130_fd_sc_hd__o211ai_2)
                                                         net88 (net)
                      0.078650    0.000166    8.610387 v output88/A (sky130_fd_sc_hd__clkdlybuf4s25_1)
     1    0.036759    0.272947    0.463776    9.074163 v output88/X (sky130_fd_sc_hd__clkdlybuf4s25_1)
                                                         y[26] (net)
                      0.272950    0.001302    9.075465 v y[26] (out)
                                              9.075465   data arrival time

                      0.000000   20.000000   20.000000   clock __VIRTUAL_CLK__ (rise edge)
                                  0.000000   20.000000   clock network delay (ideal)
                                 -0.250000   19.750002   clock uncertainty
                                  0.000000   19.750002   clock reconvergence pessimism
                                 -4.000000   15.750001   output external delay
                                             15.750001   data required time
---------------------------------------------------------------------------------------------
                                             15.750001   data required time
                                             -9.075465   data arrival time
---------------------------------------------------------------------------------------------
                                              6.674536   slack (MET)




===========================================================================
report_checks --slack_max -0.01
============================================================================
======================= nom_tt_025C_1v80 Corner ===================================

No paths found.


===========================================================================
 report_check_types -max_slew -max_cap -max_fanout -violators
============================================================================
======================= nom_tt_025C_1v80 Corner ===================================

max slew

Pin                                        Limit        Slew       Slack
------------------------------------------------------------------------
_846_/A1                                0.750000    0.758408   -0.008408 (VIOLATED)
_784_/A1                                0.750000    0.758407   -0.008407 (VIOLATED)
_699_/A1                                0.750000    0.758402   -0.008402 (VIOLATED)
_886_/A1                                0.750000    0.758395   -0.008395 (VIOLATED)
_506_/A1                                0.750000    0.758394   -0.008394 (VIOLATED)
_463_/A1                                0.750000    0.758392   -0.008392 (VIOLATED)
_527_/B1                                0.750000    0.758389   -0.008389 (VIOLATED)
_489_/A1                                0.750000    0.758389   -0.008389 (VIOLATED)
_476_/A1                                0.750000    0.758388   -0.008388 (VIOLATED)
fanout121/X                             0.750000    0.758384   -0.008384 (VIOLATED)



===========================================================================
report_parasitic_annotation -report_unannotated
============================================================================
Found 2 unannotated drivers.
 statusIn[1]
 statusIn[2]
Found 0 partially unannotated drivers.

===========================================================================
max slew violation count 10
max fanout violation count 0
max cap violation count 0
============================================================================

===========================================================================
check_setup -verbose -unconstrained_endpoints -multiple_clock -no_clock -no_input_delay -loops -generated_clocks
===========================================================================
