
===========================================================================
 report_power
============================================================================
======================= nom_tt_025C_1v80 Corner ===================================

Group                    Internal    Switching      Leakage        Total
                            Power        Power        Power        Power (Watts)
------------------------------------------------------------------------
Sequential           0.000000e+00 0.000000e+00 0.000000e+00 0.000000e+00   0.0%
Combinational        8.576688e-05 1.005285e-04 2.137586e-09 1.862975e-04 100.0%
Clock                0.000000e+00 0.000000e+00 7.030874e-10 7.030874e-10   0.0%
Macro                0.000000e+00 0.000000e+00 0.000000e+00 0.000000e+00   0.0%
Pad                  0.000000e+00 0.000000e+00 0.000000e+00 0.000000e+00   0.0%
------------------------------------------------------------------------
Total                8.576688e-05 1.005285e-04 2.840677e-09 1.862982e-04 100.0%
                            46.0%        54.0%         0.0%

