                                                                       Cells by Function                                                                        
┏━━━━━━━━━━━━━━━━━━━━━━━━━━━━━━━━━━━━━━━━━━━━━━━━━━━━━━━━━━━━━━━━━━━━━━━━━━━━━━━━━━━━━━━━━━━━━━━━━━━━━━━━━━━━━━━━━━━━━━━━━━━━━━━━━┳━━━━━━━━━━━━━━━━━━━━━━━━━━━━┓
┃ Cell Function                                                                                                                   ┃ Count                      ┃
┡━━━━━━━━━━━━━━━━━━━━━━━━━━━━━━━━━━━━━━━━━━━━━━━━━━━━━━━━━━━━━━━━━━━━━━━━━━━━━━━━━━━━━━━━━━━━━━━━━━━━━━━━━━━━━━━━━━━━━━━━━━━━━━━━━╇━━━━━━━━━━━━━━━━━━━━━━━━━━━━┩
│ sky130_fd_sc_hd__a211oi                                                                                                         │ 2                          │
│ sky130_fd_sc_hd__a21boi                                                                                                         │ 5                          │
│ sky130_fd_sc_hd__a21o                                                                                                           │ 6                          │
│ sky130_fd_sc_hd__a21oi                                                                                                          │ 34                         │
│ sky130_fd_sc_hd__a22oi                                                                                                          │ 6                          │
│ sky130_fd_sc_hd__a2bb2o                                                                                                         │ 2                          │
│ sky130_fd_sc_hd__a2bb2oi                                                                                                        │ 1                          │
│ sky130_fd_sc_hd__a31o                                                                                                           │ 1                          │
│ sky130_fd_sc_hd__a31oi                                                                                                          │ 3                          │
│ sky130_fd_sc_hd__a32oi                                                                                                          │ 1                          │
│ sky130_fd_sc_hd__a41oi                                                                                                          │ 1                          │
│ sky130_fd_sc_hd__and2                                                                                                           │ 20                         │
│ sky130_fd_sc_hd__and3                                                                                                           │ 3                          │
│ sky130_fd_sc_hd__and3b                                                                                                          │ 1                          │
│ sky130_fd_sc_hd__buf                                                                                                            │ 89                         │
│ sky130_fd_sc_hd__clkbuf                                                                                                         │ 7                          │
│ sky130_fd_sc_hd__clkdlybuf4s25                                                                                                  │ 63                         │
│ sky130_fd_sc_hd__decap                                                                                                          │ 662                        │
│ sky130_fd_sc_hd__dlymetal6s2s                                                                                                   │ 1                          │
│ sky130_fd_sc_hd__dlymetal6s4s                                                                                                   │ 1                          │
│ sky130_fd_sc_hd__fill                                                                                                           │ 248                        │
│ sky130_fd_sc_hd__inv                                                                                                            │ 15                         │
│ sky130_fd_sc_hd__mux2                                                                                                           │ 1                          │
│ sky130_fd_sc_hd__nand2                                                                                                          │ 48                         │
│ sky130_fd_sc_hd__nand2b                                                                                                         │ 16                         │
│ sky130_fd_sc_hd__nand3                                                                                                          │ 12                         │
│ sky130_fd_sc_hd__nand3b                                                                                                         │ 12                         │
│ sky130_fd_sc_hd__nand4                                                                                                          │ 6                          │
│ sky130_fd_sc_hd__nand4b                                                                                                         │ 1                          │
│ sky130_fd_sc_hd__nor2                                                                                                           │ 21                         │
│ sky130_fd_sc_hd__nor2b                                                                                                          │ 2                          │
│ sky130_fd_sc_hd__nor3                                                                                                           │ 4                          │
│ sky130_fd_sc_hd__nor4                                                                                                           │ 2                          │
│ sky130_fd_sc_hd__o2111a                                                                                                         │ 2                          │
│ sky130_fd_sc_hd__o2111ai                                                                                                        │ 2                          │
│ sky130_fd_sc_hd__o211a                                                                                                          │ 3                          │
│ sky130_fd_sc_hd__o211ai                                                                                                         │ 2                          │
│ sky130_fd_sc_hd__o21a                                                                                                           │ 11                         │
│ sky130_fd_sc_hd__o21ai                                                                                                          │ 19                         │
│ sky130_fd_sc_hd__o21bai                                                                                                         │ 14                         │
│ sky130_fd_sc_hd__o22a                                                                                                           │ 1                          │
│ sky130_fd_sc_hd__o22ai                                                                                                          │ 3                          │
│ sky130_fd_sc_hd__o2bb2a                                                                                                         │ 3                          │
│ sky130_fd_sc_hd__o2bb2ai                                                                                                        │ 4                          │
│ sky130_fd_sc_hd__o311ai                                                                                                         │ 1                          │
│ sky130_fd_sc_hd__o31a                                                                                                           │ 1                          │
│ sky130_fd_sc_hd__o31ai                                                                                                          │ 3                          │
│ sky130_fd_sc_hd__o32a                                                                                                           │ 1                          │
│ sky130_fd_sc_hd__o41a                                                                                                           │ 1                          │
│ sky130_fd_sc_hd__or2                                                                                                            │ 11                         │
│ sky130_fd_sc_hd__or3                                                                                                            │ 1                          │
│ sky130_fd_sc_hd__or3b                                                                                                           │ 1                          │
│ sky130_fd_sc_hd__or4                                                                                                            │ 2                          │
│ sky130_fd_sc_hd__tapvpwrvgnd                                                                                                    │ 126                        │
│ sky130_fd_sc_hd__xnor2                                                                                                          │ 19                         │
│ sky130_fd_sc_hd__xor2                                                                                                           │ 15                         │
└─────────────────────────────────────────────────────────────────────────────────────────────────────────────────────────────────┴────────────────────────────┘
