
===========================================================================
report_checks -unconstrained
===========================================================================
======================= nom_tt_025C_1v80 Corner ===================================

Startpoint: sub (input port clocked by __VIRTUAL_CLK__)
Endpoint: S[31] (output port clocked by __VIRTUAL_CLK__)
Path Group: __VIRTUAL_CLK__
Path Type: max

Fanout         Cap        Slew       Delay        Time   Description
---------------------------------------------------------------------------------------------
                      0.000000    0.000000    0.000000   clock __VIRTUAL_CLK__ (rise edge)
                                  0.000000    0.000000   clock network delay (ideal)
                                  2.000000    2.000000 ^ input external delay
    47    0.299225    1.334526    0.967575    2.967575 ^ sub (in)
                                                         sub (net)
                      1.334561    0.000000    2.967575 ^ _414_/A (sky130_fd_sc_hd__xor2_2)
     4    0.020651    0.253491    0.315489    3.283064 v _414_/X (sky130_fd_sc_hd__xor2_2)
                                                         _043_ (net)
                      0.253491    0.000093    3.283158 v _423_/B (sky130_fd_sc_hd__xnor2_2)
     2    0.010803    0.086776    0.240155    3.523312 v _423_/Y (sky130_fd_sc_hd__xnor2_2)
                                                         _052_ (net)
                      0.086776    0.000007    3.523319 v _425_/B (sky130_fd_sc_hd__or4b_2)
     3    0.011851    0.136517    0.737105    4.260424 v _425_/X (sky130_fd_sc_hd__or4b_2)
                                                         _054_ (net)
                      0.136517    0.000083    4.260508 v _428_/A (sky130_fd_sc_hd__or3_2)
     2    0.005455    0.085895    0.537805    4.798313 v _428_/X (sky130_fd_sc_hd__or3_2)
                                                         _057_ (net)
                      0.085895    0.000056    4.798369 v _429_/A4 (sky130_fd_sc_hd__a41o_2)
     2    0.006723    0.047638    0.308878    5.107247 v _429_/X (sky130_fd_sc_hd__a41o_2)
                                                         _058_ (net)
                      0.047638    0.000080    5.107327 v _210_/A2 (sky130_fd_sc_hd__a21o_2)
     2    0.006492    0.042719    0.228726    5.336053 v _210_/X (sky130_fd_sc_hd__a21o_2)
                                                         _080_ (net)
                      0.042719    0.000062    5.336116 v _280_/A1 (sky130_fd_sc_hd__a211o_2)
     4    0.013153    0.074860    0.343418    5.679533 v _280_/X (sky130_fd_sc_hd__a211o_2)
                                                         _142_ (net)
                      0.074864    0.000311    5.679845 v _327_/A1 (sky130_fd_sc_hd__a2111o_2)
     2    0.004305    0.067366    0.448851    6.128696 v _327_/X (sky130_fd_sc_hd__a2111o_2)
                                                         _183_ (net)
                      0.067366    0.000017    6.128713 v _335_/A2 (sky130_fd_sc_hd__a31o_2)
     2    0.013287    0.061252    0.282731    6.411445 v _335_/X (sky130_fd_sc_hd__a31o_2)
                                                         _190_ (net)
                      0.061266    0.000075    6.411520 v _336_/B (sky130_fd_sc_hd__xor2_2)
     1    0.034967    0.434968    0.390104    6.801624 ^ _336_/X (sky130_fd_sc_hd__xor2_2)
                                                         S[31] (net)
                      0.434968    0.000249    6.801873 ^ S[31] (out)
                                              6.801873   data arrival time

                      0.000000   10.000000   10.000000   clock __VIRTUAL_CLK__ (rise edge)
                                  0.000000   10.000000   clock network delay (ideal)
                                 -0.250000    9.750000   clock uncertainty
                                  0.000000    9.750000   clock reconvergence pessimism
                                 -2.000000    7.750000   output external delay
                                              7.750000   data required time
---------------------------------------------------------------------------------------------
                                              7.750000   data required time
                                             -6.801873   data arrival time
---------------------------------------------------------------------------------------------
                                              0.948127   slack (MET)




===========================================================================
report_checks --slack_max -0.01
============================================================================
======================= nom_tt_025C_1v80 Corner ===================================

No paths found.


===========================================================================
 report_check_types -max_slew -max_cap -max_fanout -violators
============================================================================
======================= nom_tt_025C_1v80 Corner ===================================

max slew

Pin                                        Limit        Slew       Slack
------------------------------------------------------------------------
_375_/A                                 0.750000    1.334579   -0.584579 (VIOLATED)
_378_/A                                 0.750000    1.334578   -0.584578 (VIOLATED)
_372_/A                                 0.750000    1.334574   -0.584574 (VIOLATED)
_411_/A                                 0.750000    1.334573   -0.584573 (VIOLATED)
_412_/A                                 0.750000    1.334573   -0.584573 (VIOLATED)
_383_/A                                 0.750000    1.334571   -0.584571 (VIOLATED)
_338_/A0                                0.750000    1.334570   -0.584570 (VIOLATED)
_370_/A                                 0.750000    1.334570   -0.584570 (VIOLATED)
_388_/A                                 0.750000    1.334569   -0.584570 (VIOLATED)
_415_/A                                 0.750000    1.334570   -0.584570 (VIOLATED)
_390_/A                                 0.750000    1.334569   -0.584569 (VIOLATED)
_386_/A                                 0.750000    1.334569   -0.584569 (VIOLATED)
_407_/A                                 0.750000    1.334569   -0.584569 (VIOLATED)
_408_/A                                 0.750000    1.334569   -0.584569 (VIOLATED)
_425_/D_N                               0.750000    1.334568   -0.584568 (VIOLATED)
_431_/A                                 0.750000    1.334566   -0.584566 (VIOLATED)
_435_/A                                 0.750000    1.334564   -0.584565 (VIOLATED)
_436_/A                                 0.750000    1.334565   -0.584565 (VIOLATED)
_414_/A                                 0.750000    1.334561   -0.584561 (VIOLATED)
_215_/B                                 0.750000    1.334558   -0.584558 (VIOLATED)
_220_/A                                 0.750000    1.334552   -0.584552 (VIOLATED)
_224_/A                                 0.750000    1.334550   -0.584550 (VIOLATED)
_225_/A                                 0.750000    1.334550   -0.584550 (VIOLATED)
_284_/A                                 0.750000    1.334550   -0.584550 (VIOLATED)
_285_/A                                 0.750000    1.334550   -0.584550 (VIOLATED)
_233_/A                                 0.750000    1.334547   -0.584547 (VIOLATED)
_234_/A                                 0.750000    1.334547   -0.584547 (VIOLATED)
_291_/A                                 0.750000    1.334545   -0.584545 (VIOLATED)
_292_/A                                 0.750000    1.334545   -0.584545 (VIOLATED)
_242_/A                                 0.750000    1.334542   -0.584542 (VIOLATED)
_299_/A                                 0.750000    1.334538   -0.584538 (VIOLATED)
_300_/A                                 0.750000    1.334538   -0.584538 (VIOLATED)
_250_/A                                 0.750000    1.334536   -0.584536 (VIOLATED)
_322_/A                                 0.750000    1.334535   -0.584535 (VIOLATED)
_323_/A                                 0.750000    1.334535   -0.584535 (VIOLATED)
_254_/A                                 0.750000    1.334533   -0.584533 (VIOLATED)
_440_/A                                 0.750000    1.334534   -0.584534 (VIOLATED)
_441_/A                                 0.750000    1.334534   -0.584534 (VIOLATED)
_445_/A                                 0.750000    1.334534   -0.584534 (VIOLATED)
_446_/A                                 0.750000    1.334534   -0.584534 (VIOLATED)
_263_/A                                 0.750000    1.334533   -0.584533 (VIOLATED)
_264_/A                                 0.750000    1.334533   -0.584533 (VIOLATED)
_272_/A                                 0.750000    1.334533   -0.584533 (VIOLATED)
_307_/A                                 0.750000    1.334531   -0.584531 (VIOLATED)
_314_/A                                 0.750000    1.334529   -0.584529 (VIOLATED)
_315_/A                                 0.750000    1.334530   -0.584530 (VIOLATED)
sub                                     0.750000    1.334526   -0.584526 (VIOLATED)
_331_/A                                 0.750000    1.334526   -0.584526 (VIOLATED)

max fanout

Pin                                   Limit Fanout  Slack
---------------------------------------------------------
sub                                      10     47    -37 (VIOLATED)

max capacitance

Pin                                        Limit         Cap       Slack
------------------------------------------------------------------------
sub                                     0.200000    0.299225   -0.099225 (VIOLATED)



===========================================================================
report_parasitic_annotation -report_unannotated
============================================================================
Found 0 unannotated drivers.
Found 0 partially unannotated drivers.

===========================================================================
max slew violation count 48
Writing metric design__max_slew_violation__count__corner:nom_tt_025C_1v80: 48
max fanout violation count 1
Writing metric design__max_fanout_violation__count__corner:nom_tt_025C_1v80: 1
max cap violation count 1
Writing metric design__max_cap_violation__count__corner:nom_tt_025C_1v80: 1
============================================================================

===========================================================================
check_setup -verbose -unconstrained_endpoints -multiple_clock -no_clock -no_input_delay -loops -generated_clocks
===========================================================================
