
===========================================================================
report_checks -path_delay min (Hold)
============================================================================
======================= nom_tt_025C_1v80 Corner ===================================

Startpoint: A[31] (input port clocked by __VIRTUAL_CLK__)
Endpoint: carryOut (output port clocked by __VIRTUAL_CLK__)
Path Group: __VIRTUAL_CLK__
Path Type: min

Fanout         Cap        Slew       Delay        Time   Description
---------------------------------------------------------------------------------------------
                      0.000000    0.000000    0.000000   clock __VIRTUAL_CLK__ (rise edge)
                                  0.000000    0.000000   clock network delay (ideal)
                                  2.000000    2.000000 v input external delay
     2    0.006860    0.017643    0.010535    2.010535 v A[31] (in)
                                                         A[31] (net)
                      0.017643    0.000000    2.010535 v _333_/A (sky130_fd_sc_hd__nand2_2)
     2    0.009273    0.059668    0.056072    2.066607 ^ _333_/Y (sky130_fd_sc_hd__nand2_2)
                                                         _188_ (net)
                      0.059668    0.000003    2.066609 ^ _369_/B1 (sky130_fd_sc_hd__o21ai_2)
     1    0.034553    0.138192    0.127148    2.193757 v _369_/Y (sky130_fd_sc_hd__o21ai_2)
                                                         carryOut (net)
                      0.138192    0.000156    2.193913 v carryOut (out)
                                              2.193913   data arrival time

                      0.000000    0.000000    0.000000   clock __VIRTUAL_CLK__ (rise edge)
                                  0.000000    0.000000   clock network delay (ideal)
                                  0.250000    0.250000   clock uncertainty
                                  0.000000    0.250000   clock reconvergence pessimism
                                 -2.000000   -1.750000   output external delay
                                             -1.750000   data required time
---------------------------------------------------------------------------------------------
                                             -1.750000   data required time
                                             -2.193913   data arrival time
---------------------------------------------------------------------------------------------
                                              3.943913   slack (MET)


Startpoint: B[0] (input port clocked by __VIRTUAL_CLK__)
Endpoint: S[0] (output port clocked by __VIRTUAL_CLK__)
Path Group: __VIRTUAL_CLK__
Path Type: min

Fanout         Cap        Slew       Delay        Time   Description
---------------------------------------------------------------------------------------------
                      0.000000    0.000000    0.000000   clock __VIRTUAL_CLK__ (rise edge)
                                  0.000000    0.000000   clock network delay (ideal)
                                  2.000000    2.000000 ^ input external delay
     3    0.021804    0.103681    0.067577    2.067577 ^ B[0] (in)
                                                         B[0] (net)
                      0.103681    0.000000    2.067577 ^ _337_/B (sky130_fd_sc_hd__xor2_2)
     1    0.034184    0.101038    0.153821    2.221398 v _337_/X (sky130_fd_sc_hd__xor2_2)
                                                         S[0] (net)
                      0.101038    0.000103    2.221500 v S[0] (out)
                                              2.221500   data arrival time

                      0.000000    0.000000    0.000000   clock __VIRTUAL_CLK__ (rise edge)
                                  0.000000    0.000000   clock network delay (ideal)
                                  0.250000    0.250000   clock uncertainty
                                  0.000000    0.250000   clock reconvergence pessimism
                                 -2.000000   -1.750000   output external delay
                                             -1.750000   data required time
---------------------------------------------------------------------------------------------
                                             -1.750000   data required time
                                             -2.221500   data arrival time
---------------------------------------------------------------------------------------------
                                              3.971501   slack (MET)


Startpoint: A[12] (input port clocked by __VIRTUAL_CLK__)
Endpoint: S[13] (output port clocked by __VIRTUAL_CLK__)
Path Group: __VIRTUAL_CLK__
Path Type: min

Fanout         Cap        Slew       Delay        Time   Description
---------------------------------------------------------------------------------------------
                      0.000000    0.000000    0.000000   clock __VIRTUAL_CLK__ (rise edge)
                                  0.000000    0.000000   clock network delay (ideal)
                                  2.000000    2.000000 ^ input external delay
     2    0.007306    0.039438    0.024019    2.024019 ^ A[12] (in)
                                                         A[12] (net)
                      0.039438    0.000000    2.024019 ^ _432_/A (sky130_fd_sc_hd__nand2_2)
     3    0.012020    0.055176    0.058832    2.082851 v _432_/Y (sky130_fd_sc_hd__nand2_2)
                                                         _061_ (net)
                      0.055176    0.000034    2.082884 v _362_/B1 (sky130_fd_sc_hd__o21ai_2)
     1    0.008490    0.070022    0.070587    2.153472 ^ _362_/Y (sky130_fd_sc_hd__o21ai_2)
                                                         _203_ (net)
                      0.070022    0.000002    2.153473 ^ _363_/B (sky130_fd_sc_hd__xnor2_2)
     1    0.035443    0.161142    0.151273    2.304746 v _363_/Y (sky130_fd_sc_hd__xnor2_2)
                                                         S[13] (net)
                      0.161144    0.000426    2.305172 v S[13] (out)
                                              2.305172   data arrival time

                      0.000000    0.000000    0.000000   clock __VIRTUAL_CLK__ (rise edge)
                                  0.000000    0.000000   clock network delay (ideal)
                                  0.250000    0.250000   clock uncertainty
                                  0.000000    0.250000   clock reconvergence pessimism
                                 -2.000000   -1.750000   output external delay
                                             -1.750000   data required time
---------------------------------------------------------------------------------------------
                                             -1.750000   data required time
                                             -2.305172   data arrival time
---------------------------------------------------------------------------------------------
                                              4.055172   slack (MET)


Startpoint: A[16] (input port clocked by __VIRTUAL_CLK__)
Endpoint: S[17] (output port clocked by __VIRTUAL_CLK__)
Path Group: __VIRTUAL_CLK__
Path Type: min

Fanout         Cap        Slew       Delay        Time   Description
---------------------------------------------------------------------------------------------
                      0.000000    0.000000    0.000000   clock __VIRTUAL_CLK__ (rise edge)
                                  0.000000    0.000000   clock network delay (ideal)
                                  2.000000    2.000000 ^ input external delay
     3    0.010813    0.055033    0.034791    2.034791 ^ A[16] (in)
                                                         A[16] (net)
                      0.055033    0.000000    2.034791 ^ _216_/A (sky130_fd_sc_hd__nand2_2)
     2    0.009355    0.046605    0.056429    2.091220 v _216_/Y (sky130_fd_sc_hd__nand2_2)
                                                         _086_ (net)
                      0.046605    0.000019    2.091240 v _222_/B1 (sky130_fd_sc_hd__o21ai_2)
     1    0.008696    0.070917    0.067777    2.159017 ^ _222_/Y (sky130_fd_sc_hd__o21ai_2)
                                                         _091_ (net)
                      0.070917    0.000009    2.159026 ^ _223_/B (sky130_fd_sc_hd__xnor2_2)
     1    0.035493    0.161350    0.151670    2.310696 v _223_/Y (sky130_fd_sc_hd__xnor2_2)
                                                         S[17] (net)
                      0.161352    0.000384    2.311080 v S[17] (out)
                                              2.311080   data arrival time

                      0.000000    0.000000    0.000000   clock __VIRTUAL_CLK__ (rise edge)
                                  0.000000    0.000000   clock network delay (ideal)
                                  0.250000    0.250000   clock uncertainty
                                  0.000000    0.250000   clock reconvergence pessimism
                                 -2.000000   -1.750000   output external delay
                                             -1.750000   data required time
---------------------------------------------------------------------------------------------
                                             -1.750000   data required time
                                             -2.311080   data arrival time
---------------------------------------------------------------------------------------------
                                              4.061080   slack (MET)


Startpoint: A[10] (input port clocked by __VIRTUAL_CLK__)
Endpoint: S[11] (output port clocked by __VIRTUAL_CLK__)
Path Group: __VIRTUAL_CLK__
Path Type: min

Fanout         Cap        Slew       Delay        Time   Description
---------------------------------------------------------------------------------------------
                      0.000000    0.000000    0.000000   clock __VIRTUAL_CLK__ (rise edge)
                                  0.000000    0.000000   clock network delay (ideal)
                                  2.000000    2.000000 ^ input external delay
     3    0.018535    0.089123    0.057881    2.057881 ^ A[10] (in)
                                                         A[10] (net)
                      0.089123    0.000000    2.057881 ^ _373_/A (sky130_fd_sc_hd__nand2_2)
     1    0.004465    0.038102    0.050328    2.108209 v _373_/Y (sky130_fd_sc_hd__nand2_2)
                                                         _002_ (net)
                      0.038102    0.000006    2.108215 v _359_/B1 (sky130_fd_sc_hd__o21ai_2)
     1    0.008515    0.069897    0.063687    2.171902 ^ _359_/Y (sky130_fd_sc_hd__o21ai_2)
                                                         _202_ (net)
                      0.069897    0.000003    2.171905 ^ _360_/B (sky130_fd_sc_hd__xnor2_2)
     1    0.034365    0.156627    0.148314    2.320220 v _360_/Y (sky130_fd_sc_hd__xnor2_2)
                                                         S[11] (net)
                      0.156627    0.000134    2.320353 v S[11] (out)
                                              2.320353   data arrival time

                      0.000000    0.000000    0.000000   clock __VIRTUAL_CLK__ (rise edge)
                                  0.000000    0.000000   clock network delay (ideal)
                                  0.250000    0.250000   clock uncertainty
                                  0.000000    0.250000   clock reconvergence pessimism
                                 -2.000000   -1.750000   output external delay
                                             -1.750000   data required time
---------------------------------------------------------------------------------------------
                                             -1.750000   data required time
                                             -2.320353   data arrival time
---------------------------------------------------------------------------------------------
                                              4.070353   slack (MET)


Startpoint: A[24] (input port clocked by __VIRTUAL_CLK__)
Endpoint: S[25] (output port clocked by __VIRTUAL_CLK__)
Path Group: __VIRTUAL_CLK__
Path Type: min

Fanout         Cap        Slew       Delay        Time   Description
---------------------------------------------------------------------------------------------
                      0.000000    0.000000    0.000000   clock __VIRTUAL_CLK__ (rise edge)
                                  0.000000    0.000000   clock network delay (ideal)
                                  2.000000    2.000000 ^ input external delay
     2    0.009382    0.048661    0.030419    2.030419 ^ A[24] (in)
                                                         A[24] (net)
                      0.048661    0.000000    2.030419 ^ _274_/A (sky130_fd_sc_hd__nand2_2)
     3    0.014499    0.064495    0.068184    2.098603 v _274_/Y (sky130_fd_sc_hd__nand2_2)
                                                         _136_ (net)
                      0.064495    0.000147    2.098750 v _289_/A (sky130_fd_sc_hd__nand2_2)
     1    0.008736    0.058937    0.073105    2.171855 ^ _289_/Y (sky130_fd_sc_hd__nand2_2)
                                                         _150_ (net)
                      0.058937    0.000013    2.171868 ^ _290_/B (sky130_fd_sc_hd__xnor2_2)
     1    0.035941    0.163038    0.149869    2.321738 v _290_/Y (sky130_fd_sc_hd__xnor2_2)
                                                         S[25] (net)
                      0.163041    0.000543    2.322281 v S[25] (out)
                                              2.322281   data arrival time

                      0.000000    0.000000    0.000000   clock __VIRTUAL_CLK__ (rise edge)
                                  0.000000    0.000000   clock network delay (ideal)
                                  0.250000    0.250000   clock uncertainty
                                  0.000000    0.250000   clock reconvergence pessimism
                                 -2.000000   -1.750000   output external delay
                                             -1.750000   data required time
---------------------------------------------------------------------------------------------
                                             -1.750000   data required time
                                             -2.322281   data arrival time
---------------------------------------------------------------------------------------------
                                              4.072280   slack (MET)


Startpoint: A[31] (input port clocked by __VIRTUAL_CLK__)
Endpoint: S[31] (output port clocked by __VIRTUAL_CLK__)
Path Group: __VIRTUAL_CLK__
Path Type: min

Fanout         Cap        Slew       Delay        Time   Description
---------------------------------------------------------------------------------------------
                      0.000000    0.000000    0.000000   clock __VIRTUAL_CLK__ (rise edge)
                                  0.000000    0.000000   clock network delay (ideal)
                                  2.000000    2.000000 ^ input external delay
     2    0.007268    0.039268    0.023892    2.023892 ^ A[31] (in)
                                                         A[31] (net)
                      0.039268    0.000000    2.023892 ^ _333_/A (sky130_fd_sc_hd__nand2_2)
     2    0.008582    0.044492    0.049519    2.073411 v _333_/Y (sky130_fd_sc_hd__nand2_2)
                                                         _188_ (net)
                      0.044492    0.000000    2.073411 v _334_/B (sky130_fd_sc_hd__nand2_2)
     2    0.014715    0.087263    0.093569    2.166980 ^ _334_/Y (sky130_fd_sc_hd__nand2_2)
                                                         _189_ (net)
                      0.087263    0.000016    2.166996 ^ _336_/A (sky130_fd_sc_hd__xor2_2)
     1    0.034967    0.102853    0.156350    2.323346 v _336_/X (sky130_fd_sc_hd__xor2_2)
                                                         S[31] (net)
                      0.102853    0.000225    2.323570 v S[31] (out)
                                              2.323570   data arrival time

                      0.000000    0.000000    0.000000   clock __VIRTUAL_CLK__ (rise edge)
                                  0.000000    0.000000   clock network delay (ideal)
                                  0.250000    0.250000   clock uncertainty
                                  0.000000    0.250000   clock reconvergence pessimism
                                 -2.000000   -1.750000   output external delay
                                             -1.750000   data required time
---------------------------------------------------------------------------------------------
                                             -1.750000   data required time
                                             -2.323570   data arrival time
---------------------------------------------------------------------------------------------
                                              4.073570   slack (MET)


Startpoint: A[8] (input port clocked by __VIRTUAL_CLK__)
Endpoint: S[9] (output port clocked by __VIRTUAL_CLK__)
Path Group: __VIRTUAL_CLK__
Path Type: min

Fanout         Cap        Slew       Delay        Time   Description
---------------------------------------------------------------------------------------------
                      0.000000    0.000000    0.000000   clock __VIRTUAL_CLK__ (rise edge)
                                  0.000000    0.000000   clock network delay (ideal)
                                  2.000000    2.000000 ^ input external delay
     2    0.015009    0.073427    0.047441    2.047441 ^ A[8] (in)
                                                         A[8] (net)
                      0.073427    0.000000    2.047441 ^ _376_/A (sky130_fd_sc_hd__nand2_2)
     3    0.010683    0.054247    0.065295    2.112736 v _376_/Y (sky130_fd_sc_hd__nand2_2)
                                                         _005_ (net)
                      0.054247    0.000031    2.112767 v _355_/A (sky130_fd_sc_hd__nand2_2)
     1    0.008847    0.058206    0.069208    2.181976 ^ _355_/Y (sky130_fd_sc_hd__nand2_2)
                                                         _200_ (net)
                      0.058206    0.000018    2.181993 ^ _356_/B (sky130_fd_sc_hd__xnor2_2)
     1    0.034859    0.158497    0.146751    2.328744 v _356_/Y (sky130_fd_sc_hd__xnor2_2)
                                                         S[9] (net)
                      0.158497    0.000253    2.328998 v S[9] (out)
                                              2.328998   data arrival time

                      0.000000    0.000000    0.000000   clock __VIRTUAL_CLK__ (rise edge)
                                  0.000000    0.000000   clock network delay (ideal)
                                  0.250000    0.250000   clock uncertainty
                                  0.000000    0.250000   clock reconvergence pessimism
                                 -2.000000   -1.750000   output external delay
                                             -1.750000   data required time
---------------------------------------------------------------------------------------------
                                             -1.750000   data required time
                                             -2.328998   data arrival time
---------------------------------------------------------------------------------------------
                                              4.078998   slack (MET)


Startpoint: A[8] (input port clocked by __VIRTUAL_CLK__)
Endpoint: S[8] (output port clocked by __VIRTUAL_CLK__)
Path Group: __VIRTUAL_CLK__
Path Type: min

Fanout         Cap        Slew       Delay        Time   Description
---------------------------------------------------------------------------------------------
                      0.000000    0.000000    0.000000   clock __VIRTUAL_CLK__ (rise edge)
                                  0.000000    0.000000   clock network delay (ideal)
                                  2.000000    2.000000 ^ input external delay
     2    0.015009    0.073427    0.047446    2.047446 ^ A[8] (in)
                                                         A[8] (net)
                      0.073427    0.000000    2.047446 ^ _377_/A (sky130_fd_sc_hd__xnor2_2)
     3    0.014311    0.085121    0.140505    2.187952 ^ _377_/Y (sky130_fd_sc_hd__xnor2_2)
                                                         _006_ (net)
                      0.085121    0.000062    2.188014 ^ _354_/A (sky130_fd_sc_hd__xor2_2)
     1    0.034912    0.102744    0.155579    2.343594 v _354_/X (sky130_fd_sc_hd__xor2_2)
                                                         S[8] (net)
                      0.102744    0.000220    2.343813 v S[8] (out)
                                              2.343813   data arrival time

                      0.000000    0.000000    0.000000   clock __VIRTUAL_CLK__ (rise edge)
                                  0.000000    0.000000   clock network delay (ideal)
                                  0.250000    0.250000   clock uncertainty
                                  0.000000    0.250000   clock reconvergence pessimism
                                 -2.000000   -1.750000   output external delay
                                             -1.750000   data required time
---------------------------------------------------------------------------------------------
                                             -1.750000   data required time
                                             -2.343813   data arrival time
---------------------------------------------------------------------------------------------
                                              4.093813   slack (MET)


Startpoint: A[12] (input port clocked by __VIRTUAL_CLK__)
Endpoint: S[12] (output port clocked by __VIRTUAL_CLK__)
Path Group: __VIRTUAL_CLK__
Path Type: min

Fanout         Cap        Slew       Delay        Time   Description
---------------------------------------------------------------------------------------------
                      0.000000    0.000000    0.000000   clock __VIRTUAL_CLK__ (rise edge)
                                  0.000000    0.000000   clock network delay (ideal)
                                  2.000000    2.000000 ^ input external delay
     2    0.007306    0.039438    0.024019    2.024019 ^ A[12] (in)
                                                         A[12] (net)
                      0.039438    0.000000    2.024019 ^ _432_/A (sky130_fd_sc_hd__nand2_2)
     3    0.012020    0.055176    0.058832    2.082851 v _432_/Y (sky130_fd_sc_hd__nand2_2)
                                                         _061_ (net)
                      0.055176    0.000016    2.082867 v _434_/A (sky130_fd_sc_hd__nand2_2)
     4    0.019128    0.106127    0.103948    2.186816 ^ _434_/Y (sky130_fd_sc_hd__nand2_2)
                                                         _063_ (net)
                      0.106127    0.000033    2.186849 ^ _361_/B (sky130_fd_sc_hd__xor2_2)
     1    0.035195    0.103430    0.157208    2.344057 v _361_/X (sky130_fd_sc_hd__xor2_2)
                                                         S[12] (net)
                      0.103430    0.000372    2.344429 v S[12] (out)
                                              2.344429   data arrival time

                      0.000000    0.000000    0.000000   clock __VIRTUAL_CLK__ (rise edge)
                                  0.000000    0.000000   clock network delay (ideal)
                                  0.250000    0.250000   clock uncertainty
                                  0.000000    0.250000   clock reconvergence pessimism
                                 -2.000000   -1.750000   output external delay
                                             -1.750000   data required time
---------------------------------------------------------------------------------------------
                                             -1.750000   data required time
                                             -2.344429   data arrival time
---------------------------------------------------------------------------------------------
                                              4.094429   slack (MET)


Startpoint: A[28] (input port clocked by __VIRTUAL_CLK__)
Endpoint: S[29] (output port clocked by __VIRTUAL_CLK__)
Path Group: __VIRTUAL_CLK__
Path Type: min

Fanout         Cap        Slew       Delay        Time   Description
---------------------------------------------------------------------------------------------
                      0.000000    0.000000    0.000000   clock __VIRTUAL_CLK__ (rise edge)
                                  0.000000    0.000000   clock network delay (ideal)
                                  2.000000    2.000000 ^ input external delay
     3    0.020815    0.099286    0.064676    2.064676 ^ A[28] (in)
                                                         A[28] (net)
                      0.099286    0.000000    2.064676 ^ _320_/A1_N (sky130_fd_sc_hd__o2bb2ai_2)
     1    0.008491    0.079856    0.125408    2.190084 ^ _320_/Y (sky130_fd_sc_hd__o2bb2ai_2)
                                                         _177_ (net)
                      0.079856    0.000002    2.190086 ^ _321_/B (sky130_fd_sc_hd__xnor2_2)
     1    0.035932    0.163297    0.155199    2.345285 v _321_/Y (sky130_fd_sc_hd__xnor2_2)
                                                         S[29] (net)
                      0.163298    0.000359    2.345644 v S[29] (out)
                                              2.345644   data arrival time

                      0.000000    0.000000    0.000000   clock __VIRTUAL_CLK__ (rise edge)
                                  0.000000    0.000000   clock network delay (ideal)
                                  0.250000    0.250000   clock uncertainty
                                  0.000000    0.250000   clock reconvergence pessimism
                                 -2.000000   -1.750000   output external delay
                                             -1.750000   data required time
---------------------------------------------------------------------------------------------
                                             -1.750000   data required time
                                             -2.345644   data arrival time
---------------------------------------------------------------------------------------------
                                              4.095644   slack (MET)


Startpoint: A[1] (input port clocked by __VIRTUAL_CLK__)
Endpoint: S[2] (output port clocked by __VIRTUAL_CLK__)
Path Group: __VIRTUAL_CLK__
Path Type: min

Fanout         Cap        Slew       Delay        Time   Description
---------------------------------------------------------------------------------------------
                      0.000000    0.000000    0.000000   clock __VIRTUAL_CLK__ (rise edge)
                                  0.000000    0.000000   clock network delay (ideal)
                                  2.000000    2.000000 ^ input external delay
     4    0.023893    0.113019    0.073820    2.073820 ^ A[1] (in)
                                                         A[1] (net)
                      0.113020    0.000000    2.073820 ^ _418_/A1 (sky130_fd_sc_hd__a21oi_2)
     1    0.004569    0.031442    0.063290    2.137110 v _418_/Y (sky130_fd_sc_hd__a21oi_2)
                                                         _047_ (net)
                      0.031442    0.000007    2.137118 v _340_/A (sky130_fd_sc_hd__nand2_2)
     1    0.009011    0.056604    0.060570    2.197688 ^ _340_/Y (sky130_fd_sc_hd__nand2_2)
                                                         _192_ (net)
                      0.056604    0.000030    2.197718 ^ _341_/B (sky130_fd_sc_hd__xnor2_2)
     1    0.035764    0.162217    0.148919    2.346637 v _341_/Y (sky130_fd_sc_hd__xnor2_2)
                                                         S[2] (net)
                      0.162218    0.000334    2.346972 v S[2] (out)
                                              2.346972   data arrival time

                      0.000000    0.000000    0.000000   clock __VIRTUAL_CLK__ (rise edge)
                                  0.000000    0.000000   clock network delay (ideal)
                                  0.250000    0.250000   clock uncertainty
                                  0.000000    0.250000   clock reconvergence pessimism
                                 -2.000000   -1.750000   output external delay
                                             -1.750000   data required time
---------------------------------------------------------------------------------------------
                                             -1.750000   data required time
                                             -2.346972   data arrival time
---------------------------------------------------------------------------------------------
                                              4.096972   slack (MET)


Startpoint: A[5] (input port clocked by __VIRTUAL_CLK__)
Endpoint: S[6] (output port clocked by __VIRTUAL_CLK__)
Path Group: __VIRTUAL_CLK__
Path Type: min

Fanout         Cap        Slew       Delay        Time   Description
---------------------------------------------------------------------------------------------
                      0.000000    0.000000    0.000000   clock __VIRTUAL_CLK__ (rise edge)
                                  0.000000    0.000000   clock network delay (ideal)
                                  2.000000    2.000000 ^ input external delay
     4    0.023776    0.112510    0.073516    2.073516 ^ A[5] (in)
                                                         A[5] (net)
                      0.112512    0.000000    2.073516 ^ _391_/A (sky130_fd_sc_hd__nand2_2)
     1    0.004677    0.043395    0.056004    2.129520 v _391_/Y (sky130_fd_sc_hd__nand2_2)
                                                         _020_ (net)
                      0.043395    0.000010    2.129530 v _348_/B1 (sky130_fd_sc_hd__o21ai_2)
     1    0.009389    0.072184    0.068893    2.198423 ^ _348_/Y (sky130_fd_sc_hd__o21ai_2)
                                                         _196_ (net)
                      0.072184    0.000046    2.198468 ^ _349_/B (sky130_fd_sc_hd__xnor2_2)
     1    0.034534    0.157370    0.149355    2.347824 v _349_/Y (sky130_fd_sc_hd__xnor2_2)
                                                         S[6] (net)
                      0.157370    0.000163    2.347986 v S[6] (out)
                                              2.347986   data arrival time

                      0.000000    0.000000    0.000000   clock __VIRTUAL_CLK__ (rise edge)
                                  0.000000    0.000000   clock network delay (ideal)
                                  0.250000    0.250000   clock uncertainty
                                  0.000000    0.250000   clock reconvergence pessimism
                                 -2.000000   -1.750000   output external delay
                                             -1.750000   data required time
---------------------------------------------------------------------------------------------
                                             -1.750000   data required time
                                             -2.347986   data arrival time
---------------------------------------------------------------------------------------------
                                              4.097987   slack (MET)


Startpoint: A[4] (input port clocked by __VIRTUAL_CLK__)
Endpoint: S[4] (output port clocked by __VIRTUAL_CLK__)
Path Group: __VIRTUAL_CLK__
Path Type: min

Fanout         Cap        Slew       Delay        Time   Description
---------------------------------------------------------------------------------------------
                      0.000000    0.000000    0.000000   clock __VIRTUAL_CLK__ (rise edge)
                                  0.000000    0.000000   clock network delay (ideal)
                                  2.000000    2.000000 ^ input external delay
     2    0.015773    0.076841    0.049748    2.049748 ^ A[4] (in)
                                                         A[4] (net)
                      0.076841    0.000000    2.049748 ^ _400_/A (sky130_fd_sc_hd__xnor2_2)
     3    0.015652    0.091373    0.145768    2.195516 ^ _400_/Y (sky130_fd_sc_hd__xnor2_2)
                                                         _029_ (net)
                      0.091373    0.000142    2.195657 ^ _345_/A (sky130_fd_sc_hd__xor2_2)
     1    0.035704    0.104605    0.159467    2.355125 v _345_/X (sky130_fd_sc_hd__xor2_2)
                                                         S[4] (net)
                      0.104605    0.000392    2.355517 v S[4] (out)
                                              2.355517   data arrival time

                      0.000000    0.000000    0.000000   clock __VIRTUAL_CLK__ (rise edge)
                                  0.000000    0.000000   clock network delay (ideal)
                                  0.250000    0.250000   clock uncertainty
                                  0.000000    0.250000   clock reconvergence pessimism
                                 -2.000000   -1.750000   output external delay
                                             -1.750000   data required time
---------------------------------------------------------------------------------------------
                                             -1.750000   data required time
                                             -2.355517   data arrival time
---------------------------------------------------------------------------------------------
                                              4.105517   slack (MET)


Startpoint: A[19] (input port clocked by __VIRTUAL_CLK__)
Endpoint: S[19] (output port clocked by __VIRTUAL_CLK__)
Path Group: __VIRTUAL_CLK__
Path Type: min

Fanout         Cap        Slew       Delay        Time   Description
---------------------------------------------------------------------------------------------
                      0.000000    0.000000    0.000000   clock __VIRTUAL_CLK__ (rise edge)
                                  0.000000    0.000000   clock network delay (ideal)
                                  2.000000    2.000000 ^ input external delay
     2    0.011041    0.056051    0.035491    2.035491 ^ A[19] (in)
                                                         A[19] (net)
                      0.056051    0.000000    2.035491 ^ _236_/A (sky130_fd_sc_hd__nand3_2)
     2    0.007624    0.064220    0.067394    2.102885 v _236_/Y (sky130_fd_sc_hd__nand3_2)
                                                         _103_ (net)
                      0.064220    0.000029    2.102913 v _237_/B (sky130_fd_sc_hd__nand2b_2)
     2    0.011592    0.078063    0.092391    2.195304 ^ _237_/Y (sky130_fd_sc_hd__nand2b_2)
                                                         _104_ (net)
                      0.078063    0.000027    2.195331 ^ _241_/A (sky130_fd_sc_hd__xor2_2)
     1    0.037378    0.108506    0.159950    2.355281 v _241_/X (sky130_fd_sc_hd__xor2_2)
                                                         S[19] (net)
                      0.108510    0.000798    2.356080 v S[19] (out)
                                              2.356080   data arrival time

                      0.000000    0.000000    0.000000   clock __VIRTUAL_CLK__ (rise edge)
                                  0.000000    0.000000   clock network delay (ideal)
                                  0.250000    0.250000   clock uncertainty
                                  0.000000    0.250000   clock reconvergence pessimism
                                 -2.000000   -1.750000   output external delay
                                             -1.750000   data required time
---------------------------------------------------------------------------------------------
                                             -1.750000   data required time
                                             -2.356080   data arrival time
---------------------------------------------------------------------------------------------
                                              4.106080   slack (MET)


Startpoint: A[7] (input port clocked by __VIRTUAL_CLK__)
Endpoint: S[7] (output port clocked by __VIRTUAL_CLK__)
Path Group: __VIRTUAL_CLK__
Path Type: min

Fanout         Cap        Slew       Delay        Time   Description
---------------------------------------------------------------------------------------------
                      0.000000    0.000000    0.000000   clock __VIRTUAL_CLK__ (rise edge)
                                  0.000000    0.000000   clock network delay (ideal)
                                  2.000000    2.000000 ^ input external delay
     3    0.018835    0.090480    0.058850    2.058850 ^ A[7] (in)
                                                         A[7] (net)
                      0.090481    0.000000    2.058850 ^ _401_/A (sky130_fd_sc_hd__xnor2_2)
     2    0.011479    0.072169    0.135510    2.194360 ^ _401_/Y (sky130_fd_sc_hd__xnor2_2)
                                                         _030_ (net)
                      0.072169    0.000049    2.194409 ^ _351_/A (sky130_fd_sc_hd__xnor2_2)
     1    0.035964    0.163085    0.162407    2.356816 v _351_/Y (sky130_fd_sc_hd__xnor2_2)
                                                         S[7] (net)
                      0.163086    0.000397    2.357213 v S[7] (out)
                                              2.357213   data arrival time

                      0.000000    0.000000    0.000000   clock __VIRTUAL_CLK__ (rise edge)
                                  0.000000    0.000000   clock network delay (ideal)
                                  0.250000    0.250000   clock uncertainty
                                  0.000000    0.250000   clock reconvergence pessimism
                                 -2.000000   -1.750000   output external delay
                                             -1.750000   data required time
---------------------------------------------------------------------------------------------
                                             -1.750000   data required time
                                             -2.357213   data arrival time
---------------------------------------------------------------------------------------------
                                              4.107213   slack (MET)


Startpoint: A[2] (input port clocked by __VIRTUAL_CLK__)
Endpoint: S[3] (output port clocked by __VIRTUAL_CLK__)
Path Group: __VIRTUAL_CLK__
Path Type: min

Fanout         Cap        Slew       Delay        Time   Description
---------------------------------------------------------------------------------------------
                      0.000000    0.000000    0.000000   clock __VIRTUAL_CLK__ (rise edge)
                                  0.000000    0.000000   clock network delay (ideal)
                                  2.000000    2.000000 ^ input external delay
     2    0.007593    0.040707    0.024892    2.024892 ^ A[2] (in)
                                                         A[2] (net)
                      0.040707    0.000000    2.024892 ^ _420_/B1 (sky130_fd_sc_hd__a21oi_2)
     3    0.009984    0.031371    0.038656    2.063548 v _420_/Y (sky130_fd_sc_hd__a21oi_2)
                                                         _049_ (net)
                      0.031371    0.000050    2.063598 v _342_/B1 (sky130_fd_sc_hd__a21oi_2)
     1    0.008568    0.135463    0.126084    2.189682 ^ _342_/Y (sky130_fd_sc_hd__a21oi_2)
                                                         _193_ (net)
                      0.135463    0.000006    2.189688 ^ _343_/B (sky130_fd_sc_hd__xnor2_2)
     1    0.035814    0.163063    0.168560    2.358248 v _343_/Y (sky130_fd_sc_hd__xnor2_2)
                                                         S[3] (net)
                      0.163063    0.000341    2.358588 v S[3] (out)
                                              2.358588   data arrival time

                      0.000000    0.000000    0.000000   clock __VIRTUAL_CLK__ (rise edge)
                                  0.000000    0.000000   clock network delay (ideal)
                                  0.250000    0.250000   clock uncertainty
                                  0.000000    0.250000   clock reconvergence pessimism
                                 -2.000000   -1.750000   output external delay
                                             -1.750000   data required time
---------------------------------------------------------------------------------------------
                                             -1.750000   data required time
                                             -2.358588   data arrival time
---------------------------------------------------------------------------------------------
                                              4.108588   slack (MET)


Startpoint: A[17] (input port clocked by __VIRTUAL_CLK__)
Endpoint: S[18] (output port clocked by __VIRTUAL_CLK__)
Path Group: __VIRTUAL_CLK__
Path Type: min

Fanout         Cap        Slew       Delay        Time   Description
---------------------------------------------------------------------------------------------
                      0.000000    0.000000    0.000000   clock __VIRTUAL_CLK__ (rise edge)
                                  0.000000    0.000000   clock network delay (ideal)
                                  2.000000    2.000000 ^ input external delay
     4    0.023738    0.112343    0.073382    2.073382 ^ A[17] (in)
                                                         A[17] (net)
                      0.112344    0.000000    2.073382 ^ _231_/A1 (sky130_fd_sc_hd__a211oi_2)
     1    0.008366    0.039089    0.088547    2.161929 v _231_/Y (sky130_fd_sc_hd__a211oi_2)
                                                         _099_ (net)
                      0.039089    0.000018    2.161947 v _232_/B (sky130_fd_sc_hd__xor2_2)
     1    0.035578    0.104347    0.197934    2.359881 v _232_/X (sky130_fd_sc_hd__xor2_2)
                                                         S[18] (net)
                      0.104348    0.000457    2.360338 v S[18] (out)
                                              2.360338   data arrival time

                      0.000000    0.000000    0.000000   clock __VIRTUAL_CLK__ (rise edge)
                                  0.000000    0.000000   clock network delay (ideal)
                                  0.250000    0.250000   clock uncertainty
                                  0.000000    0.250000   clock reconvergence pessimism
                                 -2.000000   -1.750000   output external delay
                                             -1.750000   data required time
---------------------------------------------------------------------------------------------
                                             -1.750000   data required time
                                             -2.360338   data arrival time
---------------------------------------------------------------------------------------------
                                              4.110338   slack (MET)


Startpoint: A[16] (input port clocked by __VIRTUAL_CLK__)
Endpoint: S[16] (output port clocked by __VIRTUAL_CLK__)
Path Group: __VIRTUAL_CLK__
Path Type: min

Fanout         Cap        Slew       Delay        Time   Description
---------------------------------------------------------------------------------------------
                      0.000000    0.000000    0.000000   clock __VIRTUAL_CLK__ (rise edge)
                                  0.000000    0.000000   clock network delay (ideal)
                                  2.000000    2.000000 ^ input external delay
     3    0.010813    0.055033    0.034791    2.034791 ^ A[16] (in)
                                                         A[16] (net)
                      0.055033    0.000000    2.034791 ^ _216_/A (sky130_fd_sc_hd__nand2_2)
     2    0.009355    0.046605    0.056429    2.091220 v _216_/Y (sky130_fd_sc_hd__nand2_2)
                                                         _086_ (net)
                      0.046605    0.000010    2.091230 v _218_/A (sky130_fd_sc_hd__nand2_2)
     4    0.021217    0.119025    0.107478    2.198709 ^ _218_/Y (sky130_fd_sc_hd__nand2_2)
                                                         _088_ (net)
                      0.119025    0.000040    2.198749 ^ _219_/B (sky130_fd_sc_hd__xor2_2)
     1    0.035335    0.103777    0.161729    2.360478 v _219_/X (sky130_fd_sc_hd__xor2_2)
                                                         S[16] (net)
                      0.103777    0.000359    2.360837 v S[16] (out)
                                              2.360837   data arrival time

                      0.000000    0.000000    0.000000   clock __VIRTUAL_CLK__ (rise edge)
                                  0.000000    0.000000   clock network delay (ideal)
                                  0.250000    0.250000   clock uncertainty
                                  0.000000    0.250000   clock reconvergence pessimism
                                 -2.000000   -1.750000   output external delay
                                             -1.750000   data required time
---------------------------------------------------------------------------------------------
                                             -1.750000   data required time
                                             -2.360837   data arrival time
---------------------------------------------------------------------------------------------
                                              4.110837   slack (MET)


Startpoint: A[30] (input port clocked by __VIRTUAL_CLK__)
Endpoint: S[30] (output port clocked by __VIRTUAL_CLK__)
Path Group: __VIRTUAL_CLK__
Path Type: min

Fanout         Cap        Slew       Delay        Time   Description
---------------------------------------------------------------------------------------------
                      0.000000    0.000000    0.000000   clock __VIRTUAL_CLK__ (rise edge)
                                  0.000000    0.000000   clock network delay (ideal)
                                  2.000000    2.000000 v input external delay
     2    0.010290    0.025133    0.015836    2.015836 v A[30] (in)
                                                         A[30] (net)
                      0.025134    0.000000    2.015836 v _325_/A (sky130_fd_sc_hd__nand3_2)
     2    0.005281    0.042086    0.047699    2.063535 ^ _325_/Y (sky130_fd_sc_hd__nand3_2)
                                                         _181_ (net)
                      0.042086    0.000014    2.063549 ^ _326_/B (sky130_fd_sc_hd__and2b_2)
     1    0.009089    0.063884    0.147277    2.210825 ^ _326_/X (sky130_fd_sc_hd__and2b_2)
                                                         _182_ (net)
                      0.063884    0.000002    2.210828 ^ _330_/A (sky130_fd_sc_hd__xnor2_2)
     1    0.035555    0.161512    0.159088    2.369916 v _330_/Y (sky130_fd_sc_hd__xnor2_2)
                                                         S[30] (net)
                      0.161514    0.000445    2.370360 v S[30] (out)
                                              2.370360   data arrival time

                      0.000000    0.000000    0.000000   clock __VIRTUAL_CLK__ (rise edge)
                                  0.000000    0.000000   clock network delay (ideal)
                                  0.250000    0.250000   clock uncertainty
                                  0.000000    0.250000   clock reconvergence pessimism
                                 -2.000000   -1.750000   output external delay
                                             -1.750000   data required time
---------------------------------------------------------------------------------------------
                                             -1.750000   data required time
                                             -2.370360   data arrival time
---------------------------------------------------------------------------------------------
                                              4.120360   slack (MET)


Startpoint: A[1] (input port clocked by __VIRTUAL_CLK__)
Endpoint: S[1] (output port clocked by __VIRTUAL_CLK__)
Path Group: __VIRTUAL_CLK__
Path Type: min

Fanout         Cap        Slew       Delay        Time   Description
---------------------------------------------------------------------------------------------
                      0.000000    0.000000    0.000000   clock __VIRTUAL_CLK__ (rise edge)
                                  0.000000    0.000000   clock network delay (ideal)
                                  2.000000    2.000000 ^ input external delay
     4    0.023893    0.113019    0.073833    2.073833 ^ A[1] (in)
                                                         A[1] (net)
                      0.113020    0.000000    2.073833 ^ _423_/A (sky130_fd_sc_hd__xnor2_2)
     2    0.011647    0.073076    0.141809    2.215642 ^ _423_/Y (sky130_fd_sc_hd__xnor2_2)
                                                         _052_ (net)
                      0.073076    0.000039    2.215681 ^ _339_/A (sky130_fd_sc_hd__xnor2_2)
     1    0.034277    0.156580    0.157857    2.373538 v _339_/Y (sky130_fd_sc_hd__xnor2_2)
                                                         S[1] (net)
                      0.156580    0.000112    2.373650 v S[1] (out)
                                              2.373650   data arrival time

                      0.000000    0.000000    0.000000   clock __VIRTUAL_CLK__ (rise edge)
                                  0.000000    0.000000   clock network delay (ideal)
                                  0.250000    0.250000   clock uncertainty
                                  0.000000    0.250000   clock reconvergence pessimism
                                 -2.000000   -1.750000   output external delay
                                             -1.750000   data required time
---------------------------------------------------------------------------------------------
                                             -1.750000   data required time
                                             -2.373650   data arrival time
---------------------------------------------------------------------------------------------
                                              4.123650   slack (MET)


Startpoint: A[22] (input port clocked by __VIRTUAL_CLK__)
Endpoint: S[22] (output port clocked by __VIRTUAL_CLK__)
Path Group: __VIRTUAL_CLK__
Path Type: min

Fanout         Cap        Slew       Delay        Time   Description
---------------------------------------------------------------------------------------------
                      0.000000    0.000000    0.000000   clock __VIRTUAL_CLK__ (rise edge)
                                  0.000000    0.000000   clock network delay (ideal)
                                  2.000000    2.000000 ^ input external delay
     3    0.019974    0.095536    0.062176    2.062176 ^ A[22] (in)
                                                         A[22] (net)
                      0.095536    0.000000    2.062176 ^ _257_/A (sky130_fd_sc_hd__xnor2_2)
     2    0.015189    0.089310    0.149043    2.211220 ^ _257_/Y (sky130_fd_sc_hd__xnor2_2)
                                                         _121_ (net)
                      0.089310    0.000085    2.211305 ^ _262_/A (sky130_fd_sc_hd__xnor2_2)
     1    0.035517    0.161224    0.165470    2.376775 v _262_/Y (sky130_fd_sc_hd__xnor2_2)
                                                         S[22] (net)
                      0.161225    0.000293    2.377068 v S[22] (out)
                                              2.377068   data arrival time

                      0.000000    0.000000    0.000000   clock __VIRTUAL_CLK__ (rise edge)
                                  0.000000    0.000000   clock network delay (ideal)
                                  0.250000    0.250000   clock uncertainty
                                  0.000000    0.250000   clock reconvergence pessimism
                                 -2.000000   -1.750000   output external delay
                                             -1.750000   data required time
---------------------------------------------------------------------------------------------
                                             -1.750000   data required time
                                             -2.377068   data arrival time
---------------------------------------------------------------------------------------------
                                              4.127068   slack (MET)


Startpoint: A[26] (input port clocked by __VIRTUAL_CLK__)
Endpoint: S[26] (output port clocked by __VIRTUAL_CLK__)
Path Group: __VIRTUAL_CLK__
Path Type: min

Fanout         Cap        Slew       Delay        Time   Description
---------------------------------------------------------------------------------------------
                      0.000000    0.000000    0.000000   clock __VIRTUAL_CLK__ (rise edge)
                                  0.000000    0.000000   clock network delay (ideal)
                                  2.000000    2.000000 ^ input external delay
     2    0.010860    0.055243    0.034942    2.034942 ^ A[26] (in)
                                                         A[26] (net)
                      0.055244    0.000000    2.034942 ^ _294_/A (sky130_fd_sc_hd__nand3_2)
     2    0.007589    0.063937    0.067030    2.101972 v _294_/Y (sky130_fd_sc_hd__nand3_2)
                                                         _154_ (net)
                      0.063937    0.000020    2.101992 v _295_/B (sky130_fd_sc_hd__nand2b_2)
     3    0.016249    0.099007    0.107722    2.209715 ^ _295_/Y (sky130_fd_sc_hd__nand2b_2)
                                                         _155_ (net)
                      0.099007    0.000009    2.209724 ^ _298_/A (sky130_fd_sc_hd__xnor2_2)
     1    0.035313    0.160600    0.167255    2.376979 v _298_/Y (sky130_fd_sc_hd__xnor2_2)
                                                         S[26] (net)
                      0.160602    0.000375    2.377355 v S[26] (out)
                                              2.377355   data arrival time

                      0.000000    0.000000    0.000000   clock __VIRTUAL_CLK__ (rise edge)
                                  0.000000    0.000000   clock network delay (ideal)
                                  0.250000    0.250000   clock uncertainty
                                  0.000000    0.250000   clock reconvergence pessimism
                                 -2.000000   -1.750000   output external delay
                                             -1.750000   data required time
---------------------------------------------------------------------------------------------
                                             -1.750000   data required time
                                             -2.377355   data arrival time
---------------------------------------------------------------------------------------------
                                              4.127355   slack (MET)


Startpoint: A[5] (input port clocked by __VIRTUAL_CLK__)
Endpoint: S[5] (output port clocked by __VIRTUAL_CLK__)
Path Group: __VIRTUAL_CLK__
Path Type: min

Fanout         Cap        Slew       Delay        Time   Description
---------------------------------------------------------------------------------------------
                      0.000000    0.000000    0.000000   clock __VIRTUAL_CLK__ (rise edge)
                                  0.000000    0.000000   clock network delay (ideal)
                                  2.000000    2.000000 ^ input external delay
     4    0.023776    0.112510    0.073512    2.073512 ^ A[5] (in)
                                                         A[5] (net)
                      0.112512    0.000000    2.073512 ^ _393_/A (sky130_fd_sc_hd__xnor2_2)
     3    0.014530    0.086345    0.151200    2.224712 ^ _393_/Y (sky130_fd_sc_hd__xnor2_2)
                                                         _022_ (net)
                      0.086345    0.000096    2.224808 ^ _347_/A (sky130_fd_sc_hd__xor2_2)
     1    0.034542    0.101889    0.154952    2.379760 v _347_/X (sky130_fd_sc_hd__xor2_2)
                                                         S[5] (net)
                      0.101889    0.000163    2.379923 v S[5] (out)
                                              2.379923   data arrival time

                      0.000000    0.000000    0.000000   clock __VIRTUAL_CLK__ (rise edge)
                                  0.000000    0.000000   clock network delay (ideal)
                                  0.250000    0.250000   clock uncertainty
                                  0.000000    0.250000   clock reconvergence pessimism
                                 -2.000000   -1.750000   output external delay
                                             -1.750000   data required time
---------------------------------------------------------------------------------------------
                                             -1.750000   data required time
                                             -2.379923   data arrival time
---------------------------------------------------------------------------------------------
                                              4.129923   slack (MET)


Startpoint: A[20] (input port clocked by __VIRTUAL_CLK__)
Endpoint: S[20] (output port clocked by __VIRTUAL_CLK__)
Path Group: __VIRTUAL_CLK__
Path Type: min

Fanout         Cap        Slew       Delay        Time   Description
---------------------------------------------------------------------------------------------
                      0.000000    0.000000    0.000000   clock __VIRTUAL_CLK__ (rise edge)
                                  0.000000    0.000000   clock network delay (ideal)
                                  2.000000    2.000000 ^ input external delay
     4    0.017066    0.082593    0.053588    2.053588 ^ A[20] (in)
                                                         A[20] (net)
                      0.082593    0.000000    2.053588 ^ _245_/A (sky130_fd_sc_hd__xnor2_2)
     3    0.019081    0.107137    0.158610    2.212198 ^ _245_/Y (sky130_fd_sc_hd__xnor2_2)
                                                         _111_ (net)
                      0.107137    0.000030    2.212228 ^ _249_/A (sky130_fd_sc_hd__xnor2_2)
     1    0.035914    0.163490    0.171079    2.383307 v _249_/Y (sky130_fd_sc_hd__xnor2_2)
                                                         S[20] (net)
                      0.163490    0.000361    2.383669 v S[20] (out)
                                              2.383669   data arrival time

                      0.000000    0.000000    0.000000   clock __VIRTUAL_CLK__ (rise edge)
                                  0.000000    0.000000   clock network delay (ideal)
                                  0.250000    0.250000   clock uncertainty
                                  0.000000    0.250000   clock reconvergence pessimism
                                 -2.000000   -1.750000   output external delay
                                             -1.750000   data required time
---------------------------------------------------------------------------------------------
                                             -1.750000   data required time
                                             -2.383669   data arrival time
---------------------------------------------------------------------------------------------
                                              4.133668   slack (MET)


Startpoint: A[10] (input port clocked by __VIRTUAL_CLK__)
Endpoint: S[10] (output port clocked by __VIRTUAL_CLK__)
Path Group: __VIRTUAL_CLK__
Path Type: min

Fanout         Cap        Slew       Delay        Time   Description
---------------------------------------------------------------------------------------------
                      0.000000    0.000000    0.000000   clock __VIRTUAL_CLK__ (rise edge)
                                  0.000000    0.000000   clock network delay (ideal)
                                  2.000000    2.000000 ^ input external delay
     3    0.018535    0.089123    0.057905    2.057905 ^ A[10] (in)
                                                         A[10] (net)
                      0.089123    0.000000    2.057905 ^ _374_/A (sky130_fd_sc_hd__xnor2_2)
     4    0.020936    0.115768    0.166237    2.224143 ^ _374_/Y (sky130_fd_sc_hd__xnor2_2)
                                                         _003_ (net)
                      0.115768    0.000047    2.224190 ^ _358_/A (sky130_fd_sc_hd__xor2_2)
     1    0.034350    0.101481    0.162995    2.387185 v _358_/X (sky130_fd_sc_hd__xor2_2)
                                                         S[10] (net)
                      0.101481    0.000129    2.387314 v S[10] (out)
                                              2.387314   data arrival time

                      0.000000    0.000000    0.000000   clock __VIRTUAL_CLK__ (rise edge)
                                  0.000000    0.000000   clock network delay (ideal)
                                  0.250000    0.250000   clock uncertainty
                                  0.000000    0.250000   clock reconvergence pessimism
                                 -2.000000   -1.750000   output external delay
                                             -1.750000   data required time
---------------------------------------------------------------------------------------------
                                             -1.750000   data required time
                                             -2.387314   data arrival time
---------------------------------------------------------------------------------------------
                                              4.137314   slack (MET)


Startpoint: A[21] (input port clocked by __VIRTUAL_CLK__)
Endpoint: S[21] (output port clocked by __VIRTUAL_CLK__)
Path Group: __VIRTUAL_CLK__
Path Type: min

Fanout         Cap        Slew       Delay        Time   Description
---------------------------------------------------------------------------------------------
                      0.000000    0.000000    0.000000   clock __VIRTUAL_CLK__ (rise edge)
                                  0.000000    0.000000   clock network delay (ideal)
                                  2.000000    2.000000 ^ input external delay
     3    0.017786    0.085783    0.055671    2.055671 ^ A[21] (in)
                                                         A[21] (net)
                      0.085783    0.000000    2.055671 ^ _251_/A (sky130_fd_sc_hd__xnor2_2)
     3    0.020213    0.112327    0.163068    2.218739 ^ _251_/Y (sky130_fd_sc_hd__xnor2_2)
                                                         _116_ (net)
                      0.112327    0.000069    2.218808 ^ _253_/A (sky130_fd_sc_hd__xnor2_2)
     1    0.034827    0.158265    0.169291    2.388099 v _253_/Y (sky130_fd_sc_hd__xnor2_2)
                                                         S[21] (net)
                      0.158265    0.000195    2.388294 v S[21] (out)
                                              2.388294   data arrival time

                      0.000000    0.000000    0.000000   clock __VIRTUAL_CLK__ (rise edge)
                                  0.000000    0.000000   clock network delay (ideal)
                                  0.250000    0.250000   clock uncertainty
                                  0.000000    0.250000   clock reconvergence pessimism
                                 -2.000000   -1.750000   output external delay
                                             -1.750000   data required time
---------------------------------------------------------------------------------------------
                                             -1.750000   data required time
                                             -2.388294   data arrival time
---------------------------------------------------------------------------------------------
                                              4.138294   slack (MET)


Startpoint: A[23] (input port clocked by __VIRTUAL_CLK__)
Endpoint: S[23] (output port clocked by __VIRTUAL_CLK__)
Path Group: __VIRTUAL_CLK__
Path Type: min

Fanout         Cap        Slew       Delay        Time   Description
---------------------------------------------------------------------------------------------
                      0.000000    0.000000    0.000000   clock __VIRTUAL_CLK__ (rise edge)
                                  0.000000    0.000000   clock network delay (ideal)
                                  2.000000    2.000000 v input external delay
     2    0.008175    0.020510    0.012577    2.012577 v A[23] (in)
                                                         A[23] (net)
                      0.020510    0.000000    2.012577 v _266_/B1 (sky130_fd_sc_hd__a21oi_2)
     2    0.003210    0.074553    0.082472    2.095049 ^ _266_/Y (sky130_fd_sc_hd__a21oi_2)
                                                         _129_ (net)
                      0.074553    0.000003    2.095052 ^ _267_/B (sky130_fd_sc_hd__or2_2)
     2    0.011447    0.068718    0.131108    2.226161 ^ _267_/X (sky130_fd_sc_hd__or2_2)
                                                         _130_ (net)
                      0.068718    0.000052    2.226213 ^ _271_/A (sky130_fd_sc_hd__xnor2_2)
     1    0.036305    0.164410    0.162544    2.388757 v _271_/Y (sky130_fd_sc_hd__xnor2_2)
                                                         S[23] (net)
                      0.164411    0.000394    2.389151 v S[23] (out)
                                              2.389151   data arrival time

                      0.000000    0.000000    0.000000   clock __VIRTUAL_CLK__ (rise edge)
                                  0.000000    0.000000   clock network delay (ideal)
                                  0.250000    0.250000   clock uncertainty
                                  0.000000    0.250000   clock reconvergence pessimism
                                 -2.000000   -1.750000   output external delay
                                             -1.750000   data required time
---------------------------------------------------------------------------------------------
                                             -1.750000   data required time
                                             -2.389151   data arrival time
---------------------------------------------------------------------------------------------
                                              4.139151   slack (MET)


Startpoint: A[28] (input port clocked by __VIRTUAL_CLK__)
Endpoint: S[28] (output port clocked by __VIRTUAL_CLK__)
Path Group: __VIRTUAL_CLK__
Path Type: min

Fanout         Cap        Slew       Delay        Time   Description
---------------------------------------------------------------------------------------------
                      0.000000    0.000000    0.000000   clock __VIRTUAL_CLK__ (rise edge)
                                  0.000000    0.000000   clock network delay (ideal)
                                  2.000000    2.000000 ^ input external delay
     3    0.020815    0.099286    0.064678    2.064678 ^ A[28] (in)
                                                         A[28] (net)
                      0.099286    0.000000    2.064678 ^ _308_/A (sky130_fd_sc_hd__xnor2_2)
     3    0.018049    0.105562    0.159516    2.224194 ^ _308_/Y (sky130_fd_sc_hd__xnor2_2)
                                                         _166_ (net)
                      0.105562    0.000007    2.224201 ^ _313_/A (sky130_fd_sc_hd__xor2_2)
     1    0.036145    0.105623    0.164810    2.389012 v _313_/X (sky130_fd_sc_hd__xor2_2)
                                                         S[28] (net)
                      0.105623    0.000395    2.389406 v S[28] (out)
                                              2.389406   data arrival time

                      0.000000    0.000000    0.000000   clock __VIRTUAL_CLK__ (rise edge)
                                  0.000000    0.000000   clock network delay (ideal)
                                  0.250000    0.250000   clock uncertainty
                                  0.000000    0.250000   clock reconvergence pessimism
                                 -2.000000   -1.750000   output external delay
                                             -1.750000   data required time
---------------------------------------------------------------------------------------------
                                             -1.750000   data required time
                                             -2.389406   data arrival time
---------------------------------------------------------------------------------------------
                                              4.139406   slack (MET)


Startpoint: A[27] (input port clocked by __VIRTUAL_CLK__)
Endpoint: S[27] (output port clocked by __VIRTUAL_CLK__)
Path Group: __VIRTUAL_CLK__
Path Type: min

Fanout         Cap        Slew       Delay        Time   Description
---------------------------------------------------------------------------------------------
                      0.000000    0.000000    0.000000   clock __VIRTUAL_CLK__ (rise edge)
                                  0.000000    0.000000   clock network delay (ideal)
                                  2.000000    2.000000 v input external delay
     2    0.007384    0.018788    0.011356    2.011356 v A[27] (in)
                                                         A[27] (net)
                      0.018788    0.000000    2.011356 v _302_/B1 (sky130_fd_sc_hd__a21oi_2)
     2    0.004606    0.090393    0.092624    2.103981 ^ _302_/Y (sky130_fd_sc_hd__a21oi_2)
                                                         _161_ (net)
                      0.090393    0.000012    2.103993 ^ _303_/B (sky130_fd_sc_hd__or2_2)
     2    0.012650    0.076397    0.140932    2.244925 ^ _303_/X (sky130_fd_sc_hd__or2_2)
                                                         _162_ (net)
                      0.076397    0.000015    2.244939 ^ _306_/A (sky130_fd_sc_hd__xor2_2)
     1    0.035903    0.105107    0.155586    2.400525 v _306_/X (sky130_fd_sc_hd__xor2_2)
                                                         S[27] (net)
                      0.105108    0.000509    2.401035 v S[27] (out)
                                              2.401035   data arrival time

                      0.000000    0.000000    0.000000   clock __VIRTUAL_CLK__ (rise edge)
                                  0.000000    0.000000   clock network delay (ideal)
                                  0.250000    0.250000   clock uncertainty
                                  0.000000    0.250000   clock reconvergence pessimism
                                 -2.000000   -1.750000   output external delay
                                             -1.750000   data required time
---------------------------------------------------------------------------------------------
                                             -1.750000   data required time
                                             -2.401035   data arrival time
---------------------------------------------------------------------------------------------
                                              4.151035   slack (MET)


Startpoint: A[15] (input port clocked by __VIRTUAL_CLK__)
Endpoint: S[15] (output port clocked by __VIRTUAL_CLK__)
Path Group: __VIRTUAL_CLK__
Path Type: min

Fanout         Cap        Slew       Delay        Time   Description
---------------------------------------------------------------------------------------------
                      0.000000    0.000000    0.000000   clock __VIRTUAL_CLK__ (rise edge)
                                  0.000000    0.000000   clock network delay (ideal)
                                  2.000000    2.000000 v input external delay
     2    0.009128    0.022593    0.014058    2.014058 v A[15] (in)
                                                         A[15] (net)
                      0.022594    0.000000    2.014058 v _448_/B1 (sky130_fd_sc_hd__a21oi_2)
     2    0.004590    0.090207    0.093395    2.107453 ^ _448_/Y (sky130_fd_sc_hd__a21oi_2)
                                                         _077_ (net)
                      0.090207    0.000011    2.107465 ^ _208_/B (sky130_fd_sc_hd__or2_2)
     2    0.011869    0.070544    0.138129    2.245593 ^ _208_/X (sky130_fd_sc_hd__or2_2)
                                                         _078_ (net)
                      0.070544    0.000064    2.245657 ^ _368_/A (sky130_fd_sc_hd__xnor2_2)
     1    0.037583    0.170075    0.166447    2.412104 v _368_/Y (sky130_fd_sc_hd__xnor2_2)
                                                         S[15] (net)
                      0.170082    0.000886    2.412990 v S[15] (out)
                                              2.412990   data arrival time

                      0.000000    0.000000    0.000000   clock __VIRTUAL_CLK__ (rise edge)
                                  0.000000    0.000000   clock network delay (ideal)
                                  0.250000    0.250000   clock uncertainty
                                  0.000000    0.250000   clock reconvergence pessimism
                                 -2.000000   -1.750000   output external delay
                                             -1.750000   data required time
---------------------------------------------------------------------------------------------
                                             -1.750000   data required time
                                             -2.412990   data arrival time
---------------------------------------------------------------------------------------------
                                              4.162990   slack (MET)


Startpoint: A[14] (input port clocked by __VIRTUAL_CLK__)
Endpoint: S[14] (output port clocked by __VIRTUAL_CLK__)
Path Group: __VIRTUAL_CLK__
Path Type: min

Fanout         Cap        Slew       Delay        Time   Description
---------------------------------------------------------------------------------------------
                      0.000000    0.000000    0.000000   clock __VIRTUAL_CLK__ (rise edge)
                                  0.000000    0.000000   clock network delay (ideal)
                                  2.000000    2.000000 v input external delay
     2    0.009783    0.024029    0.015080    2.015080 v A[14] (in)
                                                         A[14] (net)
                      0.024030    0.000000    2.015080 v _443_/B1 (sky130_fd_sc_hd__a21oi_2)
     2    0.005263    0.097840    0.098890    2.113970 ^ _443_/Y (sky130_fd_sc_hd__a21oi_2)
                                                         _072_ (net)
                      0.097840    0.000024    2.113993 ^ _444_/B (sky130_fd_sc_hd__or2_2)
     3    0.017384    0.097222    0.159360    2.273353 ^ _444_/X (sky130_fd_sc_hd__or2_2)
                                                         _073_ (net)
                      0.097222    0.000030    2.273383 ^ _366_/A (sky130_fd_sc_hd__xnor2_2)
     1    0.039602    0.178174    0.179065    2.452448 v _366_/Y (sky130_fd_sc_hd__xnor2_2)
                                                         S[14] (net)
                      0.178182    0.000959    2.453407 v S[14] (out)
                                              2.453407   data arrival time

                      0.000000    0.000000    0.000000   clock __VIRTUAL_CLK__ (rise edge)
                                  0.000000    0.000000   clock network delay (ideal)
                                  0.250000    0.250000   clock uncertainty
                                  0.000000    0.250000   clock reconvergence pessimism
                                 -2.000000   -1.750000   output external delay
                                             -1.750000   data required time
---------------------------------------------------------------------------------------------
                                             -1.750000   data required time
                                             -2.453407   data arrival time
---------------------------------------------------------------------------------------------
                                              4.203407   slack (MET)


Startpoint: A[24] (input port clocked by __VIRTUAL_CLK__)
Endpoint: S[24] (output port clocked by __VIRTUAL_CLK__)
Path Group: __VIRTUAL_CLK__
Path Type: min

Fanout         Cap        Slew       Delay        Time   Description
---------------------------------------------------------------------------------------------
                      0.000000    0.000000    0.000000   clock __VIRTUAL_CLK__ (rise edge)
                                  0.000000    0.000000   clock network delay (ideal)
                                  2.000000    2.000000 ^ input external delay
     2    0.009382    0.048661    0.030419    2.030419 ^ A[24] (in)
                                                         A[24] (net)
                      0.048661    0.000000    2.030419 ^ _274_/A (sky130_fd_sc_hd__nand2_2)
     3    0.014499    0.064495    0.068184    2.098603 v _274_/Y (sky130_fd_sc_hd__nand2_2)
                                                         _136_ (net)
                      0.064495    0.000038    2.098641 v _275_/B (sky130_fd_sc_hd__nand2_2)
     3    0.008184    0.054030    0.080266    2.178907 ^ _275_/Y (sky130_fd_sc_hd__nand2_2)
                                                         _137_ (net)
                      0.054030    0.000035    2.178942 ^ _282_/B1 (sky130_fd_sc_hd__a21o_2)
     4    0.016620    0.088541    0.124642    2.303584 ^ _282_/X (sky130_fd_sc_hd__a21o_2)
                                                         _144_ (net)
                      0.088541    0.000012    2.303596 ^ _283_/B (sky130_fd_sc_hd__and2b_2)
     1    0.037721    0.191453    0.254852    2.558448 ^ _283_/X (sky130_fd_sc_hd__and2b_2)
                                                         S[24] (net)
                      0.191453    0.000696    2.559144 ^ S[24] (out)
                                              2.559144   data arrival time

                      0.000000    0.000000    0.000000   clock __VIRTUAL_CLK__ (rise edge)
                                  0.000000    0.000000   clock network delay (ideal)
                                  0.250000    0.250000   clock uncertainty
                                  0.000000    0.250000   clock reconvergence pessimism
                                 -2.000000   -1.750000   output external delay
                                             -1.750000   data required time
---------------------------------------------------------------------------------------------
                                             -1.750000   data required time
                                             -2.559144   data arrival time
---------------------------------------------------------------------------------------------
                                              4.309144   slack (MET)



