                                                                        Cells by Master                                                                         
┏━━━━━━━━━━━━━━━━━━━━━━━━━━━━━━━━━━━━━━━━━━━━━━━━━━━━━━━━━━━━━━━━━━━━━━━━━━━━━━━━━━━━━━━━━━━━━━━━━━━━━━━━━━━━━━━━━━━━━━━━━━━━━━━━━━━┳━━━━━━━━━━━━━━━━━━━━━━━━━━┓
┃ Cell                                                                                                                              ┃ Count                    ┃
┡━━━━━━━━━━━━━━━━━━━━━━━━━━━━━━━━━━━━━━━━━━━━━━━━━━━━━━━━━━━━━━━━━━━━━━━━━━━━━━━━━━━━━━━━━━━━━━━━━━━━━━━━━━━━━━━━━━━━━━━━━━━━━━━━━━━╇━━━━━━━━━━━━━━━━━━━━━━━━━━┩
│ sky130_fd_sc_hd__a2111o_2                                                                                                         │ 1                        │
│ sky130_fd_sc_hd__a211o_2                                                                                                          │ 7                        │
│ sky130_fd_sc_hd__a211o_4                                                                                                          │ 1                        │
│ sky130_fd_sc_hd__a211oi_2                                                                                                         │ 7                        │
│ sky130_fd_sc_hd__a21bo_2                                                                                                          │ 7                        │
│ sky130_fd_sc_hd__a21bo_4                                                                                                          │ 1                        │
│ sky130_fd_sc_hd__a21boi_2                                                                                                         │ 2                        │
│ sky130_fd_sc_hd__a21o_2                                                                                                           │ 16                       │
│ sky130_fd_sc_hd__a21o_4                                                                                                           │ 3                        │
│ sky130_fd_sc_hd__a21oi_2                                                                                                          │ 9                        │
│ sky130_fd_sc_hd__a21oi_4                                                                                                          │ 2                        │
│ sky130_fd_sc_hd__a221o_2                                                                                                          │ 2                        │
│ sky130_fd_sc_hd__a22o_2                                                                                                           │ 6                        │
│ sky130_fd_sc_hd__a22o_4                                                                                                           │ 5                        │
│ sky130_fd_sc_hd__a22oi_2                                                                                                          │ 2                        │
│ sky130_fd_sc_hd__a2bb2o_2                                                                                                         │ 2                        │
│ sky130_fd_sc_hd__a311o_4                                                                                                          │ 1                        │
│ sky130_fd_sc_hd__a31o_2                                                                                                           │ 11                       │
│ sky130_fd_sc_hd__a31o_4                                                                                                           │ 4                        │
│ sky130_fd_sc_hd__a31oi_2                                                                                                          │ 1                        │
│ sky130_fd_sc_hd__a31oi_4                                                                                                          │ 1                        │
│ sky130_fd_sc_hd__a32o_2                                                                                                           │ 3                        │
│ sky130_fd_sc_hd__and2_2                                                                                                           │ 3                        │
│ sky130_fd_sc_hd__and2_4                                                                                                           │ 2                        │
│ sky130_fd_sc_hd__and2b_2                                                                                                          │ 8                        │
│ sky130_fd_sc_hd__and3_2                                                                                                           │ 9                        │
│ sky130_fd_sc_hd__and3_4                                                                                                           │ 3                        │
│ sky130_fd_sc_hd__and3b_2                                                                                                          │ 5                        │
│ sky130_fd_sc_hd__and4_2                                                                                                           │ 4                        │
│ sky130_fd_sc_hd__and4_4                                                                                                           │ 2                        │
│ sky130_fd_sc_hd__buf_12                                                                                                           │ 2                        │
│ sky130_fd_sc_hd__buf_2                                                                                                            │ 22                       │
│ sky130_fd_sc_hd__buf_4                                                                                                            │ 17                       │
│ sky130_fd_sc_hd__buf_6                                                                                                            │ 46                       │
│ sky130_fd_sc_hd__buf_8                                                                                                            │ 8                        │
│ sky130_fd_sc_hd__bufinv_8                                                                                                         │ 1                        │
│ sky130_fd_sc_hd__clkbuf_2                                                                                                         │ 10                       │
│ sky130_fd_sc_hd__clkbuf_4                                                                                                         │ 4                        │
│ sky130_fd_sc_hd__clkdlybuf4s25_1                                                                                                  │ 35                       │
│ sky130_fd_sc_hd__decap_3                                                                                                          │ 925                      │
│ sky130_fd_sc_hd__dlygate4sd1_1                                                                                                    │ 1                        │
│ sky130_fd_sc_hd__dlymetal6s2s_1                                                                                                   │ 8                        │
│ sky130_fd_sc_hd__dlymetal6s4s_1                                                                                                   │ 4                        │
│ sky130_fd_sc_hd__fill_1                                                                                                           │ 134                      │
│ sky130_fd_sc_hd__fill_2                                                                                                           │ 136                      │
│ sky130_fd_sc_hd__inv_2                                                                                                            │ 18                       │
│ sky130_fd_sc_hd__inv_8                                                                                                            │ 1                        │
│ sky130_fd_sc_hd__mux2_2                                                                                                           │ 3                        │
│ sky130_fd_sc_hd__mux2_4                                                                                                           │ 4                        │
│ sky130_fd_sc_hd__nand2_2                                                                                                          │ 22                       │
│ sky130_fd_sc_hd__nand2_4                                                                                                          │ 3                        │
│ sky130_fd_sc_hd__nand2_8                                                                                                          │ 1                        │
│ sky130_fd_sc_hd__nand3_2                                                                                                          │ 3                        │
│ sky130_fd_sc_hd__nand3_4                                                                                                          │ 1                        │
│ sky130_fd_sc_hd__nand3b_2                                                                                                         │ 1                        │
│ sky130_fd_sc_hd__nand4_2                                                                                                          │ 3                        │
│ sky130_fd_sc_hd__nor2_2                                                                                                           │ 9                        │
│ sky130_fd_sc_hd__nor2_4                                                                                                           │ 1                        │
│ sky130_fd_sc_hd__nor3_2                                                                                                           │ 1                        │
│ sky130_fd_sc_hd__nor3b_2                                                                                                          │ 1                        │
│ sky130_fd_sc_hd__nor4_2                                                                                                           │ 1                        │
│ sky130_fd_sc_hd__o211a_2                                                                                                          │ 6                        │
│ sky130_fd_sc_hd__o211a_4                                                                                                          │ 1                        │
│ sky130_fd_sc_hd__o211ai_2                                                                                                         │ 6                        │
│ sky130_fd_sc_hd__o21a_2                                                                                                           │ 8                        │
│ sky130_fd_sc_hd__o21ai_2                                                                                                          │ 2                        │
│ sky130_fd_sc_hd__o21ai_4                                                                                                          │ 1                        │
│ sky130_fd_sc_hd__o21ba_2                                                                                                          │ 2                        │
│ sky130_fd_sc_hd__o21ba_4                                                                                                          │ 1                        │
│ sky130_fd_sc_hd__o21bai_2                                                                                                         │ 4                        │
│ sky130_fd_sc_hd__o21bai_4                                                                                                         │ 1                        │
│ sky130_fd_sc_hd__o221a_2                                                                                                          │ 1                        │
│ sky130_fd_sc_hd__o221a_4                                                                                                          │ 2                        │
│ sky130_fd_sc_hd__o22a_2                                                                                                           │ 3                        │
│ sky130_fd_sc_hd__o22a_4                                                                                                           │ 1                        │
│ sky130_fd_sc_hd__o2bb2a_2                                                                                                         │ 2                        │
│ sky130_fd_sc_hd__o2bb2a_4                                                                                                         │ 3                        │
│ sky130_fd_sc_hd__o31a_2                                                                                                           │ 4                        │
│ sky130_fd_sc_hd__o31a_4                                                                                                           │ 1                        │
│ sky130_fd_sc_hd__o32ai_4                                                                                                          │ 1                        │
│ sky130_fd_sc_hd__or2_2                                                                                                            │ 13                       │
│ sky130_fd_sc_hd__or2_4                                                                                                            │ 4                        │
│ sky130_fd_sc_hd__or2b_2                                                                                                           │ 10                       │
│ sky130_fd_sc_hd__or2b_4                                                                                                           │ 2                        │
│ sky130_fd_sc_hd__or3_2                                                                                                            │ 1                        │
│ sky130_fd_sc_hd__or3_4                                                                                                            │ 4                        │
│ sky130_fd_sc_hd__or3b_2                                                                                                           │ 1                        │
│ sky130_fd_sc_hd__or3b_4                                                                                                           │ 2                        │
│ sky130_fd_sc_hd__or4_4                                                                                                            │ 5                        │
│ sky130_fd_sc_hd__or4b_4                                                                                                           │ 3                        │
│ sky130_fd_sc_hd__tapvpwrvgnd_1                                                                                                    │ 136                      │
│ sky130_fd_sc_hd__xnor2_2                                                                                                          │ 62                       │
│ sky130_fd_sc_hd__xnor2_4                                                                                                          │ 11                       │
│ sky130_fd_sc_hd__xor2_2                                                                                                           │ 10                       │
│ sky130_fd_sc_hd__xor2_4                                                                                                           │ 2                        │
└───────────────────────────────────────────────────────────────────────────────────────────────────────────────────────────────────┴──────────────────────────┘
