
===========================================================================
report_checks -path_delay min (Hold)
============================================================================
======================= min_ss_100C_1v60 Corner ===================================

Startpoint: A[31] (input port clocked by __VIRTUAL_CLK__)
Endpoint: carryOut (output port clocked by __VIRTUAL_CLK__)
Path Group: __VIRTUAL_CLK__
Path Type: min

Fanout         Cap        Slew       Delay        Time   Description
---------------------------------------------------------------------------------------------
                      0.000000    0.000000    0.000000   clock __VIRTUAL_CLK__ (rise edge)
                                  0.000000    0.000000   clock network delay (ideal)
                                  0.800000    0.800000 v input external delay
     1    0.003874    0.022638    0.011968    0.811968 v A[31] (in)
                                                         A[31] (net)
                      0.022638    0.000000    0.811968 v input25/A (sky130_fd_sc_hd__clkdlybuf4s25_1)
     2    0.008366    0.140535    0.470985    1.282954 v input25/X (sky130_fd_sc_hd__clkdlybuf4s25_1)
                                                         net25 (net)
                      0.140535    0.000108    1.283061 v _333_/A (sky130_fd_sc_hd__nand2_2)
     2    0.012216    0.120304    0.156738    1.439799 ^ _333_/Y (sky130_fd_sc_hd__nand2_2)
                                                         _188_ (net)
                      0.120304    0.000132    1.439931 ^ _369_/B1 (sky130_fd_sc_hd__o21ai_2)
     1    0.004773    0.063423    0.118098    1.558029 v _369_/Y (sky130_fd_sc_hd__o21ai_2)
                                                         net98 (net)
                      0.063423    0.000023    1.558051 v output98/A (sky130_fd_sc_hd__buf_6)
     1    0.036830    0.079181    0.234545    1.792596 v output98/X (sky130_fd_sc_hd__buf_6)
                                                         carryOut (net)
                      0.079185    0.000636    1.793232 v carryOut (out)
                                              1.793232   data arrival time

                      0.000000    0.000000    0.000000   clock __VIRTUAL_CLK__ (rise edge)
                                  0.000000    0.000000   clock network delay (ideal)
                                  0.250000    0.250000   clock uncertainty
                                  0.000000    0.250000   clock reconvergence pessimism
                                 -0.800000   -0.550000   output external delay
                                             -0.550000   data required time
---------------------------------------------------------------------------------------------
                                             -0.550000   data required time
                                             -1.793232   data arrival time
---------------------------------------------------------------------------------------------
                                              2.343232   slack (MET)


Startpoint: B[0] (input port clocked by __VIRTUAL_CLK__)
Endpoint: S[1] (output port clocked by __VIRTUAL_CLK__)
Path Group: __VIRTUAL_CLK__
Path Type: min

Fanout         Cap        Slew       Delay        Time   Description
---------------------------------------------------------------------------------------------
                      0.000000    0.000000    0.000000   clock __VIRTUAL_CLK__ (rise edge)
                                  0.000000    0.000000   clock network delay (ideal)
                                  0.800000    0.800000 ^ input external delay
     1    0.003299    0.035570    0.017477    0.817477 ^ B[0] (in)
                                                         B[0] (net)
                      0.035570    0.000000    0.817477 ^ input33/A (sky130_fd_sc_hd__clkbuf_2)
     3    0.023635    0.208594    0.263475    1.080952 ^ input33/X (sky130_fd_sc_hd__clkbuf_2)
                                                         net33 (net)
                      0.208594    0.000254    1.081206 ^ _338_/S (sky130_fd_sc_hd__mux2_4)
     1    0.009160    0.087394    0.360847    1.442053 ^ _338_/X (sky130_fd_sc_hd__mux2_4)
                                                         _191_ (net)
                      0.087394    0.000097    1.442151 ^ _339_/B (sky130_fd_sc_hd__xnor2_2)
     1    0.005098    0.077117    0.122076    1.564227 v _339_/Y (sky130_fd_sc_hd__xnor2_2)
                                                         net77 (net)
                      0.077117    0.000052    1.564279 v output77/A (sky130_fd_sc_hd__buf_6)
     1    0.035935    0.078056    0.239577    1.803856 v output77/X (sky130_fd_sc_hd__buf_6)
                                                         S[1] (net)
                      0.078058    0.000454    1.804310 v S[1] (out)
                                              1.804310   data arrival time

                      0.000000    0.000000    0.000000   clock __VIRTUAL_CLK__ (rise edge)
                                  0.000000    0.000000   clock network delay (ideal)
                                  0.250000    0.250000   clock uncertainty
                                  0.000000    0.250000   clock reconvergence pessimism
                                 -0.800000   -0.550000   output external delay
                                             -0.550000   data required time
---------------------------------------------------------------------------------------------
                                             -0.550000   data required time
                                             -1.804310   data arrival time
---------------------------------------------------------------------------------------------
                                              2.354310   slack (MET)


Startpoint: A[24] (input port clocked by __VIRTUAL_CLK__)
Endpoint: S[25] (output port clocked by __VIRTUAL_CLK__)
Path Group: __VIRTUAL_CLK__
Path Type: min

Fanout         Cap        Slew       Delay        Time   Description
---------------------------------------------------------------------------------------------
                      0.000000    0.000000    0.000000   clock __VIRTUAL_CLK__ (rise edge)
                                  0.000000    0.000000   clock network delay (ideal)
                                  0.800000    0.800000 ^ input external delay
     1    0.004085    0.040903    0.021438    0.821438 ^ A[24] (in)
                                                         A[24] (net)
                      0.040903    0.000000    0.821438 ^ input17/A (sky130_fd_sc_hd__clkdlybuf4s25_1)
     2    0.007872    0.147727    0.481307    1.302745 ^ input17/X (sky130_fd_sc_hd__clkdlybuf4s25_1)
                                                         net17 (net)
                      0.147727    0.000098    1.302844 ^ _274_/A (sky130_fd_sc_hd__nand2_2)
     3    0.013243    0.130029    0.163698    1.466542 v _274_/Y (sky130_fd_sc_hd__nand2_2)
                                                         _136_ (net)
                      0.130029    0.000183    1.466725 v _289_/A (sky130_fd_sc_hd__nand2_2)
     1    0.008702    0.097692    0.132808    1.599533 ^ _289_/Y (sky130_fd_sc_hd__nand2_2)
                                                         _150_ (net)
                      0.097692    0.000033    1.599566 ^ _290_/B (sky130_fd_sc_hd__xnor2_2)
     1    0.007585    0.097827    0.141560    1.741126 v _290_/Y (sky130_fd_sc_hd__xnor2_2)
                                                         net83 (net)
                      0.097827    0.000164    1.741289 v output83/A (sky130_fd_sc_hd__buf_6)
     1    0.035727    0.077794    0.248755    1.990045 v output83/X (sky130_fd_sc_hd__buf_6)
                                                         S[25] (net)
                      0.077799    0.000644    1.990689 v S[25] (out)
                                              1.990689   data arrival time

                      0.000000    0.000000    0.000000   clock __VIRTUAL_CLK__ (rise edge)
                                  0.000000    0.000000   clock network delay (ideal)
                                  0.250000    0.250000   clock uncertainty
                                  0.000000    0.250000   clock reconvergence pessimism
                                 -0.800000   -0.550000   output external delay
                                             -0.550000   data required time
---------------------------------------------------------------------------------------------
                                             -0.550000   data required time
                                             -1.990689   data arrival time
---------------------------------------------------------------------------------------------
                                              2.540689   slack (MET)


Startpoint: A[12] (input port clocked by __VIRTUAL_CLK__)
Endpoint: S[13] (output port clocked by __VIRTUAL_CLK__)
Path Group: __VIRTUAL_CLK__
Path Type: min

Fanout         Cap        Slew       Delay        Time   Description
---------------------------------------------------------------------------------------------
                      0.000000    0.000000    0.000000   clock __VIRTUAL_CLK__ (rise edge)
                                  0.000000    0.000000   clock network delay (ideal)
                                  0.800000    0.800000 ^ input external delay
     1    0.004107    0.041051    0.021544    0.821544 ^ A[12] (in)
                                                         A[12] (net)
                      0.041051    0.000000    0.821544 ^ input4/A (sky130_fd_sc_hd__clkdlybuf4s25_1)
     2    0.007782    0.146377    0.480396    1.301940 ^ input4/X (sky130_fd_sc_hd__clkdlybuf4s25_1)
                                                         net4 (net)
                      0.146377    0.000128    1.302068 ^ _432_/A (sky130_fd_sc_hd__nand2_2)
     3    0.018459    0.169660    0.194005    1.496074 v _432_/Y (sky130_fd_sc_hd__nand2_2)
                                                         _061_ (net)
                      0.169660    0.000251    1.496324 v _362_/B1 (sky130_fd_sc_hd__o21ai_4)
     1    0.009356    0.096137    0.138443    1.634768 ^ _362_/Y (sky130_fd_sc_hd__o21ai_4)
                                                         _203_ (net)
                      0.096137    0.000102    1.634869 ^ _363_/B (sky130_fd_sc_hd__xnor2_2)
     1    0.005033    0.076935    0.124452    1.759321 v _363_/Y (sky130_fd_sc_hd__xnor2_2)
                                                         net70 (net)
                      0.076935    0.000051    1.759372 v output70/A (sky130_fd_sc_hd__buf_6)
     1    0.035276    0.077223    0.238729    1.998101 v output70/X (sky130_fd_sc_hd__buf_6)
                                                         S[13] (net)
                      0.077226    0.000546    1.998647 v S[13] (out)
                                              1.998647   data arrival time

                      0.000000    0.000000    0.000000   clock __VIRTUAL_CLK__ (rise edge)
                                  0.000000    0.000000   clock network delay (ideal)
                                  0.250000    0.250000   clock uncertainty
                                  0.000000    0.250000   clock reconvergence pessimism
                                 -0.800000   -0.550000   output external delay
                                             -0.550000   data required time
---------------------------------------------------------------------------------------------
                                             -0.550000   data required time
                                             -1.998647   data arrival time
---------------------------------------------------------------------------------------------
                                              2.548647   slack (MET)


Startpoint: A[16] (input port clocked by __VIRTUAL_CLK__)
Endpoint: S[17] (output port clocked by __VIRTUAL_CLK__)
Path Group: __VIRTUAL_CLK__
Path Type: min

Fanout         Cap        Slew       Delay        Time   Description
---------------------------------------------------------------------------------------------
                      0.000000    0.000000    0.000000   clock __VIRTUAL_CLK__ (rise edge)
                                  0.000000    0.000000   clock network delay (ideal)
                                  0.800000    0.800000 ^ input external delay
     1    0.003364    0.036011    0.017819    0.817819 ^ A[16] (in)
                                                         A[16] (net)
                      0.036011    0.000000    0.817819 ^ input8/A (sky130_fd_sc_hd__clkdlybuf4s25_1)
     3    0.011314    0.199740    0.516168    1.333986 ^ input8/X (sky130_fd_sc_hd__clkdlybuf4s25_1)
                                                         net8 (net)
                      0.199740    0.000125    1.334111 ^ _216_/A (sky130_fd_sc_hd__nand2_2)
     2    0.013684    0.138360    0.186191    1.520301 v _216_/Y (sky130_fd_sc_hd__nand2_2)
                                                         _086_ (net)
                      0.138360    0.000087    1.520388 v _222_/B1 (sky130_fd_sc_hd__o21ai_4)
     1    0.008671    0.088869    0.122468    1.642856 ^ _222_/Y (sky130_fd_sc_hd__o21ai_4)
                                                         _091_ (net)
                      0.088869    0.000033    1.642889 ^ _223_/B (sky130_fd_sc_hd__xnor2_2)
     1    0.004798    0.074774    0.120599    1.763488 v _223_/Y (sky130_fd_sc_hd__xnor2_2)
                                                         net74 (net)
                      0.074774    0.000043    1.763531 v output74/A (sky130_fd_sc_hd__buf_6)
     1    0.034961    0.076820    0.237480    2.001012 v output74/X (sky130_fd_sc_hd__buf_6)
                                                         S[17] (net)
                      0.076822    0.000476    2.001488 v S[17] (out)
                                              2.001488   data arrival time

                      0.000000    0.000000    0.000000   clock __VIRTUAL_CLK__ (rise edge)
                                  0.000000    0.000000   clock network delay (ideal)
                                  0.250000    0.250000   clock uncertainty
                                  0.000000    0.250000   clock reconvergence pessimism
                                 -0.800000   -0.550000   output external delay
                                             -0.550000   data required time
---------------------------------------------------------------------------------------------
                                             -0.550000   data required time
                                             -2.001488   data arrival time
---------------------------------------------------------------------------------------------
                                              2.551487   slack (MET)


Startpoint: A[2] (input port clocked by __VIRTUAL_CLK__)
Endpoint: S[3] (output port clocked by __VIRTUAL_CLK__)
Path Group: __VIRTUAL_CLK__
Path Type: min

Fanout         Cap        Slew       Delay        Time   Description
---------------------------------------------------------------------------------------------
                      0.000000    0.000000    0.000000   clock __VIRTUAL_CLK__ (rise edge)
                                  0.000000    0.000000   clock network delay (ideal)
                                  0.800000    0.800000 ^ input external delay
     1    0.003355    0.035948    0.017761    0.817761 ^ A[2] (in)
                                                         A[2] (net)
                      0.035948    0.000000    0.817761 ^ input23/A (sky130_fd_sc_hd__clkdlybuf4s25_1)
     2    0.008009    0.149782    0.480779    1.298541 ^ input23/X (sky130_fd_sc_hd__clkdlybuf4s25_1)
                                                         net23 (net)
                      0.149782    0.000067    1.298608 ^ _420_/B1 (sky130_fd_sc_hd__a21oi_2)
     3    0.016265    0.088525    0.125086    1.423694 v _420_/Y (sky130_fd_sc_hd__a21oi_2)
                                                         _049_ (net)
                      0.088525    0.000218    1.423912 v _342_/B1 (sky130_fd_sc_hd__a21oi_4)
     1    0.008814    0.160515    0.197779    1.621691 ^ _342_/Y (sky130_fd_sc_hd__a21oi_4)
                                                         _193_ (net)
                      0.160515    0.000042    1.621733 ^ _343_/B (sky130_fd_sc_hd__xnor2_2)
     1    0.004548    0.077886    0.141880    1.763613 v _343_/Y (sky130_fd_sc_hd__xnor2_2)
                                                         net91 (net)
                      0.077886    0.000017    1.763630 v output91/A (sky130_fd_sc_hd__buf_6)
     1    0.034310    0.076032    0.238243    2.001873 v output91/X (sky130_fd_sc_hd__buf_6)
                                                         S[3] (net)
                      0.076032    0.000188    2.002062 v S[3] (out)
                                              2.002062   data arrival time

                      0.000000    0.000000    0.000000   clock __VIRTUAL_CLK__ (rise edge)
                                  0.000000    0.000000   clock network delay (ideal)
                                  0.250000    0.250000   clock uncertainty
                                  0.000000    0.250000   clock reconvergence pessimism
                                 -0.800000   -0.550000   output external delay
                                             -0.550000   data required time
---------------------------------------------------------------------------------------------
                                             -0.550000   data required time
                                             -2.002062   data arrival time
---------------------------------------------------------------------------------------------
                                              2.552062   slack (MET)


Startpoint: B[0] (input port clocked by __VIRTUAL_CLK__)
Endpoint: S[0] (output port clocked by __VIRTUAL_CLK__)
Path Group: __VIRTUAL_CLK__
Path Type: min

Fanout         Cap        Slew       Delay        Time   Description
---------------------------------------------------------------------------------------------
                      0.000000    0.000000    0.000000   clock __VIRTUAL_CLK__ (rise edge)
                                  0.000000    0.000000   clock network delay (ideal)
                                  0.800000    0.800000 ^ input external delay
     1    0.003299    0.035570    0.017477    0.817477 ^ B[0] (in)
                                                         B[0] (net)
                      0.035570    0.000000    0.817477 ^ input33/A (sky130_fd_sc_hd__clkbuf_2)
     3    0.023635    0.208594    0.263475    1.080952 ^ input33/X (sky130_fd_sc_hd__clkbuf_2)
                                                         net33 (net)
                      0.208594    0.000157    1.081109 ^ _337_/B (sky130_fd_sc_hd__xor2_2)
     1    0.004333    0.061434    0.163395    1.244503 v _337_/X (sky130_fd_sc_hd__xor2_2)
                                                         net66 (net)
                      0.061434    0.000069    1.244573 v output66/A (sky130_fd_sc_hd__clkdlybuf4s25_1)
     1    0.037969    0.510679    0.758934    2.003507 v output66/X (sky130_fd_sc_hd__clkdlybuf4s25_1)
                                                         S[0] (net)
                      0.510679    0.000669    2.004175 v S[0] (out)
                                              2.004175   data arrival time

                      0.000000    0.000000    0.000000   clock __VIRTUAL_CLK__ (rise edge)
                                  0.000000    0.000000   clock network delay (ideal)
                                  0.250000    0.250000   clock uncertainty
                                  0.000000    0.250000   clock reconvergence pessimism
                                 -0.800000   -0.550000   output external delay
                                             -0.550000   data required time
---------------------------------------------------------------------------------------------
                                             -0.550000   data required time
                                             -2.004175   data arrival time
---------------------------------------------------------------------------------------------
                                              2.554175   slack (MET)


Startpoint: A[31] (input port clocked by __VIRTUAL_CLK__)
Endpoint: S[31] (output port clocked by __VIRTUAL_CLK__)
Path Group: __VIRTUAL_CLK__
Path Type: min

Fanout         Cap        Slew       Delay        Time   Description
---------------------------------------------------------------------------------------------
                      0.000000    0.000000    0.000000   clock __VIRTUAL_CLK__ (rise edge)
                                  0.000000    0.000000   clock network delay (ideal)
                                  0.800000    0.800000 ^ input external delay
     1    0.004051    0.040670    0.021255    0.821255 ^ A[31] (in)
                                                         A[31] (net)
                      0.040670    0.000000    0.821255 ^ input25/A (sky130_fd_sc_hd__clkdlybuf4s25_1)
     2    0.008701    0.160212    0.490075    1.311330 ^ input25/X (sky130_fd_sc_hd__clkdlybuf4s25_1)
                                                         net25 (net)
                      0.160212    0.000112    1.311442 ^ _333_/A (sky130_fd_sc_hd__nand2_2)
     2    0.011592    0.117908    0.158596    1.470038 v _333_/Y (sky130_fd_sc_hd__nand2_2)
                                                         _188_ (net)
                      0.117908    0.000053    1.470091 v _334_/B (sky130_fd_sc_hd__nand2_2)
     2    0.015759    0.145349    0.179328    1.649420 ^ _334_/Y (sky130_fd_sc_hd__nand2_2)
                                                         _189_ (net)
                      0.145349    0.000053    1.649473 ^ _336_/A (sky130_fd_sc_hd__xor2_2)
     1    0.004587    0.062156    0.151411    1.800884 v _336_/X (sky130_fd_sc_hd__xor2_2)
                                                         net90 (net)
                      0.062156    0.000017    1.800901 v output90/A (sky130_fd_sc_hd__buf_6)
     1    0.036122    0.078311    0.233407    2.034307 v output90/X (sky130_fd_sc_hd__buf_6)
                                                         S[31] (net)
                      0.078311    0.000238    2.034545 v S[31] (out)
                                              2.034545   data arrival time

                      0.000000    0.000000    0.000000   clock __VIRTUAL_CLK__ (rise edge)
                                  0.000000    0.000000   clock network delay (ideal)
                                  0.250000    0.250000   clock uncertainty
                                  0.000000    0.250000   clock reconvergence pessimism
                                 -0.800000   -0.550000   output external delay
                                             -0.550000   data required time
---------------------------------------------------------------------------------------------
                                             -0.550000   data required time
                                             -2.034545   data arrival time
---------------------------------------------------------------------------------------------
                                              2.584545   slack (MET)


Startpoint: A[1] (input port clocked by __VIRTUAL_CLK__)
Endpoint: S[2] (output port clocked by __VIRTUAL_CLK__)
Path Group: __VIRTUAL_CLK__
Path Type: min

Fanout         Cap        Slew       Delay        Time   Description
---------------------------------------------------------------------------------------------
                      0.000000    0.000000    0.000000   clock __VIRTUAL_CLK__ (rise edge)
                                  0.000000    0.000000   clock network delay (ideal)
                                  0.800000    0.800000 ^ input external delay
     1    0.002423    0.029768    0.013092    0.813092 ^ A[1] (in)
                                                         A[1] (net)
                      0.029768    0.000000    0.813092 ^ input12/A (sky130_fd_sc_hd__dlymetal6s4s_1)
     4    0.030528    0.491741    0.553801    1.366893 ^ input12/X (sky130_fd_sc_hd__dlymetal6s4s_1)
                                                         net12 (net)
                      0.491741    0.000248    1.367141 ^ _418_/A1 (sky130_fd_sc_hd__a21oi_2)
     1    0.004990    0.050943    0.232754    1.599895 v _418_/Y (sky130_fd_sc_hd__a21oi_2)
                                                         _047_ (net)
                      0.050943    0.000050    1.599945 v _340_/A (sky130_fd_sc_hd__nand2_2)
     1    0.009364    0.093196    0.101684    1.701629 ^ _340_/Y (sky130_fd_sc_hd__nand2_2)
                                                         _192_ (net)
                      0.093196    0.000106    1.701735 ^ _341_/B (sky130_fd_sc_hd__xnor2_2)
     1    0.004705    0.074208    0.121380    1.823115 v _341_/Y (sky130_fd_sc_hd__xnor2_2)
                                                         net88 (net)
                      0.074208    0.000040    1.823155 v output88/A (sky130_fd_sc_hd__buf_6)
     1    0.034235    0.075931    0.236573    2.059728 v output88/X (sky130_fd_sc_hd__buf_6)
                                                         S[2] (net)
                      0.075931    0.000179    2.059907 v S[2] (out)
                                              2.059907   data arrival time

                      0.000000    0.000000    0.000000   clock __VIRTUAL_CLK__ (rise edge)
                                  0.000000    0.000000   clock network delay (ideal)
                                  0.250000    0.250000   clock uncertainty
                                  0.000000    0.250000   clock reconvergence pessimism
                                 -0.800000   -0.550000   output external delay
                                             -0.550000   data required time
---------------------------------------------------------------------------------------------
                                             -0.550000   data required time
                                             -2.059907   data arrival time
---------------------------------------------------------------------------------------------
                                              2.609907   slack (MET)


Startpoint: A[7] (input port clocked by __VIRTUAL_CLK__)
Endpoint: S[7] (output port clocked by __VIRTUAL_CLK__)
Path Group: __VIRTUAL_CLK__
Path Type: min

Fanout         Cap        Slew       Delay        Time   Description
---------------------------------------------------------------------------------------------
                      0.000000    0.000000    0.000000   clock __VIRTUAL_CLK__ (rise edge)
                                  0.000000    0.000000   clock network delay (ideal)
                                  0.800000    0.800000 ^ input external delay
     1    0.003775    0.038790    0.019880    0.819880 ^ A[7] (in)
                                                         A[7] (net)
                      0.038790    0.000000    0.819880 ^ input30/A (sky130_fd_sc_hd__clkdlybuf4s25_1)
     3    0.018010    0.301999    0.587716    1.407596 ^ input30/X (sky130_fd_sc_hd__clkdlybuf4s25_1)
                                                         net30 (net)
                      0.301999    0.000326    1.407922 ^ _401_/A (sky130_fd_sc_hd__xnor2_2)
     2    0.012423    0.122845    0.314950    1.722872 ^ _401_/Y (sky130_fd_sc_hd__xnor2_2)
                                                         _030_ (net)
                      0.122845    0.000179    1.723051 ^ _351_/A (sky130_fd_sc_hd__xnor2_2)
     1    0.004878    0.075027    0.151674    1.874725 v _351_/Y (sky130_fd_sc_hd__xnor2_2)
                                                         net95 (net)
                      0.075027    0.000042    1.874767 v output95/A (sky130_fd_sc_hd__buf_6)
     1    0.036602    0.078943    0.239491    2.114259 v output95/X (sky130_fd_sc_hd__buf_6)
                                                         S[7] (net)
                      0.078943    0.000280    2.114538 v S[7] (out)
                                              2.114538   data arrival time

                      0.000000    0.000000    0.000000   clock __VIRTUAL_CLK__ (rise edge)
                                  0.000000    0.000000   clock network delay (ideal)
                                  0.250000    0.250000   clock uncertainty
                                  0.000000    0.250000   clock reconvergence pessimism
                                 -0.800000   -0.550000   output external delay
                                             -0.550000   data required time
---------------------------------------------------------------------------------------------
                                             -0.550000   data required time
                                             -2.114538   data arrival time
---------------------------------------------------------------------------------------------
                                              2.664538   slack (MET)


Startpoint: A[8] (input port clocked by __VIRTUAL_CLK__)
Endpoint: S[8] (output port clocked by __VIRTUAL_CLK__)
Path Group: __VIRTUAL_CLK__
Path Type: min

Fanout         Cap        Slew       Delay        Time   Description
---------------------------------------------------------------------------------------------
                      0.000000    0.000000    0.000000   clock __VIRTUAL_CLK__ (rise edge)
                                  0.000000    0.000000   clock network delay (ideal)
                                  0.800000    0.800000 ^ input external delay
     1    0.004462    0.043491    0.023305    0.823305 ^ A[8] (in)
                                                         A[8] (net)
                      0.043491    0.000000    0.823305 ^ input31/A (sky130_fd_sc_hd__clkdlybuf4s25_1)
     2    0.015916    0.269715    0.567756    1.391061 ^ input31/X (sky130_fd_sc_hd__clkdlybuf4s25_1)
                                                         net31 (net)
                      0.269715    0.000200    1.391261 ^ _377_/A (sky130_fd_sc_hd__xnor2_2)
     3    0.017182    0.157298    0.330093    1.721355 ^ _377_/Y (sky130_fd_sc_hd__xnor2_2)
                                                         _006_ (net)
                      0.157298    0.000089    1.721443 ^ _354_/A (sky130_fd_sc_hd__xor2_2)
     1    0.005270    0.064950    0.159955    1.881399 v _354_/X (sky130_fd_sc_hd__xor2_2)
                                                         net96 (net)
                      0.064950    0.000038    1.881437 v output96/A (sky130_fd_sc_hd__buf_6)
     1    0.036845    0.079253    0.235352    2.116789 v output96/X (sky130_fd_sc_hd__buf_6)
                                                         S[8] (net)
                      0.079253    0.000360    2.117148 v S[8] (out)
                                              2.117148   data arrival time

                      0.000000    0.000000    0.000000   clock __VIRTUAL_CLK__ (rise edge)
                                  0.000000    0.000000   clock network delay (ideal)
                                  0.250000    0.250000   clock uncertainty
                                  0.000000    0.250000   clock reconvergence pessimism
                                 -0.800000   -0.550000   output external delay
                                             -0.550000   data required time
---------------------------------------------------------------------------------------------
                                             -0.550000   data required time
                                             -2.117148   data arrival time
---------------------------------------------------------------------------------------------
                                              2.667148   slack (MET)


Startpoint: A[26] (input port clocked by __VIRTUAL_CLK__)
Endpoint: S[26] (output port clocked by __VIRTUAL_CLK__)
Path Group: __VIRTUAL_CLK__
Path Type: min

Fanout         Cap        Slew       Delay        Time   Description
---------------------------------------------------------------------------------------------
                      0.000000    0.000000    0.000000   clock __VIRTUAL_CLK__ (rise edge)
                                  0.000000    0.000000   clock network delay (ideal)
                                  0.800000    0.800000 v input external delay
     1    0.005167    0.027779    0.015856    0.815856 v A[26] (in)
                                                         A[26] (net)
                      0.027779    0.000000    0.815856 v input19/A (sky130_fd_sc_hd__clkdlybuf4s25_1)
     2    0.008773    0.149035    0.477225    1.293080 v input19/X (sky130_fd_sc_hd__clkdlybuf4s25_1)
                                                         net19 (net)
                      0.149035    0.000037    1.293117 v _294_/A (sky130_fd_sc_hd__nand3_2)
     2    0.008799    0.101877    0.145963    1.439080 ^ _294_/Y (sky130_fd_sc_hd__nand3_2)
                                                         _154_ (net)
                      0.101877    0.000086    1.439166 ^ _295_/B (sky130_fd_sc_hd__nand2b_2)
     3    0.016024    0.153507    0.179368    1.618534 v _295_/Y (sky130_fd_sc_hd__nand2b_2)
                                                         _155_ (net)
                      0.153507    0.000169    1.618703 v _298_/A (sky130_fd_sc_hd__xnor2_2)
     1    0.006046    0.079110    0.282891    1.901594 ^ _298_/Y (sky130_fd_sc_hd__xnor2_2)
                                                         net84 (net)
                      0.079110    0.000071    1.901666 ^ output84/A (sky130_fd_sc_hd__buf_6)
     1    0.035579    0.126587    0.218088    2.119754 ^ output84/X (sky130_fd_sc_hd__buf_6)
                                                         S[26] (net)
                      0.126590    0.000821    2.120575 ^ S[26] (out)
                                              2.120575   data arrival time

                      0.000000    0.000000    0.000000   clock __VIRTUAL_CLK__ (rise edge)
                                  0.000000    0.000000   clock network delay (ideal)
                                  0.250000    0.250000   clock uncertainty
                                  0.000000    0.250000   clock reconvergence pessimism
                                 -0.800000   -0.550000   output external delay
                                             -0.550000   data required time
---------------------------------------------------------------------------------------------
                                             -0.550000   data required time
                                             -2.120575   data arrival time
---------------------------------------------------------------------------------------------
                                              2.670574   slack (MET)


Startpoint: A[27] (input port clocked by __VIRTUAL_CLK__)
Endpoint: S[27] (output port clocked by __VIRTUAL_CLK__)
Path Group: __VIRTUAL_CLK__
Path Type: min

Fanout         Cap        Slew       Delay        Time   Description
---------------------------------------------------------------------------------------------
                      0.000000    0.000000    0.000000   clock __VIRTUAL_CLK__ (rise edge)
                                  0.000000    0.000000   clock network delay (ideal)
                                  0.800000    0.800000 v input external delay
     1    0.003940    0.022899    0.012176    0.812176 v A[27] (in)
                                                         A[27] (net)
                      0.022899    0.000000    0.812176 v input20/A (sky130_fd_sc_hd__clkdlybuf4s25_1)
     2    0.006263    0.115124    0.450120    1.262295 v input20/X (sky130_fd_sc_hd__clkdlybuf4s25_1)
                                                         net20 (net)
                      0.115124    0.000056    1.262352 v _302_/B1 (sky130_fd_sc_hd__a21oi_2)
     2    0.004652    0.147901    0.187910    1.450261 ^ _302_/Y (sky130_fd_sc_hd__a21oi_2)
                                                         _161_ (net)
                      0.147901    0.000006    1.450267 ^ _303_/B (sky130_fd_sc_hd__or2_2)
     2    0.013603    0.126680    0.261040    1.711308 ^ _303_/X (sky130_fd_sc_hd__or2_2)
                                                         _162_ (net)
                      0.126680    0.000163    1.711471 ^ _306_/A (sky130_fd_sc_hd__xor2_2)
     1    0.003718    0.058128    0.138997    1.850468 v _306_/X (sky130_fd_sc_hd__xor2_2)
                                                         net85 (net)
                      0.058128    0.000050    1.850518 v output85/A (sky130_fd_sc_hd__buf_4)
     1    0.035024    0.104498    0.285703    2.136221 v output85/X (sky130_fd_sc_hd__buf_4)
                                                         S[27] (net)
                      0.104499    0.000502    2.136723 v S[27] (out)
                                              2.136723   data arrival time

                      0.000000    0.000000    0.000000   clock __VIRTUAL_CLK__ (rise edge)
                                  0.000000    0.000000   clock network delay (ideal)
                                  0.250000    0.250000   clock uncertainty
                                  0.000000    0.250000   clock reconvergence pessimism
                                 -0.800000   -0.550000   output external delay
                                             -0.550000   data required time
---------------------------------------------------------------------------------------------
                                             -0.550000   data required time
                                             -2.136723   data arrival time
---------------------------------------------------------------------------------------------
                                              2.686723   slack (MET)


Startpoint: A[8] (input port clocked by __VIRTUAL_CLK__)
Endpoint: S[9] (output port clocked by __VIRTUAL_CLK__)
Path Group: __VIRTUAL_CLK__
Path Type: min

Fanout         Cap        Slew       Delay        Time   Description
---------------------------------------------------------------------------------------------
                      0.000000    0.000000    0.000000   clock __VIRTUAL_CLK__ (rise edge)
                                  0.000000    0.000000   clock network delay (ideal)
                                  0.800000    0.800000 v input external delay
     1    0.004285    0.024267    0.013188    0.813188 v A[8] (in)
                                                         A[8] (net)
                      0.024267    0.000000    0.813188 v input31/A (sky130_fd_sc_hd__clkdlybuf4s25_1)
     2    0.015070    0.221004    0.536348    1.349536 v input31/X (sky130_fd_sc_hd__clkdlybuf4s25_1)
                                                         net31 (net)
                      0.221004    0.000123    1.349659 v _376_/A (sky130_fd_sc_hd__nand2_2)
     3    0.020224    0.180155    0.235918    1.585577 ^ _376_/Y (sky130_fd_sc_hd__nand2_2)
                                                         _005_ (net)
                      0.180155    0.000427    1.586004 ^ _355_/A (sky130_fd_sc_hd__nand2_4)
     1    0.010243    0.065861    0.124698    1.710701 v _355_/Y (sky130_fd_sc_hd__nand2_4)
                                                         _200_ (net)
                      0.065861    0.000165    1.710867 v _356_/B (sky130_fd_sc_hd__xnor2_2)
     1    0.005694    0.076746    0.204522    1.915389 ^ _356_/Y (sky130_fd_sc_hd__xnor2_2)
                                                         net97 (net)
                      0.076746    0.000040    1.915429 ^ output97/A (sky130_fd_sc_hd__buf_6)
     1    0.037471    0.132096    0.221084    2.136513 ^ output97/X (sky130_fd_sc_hd__buf_6)
                                                         S[9] (net)
                      0.132096    0.000581    2.137094 ^ S[9] (out)
                                              2.137094   data arrival time

                      0.000000    0.000000    0.000000   clock __VIRTUAL_CLK__ (rise edge)
                                  0.000000    0.000000   clock network delay (ideal)
                                  0.250000    0.250000   clock uncertainty
                                  0.000000    0.250000   clock reconvergence pessimism
                                 -0.800000   -0.550000   output external delay
                                             -0.550000   data required time
---------------------------------------------------------------------------------------------
                                             -0.550000   data required time
                                             -2.137094   data arrival time
---------------------------------------------------------------------------------------------
                                              2.687094   slack (MET)


Startpoint: A[19] (input port clocked by __VIRTUAL_CLK__)
Endpoint: S[19] (output port clocked by __VIRTUAL_CLK__)
Path Group: __VIRTUAL_CLK__
Path Type: min

Fanout         Cap        Slew       Delay        Time   Description
---------------------------------------------------------------------------------------------
                      0.000000    0.000000    0.000000   clock __VIRTUAL_CLK__ (rise edge)
                                  0.000000    0.000000   clock network delay (ideal)
                                  0.800000    0.800000 ^ input external delay
     1    0.004066    0.040773    0.021335    0.821335 ^ A[19] (in)
                                                         A[19] (net)
                      0.040773    0.000000    0.821335 ^ input11/A (sky130_fd_sc_hd__clkdlybuf4s25_1)
     2    0.009771    0.181014    0.501644    1.322979 ^ input11/X (sky130_fd_sc_hd__clkdlybuf4s25_1)
                                                         net11 (net)
                      0.181014    0.000026    1.323005 ^ _236_/A (sky130_fd_sc_hd__nand3_2)
     2    0.008431    0.150977    0.188956    1.511961 v _236_/Y (sky130_fd_sc_hd__nand3_2)
                                                         _103_ (net)
                      0.150977    0.000130    1.512091 v _237_/B (sky130_fd_sc_hd__nand2b_2)
     2    0.012899    0.126950    0.175985    1.688076 ^ _237_/Y (sky130_fd_sc_hd__nand2b_2)
                                                         _104_ (net)
                      0.126950    0.000115    1.688190 ^ _241_/A (sky130_fd_sc_hd__xor2_2)
     1    0.003853    0.058768    0.140010    1.828200 v _241_/X (sky130_fd_sc_hd__xor2_2)
                                                         net76 (net)
                      0.058768    0.000055    1.828255 v output76/A (sky130_fd_sc_hd__clkbuf_2)
     1    0.035166    0.246778    0.319312    2.147567 v output76/X (sky130_fd_sc_hd__clkbuf_2)
                                                         S[19] (net)
                      0.246778    0.000367    2.147934 v S[19] (out)
                                              2.147934   data arrival time

                      0.000000    0.000000    0.000000   clock __VIRTUAL_CLK__ (rise edge)
                                  0.000000    0.000000   clock network delay (ideal)
                                  0.250000    0.250000   clock uncertainty
                                  0.000000    0.250000   clock reconvergence pessimism
                                 -0.800000   -0.550000   output external delay
                                             -0.550000   data required time
---------------------------------------------------------------------------------------------
                                             -0.550000   data required time
                                             -2.147934   data arrival time
---------------------------------------------------------------------------------------------
                                              2.697933   slack (MET)


Startpoint: A[4] (input port clocked by __VIRTUAL_CLK__)
Endpoint: S[4] (output port clocked by __VIRTUAL_CLK__)
Path Group: __VIRTUAL_CLK__
Path Type: min

Fanout         Cap        Slew       Delay        Time   Description
---------------------------------------------------------------------------------------------
                      0.000000    0.000000    0.000000   clock __VIRTUAL_CLK__ (rise edge)
                                  0.000000    0.000000   clock network delay (ideal)
                                  0.800000    0.800000 ^ input external delay
     1    0.005828    0.052810    0.030103    0.830103 ^ A[4] (in)
                                                         A[4] (net)
                      0.052810    0.000000    0.830103 ^ input27/A (sky130_fd_sc_hd__clkdlybuf4s25_1)
     2    0.016908    0.285041    0.581905    1.412008 ^ input27/X (sky130_fd_sc_hd__clkdlybuf4s25_1)
                                                         net27 (net)
                      0.285041    0.000315    1.412323 ^ _400_/A (sky130_fd_sc_hd__xnor2_2)
     3    0.019958    0.177524    0.348715    1.761038 ^ _400_/Y (sky130_fd_sc_hd__xnor2_2)
                                                         _029_ (net)
                      0.177524    0.000175    1.761213 ^ _345_/A (sky130_fd_sc_hd__xor2_2)
     1    0.005213    0.064768    0.166942    1.928155 v _345_/X (sky130_fd_sc_hd__xor2_2)
                                                         net92 (net)
                      0.064768    0.000055    1.928209 v output92/A (sky130_fd_sc_hd__buf_6)
     1    0.034991    0.076842    0.233250    2.161459 v output92/X (sky130_fd_sc_hd__buf_6)
                                                         S[4] (net)
                      0.076842    0.000332    2.161791 v S[4] (out)
                                              2.161791   data arrival time

                      0.000000    0.000000    0.000000   clock __VIRTUAL_CLK__ (rise edge)
                                  0.000000    0.000000   clock network delay (ideal)
                                  0.250000    0.250000   clock uncertainty
                                  0.000000    0.250000   clock reconvergence pessimism
                                 -0.800000   -0.550000   output external delay
                                             -0.550000   data required time
---------------------------------------------------------------------------------------------
                                             -0.550000   data required time
                                             -2.161791   data arrival time
---------------------------------------------------------------------------------------------
                                              2.711791   slack (MET)


Startpoint: A[23] (input port clocked by __VIRTUAL_CLK__)
Endpoint: S[23] (output port clocked by __VIRTUAL_CLK__)
Path Group: __VIRTUAL_CLK__
Path Type: min

Fanout         Cap        Slew       Delay        Time   Description
---------------------------------------------------------------------------------------------
                      0.000000    0.000000    0.000000   clock __VIRTUAL_CLK__ (rise edge)
                                  0.000000    0.000000   clock network delay (ideal)
                                  0.800000    0.800000 v input external delay
     1    0.003516    0.021230    0.010900    0.810900 v A[23] (in)
                                                         A[23] (net)
                      0.021230    0.000000    0.810900 v input16/A (sky130_fd_sc_hd__clkdlybuf4s25_1)
     2    0.009814    0.158379    0.484818    1.295719 v input16/X (sky130_fd_sc_hd__clkdlybuf4s25_1)
                                                         net16 (net)
                      0.158379    0.000222    1.295941 v _266_/B1 (sky130_fd_sc_hd__a21oi_2)
     2    0.004937    0.148137    0.208257    1.504198 ^ _266_/Y (sky130_fd_sc_hd__a21oi_2)
                                                         _129_ (net)
                      0.148137    0.000050    1.504247 ^ _267_/B (sky130_fd_sc_hd__or2_4)
     2    0.011377    0.080742    0.241701    1.745949 ^ _267_/X (sky130_fd_sc_hd__or2_4)
                                                         _130_ (net)
                      0.080742    0.000068    1.746017 ^ _271_/A (sky130_fd_sc_hd__xnor2_2)
     1    0.008742    0.107266    0.162231    1.908248 v _271_/Y (sky130_fd_sc_hd__xnor2_2)
                                                         net81 (net)
                      0.107266    0.000235    1.908483 v output81/A (sky130_fd_sc_hd__buf_6)
     1    0.035816    0.077902    0.253290    2.161773 v output81/X (sky130_fd_sc_hd__buf_6)
                                                         S[23] (net)
                      0.077904    0.000482    2.162255 v S[23] (out)
                                              2.162255   data arrival time

                      0.000000    0.000000    0.000000   clock __VIRTUAL_CLK__ (rise edge)
                                  0.000000    0.000000   clock network delay (ideal)
                                  0.250000    0.250000   clock uncertainty
                                  0.000000    0.250000   clock reconvergence pessimism
                                 -0.800000   -0.550000   output external delay
                                             -0.550000   data required time
---------------------------------------------------------------------------------------------
                                             -0.550000   data required time
                                             -2.162255   data arrival time
---------------------------------------------------------------------------------------------
                                              2.712255   slack (MET)


Startpoint: A[10] (input port clocked by __VIRTUAL_CLK__)
Endpoint: S[11] (output port clocked by __VIRTUAL_CLK__)
Path Group: __VIRTUAL_CLK__
Path Type: min

Fanout         Cap        Slew       Delay        Time   Description
---------------------------------------------------------------------------------------------
                      0.000000    0.000000    0.000000   clock __VIRTUAL_CLK__ (rise edge)
                                  0.000000    0.000000   clock network delay (ideal)
                                  0.800000    0.800000 ^ input external delay
     1    0.005226    0.048728    0.027137    0.827137 ^ A[10] (in)
                                                         A[10] (net)
                      0.048728    0.000000    0.827137 ^ input2/A (sky130_fd_sc_hd__clkdlybuf4s25_1)
     3    0.020416    0.339142    0.616924    1.444061 ^ input2/X (sky130_fd_sc_hd__clkdlybuf4s25_1)
                                                         net2 (net)
                      0.339142    0.000415    1.444476 ^ _373_/A (sky130_fd_sc_hd__nand2_2)
     1    0.008941    0.115052    0.197963    1.642439 v _373_/Y (sky130_fd_sc_hd__nand2_2)
                                                         _002_ (net)
                      0.115052    0.000082    1.642522 v _359_/B1 (sky130_fd_sc_hd__o21ai_4)
     1    0.009424    0.088697    0.115011    1.757533 ^ _359_/Y (sky130_fd_sc_hd__o21ai_4)
                                                         _202_ (net)
                      0.088697    0.000082    1.757615 ^ _360_/A (sky130_fd_sc_hd__xnor2_2)
     1    0.007426    0.098129    0.156472    1.914087 v _360_/Y (sky130_fd_sc_hd__xnor2_2)
                                                         net68 (net)
                      0.098129    0.000161    1.914248 v output68/A (sky130_fd_sc_hd__buf_6)
     1    0.035840    0.077936    0.249036    2.163284 v output68/X (sky130_fd_sc_hd__buf_6)
                                                         S[11] (net)
                      0.077940    0.000610    2.163894 v S[11] (out)
                                              2.163894   data arrival time

                      0.000000    0.000000    0.000000   clock __VIRTUAL_CLK__ (rise edge)
                                  0.000000    0.000000   clock network delay (ideal)
                                  0.250000    0.250000   clock uncertainty
                                  0.000000    0.250000   clock reconvergence pessimism
                                 -0.800000   -0.550000   output external delay
                                             -0.550000   data required time
---------------------------------------------------------------------------------------------
                                             -0.550000   data required time
                                             -2.163894   data arrival time
---------------------------------------------------------------------------------------------
                                              2.713894   slack (MET)


Startpoint: A[15] (input port clocked by __VIRTUAL_CLK__)
Endpoint: S[15] (output port clocked by __VIRTUAL_CLK__)
Path Group: __VIRTUAL_CLK__
Path Type: min

Fanout         Cap        Slew       Delay        Time   Description
---------------------------------------------------------------------------------------------
                      0.000000    0.000000    0.000000   clock __VIRTUAL_CLK__ (rise edge)
                                  0.000000    0.000000   clock network delay (ideal)
                                  0.800000    0.800000 v input external delay
     1    0.003423    0.020866    0.010625    0.810625 v A[15] (in)
                                                         A[15] (net)
                      0.020866    0.000000    0.810625 v input7/A (sky130_fd_sc_hd__clkdlybuf4s25_1)
     2    0.008959    0.147819    0.476140    1.286765 v input7/X (sky130_fd_sc_hd__clkdlybuf4s25_1)
                                                         net7 (net)
                      0.147819    0.000183    1.286948 v _448_/B1 (sky130_fd_sc_hd__a21oi_2)
     2    0.004868    0.151811    0.203305    1.490252 ^ _448_/Y (sky130_fd_sc_hd__a21oi_2)
                                                         _077_ (net)
                      0.151811    0.000038    1.490291 ^ _208_/B (sky130_fd_sc_hd__or2_2)
     2    0.014514    0.133520    0.267848    1.758139 ^ _208_/X (sky130_fd_sc_hd__or2_2)
                                                         _078_ (net)
                      0.133520    0.000193    1.758331 ^ _368_/A (sky130_fd_sc_hd__xnor2_2)
     1    0.006131    0.085287    0.163435    1.921767 v _368_/Y (sky130_fd_sc_hd__xnor2_2)
                                                         net72 (net)
                      0.085287    0.000092    1.921859 v output72/A (sky130_fd_sc_hd__buf_6)
     1    0.034901    0.076748    0.242135    2.163993 v output72/X (sky130_fd_sc_hd__buf_6)
                                                         S[15] (net)
                      0.076750    0.000479    2.164472 v S[15] (out)
                                              2.164472   data arrival time

                      0.000000    0.000000    0.000000   clock __VIRTUAL_CLK__ (rise edge)
                                  0.000000    0.000000   clock network delay (ideal)
                                  0.250000    0.250000   clock uncertainty
                                  0.000000    0.250000   clock reconvergence pessimism
                                 -0.800000   -0.550000   output external delay
                                             -0.550000   data required time
---------------------------------------------------------------------------------------------
                                             -0.550000   data required time
                                             -2.164472   data arrival time
---------------------------------------------------------------------------------------------
                                              2.714472   slack (MET)


Startpoint: A[30] (input port clocked by __VIRTUAL_CLK__)
Endpoint: S[30] (output port clocked by __VIRTUAL_CLK__)
Path Group: __VIRTUAL_CLK__
Path Type: min

Fanout         Cap        Slew       Delay        Time   Description
---------------------------------------------------------------------------------------------
                      0.000000    0.000000    0.000000   clock __VIRTUAL_CLK__ (rise edge)
                                  0.000000    0.000000   clock network delay (ideal)
                                  0.800000    0.800000 v input external delay
     1    0.003594    0.021536    0.011135    0.811135 v A[30] (in)
                                                         A[30] (net)
                      0.021536    0.000000    0.811135 v input24/A (sky130_fd_sc_hd__clkdlybuf4s25_1)
     2    0.009519    0.157931    0.482121    1.293256 v input24/X (sky130_fd_sc_hd__clkdlybuf4s25_1)
                                                         net24 (net)
                      0.157931    0.000061    1.293317 v _325_/A (sky130_fd_sc_hd__nand3_2)
     2    0.008364    0.100014    0.147513    1.440830 ^ _325_/Y (sky130_fd_sc_hd__nand3_2)
                                                         _181_ (net)
                      0.100014    0.000062    1.440892 ^ _326_/B (sky130_fd_sc_hd__and2b_2)
     1    0.009735    0.110803    0.309087    1.749978 ^ _326_/X (sky130_fd_sc_hd__and2b_2)
                                                         _182_ (net)
                      0.110803    0.000092    1.750070 ^ _330_/A (sky130_fd_sc_hd__xnor2_2)
     1    0.002633    0.057974    0.132352    1.882422 v _330_/Y (sky130_fd_sc_hd__xnor2_2)
                                                         net89 (net)
                      0.057974    0.000023    1.882445 v output89/A (sky130_fd_sc_hd__buf_4)
     1    0.035745    0.105822    0.286943    2.169388 v output89/X (sky130_fd_sc_hd__buf_4)
                                                         S[30] (net)
                      0.105822    0.000271    2.169658 v S[30] (out)
                                              2.169658   data arrival time

                      0.000000    0.000000    0.000000   clock __VIRTUAL_CLK__ (rise edge)
                                  0.000000    0.000000   clock network delay (ideal)
                                  0.250000    0.250000   clock uncertainty
                                  0.000000    0.250000   clock reconvergence pessimism
                                 -0.800000   -0.550000   output external delay
                                             -0.550000   data required time
---------------------------------------------------------------------------------------------
                                             -0.550000   data required time
                                             -2.169658   data arrival time
---------------------------------------------------------------------------------------------
                                              2.719658   slack (MET)


Startpoint: A[28] (input port clocked by __VIRTUAL_CLK__)
Endpoint: S[29] (output port clocked by __VIRTUAL_CLK__)
Path Group: __VIRTUAL_CLK__
Path Type: min

Fanout         Cap        Slew       Delay        Time   Description
---------------------------------------------------------------------------------------------
                      0.000000    0.000000    0.000000   clock __VIRTUAL_CLK__ (rise edge)
                                  0.000000    0.000000   clock network delay (ideal)
                                  0.800000    0.800000 ^ input external delay
     1    0.003657    0.037988    0.019288    0.819288 ^ A[28] (in)
                                                         A[28] (net)
                      0.037988    0.000000    0.819288 ^ input21/A (sky130_fd_sc_hd__clkdlybuf4s25_1)
     3    0.026437    0.432025    0.675777    1.495065 ^ input21/X (sky130_fd_sc_hd__clkdlybuf4s25_1)
                                                         net21 (net)
                      0.432025    0.000388    1.495453 ^ _320_/A1_N (sky130_fd_sc_hd__o2bb2ai_4)
     1    0.009146    0.103594    0.310283    1.805736 ^ _320_/Y (sky130_fd_sc_hd__o2bb2ai_4)
                                                         _177_ (net)
                      0.103594    0.000096    1.805832 ^ _321_/B (sky130_fd_sc_hd__xnor2_2)
     1    0.005121    0.077929    0.127418    1.933249 v _321_/Y (sky130_fd_sc_hd__xnor2_2)
                                                         net87 (net)
                      0.077929    0.000054    1.933303 v output87/A (sky130_fd_sc_hd__buf_6)
     1    0.035654    0.077704    0.239528    2.172830 v output87/X (sky130_fd_sc_hd__buf_6)
                                                         S[29] (net)
                      0.077709    0.000646    2.173476 v S[29] (out)
                                              2.173476   data arrival time

                      0.000000    0.000000    0.000000   clock __VIRTUAL_CLK__ (rise edge)
                                  0.000000    0.000000   clock network delay (ideal)
                                  0.250000    0.250000   clock uncertainty
                                  0.000000    0.250000   clock reconvergence pessimism
                                 -0.800000   -0.550000   output external delay
                                             -0.550000   data required time
---------------------------------------------------------------------------------------------
                                             -0.550000   data required time
                                             -2.173476   data arrival time
---------------------------------------------------------------------------------------------
                                              2.723476   slack (MET)


Startpoint: A[20] (input port clocked by __VIRTUAL_CLK__)
Endpoint: S[20] (output port clocked by __VIRTUAL_CLK__)
Path Group: __VIRTUAL_CLK__
Path Type: min

Fanout         Cap        Slew       Delay        Time   Description
---------------------------------------------------------------------------------------------
                      0.000000    0.000000    0.000000   clock __VIRTUAL_CLK__ (rise edge)
                                  0.000000    0.000000   clock network delay (ideal)
                                  0.800000    0.800000 ^ input external delay
     1    0.004409    0.043122    0.023037    0.823037 ^ A[20] (in)
                                                         A[20] (net)
                      0.043122    0.000000    0.823037 ^ input13/A (sky130_fd_sc_hd__clkdlybuf4s25_1)
     4    0.017517    0.294365    0.584424    1.407460 ^ input13/X (sky130_fd_sc_hd__clkdlybuf4s25_1)
                                                         net13 (net)
                      0.294365    0.000170    1.407630 ^ _245_/A (sky130_fd_sc_hd__xnor2_2)
     3    0.020471    0.181317    0.354067    1.761697 ^ _245_/Y (sky130_fd_sc_hd__xnor2_2)
                                                         _111_ (net)
                      0.181317    0.000127    1.761824 ^ _249_/A (sky130_fd_sc_hd__xnor2_2)
     1    0.006247    0.087955    0.180530    1.942355 v _249_/Y (sky130_fd_sc_hd__xnor2_2)
                                                         net78 (net)
                      0.087955    0.000092    1.942447 v output78/A (sky130_fd_sc_hd__buf_6)
     1    0.035659    0.077708    0.244198    2.186645 v output78/X (sky130_fd_sc_hd__buf_6)
                                                         S[20] (net)
                      0.077710    0.000486    2.187131 v S[20] (out)
                                              2.187131   data arrival time

                      0.000000    0.000000    0.000000   clock __VIRTUAL_CLK__ (rise edge)
                                  0.000000    0.000000   clock network delay (ideal)
                                  0.250000    0.250000   clock uncertainty
                                  0.000000    0.250000   clock reconvergence pessimism
                                 -0.800000   -0.550000   output external delay
                                             -0.550000   data required time
---------------------------------------------------------------------------------------------
                                             -0.550000   data required time
                                             -2.187131   data arrival time
---------------------------------------------------------------------------------------------
                                              2.737132   slack (MET)


Startpoint: A[14] (input port clocked by __VIRTUAL_CLK__)
Endpoint: S[14] (output port clocked by __VIRTUAL_CLK__)
Path Group: __VIRTUAL_CLK__
Path Type: min

Fanout         Cap        Slew       Delay        Time   Description
---------------------------------------------------------------------------------------------
                      0.000000    0.000000    0.000000   clock __VIRTUAL_CLK__ (rise edge)
                                  0.000000    0.000000   clock network delay (ideal)
                                  0.800000    0.800000 v input external delay
     1    0.004208    0.023963    0.012976    0.812976 v A[14] (in)
                                                         A[14] (net)
                      0.023963    0.000000    0.812976 v input6/A (sky130_fd_sc_hd__clkdlybuf4s25_1)
     2    0.007848    0.134223    0.466361    1.279337 v input6/X (sky130_fd_sc_hd__clkdlybuf4s25_1)
                                                         net6 (net)
                      0.134223    0.000085    1.279423 v _443_/B1 (sky130_fd_sc_hd__a21oi_2)
     2    0.006492    0.174860    0.218044    1.497466 ^ _443_/Y (sky130_fd_sc_hd__a21oi_2)
                                                         _072_ (net)
                      0.174860    0.000068    1.497535 ^ _444_/A (sky130_fd_sc_hd__or2_4)
     3    0.023645    0.131522    0.300205    1.797740 ^ _444_/X (sky130_fd_sc_hd__or2_4)
                                                         _073_ (net)
                      0.131522    0.000284    1.798025 ^ _366_/A (sky130_fd_sc_hd__xnor2_2)
     1    0.005370    0.079615    0.157827    1.955851 v _366_/Y (sky130_fd_sc_hd__xnor2_2)
                                                         net71 (net)
                      0.079615    0.000061    1.955912 v output71/A (sky130_fd_sc_hd__buf_6)
     1    0.035507    0.077521    0.240056    2.195968 v output71/X (sky130_fd_sc_hd__buf_6)
                                                         S[14] (net)
                      0.077528    0.000743    2.196711 v S[14] (out)
                                              2.196711   data arrival time

                      0.000000    0.000000    0.000000   clock __VIRTUAL_CLK__ (rise edge)
                                  0.000000    0.000000   clock network delay (ideal)
                                  0.250000    0.250000   clock uncertainty
                                  0.000000    0.250000   clock reconvergence pessimism
                                 -0.800000   -0.550000   output external delay
                                             -0.550000   data required time
---------------------------------------------------------------------------------------------
                                             -0.550000   data required time
                                             -2.196711   data arrival time
---------------------------------------------------------------------------------------------
                                              2.746711   slack (MET)


Startpoint: A[12] (input port clocked by __VIRTUAL_CLK__)
Endpoint: S[12] (output port clocked by __VIRTUAL_CLK__)
Path Group: __VIRTUAL_CLK__
Path Type: min

Fanout         Cap        Slew       Delay        Time   Description
---------------------------------------------------------------------------------------------
                      0.000000    0.000000    0.000000   clock __VIRTUAL_CLK__ (rise edge)
                                  0.000000    0.000000   clock network delay (ideal)
                                  0.800000    0.800000 ^ input external delay
     1    0.004107    0.041051    0.021544    0.821544 ^ A[12] (in)
                                                         A[12] (net)
                      0.041051    0.000000    0.821544 ^ input4/A (sky130_fd_sc_hd__clkdlybuf4s25_1)
     2    0.007782    0.146377    0.480396    1.301940 ^ input4/X (sky130_fd_sc_hd__clkdlybuf4s25_1)
                                                         net4 (net)
                      0.146377    0.000128    1.302068 ^ _432_/A (sky130_fd_sc_hd__nand2_2)
     3    0.018459    0.169660    0.194005    1.496074 v _432_/Y (sky130_fd_sc_hd__nand2_2)
                                                         _061_ (net)
                      0.169660    0.000088    1.496162 v _434_/A (sky130_fd_sc_hd__nand2_2)
     4    0.025554    0.220158    0.241143    1.737304 ^ _434_/Y (sky130_fd_sc_hd__nand2_2)
                                                         _063_ (net)
                      0.220158    0.000207    1.737511 ^ _361_/B (sky130_fd_sc_hd__xor2_2)
     1    0.004006    0.059637    0.165879    1.903390 v _361_/X (sky130_fd_sc_hd__xor2_2)
                                                         net69 (net)
                      0.059637    0.000062    1.903451 v output69/A (sky130_fd_sc_hd__clkbuf_4)
     1    0.035265    0.142004    0.306716    2.210167 v output69/X (sky130_fd_sc_hd__clkbuf_4)
                                                         S[12] (net)
                      0.142004    0.000508    2.210675 v S[12] (out)
                                              2.210675   data arrival time

                      0.000000    0.000000    0.000000   clock __VIRTUAL_CLK__ (rise edge)
                                  0.000000    0.000000   clock network delay (ideal)
                                  0.250000    0.250000   clock uncertainty
                                  0.000000    0.250000   clock reconvergence pessimism
                                 -0.800000   -0.550000   output external delay
                                             -0.550000   data required time
---------------------------------------------------------------------------------------------
                                             -0.550000   data required time
                                             -2.210675   data arrival time
---------------------------------------------------------------------------------------------
                                              2.760675   slack (MET)


Startpoint: A[22] (input port clocked by __VIRTUAL_CLK__)
Endpoint: S[22] (output port clocked by __VIRTUAL_CLK__)
Path Group: __VIRTUAL_CLK__
Path Type: min

Fanout         Cap        Slew       Delay        Time   Description
---------------------------------------------------------------------------------------------
                      0.000000    0.000000    0.000000   clock __VIRTUAL_CLK__ (rise edge)
                                  0.000000    0.000000   clock network delay (ideal)
                                  0.800000    0.800000 ^ input external delay
     1    0.003444    0.036545    0.018207    0.818207 ^ A[22] (in)
                                                         A[22] (net)
                      0.036545    0.000000    0.818207 ^ input15/A (sky130_fd_sc_hd__clkdlybuf4s25_1)
     3    0.020730    0.343932    0.615332    1.433539 ^ input15/X (sky130_fd_sc_hd__clkdlybuf4s25_1)
                                                         net15 (net)
                      0.343932    0.000333    1.433872 ^ _257_/A (sky130_fd_sc_hd__xnor2_2)
     2    0.014395    0.138051    0.337217    1.771089 ^ _257_/Y (sky130_fd_sc_hd__xnor2_2)
                                                         _121_ (net)
                      0.138051    0.000109    1.771199 ^ _262_/A (sky130_fd_sc_hd__xnor2_2)
     1    0.004276    0.070839    0.152952    1.924151 v _262_/Y (sky130_fd_sc_hd__xnor2_2)
                                                         net80 (net)
                      0.070839    0.000058    1.924209 v output80/A (sky130_fd_sc_hd__buf_4)
     1    0.034920    0.104252    0.291237    2.215446 v output80/X (sky130_fd_sc_hd__buf_4)
                                                         S[22] (net)
                      0.104252    0.000321    2.215766 v S[22] (out)
                                              2.215766   data arrival time

                      0.000000    0.000000    0.000000   clock __VIRTUAL_CLK__ (rise edge)
                                  0.000000    0.000000   clock network delay (ideal)
                                  0.250000    0.250000   clock uncertainty
                                  0.000000    0.250000   clock reconvergence pessimism
                                 -0.800000   -0.550000   output external delay
                                             -0.550000   data required time
---------------------------------------------------------------------------------------------
                                             -0.550000   data required time
                                             -2.215766   data arrival time
---------------------------------------------------------------------------------------------
                                              2.765766   slack (MET)


Startpoint: A[4] (input port clocked by __VIRTUAL_CLK__)
Endpoint: S[5] (output port clocked by __VIRTUAL_CLK__)
Path Group: __VIRTUAL_CLK__
Path Type: min

Fanout         Cap        Slew       Delay        Time   Description
---------------------------------------------------------------------------------------------
                      0.000000    0.000000    0.000000   clock __VIRTUAL_CLK__ (rise edge)
                                  0.000000    0.000000   clock network delay (ideal)
                                  0.800000    0.800000 v input external delay
     1    0.005651    0.029685    0.017282    0.817282 v A[4] (in)
                                                         A[4] (net)
                      0.029686    0.000000    0.817282 v input27/A (sky130_fd_sc_hd__clkdlybuf4s25_1)
     2    0.016062    0.233432    0.547504    1.364786 v input27/X (sky130_fd_sc_hd__clkdlybuf4s25_1)
                                                         net27 (net)
                      0.233432    0.000226    1.365013 v _387_/A (sky130_fd_sc_hd__nand2_2)
     2    0.009036    0.102894    0.179102    1.544114 ^ _387_/Y (sky130_fd_sc_hd__nand2_2)
                                                         _016_ (net)
                      0.102894    0.000116    1.544230 ^ _346_/B1 (sky130_fd_sc_hd__o21a_4)
     3    0.025809    0.144742    0.302766    1.846997 ^ _346_/X (sky130_fd_sc_hd__o21a_4)
                                                         _195_ (net)
                      0.144742    0.000311    1.847308 ^ _347_/B (sky130_fd_sc_hd__xor2_2)
     1    0.005252    0.064765    0.143506    1.990814 v _347_/X (sky130_fd_sc_hd__xor2_2)
                                                         net93 (net)
                      0.064765    0.000063    1.990877 v output93/A (sky130_fd_sc_hd__buf_6)
     1    0.035280    0.077207    0.233558    2.224434 v output93/X (sky130_fd_sc_hd__buf_6)
                                                         S[5] (net)
                      0.077208    0.000349    2.224784 v S[5] (out)
                                              2.224784   data arrival time

                      0.000000    0.000000    0.000000   clock __VIRTUAL_CLK__ (rise edge)
                                  0.000000    0.000000   clock network delay (ideal)
                                  0.250000    0.250000   clock uncertainty
                                  0.000000    0.250000   clock reconvergence pessimism
                                 -0.800000   -0.550000   output external delay
                                             -0.550000   data required time
---------------------------------------------------------------------------------------------
                                             -0.550000   data required time
                                             -2.224784   data arrival time
---------------------------------------------------------------------------------------------
                                              2.774784   slack (MET)


Startpoint: A[21] (input port clocked by __VIRTUAL_CLK__)
Endpoint: S[21] (output port clocked by __VIRTUAL_CLK__)
Path Group: __VIRTUAL_CLK__
Path Type: min

Fanout         Cap        Slew       Delay        Time   Description
---------------------------------------------------------------------------------------------
                      0.000000    0.000000    0.000000   clock __VIRTUAL_CLK__ (rise edge)
                                  0.000000    0.000000   clock network delay (ideal)
                                  0.800000    0.800000 ^ input external delay
     1    0.004770    0.045618    0.024866    0.824866 ^ A[21] (in)
                                                         A[21] (net)
                      0.045618    0.000000    0.824866 ^ input14/A (sky130_fd_sc_hd__clkdlybuf4s25_1)
     3    0.018606    0.311189    0.596802    1.421668 ^ input14/X (sky130_fd_sc_hd__clkdlybuf4s25_1)
                                                         net14 (net)
                      0.311189    0.000288    1.421956 ^ _251_/A (sky130_fd_sc_hd__xnor2_2)
     3    0.020247    0.179822    0.357832    1.779788 ^ _251_/Y (sky130_fd_sc_hd__xnor2_2)
                                                         _116_ (net)
                      0.179822    0.000121    1.779909 ^ _253_/A (sky130_fd_sc_hd__xnor2_2)
     1    0.003273    0.062148    0.160157    1.940066 v _253_/Y (sky130_fd_sc_hd__xnor2_2)
                                                         net79 (net)
                      0.062148    0.000036    1.940102 v output79/A (sky130_fd_sc_hd__buf_4)
     1    0.035617    0.105613    0.288479    2.228581 v output79/X (sky130_fd_sc_hd__buf_4)
                                                         S[21] (net)
                      0.105613    0.000437    2.229017 v S[21] (out)
                                              2.229017   data arrival time

                      0.000000    0.000000    0.000000   clock __VIRTUAL_CLK__ (rise edge)
                                  0.000000    0.000000   clock network delay (ideal)
                                  0.250000    0.250000   clock uncertainty
                                  0.000000    0.250000   clock reconvergence pessimism
                                 -0.800000   -0.550000   output external delay
                                             -0.550000   data required time
---------------------------------------------------------------------------------------------
                                             -0.550000   data required time
                                             -2.229017   data arrival time
---------------------------------------------------------------------------------------------
                                              2.779017   slack (MET)


Startpoint: A[18] (input port clocked by __VIRTUAL_CLK__)
Endpoint: S[18] (output port clocked by __VIRTUAL_CLK__)
Path Group: __VIRTUAL_CLK__
Path Type: min

Fanout         Cap        Slew       Delay        Time   Description
---------------------------------------------------------------------------------------------
                      0.000000    0.000000    0.000000   clock __VIRTUAL_CLK__ (rise edge)
                                  0.000000    0.000000   clock network delay (ideal)
                                  0.800000    0.800000 v input external delay
     1    0.002969    0.019108    0.009263    0.809263 v A[18] (in)
                                                         A[18] (net)
                      0.019108    0.000000    0.809263 v input10/A (sky130_fd_sc_hd__clkdlybuf4s25_1)
     2    0.005847    0.110112    0.444446    1.253709 v input10/X (sky130_fd_sc_hd__clkdlybuf4s25_1)
                                                         net10 (net)
                      0.110112    0.000041    1.253750 v _226_/B1 (sky130_fd_sc_hd__a21oi_2)
     3    0.011147    0.257987    0.266366    1.520116 ^ _226_/Y (sky130_fd_sc_hd__a21oi_2)
                                                         _094_ (net)
                      0.257987    0.000099    1.520215 ^ _228_/A (sky130_fd_sc_hd__or2_4)
     2    0.012606    0.085809    0.297048    1.817263 ^ _228_/X (sky130_fd_sc_hd__or2_4)
                                                         _096_ (net)
                      0.085809    0.000105    1.817368 ^ _232_/A (sky130_fd_sc_hd__xor2_2)
     1    0.003070    0.054554    0.119906    1.937273 v _232_/X (sky130_fd_sc_hd__xor2_2)
                                                         net75 (net)
                      0.054554    0.000036    1.937309 v output75/A (sky130_fd_sc_hd__clkbuf_4)
     1    0.034608    0.139901    0.302888    2.240197 v output75/X (sky130_fd_sc_hd__clkbuf_4)
                                                         S[18] (net)
                      0.139901    0.000434    2.240632 v S[18] (out)
                                              2.240632   data arrival time

                      0.000000    0.000000    0.000000   clock __VIRTUAL_CLK__ (rise edge)
                                  0.000000    0.000000   clock network delay (ideal)
                                  0.250000    0.250000   clock uncertainty
                                  0.000000    0.250000   clock reconvergence pessimism
                                 -0.800000   -0.550000   output external delay
                                             -0.550000   data required time
---------------------------------------------------------------------------------------------
                                             -0.550000   data required time
                                             -2.240632   data arrival time
---------------------------------------------------------------------------------------------
                                              2.790632   slack (MET)


Startpoint: A[16] (input port clocked by __VIRTUAL_CLK__)
Endpoint: S[16] (output port clocked by __VIRTUAL_CLK__)
Path Group: __VIRTUAL_CLK__
Path Type: min

Fanout         Cap        Slew       Delay        Time   Description
---------------------------------------------------------------------------------------------
                      0.000000    0.000000    0.000000   clock __VIRTUAL_CLK__ (rise edge)
                                  0.000000    0.000000   clock network delay (ideal)
                                  0.800000    0.800000 ^ input external delay
     1    0.003364    0.036011    0.017819    0.817819 ^ A[16] (in)
                                                         A[16] (net)
                      0.036011    0.000000    0.817819 ^ input8/A (sky130_fd_sc_hd__clkdlybuf4s25_1)
     3    0.011314    0.199740    0.516168    1.333986 ^ input8/X (sky130_fd_sc_hd__clkdlybuf4s25_1)
                                                         net8 (net)
                      0.199740    0.000125    1.334111 ^ _216_/A (sky130_fd_sc_hd__nand2_2)
     2    0.013684    0.138360    0.186191    1.520301 v _216_/Y (sky130_fd_sc_hd__nand2_2)
                                                         _086_ (net)
                      0.138360    0.000039    1.520340 v _218_/A (sky130_fd_sc_hd__nand2_2)
     4    0.027886    0.237799    0.239549    1.759889 ^ _218_/Y (sky130_fd_sc_hd__nand2_2)
                                                         _088_ (net)
                      0.237799    0.000153    1.760042 ^ _219_/B (sky130_fd_sc_hd__xor2_2)
     1    0.003056    0.054786    0.164369    1.924412 v _219_/X (sky130_fd_sc_hd__xor2_2)
                                                         net73 (net)
                      0.054786    0.000035    1.924447 v output73/A (sky130_fd_sc_hd__clkbuf_2)
     1    0.034807    0.244457    0.315827    2.240274 v output73/X (sky130_fd_sc_hd__clkbuf_2)
                                                         S[16] (net)
                      0.244457    0.000432    2.240706 v S[16] (out)
                                              2.240706   data arrival time

                      0.000000    0.000000    0.000000   clock __VIRTUAL_CLK__ (rise edge)
                                  0.000000    0.000000   clock network delay (ideal)
                                  0.250000    0.250000   clock uncertainty
                                  0.000000    0.250000   clock reconvergence pessimism
                                 -0.800000   -0.550000   output external delay
                                             -0.550000   data required time
---------------------------------------------------------------------------------------------
                                             -0.550000   data required time
                                             -2.240706   data arrival time
---------------------------------------------------------------------------------------------
                                              2.790706   slack (MET)


Startpoint: A[6] (input port clocked by __VIRTUAL_CLK__)
Endpoint: S[6] (output port clocked by __VIRTUAL_CLK__)
Path Group: __VIRTUAL_CLK__
Path Type: min

Fanout         Cap        Slew       Delay        Time   Description
---------------------------------------------------------------------------------------------
                      0.000000    0.000000    0.000000   clock __VIRTUAL_CLK__ (rise edge)
                                  0.000000    0.000000   clock network delay (ideal)
                                  0.800000    0.800000 ^ input external delay
     1    0.004710    0.045208    0.024577    0.824577 ^ A[6] (in)
                                                         A[6] (net)
                      0.045208    0.000000    0.824577 ^ input29/A (sky130_fd_sc_hd__clkdlybuf4s25_1)
     3    0.027712    0.451696    0.692192    1.516770 ^ input29/X (sky130_fd_sc_hd__clkdlybuf4s25_1)
                                                         net29 (net)
                      0.451696    0.000295    1.517064 ^ _389_/A (sky130_fd_sc_hd__xnor2_4)
     3    0.015769    0.103967    0.341156    1.858220 ^ _389_/Y (sky130_fd_sc_hd__xnor2_4)
                                                         _018_ (net)
                      0.103967    0.000094    1.858313 ^ _349_/A (sky130_fd_sc_hd__xnor2_2)
     1    0.004949    0.076084    0.145696    2.004009 v _349_/Y (sky130_fd_sc_hd__xnor2_2)
                                                         net94 (net)
                      0.076084    0.000050    2.004059 v output94/A (sky130_fd_sc_hd__buf_6)
     1    0.035456    0.077445    0.238677    2.242736 v output94/X (sky130_fd_sc_hd__buf_6)
                                                         S[6] (net)
                      0.077445    0.000302    2.243038 v S[6] (out)
                                              2.243038   data arrival time

                      0.000000    0.000000    0.000000   clock __VIRTUAL_CLK__ (rise edge)
                                  0.000000    0.000000   clock network delay (ideal)
                                  0.250000    0.250000   clock uncertainty
                                  0.000000    0.250000   clock reconvergence pessimism
                                 -0.800000   -0.550000   output external delay
                                             -0.550000   data required time
---------------------------------------------------------------------------------------------
                                             -0.550000   data required time
                                             -2.243038   data arrival time
---------------------------------------------------------------------------------------------
                                              2.793038   slack (MET)


Startpoint: A[10] (input port clocked by __VIRTUAL_CLK__)
Endpoint: S[10] (output port clocked by __VIRTUAL_CLK__)
Path Group: __VIRTUAL_CLK__
Path Type: min

Fanout         Cap        Slew       Delay        Time   Description
---------------------------------------------------------------------------------------------
                      0.000000    0.000000    0.000000   clock __VIRTUAL_CLK__ (rise edge)
                                  0.000000    0.000000   clock network delay (ideal)
                                  0.800000    0.800000 ^ input external delay
     1    0.005226    0.048728    0.027137    0.827137 ^ A[10] (in)
                                                         A[10] (net)
                      0.048728    0.000000    0.827137 ^ input2/A (sky130_fd_sc_hd__clkdlybuf4s25_1)
     3    0.020416    0.339142    0.616924    1.444061 ^ input2/X (sky130_fd_sc_hd__clkdlybuf4s25_1)
                                                         net2 (net)
                      0.339142    0.000472    1.444534 ^ _374_/A (sky130_fd_sc_hd__xnor2_2)
     4    0.027834    0.235215    0.404804    1.849338 ^ _374_/Y (sky130_fd_sc_hd__xnor2_2)
                                                         _003_ (net)
                      0.235215    0.000375    1.849713 ^ _358_/A (sky130_fd_sc_hd__xor2_2)
     1    0.005306    0.065249    0.187655    2.037368 v _358_/X (sky130_fd_sc_hd__xor2_2)
                                                         net67 (net)
                      0.065249    0.000037    2.037405 v output67/A (sky130_fd_sc_hd__buf_6)
     1    0.035606    0.077656    0.234190    2.271595 v output67/X (sky130_fd_sc_hd__buf_6)
                                                         S[10] (net)
                      0.077656    0.000210    2.271805 v S[10] (out)
                                              2.271805   data arrival time

                      0.000000    0.000000    0.000000   clock __VIRTUAL_CLK__ (rise edge)
                                  0.000000    0.000000   clock network delay (ideal)
                                  0.250000    0.250000   clock uncertainty
                                  0.000000    0.250000   clock reconvergence pessimism
                                 -0.800000   -0.550000   output external delay
                                             -0.550000   data required time
---------------------------------------------------------------------------------------------
                                             -0.550000   data required time
                                             -2.271805   data arrival time
---------------------------------------------------------------------------------------------
                                              2.821805   slack (MET)


Startpoint: A[28] (input port clocked by __VIRTUAL_CLK__)
Endpoint: S[28] (output port clocked by __VIRTUAL_CLK__)
Path Group: __VIRTUAL_CLK__
Path Type: min

Fanout         Cap        Slew       Delay        Time   Description
---------------------------------------------------------------------------------------------
                      0.000000    0.000000    0.000000   clock __VIRTUAL_CLK__ (rise edge)
                                  0.000000    0.000000   clock network delay (ideal)
                                  0.800000    0.800000 ^ input external delay
     1    0.003657    0.037988    0.019288    0.819288 ^ A[28] (in)
                                                         A[28] (net)
                      0.037988    0.000000    0.819288 ^ input21/A (sky130_fd_sc_hd__clkdlybuf4s25_1)
     3    0.026437    0.432025    0.675777    1.495065 ^ input21/X (sky130_fd_sc_hd__clkdlybuf4s25_1)
                                                         net21 (net)
                      0.432025    0.000343    1.495408 ^ _308_/A (sky130_fd_sc_hd__xnor2_2)
     3    0.022923    0.200213    0.406579    1.901987 ^ _308_/Y (sky130_fd_sc_hd__xnor2_2)
                                                         _166_ (net)
                      0.200213    0.000201    1.902187 ^ _313_/A (sky130_fd_sc_hd__xor2_2)
     1    0.003498    0.057018    0.164049    2.066236 v _313_/X (sky130_fd_sc_hd__xor2_2)
                                                         net86 (net)
                      0.057018    0.000045    2.066281 v output86/A (sky130_fd_sc_hd__buf_4)
     1    0.034889    0.104233    0.285015    2.351296 v output86/X (sky130_fd_sc_hd__buf_4)
                                                         S[28] (net)
                      0.104234    0.000461    2.351757 v S[28] (out)
                                              2.351757   data arrival time

                      0.000000    0.000000    0.000000   clock __VIRTUAL_CLK__ (rise edge)
                                  0.000000    0.000000   clock network delay (ideal)
                                  0.250000    0.250000   clock uncertainty
                                  0.000000    0.250000   clock reconvergence pessimism
                                 -0.800000   -0.550000   output external delay
                                             -0.550000   data required time
---------------------------------------------------------------------------------------------
                                             -0.550000   data required time
                                             -2.351757   data arrival time
---------------------------------------------------------------------------------------------
                                              2.901757   slack (MET)


Startpoint: A[24] (input port clocked by __VIRTUAL_CLK__)
Endpoint: S[24] (output port clocked by __VIRTUAL_CLK__)
Path Group: __VIRTUAL_CLK__
Path Type: min

Fanout         Cap        Slew       Delay        Time   Description
---------------------------------------------------------------------------------------------
                      0.000000    0.000000    0.000000   clock __VIRTUAL_CLK__ (rise edge)
                                  0.000000    0.000000   clock network delay (ideal)
                                  0.800000    0.800000 ^ input external delay
     1    0.004085    0.040903    0.021438    0.821438 ^ A[24] (in)
                                                         A[24] (net)
                      0.040903    0.000000    0.821438 ^ input17/A (sky130_fd_sc_hd__clkdlybuf4s25_1)
     2    0.007872    0.147727    0.481307    1.302745 ^ input17/X (sky130_fd_sc_hd__clkdlybuf4s25_1)
                                                         net17 (net)
                      0.147727    0.000098    1.302844 ^ _274_/A (sky130_fd_sc_hd__nand2_2)
     3    0.013243    0.130029    0.163698    1.466542 v _274_/Y (sky130_fd_sc_hd__nand2_2)
                                                         _136_ (net)
                      0.130029    0.000124    1.466666 v _275_/B (sky130_fd_sc_hd__nand2_2)
     3    0.009410    0.099147    0.150503    1.617169 ^ _275_/Y (sky130_fd_sc_hd__nand2_2)
                                                         _137_ (net)
                      0.099147    0.000125    1.617294 ^ _282_/B1 (sky130_fd_sc_hd__a21o_2)
     4    0.020283    0.166750    0.245990    1.863285 ^ _282_/X (sky130_fd_sc_hd__a21o_2)
                                                         _144_ (net)
                      0.166750    0.000128    1.863413 ^ _283_/B (sky130_fd_sc_hd__and2b_2)
     1    0.004776    0.076907    0.299460    2.162873 ^ _283_/X (sky130_fd_sc_hd__and2b_2)
                                                         net82 (net)
                      0.076907    0.000090    2.162963 ^ output82/A (sky130_fd_sc_hd__clkbuf_4)
     1    0.035277    0.183949    0.318198    2.481161 ^ output82/X (sky130_fd_sc_hd__clkbuf_4)
                                                         S[24] (net)
                      0.183949    0.000538    2.481699 ^ S[24] (out)
                                              2.481699   data arrival time

                      0.000000    0.000000    0.000000   clock __VIRTUAL_CLK__ (rise edge)
                                  0.000000    0.000000   clock network delay (ideal)
                                  0.250000    0.250000   clock uncertainty
                                  0.000000    0.250000   clock reconvergence pessimism
                                 -0.800000   -0.550000   output external delay
                                             -0.550000   data required time
---------------------------------------------------------------------------------------------
                                             -0.550000   data required time
                                             -2.481699   data arrival time
---------------------------------------------------------------------------------------------
                                              3.031699   slack (MET)



