
===========================================================================
report_checks -unconstrained
===========================================================================
======================= nom_tt_025C_1v80 Corner ===================================

Startpoint: sub (input port clocked by __VIRTUAL_CLK__)
Endpoint: S[23] (output port clocked by __VIRTUAL_CLK__)
Path Group: __VIRTUAL_CLK__
Path Type: max

Fanout         Cap        Slew       Delay        Time   Description
---------------------------------------------------------------------------------------------
                      0.000000    0.000000    0.000000   clock __VIRTUAL_CLK__ (rise edge)
                                  0.000000    0.000000   clock network delay (ideal)
                                  0.800000    0.800000 ^ input external delay
     1    0.008531    0.044889    0.030760    0.830760 ^ sub (in)
                                                         sub (net)
                      0.044890    0.000000    0.830760 ^ input65/A (sky130_fd_sc_hd__buf_8)
     5    0.041993    0.077183    0.129900    0.960660 ^ input65/X (sky130_fd_sc_hd__buf_8)
                                                         net65 (net)
                      0.077277    0.002297    0.962957 ^ fanout106/A (sky130_fd_sc_hd__buf_4)
     7    0.036512    0.108471    0.180107    1.143064 ^ fanout106/X (sky130_fd_sc_hd__buf_4)
                                                         net106 (net)
                      0.108482    0.001204    1.144268 ^ fanout104/A (sky130_fd_sc_hd__clkbuf_2)
     4    0.024059    0.135891    0.202569    1.346837 ^ fanout104/X (sky130_fd_sc_hd__clkbuf_2)
                                                         net104 (net)
                      0.135893    0.000793    1.347631 ^ load_slew105/A (sky130_fd_sc_hd__buf_6)
     7    0.048591    0.103563    0.181446    1.529076 ^ load_slew105/X (sky130_fd_sc_hd__buf_6)
                                                         net105 (net)
                      0.103677    0.002363    1.531439 ^ _726_/B (sky130_fd_sc_hd__nand2b_4)
     1    0.005224    0.036777    0.059419    1.590858 v _726_/Y (sky130_fd_sc_hd__nand2b_4)
                                                         _073_ (net)
                      0.036777    0.000171    1.591029 v _729_/B (sky130_fd_sc_hd__nand3b_2)
     5    0.029454    0.193411    0.171623    1.762652 ^ _729_/Y (sky130_fd_sc_hd__nand3b_2)
                                                         _076_ (net)
                      0.193419    0.001067    1.763719 ^ _360_/D1 (sky130_fd_sc_hd__o2111ai_4)
     2    0.019973    0.155679    0.184197    1.947916 v _360_/Y (sky130_fd_sc_hd__o2111ai_4)
                                                         _089_ (net)
                      0.155681    0.000981    1.948896 v _377_/B (sky130_fd_sc_hd__nor2_4)
     3    0.025378    0.179878    0.213370    2.162266 ^ _377_/Y (sky130_fd_sc_hd__nor2_4)
                                                         _106_ (net)
                      0.179882    0.000661    2.162927 ^ _410_/B (sky130_fd_sc_hd__nand4_4)
     3    0.016612    0.118224    0.153236    2.316163 v _410_/Y (sky130_fd_sc_hd__nand4_4)
                                                         _139_ (net)
                      0.118225    0.000599    2.316762 v _415_/C (sky130_fd_sc_hd__nand3_4)
     3    0.025910    0.112297    0.157176    2.473938 ^ _415_/Y (sky130_fd_sc_hd__nand3_4)
                                                         _144_ (net)
                      0.112303    0.001096    2.475034 ^ _424_/B2 (sky130_fd_sc_hd__o22ai_4)
     3    0.016183    0.084473    0.098199    2.573233 v _424_/Y (sky130_fd_sc_hd__o22ai_4)
                                                         _153_ (net)
                      0.084475    0.000810    2.574042 v _470_/B1 (sky130_fd_sc_hd__o22ai_4)
     7    0.039328    0.340222    0.306521    2.880563 ^ _470_/Y (sky130_fd_sc_hd__o22ai_4)
                                                         _195_ (net)
                      0.340233    0.001583    2.882146 ^ _507_/B (sky130_fd_sc_hd__nand2_2)
     1    0.009091    0.080991    0.119311    3.001458 v _507_/Y (sky130_fd_sc_hd__nand2_2)
                                                         _229_ (net)
                      0.080991    0.000193    3.001651 v _512_/A2 (sky130_fd_sc_hd__a21oi_4)
     1    0.009763    0.122515    0.181109    3.182760 ^ _512_/Y (sky130_fd_sc_hd__a21oi_4)
                                                         _234_ (net)
                      0.122515    0.000320    3.183080 ^ _513_/A (sky130_fd_sc_hd__nor2_4)
     1    0.004887    0.045599    0.053453    3.236533 v _513_/Y (sky130_fd_sc_hd__nor2_4)
                                                         net81 (net)
                      0.045600    0.000154    3.236686 v output81/A (sky130_fd_sc_hd__buf_6)
     1    0.034940    0.044187    0.144022    3.380709 v output81/X (sky130_fd_sc_hd__buf_6)
                                                         S[23] (net)
                      0.044210    0.000979    3.381688 v S[23] (out)
                                              3.381688   data arrival time

                      0.000000    4.000000    4.000000   clock __VIRTUAL_CLK__ (rise edge)
                                  0.000000    4.000000   clock network delay (ideal)
                                 -0.250000    3.750000   clock uncertainty
                                  0.000000    3.750000   clock reconvergence pessimism
                                 -0.800000    2.950000   output external delay
                                              2.950000   data required time
---------------------------------------------------------------------------------------------
                                              2.950000   data required time
                                             -3.381688   data arrival time
---------------------------------------------------------------------------------------------
                                             -0.431688   slack (VIOLATED)




===========================================================================
report_checks --slack_max -0.01
============================================================================
======================= nom_tt_025C_1v80 Corner ===================================

Startpoint: sub (input port clocked by __VIRTUAL_CLK__)
Endpoint: S[23] (output port clocked by __VIRTUAL_CLK__)
Path Group: __VIRTUAL_CLK__
Path Type: max

Fanout         Cap        Slew       Delay        Time   Description
---------------------------------------------------------------------------------------------
                      0.000000    0.000000    0.000000   clock __VIRTUAL_CLK__ (rise edge)
                                  0.000000    0.000000   clock network delay (ideal)
                                  0.800000    0.800000 ^ input external delay
     1    0.008531    0.044889    0.030760    0.830760 ^ sub (in)
                                                         sub (net)
                      0.044890    0.000000    0.830760 ^ input65/A (sky130_fd_sc_hd__buf_8)
     5    0.041993    0.077183    0.129900    0.960660 ^ input65/X (sky130_fd_sc_hd__buf_8)
                                                         net65 (net)
                      0.077277    0.002297    0.962957 ^ fanout106/A (sky130_fd_sc_hd__buf_4)
     7    0.036512    0.108471    0.180107    1.143064 ^ fanout106/X (sky130_fd_sc_hd__buf_4)
                                                         net106 (net)
                      0.108482    0.001204    1.144268 ^ fanout104/A (sky130_fd_sc_hd__clkbuf_2)
     4    0.024059    0.135891    0.202569    1.346837 ^ fanout104/X (sky130_fd_sc_hd__clkbuf_2)
                                                         net104 (net)
                      0.135893    0.000793    1.347631 ^ load_slew105/A (sky130_fd_sc_hd__buf_6)
     7    0.048591    0.103563    0.181446    1.529076 ^ load_slew105/X (sky130_fd_sc_hd__buf_6)
                                                         net105 (net)
                      0.103677    0.002363    1.531439 ^ _726_/B (sky130_fd_sc_hd__nand2b_4)
     1    0.005224    0.036777    0.059419    1.590858 v _726_/Y (sky130_fd_sc_hd__nand2b_4)
                                                         _073_ (net)
                      0.036777    0.000171    1.591029 v _729_/B (sky130_fd_sc_hd__nand3b_2)
     5    0.029454    0.193411    0.171623    1.762652 ^ _729_/Y (sky130_fd_sc_hd__nand3b_2)
                                                         _076_ (net)
                      0.193419    0.001067    1.763719 ^ _360_/D1 (sky130_fd_sc_hd__o2111ai_4)
     2    0.019973    0.155679    0.184197    1.947916 v _360_/Y (sky130_fd_sc_hd__o2111ai_4)
                                                         _089_ (net)
                      0.155681    0.000981    1.948896 v _377_/B (sky130_fd_sc_hd__nor2_4)
     3    0.025378    0.179878    0.213370    2.162266 ^ _377_/Y (sky130_fd_sc_hd__nor2_4)
                                                         _106_ (net)
                      0.179882    0.000661    2.162927 ^ _410_/B (sky130_fd_sc_hd__nand4_4)
     3    0.016612    0.118224    0.153236    2.316163 v _410_/Y (sky130_fd_sc_hd__nand4_4)
                                                         _139_ (net)
                      0.118225    0.000599    2.316762 v _415_/C (sky130_fd_sc_hd__nand3_4)
     3    0.025910    0.112297    0.157176    2.473938 ^ _415_/Y (sky130_fd_sc_hd__nand3_4)
                                                         _144_ (net)
                      0.112303    0.001096    2.475034 ^ _424_/B2 (sky130_fd_sc_hd__o22ai_4)
     3    0.016183    0.084473    0.098199    2.573233 v _424_/Y (sky130_fd_sc_hd__o22ai_4)
                                                         _153_ (net)
                      0.084475    0.000810    2.574042 v _470_/B1 (sky130_fd_sc_hd__o22ai_4)
     7    0.039328    0.340222    0.306521    2.880563 ^ _470_/Y (sky130_fd_sc_hd__o22ai_4)
                                                         _195_ (net)
                      0.340233    0.001583    2.882146 ^ _507_/B (sky130_fd_sc_hd__nand2_2)
     1    0.009091    0.080991    0.119311    3.001458 v _507_/Y (sky130_fd_sc_hd__nand2_2)
                                                         _229_ (net)
                      0.080991    0.000193    3.001651 v _512_/A2 (sky130_fd_sc_hd__a21oi_4)
     1    0.009763    0.122515    0.181109    3.182760 ^ _512_/Y (sky130_fd_sc_hd__a21oi_4)
                                                         _234_ (net)
                      0.122515    0.000320    3.183080 ^ _513_/A (sky130_fd_sc_hd__nor2_4)
     1    0.004887    0.045599    0.053453    3.236533 v _513_/Y (sky130_fd_sc_hd__nor2_4)
                                                         net81 (net)
                      0.045600    0.000154    3.236686 v output81/A (sky130_fd_sc_hd__buf_6)
     1    0.034940    0.044187    0.144022    3.380709 v output81/X (sky130_fd_sc_hd__buf_6)
                                                         S[23] (net)
                      0.044210    0.000979    3.381688 v S[23] (out)
                                              3.381688   data arrival time

                      0.000000    4.000000    4.000000   clock __VIRTUAL_CLK__ (rise edge)
                                  0.000000    4.000000   clock network delay (ideal)
                                 -0.250000    3.750000   clock uncertainty
                                  0.000000    3.750000   clock reconvergence pessimism
                                 -0.800000    2.950000   output external delay
                                              2.950000   data required time
---------------------------------------------------------------------------------------------
                                              2.950000   data required time
                                             -3.381688   data arrival time
---------------------------------------------------------------------------------------------
                                             -0.431688   slack (VIOLATED)




===========================================================================
 report_check_types -max_slew -max_cap -max_fanout -violators
============================================================================
======================= nom_tt_025C_1v80 Corner ===================================



===========================================================================
report_parasitic_annotation -report_unannotated
============================================================================
Found 0 unannotated drivers.
Found 0 partially unannotated drivers.

===========================================================================
max slew violation count 0
max fanout violation count 0
max cap violation count 0
============================================================================

===========================================================================
check_setup -verbose -unconstrained_endpoints -multiple_clock -no_clock -no_input_delay -loops -generated_clocks
===========================================================================
