
===========================================================================
report_checks -unconstrained
===========================================================================
======================= min_tt_025C_1v80 Corner ===================================

Startpoint: sub (input port clocked by __VIRTUAL_CLK__)
Endpoint: S[23] (output port clocked by __VIRTUAL_CLK__)
Path Group: __VIRTUAL_CLK__
Path Type: max

Fanout         Cap        Slew       Delay        Time   Description
---------------------------------------------------------------------------------------------
                      0.000000    0.000000    0.000000   clock __VIRTUAL_CLK__ (rise edge)
                                  0.000000    0.000000   clock network delay (ideal)
                                  0.800000    0.800000 ^ input external delay
     1    0.008451    0.044518    0.030438    0.830438 ^ sub (in)
                                                         sub (net)
                      0.044518    0.000000    0.830438 ^ input65/A (sky130_fd_sc_hd__buf_8)
     5    0.039627    0.073581    0.127483    0.957920 ^ input65/X (sky130_fd_sc_hd__buf_8)
                                                         net65 (net)
                      0.073649    0.001363    0.959284 ^ fanout106/A (sky130_fd_sc_hd__buf_4)
     7    0.035230    0.105049    0.176541    1.135825 ^ fanout106/X (sky130_fd_sc_hd__buf_4)
                                                         net106 (net)
                      0.105051    0.000639    1.136464 ^ fanout104/A (sky130_fd_sc_hd__clkbuf_2)
     4    0.023582    0.133353    0.199679    1.336143 ^ fanout104/X (sky130_fd_sc_hd__clkbuf_2)
                                                         net104 (net)
                      0.133353    0.000359    1.336502 ^ load_slew105/A (sky130_fd_sc_hd__buf_6)
     7    0.047916    0.102530    0.180634    1.517136 ^ load_slew105/X (sky130_fd_sc_hd__buf_6)
                                                         net105 (net)
                      0.102537    0.000953    1.518088 ^ _726_/B (sky130_fd_sc_hd__nand2b_4)
     1    0.005138    0.036577    0.059080    1.577169 v _726_/Y (sky130_fd_sc_hd__nand2b_4)
                                                         _073_ (net)
                      0.036577    0.000058    1.577227 v _729_/B (sky130_fd_sc_hd__nand3b_2)
     5    0.028959    0.190746    0.169802    1.747029 ^ _729_/Y (sky130_fd_sc_hd__nand3b_2)
                                                         _076_ (net)
                      0.190748    0.000516    1.747545 ^ _360_/D1 (sky130_fd_sc_hd__o2111ai_4)
     2    0.019172    0.152543    0.180715    1.928260 v _360_/Y (sky130_fd_sc_hd__o2111ai_4)
                                                         _089_ (net)
                      0.152544    0.000576    1.928836 v _377_/B (sky130_fd_sc_hd__nor2_4)
     3    0.025036    0.177722    0.210740    2.139576 ^ _377_/Y (sky130_fd_sc_hd__nor2_4)
                                                         _106_ (net)
                      0.177723    0.000268    2.139844 ^ _410_/B (sky130_fd_sc_hd__nand4_4)
     3    0.016389    0.117321    0.152127    2.291971 v _410_/Y (sky130_fd_sc_hd__nand4_4)
                                                         _139_ (net)
                      0.117321    0.000264    2.292235 v _415_/C (sky130_fd_sc_hd__nand3_4)
     3    0.025541    0.111364    0.156131    2.448366 ^ _415_/Y (sky130_fd_sc_hd__nand3_4)
                                                         _144_ (net)
                      0.111365    0.000628    2.448994 ^ _424_/B2 (sky130_fd_sc_hd__o22ai_4)
     3    0.015754    0.083436    0.097209    2.546203 v _424_/Y (sky130_fd_sc_hd__o22ai_4)
                                                         _153_ (net)
                      0.083437    0.000411    2.546615 v _470_/B1 (sky130_fd_sc_hd__o22ai_4)
     7    0.038285    0.333923    0.301390    2.848005 ^ _470_/Y (sky130_fd_sc_hd__o22ai_4)
                                                         _195_ (net)
                      0.333927    0.000885    2.848890 ^ _507_/B (sky130_fd_sc_hd__nand2_2)
     1    0.009057    0.080025    0.118692    2.967582 v _507_/Y (sky130_fd_sc_hd__nand2_2)
                                                         _229_ (net)
                      0.080025    0.000044    2.967627 v _512_/A2 (sky130_fd_sc_hd__a21oi_4)
     1    0.009702    0.122169    0.180463    3.148090 ^ _512_/Y (sky130_fd_sc_hd__a21oi_4)
                                                         _234_ (net)
                      0.122169    0.000108    3.148199 ^ _513_/A (sky130_fd_sc_hd__nor2_4)
     1    0.004834    0.045419    0.053309    3.201507 v _513_/Y (sky130_fd_sc_hd__nor2_4)
                                                         net81 (net)
                      0.045419    0.000050    3.201557 v output81/A (sky130_fd_sc_hd__buf_6)
     1    0.034841    0.044115    0.144108    3.345665 v output81/X (sky130_fd_sc_hd__buf_6)
                                                         S[23] (net)
                      0.044120    0.000535    3.346200 v S[23] (out)
                                              3.346200   data arrival time

                      0.000000    4.000000    4.000000   clock __VIRTUAL_CLK__ (rise edge)
                                  0.000000    4.000000   clock network delay (ideal)
                                 -0.250000    3.750000   clock uncertainty
                                  0.000000    3.750000   clock reconvergence pessimism
                                 -0.800000    2.950000   output external delay
                                              2.950000   data required time
---------------------------------------------------------------------------------------------
                                              2.950000   data required time
                                             -3.346200   data arrival time
---------------------------------------------------------------------------------------------
                                             -0.396200   slack (VIOLATED)




===========================================================================
report_checks --slack_max -0.01
============================================================================
======================= min_tt_025C_1v80 Corner ===================================

Startpoint: sub (input port clocked by __VIRTUAL_CLK__)
Endpoint: S[23] (output port clocked by __VIRTUAL_CLK__)
Path Group: __VIRTUAL_CLK__
Path Type: max

Fanout         Cap        Slew       Delay        Time   Description
---------------------------------------------------------------------------------------------
                      0.000000    0.000000    0.000000   clock __VIRTUAL_CLK__ (rise edge)
                                  0.000000    0.000000   clock network delay (ideal)
                                  0.800000    0.800000 ^ input external delay
     1    0.008451    0.044518    0.030438    0.830438 ^ sub (in)
                                                         sub (net)
                      0.044518    0.000000    0.830438 ^ input65/A (sky130_fd_sc_hd__buf_8)
     5    0.039627    0.073581    0.127483    0.957920 ^ input65/X (sky130_fd_sc_hd__buf_8)
                                                         net65 (net)
                      0.073649    0.001363    0.959284 ^ fanout106/A (sky130_fd_sc_hd__buf_4)
     7    0.035230    0.105049    0.176541    1.135825 ^ fanout106/X (sky130_fd_sc_hd__buf_4)
                                                         net106 (net)
                      0.105051    0.000639    1.136464 ^ fanout104/A (sky130_fd_sc_hd__clkbuf_2)
     4    0.023582    0.133353    0.199679    1.336143 ^ fanout104/X (sky130_fd_sc_hd__clkbuf_2)
                                                         net104 (net)
                      0.133353    0.000359    1.336502 ^ load_slew105/A (sky130_fd_sc_hd__buf_6)
     7    0.047916    0.102530    0.180634    1.517136 ^ load_slew105/X (sky130_fd_sc_hd__buf_6)
                                                         net105 (net)
                      0.102537    0.000953    1.518088 ^ _726_/B (sky130_fd_sc_hd__nand2b_4)
     1    0.005138    0.036577    0.059080    1.577169 v _726_/Y (sky130_fd_sc_hd__nand2b_4)
                                                         _073_ (net)
                      0.036577    0.000058    1.577227 v _729_/B (sky130_fd_sc_hd__nand3b_2)
     5    0.028959    0.190746    0.169802    1.747029 ^ _729_/Y (sky130_fd_sc_hd__nand3b_2)
                                                         _076_ (net)
                      0.190748    0.000516    1.747545 ^ _360_/D1 (sky130_fd_sc_hd__o2111ai_4)
     2    0.019172    0.152543    0.180715    1.928260 v _360_/Y (sky130_fd_sc_hd__o2111ai_4)
                                                         _089_ (net)
                      0.152544    0.000576    1.928836 v _377_/B (sky130_fd_sc_hd__nor2_4)
     3    0.025036    0.177722    0.210740    2.139576 ^ _377_/Y (sky130_fd_sc_hd__nor2_4)
                                                         _106_ (net)
                      0.177723    0.000268    2.139844 ^ _410_/B (sky130_fd_sc_hd__nand4_4)
     3    0.016389    0.117321    0.152127    2.291971 v _410_/Y (sky130_fd_sc_hd__nand4_4)
                                                         _139_ (net)
                      0.117321    0.000264    2.292235 v _415_/C (sky130_fd_sc_hd__nand3_4)
     3    0.025541    0.111364    0.156131    2.448366 ^ _415_/Y (sky130_fd_sc_hd__nand3_4)
                                                         _144_ (net)
                      0.111365    0.000628    2.448994 ^ _424_/B2 (sky130_fd_sc_hd__o22ai_4)
     3    0.015754    0.083436    0.097209    2.546203 v _424_/Y (sky130_fd_sc_hd__o22ai_4)
                                                         _153_ (net)
                      0.083437    0.000411    2.546615 v _470_/B1 (sky130_fd_sc_hd__o22ai_4)
     7    0.038285    0.333923    0.301390    2.848005 ^ _470_/Y (sky130_fd_sc_hd__o22ai_4)
                                                         _195_ (net)
                      0.333927    0.000885    2.848890 ^ _507_/B (sky130_fd_sc_hd__nand2_2)
     1    0.009057    0.080025    0.118692    2.967582 v _507_/Y (sky130_fd_sc_hd__nand2_2)
                                                         _229_ (net)
                      0.080025    0.000044    2.967627 v _512_/A2 (sky130_fd_sc_hd__a21oi_4)
     1    0.009702    0.122169    0.180463    3.148090 ^ _512_/Y (sky130_fd_sc_hd__a21oi_4)
                                                         _234_ (net)
                      0.122169    0.000108    3.148199 ^ _513_/A (sky130_fd_sc_hd__nor2_4)
     1    0.004834    0.045419    0.053309    3.201507 v _513_/Y (sky130_fd_sc_hd__nor2_4)
                                                         net81 (net)
                      0.045419    0.000050    3.201557 v output81/A (sky130_fd_sc_hd__buf_6)
     1    0.034841    0.044115    0.144108    3.345665 v output81/X (sky130_fd_sc_hd__buf_6)
                                                         S[23] (net)
                      0.044120    0.000535    3.346200 v S[23] (out)
                                              3.346200   data arrival time

                      0.000000    4.000000    4.000000   clock __VIRTUAL_CLK__ (rise edge)
                                  0.000000    4.000000   clock network delay (ideal)
                                 -0.250000    3.750000   clock uncertainty
                                  0.000000    3.750000   clock reconvergence pessimism
                                 -0.800000    2.950000   output external delay
                                              2.950000   data required time
---------------------------------------------------------------------------------------------
                                              2.950000   data required time
                                             -3.346200   data arrival time
---------------------------------------------------------------------------------------------
                                             -0.396200   slack (VIOLATED)




===========================================================================
 report_check_types -max_slew -max_cap -max_fanout -violators
============================================================================
======================= min_tt_025C_1v80 Corner ===================================



===========================================================================
report_parasitic_annotation -report_unannotated
============================================================================
Found 0 unannotated drivers.
Found 0 partially unannotated drivers.

===========================================================================
max slew violation count 0
max fanout violation count 0
max cap violation count 0
============================================================================

===========================================================================
check_setup -verbose -unconstrained_endpoints -multiple_clock -no_clock -no_input_delay -loops -generated_clocks
===========================================================================
