
===========================================================================
report_checks -unconstrained
===========================================================================
======================= nom_ss_100C_1v60 Corner ===================================

Startpoint: B[5] (input port clocked by __VIRTUAL_CLK__)
Endpoint: S[21] (output port clocked by __VIRTUAL_CLK__)
Path Group: __VIRTUAL_CLK__
Path Type: max

Fanout         Cap        Slew       Delay        Time   Description
---------------------------------------------------------------------------------------------
                      0.000000    0.000000    0.000000   clock __VIRTUAL_CLK__ (rise edge)
                                  0.000000    0.000000   clock network delay (ideal)
                                  1.000000    1.000000 ^ input external delay
     1    0.005477    0.050442    0.031449    1.031449 ^ B[5] (in)
                                                         B[5] (net)
                      0.050443    0.000000    1.031449 ^ input60/A (sky130_fd_sc_hd__clkdlybuf4s25_1)
     7    0.045829    0.732575    0.976826    2.008275 ^ input60/X (sky130_fd_sc_hd__clkdlybuf4s25_1)
                                                         net60 (net)
                      0.732575    0.000774    2.009049 ^ _355_/A2 (sky130_fd_sc_hd__a21boi_2)
     1    0.008971    0.161352    0.359593    2.368643 v _355_/Y (sky130_fd_sc_hd__a21boi_2)
                                                         _084_ (net)
                      0.161352    0.000286    2.368929 v _356_/B1 (sky130_fd_sc_hd__o21ai_4)
     3    0.022931    0.339598    0.199985    2.568914 ^ _356_/Y (sky130_fd_sc_hd__o21ai_4)
                                                         _085_ (net)
                      0.339598    0.000744    2.569658 ^ _407_/B1 (sky130_fd_sc_hd__o21ai_2)
     2    0.008439    0.127175    0.239241    2.808899 v _407_/Y (sky130_fd_sc_hd__o21ai_2)
                                                         _136_ (net)
                      0.127175    0.000313    2.809212 v _408_/B2 (sky130_fd_sc_hd__a2bb2oi_2)
     1    0.004844    0.175463    0.240411    3.049624 ^ _408_/Y (sky130_fd_sc_hd__a2bb2oi_2)
                                                         _137_ (net)
                      0.175463    0.000148    3.049772 ^ _409_/A (sky130_fd_sc_hd__nand2_2)
     2    0.015702    0.151836    0.208669    3.258441 v _409_/Y (sky130_fd_sc_hd__nand2_2)
                                                         _138_ (net)
                      0.151836    0.000604    3.259046 v _411_/A (sky130_fd_sc_hd__nand3_4)
     3    0.019950    0.146796    0.178100    3.437145 ^ _411_/Y (sky130_fd_sc_hd__nand3_4)
                                                         _140_ (net)
                      0.146797    0.000614    3.437760 ^ _415_/B (sky130_fd_sc_hd__nand3_4)
     3    0.016682    0.169814    0.223152    3.660912 v _415_/Y (sky130_fd_sc_hd__nand3_4)
                                                         _144_ (net)
                      0.169815    0.000772    3.661684 v _424_/B1 (sky130_fd_sc_hd__o22ai_4)
     4    0.031060    0.455843    0.454440    4.116124 ^ _424_/Y (sky130_fd_sc_hd__o22ai_4)
                                                         _153_ (net)
                      0.455845    0.000905    4.117028 ^ _470_/B1 (sky130_fd_sc_hd__o22ai_4)
     5    0.022035    0.185453    0.341970    4.458998 v _470_/Y (sky130_fd_sc_hd__o22ai_4)
                                                         _195_ (net)
                      0.185453    0.000665    4.459663 v max_cap99/A (sky130_fd_sc_hd__buf_6)
     3    0.028449    0.069043    0.310197    4.769860 v max_cap99/X (sky130_fd_sc_hd__buf_6)
                                                         net99 (net)
                      0.069044    0.000469    4.770329 v _480_/A1 (sky130_fd_sc_hd__a211o_4)
     1    0.009323    0.089875    0.614363    5.384692 v _480_/X (sky130_fd_sc_hd__a211o_4)
                                                         _204_ (net)
                      0.089875    0.000310    5.385002 v _482_/B (sky130_fd_sc_hd__nand2_4)
     1    0.009224    0.076850    0.125502    5.510503 ^ _482_/Y (sky130_fd_sc_hd__nand2_4)
                                                         net79 (net)
                      0.076851    0.000369    5.510872 ^ output79/A (sky130_fd_sc_hd__buf_8)
     1    0.035403    0.107143    0.219972    5.730844 ^ output79/X (sky130_fd_sc_hd__buf_8)
                                                         S[21] (net)
                      0.107152    0.001098    5.731942 ^ S[21] (out)
                                              5.731942   data arrival time

                      0.000000    5.000000    5.000000   clock __VIRTUAL_CLK__ (rise edge)
                                  0.000000    5.000000   clock network delay (ideal)
                                 -0.250000    4.750000   clock uncertainty
                                  0.000000    4.750000   clock reconvergence pessimism
                                 -1.000000    3.750000   output external delay
                                              3.750000   data required time
---------------------------------------------------------------------------------------------
                                              3.750000   data required time
                                             -5.731942   data arrival time
---------------------------------------------------------------------------------------------
                                             -1.981942   slack (VIOLATED)




===========================================================================
report_checks --slack_max -0.01
============================================================================
======================= nom_ss_100C_1v60 Corner ===================================

Startpoint: B[5] (input port clocked by __VIRTUAL_CLK__)
Endpoint: S[21] (output port clocked by __VIRTUAL_CLK__)
Path Group: __VIRTUAL_CLK__
Path Type: max

Fanout         Cap        Slew       Delay        Time   Description
---------------------------------------------------------------------------------------------
                      0.000000    0.000000    0.000000   clock __VIRTUAL_CLK__ (rise edge)
                                  0.000000    0.000000   clock network delay (ideal)
                                  1.000000    1.000000 ^ input external delay
     1    0.005477    0.050442    0.031449    1.031449 ^ B[5] (in)
                                                         B[5] (net)
                      0.050443    0.000000    1.031449 ^ input60/A (sky130_fd_sc_hd__clkdlybuf4s25_1)
     7    0.045829    0.732575    0.976826    2.008275 ^ input60/X (sky130_fd_sc_hd__clkdlybuf4s25_1)
                                                         net60 (net)
                      0.732575    0.000774    2.009049 ^ _355_/A2 (sky130_fd_sc_hd__a21boi_2)
     1    0.008971    0.161352    0.359593    2.368643 v _355_/Y (sky130_fd_sc_hd__a21boi_2)
                                                         _084_ (net)
                      0.161352    0.000286    2.368929 v _356_/B1 (sky130_fd_sc_hd__o21ai_4)
     3    0.022931    0.339598    0.199985    2.568914 ^ _356_/Y (sky130_fd_sc_hd__o21ai_4)
                                                         _085_ (net)
                      0.339598    0.000744    2.569658 ^ _407_/B1 (sky130_fd_sc_hd__o21ai_2)
     2    0.008439    0.127175    0.239241    2.808899 v _407_/Y (sky130_fd_sc_hd__o21ai_2)
                                                         _136_ (net)
                      0.127175    0.000313    2.809212 v _408_/B2 (sky130_fd_sc_hd__a2bb2oi_2)
     1    0.004844    0.175463    0.240411    3.049624 ^ _408_/Y (sky130_fd_sc_hd__a2bb2oi_2)
                                                         _137_ (net)
                      0.175463    0.000148    3.049772 ^ _409_/A (sky130_fd_sc_hd__nand2_2)
     2    0.015702    0.151836    0.208669    3.258441 v _409_/Y (sky130_fd_sc_hd__nand2_2)
                                                         _138_ (net)
                      0.151836    0.000604    3.259046 v _411_/A (sky130_fd_sc_hd__nand3_4)
     3    0.019950    0.146796    0.178100    3.437145 ^ _411_/Y (sky130_fd_sc_hd__nand3_4)
                                                         _140_ (net)
                      0.146797    0.000614    3.437760 ^ _415_/B (sky130_fd_sc_hd__nand3_4)
     3    0.016682    0.169814    0.223152    3.660912 v _415_/Y (sky130_fd_sc_hd__nand3_4)
                                                         _144_ (net)
                      0.169815    0.000772    3.661684 v _424_/B1 (sky130_fd_sc_hd__o22ai_4)
     4    0.031060    0.455843    0.454440    4.116124 ^ _424_/Y (sky130_fd_sc_hd__o22ai_4)
                                                         _153_ (net)
                      0.455845    0.000905    4.117028 ^ _470_/B1 (sky130_fd_sc_hd__o22ai_4)
     5    0.022035    0.185453    0.341970    4.458998 v _470_/Y (sky130_fd_sc_hd__o22ai_4)
                                                         _195_ (net)
                      0.185453    0.000665    4.459663 v max_cap99/A (sky130_fd_sc_hd__buf_6)
     3    0.028449    0.069043    0.310197    4.769860 v max_cap99/X (sky130_fd_sc_hd__buf_6)
                                                         net99 (net)
                      0.069044    0.000469    4.770329 v _480_/A1 (sky130_fd_sc_hd__a211o_4)
     1    0.009323    0.089875    0.614363    5.384692 v _480_/X (sky130_fd_sc_hd__a211o_4)
                                                         _204_ (net)
                      0.089875    0.000310    5.385002 v _482_/B (sky130_fd_sc_hd__nand2_4)
     1    0.009224    0.076850    0.125502    5.510503 ^ _482_/Y (sky130_fd_sc_hd__nand2_4)
                                                         net79 (net)
                      0.076851    0.000369    5.510872 ^ output79/A (sky130_fd_sc_hd__buf_8)
     1    0.035403    0.107143    0.219972    5.730844 ^ output79/X (sky130_fd_sc_hd__buf_8)
                                                         S[21] (net)
                      0.107152    0.001098    5.731942 ^ S[21] (out)
                                              5.731942   data arrival time

                      0.000000    5.000000    5.000000   clock __VIRTUAL_CLK__ (rise edge)
                                  0.000000    5.000000   clock network delay (ideal)
                                 -0.250000    4.750000   clock uncertainty
                                  0.000000    4.750000   clock reconvergence pessimism
                                 -1.000000    3.750000   output external delay
                                              3.750000   data required time
---------------------------------------------------------------------------------------------
                                              3.750000   data required time
                                             -5.731942   data arrival time
---------------------------------------------------------------------------------------------
                                             -1.981942   slack (VIOLATED)




===========================================================================
 report_check_types -max_slew -max_cap -max_fanout -violators
============================================================================
======================= nom_ss_100C_1v60 Corner ===================================



===========================================================================
report_parasitic_annotation -report_unannotated
============================================================================
Found 0 unannotated drivers.
Found 0 partially unannotated drivers.

===========================================================================
max slew violation count 0
max fanout violation count 0
max cap violation count 0
============================================================================

===========================================================================
check_setup -verbose -unconstrained_endpoints -multiple_clock -no_clock -no_input_delay -loops -generated_clocks
===========================================================================
