
===========================================================================
report_checks -unconstrained
===========================================================================
======================= nom_tt_025C_1v80 Corner ===================================

Startpoint: sub (input port clocked by __VIRTUAL_CLK__)
Endpoint: S[20] (output port clocked by __VIRTUAL_CLK__)
Path Group: __VIRTUAL_CLK__
Path Type: max

Fanout         Cap        Slew       Delay        Time   Description
---------------------------------------------------------------------------------------------
                      0.000000    0.000000    0.000000   clock __VIRTUAL_CLK__ (rise edge)
                                  0.000000    0.000000   clock network delay (ideal)
                                  0.800000    0.800000 v input external delay
     1    0.010054    0.024644    0.017152    0.817152 v sub (in)
                                                         sub (net)
                      0.024647    0.000000    0.817152 v input65/A (sky130_fd_sc_hd__buf_12)
     8    0.041573    0.038930    0.134507    0.951659 v input65/X (sky130_fd_sc_hd__buf_12)
                                                         net65 (net)
                      0.038974    0.001271    0.952930 v fanout106/A (sky130_fd_sc_hd__buf_8)
     3    0.012674    0.026520    0.121536    1.074466 v fanout106/X (sky130_fd_sc_hd__buf_8)
                                                         net106 (net)
                      0.026520    0.000283    1.074749 v fanout102/A (sky130_fd_sc_hd__buf_8)
     2    0.010755    0.025421    0.114277    1.189026 v fanout102/X (sky130_fd_sc_hd__buf_8)
                                                         net102 (net)
                      0.025421    0.000438    1.189464 v load_slew103/A (sky130_fd_sc_hd__buf_8)
     5    0.024402    0.033318    0.124021    1.313484 v load_slew103/X (sky130_fd_sc_hd__buf_8)
                                                         net103 (net)
                      0.033352    0.000973    1.314457 v fanout100/A (sky130_fd_sc_hd__buf_8)
     5    0.021850    0.031718    0.125786    1.440243 v fanout100/X (sky130_fd_sc_hd__buf_8)
                                                         net100 (net)
                      0.031731    0.000587    1.440830 v load_slew101/A (sky130_fd_sc_hd__buf_8)
     4    0.019713    0.030440    0.123388    1.564217 v load_slew101/X (sky130_fd_sc_hd__buf_8)
                                                         net101 (net)
                      0.030476    0.000687    1.564904 v _364_/A2 (sky130_fd_sc_hd__o21ai_4)
     2    0.013119    0.152156    0.153621    1.718524 ^ _364_/Y (sky130_fd_sc_hd__o21ai_4)
                                                         _093_ (net)
                      0.152156    0.000546    1.719070 ^ _365_/B1 (sky130_fd_sc_hd__a21oi_4)
     2    0.006266    0.064138    0.045637    1.764707 v _365_/Y (sky130_fd_sc_hd__a21oi_4)
                                                         _094_ (net)
                      0.064138    0.000214    1.764921 v _376_/A_N (sky130_fd_sc_hd__nand4b_4)
     2    0.012087    0.096016    0.200663    1.965584 v _376_/Y (sky130_fd_sc_hd__nand4b_4)
                                                         _105_ (net)
                      0.096016    0.000414    1.965998 v _377_/A (sky130_fd_sc_hd__nor2_4)
     3    0.022911    0.165514    0.201672    2.167670 ^ _377_/Y (sky130_fd_sc_hd__nor2_4)
                                                         _106_ (net)
                      0.165521    0.000945    2.168614 ^ _410_/A (sky130_fd_sc_hd__nand4_4)
     3    0.021342    0.137016    0.148803    2.317417 v _410_/Y (sky130_fd_sc_hd__nand4_4)
                                                         _139_ (net)
                      0.137019    0.000761    2.318178 v _415_/C (sky130_fd_sc_hd__nand3_4)
     3    0.028827    0.121899    0.172438    2.490616 ^ _415_/Y (sky130_fd_sc_hd__nand3_4)
                                                         _144_ (net)
                      0.121900    0.000677    2.491293 ^ _424_/B1 (sky130_fd_sc_hd__o22ai_4)
     2    0.014169    0.081292    0.104663    2.595956 v _424_/Y (sky130_fd_sc_hd__o22ai_4)
                                                         _153_ (net)
                      0.081294    0.000766    2.596722 v _470_/B1 (sky130_fd_sc_hd__o22ai_4)
     7    0.044164    0.370949    0.328727    2.925449 ^ _470_/Y (sky130_fd_sc_hd__o22ai_4)
                                                         _195_ (net)
                      0.370981    0.002868    2.928318 ^ rebuffer122/A (sky130_fd_sc_hd__buf_6)
     1    0.017545    0.051548    0.179633    3.107950 ^ rebuffer122/X (sky130_fd_sc_hd__buf_6)
                                                         net122 (net)
                      0.051561    0.000821    3.108771 ^ _471_/B (sky130_fd_sc_hd__xor2_4)
     1    0.005549    0.108070    0.146216    3.254987 ^ _471_/X (sky130_fd_sc_hd__xor2_4)
                                                         net78 (net)
                      0.108070    0.000140    3.255126 ^ output78/A (sky130_fd_sc_hd__buf_6)
     1    0.035425    0.079004    0.155008    3.410135 ^ output78/X (sky130_fd_sc_hd__buf_6)
                                                         S[20] (net)
                      0.079025    0.001299    3.411434 ^ S[20] (out)
                                              3.411434   data arrival time

                      0.000000    4.000000    4.000000   clock __VIRTUAL_CLK__ (rise edge)
                                  0.000000    4.000000   clock network delay (ideal)
                                 -0.250000    3.750000   clock uncertainty
                                  0.000000    3.750000   clock reconvergence pessimism
                                 -0.800000    2.950000   output external delay
                                              2.950000   data required time
---------------------------------------------------------------------------------------------
                                              2.950000   data required time
                                             -3.411434   data arrival time
---------------------------------------------------------------------------------------------
                                             -0.461434   slack (VIOLATED)




===========================================================================
report_checks --slack_max -0.01
============================================================================
======================= nom_tt_025C_1v80 Corner ===================================

Startpoint: sub (input port clocked by __VIRTUAL_CLK__)
Endpoint: S[20] (output port clocked by __VIRTUAL_CLK__)
Path Group: __VIRTUAL_CLK__
Path Type: max

Fanout         Cap        Slew       Delay        Time   Description
---------------------------------------------------------------------------------------------
                      0.000000    0.000000    0.000000   clock __VIRTUAL_CLK__ (rise edge)
                                  0.000000    0.000000   clock network delay (ideal)
                                  0.800000    0.800000 v input external delay
     1    0.010054    0.024644    0.017152    0.817152 v sub (in)
                                                         sub (net)
                      0.024647    0.000000    0.817152 v input65/A (sky130_fd_sc_hd__buf_12)
     8    0.041573    0.038930    0.134507    0.951659 v input65/X (sky130_fd_sc_hd__buf_12)
                                                         net65 (net)
                      0.038974    0.001271    0.952930 v fanout106/A (sky130_fd_sc_hd__buf_8)
     3    0.012674    0.026520    0.121536    1.074466 v fanout106/X (sky130_fd_sc_hd__buf_8)
                                                         net106 (net)
                      0.026520    0.000283    1.074749 v fanout102/A (sky130_fd_sc_hd__buf_8)
     2    0.010755    0.025421    0.114277    1.189026 v fanout102/X (sky130_fd_sc_hd__buf_8)
                                                         net102 (net)
                      0.025421    0.000438    1.189464 v load_slew103/A (sky130_fd_sc_hd__buf_8)
     5    0.024402    0.033318    0.124021    1.313484 v load_slew103/X (sky130_fd_sc_hd__buf_8)
                                                         net103 (net)
                      0.033352    0.000973    1.314457 v fanout100/A (sky130_fd_sc_hd__buf_8)
     5    0.021850    0.031718    0.125786    1.440243 v fanout100/X (sky130_fd_sc_hd__buf_8)
                                                         net100 (net)
                      0.031731    0.000587    1.440830 v load_slew101/A (sky130_fd_sc_hd__buf_8)
     4    0.019713    0.030440    0.123388    1.564217 v load_slew101/X (sky130_fd_sc_hd__buf_8)
                                                         net101 (net)
                      0.030476    0.000687    1.564904 v _364_/A2 (sky130_fd_sc_hd__o21ai_4)
     2    0.013119    0.152156    0.153621    1.718524 ^ _364_/Y (sky130_fd_sc_hd__o21ai_4)
                                                         _093_ (net)
                      0.152156    0.000546    1.719070 ^ _365_/B1 (sky130_fd_sc_hd__a21oi_4)
     2    0.006266    0.064138    0.045637    1.764707 v _365_/Y (sky130_fd_sc_hd__a21oi_4)
                                                         _094_ (net)
                      0.064138    0.000214    1.764921 v _376_/A_N (sky130_fd_sc_hd__nand4b_4)
     2    0.012087    0.096016    0.200663    1.965584 v _376_/Y (sky130_fd_sc_hd__nand4b_4)
                                                         _105_ (net)
                      0.096016    0.000414    1.965998 v _377_/A (sky130_fd_sc_hd__nor2_4)
     3    0.022911    0.165514    0.201672    2.167670 ^ _377_/Y (sky130_fd_sc_hd__nor2_4)
                                                         _106_ (net)
                      0.165521    0.000945    2.168614 ^ _410_/A (sky130_fd_sc_hd__nand4_4)
     3    0.021342    0.137016    0.148803    2.317417 v _410_/Y (sky130_fd_sc_hd__nand4_4)
                                                         _139_ (net)
                      0.137019    0.000761    2.318178 v _415_/C (sky130_fd_sc_hd__nand3_4)
     3    0.028827    0.121899    0.172438    2.490616 ^ _415_/Y (sky130_fd_sc_hd__nand3_4)
                                                         _144_ (net)
                      0.121900    0.000677    2.491293 ^ _424_/B1 (sky130_fd_sc_hd__o22ai_4)
     2    0.014169    0.081292    0.104663    2.595956 v _424_/Y (sky130_fd_sc_hd__o22ai_4)
                                                         _153_ (net)
                      0.081294    0.000766    2.596722 v _470_/B1 (sky130_fd_sc_hd__o22ai_4)
     7    0.044164    0.370949    0.328727    2.925449 ^ _470_/Y (sky130_fd_sc_hd__o22ai_4)
                                                         _195_ (net)
                      0.370981    0.002868    2.928318 ^ rebuffer122/A (sky130_fd_sc_hd__buf_6)
     1    0.017545    0.051548    0.179633    3.107950 ^ rebuffer122/X (sky130_fd_sc_hd__buf_6)
                                                         net122 (net)
                      0.051561    0.000821    3.108771 ^ _471_/B (sky130_fd_sc_hd__xor2_4)
     1    0.005549    0.108070    0.146216    3.254987 ^ _471_/X (sky130_fd_sc_hd__xor2_4)
                                                         net78 (net)
                      0.108070    0.000140    3.255126 ^ output78/A (sky130_fd_sc_hd__buf_6)
     1    0.035425    0.079004    0.155008    3.410135 ^ output78/X (sky130_fd_sc_hd__buf_6)
                                                         S[20] (net)
                      0.079025    0.001299    3.411434 ^ S[20] (out)
                                              3.411434   data arrival time

                      0.000000    4.000000    4.000000   clock __VIRTUAL_CLK__ (rise edge)
                                  0.000000    4.000000   clock network delay (ideal)
                                 -0.250000    3.750000   clock uncertainty
                                  0.000000    3.750000   clock reconvergence pessimism
                                 -0.800000    2.950000   output external delay
                                              2.950000   data required time
---------------------------------------------------------------------------------------------
                                              2.950000   data required time
                                             -3.411434   data arrival time
---------------------------------------------------------------------------------------------
                                             -0.461434   slack (VIOLATED)




===========================================================================
 report_check_types -max_slew -max_cap -max_fanout -violators
============================================================================
======================= nom_tt_025C_1v80 Corner ===================================



===========================================================================
report_parasitic_annotation -report_unannotated
============================================================================
Found 0 unannotated drivers.
Found 0 partially unannotated drivers.

===========================================================================
max slew violation count 0
Writing metric design__max_slew_violation__count__corner:nom_tt_025C_1v80: 0
max fanout violation count 0
Writing metric design__max_fanout_violation__count__corner:nom_tt_025C_1v80: 0
max cap violation count 0
Writing metric design__max_cap_violation__count__corner:nom_tt_025C_1v80: 0
============================================================================

===========================================================================
check_setup -verbose -unconstrained_endpoints -multiple_clock -no_clock -no_input_delay -loops -generated_clocks
===========================================================================
