
===========================================================================
Violator List
============================================================================
[setup in-out] sub -> S[27] : -2.153239
[setup in-out] sub -> S[29] : -2.090476
[setup in-out] sub -> S[31] : -1.946066
[setup in-out] sub -> S[21] : -1.917596
[setup in-out] sub -> S[23] : -1.866002
[setup in-out] sub -> S[25] : -1.720800
[setup in-out] sub -> carryOut : -1.720802
[setup in-out] sub -> S[19] : -1.719076
[setup in-out] sub -> S[15] : -1.641348
[setup in-out] sub -> S[30] : -1.622100
[setup in-out] sub -> S[17] : -1.610312
[setup in-out] sub -> S[10] : -1.581645
[setup in-out] sub -> S[20] : -1.572896
[setup in-out] sub -> S[13] : -1.444421
[setup in-out] sub -> S[22] : -1.437150
[setup in-out] sub -> S[6] : -1.431426
[setup in-out] sub -> S[5] : -1.415150
[setup in-out] sub -> S[28] : -1.409353
[setup in-out] sub -> S[26] : -1.386685
[setup in-out] sub -> S[18] : -1.233706
[setup in-out] sub -> S[24] : -1.205386
[setup in-out] sub -> S[14] : -1.157649
[setup in-out] sub -> S[11] : -1.137184
[setup in-out] sub -> S[16] : -1.083114
[setup in-out] sub -> S[7] : -1.012472
[setup in-out] sub -> S[9] : -0.898619
[setup in-out] sub -> S[3] : -0.815937
[setup in-out] sub -> S[12] : -0.734107
[setup in-out] sub -> S[4] : -0.718955
[setup in-out] sub -> S[8] : -0.518111
[setup in-out] sub -> S[2] : -0.090259
