┏━━━━━━━━━━━━━━━━━━━━━━┳━━━━━━━━━━┳━━━━━━━━━━┳━━━━━━━━━━┳━━━━━━━━━━┳━━━━━━━━━━━┳━━━━━━━━━━┳━━━━━━━━━━━┳━━━━━━━━━━┳━━━━━━━━━━━┳━━━━━━━━━━┳━━━━━━━━━━━┳━━━━━━━━━━┓
┃                      ┃ Hold     ┃ Reg to   ┃          ┃          ┃ of which  ┃ Setup    ┃           ┃          ┃           ┃ of which ┃           ┃          ┃
┃                      ┃ Worst    ┃ Reg      ┃          ┃ Hold Vio ┃ reg to    ┃ Worst    ┃ Reg to    ┃ Setup    ┃ Setup Vio ┃ reg to   ┃ Max Cap   ┃ Max Slew ┃
┃ Corner/Group         ┃ Slack    ┃ Paths    ┃ Hold TNS ┃ Count    ┃ reg       ┃ Slack    ┃ Reg Paths ┃ TNS      ┃ Count     ┃ reg      ┃ Violatio… ┃ Violati… ┃
┡━━━━━━━━━━━━━━━━━━━━━━╇━━━━━━━━━━╇━━━━━━━━━━╇━━━━━━━━━━╇━━━━━━━━━━╇━━━━━━━━━━━╇━━━━━━━━━━╇━━━━━━━━━━━╇━━━━━━━━━━╇━━━━━━━━━━━╇━━━━━━━━━━╇━━━━━━━━━━━╇━━━━━━━━━━┩
│ Overall              │ 7.8942   │ N/A      │ 0.0000   │ 0        │ 0         │ 2.7980   │ N/A       │ 0.0000   │ 0         │ 0        │ 1         │ 91       │
│ nom_tt_025C_1v80     │ 7.9687   │ N/A      │ 0.0000   │ 0        │ 0         │ 7.7012   │ N/A       │ 0.0000   │ 0         │ 0        │ 0         │ 24       │
│ nom_ss_100C_1v60     │ 8.1814   │ N/A      │ 0.0000   │ 0        │ 0         │ 2.7980   │ N/A       │ 0.0000   │ 0         │ 0        │ 1         │ 91       │
│ nom_ff_n40C_1v95     │ 7.8942   │ N/A      │ 0.0000   │ 0        │ 0         │ 9.3475   │ N/A       │ 0.0000   │ 0         │ 0        │ 0         │ 24       │
└──────────────────────┴──────────┴──────────┴──────────┴──────────┴───────────┴──────────┴───────────┴──────────┴───────────┴──────────┴───────────┴──────────┘
