
===========================================================================
report_checks -path_delay min (Hold)
============================================================================
======================= max_tt_025C_1v80 Corner ===================================

Startpoint: A[31] (input port clocked by __VIRTUAL_CLK__)
Endpoint: carryOut (output port clocked by __VIRTUAL_CLK__)
Path Group: __VIRTUAL_CLK__
Path Type: min

Fanout         Cap        Slew       Delay        Time   Description
---------------------------------------------------------------------------------------------
                      0.000000    0.000000    0.000000   clock __VIRTUAL_CLK__ (rise edge)
                                  0.000000    0.000000   clock network delay (ideal)
                                  2.000000    2.000000 v input external delay
     1    0.004442    0.012431    0.006904    2.006904 v A[31] (in)
                                                         A[31] (net)
                      0.012436    0.000000    2.006904 v input25/A (sky130_fd_sc_hd__clkdlybuf4s25_1)
     2    0.007872    0.073248    0.246021    2.252925 v input25/X (sky130_fd_sc_hd__clkdlybuf4s25_1)
                                                         net25 (net)
                      0.073251    0.000555    2.253479 v _333_/A (sky130_fd_sc_hd__nand2_2)
     2    0.010610    0.066269    0.082929    2.336408 ^ _333_/Y (sky130_fd_sc_hd__nand2_2)
                                                         _188_ (net)
                      0.066304    0.000626    2.337034 ^ _369_/B1 (sky130_fd_sc_hd__o21ai_2)
     1    0.005909    0.036566    0.055955    2.392990 v _369_/Y (sky130_fd_sc_hd__o21ai_2)
                                                         net98 (net)
                      0.036572    0.000416    2.393405 v output98/A (sky130_fd_sc_hd__buf_6)
     1    0.035603    0.045057    0.126538    2.519943 v output98/X (sky130_fd_sc_hd__buf_6)
                                                         carryOut (net)
                      0.045154    0.001728    2.521671 v carryOut (out)
                                              2.521671   data arrival time

                      0.000000    0.000000    0.000000   clock __VIRTUAL_CLK__ (rise edge)
                                  0.000000    0.000000   clock network delay (ideal)
                                  0.250000    0.250000   clock uncertainty
                                  0.000000    0.250000   clock reconvergence pessimism
                                 -2.000000   -1.750000   output external delay
                                             -1.750000   data required time
---------------------------------------------------------------------------------------------
                                             -1.750000   data required time
                                             -2.521671   data arrival time
---------------------------------------------------------------------------------------------
                                              4.271671   slack (MET)


Startpoint: A[31] (input port clocked by __VIRTUAL_CLK__)
Endpoint: S[31] (output port clocked by __VIRTUAL_CLK__)
Path Group: __VIRTUAL_CLK__
Path Type: min

Fanout         Cap        Slew       Delay        Time   Description
---------------------------------------------------------------------------------------------
                      0.000000    0.000000    0.000000   clock __VIRTUAL_CLK__ (rise edge)
                                  0.000000    0.000000   clock network delay (ideal)
                                  2.000000    2.000000 ^ input external delay
     1    0.004667    0.027843    0.016010    2.016010 ^ A[31] (in)
                                                         A[31] (net)
                      0.027845    0.000000    2.016010 ^ input25/A (sky130_fd_sc_hd__clkdlybuf4s25_1)
     2    0.008280    0.094887    0.261536    2.277545 ^ input25/X (sky130_fd_sc_hd__clkdlybuf4s25_1)
                                                         net25 (net)
                      0.094889    0.000583    2.278128 ^ _333_/A (sky130_fd_sc_hd__nand2_2)
     2    0.009919    0.055433    0.068696    2.346824 v _333_/Y (sky130_fd_sc_hd__nand2_2)
                                                         _188_ (net)
                      0.055463    0.000534    2.347358 v _334_/B (sky130_fd_sc_hd__nand2_2)
     2    0.015584    0.089170    0.100728    2.448085 ^ _334_/Y (sky130_fd_sc_hd__nand2_2)
                                                         _189_ (net)
                      0.089176    0.000584    2.448669 ^ _336_/A (sky130_fd_sc_hd__xor2_2)
     1    0.005530    0.036531    0.073374    2.522043 v _336_/X (sky130_fd_sc_hd__xor2_2)
                                                         net90 (net)
                      0.036531    0.000389    2.522432 v output90/A (sky130_fd_sc_hd__buf_6)
     1    0.036125    0.045518    0.126745    2.649177 v output90/X (sky130_fd_sc_hd__buf_6)
                                                         S[31] (net)
                      0.045648    0.001991    2.651168 v S[31] (out)
                                              2.651168   data arrival time

                      0.000000    0.000000    0.000000   clock __VIRTUAL_CLK__ (rise edge)
                                  0.000000    0.000000   clock network delay (ideal)
                                  0.250000    0.250000   clock uncertainty
                                  0.000000    0.250000   clock reconvergence pessimism
                                 -2.000000   -1.750000   output external delay
                                             -1.750000   data required time
---------------------------------------------------------------------------------------------
                                             -1.750000   data required time
                                             -2.651168   data arrival time
---------------------------------------------------------------------------------------------
                                              4.401168   slack (MET)


Startpoint: A[24] (input port clocked by __VIRTUAL_CLK__)
Endpoint: S[25] (output port clocked by __VIRTUAL_CLK__)
Path Group: __VIRTUAL_CLK__
Path Type: min

Fanout         Cap        Slew       Delay        Time   Description
---------------------------------------------------------------------------------------------
                      0.000000    0.000000    0.000000   clock __VIRTUAL_CLK__ (rise edge)
                                  0.000000    0.000000   clock network delay (ideal)
                                  2.000000    2.000000 ^ input external delay
     1    0.003290    0.021853    0.011479    2.011479 ^ A[24] (in)
                                                         A[24] (net)
                      0.021862    0.000000    2.011479 ^ input17/A (sky130_fd_sc_hd__clkdlybuf4s25_1)
     2    0.011251    0.123255    0.278977    2.290456 ^ input17/X (sky130_fd_sc_hd__clkdlybuf4s25_1)
                                                         net17 (net)
                      0.123257    0.000766    2.291222 ^ _274_/A (sky130_fd_sc_hd__nand2_2)
     3    0.016215    0.074649    0.095061    2.386283 v _274_/Y (sky130_fd_sc_hd__nand2_2)
                                                         _136_ (net)
                      0.074700    0.001496    2.387780 v _289_/A (sky130_fd_sc_hd__nand2_2)
     1    0.008730    0.058042    0.077017    2.464797 ^ _289_/Y (sky130_fd_sc_hd__nand2_2)
                                                         _150_ (net)
                      0.058077    0.000632    2.465429 ^ _290_/B (sky130_fd_sc_hd__xnor2_2)
     1    0.006690    0.043387    0.063162    2.528591 v _290_/Y (sky130_fd_sc_hd__xnor2_2)
                                                         net83 (net)
                      0.043394    0.000511    2.529102 v output83/A (sky130_fd_sc_hd__buf_6)
     1    0.035470    0.044974    0.129162    2.658263 v output83/X (sky130_fd_sc_hd__buf_6)
                                                         S[25] (net)
                      0.045095    0.001918    2.660181 v S[25] (out)
                                              2.660181   data arrival time

                      0.000000    0.000000    0.000000   clock __VIRTUAL_CLK__ (rise edge)
                                  0.000000    0.000000   clock network delay (ideal)
                                  0.250000    0.250000   clock uncertainty
                                  0.000000    0.250000   clock reconvergence pessimism
                                 -2.000000   -1.750000   output external delay
                                             -1.750000   data required time
---------------------------------------------------------------------------------------------
                                             -1.750000   data required time
                                             -2.660181   data arrival time
---------------------------------------------------------------------------------------------
                                              4.410181   slack (MET)


Startpoint: A[8] (input port clocked by __VIRTUAL_CLK__)
Endpoint: S[9] (output port clocked by __VIRTUAL_CLK__)
Path Group: __VIRTUAL_CLK__
Path Type: min

Fanout         Cap        Slew       Delay        Time   Description
---------------------------------------------------------------------------------------------
                      0.000000    0.000000    0.000000   clock __VIRTUAL_CLK__ (rise edge)
                                  0.000000    0.000000   clock network delay (ideal)
                                  2.000000    2.000000 ^ input external delay
     1    0.003867    0.024372    0.013402    2.013402 ^ A[8] (in)
                                                         A[8] (net)
                      0.024373    0.000000    2.013402 ^ input31/A (sky130_fd_sc_hd__clkdlybuf4s25_1)
     2    0.014238    0.152027    0.299228    2.312629 ^ input31/X (sky130_fd_sc_hd__clkdlybuf4s25_1)
                                                         net31 (net)
                      0.152027    0.000217    2.312846 ^ _376_/A (sky130_fd_sc_hd__nand2_2)
     3    0.011692    0.069091    0.088092    2.400938 v _376_/Y (sky130_fd_sc_hd__nand2_2)
                                                         _005_ (net)
                      0.069098    0.000740    2.401678 v _355_/A (sky130_fd_sc_hd__nand2_2)
     1    0.008679    0.057154    0.074630    2.476308 ^ _355_/Y (sky130_fd_sc_hd__nand2_2)
                                                         _200_ (net)
                      0.057156    0.000389    2.476697 ^ _356_/B (sky130_fd_sc_hd__xnor2_2)
     1    0.007018    0.044639    0.064024    2.540721 v _356_/Y (sky130_fd_sc_hd__xnor2_2)
                                                         net97 (net)
                      0.044646    0.000533    2.541254 v output97/A (sky130_fd_sc_hd__buf_6)
     1    0.035739    0.045149    0.129951    2.671205 v output97/X (sky130_fd_sc_hd__buf_6)
                                                         S[9] (net)
                      0.045248    0.001748    2.672953 v S[9] (out)
                                              2.672953   data arrival time

                      0.000000    0.000000    0.000000   clock __VIRTUAL_CLK__ (rise edge)
                                  0.000000    0.000000   clock network delay (ideal)
                                  0.250000    0.250000   clock uncertainty
                                  0.000000    0.250000   clock reconvergence pessimism
                                 -2.000000   -1.750000   output external delay
                                             -1.750000   data required time
---------------------------------------------------------------------------------------------
                                             -1.750000   data required time
                                             -2.672953   data arrival time
---------------------------------------------------------------------------------------------
                                              4.422953   slack (MET)


Startpoint: A[16] (input port clocked by __VIRTUAL_CLK__)
Endpoint: S[17] (output port clocked by __VIRTUAL_CLK__)
Path Group: __VIRTUAL_CLK__
Path Type: min

Fanout         Cap        Slew       Delay        Time   Description
---------------------------------------------------------------------------------------------
                      0.000000    0.000000    0.000000   clock __VIRTUAL_CLK__ (rise edge)
                                  0.000000    0.000000   clock network delay (ideal)
                                  2.000000    2.000000 ^ input external delay
     1    0.004144    0.025572    0.014331    2.014331 ^ A[16] (in)
                                                         A[16] (net)
                      0.025574    0.000000    2.014331 ^ input8/A (sky130_fd_sc_hd__clkdlybuf4s25_1)
     3    0.010996    0.120822    0.278432    2.292764 ^ input8/X (sky130_fd_sc_hd__clkdlybuf4s25_1)
                                                         net8 (net)
                      0.120824    0.000689    2.293452 ^ _216_/A (sky130_fd_sc_hd__nand2_2)
     2    0.010022    0.058559    0.076200    2.369653 v _216_/Y (sky130_fd_sc_hd__nand2_2)
                                                         _086_ (net)
                      0.058567    0.000653    2.370306 v _222_/B1 (sky130_fd_sc_hd__o21ai_2)
     1    0.008951    0.070426    0.073404    2.443710 ^ _222_/Y (sky130_fd_sc_hd__o21ai_2)
                                                         _091_ (net)
                      0.070432    0.000653    2.444362 ^ _223_/B (sky130_fd_sc_hd__xnor2_2)
     1    0.003649    0.032578    0.055782    2.500145 v _223_/Y (sky130_fd_sc_hd__xnor2_2)
                                                         net74 (net)
                      0.032578    0.000145    2.500289 v output74/A (sky130_fd_sc_hd__clkbuf_2)
     1    0.034959    0.134509    0.174696    2.674985 v output74/X (sky130_fd_sc_hd__clkbuf_2)
                                                         S[17] (net)
                      0.134534    0.001676    2.676662 v S[17] (out)
                                              2.676662   data arrival time

                      0.000000    0.000000    0.000000   clock __VIRTUAL_CLK__ (rise edge)
                                  0.000000    0.000000   clock network delay (ideal)
                                  0.250000    0.250000   clock uncertainty
                                  0.000000    0.250000   clock reconvergence pessimism
                                 -2.000000   -1.750000   output external delay
                                             -1.750000   data required time
---------------------------------------------------------------------------------------------
                                             -1.750000   data required time
                                             -2.676662   data arrival time
---------------------------------------------------------------------------------------------
                                              4.426662   slack (MET)


Startpoint: A[26] (input port clocked by __VIRTUAL_CLK__)
Endpoint: S[26] (output port clocked by __VIRTUAL_CLK__)
Path Group: __VIRTUAL_CLK__
Path Type: min

Fanout         Cap        Slew       Delay        Time   Description
---------------------------------------------------------------------------------------------
                      0.000000    0.000000    0.000000   clock __VIRTUAL_CLK__ (rise edge)
                                  0.000000    0.000000   clock network delay (ideal)
                                  2.000000    2.000000 ^ input external delay
     1    0.004409    0.026724    0.015208    2.015208 ^ A[26] (in)
                                                         A[26] (net)
                      0.026726    0.000000    2.015208 ^ input19/A (sky130_fd_sc_hd__clkdlybuf4s25_1)
     2    0.009673    0.108084    0.270303    2.285511 ^ input19/X (sky130_fd_sc_hd__clkdlybuf4s25_1)
                                                         net19 (net)
                      0.108084    0.000525    2.286035 ^ _294_/A (sky130_fd_sc_hd__nand3_2)
     2    0.008208    0.067169    0.084325    2.370360 v _294_/Y (sky130_fd_sc_hd__nand3_2)
                                                         _154_ (net)
                      0.067170    0.000308    2.370668 v _295_/B (sky130_fd_sc_hd__nand2b_2)
     3    0.018544    0.110618    0.116088    2.486756 ^ _295_/Y (sky130_fd_sc_hd__nand2b_2)
                                                         _155_ (net)
                      0.110631    0.001176    2.487931 ^ _298_/A (sky130_fd_sc_hd__xnor2_2)
     1    0.005205    0.037247    0.078662    2.566593 v _298_/Y (sky130_fd_sc_hd__xnor2_2)
                                                         net84 (net)
                      0.037256    0.000234    2.566828 v output84/A (sky130_fd_sc_hd__buf_6)
     1    0.036461    0.045800    0.127224    2.694051 v output84/X (sky130_fd_sc_hd__buf_6)
                                                         S[26] (net)
                      0.045942    0.002083    2.696134 v S[26] (out)
                                              2.696134   data arrival time

                      0.000000    0.000000    0.000000   clock __VIRTUAL_CLK__ (rise edge)
                                  0.000000    0.000000   clock network delay (ideal)
                                  0.250000    0.250000   clock uncertainty
                                  0.000000    0.250000   clock reconvergence pessimism
                                 -2.000000   -1.750000   output external delay
                                             -1.750000   data required time
---------------------------------------------------------------------------------------------
                                             -1.750000   data required time
                                             -2.696134   data arrival time
---------------------------------------------------------------------------------------------
                                              4.446133   slack (MET)


Startpoint: A[30] (input port clocked by __VIRTUAL_CLK__)
Endpoint: S[30] (output port clocked by __VIRTUAL_CLK__)
Path Group: __VIRTUAL_CLK__
Path Type: min

Fanout         Cap        Slew       Delay        Time   Description
---------------------------------------------------------------------------------------------
                      0.000000    0.000000    0.000000   clock __VIRTUAL_CLK__ (rise edge)
                                  0.000000    0.000000   clock network delay (ideal)
                                  2.000000    2.000000 v input external delay
     1    0.003961    0.011327    0.006126    2.006126 v A[30] (in)
                                                         A[30] (net)
                      0.011330    0.000000    2.006126 v input24/A (sky130_fd_sc_hd__clkdlybuf4s25_1)
     2    0.009866    0.085677    0.256420    2.262546 v input24/X (sky130_fd_sc_hd__clkdlybuf4s25_1)
                                                         net24 (net)
                      0.085679    0.000589    2.263135 v _325_/A (sky130_fd_sc_hd__nand3_2)
     2    0.008449    0.060483    0.083327    2.346462 ^ _325_/Y (sky130_fd_sc_hd__nand3_2)
                                                         _181_ (net)
                      0.060484    0.000385    2.346847 ^ _326_/B (sky130_fd_sc_hd__and2b_2)
     1    0.009519    0.064028    0.153662    2.500509 ^ _326_/X (sky130_fd_sc_hd__and2b_2)
                                                         _182_ (net)
                      0.064030    0.000438    2.500947 ^ _330_/A (sky130_fd_sc_hd__xnor2_2)
     1    0.006000    0.041259    0.070468    2.571415 v _330_/Y (sky130_fd_sc_hd__xnor2_2)
                                                         net89 (net)
                      0.041265    0.000457    2.571872 v output89/A (sky130_fd_sc_hd__buf_6)
     1    0.035142    0.044705    0.128105    2.699977 v output89/X (sky130_fd_sc_hd__buf_6)
                                                         S[30] (net)
                      0.044815    0.001822    2.701798 v S[30] (out)
                                              2.701798   data arrival time

                      0.000000    0.000000    0.000000   clock __VIRTUAL_CLK__ (rise edge)
                                  0.000000    0.000000   clock network delay (ideal)
                                  0.250000    0.250000   clock uncertainty
                                  0.000000    0.250000   clock reconvergence pessimism
                                 -2.000000   -1.750000   output external delay
                                             -1.750000   data required time
---------------------------------------------------------------------------------------------
                                             -1.750000   data required time
                                             -2.701798   data arrival time
---------------------------------------------------------------------------------------------
                                              4.451798   slack (MET)


Startpoint: B[0] (input port clocked by __VIRTUAL_CLK__)
Endpoint: S[0] (output port clocked by __VIRTUAL_CLK__)
Path Group: __VIRTUAL_CLK__
Path Type: min

Fanout         Cap        Slew       Delay        Time   Description
---------------------------------------------------------------------------------------------
                      0.000000    0.000000    0.000000   clock __VIRTUAL_CLK__ (rise edge)
                                  0.000000    0.000000   clock network delay (ideal)
                                  2.000000    2.000000 ^ input external delay
     1    0.003614    0.023270    0.012566    2.012566 ^ B[0] (in)
                                                         B[0] (net)
                      0.023272    0.000000    2.012566 ^ input33/A (sky130_fd_sc_hd__dlymetal6s2s_1)
     3    0.023459    0.247204    0.211719    2.224286 ^ input33/X (sky130_fd_sc_hd__dlymetal6s2s_1)
                                                         net33 (net)
                      0.247213    0.001186    2.225471 ^ _337_/B (sky130_fd_sc_hd__xor2_2)
     1    0.003651    0.032330    0.091325    2.316796 v _337_/X (sky130_fd_sc_hd__xor2_2)
                                                         net66 (net)
                      0.032330    0.000237    2.317033 v output66/A (sky130_fd_sc_hd__clkdlybuf4s25_1)
     1    0.035408    0.263678    0.393261    2.710294 v output66/X (sky130_fd_sc_hd__clkdlybuf4s25_1)
                                                         S[0] (net)
                      0.263689    0.001814    2.712108 v S[0] (out)
                                              2.712108   data arrival time

                      0.000000    0.000000    0.000000   clock __VIRTUAL_CLK__ (rise edge)
                                  0.000000    0.000000   clock network delay (ideal)
                                  0.250000    0.250000   clock uncertainty
                                  0.000000    0.250000   clock reconvergence pessimism
                                 -2.000000   -1.750000   output external delay
                                             -1.750000   data required time
---------------------------------------------------------------------------------------------
                                             -1.750000   data required time
                                             -2.712108   data arrival time
---------------------------------------------------------------------------------------------
                                              4.462108   slack (MET)


Startpoint: A[22] (input port clocked by __VIRTUAL_CLK__)
Endpoint: S[22] (output port clocked by __VIRTUAL_CLK__)
Path Group: __VIRTUAL_CLK__
Path Type: min

Fanout         Cap        Slew       Delay        Time   Description
---------------------------------------------------------------------------------------------
                      0.000000    0.000000    0.000000   clock __VIRTUAL_CLK__ (rise edge)
                                  0.000000    0.000000   clock network delay (ideal)
                                  2.000000    2.000000 ^ input external delay
     1    0.004368    0.026546    0.015072    2.015072 ^ A[22] (in)
                                                         A[22] (net)
                      0.026547    0.000000    2.015072 ^ input15/A (sky130_fd_sc_hd__clkdlybuf4s25_1)
     3    0.019258    0.200581    0.332285    2.347357 ^ input15/X (sky130_fd_sc_hd__clkdlybuf4s25_1)
                                                         net15 (net)
                      0.200584    0.001043    2.348400 ^ _257_/A (sky130_fd_sc_hd__xnor2_2)
     2    0.016004    0.093961    0.171758    2.520158 ^ _257_/Y (sky130_fd_sc_hd__xnor2_2)
                                                         _121_ (net)
                      0.093974    0.001070    2.521229 ^ _262_/A (sky130_fd_sc_hd__xnor2_2)
     1    0.004636    0.035637    0.072914    2.594143 v _262_/Y (sky130_fd_sc_hd__xnor2_2)
                                                         net80 (net)
                      0.035637    0.000207    2.594350 v output80/A (sky130_fd_sc_hd__buf_6)
     1    0.035647    0.045063    0.126250    2.720600 v output80/X (sky130_fd_sc_hd__buf_6)
                                                         S[22] (net)
                      0.045149    0.001638    2.722237 v S[22] (out)
                                              2.722237   data arrival time

                      0.000000    0.000000    0.000000   clock __VIRTUAL_CLK__ (rise edge)
                                  0.000000    0.000000   clock network delay (ideal)
                                  0.250000    0.250000   clock uncertainty
                                  0.000000    0.250000   clock reconvergence pessimism
                                 -2.000000   -1.750000   output external delay
                                             -1.750000   data required time
---------------------------------------------------------------------------------------------
                                             -1.750000   data required time
                                             -2.722237   data arrival time
---------------------------------------------------------------------------------------------
                                              4.472237   slack (MET)


Startpoint: A[19] (input port clocked by __VIRTUAL_CLK__)
Endpoint: S[19] (output port clocked by __VIRTUAL_CLK__)
Path Group: __VIRTUAL_CLK__
Path Type: min

Fanout         Cap        Slew       Delay        Time   Description
---------------------------------------------------------------------------------------------
                      0.000000    0.000000    0.000000   clock __VIRTUAL_CLK__ (rise edge)
                                  0.000000    0.000000   clock network delay (ideal)
                                  2.000000    2.000000 ^ input external delay
     1    0.004529    0.027243    0.015568    2.015568 ^ A[19] (in)
                                                         A[19] (net)
                      0.027244    0.000000    2.015568 ^ input11/A (sky130_fd_sc_hd__clkdlybuf4s25_1)
     2    0.011238    0.123135    0.280582    2.296150 ^ input11/X (sky130_fd_sc_hd__clkdlybuf4s25_1)
                                                         net11 (net)
                      0.123137    0.000668    2.296818 ^ _236_/A (sky130_fd_sc_hd__nand3_2)
     2    0.008220    0.067265    0.088590    2.385408 v _236_/Y (sky130_fd_sc_hd__nand3_2)
                                                         _103_ (net)
                      0.067266    0.000348    2.385756 v _237_/B (sky130_fd_sc_hd__nand2b_2)
     2    0.012644    0.080635    0.096928    2.482685 ^ _237_/Y (sky130_fd_sc_hd__nand2b_2)
                                                         _104_ (net)
                      0.080642    0.000792    2.483476 ^ _241_/A (sky130_fd_sc_hd__xor2_2)
     1    0.005509    0.036457    0.071039    2.554516 v _241_/X (sky130_fd_sc_hd__xor2_2)
                                                         net76 (net)
                      0.036457    0.000325    2.554841 v output76/A (sky130_fd_sc_hd__buf_2)
     1    0.035134    0.091935    0.168210    2.723050 v output76/X (sky130_fd_sc_hd__buf_2)
                                                         S[19] (net)
                      0.091981    0.001784    2.724834 v S[19] (out)
                                              2.724834   data arrival time

                      0.000000    0.000000    0.000000   clock __VIRTUAL_CLK__ (rise edge)
                                  0.000000    0.000000   clock network delay (ideal)
                                  0.250000    0.250000   clock uncertainty
                                  0.000000    0.250000   clock reconvergence pessimism
                                 -2.000000   -1.750000   output external delay
                                             -1.750000   data required time
---------------------------------------------------------------------------------------------
                                             -1.750000   data required time
                                             -2.724834   data arrival time
---------------------------------------------------------------------------------------------
                                              4.474834   slack (MET)


Startpoint: A[23] (input port clocked by __VIRTUAL_CLK__)
Endpoint: S[23] (output port clocked by __VIRTUAL_CLK__)
Path Group: __VIRTUAL_CLK__
Path Type: min

Fanout         Cap        Slew       Delay        Time   Description
---------------------------------------------------------------------------------------------
                      0.000000    0.000000    0.000000   clock __VIRTUAL_CLK__ (rise edge)
                                  0.000000    0.000000   clock network delay (ideal)
                                  2.000000    2.000000 v input external delay
     1    0.003550    0.010359    0.005469    2.005469 v A[23] (in)
                                                         A[23] (net)
                      0.010362    0.000000    2.005469 v input16/A (sky130_fd_sc_hd__clkdlybuf4s25_1)
     2    0.010523    0.090140    0.259446    2.264915 v input16/X (sky130_fd_sc_hd__clkdlybuf4s25_1)
                                                         net16 (net)
                      0.090144    0.000667    2.265582 v _266_/B1 (sky130_fd_sc_hd__a21oi_2)
     2    0.005723    0.099425    0.125742    2.391324 ^ _266_/Y (sky130_fd_sc_hd__a21oi_2)
                                                         _129_ (net)
                      0.099427    0.000452    2.391776 ^ _267_/B (sky130_fd_sc_hd__or2_4)
     2    0.011994    0.050229    0.132045    2.523821 ^ _267_/X (sky130_fd_sc_hd__or2_4)
                                                         _130_ (net)
                      0.050245    0.000808    2.524629 ^ _271_/A (sky130_fd_sc_hd__xnor2_2)
     1    0.007874    0.047810    0.073152    2.597781 v _271_/Y (sky130_fd_sc_hd__xnor2_2)
                                                         net81 (net)
                      0.047817    0.000536    2.598317 v output81/A (sky130_fd_sc_hd__buf_6)
     1    0.034699    0.044328    0.130540    2.728857 v output81/X (sky130_fd_sc_hd__buf_6)
                                                         S[23] (net)
                      0.044430    0.001755    2.730612 v S[23] (out)
                                              2.730612   data arrival time

                      0.000000    0.000000    0.000000   clock __VIRTUAL_CLK__ (rise edge)
                                  0.000000    0.000000   clock network delay (ideal)
                                  0.250000    0.250000   clock uncertainty
                                  0.000000    0.250000   clock reconvergence pessimism
                                 -2.000000   -1.750000   output external delay
                                             -1.750000   data required time
---------------------------------------------------------------------------------------------
                                             -1.750000   data required time
                                             -2.730612   data arrival time
---------------------------------------------------------------------------------------------
                                              4.480612   slack (MET)


Startpoint: A[10] (input port clocked by __VIRTUAL_CLK__)
Endpoint: S[11] (output port clocked by __VIRTUAL_CLK__)
Path Group: __VIRTUAL_CLK__
Path Type: min

Fanout         Cap        Slew       Delay        Time   Description
---------------------------------------------------------------------------------------------
                      0.000000    0.000000    0.000000   clock __VIRTUAL_CLK__ (rise edge)
                                  0.000000    0.000000   clock network delay (ideal)
                                  2.000000    2.000000 ^ input external delay
     1    0.005110    0.029776    0.017363    2.017363 ^ A[10] (in)
                                                         A[10] (net)
                      0.029778    0.000000    2.017363 ^ input2/A (sky130_fd_sc_hd__clkdlybuf4s25_1)
     3    0.025192    0.258135    0.371538    2.388901 ^ input2/X (sky130_fd_sc_hd__clkdlybuf4s25_1)
                                                         net2 (net)
                      0.258150    0.002058    2.390958 ^ _373_/A (sky130_fd_sc_hd__nand2_2)
     1    0.007312    0.039360    0.085874    2.476833 v _373_/Y (sky130_fd_sc_hd__nand2_2)
                                                         _002_ (net)
                      0.039370    0.000563    2.477396 v _359_/B1 (sky130_fd_sc_hd__o21ai_2)
     1    0.010687    0.078952    0.071508    2.548903 ^ _359_/Y (sky130_fd_sc_hd__o21ai_2)
                                                         _202_ (net)
                      0.078969    0.000834    2.549737 ^ _360_/B (sky130_fd_sc_hd__xnor2_2)
     1    0.005229    0.039148    0.062691    2.612428 v _360_/Y (sky130_fd_sc_hd__xnor2_2)
                                                         net68 (net)
                      0.039153    0.000367    2.612794 v output68/A (sky130_fd_sc_hd__buf_6)
     1    0.035764    0.045203    0.127647    2.740442 v output68/X (sky130_fd_sc_hd__buf_6)
                                                         S[11] (net)
                      0.045316    0.001859    2.742301 v S[11] (out)
                                              2.742301   data arrival time

                      0.000000    0.000000    0.000000   clock __VIRTUAL_CLK__ (rise edge)
                                  0.000000    0.000000   clock network delay (ideal)
                                  0.250000    0.250000   clock uncertainty
                                  0.000000    0.250000   clock reconvergence pessimism
                                 -2.000000   -1.750000   output external delay
                                             -1.750000   data required time
---------------------------------------------------------------------------------------------
                                             -1.750000   data required time
                                             -2.742301   data arrival time
---------------------------------------------------------------------------------------------
                                              4.492301   slack (MET)


Startpoint: A[28] (input port clocked by __VIRTUAL_CLK__)
Endpoint: S[29] (output port clocked by __VIRTUAL_CLK__)
Path Group: __VIRTUAL_CLK__
Path Type: min

Fanout         Cap        Slew       Delay        Time   Description
---------------------------------------------------------------------------------------------
                      0.000000    0.000000    0.000000   clock __VIRTUAL_CLK__ (rise edge)
                                  0.000000    0.000000   clock network delay (ideal)
                                  2.000000    2.000000 ^ input external delay
     1    0.004461    0.026948    0.015363    2.015363 ^ A[28] (in)
                                                         A[28] (net)
                      0.026950    0.000000    2.015363 ^ input21/A (sky130_fd_sc_hd__clkdlybuf4s25_1)
     3    0.025667    0.262704    0.374081    2.389443 ^ input21/X (sky130_fd_sc_hd__clkdlybuf4s25_1)
                                                         net21 (net)
                      0.262707    0.001338    2.390782 ^ _320_/A1_N (sky130_fd_sc_hd__o2bb2ai_4)
     1    0.009053    0.068797    0.148562    2.539343 ^ _320_/Y (sky130_fd_sc_hd__o2bb2ai_4)
                                                         _177_ (net)
                      0.068802    0.000658    2.540002 ^ _321_/B (sky130_fd_sc_hd__xnor2_2)
     1    0.007820    0.048554    0.069193    2.609195 v _321_/Y (sky130_fd_sc_hd__xnor2_2)
                                                         net87 (net)
                      0.048562    0.000564    2.609760 v output87/A (sky130_fd_sc_hd__buf_6)
     1    0.035728    0.045149    0.131513    2.741273 v output87/X (sky130_fd_sc_hd__buf_6)
                                                         S[29] (net)
                      0.045259    0.001839    2.743112 v S[29] (out)
                                              2.743112   data arrival time

                      0.000000    0.000000    0.000000   clock __VIRTUAL_CLK__ (rise edge)
                                  0.000000    0.000000   clock network delay (ideal)
                                  0.250000    0.250000   clock uncertainty
                                  0.000000    0.250000   clock reconvergence pessimism
                                 -2.000000   -1.750000   output external delay
                                             -1.750000   data required time
---------------------------------------------------------------------------------------------
                                             -1.750000   data required time
                                             -2.743112   data arrival time
---------------------------------------------------------------------------------------------
                                              4.493112   slack (MET)


Startpoint: A[27] (input port clocked by __VIRTUAL_CLK__)
Endpoint: S[27] (output port clocked by __VIRTUAL_CLK__)
Path Group: __VIRTUAL_CLK__
Path Type: min

Fanout         Cap        Slew       Delay        Time   Description
---------------------------------------------------------------------------------------------
                      0.000000    0.000000    0.000000   clock __VIRTUAL_CLK__ (rise edge)
                                  0.000000    0.000000   clock network delay (ideal)
                                  2.000000    2.000000 v input external delay
     1    0.003428    0.010080    0.005266    2.005265 v A[27] (in)
                                                         A[27] (net)
                      0.010082    0.000000    2.005265 v input20/A (sky130_fd_sc_hd__clkdlybuf4s25_1)
     2    0.008193    0.074995    0.247004    2.252270 v input20/X (sky130_fd_sc_hd__clkdlybuf4s25_1)
                                                         net20 (net)
                      0.074997    0.000506    2.252776 v _302_/B1 (sky130_fd_sc_hd__a21oi_2)
     2    0.005972    0.102121    0.121833    2.374609 ^ _302_/Y (sky130_fd_sc_hd__a21oi_2)
                                                         _161_ (net)
                      0.102121    0.000304    2.374913 ^ _303_/B (sky130_fd_sc_hd__or2_2)
     2    0.013740    0.079336    0.148216    2.523129 ^ _303_/X (sky130_fd_sc_hd__or2_2)
                                                         _162_ (net)
                      0.079347    0.000921    2.524050 ^ _306_/A (sky130_fd_sc_hd__xor2_2)
     1    0.004087    0.033241    0.066225    2.590275 v _306_/X (sky130_fd_sc_hd__xor2_2)
                                                         net85 (net)
                      0.033241    0.000299    2.590574 v output85/A (sky130_fd_sc_hd__buf_4)
     1    0.034831    0.059691    0.154567    2.745141 v output85/X (sky130_fd_sc_hd__buf_4)
                                                         S[27] (net)
                      0.059761    0.001734    2.746875 v S[27] (out)
                                              2.746875   data arrival time

                      0.000000    0.000000    0.000000   clock __VIRTUAL_CLK__ (rise edge)
                                  0.000000    0.000000   clock network delay (ideal)
                                  0.250000    0.250000   clock uncertainty
                                  0.000000    0.250000   clock reconvergence pessimism
                                 -2.000000   -1.750000   output external delay
                                             -1.750000   data required time
---------------------------------------------------------------------------------------------
                                             -1.750000   data required time
                                             -2.746875   data arrival time
---------------------------------------------------------------------------------------------
                                              4.496875   slack (MET)


Startpoint: A[21] (input port clocked by __VIRTUAL_CLK__)
Endpoint: S[21] (output port clocked by __VIRTUAL_CLK__)
Path Group: __VIRTUAL_CLK__
Path Type: min

Fanout         Cap        Slew       Delay        Time   Description
---------------------------------------------------------------------------------------------
                      0.000000    0.000000    0.000000   clock __VIRTUAL_CLK__ (rise edge)
                                  0.000000    0.000000   clock network delay (ideal)
                                  2.000000    2.000000 ^ input external delay
     1    0.004959    0.029115    0.016894    2.016894 ^ A[21] (in)
                                                         A[21] (net)
                      0.029117    0.000000    2.016894 ^ input14/A (sky130_fd_sc_hd__clkdlybuf4s25_1)
     3    0.020506    0.212735    0.340821    2.357715 ^ input14/X (sky130_fd_sc_hd__clkdlybuf4s25_1)
                                                         net14 (net)
                      0.212750    0.001852    2.359566 ^ _251_/A (sky130_fd_sc_hd__xnor2_2)
     3    0.022308    0.122936    0.194452    2.554018 ^ _251_/Y (sky130_fd_sc_hd__xnor2_2)
                                                         _116_ (net)
                      0.122949    0.001273    2.555290 ^ _253_/A (sky130_fd_sc_hd__xnor2_2)
     1    0.005149    0.037061    0.081231    2.636522 v _253_/Y (sky130_fd_sc_hd__xnor2_2)
                                                         net79 (net)
                      0.037072    0.000362    2.636884 v output79/A (sky130_fd_sc_hd__buf_6)
     1    0.035452    0.044974    0.126542    2.763426 v output79/X (sky130_fd_sc_hd__buf_6)
                                                         S[21] (net)
                      0.045096    0.001922    2.765347 v S[21] (out)
                                              2.765347   data arrival time

                      0.000000    0.000000    0.000000   clock __VIRTUAL_CLK__ (rise edge)
                                  0.000000    0.000000   clock network delay (ideal)
                                  0.250000    0.250000   clock uncertainty
                                  0.000000    0.250000   clock reconvergence pessimism
                                 -2.000000   -1.750000   output external delay
                                             -1.750000   data required time
---------------------------------------------------------------------------------------------
                                             -1.750000   data required time
                                             -2.765347   data arrival time
---------------------------------------------------------------------------------------------
                                              4.515347   slack (MET)


Startpoint: A[15] (input port clocked by __VIRTUAL_CLK__)
Endpoint: S[15] (output port clocked by __VIRTUAL_CLK__)
Path Group: __VIRTUAL_CLK__
Path Type: min

Fanout         Cap        Slew       Delay        Time   Description
---------------------------------------------------------------------------------------------
                      0.000000    0.000000    0.000000   clock __VIRTUAL_CLK__ (rise edge)
                                  0.000000    0.000000   clock network delay (ideal)
                                  2.000000    2.000000 v input external delay
     1    0.004306    0.012123    0.006690    2.006690 v A[15] (in)
                                                         A[15] (net)
                      0.012127    0.000000    2.006690 v input7/A (sky130_fd_sc_hd__clkdlybuf4s25_1)
     2    0.010360    0.089054    0.259208    2.265898 v input7/X (sky130_fd_sc_hd__clkdlybuf4s25_1)
                                                         net7 (net)
                      0.089060    0.000785    2.266683 v _448_/B1 (sky130_fd_sc_hd__a21oi_2)
     2    0.005457    0.096570    0.123379    2.390062 ^ _448_/Y (sky130_fd_sc_hd__a21oi_2)
                                                         _077_ (net)
                      0.096570    0.000315    2.390377 ^ _208_/B (sky130_fd_sc_hd__or2_2)
     2    0.015406    0.087445    0.151784    2.542161 ^ _208_/X (sky130_fd_sc_hd__or2_2)
                                                         _078_ (net)
                      0.087458    0.001031    2.543192 ^ _368_/A (sky130_fd_sc_hd__xnor2_2)
     1    0.009575    0.054781    0.087290    2.630482 v _368_/Y (sky130_fd_sc_hd__xnor2_2)
                                                         net72 (net)
                      0.054827    0.000827    2.631309 v output72/A (sky130_fd_sc_hd__buf_6)
     1    0.034829    0.044411    0.133587    2.764896 v output72/X (sky130_fd_sc_hd__buf_6)
                                                         S[15] (net)
                      0.044507    0.001708    2.766604 v S[15] (out)
                                              2.766604   data arrival time

                      0.000000    0.000000    0.000000   clock __VIRTUAL_CLK__ (rise edge)
                                  0.000000    0.000000   clock network delay (ideal)
                                  0.250000    0.250000   clock uncertainty
                                  0.000000    0.250000   clock reconvergence pessimism
                                 -2.000000   -1.750000   output external delay
                                             -1.750000   data required time
---------------------------------------------------------------------------------------------
                                             -1.750000   data required time
                                             -2.766604   data arrival time
---------------------------------------------------------------------------------------------
                                              4.516603   slack (MET)


Startpoint: A[16] (input port clocked by __VIRTUAL_CLK__)
Endpoint: S[16] (output port clocked by __VIRTUAL_CLK__)
Path Group: __VIRTUAL_CLK__
Path Type: min

Fanout         Cap        Slew       Delay        Time   Description
---------------------------------------------------------------------------------------------
                      0.000000    0.000000    0.000000   clock __VIRTUAL_CLK__ (rise edge)
                                  0.000000    0.000000   clock network delay (ideal)
                                  2.000000    2.000000 ^ input external delay
     1    0.004144    0.025572    0.014331    2.014331 ^ A[16] (in)
                                                         A[16] (net)
                      0.025574    0.000000    2.014331 ^ input8/A (sky130_fd_sc_hd__clkdlybuf4s25_1)
     3    0.010996    0.120822    0.278432    2.292764 ^ input8/X (sky130_fd_sc_hd__clkdlybuf4s25_1)
                                                         net8 (net)
                      0.120824    0.000689    2.293452 ^ _216_/A (sky130_fd_sc_hd__nand2_2)
     2    0.010022    0.058559    0.076200    2.369653 v _216_/Y (sky130_fd_sc_hd__nand2_2)
                                                         _086_ (net)
                      0.058565    0.000611    2.370263 v _218_/A (sky130_fd_sc_hd__nand2_2)
     4    0.023948    0.130043    0.120868    2.491131 ^ _218_/Y (sky130_fd_sc_hd__nand2_2)
                                                         _088_ (net)
                      0.130049    0.000709    2.491840 ^ _219_/B (sky130_fd_sc_hd__xor2_2)
     1    0.002441    0.029043    0.067557    2.559397 v _219_/X (sky130_fd_sc_hd__xor2_2)
                                                         net73 (net)
                      0.029043    0.000146    2.559543 v output73/A (sky130_fd_sc_hd__dlymetal6s2s_1)
     1    0.035010    0.175355    0.231267    2.790809 v output73/X (sky130_fd_sc_hd__dlymetal6s2s_1)
                                                         S[16] (net)
                      0.175373    0.001732    2.792542 v S[16] (out)
                                              2.792542   data arrival time

                      0.000000    0.000000    0.000000   clock __VIRTUAL_CLK__ (rise edge)
                                  0.000000    0.000000   clock network delay (ideal)
                                  0.250000    0.250000   clock uncertainty
                                  0.000000    0.250000   clock reconvergence pessimism
                                 -2.000000   -1.750000   output external delay
                                             -1.750000   data required time
---------------------------------------------------------------------------------------------
                                             -1.750000   data required time
                                             -2.792542   data arrival time
---------------------------------------------------------------------------------------------
                                              4.542542   slack (MET)


Startpoint: A[20] (input port clocked by __VIRTUAL_CLK__)
Endpoint: S[20] (output port clocked by __VIRTUAL_CLK__)
Path Group: __VIRTUAL_CLK__
Path Type: min

Fanout         Cap        Slew       Delay        Time   Description
---------------------------------------------------------------------------------------------
                      0.000000    0.000000    0.000000   clock __VIRTUAL_CLK__ (rise edge)
                                  0.000000    0.000000   clock network delay (ideal)
                                  2.000000    2.000000 ^ input external delay
     1    0.004596    0.027536    0.015775    2.015775 ^ A[20] (in)
                                                         A[20] (net)
                      0.027538    0.000000    2.015775 ^ input13/A (sky130_fd_sc_hd__clkdlybuf4s25_1)
     4    0.019305    0.201012    0.332983    2.348758 ^ input13/X (sky130_fd_sc_hd__clkdlybuf4s25_1)
                                                         net13 (net)
                      0.201015    0.001127    2.349886 ^ _245_/A (sky130_fd_sc_hd__xnor2_2)
     3    0.020093    0.112605    0.185529    2.535415 ^ _245_/Y (sky130_fd_sc_hd__xnor2_2)
                                                         _111_ (net)
                      0.112607    0.000679    2.536094 ^ _249_/A (sky130_fd_sc_hd__xnor2_2)
     1    0.004425    0.036827    0.076417    2.612511 v _249_/Y (sky130_fd_sc_hd__xnor2_2)
                                                         net78 (net)
                      0.036828    0.000306    2.612817 v output78/A (sky130_fd_sc_hd__clkbuf_2)
     1    0.035962    0.138143    0.179010    2.791826 v output78/X (sky130_fd_sc_hd__clkbuf_2)
                                                         S[20] (net)
                      0.138166    0.001662    2.793488 v S[20] (out)
                                              2.793488   data arrival time

                      0.000000    0.000000    0.000000   clock __VIRTUAL_CLK__ (rise edge)
                                  0.000000    0.000000   clock network delay (ideal)
                                  0.250000    0.250000   clock uncertainty
                                  0.000000    0.250000   clock reconvergence pessimism
                                 -2.000000   -1.750000   output external delay
                                             -1.750000   data required time
---------------------------------------------------------------------------------------------
                                             -1.750000   data required time
                                             -2.793488   data arrival time
---------------------------------------------------------------------------------------------
                                              4.543489   slack (MET)


Startpoint: A[8] (input port clocked by __VIRTUAL_CLK__)
Endpoint: S[10] (output port clocked by __VIRTUAL_CLK__)
Path Group: __VIRTUAL_CLK__
Path Type: min

Fanout         Cap        Slew       Delay        Time   Description
---------------------------------------------------------------------------------------------
                      0.000000    0.000000    0.000000   clock __VIRTUAL_CLK__ (rise edge)
                                  0.000000    0.000000   clock network delay (ideal)
                                  2.000000    2.000000 v input external delay
     1    0.003642    0.010572    0.005607    2.005607 v A[8] (in)
                                                         A[8] (net)
                      0.010575    0.000000    2.005607 v input31/A (sky130_fd_sc_hd__clkdlybuf4s25_1)
     2    0.013263    0.108902    0.273602    2.279209 v input31/X (sky130_fd_sc_hd__clkdlybuf4s25_1)
                                                         net31 (net)
                      0.108902    0.000205    2.279414 v _376_/A (sky130_fd_sc_hd__nand2_2)
     3    0.012305    0.075696    0.104041    2.383455 ^ _376_/Y (sky130_fd_sc_hd__nand2_2)
                                                         _005_ (net)
                      0.075745    0.000892    2.384347 ^ _357_/A1 (sky130_fd_sc_hd__a31o_2)
     2    0.016367    0.100175    0.189996    2.574343 ^ _357_/X (sky130_fd_sc_hd__a31o_2)
                                                         _201_ (net)
                      0.100184    0.000956    2.575300 ^ _358_/B (sky130_fd_sc_hd__xor2_2)
     1    0.002701    0.029719    0.061405    2.636705 v _358_/X (sky130_fd_sc_hd__xor2_2)
                                                         net67 (net)
                      0.029719    0.000176    2.636881 v output67/A (sky130_fd_sc_hd__clkbuf_4)
     1    0.034822    0.080717    0.167126    2.804007 v output67/X (sky130_fd_sc_hd__clkbuf_4)
                                                         S[10] (net)
                      0.080760    0.001621    2.805629 v S[10] (out)
                                              2.805629   data arrival time

                      0.000000    0.000000    0.000000   clock __VIRTUAL_CLK__ (rise edge)
                                  0.000000    0.000000   clock network delay (ideal)
                                  0.250000    0.250000   clock uncertainty
                                  0.000000    0.250000   clock reconvergence pessimism
                                 -2.000000   -1.750000   output external delay
                                             -1.750000   data required time
---------------------------------------------------------------------------------------------
                                             -1.750000   data required time
                                             -2.805629   data arrival time
---------------------------------------------------------------------------------------------
                                              4.555628   slack (MET)


Startpoint: A[17] (input port clocked by __VIRTUAL_CLK__)
Endpoint: S[18] (output port clocked by __VIRTUAL_CLK__)
Path Group: __VIRTUAL_CLK__
Path Type: min

Fanout         Cap        Slew       Delay        Time   Description
---------------------------------------------------------------------------------------------
                      0.000000    0.000000    0.000000   clock __VIRTUAL_CLK__ (rise edge)
                                  0.000000    0.000000   clock network delay (ideal)
                                  2.000000    2.000000 ^ input external delay
     1    0.003542    0.022959    0.012318    2.012318 ^ A[17] (in)
                                                         A[17] (net)
                      0.022960    0.000000    2.012318 ^ input9/A (sky130_fd_sc_hd__clkdlybuf4s25_1)
     4    0.024772    0.254084    0.366729    2.379047 ^ input9/X (sky130_fd_sc_hd__clkdlybuf4s25_1)
                                                         net9 (net)
                      0.254087    0.001248    2.380295 ^ _231_/A1 (sky130_fd_sc_hd__a211oi_2)
     1    0.009133    0.040781    0.126045    2.506340 v _231_/Y (sky130_fd_sc_hd__a211oi_2)
                                                         _099_ (net)
                      0.040783    0.000497    2.506837 v _232_/B (sky130_fd_sc_hd__xor2_2)
     1    0.004071    0.033205    0.129633    2.636470 v _232_/X (sky130_fd_sc_hd__xor2_2)
                                                         net75 (net)
                      0.033205    0.000290    2.636760 v output75/A (sky130_fd_sc_hd__clkbuf_4)
     1    0.035326    0.081629    0.169190    2.805950 v output75/X (sky130_fd_sc_hd__clkbuf_4)
                                                         S[18] (net)
                      0.081683    0.001817    2.807767 v S[18] (out)
                                              2.807767   data arrival time

                      0.000000    0.000000    0.000000   clock __VIRTUAL_CLK__ (rise edge)
                                  0.000000    0.000000   clock network delay (ideal)
                                  0.250000    0.250000   clock uncertainty
                                  0.000000    0.250000   clock reconvergence pessimism
                                 -2.000000   -1.750000   output external delay
                                             -1.750000   data required time
---------------------------------------------------------------------------------------------
                                             -1.750000   data required time
                                             -2.807767   data arrival time
---------------------------------------------------------------------------------------------
                                              4.557767   slack (MET)


Startpoint: A[13] (input port clocked by __VIRTUAL_CLK__)
Endpoint: S[14] (output port clocked by __VIRTUAL_CLK__)
Path Group: __VIRTUAL_CLK__
Path Type: min

Fanout         Cap        Slew       Delay        Time   Description
---------------------------------------------------------------------------------------------
                      0.000000    0.000000    0.000000   clock __VIRTUAL_CLK__ (rise edge)
                                  0.000000    0.000000   clock network delay (ideal)
                                  2.000000    2.000000 ^ input external delay
     1    0.003542    0.022958    0.012318    2.012318 ^ A[13] (in)
                                                         A[13] (net)
                      0.022960    0.000000    2.012318 ^ input5/A (sky130_fd_sc_hd__clkdlybuf4s25_1)
     2    0.007727    0.089789    0.256291    2.268609 ^ input5/X (sky130_fd_sc_hd__clkdlybuf4s25_1)
                                                         net5 (net)
                      0.089791    0.000483    2.269092 ^ _438_/B1 (sky130_fd_sc_hd__a21oi_2)
     2    0.005823    0.034514    0.042141    2.311233 v _438_/Y (sky130_fd_sc_hd__a21oi_2)
                                                         _067_ (net)
                      0.034517    0.000439    2.311672 v _211_/A2 (sky130_fd_sc_hd__o21ba_2)
     2    0.011370    0.046522    0.204053    2.515725 v _211_/X (sky130_fd_sc_hd__o21ba_2)
                                                         _081_ (net)
                      0.046542    0.000832    2.516558 v _365_/A (sky130_fd_sc_hd__nand2_2)
     1    0.008878    0.056204    0.065860    2.582417 ^ _365_/Y (sky130_fd_sc_hd__nand2_2)
                                                         _205_ (net)
                      0.056217    0.000642    2.583059 ^ _366_/B (sky130_fd_sc_hd__xnor2_2)
     1    0.013320    0.070201    0.082781    2.665840 v _366_/Y (sky130_fd_sc_hd__xnor2_2)
                                                         net71 (net)
                      0.070235    0.001169    2.667009 v output71/A (sky130_fd_sc_hd__buf_6)
     1    0.034882    0.044495    0.140312    2.807321 v output71/X (sky130_fd_sc_hd__buf_6)
                                                         S[14] (net)
                      0.044607    0.001837    2.809158 v S[14] (out)
                                              2.809158   data arrival time

                      0.000000    0.000000    0.000000   clock __VIRTUAL_CLK__ (rise edge)
                                  0.000000    0.000000   clock network delay (ideal)
                                  0.250000    0.250000   clock uncertainty
                                  0.000000    0.250000   clock reconvergence pessimism
                                 -2.000000   -1.750000   output external delay
                                             -1.750000   data required time
---------------------------------------------------------------------------------------------
                                             -1.750000   data required time
                                             -2.809158   data arrival time
---------------------------------------------------------------------------------------------
                                              4.559158   slack (MET)


Startpoint: A[12] (input port clocked by __VIRTUAL_CLK__)
Endpoint: S[13] (output port clocked by __VIRTUAL_CLK__)
Path Group: __VIRTUAL_CLK__
Path Type: min

Fanout         Cap        Slew       Delay        Time   Description
---------------------------------------------------------------------------------------------
                      0.000000    0.000000    0.000000   clock __VIRTUAL_CLK__ (rise edge)
                                  0.000000    0.000000   clock network delay (ideal)
                                  2.000000    2.000000 ^ input external delay
     1    0.003549    0.022989    0.012342    2.012342 ^ A[12] (in)
                                                         A[12] (net)
                      0.022991    0.000000    2.012342 ^ input4/A (sky130_fd_sc_hd__clkdlybuf4s25_1)
     2    0.007646    0.089022    0.255728    2.268070 ^ input4/X (sky130_fd_sc_hd__clkdlybuf4s25_1)
                                                         net4 (net)
                      0.089024    0.000518    2.268589 ^ _432_/A (sky130_fd_sc_hd__nand2_2)
     3    0.012369    0.060479    0.074713    2.343302 v _432_/Y (sky130_fd_sc_hd__nand2_2)
                                                         _061_ (net)
                      0.060486    0.000622    2.343924 v _362_/B1 (sky130_fd_sc_hd__o21ai_2)
     1    0.008891    0.070378    0.074124    2.418048 ^ _362_/Y (sky130_fd_sc_hd__o21ai_2)
                                                         _203_ (net)
                      0.070379    0.000406    2.418455 ^ _363_/B (sky130_fd_sc_hd__xnor2_2)
     1    0.003513    0.032057    0.055289    2.473743 v _363_/Y (sky130_fd_sc_hd__xnor2_2)
                                                         net70 (net)
                      0.032058    0.000238    2.473981 v output70/A (sky130_fd_sc_hd__dlymetal6s4s_1)
     1    0.035383    0.179189    0.342562    2.816544 v output70/X (sky130_fd_sc_hd__dlymetal6s4s_1)
                                                         S[13] (net)
                      0.179209    0.001818    2.818362 v S[13] (out)
                                              2.818362   data arrival time

                      0.000000    0.000000    0.000000   clock __VIRTUAL_CLK__ (rise edge)
                                  0.000000    0.000000   clock network delay (ideal)
                                  0.250000    0.250000   clock uncertainty
                                  0.000000    0.250000   clock reconvergence pessimism
                                 -2.000000   -1.750000   output external delay
                                             -1.750000   data required time
---------------------------------------------------------------------------------------------
                                             -1.750000   data required time
                                             -2.818362   data arrival time
---------------------------------------------------------------------------------------------
                                              4.568361   slack (MET)


Startpoint: A[28] (input port clocked by __VIRTUAL_CLK__)
Endpoint: S[28] (output port clocked by __VIRTUAL_CLK__)
Path Group: __VIRTUAL_CLK__
Path Type: min

Fanout         Cap        Slew       Delay        Time   Description
---------------------------------------------------------------------------------------------
                      0.000000    0.000000    0.000000   clock __VIRTUAL_CLK__ (rise edge)
                                  0.000000    0.000000   clock network delay (ideal)
                                  2.000000    2.000000 ^ input external delay
     1    0.004461    0.026948    0.015363    2.015363 ^ A[28] (in)
                                                         A[28] (net)
                      0.026950    0.000000    2.015363 ^ input21/A (sky130_fd_sc_hd__clkdlybuf4s25_1)
     3    0.025667    0.262704    0.374081    2.389443 ^ input21/X (sky130_fd_sc_hd__clkdlybuf4s25_1)
                                                         net21 (net)
                      0.262704    0.000951    2.390395 ^ _308_/A (sky130_fd_sc_hd__xnor2_2)
     3    0.024118    0.131854    0.209018    2.599412 ^ _308_/Y (sky130_fd_sc_hd__xnor2_2)
                                                         _166_ (net)
                      0.131868    0.001360    2.600772 ^ _313_/A (sky130_fd_sc_hd__xor2_2)
     1    0.005072    0.035462    0.082601    2.683373 v _313_/X (sky130_fd_sc_hd__xor2_2)
                                                         net86 (net)
                      0.035464    0.000353    2.683726 v output86/A (sky130_fd_sc_hd__buf_4)
     1    0.036217    0.061319    0.156801    2.840528 v output86/X (sky130_fd_sc_hd__buf_4)
                                                         S[28] (net)
                      0.061403    0.001912    2.842440 v S[28] (out)
                                              2.842440   data arrival time

                      0.000000    0.000000    0.000000   clock __VIRTUAL_CLK__ (rise edge)
                                  0.000000    0.000000   clock network delay (ideal)
                                  0.250000    0.250000   clock uncertainty
                                  0.000000    0.250000   clock reconvergence pessimism
                                 -2.000000   -1.750000   output external delay
                                             -1.750000   data required time
---------------------------------------------------------------------------------------------
                                             -1.750000   data required time
                                             -2.842440   data arrival time
---------------------------------------------------------------------------------------------
                                              4.592440   slack (MET)


Startpoint: B[0] (input port clocked by __VIRTUAL_CLK__)
Endpoint: S[1] (output port clocked by __VIRTUAL_CLK__)
Path Group: __VIRTUAL_CLK__
Path Type: min

Fanout         Cap        Slew       Delay        Time   Description
---------------------------------------------------------------------------------------------
                      0.000000    0.000000    0.000000   clock __VIRTUAL_CLK__ (rise edge)
                                  0.000000    0.000000   clock network delay (ideal)
                                  2.000000    2.000000 ^ input external delay
     1    0.003614    0.023270    0.012566    2.012566 ^ B[0] (in)
                                                         B[0] (net)
                      0.023272    0.000000    2.012566 ^ input33/A (sky130_fd_sc_hd__dlymetal6s2s_1)
     3    0.023459    0.247204    0.211719    2.224286 ^ input33/X (sky130_fd_sc_hd__dlymetal6s2s_1)
                                                         net33 (net)
                      0.247214    0.001235    2.225521 ^ _338_/S (sky130_fd_sc_hd__mux2_1)
     1    0.009498    0.094191    0.208539    2.434060 ^ _338_/X (sky130_fd_sc_hd__mux2_1)
                                                         _191_ (net)
                      0.094195    0.000707    2.434767 ^ _339_/B (sky130_fd_sc_hd__xnor2_2)
     1    0.002582    0.030612    0.056286    2.491053 v _339_/Y (sky130_fd_sc_hd__xnor2_2)
                                                         net77 (net)
                      0.030613    0.000180    2.491234 v output77/A (sky130_fd_sc_hd__clkdlybuf4s25_1)
     1    0.036374    0.270590    0.397285    2.888519 v output77/X (sky130_fd_sc_hd__clkdlybuf4s25_1)
                                                         S[1] (net)
                      0.270604    0.001980    2.890499 v S[1] (out)
                                              2.890499   data arrival time

                      0.000000    0.000000    0.000000   clock __VIRTUAL_CLK__ (rise edge)
                                  0.000000    0.000000   clock network delay (ideal)
                                  0.250000    0.250000   clock uncertainty
                                  0.000000    0.250000   clock reconvergence pessimism
                                 -2.000000   -1.750000   output external delay
                                             -1.750000   data required time
---------------------------------------------------------------------------------------------
                                             -1.750000   data required time
                                             -2.890499   data arrival time
---------------------------------------------------------------------------------------------
                                              4.640499   slack (MET)


Startpoint: A[7] (input port clocked by __VIRTUAL_CLK__)
Endpoint: S[7] (output port clocked by __VIRTUAL_CLK__)
Path Group: __VIRTUAL_CLK__
Path Type: min

Fanout         Cap        Slew       Delay        Time   Description
---------------------------------------------------------------------------------------------
                      0.000000    0.000000    0.000000   clock __VIRTUAL_CLK__ (rise edge)
                                  0.000000    0.000000   clock network delay (ideal)
                                  2.000000    2.000000 ^ input external delay
     1    0.004427    0.026800    0.015262    2.015262 ^ A[7] (in)
                                                         A[7] (net)
                      0.026802    0.000000    2.015262 ^ input30/A (sky130_fd_sc_hd__clkdlybuf4s25_1)
     3    0.019617    0.204098    0.334473    2.349735 ^ input30/X (sky130_fd_sc_hd__clkdlybuf4s25_1)
                                                         net30 (net)
                      0.204111    0.001673    2.351407 ^ _401_/A (sky130_fd_sc_hd__xnor2_2)
     2    0.012220    0.075564    0.159799    2.511206 ^ _401_/Y (sky130_fd_sc_hd__xnor2_2)
                                                         _030_ (net)
                      0.075576    0.000903    2.512109 ^ _351_/A (sky130_fd_sc_hd__xnor2_2)
     1    0.002603    0.027955    0.061884    2.573993 v _351_/Y (sky130_fd_sc_hd__xnor2_2)
                                                         net95 (net)
                      0.027957    0.000099    2.574092 v output95/A (sky130_fd_sc_hd__dlymetal6s4s_1)
     1    0.035452    0.179471    0.341140    2.915232 v output95/X (sky130_fd_sc_hd__dlymetal6s4s_1)
                                                         S[7] (net)
                      0.179491    0.001821    2.917053 v S[7] (out)
                                              2.917053   data arrival time

                      0.000000    0.000000    0.000000   clock __VIRTUAL_CLK__ (rise edge)
                                  0.000000    0.000000   clock network delay (ideal)
                                  0.250000    0.250000   clock uncertainty
                                  0.000000    0.250000   clock reconvergence pessimism
                                 -2.000000   -1.750000   output external delay
                                             -1.750000   data required time
---------------------------------------------------------------------------------------------
                                             -1.750000   data required time
                                             -2.917053   data arrival time
---------------------------------------------------------------------------------------------
                                              4.667053   slack (MET)


Startpoint: A[2] (input port clocked by __VIRTUAL_CLK__)
Endpoint: S[3] (output port clocked by __VIRTUAL_CLK__)
Path Group: __VIRTUAL_CLK__
Path Type: min

Fanout         Cap        Slew       Delay        Time   Description
---------------------------------------------------------------------------------------------
                      0.000000    0.000000    0.000000   clock __VIRTUAL_CLK__ (rise edge)
                                  0.000000    0.000000   clock network delay (ideal)
                                  2.000000    2.000000 ^ input external delay
     1    0.003342    0.022086    0.011649    2.011649 ^ A[2] (in)
                                                         A[2] (net)
                      0.022088    0.000000    2.011649 ^ input23/A (sky130_fd_sc_hd__clkdlybuf4s25_1)
     2    0.007459    0.087223    0.254310    2.265959 ^ input23/X (sky130_fd_sc_hd__clkdlybuf4s25_1)
                                                         net23 (net)
                      0.087223    0.000307    2.266265 ^ _420_/B1 (sky130_fd_sc_hd__a21oi_2)
     3    0.012523    0.044517    0.055345    2.321610 v _420_/Y (sky130_fd_sc_hd__a21oi_2)
                                                         _049_ (net)
                      0.044543    0.000793    2.322403 v _342_/B1 (sky130_fd_sc_hd__a21oi_2)
     1    0.008961    0.135167    0.132896    2.455298 ^ _342_/Y (sky130_fd_sc_hd__a21oi_2)
                                                         _193_ (net)
                      0.135219    0.000651    2.455949 ^ _343_/B (sky130_fd_sc_hd__xnor2_2)
     1    0.003856    0.036643    0.067887    2.523836 v _343_/Y (sky130_fd_sc_hd__xnor2_2)
                                                         net91 (net)
                      0.036643    0.000225    2.524061 v output91/A (sky130_fd_sc_hd__clkdlybuf4s25_1)
     1    0.035382    0.263494    0.395050    2.919111 v output91/X (sky130_fd_sc_hd__clkdlybuf4s25_1)
                                                         S[3] (net)
                      0.263502    0.001617    2.920729 v S[3] (out)
                                              2.920729   data arrival time

                      0.000000    0.000000    0.000000   clock __VIRTUAL_CLK__ (rise edge)
                                  0.000000    0.000000   clock network delay (ideal)
                                  0.250000    0.250000   clock uncertainty
                                  0.000000    0.250000   clock reconvergence pessimism
                                 -2.000000   -1.750000   output external delay
                                             -1.750000   data required time
---------------------------------------------------------------------------------------------
                                             -1.750000   data required time
                                             -2.920729   data arrival time
---------------------------------------------------------------------------------------------
                                              4.670729   slack (MET)


Startpoint: A[12] (input port clocked by __VIRTUAL_CLK__)
Endpoint: S[12] (output port clocked by __VIRTUAL_CLK__)
Path Group: __VIRTUAL_CLK__
Path Type: min

Fanout         Cap        Slew       Delay        Time   Description
---------------------------------------------------------------------------------------------
                      0.000000    0.000000    0.000000   clock __VIRTUAL_CLK__ (rise edge)
                                  0.000000    0.000000   clock network delay (ideal)
                                  2.000000    2.000000 ^ input external delay
     1    0.003549    0.022989    0.012342    2.012342 ^ A[12] (in)
                                                         A[12] (net)
                      0.022991    0.000000    2.012342 ^ input4/A (sky130_fd_sc_hd__clkdlybuf4s25_1)
     2    0.007646    0.089022    0.255728    2.268070 ^ input4/X (sky130_fd_sc_hd__clkdlybuf4s25_1)
                                                         net4 (net)
                      0.089024    0.000518    2.268589 ^ _432_/A (sky130_fd_sc_hd__nand2_2)
     3    0.012369    0.060479    0.074713    2.343302 v _432_/Y (sky130_fd_sc_hd__nand2_2)
                                                         _061_ (net)
                      0.060481    0.000379    2.343681 v _434_/A (sky130_fd_sc_hd__nand2_2)
     4    0.022718    0.124086    0.117457    2.461138 ^ _434_/Y (sky130_fd_sc_hd__nand2_2)
                                                         _063_ (net)
                      0.124102    0.001102    2.462240 ^ _361_/B (sky130_fd_sc_hd__xor2_2)
     1    0.003050    0.030787    0.069211    2.531451 v _361_/X (sky130_fd_sc_hd__xor2_2)
                                                         net69 (net)
                      0.030787    0.000193    2.531643 v output69/A (sky130_fd_sc_hd__clkdlybuf4s25_1)
     1    0.035511    0.264416    0.393107    2.924751 v output69/X (sky130_fd_sc_hd__clkdlybuf4s25_1)
                                                         S[12] (net)
                      0.264428    0.001875    2.926625 v S[12] (out)
                                              2.926625   data arrival time

                      0.000000    0.000000    0.000000   clock __VIRTUAL_CLK__ (rise edge)
                                  0.000000    0.000000   clock network delay (ideal)
                                  0.250000    0.250000   clock uncertainty
                                  0.000000    0.250000   clock reconvergence pessimism
                                 -2.000000   -1.750000   output external delay
                                             -1.750000   data required time
---------------------------------------------------------------------------------------------
                                             -1.750000   data required time
                                             -2.926625   data arrival time
---------------------------------------------------------------------------------------------
                                              4.676625   slack (MET)


Startpoint: A[8] (input port clocked by __VIRTUAL_CLK__)
Endpoint: S[8] (output port clocked by __VIRTUAL_CLK__)
Path Group: __VIRTUAL_CLK__
Path Type: min

Fanout         Cap        Slew       Delay        Time   Description
---------------------------------------------------------------------------------------------
                      0.000000    0.000000    0.000000   clock __VIRTUAL_CLK__ (rise edge)
                                  0.000000    0.000000   clock network delay (ideal)
                                  2.000000    2.000000 ^ input external delay
     1    0.003867    0.024372    0.013402    2.013402 ^ A[8] (in)
                                                         A[8] (net)
                      0.024373    0.000000    2.013402 ^ input31/A (sky130_fd_sc_hd__clkdlybuf4s25_1)
     2    0.014238    0.152027    0.299228    2.312629 ^ input31/X (sky130_fd_sc_hd__clkdlybuf4s25_1)
                                                         net31 (net)
                      0.152028    0.000681    2.313311 ^ _377_/A (sky130_fd_sc_hd__xnor2_2)
     3    0.016090    0.093844    0.163611    2.476922 ^ _377_/Y (sky130_fd_sc_hd__xnor2_2)
                                                         _006_ (net)
                      0.093855    0.001009    2.477931 ^ _354_/A (sky130_fd_sc_hd__xor2_2)
     1    0.002911    0.030352    0.066246    2.544178 v _354_/X (sky130_fd_sc_hd__xor2_2)
                                                         net96 (net)
                      0.030352    0.000183    2.544361 v output96/A (sky130_fd_sc_hd__clkdlybuf4s25_1)
     1    0.034516    0.257220    0.388171    2.932532 v output96/X (sky130_fd_sc_hd__clkdlybuf4s25_1)
                                                         S[8] (net)
                      0.257228    0.001570    2.934102 v S[8] (out)
                                              2.934102   data arrival time

                      0.000000    0.000000    0.000000   clock __VIRTUAL_CLK__ (rise edge)
                                  0.000000    0.000000   clock network delay (ideal)
                                  0.250000    0.250000   clock uncertainty
                                  0.000000    0.250000   clock reconvergence pessimism
                                 -2.000000   -1.750000   output external delay
                                             -1.750000   data required time
---------------------------------------------------------------------------------------------
                                             -1.750000   data required time
                                             -2.934102   data arrival time
---------------------------------------------------------------------------------------------
                                              4.684102   slack (MET)


Startpoint: A[24] (input port clocked by __VIRTUAL_CLK__)
Endpoint: S[24] (output port clocked by __VIRTUAL_CLK__)
Path Group: __VIRTUAL_CLK__
Path Type: min

Fanout         Cap        Slew       Delay        Time   Description
---------------------------------------------------------------------------------------------
                      0.000000    0.000000    0.000000   clock __VIRTUAL_CLK__ (rise edge)
                                  0.000000    0.000000   clock network delay (ideal)
                                  2.000000    2.000000 ^ input external delay
     1    0.003290    0.021853    0.011479    2.011479 ^ A[24] (in)
                                                         A[24] (net)
                      0.021862    0.000000    2.011479 ^ input17/A (sky130_fd_sc_hd__clkdlybuf4s25_1)
     2    0.011251    0.123255    0.278977    2.290456 ^ input17/X (sky130_fd_sc_hd__clkdlybuf4s25_1)
                                                         net17 (net)
                      0.123257    0.000766    2.291222 ^ _274_/A (sky130_fd_sc_hd__nand2_2)
     3    0.016215    0.074649    0.095061    2.386283 v _274_/Y (sky130_fd_sc_hd__nand2_2)
                                                         _136_ (net)
                      0.074671    0.000991    2.387275 v _275_/B (sky130_fd_sc_hd__nand2_2)
     3    0.009043    0.057937    0.087382    2.474657 ^ _275_/Y (sky130_fd_sc_hd__nand2_2)
                                                         _137_ (net)
                      0.057968    0.000530    2.475187 ^ _282_/B1 (sky130_fd_sc_hd__a21o_2)
     4    0.024197    0.124920    0.149179    2.624366 ^ _282_/X (sky130_fd_sc_hd__a21o_2)
                                                         _144_ (net)
                      0.124926    0.000638    2.625004 ^ _283_/B (sky130_fd_sc_hd__and2b_2)
     1    0.006710    0.051446    0.159872    2.784876 ^ _283_/X (sky130_fd_sc_hd__and2b_2)
                                                         net82 (net)
                      0.051451    0.000490    2.785367 ^ output82/A (sky130_fd_sc_hd__clkbuf_4)
     1    0.035409    0.115411    0.179118    2.964484 ^ output82/X (sky130_fd_sc_hd__clkbuf_4)
                                                         S[24] (net)
                      0.115441    0.001707    2.966192 ^ S[24] (out)
                                              2.966192   data arrival time

                      0.000000    0.000000    0.000000   clock __VIRTUAL_CLK__ (rise edge)
                                  0.000000    0.000000   clock network delay (ideal)
                                  0.250000    0.250000   clock uncertainty
                                  0.000000    0.250000   clock reconvergence pessimism
                                 -2.000000   -1.750000   output external delay
                                             -1.750000   data required time
---------------------------------------------------------------------------------------------
                                             -1.750000   data required time
                                             -2.966192   data arrival time
---------------------------------------------------------------------------------------------
                                              4.716192   slack (MET)


Startpoint: A[4] (input port clocked by __VIRTUAL_CLK__)
Endpoint: S[5] (output port clocked by __VIRTUAL_CLK__)
Path Group: __VIRTUAL_CLK__
Path Type: min

Fanout         Cap        Slew       Delay        Time   Description
---------------------------------------------------------------------------------------------
                      0.000000    0.000000    0.000000   clock __VIRTUAL_CLK__ (rise edge)
                                  0.000000    0.000000   clock network delay (ideal)
                                  2.000000    2.000000 v input external delay
     1    0.003832    0.011010    0.005919    2.005919 v A[4] (in)
                                                         A[4] (net)
                      0.011014    0.000000    2.005919 v input27/A (sky130_fd_sc_hd__clkdlybuf4s25_1)
     2    0.013680    0.111861    0.275681    2.281600 v input27/X (sky130_fd_sc_hd__clkdlybuf4s25_1)
                                                         net27 (net)
                      0.111865    0.000727    2.282327 v _387_/A (sky130_fd_sc_hd__nand2_2)
     2    0.008125    0.060253    0.090393    2.372721 ^ _387_/Y (sky130_fd_sc_hd__nand2_2)
                                                         _016_ (net)
                      0.060259    0.000585    2.373306 ^ _346_/B1 (sky130_fd_sc_hd__o21a_2)
     3    0.019439    0.108978    0.174663    2.547970 ^ _346_/X (sky130_fd_sc_hd__o21a_2)
                                                         _195_ (net)
                      0.108980    0.000571    2.548541 ^ _347_/B (sky130_fd_sc_hd__xor2_2)
     1    0.002396    0.028816    0.062609    2.611149 v _347_/X (sky130_fd_sc_hd__xor2_2)
                                                         net93 (net)
                      0.028816    0.000163    2.611312 v output93/A (sky130_fd_sc_hd__clkdlybuf4s25_1)
     1    0.034356    0.256054    0.386766    2.998079 v output93/X (sky130_fd_sc_hd__clkdlybuf4s25_1)
                                                         S[5] (net)
                      0.256062    0.001542    2.999620 v S[5] (out)
                                              2.999620   data arrival time

                      0.000000    0.000000    0.000000   clock __VIRTUAL_CLK__ (rise edge)
                                  0.000000    0.000000   clock network delay (ideal)
                                  0.250000    0.250000   clock uncertainty
                                  0.000000    0.250000   clock reconvergence pessimism
                                 -2.000000   -1.750000   output external delay
                                             -1.750000   data required time
---------------------------------------------------------------------------------------------
                                             -1.750000   data required time
                                             -2.999620   data arrival time
---------------------------------------------------------------------------------------------
                                              4.749620   slack (MET)


Startpoint: A[5] (input port clocked by __VIRTUAL_CLK__)
Endpoint: S[6] (output port clocked by __VIRTUAL_CLK__)
Path Group: __VIRTUAL_CLK__
Path Type: min

Fanout         Cap        Slew       Delay        Time   Description
---------------------------------------------------------------------------------------------
                      0.000000    0.000000    0.000000   clock __VIRTUAL_CLK__ (rise edge)
                                  0.000000    0.000000   clock network delay (ideal)
                                  2.000000    2.000000 ^ input external delay
     1    0.004629    0.027679    0.015961    2.015961 ^ A[5] (in)
                                                         A[5] (net)
                      0.027685    0.000000    2.015961 ^ input28/A (sky130_fd_sc_hd__clkdlybuf4s25_1)
     4    0.032234    0.326879    0.416409    2.432370 ^ input28/X (sky130_fd_sc_hd__clkdlybuf4s25_1)
                                                         net28 (net)
                      0.326885    0.001757    2.434127 ^ _391_/A (sky130_fd_sc_hd__nand2_2)
     1    0.004587    0.032998    0.075633    2.509760 v _391_/Y (sky130_fd_sc_hd__nand2_2)
                                                         _020_ (net)
                      0.032999    0.000328    2.510088 v _348_/B1 (sky130_fd_sc_hd__o21ai_2)
     1    0.009307    0.071634    0.064137    2.574225 ^ _348_/Y (sky130_fd_sc_hd__o21ai_2)
                                                         _196_ (net)
                      0.071668    0.000687    2.574911 ^ _349_/B (sky130_fd_sc_hd__xnor2_2)
     1    0.002396    0.027857    0.051555    2.626467 v _349_/Y (sky130_fd_sc_hd__xnor2_2)
                                                         net94 (net)
                      0.027857    0.000163    2.626630 v output94/A (sky130_fd_sc_hd__clkdlybuf4s25_1)
     1    0.034768    0.259019    0.388328    3.014958 v output94/X (sky130_fd_sc_hd__clkdlybuf4s25_1)
                                                         S[6] (net)
                      0.259029    0.001678    3.016636 v S[6] (out)
                                              3.016636   data arrival time

                      0.000000    0.000000    0.000000   clock __VIRTUAL_CLK__ (rise edge)
                                  0.000000    0.000000   clock network delay (ideal)
                                  0.250000    0.250000   clock uncertainty
                                  0.000000    0.250000   clock reconvergence pessimism
                                 -2.000000   -1.750000   output external delay
                                             -1.750000   data required time
---------------------------------------------------------------------------------------------
                                             -1.750000   data required time
                                             -3.016636   data arrival time
---------------------------------------------------------------------------------------------
                                              4.766636   slack (MET)


Startpoint: A[4] (input port clocked by __VIRTUAL_CLK__)
Endpoint: S[4] (output port clocked by __VIRTUAL_CLK__)
Path Group: __VIRTUAL_CLK__
Path Type: min

Fanout         Cap        Slew       Delay        Time   Description
---------------------------------------------------------------------------------------------
                      0.000000    0.000000    0.000000   clock __VIRTUAL_CLK__ (rise edge)
                                  0.000000    0.000000   clock network delay (ideal)
                                  2.000000    2.000000 v input external delay
     1    0.003832    0.011010    0.005919    2.005919 v A[4] (in)
                                                         A[4] (net)
                      0.011014    0.000000    2.005919 v input27/A (sky130_fd_sc_hd__clkdlybuf4s25_1)
     2    0.013680    0.111861    0.275681    2.281600 v input27/X (sky130_fd_sc_hd__clkdlybuf4s25_1)
                                                         net27 (net)
                      0.111867    0.000896    2.282496 v _400_/B (sky130_fd_sc_hd__xnor2_2)
     2    0.006991    0.053033    0.160123    2.442619 ^ _400_/Y (sky130_fd_sc_hd__xnor2_2)
                                                         _029_ (net)
                      0.053036    0.000379    2.442998 ^ rebuffer117/A (sky130_fd_sc_hd__buf_2)
     2    0.013551    0.073644    0.125378    2.568376 ^ rebuffer117/X (sky130_fd_sc_hd__buf_2)
                                                         net117 (net)
                      0.073671    0.001277    2.569653 ^ _345_/A (sky130_fd_sc_hd__xor2_2)
     1    0.003768    0.032510    0.063737    2.633389 v _345_/X (sky130_fd_sc_hd__xor2_2)
                                                         net92 (net)
                      0.032510    0.000264    2.633653 v output92/A (sky130_fd_sc_hd__clkdlybuf4s25_1)
     1    0.035121    0.261575    0.392065    3.025718 v output92/X (sky130_fd_sc_hd__clkdlybuf4s25_1)
                                                         S[4] (net)
                      0.261583    0.001596    3.027314 v S[4] (out)
                                              3.027314   data arrival time

                      0.000000    0.000000    0.000000   clock __VIRTUAL_CLK__ (rise edge)
                                  0.000000    0.000000   clock network delay (ideal)
                                  0.250000    0.250000   clock uncertainty
                                  0.000000    0.250000   clock reconvergence pessimism
                                 -2.000000   -1.750000   output external delay
                                             -1.750000   data required time
---------------------------------------------------------------------------------------------
                                             -1.750000   data required time
                                             -3.027314   data arrival time
---------------------------------------------------------------------------------------------
                                              4.777314   slack (MET)


Startpoint: A[1] (input port clocked by __VIRTUAL_CLK__)
Endpoint: S[2] (output port clocked by __VIRTUAL_CLK__)
Path Group: __VIRTUAL_CLK__
Path Type: min

Fanout         Cap        Slew       Delay        Time   Description
---------------------------------------------------------------------------------------------
                      0.000000    0.000000    0.000000   clock __VIRTUAL_CLK__ (rise edge)
                                  0.000000    0.000000   clock network delay (ideal)
                                  2.000000    2.000000 ^ input external delay
     1    0.004322    0.026343    0.014933    2.014933 ^ A[1] (in)
                                                         A[1] (net)
                      0.026345    0.000000    2.014933 ^ input12/A (sky130_fd_sc_hd__clkdlybuf4s25_1)
     4    0.030637    0.311299    0.405700    2.420633 ^ input12/X (sky130_fd_sc_hd__clkdlybuf4s25_1)
                                                         net12 (net)
                      0.311310    0.002109    2.422742 ^ _418_/A1 (sky130_fd_sc_hd__a21oi_2)
     1    0.005248    0.031588    0.092701    2.515443 v _418_/Y (sky130_fd_sc_hd__a21oi_2)
                                                         _047_ (net)
                      0.031590    0.000362    2.515805 v _340_/A (sky130_fd_sc_hd__nand2_2)
     1    0.009108    0.057131    0.060620    2.576425 ^ _340_/Y (sky130_fd_sc_hd__nand2_2)
                                                         _192_ (net)
                      0.057146    0.000677    2.577102 ^ _341_/B (sky130_fd_sc_hd__xnor2_2)
     1    0.004603    0.035093    0.056288    2.633390 v _341_/Y (sky130_fd_sc_hd__xnor2_2)
                                                         net88 (net)
                      0.035094    0.000324    2.633714 v output88/A (sky130_fd_sc_hd__clkdlybuf4s25_1)
     1    0.035039    0.261087    0.392533    3.026247 v output88/X (sky130_fd_sc_hd__clkdlybuf4s25_1)
                                                         S[2] (net)
                      0.261099    0.001835    3.028082 v S[2] (out)
                                              3.028082   data arrival time

                      0.000000    0.000000    0.000000   clock __VIRTUAL_CLK__ (rise edge)
                                  0.000000    0.000000   clock network delay (ideal)
                                  0.250000    0.250000   clock uncertainty
                                  0.000000    0.250000   clock reconvergence pessimism
                                 -2.000000   -1.750000   output external delay
                                             -1.750000   data required time
---------------------------------------------------------------------------------------------
                                             -1.750000   data required time
                                             -3.028082   data arrival time
---------------------------------------------------------------------------------------------
                                              4.778082   slack (MET)



