+ analyze_power_grid -net VPWR -voltage_file /home/admin/Documents/Projekty/Hobby/Nauka/RISC-5/.v/DDCA/code/exercises/ALU/systemIverilog/runs/RUN_2026-09-17_08-26-00/55-openroad-irdropreport/net-VPWR.csv
[INFO PSM-0040] All shapes on net VPWR are connected.
########## IR report #################
Net              : VPWR
Corner           : nom_tt_025C_1v80
Total power      : 1.86e-04 W
Supply voltage   : 1.80e+00 V
Worstcase voltage: 1.80e+00 V
Average voltage  : 1.80e+00 V
Average IR drop  : 4.65e-05 V
Worstcase IR drop: 1.04e-04 V
Percentage drop  : 0.01 %
######################################
+ analyze_power_grid -net VGND -voltage_file /home/admin/Documents/Projekty/Hobby/Nauka/RISC-5/.v/DDCA/code/exercises/ALU/systemIverilog/runs/RUN_2026-09-17_08-26-00/55-openroad-irdropreport/net-VGND.csv
[INFO PSM-0040] All shapes on net VGND are connected.
########## IR report #################
Net              : VGND
Corner           : nom_tt_025C_1v80
Total power      : 1.86e-04 W
Supply voltage   : 0.00e+00 V
Worstcase voltage: 9.28e-05 V
Average voltage  : 4.01e-05 V
Average IR drop  : 4.01e-05 V
Worstcase IR drop: 9.28e-05 V
Percentage drop  : 0.01 %
######################################
