
===========================================================================
report_checks -unconstrained
===========================================================================
======================= nom_tt_025C_1v80 Corner ===================================

Startpoint: sub (input port clocked by __VIRTUAL_CLK__)
Endpoint: S[25] (output port clocked by __VIRTUAL_CLK__)
Path Group: __VIRTUAL_CLK__
Path Type: max

Fanout         Cap        Slew       Delay        Time   Description
---------------------------------------------------------------------------------------------
                      0.000000    0.000000    0.000000   clock __VIRTUAL_CLK__ (rise edge)
                                  0.000000    0.000000   clock network delay (ideal)
                                  0.800000    0.800000 ^ input external delay
   101    0.399531    1.793615    1.286303    2.086303 ^ sub (in)
                                                         sub (net)
                      1.793615    0.000000    2.086303 ^ _313_/A_N (sky130_fd_sc_hd__nand2b_2)
     1    0.004683    0.083290    0.347235    2.433538 ^ _313_/Y (sky130_fd_sc_hd__nand2b_2)
                                                         _078_ (net)
                      0.083290    0.000000    2.433538 ^ _315_/C (sky130_fd_sc_hd__nand3b_2)
     6    0.023287    0.162840    0.169643    2.603181 v _315_/Y (sky130_fd_sc_hd__nand3b_2)
                                                         _080_ (net)
                      0.162840    0.000000    2.603181 v _344_/A1_N (sky130_fd_sc_hd__o2bb2ai_2)
     1    0.007882    0.052460    0.185992    2.789173 v _344_/Y (sky130_fd_sc_hd__o2bb2ai_2)
                                                         _109_ (net)
                      0.052460    0.000000    2.789173 v _346_/B1 (sky130_fd_sc_hd__a22oi_4)
     3    0.013762    0.182723    0.166839    2.956013 ^ _346_/Y (sky130_fd_sc_hd__a22oi_4)
                                                         _111_ (net)
                      0.182723    0.000000    2.956013 ^ _350_/B (sky130_fd_sc_hd__nand3_2)
     2    0.012138    0.102399    0.142339    3.098351 v _350_/Y (sky130_fd_sc_hd__nand3_2)
                                                         _115_ (net)
                      0.102399    0.000000    3.098351 v _351_/B1 (sky130_fd_sc_hd__a22oi_4)
     3    0.016022    0.196821    0.198412    3.296763 ^ _351_/Y (sky130_fd_sc_hd__a22oi_4)
                                                         _116_ (net)
                      0.196821    0.000000    3.296763 ^ _386_/B2 (sky130_fd_sc_hd__o22ai_4)
     4    0.029080    0.111760    0.147941    3.444704 v _386_/Y (sky130_fd_sc_hd__o22ai_4)
                                                         _151_ (net)
                      0.111760    0.000000    3.444704 v _477_/A1 (sky130_fd_sc_hd__a21boi_4)
     6    0.048058    0.370279    0.375032    3.819736 ^ _477_/Y (sky130_fd_sc_hd__a21boi_4)
                                                         _234_ (net)
                      0.370279    0.000000    3.819736 ^ _484_/A2 (sky130_fd_sc_hd__o21ai_4)
     1    0.015593    0.084254    0.111710    3.931446 v _484_/Y (sky130_fd_sc_hd__o21ai_4)
                                                         _240_ (net)
                      0.084254    0.000000    3.931446 v _485_/B (sky130_fd_sc_hd__xnor2_4)
     1    0.033442    0.298830    0.288561    4.220007 ^ _485_/Y (sky130_fd_sc_hd__xnor2_4)
                                                         S[25] (net)
                      0.298830    0.000000    4.220007 ^ S[25] (out)
                                              4.220007   data arrival time

                      0.000000    4.000000    4.000000   clock __VIRTUAL_CLK__ (rise edge)
                                  0.000000    4.000000   clock network delay (ideal)
                                 -0.250000    3.750000   clock uncertainty
                                  0.000000    3.750000   clock reconvergence pessimism
                                 -0.800000    2.950000   output external delay
                                              2.950000   data required time
---------------------------------------------------------------------------------------------
                                              2.950000   data required time
                                             -4.220007   data arrival time
---------------------------------------------------------------------------------------------
                                             -1.270007   slack (VIOLATED)




===========================================================================
report_checks --slack_max -0.01
============================================================================
======================= nom_tt_025C_1v80 Corner ===================================

Startpoint: sub (input port clocked by __VIRTUAL_CLK__)
Endpoint: S[25] (output port clocked by __VIRTUAL_CLK__)
Path Group: __VIRTUAL_CLK__
Path Type: max

Fanout         Cap        Slew       Delay        Time   Description
---------------------------------------------------------------------------------------------
                      0.000000    0.000000    0.000000   clock __VIRTUAL_CLK__ (rise edge)
                                  0.000000    0.000000   clock network delay (ideal)
                                  0.800000    0.800000 ^ input external delay
   101    0.399531    1.793615    1.286303    2.086303 ^ sub (in)
                                                         sub (net)
                      1.793615    0.000000    2.086303 ^ _313_/A_N (sky130_fd_sc_hd__nand2b_2)
     1    0.004683    0.083290    0.347235    2.433538 ^ _313_/Y (sky130_fd_sc_hd__nand2b_2)
                                                         _078_ (net)
                      0.083290    0.000000    2.433538 ^ _315_/C (sky130_fd_sc_hd__nand3b_2)
     6    0.023287    0.162840    0.169643    2.603181 v _315_/Y (sky130_fd_sc_hd__nand3b_2)
                                                         _080_ (net)
                      0.162840    0.000000    2.603181 v _344_/A1_N (sky130_fd_sc_hd__o2bb2ai_2)
     1    0.007882    0.052460    0.185992    2.789173 v _344_/Y (sky130_fd_sc_hd__o2bb2ai_2)
                                                         _109_ (net)
                      0.052460    0.000000    2.789173 v _346_/B1 (sky130_fd_sc_hd__a22oi_4)
     3    0.013762    0.182723    0.166839    2.956013 ^ _346_/Y (sky130_fd_sc_hd__a22oi_4)
                                                         _111_ (net)
                      0.182723    0.000000    2.956013 ^ _350_/B (sky130_fd_sc_hd__nand3_2)
     2    0.012138    0.102399    0.142339    3.098351 v _350_/Y (sky130_fd_sc_hd__nand3_2)
                                                         _115_ (net)
                      0.102399    0.000000    3.098351 v _351_/B1 (sky130_fd_sc_hd__a22oi_4)
     3    0.016022    0.196821    0.198412    3.296763 ^ _351_/Y (sky130_fd_sc_hd__a22oi_4)
                                                         _116_ (net)
                      0.196821    0.000000    3.296763 ^ _386_/B2 (sky130_fd_sc_hd__o22ai_4)
     4    0.029080    0.111760    0.147941    3.444704 v _386_/Y (sky130_fd_sc_hd__o22ai_4)
                                                         _151_ (net)
                      0.111760    0.000000    3.444704 v _477_/A1 (sky130_fd_sc_hd__a21boi_4)
     6    0.048058    0.370279    0.375032    3.819736 ^ _477_/Y (sky130_fd_sc_hd__a21boi_4)
                                                         _234_ (net)
                      0.370279    0.000000    3.819736 ^ _484_/A2 (sky130_fd_sc_hd__o21ai_4)
     1    0.015593    0.084254    0.111710    3.931446 v _484_/Y (sky130_fd_sc_hd__o21ai_4)
                                                         _240_ (net)
                      0.084254    0.000000    3.931446 v _485_/B (sky130_fd_sc_hd__xnor2_4)
     1    0.033442    0.298830    0.288561    4.220007 ^ _485_/Y (sky130_fd_sc_hd__xnor2_4)
                                                         S[25] (net)
                      0.298830    0.000000    4.220007 ^ S[25] (out)
                                              4.220007   data arrival time

                      0.000000    4.000000    4.000000   clock __VIRTUAL_CLK__ (rise edge)
                                  0.000000    4.000000   clock network delay (ideal)
                                 -0.250000    3.750000   clock uncertainty
                                  0.000000    3.750000   clock reconvergence pessimism
                                 -0.800000    2.950000   output external delay
                                              2.950000   data required time
---------------------------------------------------------------------------------------------
                                              2.950000   data required time
                                             -4.220007   data arrival time
---------------------------------------------------------------------------------------------
                                             -1.270007   slack (VIOLATED)




===========================================================================
 report_check_types -max_slew -max_cap -max_fanout -violators
============================================================================
======================= nom_tt_025C_1v80 Corner ===================================

max slew

Pin                                        Limit        Slew       Slack
------------------------------------------------------------------------
sub                                     0.750000    1.793615   -1.043615 (VIOLATED)
_313_/A_N                               0.750000    1.793615   -1.043615 (VIOLATED)
_314_/A                                 0.750000    1.793615   -1.043615 (VIOLATED)
_316_/A1                                0.750000    1.793615   -1.043615 (VIOLATED)
_319_/A                                 0.750000    1.793615   -1.043615 (VIOLATED)
_320_/A                                 0.750000    1.793615   -1.043615 (VIOLATED)
_321_/A1                                0.750000    1.793615   -1.043615 (VIOLATED)
_323_/B1                                0.750000    1.793615   -1.043615 (VIOLATED)
_325_/B                                 0.750000    1.793615   -1.043615 (VIOLATED)
_326_/A_N                               0.750000    1.793615   -1.043615 (VIOLATED)
_327_/A                                 0.750000    1.793615   -1.043615 (VIOLATED)
_329_/A1                                0.750000    1.793615   -1.043615 (VIOLATED)
_332_/A                                 0.750000    1.793615   -1.043615 (VIOLATED)
_333_/A                                 0.750000    1.793615   -1.043615 (VIOLATED)
_334_/A                                 0.750000    1.793615   -1.043615 (VIOLATED)
_335_/A                                 0.750000    1.793615   -1.043615 (VIOLATED)
_353_/A                                 0.750000    1.793615   -1.043615 (VIOLATED)
_354_/A                                 0.750000    1.793615   -1.043615 (VIOLATED)
_355_/A                                 0.750000    1.793615   -1.043615 (VIOLATED)
_356_/A                                 0.750000    1.793615   -1.043615 (VIOLATED)
_361_/A                                 0.750000    1.793615   -1.043615 (VIOLATED)
_362_/A                                 0.750000    1.793615   -1.043615 (VIOLATED)
_363_/A                                 0.750000    1.793615   -1.043615 (VIOLATED)
_367_/A                                 0.750000    1.793615   -1.043615 (VIOLATED)
_368_/A                                 0.750000    1.793615   -1.043615 (VIOLATED)
_369_/A                                 0.750000    1.793615   -1.043615 (VIOLATED)
_373_/A                                 0.750000    1.793615   -1.043615 (VIOLATED)
_374_/A                                 0.750000    1.793615   -1.043615 (VIOLATED)
_387_/B                                 0.750000    1.793615   -1.043615 (VIOLATED)
_388_/B                                 0.750000    1.793615   -1.043615 (VIOLATED)
_389_/B                                 0.750000    1.793615   -1.043615 (VIOLATED)
_394_/A                                 0.750000    1.793615   -1.043615 (VIOLATED)
_395_/A                                 0.750000    1.793615   -1.043615 (VIOLATED)
_396_/A                                 0.750000    1.793615   -1.043615 (VIOLATED)
_403_/A                                 0.750000    1.793615   -1.043615 (VIOLATED)
_404_/A                                 0.750000    1.793615   -1.043615 (VIOLATED)
_405_/A                                 0.750000    1.793615   -1.043615 (VIOLATED)
_413_/A                                 0.750000    1.793615   -1.043615 (VIOLATED)
_414_/A                                 0.750000    1.793615   -1.043615 (VIOLATED)
_427_/A                                 0.750000    1.793615   -1.043615 (VIOLATED)
_428_/A                                 0.750000    1.793615   -1.043615 (VIOLATED)
_429_/A                                 0.750000    1.793615   -1.043615 (VIOLATED)
_434_/A                                 0.750000    1.793615   -1.043615 (VIOLATED)
_435_/A                                 0.750000    1.793615   -1.043615 (VIOLATED)
_436_/A1                                0.750000    1.793615   -1.043615 (VIOLATED)
_437_/A1                                0.750000    1.793615   -1.043615 (VIOLATED)
_442_/A                                 0.750000    1.793615   -1.043615 (VIOLATED)
_443_/A                                 0.750000    1.793615   -1.043615 (VIOLATED)
_444_/A                                 0.750000    1.793615   -1.043615 (VIOLATED)
_445_/A                                 0.750000    1.793615   -1.043615 (VIOLATED)
_456_/B                                 0.750000    1.793615   -1.043615 (VIOLATED)
_466_/A                                 0.750000    1.793615   -1.043615 (VIOLATED)
_467_/A                                 0.750000    1.793615   -1.043615 (VIOLATED)
_479_/A                                 0.750000    1.793615   -1.043615 (VIOLATED)
_480_/A                                 0.750000    1.793615   -1.043615 (VIOLATED)
_489_/A                                 0.750000    1.793615   -1.043615 (VIOLATED)
_490_/A                                 0.750000    1.793615   -1.043615 (VIOLATED)
_503_/A                                 0.750000    1.793615   -1.043615 (VIOLATED)
_516_/A                                 0.750000    1.793615   -1.043615 (VIOLATED)
_521_/A                                 0.750000    1.793615   -1.043615 (VIOLATED)
_528_/A                                 0.750000    1.793615   -1.043615 (VIOLATED)
_529_/A                                 0.750000    1.793615   -1.043615 (VIOLATED)
_539_/A                                 0.750000    1.793615   -1.043615 (VIOLATED)
_545_/B1                                0.750000    1.793615   -1.043615 (VIOLATED)
_547_/A0                                0.750000    1.793615   -1.043615 (VIOLATED)
_580_/A                                 0.750000    1.793615   -1.043615 (VIOLATED)
_591_/A                                 0.750000    1.793615   -1.043615 (VIOLATED)
_592_/B                                 0.750000    1.793615   -1.043615 (VIOLATED)
_593_/A_N                               0.750000    1.793615   -1.043615 (VIOLATED)
_594_/A1                                0.750000    1.793615   -1.043615 (VIOLATED)
_597_/A                                 0.750000    1.793615   -1.043615 (VIOLATED)
_598_/A_N                               0.750000    1.793615   -1.043615 (VIOLATED)
_599_/B                                 0.750000    1.793615   -1.043615 (VIOLATED)
_600_/A1                                0.750000    1.793615   -1.043615 (VIOLATED)
_601_/A1                                0.750000    1.793615   -1.043615 (VIOLATED)
_602_/A1                                0.750000    1.793615   -1.043615 (VIOLATED)
_608_/B_N                               0.750000    1.793615   -1.043615 (VIOLATED)
_609_/B                                 0.750000    1.793615   -1.043615 (VIOLATED)
_610_/A                                 0.750000    1.793615   -1.043615 (VIOLATED)
_612_/A1                                0.750000    1.793615   -1.043615 (VIOLATED)
_613_/A1                                0.750000    1.793615   -1.043615 (VIOLATED)
_614_/B                                 0.750000    1.793615   -1.043615 (VIOLATED)
_615_/A1                                0.750000    1.793615   -1.043615 (VIOLATED)
_616_/A1                                0.750000    1.793615   -1.043615 (VIOLATED)
_626_/A1                                0.750000    1.793615   -1.043615 (VIOLATED)
_627_/A1                                0.750000    1.793615   -1.043615 (VIOLATED)
_628_/A2                                0.750000    1.793615   -1.043615 (VIOLATED)
_629_/A1                                0.750000    1.793615   -1.043615 (VIOLATED)
_630_/A                                 0.750000    1.793615   -1.043615 (VIOLATED)
_631_/B                                 0.750000    1.793615   -1.043615 (VIOLATED)
_632_/A_N                               0.750000    1.793615   -1.043615 (VIOLATED)
_634_/A1                                0.750000    1.793615   -1.043615 (VIOLATED)
_635_/A1                                0.750000    1.793615   -1.043615 (VIOLATED)
_636_/B                                 0.750000    1.793615   -1.043615 (VIOLATED)
_637_/A_N                               0.750000    1.793615   -1.043615 (VIOLATED)
_638_/A                                 0.750000    1.793615   -1.043615 (VIOLATED)
_639_/A1                                0.750000    1.793615   -1.043615 (VIOLATED)
_640_/A1                                0.750000    1.793615   -1.043615 (VIOLATED)
_647_/B                                 0.750000    1.793615   -1.043615 (VIOLATED)
_648_/A1                                0.750000    1.793615   -1.043615 (VIOLATED)
_649_/A1                                0.750000    1.793615   -1.043615 (VIOLATED)
_658_/B                                 0.750000    1.793615   -1.043615 (VIOLATED)

max fanout

Pin                                   Limit Fanout  Slack
---------------------------------------------------------
sub                                      10    101    -91 (VIOLATED)

max capacitance

Pin                                        Limit         Cap       Slack
------------------------------------------------------------------------
sub                                     0.200000    0.399531   -0.199531 (VIOLATED)



===========================================================================
report_parasitic_annotation -report_unannotated
============================================================================
Found 411 unannotated drivers.
 A[0]
 A[10]
 A[11]
 A[12]
 A[13]
 A[14]
 A[15]
 A[16]
 A[17]
 A[18]
 A[19]
 A[1]
 A[20]
 A[21]
 A[22]
 A[23]
 A[24]
 A[25]
 A[26]
 A[27]
 A[28]
 A[29]
 A[2]
 A[30]
 A[31]
 A[3]
 A[4]
 A[5]
 A[6]
 A[7]
 A[8]
 A[9]
 B[0]
 B[10]
 B[11]
 B[12]
 B[13]
 B[14]
 B[15]
 B[16]
 B[17]
 B[18]
 B[19]
 B[1]
 B[20]
 B[21]
 B[22]
 B[23]
 B[24]
 B[25]
 B[26]
 B[27]
 B[28]
 B[29]
 B[2]
 B[30]
 B[31]
 B[3]
 B[4]
 B[5]
 B[6]
 B[7]
 B[8]
 B[9]
 sub
 _313_/Y
 _314_/Y
 _315_/Y
 _316_/X
 _317_/Y
 _318_/Y
 _319_/X
 _320_/Y
 _321_/Y
 _322_/Y
 _323_/X
 _324_/Y
 _325_/Y
 _326_/Y
 _327_/X
 _328_/Y
 _329_/Y
 _330_/Y
 _331_/X
 _332_/Y
 _333_/X
 _334_/X
 _335_/Y
 _336_/Y
 _337_/Y
 _338_/Y
 _339_/Y
 _340_/X
 _341_/Y
 _342_/Y
 _343_/X
 _344_/Y
 _345_/Y
 _346_/Y
 _347_/Y
 _348_/Y
 _349_/Y
 _350_/Y
 _351_/Y
 _352_/Y
 _353_/X
 _354_/Y
 _355_/Y
 _356_/X
 _357_/Y
 _358_/Y
 _359_/Y
 _360_/Y
 _361_/X
 _362_/Y
 _363_/Y
 _364_/Y
 _365_/Y
 _366_/Y
 _367_/X
 _368_/Y
 _369_/Y
 _370_/Y
 _371_/Y
 _372_/Y
 _373_/Y
 _374_/X
 _375_/Y
 _376_/Y
 _377_/X
 _378_/Y
 _379_/Y
 _380_/X
 _381_/Y
 _382_/Y
 _383_/X
 _384_/Y
 _385_/Y
 _386_/Y
 _387_/X
 _388_/Y
 _389_/Y
 _390_/Y
 _391_/Y
 _392_/Y
 _393_/Y
 _394_/X
 _395_/Y
 _396_/Y
 _397_/Y
 _398_/Y
 _399_/Y
 _400_/Y
 _401_/Y
 _402_/Y
 _403_/Y
 _404_/X
 _405_/Y
 _406_/Y
 _407_/Y
 _408_/Y
 _409_/Y
 _410_/Y
 _411_/X
 _412_/X
 _413_/X
 _414_/Y
 _415_/Y
 _416_/Y
 _417_/X
 _418_/Y
 _419_/Y
 _420_/Y
 _421_/Y
 _422_/Y
 _423_/Y
 _424_/Y
 _425_/X
 _426_/Y
 _427_/X
 _428_/Y
 _429_/Y
 _430_/Y
 _431_/Y
 _432_/Y
 _433_/Y
 _434_/Y
 _435_/X
 _436_/Y
 _437_/Y
 _438_/Y
 _439_/Y
 _440_/Y
 _441_/X
 _442_/Y
 _443_/X
 _444_/X
 _445_/Y
 _446_/Y
 _447_/Y
 _448_/Y
 _449_/Y
 _450_/Y
 _451_/Y
 _452_/Y
 _453_/Y
 _454_/Y
 _455_/X
 _456_/Y
 _457_/Y
 _458_/X
 _459_/X
 _460_/Y
 _461_/Y
 _462_/Y
 _463_/X
 _464_/Y
 _465_/X
 _466_/X
 _467_/Y
 _468_/X
 _469_/Y
 _470_/X
 _471_/X
 _472_/Y
 _473_/Y
 _474_/Y
 _475_/Y
 _476_/Y
 _477_/Y
 _478_/X
 _479_/Y
 _480_/X
 _481_/X
 _482_/Y
 _483_/Y
 _484_/Y
 _485_/Y
 _486_/Y
 _487_/Y
 _488_/Y
 _489_/Y
 _490_/X
 _491_/Y
 _492_/Y
 _493_/Y
 _494_/X
 _495_/Y
 _496_/Y
 _497_/Y
 _498_/Y
 _499_/Y
 _500_/Y
 _501_/Y
 _502_/X
 _503_/X
 _504_/X
 _505_/Y
 _506_/Y
 _507_/Y
 _508_/Y
 _509_/X
 _510_/Y
 _511_/Y
 _512_/Y
 _513_/X
 _514_/Y
 _515_/Y
 _516_/Y
 _517_/X
 _518_/Y
 _519_/Y
 _520_/Y
 _521_/Y
 _522_/X
 _523_/X
 _524_/Y
 _525_/Y
 _526_/X
 _527_/X
 _528_/X
 _529_/Y
 _530_/X
 _531_/X
 _532_/Y
 _533_/Y
 _534_/X
 _535_/Y
 _536_/X
 _537_/Y
 _538_/Y
 _539_/Y
 _540_/Y
 _541_/X
 _542_/X
 _543_/Y
 _544_/Y
 _545_/Y
 _546_/Y
 _547_/X
 _548_/Y
 _549_/Y
 _550_/X
 _551_/Y
 _552_/X
 _553_/X
 _554_/Y
 _555_/Y
 _556_/Y
 _557_/X
 _558_/X
 _559_/Y
 _560_/X
 _561_/Y
 _562_/Y
 _563_/Y
 _564_/X
 _565_/Y
 _566_/X
 _567_/Y
 _568_/Y
 _569_/X
 _570_/X
 _571_/X
 _572_/Y
 _573_/Y
 _574_/Y
 _575_/Y
 _576_/Y
 _577_/Y
 _578_/Y
 _579_/Y
 _580_/Y
 _581_/Y
 _582_/Y
 _583_/Y
 _584_/Y
 _585_/Y
 _586_/Y
 _587_/Y
 _588_/Y
 _589_/Y
 _590_/Y
 _591_/X
 _592_/Y
 _593_/Y
 _594_/Y
 _595_/Y
 _596_/X
 _597_/Y
 _598_/Y
 _599_/Y
 _600_/X
 _601_/Y
 _602_/Y
 _603_/Y
 _604_/Y
 _605_/Y
 _606_/Y
 _607_/X
 _608_/Y
 _609_/Y
 _610_/Y
 _611_/Y
 _612_/Y
 _613_/Y
 _614_/Y
 _615_/Y
 _616_/Y
 _617_/X
 _618_/X
 _619_/Y
 _620_/Y
 _621_/Y
 _622_/Y
 _623_/Y
 _624_/Y
 _625_/Y
 _626_/Y
 _627_/Y
 _628_/Y
 _629_/X
 _630_/X
 _631_/Y
 _632_/Y
 _633_/Y
 _634_/Y
 _635_/Y
 _636_/Y
 _637_/Y
 _638_/X
 _639_/Y
 _640_/Y
 _641_/X
 _642_/X
 _643_/Y
 _644_/X
 _645_/Y
 _646_/X
 _647_/Y
 _648_/Y
 _649_/Y
 _650_/Y
 _651_/Y
 _652_/X
 _653_/Y
 _654_/Y
 _655_/Y
 _656_/Y
 _657_/Y
 _658_/Y
Found 0 partially unannotated drivers.

===========================================================================
max slew violation count 102
max fanout violation count 1
max cap violation count 1
============================================================================

===========================================================================
check_setup -verbose -unconstrained_endpoints -multiple_clock -no_clock -no_input_delay -loops -generated_clocks
===========================================================================
