
===========================================================================
report_checks -unconstrained
===========================================================================
======================= nom_ff_n40C_1v95 Corner ===================================

Startpoint: B[4] (input port clocked by __VIRTUAL_CLK__)
Endpoint: y[31] (output port clocked by __VIRTUAL_CLK__)
Path Group: __VIRTUAL_CLK__
Path Type: max

Fanout         Cap        Slew       Delay        Time   Description
---------------------------------------------------------------------------------------------
                      0.000000    0.000000    0.000000   clock __VIRTUAL_CLK__ (rise edge)
                                  0.000000    0.000000   clock network delay (ideal)
                                  4.000000    4.000000 v input external delay
     1    0.003969    0.006455    0.003488    4.003488 v B[4] (in)
                                                         B[4] (net)
                      0.006460    0.000000    4.003488 v input59/A (sky130_fd_sc_hd__clkdlybuf4s25_1)
     5    0.028799    0.149078    0.259293    4.262781 v input59/X (sky130_fd_sc_hd__clkdlybuf4s25_1)
                                                         net59 (net)
                      0.149082    0.000932    4.263712 v _491_/B (sky130_fd_sc_hd__xnor2_2)
     2    0.008993    0.062433    0.140756    4.404469 v _491_/Y (sky130_fd_sc_hd__xnor2_2)
                                                         _058_ (net)
                      0.062433    0.000152    4.404621 v max_cap106/A (sky130_fd_sc_hd__buf_2)
     6    0.026206    0.050980    0.125891    4.530512 v max_cap106/X (sky130_fd_sc_hd__buf_2)
                                                         net106 (net)
                      0.050994    0.000857    4.531369 v _546_/A (sky130_fd_sc_hd__or4_2)
     2    0.007942    0.078022    0.414430    4.945799 v _546_/X (sky130_fd_sc_hd__or4_2)
                                                         _109_ (net)
                      0.078022    0.000187    4.945985 v _658_/A (sky130_fd_sc_hd__or4_2)
     2    0.005584    0.072822    0.412723    5.358709 v _658_/X (sky130_fd_sc_hd__or4_2)
                                                         _213_ (net)
                      0.072822    0.000144    5.358853 v _660_/B1 (sky130_fd_sc_hd__o221a_2)
     3    0.014233    0.051355    0.197910    5.556763 v _660_/X (sky130_fd_sc_hd__o221a_2)
                                                         _215_ (net)
                      0.051356    0.000510    5.557273 v _835_/A1 (sky130_fd_sc_hd__a211o_2)
     1    0.002704    0.032759    0.189615    5.746889 v _835_/X (sky130_fd_sc_hd__a211o_2)
                                                         _378_ (net)
                      0.032759    0.000088    5.746977 v _836_/B (sky130_fd_sc_hd__and2_2)
     3    0.012391    0.042662    0.142754    5.889730 v _836_/X (sky130_fd_sc_hd__and2_2)
                                                         _379_ (net)
                      0.042665    0.000403    5.890134 v _863_/A2 (sky130_fd_sc_hd__o31a_2)
     2    0.007812    0.045906    0.218243    6.108377 v _863_/X (sky130_fd_sc_hd__o31a_2)
                                                         _404_ (net)
                      0.045906    0.000269    6.108646 v _880_/A2 (sky130_fd_sc_hd__a21o_2)
     2    0.011632    0.041022    0.163178    6.271824 v _880_/X (sky130_fd_sc_hd__a21o_2)
                                                         _420_ (net)
                      0.041024    0.000302    6.272126 v _881_/B (sky130_fd_sc_hd__or2_2)
     1    0.003487    0.037854    0.168432    6.440558 v _881_/X (sky130_fd_sc_hd__or2_2)
                                                         _421_ (net)
                      0.037854    0.000114    6.440672 v _882_/B1 (sky130_fd_sc_hd__o31a_2)
     1    0.010035    0.049908    0.086910    6.527581 v _882_/X (sky130_fd_sc_hd__o31a_2)
                                                         _422_ (net)
                      0.049908    0.000383    6.527964 v _883_/B (sky130_fd_sc_hd__xnor2_2)
     1    0.008223    0.044248    0.100462    6.628427 v _883_/Y (sky130_fd_sc_hd__xnor2_2)
                                                         _423_ (net)
                      0.044248    0.000287    6.628713 v _886_/A2 (sky130_fd_sc_hd__o21ai_2)
     1    0.007272    0.119056    0.100461    6.729174 ^ _886_/Y (sky130_fd_sc_hd__o21ai_2)
                                                         net94 (net)
                      0.119056    0.000252    6.729426 ^ output94/A (sky130_fd_sc_hd__clkdlybuf4s25_1)
     1    0.035960    0.271728    0.363505    7.092931 ^ output94/X (sky130_fd_sc_hd__clkdlybuf4s25_1)
                                                         y[31] (net)
                      0.271728    0.000970    7.093901 ^ y[31] (out)
                                              7.093901   data arrival time

                      0.000000   20.000000   20.000000   clock __VIRTUAL_CLK__ (rise edge)
                                  0.000000   20.000000   clock network delay (ideal)
                                 -0.250000   19.750002   clock uncertainty
                                  0.000000   19.750002   clock reconvergence pessimism
                                 -4.000000   15.750001   output external delay
                                             15.750001   data required time
---------------------------------------------------------------------------------------------
                                             15.750001   data required time
                                             -7.093901   data arrival time
---------------------------------------------------------------------------------------------
                                              8.656100   slack (MET)




===========================================================================
report_checks --slack_max -0.01
============================================================================
======================= nom_ff_n40C_1v95 Corner ===================================

No paths found.


===========================================================================
 report_check_types -max_slew -max_cap -max_fanout -violators
============================================================================
======================= nom_ff_n40C_1v95 Corner ===================================



===========================================================================
report_parasitic_annotation -report_unannotated
============================================================================
Found 2 unannotated drivers.
 statusIn[1]
 statusIn[2]
Found 0 partially unannotated drivers.

===========================================================================
max slew violation count 0
max fanout violation count 0
max cap violation count 0
============================================================================

===========================================================================
check_setup -verbose -unconstrained_endpoints -multiple_clock -no_clock -no_input_delay -loops -generated_clocks
===========================================================================
