
===========================================================================
report_checks -path_delay min (Hold)
============================================================================
======================= nom_ff_n40C_1v95 Corner ===================================

Startpoint: A[31] (input port clocked by __VIRTUAL_CLK__)
Endpoint: carryOut (output port clocked by __VIRTUAL_CLK__)
Path Group: __VIRTUAL_CLK__
Path Type: min

Fanout         Cap        Slew       Delay        Time   Description
---------------------------------------------------------------------------------------------
                      0.000000    0.000000    0.000000   clock __VIRTUAL_CLK__ (rise edge)
                                  0.000000    0.000000   clock network delay (ideal)
                                  2.000000    2.000000 v input external delay
     1    0.004325    0.007026    0.003456    2.003456 v A[31] (in)
                                                         A[31] (net)
                      0.007031    0.000000    2.003456 v input25/A (sky130_fd_sc_hd__clkdlybuf4s25_1)
     2    0.007817    0.049919    0.160607    2.164062 v input25/X (sky130_fd_sc_hd__clkdlybuf4s25_1)
                                                         net25 (net)
                      0.049919    0.000240    2.164302 v _333_/A (sky130_fd_sc_hd__nand2_2)
     2    0.010510    0.048555    0.057669    2.221972 ^ _333_/Y (sky130_fd_sc_hd__nand2_2)
                                                         _188_ (net)
                      0.048555    0.000254    2.222225 ^ _369_/B1 (sky130_fd_sc_hd__o21ai_2)
     1    0.005789    0.022584    0.025248    2.247474 v _369_/Y (sky130_fd_sc_hd__o21ai_2)
                                                         net98 (net)
                      0.022595    0.000189    2.247663 v output98/A (sky130_fd_sc_hd__buf_6)
     1    0.035522    0.032801    0.083229    2.330891 v output98/X (sky130_fd_sc_hd__buf_6)
                                                         carryOut (net)
                      0.032823    0.000730    2.331621 v carryOut (out)
                                              2.331621   data arrival time

                      0.000000    0.000000    0.000000   clock __VIRTUAL_CLK__ (rise edge)
                                  0.000000    0.000000   clock network delay (ideal)
                                  0.250000    0.250000   clock uncertainty
                                  0.000000    0.250000   clock reconvergence pessimism
                                 -2.000000   -1.750000   output external delay
                                             -1.750000   data required time
---------------------------------------------------------------------------------------------
                                             -1.750000   data required time
                                             -2.331621   data arrival time
---------------------------------------------------------------------------------------------
                                              4.081621   slack (MET)


Startpoint: A[31] (input port clocked by __VIRTUAL_CLK__)
Endpoint: S[31] (output port clocked by __VIRTUAL_CLK__)
Path Group: __VIRTUAL_CLK__
Path Type: min

Fanout         Cap        Slew       Delay        Time   Description
---------------------------------------------------------------------------------------------
                      0.000000    0.000000    0.000000   clock __VIRTUAL_CLK__ (rise edge)
                                  0.000000    0.000000   clock network delay (ideal)
                                  2.000000    2.000000 ^ input external delay
     1    0.004551    0.020164    0.011258    2.011258 ^ A[31] (in)
                                                         A[31] (net)
                      0.020165    0.000000    2.011258 ^ input25/A (sky130_fd_sc_hd__clkdlybuf4s25_1)
     2    0.008241    0.070045    0.173689    2.184947 ^ input25/X (sky130_fd_sc_hd__clkdlybuf4s25_1)
                                                         net25 (net)
                      0.070045    0.000253    2.185199 ^ _333_/A (sky130_fd_sc_hd__nand2_2)
     2    0.009792    0.037902    0.039012    2.224211 v _333_/Y (sky130_fd_sc_hd__nand2_2)
                                                         _188_ (net)
                      0.037904    0.000204    2.224415 v _334_/B (sky130_fd_sc_hd__nand2_2)
     2    0.015390    0.065641    0.071445    2.295861 ^ _334_/Y (sky130_fd_sc_hd__nand2_2)
                                                         _189_ (net)
                      0.065643    0.000253    2.296113 ^ _336_/A (sky130_fd_sc_hd__xor2_2)
     1    0.005452    0.025876    0.043896    2.340009 v _336_/X (sky130_fd_sc_hd__xor2_2)
                                                         net90 (net)
                      0.025876    0.000173    2.340182 v output90/A (sky130_fd_sc_hd__buf_6)
     1    0.035948    0.033052    0.084610    2.424792 v output90/X (sky130_fd_sc_hd__buf_6)
                                                         S[31] (net)
                      0.033091    0.000961    2.425753 v S[31] (out)
                                              2.425753   data arrival time

                      0.000000    0.000000    0.000000   clock __VIRTUAL_CLK__ (rise edge)
                                  0.000000    0.000000   clock network delay (ideal)
                                  0.250000    0.250000   clock uncertainty
                                  0.000000    0.250000   clock reconvergence pessimism
                                 -2.000000   -1.750000   output external delay
                                             -1.750000   data required time
---------------------------------------------------------------------------------------------
                                             -1.750000   data required time
                                             -2.425753   data arrival time
---------------------------------------------------------------------------------------------
                                              4.175753   slack (MET)


Startpoint: A[24] (input port clocked by __VIRTUAL_CLK__)
Endpoint: S[25] (output port clocked by __VIRTUAL_CLK__)
Path Group: __VIRTUAL_CLK__
Path Type: min

Fanout         Cap        Slew       Delay        Time   Description
---------------------------------------------------------------------------------------------
                      0.000000    0.000000    0.000000   clock __VIRTUAL_CLK__ (rise edge)
                                  0.000000    0.000000   clock network delay (ideal)
                                  2.000000    2.000000 ^ input external delay
     1    0.003286    0.015661    0.008092    2.008092 ^ A[24] (in)
                                                         A[24] (net)
                      0.015661    0.000000    2.008092 ^ input17/A (sky130_fd_sc_hd__clkdlybuf4s25_1)
     2    0.011088    0.090414    0.186385    2.194477 ^ input17/X (sky130_fd_sc_hd__clkdlybuf4s25_1)
                                                         net17 (net)
                      0.090415    0.000420    2.194897 ^ _274_/A (sky130_fd_sc_hd__nand2_2)
     3    0.015840    0.050646    0.054669    2.249566 v _274_/Y (sky130_fd_sc_hd__nand2_2)
                                                         _136_ (net)
                      0.050663    0.000701    2.250267 v _289_/A (sky130_fd_sc_hd__nand2_2)
     1    0.008650    0.042308    0.053322    2.303589 ^ _289_/Y (sky130_fd_sc_hd__nand2_2)
                                                         _150_ (net)
                      0.042308    0.000238    2.303828 ^ _290_/B (sky130_fd_sc_hd__xnor2_2)
     1    0.006470    0.027987    0.037505    2.341333 v _290_/Y (sky130_fd_sc_hd__xnor2_2)
                                                         net83 (net)
                      0.027989    0.000230    2.341563 v output83/A (sky130_fd_sc_hd__buf_6)
     1    0.035363    0.032739    0.085149    2.426712 v output83/X (sky130_fd_sc_hd__buf_6)
                                                         S[25] (net)
                      0.032784    0.001017    2.427728 v S[25] (out)
                                              2.427728   data arrival time

                      0.000000    0.000000    0.000000   clock __VIRTUAL_CLK__ (rise edge)
                                  0.000000    0.000000   clock network delay (ideal)
                                  0.250000    0.250000   clock uncertainty
                                  0.000000    0.250000   clock reconvergence pessimism
                                 -2.000000   -1.750000   output external delay
                                             -1.750000   data required time
---------------------------------------------------------------------------------------------
                                             -1.750000   data required time
                                             -2.427728   data arrival time
---------------------------------------------------------------------------------------------
                                              4.177728   slack (MET)


Startpoint: A[8] (input port clocked by __VIRTUAL_CLK__)
Endpoint: S[9] (output port clocked by __VIRTUAL_CLK__)
Path Group: __VIRTUAL_CLK__
Path Type: min

Fanout         Cap        Slew       Delay        Time   Description
---------------------------------------------------------------------------------------------
                      0.000000    0.000000    0.000000   clock __VIRTUAL_CLK__ (rise edge)
                                  0.000000    0.000000   clock network delay (ideal)
                                  2.000000    2.000000 ^ input external delay
     1    0.003859    0.017719    0.009518    2.009518 ^ A[8] (in)
                                                         A[8] (net)
                      0.017720    0.000000    2.009518 ^ input31/A (sky130_fd_sc_hd__clkdlybuf4s25_1)
     2    0.014126    0.112455    0.201665    2.211183 ^ input31/X (sky130_fd_sc_hd__clkdlybuf4s25_1)
                                                         net31 (net)
                      0.112455    0.000092    2.211275 ^ _376_/A (sky130_fd_sc_hd__nand2_2)
     3    0.011457    0.050888    0.048173    2.259448 v _376_/Y (sky130_fd_sc_hd__nand2_2)
                                                         _005_ (net)
                      0.050891    0.000298    2.259746 v _355_/A (sky130_fd_sc_hd__nand2_2)
     1    0.008622    0.042234    0.053380    2.313126 ^ _355_/Y (sky130_fd_sc_hd__nand2_2)
                                                         _200_ (net)
                      0.042234    0.000162    2.313288 ^ _356_/B (sky130_fd_sc_hd__xnor2_2)
     1    0.006781    0.028758    0.038146    2.351434 v _356_/Y (sky130_fd_sc_hd__xnor2_2)
                                                         net97 (net)
                      0.028760    0.000249    2.351683 v output97/A (sky130_fd_sc_hd__buf_6)
     1    0.035651    0.032851    0.085752    2.437435 v output97/X (sky130_fd_sc_hd__buf_6)
                                                         S[9] (net)
                      0.032873    0.000739    2.438174 v S[9] (out)
                                              2.438174   data arrival time

                      0.000000    0.000000    0.000000   clock __VIRTUAL_CLK__ (rise edge)
                                  0.000000    0.000000   clock network delay (ideal)
                                  0.250000    0.250000   clock uncertainty
                                  0.000000    0.250000   clock reconvergence pessimism
                                 -2.000000   -1.750000   output external delay
                                             -1.750000   data required time
---------------------------------------------------------------------------------------------
                                             -1.750000   data required time
                                             -2.438174   data arrival time
---------------------------------------------------------------------------------------------
                                              4.188174   slack (MET)


Startpoint: A[16] (input port clocked by __VIRTUAL_CLK__)
Endpoint: S[17] (output port clocked by __VIRTUAL_CLK__)
Path Group: __VIRTUAL_CLK__
Path Type: min

Fanout         Cap        Slew       Delay        Time   Description
---------------------------------------------------------------------------------------------
                      0.000000    0.000000    0.000000   clock __VIRTUAL_CLK__ (rise edge)
                                  0.000000    0.000000   clock network delay (ideal)
                                  2.000000    2.000000 ^ input external delay
     1    0.004084    0.018515    0.010092    2.010092 ^ A[16] (in)
                                                         A[16] (net)
                      0.018516    0.000000    2.010092 ^ input8/A (sky130_fd_sc_hd__clkdlybuf4s25_1)
     3    0.011021    0.089941    0.186798    2.196890 ^ input8/X (sky130_fd_sc_hd__clkdlybuf4s25_1)
                                                         net8 (net)
                      0.089941    0.000269    2.197159 ^ _216_/A (sky130_fd_sc_hd__nand2_2)
     2    0.009948    0.042372    0.041562    2.238721 v _216_/Y (sky130_fd_sc_hd__nand2_2)
                                                         _086_ (net)
                      0.042375    0.000262    2.238983 v _222_/B1 (sky130_fd_sc_hd__o21ai_2)
     1    0.008860    0.044407    0.051716    2.290698 ^ _222_/Y (sky130_fd_sc_hd__o21ai_2)
                                                         _091_ (net)
                      0.044425    0.000255    2.290953 ^ _223_/B (sky130_fd_sc_hd__xnor2_2)
     1    0.003592    0.021321    0.031738    2.322691 v _223_/Y (sky130_fd_sc_hd__xnor2_2)
                                                         net74 (net)
                      0.021321    0.000082    2.322773 v output74/A (sky130_fd_sc_hd__clkbuf_2)
     1    0.034859    0.093063    0.117965    2.440738 v output74/X (sky130_fd_sc_hd__clkbuf_2)
                                                         S[17] (net)
                      0.093071    0.000813    2.441551 v S[17] (out)
                                              2.441551   data arrival time

                      0.000000    0.000000    0.000000   clock __VIRTUAL_CLK__ (rise edge)
                                  0.000000    0.000000   clock network delay (ideal)
                                  0.250000    0.250000   clock uncertainty
                                  0.000000    0.250000   clock reconvergence pessimism
                                 -2.000000   -1.750000   output external delay
                                             -1.750000   data required time
---------------------------------------------------------------------------------------------
                                             -1.750000   data required time
                                             -2.441551   data arrival time
---------------------------------------------------------------------------------------------
                                              4.191551   slack (MET)


Startpoint: A[26] (input port clocked by __VIRTUAL_CLK__)
Endpoint: S[26] (output port clocked by __VIRTUAL_CLK__)
Path Group: __VIRTUAL_CLK__
Path Type: min

Fanout         Cap        Slew       Delay        Time   Description
---------------------------------------------------------------------------------------------
                      0.000000    0.000000    0.000000   clock __VIRTUAL_CLK__ (rise edge)
                                  0.000000    0.000000   clock network delay (ideal)
                                  2.000000    2.000000 ^ input external delay
     1    0.004288    0.019216    0.010602    2.010602 ^ A[26] (in)
                                                         A[26] (net)
                      0.019217    0.000000    2.010602 ^ input19/A (sky130_fd_sc_hd__clkdlybuf4s25_1)
     2    0.009657    0.080134    0.180393    2.190995 ^ input19/X (sky130_fd_sc_hd__clkdlybuf4s25_1)
                                                         net19 (net)
                      0.080134    0.000201    2.191195 ^ _294_/A (sky130_fd_sc_hd__nand3_2)
     2    0.008118    0.041368    0.047489    2.238685 v _294_/Y (sky130_fd_sc_hd__nand3_2)
                                                         _154_ (net)
                      0.041368    0.000142    2.238827 v _295_/B (sky130_fd_sc_hd__nand2b_2)
     3    0.018108    0.080526    0.079677    2.318504 ^ _295_/Y (sky130_fd_sc_hd__nand2b_2)
                                                         _155_ (net)
                      0.080527    0.000441    2.318945 ^ _298_/A (sky130_fd_sc_hd__xnor2_2)
     1    0.005198    0.024187    0.044166    2.363111 v _298_/Y (sky130_fd_sc_hd__xnor2_2)
                                                         net84 (net)
                      0.024187    0.000114    2.363226 v output84/A (sky130_fd_sc_hd__buf_6)
     1    0.036200    0.033323    0.083962    2.447187 v output84/X (sky130_fd_sc_hd__buf_6)
                                                         S[26] (net)
                      0.033380    0.001145    2.448332 v S[26] (out)
                                              2.448332   data arrival time

                      0.000000    0.000000    0.000000   clock __VIRTUAL_CLK__ (rise edge)
                                  0.000000    0.000000   clock network delay (ideal)
                                  0.250000    0.250000   clock uncertainty
                                  0.000000    0.250000   clock reconvergence pessimism
                                 -2.000000   -1.750000   output external delay
                                             -1.750000   data required time
---------------------------------------------------------------------------------------------
                                             -1.750000   data required time
                                             -2.448332   data arrival time
---------------------------------------------------------------------------------------------
                                              4.198332   slack (MET)


Startpoint: A[23] (input port clocked by __VIRTUAL_CLK__)
Endpoint: S[23] (output port clocked by __VIRTUAL_CLK__)
Path Group: __VIRTUAL_CLK__
Path Type: min

Fanout         Cap        Slew       Delay        Time   Description
---------------------------------------------------------------------------------------------
                      0.000000    0.000000    0.000000   clock __VIRTUAL_CLK__ (rise edge)
                                  0.000000    0.000000   clock network delay (ideal)
                                  2.000000    2.000000 v input external delay
     1    0.003492    0.005729    0.002755    2.002755 v A[23] (in)
                                                         A[23] (net)
                      0.005731    0.000000    2.002755 v input16/A (sky130_fd_sc_hd__clkdlybuf4s25_1)
     2    0.010496    0.061586    0.170401    2.173156 v input16/X (sky130_fd_sc_hd__clkdlybuf4s25_1)
                                                         net16 (net)
                      0.061587    0.000362    2.173518 v _266_/B1 (sky130_fd_sc_hd__a21oi_2)
     2    0.005657    0.053626    0.063100    2.236618 ^ _266_/Y (sky130_fd_sc_hd__a21oi_2)
                                                         _129_ (net)
                      0.053626    0.000175    2.236793 ^ _267_/B (sky130_fd_sc_hd__or2_4)
     2    0.011877    0.036537    0.081154    2.317947 ^ _267_/X (sky130_fd_sc_hd__or2_4)
                                                         _130_ (net)
                      0.036540    0.000320    2.318267 ^ _271_/A (sky130_fd_sc_hd__xnor2_2)
     1    0.007656    0.030729    0.043823    2.362089 v _271_/Y (sky130_fd_sc_hd__xnor2_2)
                                                         net81 (net)
                      0.030746    0.000293    2.362382 v output81/A (sky130_fd_sc_hd__buf_6)
     1    0.034646    0.032321    0.086028    2.448411 v output81/X (sky130_fd_sc_hd__buf_6)
                                                         S[23] (net)
                      0.032348    0.000788    2.449198 v S[23] (out)
                                              2.449198   data arrival time

                      0.000000    0.000000    0.000000   clock __VIRTUAL_CLK__ (rise edge)
                                  0.000000    0.000000   clock network delay (ideal)
                                  0.250000    0.250000   clock uncertainty
                                  0.000000    0.250000   clock reconvergence pessimism
                                 -2.000000   -1.750000   output external delay
                                             -1.750000   data required time
---------------------------------------------------------------------------------------------
                                             -1.750000   data required time
                                             -2.449198   data arrival time
---------------------------------------------------------------------------------------------
                                              4.199198   slack (MET)


Startpoint: A[30] (input port clocked by __VIRTUAL_CLK__)
Endpoint: S[30] (output port clocked by __VIRTUAL_CLK__)
Path Group: __VIRTUAL_CLK__
Path Type: min

Fanout         Cap        Slew       Delay        Time   Description
---------------------------------------------------------------------------------------------
                      0.000000    0.000000    0.000000   clock __VIRTUAL_CLK__ (rise edge)
                                  0.000000    0.000000   clock network delay (ideal)
                                  2.000000    2.000000 v input external delay
     1    0.003896    0.006327    0.003098    2.003098 v A[30] (in)
                                                         A[30] (net)
                      0.006332    0.000000    2.003098 v input24/A (sky130_fd_sc_hd__clkdlybuf4s25_1)
     2    0.009828    0.058647    0.168193    2.171290 v input24/X (sky130_fd_sc_hd__clkdlybuf4s25_1)
                                                         net24 (net)
                      0.058647    0.000255    2.171545 v _325_/A (sky130_fd_sc_hd__nand3_2)
     2    0.008386    0.044290    0.057314    2.228859 ^ _325_/Y (sky130_fd_sc_hd__nand3_2)
                                                         _181_ (net)
                      0.044290    0.000154    2.229014 ^ _326_/B (sky130_fd_sc_hd__and2b_2)
     1    0.009411    0.044952    0.096322    2.325336 ^ _326_/X (sky130_fd_sc_hd__and2b_2)
                                                         _182_ (net)
                      0.044952    0.000190    2.325526 ^ _330_/A (sky130_fd_sc_hd__xnor2_2)
     1    0.005902    0.026927    0.041600    2.367125 v _330_/Y (sky130_fd_sc_hd__xnor2_2)
                                                         net89 (net)
                      0.026928    0.000195    2.367321 v output89/A (sky130_fd_sc_hd__buf_6)
     1    0.035054    0.032569    0.084614    2.451935 v output89/X (sky130_fd_sc_hd__buf_6)
                                                         S[30] (net)
                      0.032607    0.000936    2.452871 v S[30] (out)
                                              2.452871   data arrival time

                      0.000000    0.000000    0.000000   clock __VIRTUAL_CLK__ (rise edge)
                                  0.000000    0.000000   clock network delay (ideal)
                                  0.250000    0.250000   clock uncertainty
                                  0.000000    0.250000   clock reconvergence pessimism
                                 -2.000000   -1.750000   output external delay
                                             -1.750000   data required time
---------------------------------------------------------------------------------------------
                                             -1.750000   data required time
                                             -2.452871   data arrival time
---------------------------------------------------------------------------------------------
                                              4.202871   slack (MET)


Startpoint: A[27] (input port clocked by __VIRTUAL_CLK__)
Endpoint: S[27] (output port clocked by __VIRTUAL_CLK__)
Path Group: __VIRTUAL_CLK__
Path Type: min

Fanout         Cap        Slew       Delay        Time   Description
---------------------------------------------------------------------------------------------
                      0.000000    0.000000    0.000000   clock __VIRTUAL_CLK__ (rise edge)
                                  0.000000    0.000000   clock network delay (ideal)
                                  2.000000    2.000000 v input external delay
     1    0.003402    0.005600    0.002678    2.002678 v A[27] (in)
                                                         A[27] (net)
                      0.005601    0.000000    2.002678 v input20/A (sky130_fd_sc_hd__clkdlybuf4s25_1)
     2    0.008246    0.051926    0.161791    2.164469 v input20/X (sky130_fd_sc_hd__clkdlybuf4s25_1)
                                                         net20 (net)
                      0.051926    0.000208    2.164677 v _302_/B1 (sky130_fd_sc_hd__a21oi_2)
     2    0.005869    0.053478    0.060297    2.224974 ^ _302_/Y (sky130_fd_sc_hd__a21oi_2)
                                                         _161_ (net)
                      0.053478    0.000132    2.225106 ^ _303_/B (sky130_fd_sc_hd__or2_2)
     2    0.013529    0.058669    0.092851    2.317957 ^ _303_/X (sky130_fd_sc_hd__or2_2)
                                                         _162_ (net)
                      0.058671    0.000371    2.318328 ^ _306_/A (sky130_fd_sc_hd__xor2_2)
     1    0.003944    0.023458    0.039908    2.358236 v _306_/X (sky130_fd_sc_hd__xor2_2)
                                                         net85 (net)
                      0.023458    0.000125    2.358361 v output85/A (sky130_fd_sc_hd__buf_4)
     1    0.034758    0.043107    0.102848    2.461208 v output85/X (sky130_fd_sc_hd__buf_4)
                                                         S[27] (net)
                      0.043130    0.000862    2.462071 v S[27] (out)
                                              2.462071   data arrival time

                      0.000000    0.000000    0.000000   clock __VIRTUAL_CLK__ (rise edge)
                                  0.000000    0.000000   clock network delay (ideal)
                                  0.250000    0.250000   clock uncertainty
                                  0.000000    0.250000   clock reconvergence pessimism
                                 -2.000000   -1.750000   output external delay
                                             -1.750000   data required time
---------------------------------------------------------------------------------------------
                                             -1.750000   data required time
                                             -2.462071   data arrival time
---------------------------------------------------------------------------------------------
                                              4.212071   slack (MET)


Startpoint: A[18] (input port clocked by __VIRTUAL_CLK__)
Endpoint: S[19] (output port clocked by __VIRTUAL_CLK__)
Path Group: __VIRTUAL_CLK__
Path Type: min

Fanout         Cap        Slew       Delay        Time   Description
---------------------------------------------------------------------------------------------
                      0.000000    0.000000    0.000000   clock __VIRTUAL_CLK__ (rise edge)
                                  0.000000    0.000000   clock network delay (ideal)
                                  2.000000    2.000000 v input external delay
     1    0.003037    0.005066    0.002365    2.002365 v A[18] (in)
                                                         A[18] (net)
                      0.005067    0.000000    2.002365 v input10/A (sky130_fd_sc_hd__clkdlybuf4s25_1)
     2    0.007546    0.048647    0.158880    2.161245 v input10/X (sky130_fd_sc_hd__clkdlybuf4s25_1)
                                                         net10 (net)
                      0.048648    0.000205    2.161449 v _226_/B1 (sky130_fd_sc_hd__a21oi_2)
     3    0.010624    0.081363    0.078743    2.240193 ^ _226_/Y (sky130_fd_sc_hd__a21oi_2)
                                                         _094_ (net)
                      0.081365    0.000271    2.240463 ^ _240_/B2 (sky130_fd_sc_hd__o22a_2)
     1    0.008971    0.040411    0.078318    2.318782 ^ _240_/X (sky130_fd_sc_hd__o22a_2)
                                                         _107_ (net)
                      0.040411    0.000185    2.318967 ^ _241_/B (sky130_fd_sc_hd__xor2_2)
     1    0.005290    0.025617    0.034418    2.353384 v _241_/X (sky130_fd_sc_hd__xor2_2)
                                                         net76 (net)
                      0.025617    0.000180    2.353565 v output76/A (sky130_fd_sc_hd__buf_2)
     1    0.035026    0.064007    0.110399    2.463964 v output76/X (sky130_fd_sc_hd__buf_2)
                                                         S[19] (net)
                      0.064023    0.000901    2.464865 v S[19] (out)
                                              2.464865   data arrival time

                      0.000000    0.000000    0.000000   clock __VIRTUAL_CLK__ (rise edge)
                                  0.000000    0.000000   clock network delay (ideal)
                                  0.250000    0.250000   clock uncertainty
                                  0.000000    0.250000   clock reconvergence pessimism
                                 -2.000000   -1.750000   output external delay
                                             -1.750000   data required time
---------------------------------------------------------------------------------------------
                                             -1.750000   data required time
                                             -2.464865   data arrival time
---------------------------------------------------------------------------------------------
                                              4.214865   slack (MET)


Startpoint: B[0] (input port clocked by __VIRTUAL_CLK__)
Endpoint: S[0] (output port clocked by __VIRTUAL_CLK__)
Path Group: __VIRTUAL_CLK__
Path Type: min

Fanout         Cap        Slew       Delay        Time   Description
---------------------------------------------------------------------------------------------
                      0.000000    0.000000    0.000000   clock __VIRTUAL_CLK__ (rise edge)
                                  0.000000    0.000000   clock network delay (ideal)
                                  2.000000    2.000000 ^ input external delay
     1    0.003646    0.016956    0.008999    2.008999 ^ B[0] (in)
                                                         B[0] (net)
                      0.016956    0.000000    2.008999 ^ input33/A (sky130_fd_sc_hd__dlymetal6s2s_1)
     3    0.023151    0.186910    0.153439    2.162438 ^ input33/X (sky130_fd_sc_hd__dlymetal6s2s_1)
                                                         net33 (net)
                      0.186912    0.000533    2.162971 ^ _337_/B (sky130_fd_sc_hd__xor2_2)
     1    0.003517    0.023057    0.040806    2.203777 v _337_/X (sky130_fd_sc_hd__xor2_2)
                                                         net66 (net)
                      0.023057    0.000112    2.203889 v output66/A (sky130_fd_sc_hd__clkdlybuf4s25_1)
     1    0.035279    0.180365    0.262918    2.466807 v output66/X (sky130_fd_sc_hd__clkdlybuf4s25_1)
                                                         S[0] (net)
                      0.180367    0.000814    2.467621 v S[0] (out)
                                              2.467621   data arrival time

                      0.000000    0.000000    0.000000   clock __VIRTUAL_CLK__ (rise edge)
                                  0.000000    0.000000   clock network delay (ideal)
                                  0.250000    0.250000   clock uncertainty
                                  0.000000    0.250000   clock reconvergence pessimism
                                 -2.000000   -1.750000   output external delay
                                             -1.750000   data required time
---------------------------------------------------------------------------------------------
                                             -1.750000   data required time
                                             -2.467621   data arrival time
---------------------------------------------------------------------------------------------
                                              4.217621   slack (MET)


Startpoint: A[29] (input port clocked by __VIRTUAL_CLK__)
Endpoint: S[29] (output port clocked by __VIRTUAL_CLK__)
Path Group: __VIRTUAL_CLK__
Path Type: min

Fanout         Cap        Slew       Delay        Time   Description
---------------------------------------------------------------------------------------------
                      0.000000    0.000000    0.000000   clock __VIRTUAL_CLK__ (rise edge)
                                  0.000000    0.000000   clock network delay (ideal)
                                  2.000000    2.000000 v input external delay
     1    0.004402    0.007178    0.003504    2.003504 v A[29] (in)
                                                         A[29] (net)
                      0.007178    0.000000    2.003504 v input22/A (sky130_fd_sc_hd__clkdlybuf4s25_1)
     2    0.007914    0.050364    0.161065    2.164569 v input22/X (sky130_fd_sc_hd__clkdlybuf4s25_1)
                                                         net22 (net)
                      0.050364    0.000209    2.164777 v _316_/B1 (sky130_fd_sc_hd__a21oi_2)
     2    0.008297    0.067410    0.069722    2.234500 ^ _316_/Y (sky130_fd_sc_hd__a21oi_2)
                                                         _173_ (net)
                      0.067410    0.000112    2.234612 ^ _319_/A (sky130_fd_sc_hd__or2_2)
     2    0.014120    0.060691    0.098696    2.333308 ^ _319_/X (sky130_fd_sc_hd__or2_2)
                                                         _176_ (net)
                      0.060694    0.000445    2.333753 ^ _321_/A (sky130_fd_sc_hd__xnor2_2)
     1    0.007571    0.030506    0.047423    2.381176 v _321_/Y (sky130_fd_sc_hd__xnor2_2)
                                                         net87 (net)
                      0.030522    0.000280    2.381456 v output87/A (sky130_fd_sc_hd__buf_6)
     1    0.035604    0.032836    0.086380    2.467836 v output87/X (sky130_fd_sc_hd__buf_6)
                                                         S[29] (net)
                      0.032866    0.000836    2.468672 v S[29] (out)
                                              2.468672   data arrival time

                      0.000000    0.000000    0.000000   clock __VIRTUAL_CLK__ (rise edge)
                                  0.000000    0.000000   clock network delay (ideal)
                                  0.250000    0.250000   clock uncertainty
                                  0.000000    0.250000   clock reconvergence pessimism
                                 -2.000000   -1.750000   output external delay
                                             -1.750000   data required time
---------------------------------------------------------------------------------------------
                                             -1.750000   data required time
                                             -2.468672   data arrival time
---------------------------------------------------------------------------------------------
                                              4.218672   slack (MET)


Startpoint: A[22] (input port clocked by __VIRTUAL_CLK__)
Endpoint: S[22] (output port clocked by __VIRTUAL_CLK__)
Path Group: __VIRTUAL_CLK__
Path Type: min

Fanout         Cap        Slew       Delay        Time   Description
---------------------------------------------------------------------------------------------
                      0.000000    0.000000    0.000000   clock __VIRTUAL_CLK__ (rise edge)
                                  0.000000    0.000000   clock network delay (ideal)
                                  2.000000    2.000000 ^ input external delay
     1    0.004289    0.019240    0.010592    2.010592 ^ A[22] (in)
                                                         A[22] (net)
                      0.019241    0.000000    2.010592 ^ input15/A (sky130_fd_sc_hd__clkdlybuf4s25_1)
     3    0.019119    0.148784    0.226080    2.236672 ^ input15/X (sky130_fd_sc_hd__clkdlybuf4s25_1)
                                                         net15 (net)
                      0.148784    0.000384    2.237056 ^ _257_/A (sky130_fd_sc_hd__xnor2_2)
     2    0.015731    0.070009    0.105489    2.342546 ^ _257_/Y (sky130_fd_sc_hd__xnor2_2)
                                                         _121_ (net)
                      0.070011    0.000475    2.343020 ^ _262_/A (sky130_fd_sc_hd__xnor2_2)
     1    0.004671    0.023950    0.041954    2.384974 v _262_/Y (sky130_fd_sc_hd__xnor2_2)
                                                         net80 (net)
                      0.023950    0.000087    2.385061 v output80/A (sky130_fd_sc_hd__buf_6)
     1    0.035532    0.032794    0.083799    2.468860 v output80/X (sky130_fd_sc_hd__buf_6)
                                                         S[22] (net)
                      0.032812    0.000666    2.469527 v S[22] (out)
                                              2.469527   data arrival time

                      0.000000    0.000000    0.000000   clock __VIRTUAL_CLK__ (rise edge)
                                  0.000000    0.000000   clock network delay (ideal)
                                  0.250000    0.250000   clock uncertainty
                                  0.000000    0.250000   clock reconvergence pessimism
                                 -2.000000   -1.750000   output external delay
                                             -1.750000   data required time
---------------------------------------------------------------------------------------------
                                             -1.750000   data required time
                                             -2.469527   data arrival time
---------------------------------------------------------------------------------------------
                                              4.219526   slack (MET)


Startpoint: A[15] (input port clocked by __VIRTUAL_CLK__)
Endpoint: S[15] (output port clocked by __VIRTUAL_CLK__)
Path Group: __VIRTUAL_CLK__
Path Type: min

Fanout         Cap        Slew       Delay        Time   Description
---------------------------------------------------------------------------------------------
                      0.000000    0.000000    0.000000   clock __VIRTUAL_CLK__ (rise edge)
                                  0.000000    0.000000   clock network delay (ideal)
                                  2.000000    2.000000 v input external delay
     1    0.004186    0.006791    0.003341    2.003341 v A[15] (in)
                                                         A[15] (net)
                      0.006797    0.000000    2.003341 v input7/A (sky130_fd_sc_hd__clkdlybuf4s25_1)
     2    0.010249    0.060423    0.169892    2.173233 v input7/X (sky130_fd_sc_hd__clkdlybuf4s25_1)
                                                         net7 (net)
                      0.060425    0.000413    2.173646 v _448_/B1 (sky130_fd_sc_hd__a21oi_2)
     2    0.005456    0.052349    0.061828    2.235474 ^ _448_/Y (sky130_fd_sc_hd__a21oi_2)
                                                         _077_ (net)
                      0.052350    0.000141    2.235615 ^ _208_/B (sky130_fd_sc_hd__or2_2)
     2    0.015070    0.064250    0.096427    2.332042 ^ _208_/X (sky130_fd_sc_hd__or2_2)
                                                         _078_ (net)
                      0.064253    0.000452    2.332494 ^ _368_/A (sky130_fd_sc_hd__xnor2_2)
     1    0.009144    0.034291    0.051303    2.383797 v _368_/Y (sky130_fd_sc_hd__xnor2_2)
                                                         net72 (net)
                      0.034300    0.000407    2.384205 v output72/A (sky130_fd_sc_hd__buf_6)
     1    0.034754    0.032373    0.087482    2.471687 v output72/X (sky130_fd_sc_hd__buf_6)
                                                         S[15] (net)
                      0.032404    0.000844    2.472531 v S[15] (out)
                                              2.472531   data arrival time

                      0.000000    0.000000    0.000000   clock __VIRTUAL_CLK__ (rise edge)
                                  0.000000    0.000000   clock network delay (ideal)
                                  0.250000    0.250000   clock uncertainty
                                  0.000000    0.250000   clock reconvergence pessimism
                                 -2.000000   -1.750000   output external delay
                                             -1.750000   data required time
---------------------------------------------------------------------------------------------
                                             -1.750000   data required time
                                             -2.472531   data arrival time
---------------------------------------------------------------------------------------------
                                              4.222531   slack (MET)


Startpoint: A[10] (input port clocked by __VIRTUAL_CLK__)
Endpoint: S[11] (output port clocked by __VIRTUAL_CLK__)
Path Group: __VIRTUAL_CLK__
Path Type: min

Fanout         Cap        Slew       Delay        Time   Description
---------------------------------------------------------------------------------------------
                      0.000000    0.000000    0.000000   clock __VIRTUAL_CLK__ (rise edge)
                                  0.000000    0.000000   clock network delay (ideal)
                                  2.000000    2.000000 ^ input external delay
     1    0.005041    0.021843    0.012425    2.012424 ^ A[10] (in)
                                                         A[10] (net)
                      0.021843    0.000000    2.012424 ^ input2/A (sky130_fd_sc_hd__clkdlybuf4s25_1)
     3    0.024976    0.191457    0.254918    2.267342 ^ input2/X (sky130_fd_sc_hd__clkdlybuf4s25_1)
                                                         net2 (net)
                      0.191458    0.000786    2.268128 ^ _373_/A (sky130_fd_sc_hd__nand2_2)
     1    0.007046    0.026306    0.035742    2.303870 v _373_/Y (sky130_fd_sc_hd__nand2_2)
                                                         _002_ (net)
                      0.026309    0.000275    2.304145 v _359_/B1 (sky130_fd_sc_hd__o21ai_2)
     1    0.010451    0.050024    0.049766    2.353911 ^ _359_/Y (sky130_fd_sc_hd__o21ai_2)
                                                         _202_ (net)
                      0.050028    0.000367    2.354278 ^ _360_/B (sky130_fd_sc_hd__xnor2_2)
     1    0.005178    0.025467    0.035944    2.390222 v _360_/Y (sky130_fd_sc_hd__xnor2_2)
                                                         net68 (net)
                      0.025468    0.000155    2.390376 v output68/A (sky130_fd_sc_hd__buf_6)
     1    0.035658    0.032884    0.084364    2.474741 v output68/X (sky130_fd_sc_hd__buf_6)
                                                         S[11] (net)
                      0.032914    0.000852    2.475593 v S[11] (out)
                                              2.475593   data arrival time

                      0.000000    0.000000    0.000000   clock __VIRTUAL_CLK__ (rise edge)
                                  0.000000    0.000000   clock network delay (ideal)
                                  0.250000    0.250000   clock uncertainty
                                  0.000000    0.250000   clock reconvergence pessimism
                                 -2.000000   -1.750000   output external delay
                                             -1.750000   data required time
---------------------------------------------------------------------------------------------
                                             -1.750000   data required time
                                             -2.475593   data arrival time
---------------------------------------------------------------------------------------------
                                              4.225593   slack (MET)


Startpoint: A[21] (input port clocked by __VIRTUAL_CLK__)
Endpoint: S[21] (output port clocked by __VIRTUAL_CLK__)
Path Group: __VIRTUAL_CLK__
Path Type: min

Fanout         Cap        Slew       Delay        Time   Description
---------------------------------------------------------------------------------------------
                      0.000000    0.000000    0.000000   clock __VIRTUAL_CLK__ (rise edge)
                                  0.000000    0.000000   clock network delay (ideal)
                                  2.000000    2.000000 ^ input external delay
     1    0.004918    0.021432    0.012137    2.012137 ^ A[21] (in)
                                                         A[21] (net)
                      0.021432    0.000000    2.012137 ^ input14/A (sky130_fd_sc_hd__clkdlybuf4s25_1)
     3    0.020059    0.155689    0.230973    2.243110 ^ input14/X (sky130_fd_sc_hd__clkdlybuf4s25_1)
                                                         net14 (net)
                      0.155690    0.000761    2.243871 ^ _251_/A (sky130_fd_sc_hd__xnor2_2)
     3    0.021973    0.092266    0.121139    2.365010 ^ _251_/Y (sky130_fd_sc_hd__xnor2_2)
                                                         _116_ (net)
                      0.092268    0.000512    2.365521 ^ _253_/A (sky130_fd_sc_hd__xnor2_2)
     1    0.005111    0.024553    0.045085    2.410606 v _253_/Y (sky130_fd_sc_hd__xnor2_2)
                                                         net79 (net)
                      0.024554    0.000153    2.410758 v output79/A (sky130_fd_sc_hd__buf_6)
     1    0.035315    0.032714    0.083791    2.494550 v output79/X (sky130_fd_sc_hd__buf_6)
                                                         S[21] (net)
                      0.032751    0.000921    2.495470 v S[21] (out)
                                              2.495470   data arrival time

                      0.000000    0.000000    0.000000   clock __VIRTUAL_CLK__ (rise edge)
                                  0.000000    0.000000   clock network delay (ideal)
                                  0.250000    0.250000   clock uncertainty
                                  0.000000    0.250000   clock reconvergence pessimism
                                 -2.000000   -1.750000   output external delay
                                             -1.750000   data required time
---------------------------------------------------------------------------------------------
                                             -1.750000   data required time
                                             -2.495470   data arrival time
---------------------------------------------------------------------------------------------
                                              4.245470   slack (MET)


Startpoint: A[18] (input port clocked by __VIRTUAL_CLK__)
Endpoint: S[18] (output port clocked by __VIRTUAL_CLK__)
Path Group: __VIRTUAL_CLK__
Path Type: min

Fanout         Cap        Slew       Delay        Time   Description
---------------------------------------------------------------------------------------------
                      0.000000    0.000000    0.000000   clock __VIRTUAL_CLK__ (rise edge)
                                  0.000000    0.000000   clock network delay (ideal)
                                  2.000000    2.000000 v input external delay
     1    0.003037    0.005066    0.002365    2.002365 v A[18] (in)
                                                         A[18] (net)
                      0.005067    0.000000    2.002365 v input10/A (sky130_fd_sc_hd__clkdlybuf4s25_1)
     2    0.007546    0.048647    0.158880    2.161245 v input10/X (sky130_fd_sc_hd__clkdlybuf4s25_1)
                                                         net10 (net)
                      0.048648    0.000205    2.161449 v _226_/B1 (sky130_fd_sc_hd__a21oi_2)
     3    0.010624    0.081363    0.078743    2.240193 ^ _226_/Y (sky130_fd_sc_hd__a21oi_2)
                                                         _094_ (net)
                      0.081364    0.000197    2.240390 ^ _228_/A (sky130_fd_sc_hd__or2_2)
     2    0.013502    0.058611    0.100246    2.340636 ^ _228_/X (sky130_fd_sc_hd__or2_2)
                                                         _096_ (net)
                      0.058614    0.000444    2.341080 ^ _232_/A (sky130_fd_sc_hd__xor2_2)
     1    0.003944    0.023458    0.039903    2.380983 v _232_/X (sky130_fd_sc_hd__xor2_2)
                                                         net75 (net)
                      0.023458    0.000129    2.381112 v output75/A (sky130_fd_sc_hd__clkbuf_4)
     1    0.035246    0.057650    0.114677    2.495789 v output75/X (sky130_fd_sc_hd__clkbuf_4)
                                                         S[18] (net)
                      0.057668    0.000931    2.496721 v S[18] (out)
                                              2.496721   data arrival time

                      0.000000    0.000000    0.000000   clock __VIRTUAL_CLK__ (rise edge)
                                  0.000000    0.000000   clock network delay (ideal)
                                  0.250000    0.250000   clock uncertainty
                                  0.000000    0.250000   clock reconvergence pessimism
                                 -2.000000   -1.750000   output external delay
                                             -1.750000   data required time
---------------------------------------------------------------------------------------------
                                             -1.750000   data required time
                                             -2.496721   data arrival time
---------------------------------------------------------------------------------------------
                                              4.246720   slack (MET)


Startpoint: A[13] (input port clocked by __VIRTUAL_CLK__)
Endpoint: S[14] (output port clocked by __VIRTUAL_CLK__)
Path Group: __VIRTUAL_CLK__
Path Type: min

Fanout         Cap        Slew       Delay        Time   Description
---------------------------------------------------------------------------------------------
                      0.000000    0.000000    0.000000   clock __VIRTUAL_CLK__ (rise edge)
                                  0.000000    0.000000   clock network delay (ideal)
                                  2.000000    2.000000 ^ input external delay
     1    0.003514    0.016481    0.008665    2.008665 ^ A[13] (in)
                                                         A[13] (net)
                      0.016482    0.000000    2.008665 ^ input5/A (sky130_fd_sc_hd__clkdlybuf4s25_1)
     2    0.007744    0.066479    0.170357    2.179022 ^ input5/X (sky130_fd_sc_hd__clkdlybuf4s25_1)
                                                         net5 (net)
                      0.066479    0.000204    2.179225 ^ _438_/B1 (sky130_fd_sc_hd__a21oi_2)
     2    0.005708    0.022385    0.022196    2.201421 v _438_/Y (sky130_fd_sc_hd__a21oi_2)
                                                         _067_ (net)
                      0.022394    0.000172    2.201593 v _211_/A2 (sky130_fd_sc_hd__o21ba_2)
     2    0.010938    0.029498    0.126209    2.327802 v _211_/X (sky130_fd_sc_hd__o21ba_2)
                                                         _081_ (net)
                      0.029504    0.000413    2.328215 v _365_/A (sky130_fd_sc_hd__nand2_2)
     1    0.008778    0.041646    0.045317    2.373532 ^ _365_/Y (sky130_fd_sc_hd__nand2_2)
                                                         _205_ (net)
                      0.041648    0.000245    2.373777 ^ _366_/B (sky130_fd_sc_hd__xnor2_2)
     1    0.012810    0.044162    0.049937    2.423714 v _366_/Y (sky130_fd_sc_hd__xnor2_2)
                                                         net71 (net)
                      0.044183    0.000723    2.424437 v output71/A (sky130_fd_sc_hd__buf_6)
     1    0.034817    0.032375    0.091481    2.515918 v output71/X (sky130_fd_sc_hd__buf_6)
                                                         S[14] (net)
                      0.032407    0.000856    2.516774 v S[14] (out)
                                              2.516774   data arrival time

                      0.000000    0.000000    0.000000   clock __VIRTUAL_CLK__ (rise edge)
                                  0.000000    0.000000   clock network delay (ideal)
                                  0.250000    0.250000   clock uncertainty
                                  0.000000    0.250000   clock reconvergence pessimism
                                 -2.000000   -1.750000   output external delay
                                             -1.750000   data required time
---------------------------------------------------------------------------------------------
                                             -1.750000   data required time
                                             -2.516774   data arrival time
---------------------------------------------------------------------------------------------
                                              4.266774   slack (MET)


Startpoint: A[16] (input port clocked by __VIRTUAL_CLK__)
Endpoint: S[16] (output port clocked by __VIRTUAL_CLK__)
Path Group: __VIRTUAL_CLK__
Path Type: min

Fanout         Cap        Slew       Delay        Time   Description
---------------------------------------------------------------------------------------------
                      0.000000    0.000000    0.000000   clock __VIRTUAL_CLK__ (rise edge)
                                  0.000000    0.000000   clock network delay (ideal)
                                  2.000000    2.000000 ^ input external delay
     1    0.004084    0.018515    0.010092    2.010092 ^ A[16] (in)
                                                         A[16] (net)
                      0.018516    0.000000    2.010092 ^ input8/A (sky130_fd_sc_hd__clkdlybuf4s25_1)
     3    0.011021    0.089941    0.186798    2.196890 ^ input8/X (sky130_fd_sc_hd__clkdlybuf4s25_1)
                                                         net8 (net)
                      0.089941    0.000269    2.197159 ^ _216_/A (sky130_fd_sc_hd__nand2_2)
     2    0.009948    0.042372    0.041562    2.238721 v _216_/Y (sky130_fd_sc_hd__nand2_2)
                                                         _086_ (net)
                      0.042374    0.000231    2.238952 v _218_/A (sky130_fd_sc_hd__nand2_2)
     4    0.023630    0.096305    0.087358    2.326310 ^ _218_/Y (sky130_fd_sc_hd__nand2_2)
                                                         _088_ (net)
                      0.096307    0.000370    2.326680 ^ _219_/B (sky130_fd_sc_hd__xor2_2)
     1    0.002475    0.020628    0.035153    2.361833 v _219_/X (sky130_fd_sc_hd__xor2_2)
                                                         net73 (net)
                      0.020628    0.000069    2.361902 v output73/A (sky130_fd_sc_hd__dlymetal6s2s_1)
     1    0.034919    0.121451    0.154082    2.515983 v output73/X (sky130_fd_sc_hd__dlymetal6s2s_1)
                                                         S[16] (net)
                      0.121456    0.000860    2.516843 v S[16] (out)
                                              2.516843   data arrival time

                      0.000000    0.000000    0.000000   clock __VIRTUAL_CLK__ (rise edge)
                                  0.000000    0.000000   clock network delay (ideal)
                                  0.250000    0.250000   clock uncertainty
                                  0.000000    0.250000   clock reconvergence pessimism
                                 -2.000000   -1.750000   output external delay
                                             -1.750000   data required time
---------------------------------------------------------------------------------------------
                                             -1.750000   data required time
                                             -2.516843   data arrival time
---------------------------------------------------------------------------------------------
                                              4.266843   slack (MET)


Startpoint: A[20] (input port clocked by __VIRTUAL_CLK__)
Endpoint: S[20] (output port clocked by __VIRTUAL_CLK__)
Path Group: __VIRTUAL_CLK__
Path Type: min

Fanout         Cap        Slew       Delay        Time   Description
---------------------------------------------------------------------------------------------
                      0.000000    0.000000    0.000000   clock __VIRTUAL_CLK__ (rise edge)
                                  0.000000    0.000000   clock network delay (ideal)
                                  2.000000    2.000000 ^ input external delay
     1    0.004546    0.020148    0.011232    2.011232 ^ A[20] (in)
                                                         A[20] (net)
                      0.020149    0.000000    2.011232 ^ input13/A (sky130_fd_sc_hd__clkdlybuf4s25_1)
     4    0.018989    0.147848    0.225656    2.236888 ^ input13/X (sky130_fd_sc_hd__clkdlybuf4s25_1)
                                                         net13 (net)
                      0.147848    0.000494    2.237381 ^ _245_/A (sky130_fd_sc_hd__xnor2_2)
     3    0.019874    0.084715    0.115863    2.353244 ^ _245_/Y (sky130_fd_sc_hd__xnor2_2)
                                                         _111_ (net)
                      0.084715    0.000288    2.353532 ^ _249_/A (sky130_fd_sc_hd__xnor2_2)
     1    0.004282    0.024077    0.042387    2.395920 v _249_/Y (sky130_fd_sc_hd__xnor2_2)
                                                         net78 (net)
                      0.024077    0.000138    2.396058 v output78/A (sky130_fd_sc_hd__clkbuf_2)
     1    0.035872    0.095515    0.120929    2.516987 v output78/X (sky130_fd_sc_hd__clkbuf_2)
                                                         S[20] (net)
                      0.095519    0.000678    2.517665 v S[20] (out)
                                              2.517665   data arrival time

                      0.000000    0.000000    0.000000   clock __VIRTUAL_CLK__ (rise edge)
                                  0.000000    0.000000   clock network delay (ideal)
                                  0.250000    0.250000   clock uncertainty
                                  0.000000    0.250000   clock reconvergence pessimism
                                 -2.000000   -1.750000   output external delay
                                             -1.750000   data required time
---------------------------------------------------------------------------------------------
                                             -1.750000   data required time
                                             -2.517665   data arrival time
---------------------------------------------------------------------------------------------
                                              4.267665   slack (MET)


Startpoint: A[8] (input port clocked by __VIRTUAL_CLK__)
Endpoint: S[10] (output port clocked by __VIRTUAL_CLK__)
Path Group: __VIRTUAL_CLK__
Path Type: min

Fanout         Cap        Slew       Delay        Time   Description
---------------------------------------------------------------------------------------------
                      0.000000    0.000000    0.000000   clock __VIRTUAL_CLK__ (rise edge)
                                  0.000000    0.000000   clock network delay (ideal)
                                  2.000000    2.000000 v input external delay
     1    0.003633    0.005936    0.002863    2.002863 v A[8] (in)
                                                         A[8] (net)
                      0.005937    0.000000    2.002863 v input31/A (sky130_fd_sc_hd__clkdlybuf4s25_1)
     2    0.013159    0.074214    0.179910    2.182773 v input31/X (sky130_fd_sc_hd__clkdlybuf4s25_1)
                                                         net31 (net)
                      0.074214    0.000087    2.182860 v _376_/A (sky130_fd_sc_hd__nand2_2)
     3    0.012116    0.057161    0.071136    2.253996 ^ _376_/Y (sky130_fd_sc_hd__nand2_2)
                                                         _005_ (net)
                      0.057185    0.000359    2.254355 ^ _357_/A1 (sky130_fd_sc_hd__a31o_2)
     2    0.015910    0.073284    0.117400    2.371756 ^ _357_/X (sky130_fd_sc_hd__a31o_2)
                                                         _201_ (net)
                      0.073285    0.000453    2.372209 ^ _358_/B (sky130_fd_sc_hd__xor2_2)
     1    0.002656    0.020925    0.033646    2.405855 v _358_/X (sky130_fd_sc_hd__xor2_2)
                                                         net67 (net)
                      0.020925    0.000077    2.405932 v output67/A (sky130_fd_sc_hd__clkbuf_4)
     1    0.034800    0.057211    0.113445    2.519377 v output67/X (sky130_fd_sc_hd__clkbuf_4)
                                                         S[10] (net)
                      0.057219    0.000662    2.520039 v S[10] (out)
                                              2.520039   data arrival time

                      0.000000    0.000000    0.000000   clock __VIRTUAL_CLK__ (rise edge)
                                  0.000000    0.000000   clock network delay (ideal)
                                  0.250000    0.250000   clock uncertainty
                                  0.000000    0.250000   clock reconvergence pessimism
                                 -2.000000   -1.750000   output external delay
                                             -1.750000   data required time
---------------------------------------------------------------------------------------------
                                             -1.750000   data required time
                                             -2.520039   data arrival time
---------------------------------------------------------------------------------------------
                                              4.270040   slack (MET)


Startpoint: A[12] (input port clocked by __VIRTUAL_CLK__)
Endpoint: S[13] (output port clocked by __VIRTUAL_CLK__)
Path Group: __VIRTUAL_CLK__
Path Type: min

Fanout         Cap        Slew       Delay        Time   Description
---------------------------------------------------------------------------------------------
                      0.000000    0.000000    0.000000   clock __VIRTUAL_CLK__ (rise edge)
                                  0.000000    0.000000   clock network delay (ideal)
                                  2.000000    2.000000 ^ input external delay
     1    0.003519    0.016498    0.008676    2.008676 ^ A[12] (in)
                                                         A[12] (net)
                      0.016498    0.000000    2.008676 ^ input4/A (sky130_fd_sc_hd__clkdlybuf4s25_1)
     2    0.007650    0.065807    0.169895    2.178571 ^ input4/X (sky130_fd_sc_hd__clkdlybuf4s25_1)
                                                         net4 (net)
                      0.065807    0.000216    2.178787 ^ _432_/A (sky130_fd_sc_hd__nand2_2)
     3    0.012306    0.042408    0.043841    2.222628 v _432_/Y (sky130_fd_sc_hd__nand2_2)
                                                         _061_ (net)
                      0.042410    0.000252    2.222881 v _362_/B1 (sky130_fd_sc_hd__o21ai_2)
     1    0.008804    0.044248    0.051618    2.274499 ^ _362_/Y (sky130_fd_sc_hd__o21ai_2)
                                                         _203_ (net)
                      0.044248    0.000174    2.274673 ^ _363_/B (sky130_fd_sc_hd__xnor2_2)
     1    0.003485    0.021053    0.031478    2.306151 v _363_/Y (sky130_fd_sc_hd__xnor2_2)
                                                         net70 (net)
                      0.021053    0.000106    2.306257 v output70/A (sky130_fd_sc_hd__dlymetal6s4s_1)
     1    0.035288    0.124265    0.222985    2.529241 v output70/X (sky130_fd_sc_hd__dlymetal6s4s_1)
                                                         S[13] (net)
                      0.124271    0.000940    2.530181 v S[13] (out)
                                              2.530181   data arrival time

                      0.000000    0.000000    0.000000   clock __VIRTUAL_CLK__ (rise edge)
                                  0.000000    0.000000   clock network delay (ideal)
                                  0.250000    0.250000   clock uncertainty
                                  0.000000    0.250000   clock reconvergence pessimism
                                 -2.000000   -1.750000   output external delay
                                             -1.750000   data required time
---------------------------------------------------------------------------------------------
                                             -1.750000   data required time
                                             -2.530181   data arrival time
---------------------------------------------------------------------------------------------
                                              4.280181   slack (MET)


Startpoint: A[28] (input port clocked by __VIRTUAL_CLK__)
Endpoint: S[28] (output port clocked by __VIRTUAL_CLK__)
Path Group: __VIRTUAL_CLK__
Path Type: min

Fanout         Cap        Slew       Delay        Time   Description
---------------------------------------------------------------------------------------------
                      0.000000    0.000000    0.000000   clock __VIRTUAL_CLK__ (rise edge)
                                  0.000000    0.000000   clock network delay (ideal)
                                  2.000000    2.000000 ^ input external delay
     1    0.004360    0.019491    0.010770    2.010771 ^ A[28] (in)
                                                         A[28] (net)
                      0.019491    0.000000    2.010771 ^ input21/A (sky130_fd_sc_hd__clkdlybuf4s25_1)
     3    0.025430    0.194730    0.256583    2.267354 ^ input21/X (sky130_fd_sc_hd__clkdlybuf4s25_1)
                                                         net21 (net)
                      0.194730    0.000471    2.267825 ^ _308_/A (sky130_fd_sc_hd__xnor2_2)
     3    0.023793    0.098550    0.126422    2.394247 ^ _308_/Y (sky130_fd_sc_hd__xnor2_2)
                                                         _166_ (net)
                      0.098552    0.000569    2.394815 ^ _313_/A (sky130_fd_sc_hd__xor2_2)
     1    0.004846    0.024980    0.046711    2.441526 v _313_/X (sky130_fd_sc_hd__xor2_2)
                                                         net86 (net)
                      0.024980    0.000169    2.441695 v output86/A (sky130_fd_sc_hd__buf_4)
     1    0.036064    0.044131    0.104353    2.546047 v output86/X (sky130_fd_sc_hd__buf_4)
                                                         S[28] (net)
                      0.044155    0.000889    2.546936 v S[28] (out)
                                              2.546936   data arrival time

                      0.000000    0.000000    0.000000   clock __VIRTUAL_CLK__ (rise edge)
                                  0.000000    0.000000   clock network delay (ideal)
                                  0.250000    0.250000   clock uncertainty
                                  0.000000    0.250000   clock reconvergence pessimism
                                 -2.000000   -1.750000   output external delay
                                             -1.750000   data required time
---------------------------------------------------------------------------------------------
                                             -1.750000   data required time
                                             -2.546936   data arrival time
---------------------------------------------------------------------------------------------
                                              4.296936   slack (MET)


Startpoint: A[2] (input port clocked by __VIRTUAL_CLK__)
Endpoint: S[3] (output port clocked by __VIRTUAL_CLK__)
Path Group: __VIRTUAL_CLK__
Path Type: min

Fanout         Cap        Slew       Delay        Time   Description
---------------------------------------------------------------------------------------------
                      0.000000    0.000000    0.000000   clock __VIRTUAL_CLK__ (rise edge)
                                  0.000000    0.000000   clock network delay (ideal)
                                  2.000000    2.000000 ^ input external delay
     1    0.003353    0.015900    0.008254    2.008254 ^ A[2] (in)
                                                         A[2] (net)
                      0.015900    0.000000    2.008254 ^ input23/A (sky130_fd_sc_hd__clkdlybuf4s25_1)
     2    0.007526    0.064912    0.169171    2.177424 ^ input23/X (sky130_fd_sc_hd__clkdlybuf4s25_1)
                                                         net23 (net)
                      0.064912    0.000146    2.177570 ^ _420_/B1 (sky130_fd_sc_hd__a21oi_2)
     3    0.012354    0.030642    0.032830    2.210400 v _420_/Y (sky130_fd_sc_hd__a21oi_2)
                                                         _049_ (net)
                      0.030649    0.000348    2.210748 v _342_/B1 (sky130_fd_sc_hd__a21oi_2)
     1    0.008857    0.070770    0.064931    2.275679 ^ _342_/Y (sky130_fd_sc_hd__a21oi_2)
                                                         _193_ (net)
                      0.070772    0.000253    2.275932 ^ _343_/B (sky130_fd_sc_hd__xnor2_2)
     1    0.003839    0.025027    0.034293    2.310225 v _343_/Y (sky130_fd_sc_hd__xnor2_2)
                                                         net91 (net)
                      0.025027    0.000108    2.310333 v output91/A (sky130_fd_sc_hd__clkdlybuf4s25_1)
     1    0.035322    0.180458    0.263958    2.574291 v output91/X (sky130_fd_sc_hd__clkdlybuf4s25_1)
                                                         S[3] (net)
                      0.180459    0.000649    2.574939 v S[3] (out)
                                              2.574939   data arrival time

                      0.000000    0.000000    0.000000   clock __VIRTUAL_CLK__ (rise edge)
                                  0.000000    0.000000   clock network delay (ideal)
                                  0.250000    0.250000   clock uncertainty
                                  0.000000    0.250000   clock reconvergence pessimism
                                 -2.000000   -1.750000   output external delay
                                             -1.750000   data required time
---------------------------------------------------------------------------------------------
                                             -1.750000   data required time
                                             -2.574939   data arrival time
---------------------------------------------------------------------------------------------
                                              4.324940   slack (MET)


Startpoint: B[0] (input port clocked by __VIRTUAL_CLK__)
Endpoint: S[1] (output port clocked by __VIRTUAL_CLK__)
Path Group: __VIRTUAL_CLK__
Path Type: min

Fanout         Cap        Slew       Delay        Time   Description
---------------------------------------------------------------------------------------------
                      0.000000    0.000000    0.000000   clock __VIRTUAL_CLK__ (rise edge)
                                  0.000000    0.000000   clock network delay (ideal)
                                  2.000000    2.000000 v input external delay
     1    0.003477    0.005707    0.002744    2.002744 v B[0] (in)
                                                         B[0] (net)
                      0.005708    0.000000    2.002744 v input33/A (sky130_fd_sc_hd__dlymetal6s2s_1)
     3    0.021519    0.081212    0.119292    2.122037 v input33/X (sky130_fd_sc_hd__dlymetal6s2s_1)
                                                         net33 (net)
                      0.081215    0.000533    2.122570 v _338_/S (sky130_fd_sc_hd__mux2_1)
     1    0.009344    0.068680    0.164888    2.287458 ^ _338_/X (sky130_fd_sc_hd__mux2_1)
                                                         _191_ (net)
                      0.068680    0.000298    2.287757 ^ _339_/B (sky130_fd_sc_hd__xnor2_2)
     1    0.002577    0.021740    0.030801    2.318558 v _339_/Y (sky130_fd_sc_hd__xnor2_2)
                                                         net77 (net)
                      0.021740    0.000071    2.318628 v output77/A (sky130_fd_sc_hd__clkdlybuf4s25_1)
     1    0.036218    0.184992    0.265617    2.584245 v output77/X (sky130_fd_sc_hd__clkdlybuf4s25_1)
                                                         S[1] (net)
                      0.184996    0.000945    2.585191 v S[1] (out)
                                              2.585191   data arrival time

                      0.000000    0.000000    0.000000   clock __VIRTUAL_CLK__ (rise edge)
                                  0.000000    0.000000   clock network delay (ideal)
                                  0.250000    0.250000   clock uncertainty
                                  0.000000    0.250000   clock reconvergence pessimism
                                 -2.000000   -1.750000   output external delay
                                             -1.750000   data required time
---------------------------------------------------------------------------------------------
                                             -1.750000   data required time
                                             -2.585191   data arrival time
---------------------------------------------------------------------------------------------
                                              4.335191   slack (MET)


Startpoint: A[7] (input port clocked by __VIRTUAL_CLK__)
Endpoint: S[7] (output port clocked by __VIRTUAL_CLK__)
Path Group: __VIRTUAL_CLK__
Path Type: min

Fanout         Cap        Slew       Delay        Time   Description
---------------------------------------------------------------------------------------------
                      0.000000    0.000000    0.000000   clock __VIRTUAL_CLK__ (rise edge)
                                  0.000000    0.000000   clock network delay (ideal)
                                  2.000000    2.000000 ^ input external delay
     1    0.004375    0.019542    0.010803    2.010803 ^ A[7] (in)
                                                         A[7] (net)
                      0.019543    0.000000    2.010803 ^ input30/A (sky130_fd_sc_hd__clkdlybuf4s25_1)
     3    0.019240    0.149701    0.226581    2.237384 ^ input30/X (sky130_fd_sc_hd__clkdlybuf4s25_1)
                                                         net30 (net)
                      0.149702    0.000745    2.238129 ^ _401_/A (sky130_fd_sc_hd__xnor2_2)
     2    0.012097    0.056188    0.096506    2.334635 ^ _401_/Y (sky130_fd_sc_hd__xnor2_2)
                                                         _030_ (net)
                      0.056190    0.000385    2.335020 ^ _351_/A (sky130_fd_sc_hd__xnor2_2)
     1    0.002658    0.019058    0.036064    2.371084 v _351_/Y (sky130_fd_sc_hd__xnor2_2)
                                                         net95 (net)
                      0.019058    0.000055    2.371139 v output95/A (sky130_fd_sc_hd__dlymetal6s4s_1)
     1    0.035329    0.124343    0.222580    2.593719 v output95/X (sky130_fd_sc_hd__dlymetal6s4s_1)
                                                         S[7] (net)
                      0.124347    0.000819    2.594537 v S[7] (out)
                                              2.594537   data arrival time

                      0.000000    0.000000    0.000000   clock __VIRTUAL_CLK__ (rise edge)
                                  0.000000    0.000000   clock network delay (ideal)
                                  0.250000    0.250000   clock uncertainty
                                  0.000000    0.250000   clock reconvergence pessimism
                                 -2.000000   -1.750000   output external delay
                                             -1.750000   data required time
---------------------------------------------------------------------------------------------
                                             -1.750000   data required time
                                             -2.594537   data arrival time
---------------------------------------------------------------------------------------------
                                              4.344537   slack (MET)


Startpoint: A[12] (input port clocked by __VIRTUAL_CLK__)
Endpoint: S[12] (output port clocked by __VIRTUAL_CLK__)
Path Group: __VIRTUAL_CLK__
Path Type: min

Fanout         Cap        Slew       Delay        Time   Description
---------------------------------------------------------------------------------------------
                      0.000000    0.000000    0.000000   clock __VIRTUAL_CLK__ (rise edge)
                                  0.000000    0.000000   clock network delay (ideal)
                                  2.000000    2.000000 ^ input external delay
     1    0.003519    0.016498    0.008676    2.008676 ^ A[12] (in)
                                                         A[12] (net)
                      0.016498    0.000000    2.008676 ^ input4/A (sky130_fd_sc_hd__clkdlybuf4s25_1)
     2    0.007650    0.065807    0.169895    2.178571 ^ input4/X (sky130_fd_sc_hd__clkdlybuf4s25_1)
                                                         net4 (net)
                      0.065807    0.000216    2.178787 ^ _432_/A (sky130_fd_sc_hd__nand2_2)
     3    0.012306    0.042408    0.043841    2.222628 v _432_/Y (sky130_fd_sc_hd__nand2_2)
                                                         _061_ (net)
                      0.042409    0.000158    2.222786 v _434_/A (sky130_fd_sc_hd__nand2_2)
     4    0.022278    0.091278    0.083970    2.306756 ^ _434_/Y (sky130_fd_sc_hd__nand2_2)
                                                         _063_ (net)
                      0.091282    0.000465    2.307221 ^ _361_/B (sky130_fd_sc_hd__xor2_2)
     1    0.002998    0.021624    0.036277    2.343498 v _361_/X (sky130_fd_sc_hd__xor2_2)
                                                         net69 (net)
                      0.021624    0.000087    2.343585 v output69/A (sky130_fd_sc_hd__clkdlybuf4s25_1)
     1    0.035398    0.181019    0.262707    2.606292 v output69/X (sky130_fd_sc_hd__clkdlybuf4s25_1)
                                                         S[12] (net)
                      0.181023    0.000974    2.607266 v S[12] (out)
                                              2.607266   data arrival time

                      0.000000    0.000000    0.000000   clock __VIRTUAL_CLK__ (rise edge)
                                  0.000000    0.000000   clock network delay (ideal)
                                  0.250000    0.250000   clock uncertainty
                                  0.000000    0.250000   clock reconvergence pessimism
                                 -2.000000   -1.750000   output external delay
                                             -1.750000   data required time
---------------------------------------------------------------------------------------------
                                             -1.750000   data required time
                                             -2.607266   data arrival time
---------------------------------------------------------------------------------------------
                                              4.357266   slack (MET)


Startpoint: A[8] (input port clocked by __VIRTUAL_CLK__)
Endpoint: S[8] (output port clocked by __VIRTUAL_CLK__)
Path Group: __VIRTUAL_CLK__
Path Type: min

Fanout         Cap        Slew       Delay        Time   Description
---------------------------------------------------------------------------------------------
                      0.000000    0.000000    0.000000   clock __VIRTUAL_CLK__ (rise edge)
                                  0.000000    0.000000   clock network delay (ideal)
                                  2.000000    2.000000 ^ input external delay
     1    0.003859    0.017719    0.009518    2.009518 ^ A[8] (in)
                                                         A[8] (net)
                      0.017720    0.000000    2.009518 ^ input31/A (sky130_fd_sc_hd__clkdlybuf4s25_1)
     2    0.014126    0.112455    0.201665    2.211183 ^ input31/X (sky130_fd_sc_hd__clkdlybuf4s25_1)
                                                         net31 (net)
                      0.112455    0.000258    2.211441 ^ _377_/A (sky130_fd_sc_hd__xnor2_2)
     3    0.015938    0.070432    0.104351    2.315793 ^ _377_/Y (sky130_fd_sc_hd__xnor2_2)
                                                         _006_ (net)
                      0.070433    0.000416    2.316209 ^ _354_/A (sky130_fd_sc_hd__xor2_2)
     1    0.002868    0.021347    0.038713    2.354921 v _354_/X (sky130_fd_sc_hd__xor2_2)
                                                         net96 (net)
                      0.021347    0.000080    2.355001 v output96/A (sky130_fd_sc_hd__clkdlybuf4s25_1)
     1    0.034476    0.176433    0.259675    2.614676 v output96/X (sky130_fd_sc_hd__clkdlybuf4s25_1)
                                                         S[8] (net)
                      0.176434    0.000624    2.615300 v S[8] (out)
                                              2.615300   data arrival time

                      0.000000    0.000000    0.000000   clock __VIRTUAL_CLK__ (rise edge)
                                  0.000000    0.000000   clock network delay (ideal)
                                  0.250000    0.250000   clock uncertainty
                                  0.000000    0.250000   clock reconvergence pessimism
                                 -2.000000   -1.750000   output external delay
                                             -1.750000   data required time
---------------------------------------------------------------------------------------------
                                             -1.750000   data required time
                                             -2.615300   data arrival time
---------------------------------------------------------------------------------------------
                                              4.365300   slack (MET)


Startpoint: A[24] (input port clocked by __VIRTUAL_CLK__)
Endpoint: S[24] (output port clocked by __VIRTUAL_CLK__)
Path Group: __VIRTUAL_CLK__
Path Type: min

Fanout         Cap        Slew       Delay        Time   Description
---------------------------------------------------------------------------------------------
                      0.000000    0.000000    0.000000   clock __VIRTUAL_CLK__ (rise edge)
                                  0.000000    0.000000   clock network delay (ideal)
                                  2.000000    2.000000 ^ input external delay
     1    0.003286    0.015661    0.008092    2.008092 ^ A[24] (in)
                                                         A[24] (net)
                      0.015661    0.000000    2.008092 ^ input17/A (sky130_fd_sc_hd__clkdlybuf4s25_1)
     2    0.011088    0.090414    0.186385    2.194477 ^ input17/X (sky130_fd_sc_hd__clkdlybuf4s25_1)
                                                         net17 (net)
                      0.090415    0.000420    2.194897 ^ _274_/A (sky130_fd_sc_hd__nand2_2)
     3    0.015840    0.050646    0.054669    2.249566 v _274_/Y (sky130_fd_sc_hd__nand2_2)
                                                         _136_ (net)
                      0.050651    0.000402    2.249968 v _275_/B (sky130_fd_sc_hd__nand2_2)
     3    0.008995    0.043001    0.060723    2.310691 ^ _275_/Y (sky130_fd_sc_hd__nand2_2)
                                                         _137_ (net)
                      0.043001    0.000218    2.310910 ^ _282_/B1 (sky130_fd_sc_hd__a21o_2)
     4    0.024051    0.093863    0.100216    2.411126 ^ _282_/X (sky130_fd_sc_hd__a21o_2)
                                                         _144_ (net)
                      0.093864    0.000263    2.411389 ^ _283_/B (sky130_fd_sc_hd__and2b_2)
     1    0.006417    0.035164    0.098090    2.509479 ^ _283_/X (sky130_fd_sc_hd__and2b_2)
                                                         net82 (net)
                      0.035165    0.000234    2.509713 ^ output82/A (sky130_fd_sc_hd__clkbuf_4)
     1    0.035319    0.086480    0.121827    2.631541 ^ output82/X (sky130_fd_sc_hd__clkbuf_4)
                                                         S[24] (net)
                      0.086485    0.000709    2.632250 ^ S[24] (out)
                                              2.632250   data arrival time

                      0.000000    0.000000    0.000000   clock __VIRTUAL_CLK__ (rise edge)
                                  0.000000    0.000000   clock network delay (ideal)
                                  0.250000    0.250000   clock uncertainty
                                  0.000000    0.250000   clock reconvergence pessimism
                                 -2.000000   -1.750000   output external delay
                                             -1.750000   data required time
---------------------------------------------------------------------------------------------
                                             -1.750000   data required time
                                             -2.632250   data arrival time
---------------------------------------------------------------------------------------------
                                              4.382250   slack (MET)


Startpoint: A[4] (input port clocked by __VIRTUAL_CLK__)
Endpoint: S[5] (output port clocked by __VIRTUAL_CLK__)
Path Group: __VIRTUAL_CLK__
Path Type: min

Fanout         Cap        Slew       Delay        Time   Description
---------------------------------------------------------------------------------------------
                      0.000000    0.000000    0.000000   clock __VIRTUAL_CLK__ (rise edge)
                                  0.000000    0.000000   clock network delay (ideal)
                                  2.000000    2.000000 v input external delay
     1    0.003750    0.006105    0.002973    2.002973 v A[4] (in)
                                                         A[4] (net)
                      0.006107    0.000000    2.002973 v input27/A (sky130_fd_sc_hd__clkdlybuf4s25_1)
     2    0.013512    0.075941    0.181103    2.184076 v input27/X (sky130_fd_sc_hd__clkdlybuf4s25_1)
                                                         net27 (net)
                      0.075942    0.000307    2.184382 v _387_/A (sky130_fd_sc_hd__nand2_2)
     2    0.007991    0.044330    0.060747    2.245129 ^ _387_/Y (sky130_fd_sc_hd__nand2_2)
                                                         _016_ (net)
                      0.044331    0.000277    2.245406 ^ _346_/B1 (sky130_fd_sc_hd__o21a_2)
     3    0.019098    0.079060    0.098120    2.343526 ^ _346_/X (sky130_fd_sc_hd__o21a_2)
                                                         _195_ (net)
                      0.079060    0.000295    2.343821 ^ _347_/B (sky130_fd_sc_hd__xor2_2)
     1    0.002411    0.020456    0.033468    2.377289 v _347_/X (sky130_fd_sc_hd__xor2_2)
                                                         net93 (net)
                      0.020456    0.000065    2.377354 v output93/A (sky130_fd_sc_hd__clkdlybuf4s25_1)
     1    0.034341    0.175787    0.258910    2.636263 v output93/X (sky130_fd_sc_hd__clkdlybuf4s25_1)
                                                         S[5] (net)
                      0.175788    0.000602    2.636865 v S[5] (out)
                                              2.636865   data arrival time

                      0.000000    0.000000    0.000000   clock __VIRTUAL_CLK__ (rise edge)
                                  0.000000    0.000000   clock network delay (ideal)
                                  0.250000    0.250000   clock uncertainty
                                  0.000000    0.250000   clock reconvergence pessimism
                                 -2.000000   -1.750000   output external delay
                                             -1.750000   data required time
---------------------------------------------------------------------------------------------
                                             -1.750000   data required time
                                             -2.636865   data arrival time
---------------------------------------------------------------------------------------------
                                              4.386865   slack (MET)


Startpoint: A[2] (input port clocked by __VIRTUAL_CLK__)
Endpoint: S[2] (output port clocked by __VIRTUAL_CLK__)
Path Group: __VIRTUAL_CLK__
Path Type: min

Fanout         Cap        Slew       Delay        Time   Description
---------------------------------------------------------------------------------------------
                      0.000000    0.000000    0.000000   clock __VIRTUAL_CLK__ (rise edge)
                                  0.000000    0.000000   clock network delay (ideal)
                                  2.000000    2.000000 v input external delay
     1    0.003127    0.005199    0.002436    2.002436 v A[2] (in)
                                                         A[2] (net)
                      0.005199    0.000000    2.002436 v input23/A (sky130_fd_sc_hd__clkdlybuf4s25_1)
     2    0.006921    0.045719    0.156528    2.158964 v input23/X (sky130_fd_sc_hd__clkdlybuf4s25_1)
                                                         net23 (net)
                      0.045719    0.000132    2.159096 v _420_/B1 (sky130_fd_sc_hd__a21oi_2)
     3    0.013576    0.099443    0.089917    2.249013 ^ _420_/Y (sky130_fd_sc_hd__a21oi_2)
                                                         _049_ (net)
                      0.099445    0.000404    2.249417 ^ _426_/B (sky130_fd_sc_hd__or2_4)
     2    0.012792    0.038776    0.092353    2.341770 ^ _426_/X (sky130_fd_sc_hd__or2_4)
                                                         _055_ (net)
                      0.038779    0.000312    2.342082 ^ _341_/A (sky130_fd_sc_hd__xnor2_2)
     1    0.004483    0.023194    0.037560    2.379643 v _341_/Y (sky130_fd_sc_hd__xnor2_2)
                                                         net88 (net)
                      0.023194    0.000151    2.379794 v output88/A (sky130_fd_sc_hd__clkdlybuf4s25_1)
     1    0.034989    0.178963    0.261936    2.641730 v output88/X (sky130_fd_sc_hd__clkdlybuf4s25_1)
                                                         S[2] (net)
                      0.178966    0.000849    2.642578 v S[2] (out)
                                              2.642578   data arrival time

                      0.000000    0.000000    0.000000   clock __VIRTUAL_CLK__ (rise edge)
                                  0.000000    0.000000   clock network delay (ideal)
                                  0.250000    0.250000   clock uncertainty
                                  0.000000    0.250000   clock reconvergence pessimism
                                 -2.000000   -1.750000   output external delay
                                             -1.750000   data required time
---------------------------------------------------------------------------------------------
                                             -1.750000   data required time
                                             -2.642578   data arrival time
---------------------------------------------------------------------------------------------
                                              4.392579   slack (MET)


Startpoint: A[5] (input port clocked by __VIRTUAL_CLK__)
Endpoint: S[6] (output port clocked by __VIRTUAL_CLK__)
Path Group: __VIRTUAL_CLK__
Path Type: min

Fanout         Cap        Slew       Delay        Time   Description
---------------------------------------------------------------------------------------------
                      0.000000    0.000000    0.000000   clock __VIRTUAL_CLK__ (rise edge)
                                  0.000000    0.000000   clock network delay (ideal)
                                  2.000000    2.000000 ^ input external delay
     1    0.004494    0.019940    0.011143    2.011143 ^ A[5] (in)
                                                         A[5] (net)
                      0.019942    0.000000    2.011143 ^ input28/A (sky130_fd_sc_hd__clkdlybuf4s25_1)
     4    0.031903    0.242186    0.287744    2.298887 ^ input28/X (sky130_fd_sc_hd__clkdlybuf4s25_1)
                                                         net28 (net)
                      0.242186    0.000865    2.299751 ^ _391_/A (sky130_fd_sc_hd__nand2_2)
     1    0.004579    0.024101    0.025594    2.325346 v _391_/Y (sky130_fd_sc_hd__nand2_2)
                                                         _020_ (net)
                      0.024102    0.000127    2.325472 v _348_/B1 (sky130_fd_sc_hd__o21ai_2)
     1    0.009196    0.045090    0.045580    2.371053 ^ _348_/Y (sky130_fd_sc_hd__o21ai_2)
                                                         _196_ (net)
                      0.045093    0.000283    2.371336 ^ _349_/B (sky130_fd_sc_hd__xnor2_2)
     1    0.002411    0.018493    0.028938    2.400275 v _349_/Y (sky130_fd_sc_hd__xnor2_2)
                                                         net94 (net)
                      0.018493    0.000065    2.400340 v output94/A (sky130_fd_sc_hd__clkdlybuf4s25_1)
     1    0.034708    0.177639    0.259413    2.659753 v output94/X (sky130_fd_sc_hd__clkdlybuf4s25_1)
                                                         S[6] (net)
                      0.177640    0.000704    2.660457 v S[6] (out)
                                              2.660457   data arrival time

                      0.000000    0.000000    0.000000   clock __VIRTUAL_CLK__ (rise edge)
                                  0.000000    0.000000   clock network delay (ideal)
                                  0.250000    0.250000   clock uncertainty
                                  0.000000    0.250000   clock reconvergence pessimism
                                 -2.000000   -1.750000   output external delay
                                             -1.750000   data required time
---------------------------------------------------------------------------------------------
                                             -1.750000   data required time
                                             -2.660457   data arrival time
---------------------------------------------------------------------------------------------
                                              4.410457   slack (MET)


Startpoint: A[4] (input port clocked by __VIRTUAL_CLK__)
Endpoint: S[4] (output port clocked by __VIRTUAL_CLK__)
Path Group: __VIRTUAL_CLK__
Path Type: min

Fanout         Cap        Slew       Delay        Time   Description
---------------------------------------------------------------------------------------------
                      0.000000    0.000000    0.000000   clock __VIRTUAL_CLK__ (rise edge)
                                  0.000000    0.000000   clock network delay (ideal)
                                  2.000000    2.000000 ^ input external delay
     1    0.003976    0.018136    0.009822    2.009822 ^ A[4] (in)
                                                         A[4] (net)
                      0.018136    0.000000    2.009822 ^ input27/A (sky130_fd_sc_hd__clkdlybuf4s25_1)
     2    0.014166    0.112775    0.201860    2.211682 ^ input27/X (sky130_fd_sc_hd__clkdlybuf4s25_1)
                                                         net27 (net)
                      0.112775    0.000397    2.212079 ^ _400_/B (sky130_fd_sc_hd__xnor2_2)
     2    0.006851    0.038956    0.077104    2.289182 ^ _400_/Y (sky130_fd_sc_hd__xnor2_2)
                                                         _029_ (net)
                      0.038956    0.000177    2.289359 ^ rebuffer117/A (sky130_fd_sc_hd__buf_2)
     2    0.013375    0.054375    0.083801    2.373160 ^ rebuffer117/X (sky130_fd_sc_hd__buf_2)
                                                         net117 (net)
                      0.054379    0.000505    2.373665 ^ _345_/A (sky130_fd_sc_hd__xor2_2)
     1    0.003636    0.022978    0.038792    2.412457 v _345_/X (sky130_fd_sc_hd__xor2_2)
                                                         net92 (net)
                      0.022978    0.000113    2.412570 v output92/A (sky130_fd_sc_hd__clkdlybuf4s25_1)
     1    0.035094    0.179405    0.262386    2.674956 v output92/X (sky130_fd_sc_hd__clkdlybuf4s25_1)
                                                         S[4] (net)
                      0.179405    0.000634    2.675589 v S[4] (out)
                                              2.675589   data arrival time

                      0.000000    0.000000    0.000000   clock __VIRTUAL_CLK__ (rise edge)
                                  0.000000    0.000000   clock network delay (ideal)
                                  0.250000    0.250000   clock uncertainty
                                  0.000000    0.250000   clock reconvergence pessimism
                                 -2.000000   -1.750000   output external delay
                                             -1.750000   data required time
---------------------------------------------------------------------------------------------
                                             -1.750000   data required time
                                             -2.675589   data arrival time
---------------------------------------------------------------------------------------------
                                              4.425590   slack (MET)



