
===========================================================================
report_checks -unconstrained
===========================================================================
======================= nom_tt_025C_1v80 Corner ===================================

Startpoint: sub (input port clocked by __VIRTUAL_CLK__)
Endpoint: S[31] (output port clocked by __VIRTUAL_CLK__)
Path Group: __VIRTUAL_CLK__
Path Type: max

Fanout         Cap        Slew       Delay        Time   Description
---------------------------------------------------------------------------------------------
                      0.000000    0.000000    0.000000   clock __VIRTUAL_CLK__ (rise edge)
                                  0.000000    0.000000   clock network delay (ideal)
                                  2.000000    2.000000 ^ input external delay
     1    0.002927    0.020280    0.011274    2.011274 ^ sub (in)
                                                         sub (net)
                      0.020280    0.000000    2.011274 ^ input65/A (sky130_fd_sc_hd__clkdlybuf4s25_1)
     3    0.016595    0.174719    0.346475    2.357749 ^ input65/X (sky130_fd_sc_hd__clkdlybuf4s25_1)
                                                         net65 (net)
                      0.174719    0.000311    2.358061 ^ fanout107/A (sky130_fd_sc_hd__clkdlybuf4s25_1)
     5    0.026293    0.268702    0.466448    2.824509 ^ fanout107/X (sky130_fd_sc_hd__clkdlybuf4s25_1)
                                                         net107 (net)
                      0.268702    0.000064    2.824573 ^ fanout105/A (sky130_fd_sc_hd__clkdlybuf4s25_1)
     6    0.027212    0.277417    0.497099    3.321672 ^ fanout105/X (sky130_fd_sc_hd__clkdlybuf4s25_1)
                                                         net105 (net)
                      0.277417    0.000161    3.321832 ^ _414_/A (sky130_fd_sc_hd__xor2_2)
     4    0.022014    0.303326    0.319887    3.641719 ^ _414_/X (sky130_fd_sc_hd__xor2_2)
                                                         _043_ (net)
                      0.303326    0.000089    3.641809 ^ _423_/B (sky130_fd_sc_hd__xnor2_2)
     2    0.011554    0.086474    0.134996    3.776804 v _423_/Y (sky130_fd_sc_hd__xnor2_2)
                                                         _052_ (net)
                      0.086474    0.000015    3.776819 v _425_/B (sky130_fd_sc_hd__or4b_2)
     3    0.012301    0.137888    0.739096    4.515915 v _425_/X (sky130_fd_sc_hd__or4b_2)
                                                         _054_ (net)
                      0.137888    0.000092    4.516008 v _428_/A (sky130_fd_sc_hd__or3_2)
     2    0.005271    0.085368    0.537209    5.053216 v _428_/X (sky130_fd_sc_hd__or3_2)
                                                         _057_ (net)
                      0.085368    0.000048    5.053264 v _429_/A4 (sky130_fd_sc_hd__a41o_2)
     2    0.006628    0.047403    0.308279    5.361543 v _429_/X (sky130_fd_sc_hd__a41o_2)
                                                         _058_ (net)
                      0.047403    0.000078    5.361621 v _210_/A2 (sky130_fd_sc_hd__a21o_2)
     2    0.006720    0.043234    0.229409    5.591030 v _210_/X (sky130_fd_sc_hd__a21o_2)
                                                         _080_ (net)
                      0.043234    0.000067    5.591097 v _280_/A1 (sky130_fd_sc_hd__a211o_2)
     4    0.012894    0.074345    0.342901    5.933998 v _280_/X (sky130_fd_sc_hd__a211o_2)
                                                         _142_ (net)
                      0.074375    0.000284    5.934282 v _327_/A1 (sky130_fd_sc_hd__a2111o_2)
     2    0.004455    0.067816    0.449446    6.383728 v _327_/X (sky130_fd_sc_hd__a2111o_2)
                                                         _183_ (net)
                      0.067816    0.000018    6.383746 v _335_/A2 (sky130_fd_sc_hd__a31o_2)
     2    0.013558    0.061862    0.283610    6.667356 v _335_/X (sky130_fd_sc_hd__a31o_2)
                                                         _190_ (net)
                      0.061862    0.000062    6.667418 v _336_/B (sky130_fd_sc_hd__xor2_2)
     1    0.002608    0.089517    0.117738    6.785156 ^ _336_/X (sky130_fd_sc_hd__xor2_2)
                                                         net90 (net)
                      0.089517    0.000004    6.785161 ^ output90/A (sky130_fd_sc_hd__clkdlybuf4s25_1)
     1    0.034522    0.348631    0.500638    7.285799 ^ output90/X (sky130_fd_sc_hd__clkdlybuf4s25_1)
                                                         S[31] (net)
                      0.348631    0.000206    7.286005 ^ S[31] (out)
                                              7.286005   data arrival time

                      0.000000   10.000000   10.000000   clock __VIRTUAL_CLK__ (rise edge)
                                  0.000000   10.000000   clock network delay (ideal)
                                 -0.250000    9.750000   clock uncertainty
                                  0.000000    9.750000   clock reconvergence pessimism
                                 -2.000000    7.750000   output external delay
                                              7.750000   data required time
---------------------------------------------------------------------------------------------
                                              7.750000   data required time
                                             -7.286005   data arrival time
---------------------------------------------------------------------------------------------
                                              0.463996   slack (MET)




===========================================================================
report_checks --slack_max -0.01
============================================================================
======================= nom_tt_025C_1v80 Corner ===================================

No paths found.


===========================================================================
 report_check_types -max_slew -max_cap -max_fanout -violators
============================================================================
======================= nom_tt_025C_1v80 Corner ===================================



===========================================================================
report_parasitic_annotation -report_unannotated
============================================================================
Found 0 unannotated drivers.
Found 0 partially unannotated drivers.

===========================================================================
max slew violation count 0
Writing metric design__max_slew_violation__count__corner:nom_tt_025C_1v80: 0
max fanout violation count 0
Writing metric design__max_fanout_violation__count__corner:nom_tt_025C_1v80: 0
max cap violation count 0
Writing metric design__max_cap_violation__count__corner:nom_tt_025C_1v80: 0
============================================================================

===========================================================================
check_setup -verbose -unconstrained_endpoints -multiple_clock -no_clock -no_input_delay -loops -generated_clocks
===========================================================================
