
===========================================================================
report_checks -unconstrained
===========================================================================
======================= nom_tt_025C_1v80 Corner ===================================

Startpoint: sub (input port clocked by __VIRTUAL_CLK__)
Endpoint: S[31] (output port clocked by __VIRTUAL_CLK__)
Path Group: __VIRTUAL_CLK__
Path Type: max

Fanout         Cap        Slew       Delay        Time   Description
---------------------------------------------------------------------------------------------
                      0.000000    0.000000    0.000000   clock __VIRTUAL_CLK__ (rise edge)
                                  0.000000    0.000000   clock network delay (ideal)
                                  0.800000    0.800000 ^ input external delay
    47    0.288619    1.287278    0.931691    1.731691 ^ sub (in)
                                                         sub (net)
                      1.287287    0.000000    1.731691 ^ _414_/A (sky130_fd_sc_hd__xor2_2)
     4    0.020084    0.253760    0.307284    2.038975 v _414_/X (sky130_fd_sc_hd__xor2_2)
                                                         _043_ (net)
                      0.253760    0.000037    2.039012 v _423_/B (sky130_fd_sc_hd__xnor2_2)
     2    0.010314    0.087056    0.238575    2.277587 v _423_/Y (sky130_fd_sc_hd__xnor2_2)
                                                         _052_ (net)
                      0.087056    0.000001    2.277589 v _425_/B (sky130_fd_sc_hd__or4b_2)
     3    0.011530    0.135723    0.735712    3.013301 v _425_/X (sky130_fd_sc_hd__or4b_2)
                                                         _054_ (net)
                      0.135723    0.000062    3.013363 v _428_/A (sky130_fd_sc_hd__or3_2)
     2    0.006274    0.088253    0.542318    3.555680 v _428_/X (sky130_fd_sc_hd__or3_2)
                                                         _057_ (net)
                      0.088253    0.000077    3.555758 v _429_/A4 (sky130_fd_sc_hd__a41o_2)
     2    0.005067    0.043925    0.303798    3.859556 v _429_/X (sky130_fd_sc_hd__a41o_2)
                                                         _058_ (net)
                      0.043925    0.000028    3.859584 v _210_/A2 (sky130_fd_sc_hd__a21o_2)
     2    0.005061    0.039722    0.222165    4.081749 v _210_/X (sky130_fd_sc_hd__a21o_2)
                                                         _080_ (net)
                      0.039722    0.000028    4.081777 v _280_/A1 (sky130_fd_sc_hd__a211o_2)
     4    0.011473    0.071816    0.335903    4.417680 v _280_/X (sky130_fd_sc_hd__a211o_2)
                                                         _142_ (net)
                      0.071816    0.000160    4.417840 v _327_/A1 (sky130_fd_sc_hd__a2111o_2)
     2    0.005126    0.069511    0.451708    4.869548 v _327_/X (sky130_fd_sc_hd__a2111o_2)
                                                         _183_ (net)
                      0.069511    0.000028    4.869576 v _335_/A2 (sky130_fd_sc_hd__a31o_2)
     2    0.012668    0.059990    0.282137    5.151713 v _335_/X (sky130_fd_sc_hd__a31o_2)
                                                         _190_ (net)
                      0.059990    0.000052    5.151764 v _336_/B (sky130_fd_sc_hd__xor2_2)
     1    0.034696    0.442222    0.387511    5.539276 ^ _336_/X (sky130_fd_sc_hd__xor2_2)
                                                         S[31] (net)
                      0.442222    0.000188    5.539464 ^ S[31] (out)
                                              5.539464   data arrival time

                      0.000000    4.000000    4.000000   clock __VIRTUAL_CLK__ (rise edge)
                                  0.000000    4.000000   clock network delay (ideal)
                                 -0.250000    3.750000   clock uncertainty
                                  0.000000    3.750000   clock reconvergence pessimism
                                 -0.800000    2.950000   output external delay
                                              2.950000   data required time
---------------------------------------------------------------------------------------------
                                              2.950000   data required time
                                             -5.539464   data arrival time
---------------------------------------------------------------------------------------------
                                             -2.589464   slack (VIOLATED)




===========================================================================
report_checks --slack_max -0.01
============================================================================
======================= nom_tt_025C_1v80 Corner ===================================

Startpoint: sub (input port clocked by __VIRTUAL_CLK__)
Endpoint: S[31] (output port clocked by __VIRTUAL_CLK__)
Path Group: __VIRTUAL_CLK__
Path Type: max

Fanout         Cap        Slew       Delay        Time   Description
---------------------------------------------------------------------------------------------
                      0.000000    0.000000    0.000000   clock __VIRTUAL_CLK__ (rise edge)
                                  0.000000    0.000000   clock network delay (ideal)
                                  0.800000    0.800000 ^ input external delay
    47    0.288619    1.287278    0.931691    1.731691 ^ sub (in)
                                                         sub (net)
                      1.287287    0.000000    1.731691 ^ _414_/A (sky130_fd_sc_hd__xor2_2)
     4    0.020084    0.253760    0.307284    2.038975 v _414_/X (sky130_fd_sc_hd__xor2_2)
                                                         _043_ (net)
                      0.253760    0.000037    2.039012 v _423_/B (sky130_fd_sc_hd__xnor2_2)
     2    0.010314    0.087056    0.238575    2.277587 v _423_/Y (sky130_fd_sc_hd__xnor2_2)
                                                         _052_ (net)
                      0.087056    0.000001    2.277589 v _425_/B (sky130_fd_sc_hd__or4b_2)
     3    0.011530    0.135723    0.735712    3.013301 v _425_/X (sky130_fd_sc_hd__or4b_2)
                                                         _054_ (net)
                      0.135723    0.000062    3.013363 v _428_/A (sky130_fd_sc_hd__or3_2)
     2    0.006274    0.088253    0.542318    3.555680 v _428_/X (sky130_fd_sc_hd__or3_2)
                                                         _057_ (net)
                      0.088253    0.000077    3.555758 v _429_/A4 (sky130_fd_sc_hd__a41o_2)
     2    0.005067    0.043925    0.303798    3.859556 v _429_/X (sky130_fd_sc_hd__a41o_2)
                                                         _058_ (net)
                      0.043925    0.000028    3.859584 v _210_/A2 (sky130_fd_sc_hd__a21o_2)
     2    0.005061    0.039722    0.222165    4.081749 v _210_/X (sky130_fd_sc_hd__a21o_2)
                                                         _080_ (net)
                      0.039722    0.000028    4.081777 v _280_/A1 (sky130_fd_sc_hd__a211o_2)
     4    0.011473    0.071816    0.335903    4.417680 v _280_/X (sky130_fd_sc_hd__a211o_2)
                                                         _142_ (net)
                      0.071816    0.000160    4.417840 v _327_/A1 (sky130_fd_sc_hd__a2111o_2)
     2    0.005126    0.069511    0.451708    4.869548 v _327_/X (sky130_fd_sc_hd__a2111o_2)
                                                         _183_ (net)
                      0.069511    0.000028    4.869576 v _335_/A2 (sky130_fd_sc_hd__a31o_2)
     2    0.012668    0.059990    0.282137    5.151713 v _335_/X (sky130_fd_sc_hd__a31o_2)
                                                         _190_ (net)
                      0.059990    0.000052    5.151764 v _336_/B (sky130_fd_sc_hd__xor2_2)
     1    0.034696    0.442222    0.387511    5.539276 ^ _336_/X (sky130_fd_sc_hd__xor2_2)
                                                         S[31] (net)
                      0.442222    0.000188    5.539464 ^ S[31] (out)
                                              5.539464   data arrival time

                      0.000000    4.000000    4.000000   clock __VIRTUAL_CLK__ (rise edge)
                                  0.000000    4.000000   clock network delay (ideal)
                                 -0.250000    3.750000   clock uncertainty
                                  0.000000    3.750000   clock reconvergence pessimism
                                 -0.800000    2.950000   output external delay
                                              2.950000   data required time
---------------------------------------------------------------------------------------------
                                              2.950000   data required time
                                             -5.539464   data arrival time
---------------------------------------------------------------------------------------------
                                             -2.589464   slack (VIOLATED)




===========================================================================
 report_check_types -max_slew -max_cap -max_fanout -violators
============================================================================
======================= nom_tt_025C_1v80 Corner ===================================

max slew

Pin                                        Limit        Slew       Slack
------------------------------------------------------------------------
_383_/A                                 0.750000    1.287308   -0.537308 (VIOLATED)
_388_/A                                 0.750000    1.287308   -0.537308 (VIOLATED)
_390_/A                                 0.750000    1.287308   -0.537308 (VIOLATED)
_431_/A                                 0.750000    1.287307   -0.537307 (VIOLATED)
_435_/A                                 0.750000    1.287306   -0.537306 (VIOLATED)
_436_/A                                 0.750000    1.287306   -0.537306 (VIOLATED)
_440_/A                                 0.750000    1.287304   -0.537304 (VIOLATED)
_441_/A                                 0.750000    1.287304   -0.537304 (VIOLATED)
_445_/A                                 0.750000    1.287298   -0.537298 (VIOLATED)
_446_/A                                 0.750000    1.287298   -0.537298 (VIOLATED)
_370_/A                                 0.750000    1.287295   -0.537295 (VIOLATED)
_372_/A                                 0.750000    1.287295   -0.537295 (VIOLATED)
_263_/A                                 0.750000    1.287293   -0.537293 (VIOLATED)
_264_/A                                 0.750000    1.287294   -0.537294 (VIOLATED)
_386_/A                                 0.750000    1.287294   -0.537294 (VIOLATED)
_284_/A                                 0.750000    1.287293   -0.537293 (VIOLATED)
_285_/A                                 0.750000    1.287293   -0.537293 (VIOLATED)
_375_/A                                 0.750000    1.287293   -0.537293 (VIOLATED)
_407_/A                                 0.750000    1.287293   -0.537293 (VIOLATED)
_408_/A                                 0.750000    1.287293   -0.537293 (VIOLATED)
_378_/A                                 0.750000    1.287292   -0.537292 (VIOLATED)
_215_/B                                 0.750000    1.287290   -0.537290 (VIOLATED)
_220_/A                                 0.750000    1.287290   -0.537290 (VIOLATED)
_411_/A                                 0.750000    1.287291   -0.537291 (VIOLATED)
_412_/A                                 0.750000    1.287291   -0.537291 (VIOLATED)
_224_/A                                 0.750000    1.287290   -0.537290 (VIOLATED)
_225_/A                                 0.750000    1.287290   -0.537290 (VIOLATED)
_233_/A                                 0.750000    1.287289   -0.537289 (VIOLATED)
_234_/A                                 0.750000    1.287289   -0.537289 (VIOLATED)
_338_/A0                                0.750000    1.287289   -0.537289 (VIOLATED)
_242_/A                                 0.750000    1.287288   -0.537288 (VIOLATED)
_415_/A                                 0.750000    1.287288   -0.537288 (VIOLATED)
_425_/D_N                               0.750000    1.287288   -0.537288 (VIOLATED)
_414_/A                                 0.750000    1.287287   -0.537287 (VIOLATED)
_250_/A                                 0.750000    1.287286   -0.537286 (VIOLATED)
_291_/A                                 0.750000    1.287286   -0.537286 (VIOLATED)
_292_/A                                 0.750000    1.287286   -0.537286 (VIOLATED)
_272_/A                                 0.750000    1.287285   -0.537285 (VIOLATED)
_254_/A                                 0.750000    1.287284   -0.537284 (VIOLATED)
_299_/A                                 0.750000    1.287284   -0.537284 (VIOLATED)
_300_/A                                 0.750000    1.287284   -0.537284 (VIOLATED)
_307_/A                                 0.750000    1.287281   -0.537281 (VIOLATED)
_314_/A                                 0.750000    1.287282   -0.537282 (VIOLATED)
_315_/A                                 0.750000    1.287282   -0.537282 (VIOLATED)
_322_/A                                 0.750000    1.287281   -0.537281 (VIOLATED)
_323_/A                                 0.750000    1.287281   -0.537281 (VIOLATED)
_331_/A                                 0.750000    1.287280   -0.537280 (VIOLATED)
sub                                     0.750000    1.287278   -0.537278 (VIOLATED)

max fanout

Pin                                   Limit Fanout  Slack
---------------------------------------------------------
sub                                      10     47    -37 (VIOLATED)

max capacitance

Pin                                        Limit         Cap       Slack
------------------------------------------------------------------------
sub                                     0.200000    0.288619   -0.088619 (VIOLATED)



===========================================================================
report_parasitic_annotation -report_unannotated
============================================================================
Found 0 unannotated drivers.
Found 0 partially unannotated drivers.

===========================================================================
max slew violation count 48
Writing metric design__max_slew_violation__count__corner:nom_tt_025C_1v80: 48
max fanout violation count 1
Writing metric design__max_fanout_violation__count__corner:nom_tt_025C_1v80: 1
max cap violation count 1
Writing metric design__max_cap_violation__count__corner:nom_tt_025C_1v80: 1
============================================================================

===========================================================================
check_setup -verbose -unconstrained_endpoints -multiple_clock -no_clock -no_input_delay -loops -generated_clocks
===========================================================================
