
===========================================================================
report_checks -path_delay min (Hold)
============================================================================
======================= nom_tt_025C_1v80 Corner ===================================

Startpoint: A[31] (input port clocked by __VIRTUAL_CLK__)
Endpoint: carryOut (output port clocked by __VIRTUAL_CLK__)
Path Group: __VIRTUAL_CLK__
Path Type: min

Fanout         Cap        Slew       Delay        Time   Description
---------------------------------------------------------------------------------------------
                      0.000000    0.000000    0.000000   clock __VIRTUAL_CLK__ (rise edge)
                                  0.000000    0.000000   clock network delay (ideal)
                                  0.800000    0.800000 v input external delay
     2    0.006913    0.017759    0.010619    0.810619 v A[31] (in)
                                                         A[31] (net)
                      0.017760    0.000000    0.810619 v _333_/A (sky130_fd_sc_hd__nand2_2)
     2    0.009308    0.059840    0.056233    0.866852 ^ _333_/Y (sky130_fd_sc_hd__nand2_2)
                                                         _188_ (net)
                      0.059840    0.000003    0.866854 ^ _369_/B1 (sky130_fd_sc_hd__o21ai_2)
     1    0.034605    0.138381    0.127326    0.994181 v _369_/Y (sky130_fd_sc_hd__o21ai_2)
                                                         carryOut (net)
                      0.138382    0.000165    0.994345 v carryOut (out)
                                              0.994345   data arrival time

                      0.000000    0.000000    0.000000   clock __VIRTUAL_CLK__ (rise edge)
                                  0.000000    0.000000   clock network delay (ideal)
                                  0.250000    0.250000   clock uncertainty
                                  0.000000    0.250000   clock reconvergence pessimism
                                 -0.800000   -0.550000   output external delay
                                             -0.550000   data required time
---------------------------------------------------------------------------------------------
                                             -0.550000   data required time
                                             -0.994345   data arrival time
---------------------------------------------------------------------------------------------
                                              1.544345   slack (MET)


Startpoint: B[0] (input port clocked by __VIRTUAL_CLK__)
Endpoint: S[0] (output port clocked by __VIRTUAL_CLK__)
Path Group: __VIRTUAL_CLK__
Path Type: min

Fanout         Cap        Slew       Delay        Time   Description
---------------------------------------------------------------------------------------------
                      0.000000    0.000000    0.000000   clock __VIRTUAL_CLK__ (rise edge)
                                  0.000000    0.000000   clock network delay (ideal)
                                  0.800000    0.800000 ^ input external delay
     3    0.022101    0.105008    0.068467    0.868467 ^ B[0] (in)
                                                         B[0] (net)
                      0.105008    0.000000    0.868467 ^ _337_/B (sky130_fd_sc_hd__xor2_2)
     1    0.034387    0.101508    0.154783    1.023250 v _337_/X (sky130_fd_sc_hd__xor2_2)
                                                         S[0] (net)
                      0.101508    0.000131    1.023381 v S[0] (out)
                                              1.023381   data arrival time

                      0.000000    0.000000    0.000000   clock __VIRTUAL_CLK__ (rise edge)
                                  0.000000    0.000000   clock network delay (ideal)
                                  0.250000    0.250000   clock uncertainty
                                  0.000000    0.250000   clock reconvergence pessimism
                                 -0.800000   -0.550000   output external delay
                                             -0.550000   data required time
---------------------------------------------------------------------------------------------
                                             -0.550000   data required time
                                             -1.023381   data arrival time
---------------------------------------------------------------------------------------------
                                              1.573381   slack (MET)


Startpoint: A[12] (input port clocked by __VIRTUAL_CLK__)
Endpoint: S[13] (output port clocked by __VIRTUAL_CLK__)
Path Group: __VIRTUAL_CLK__
Path Type: min

Fanout         Cap        Slew       Delay        Time   Description
---------------------------------------------------------------------------------------------
                      0.000000    0.000000    0.000000   clock __VIRTUAL_CLK__ (rise edge)
                                  0.000000    0.000000   clock network delay (ideal)
                                  0.800000    0.800000 ^ input external delay
     2    0.007529    0.040429    0.024709    0.824709 ^ A[12] (in)
                                                         A[12] (net)
                      0.040429    0.000000    0.824709 ^ _432_/A (sky130_fd_sc_hd__nand2_2)
     3    0.011726    0.054176    0.058349    0.883057 v _432_/Y (sky130_fd_sc_hd__nand2_2)
                                                         _061_ (net)
                      0.054176    0.000030    0.883087 v _362_/B1 (sky130_fd_sc_hd__o21ai_2)
     1    0.008622    0.070637    0.070617    0.953704 ^ _362_/Y (sky130_fd_sc_hd__o21ai_2)
                                                         _203_ (net)
                      0.070637    0.000009    0.953713 ^ _363_/B (sky130_fd_sc_hd__xnor2_2)
     1    0.035195    0.160123    0.150732    1.104445 v _363_/Y (sky130_fd_sc_hd__xnor2_2)
                                                         S[13] (net)
                      0.160125    0.000388    1.104833 v S[13] (out)
                                              1.104833   data arrival time

                      0.000000    0.000000    0.000000   clock __VIRTUAL_CLK__ (rise edge)
                                  0.000000    0.000000   clock network delay (ideal)
                                  0.250000    0.250000   clock uncertainty
                                  0.000000    0.250000   clock reconvergence pessimism
                                 -0.800000   -0.550000   output external delay
                                             -0.550000   data required time
---------------------------------------------------------------------------------------------
                                             -0.550000   data required time
                                             -1.104833   data arrival time
---------------------------------------------------------------------------------------------
                                              1.654833   slack (MET)


Startpoint: A[16] (input port clocked by __VIRTUAL_CLK__)
Endpoint: S[17] (output port clocked by __VIRTUAL_CLK__)
Path Group: __VIRTUAL_CLK__
Path Type: min

Fanout         Cap        Slew       Delay        Time   Description
---------------------------------------------------------------------------------------------
                      0.000000    0.000000    0.000000   clock __VIRTUAL_CLK__ (rise edge)
                                  0.000000    0.000000   clock network delay (ideal)
                                  0.800000    0.800000 ^ input external delay
     3    0.010193    0.052271    0.032892    0.832892 ^ A[16] (in)
                                                         A[16] (net)
                      0.052271    0.000000    0.832892 ^ _216_/A (sky130_fd_sc_hd__nand2_2)
     2    0.009233    0.045831    0.055316    0.888208 v _216_/Y (sky130_fd_sc_hd__nand2_2)
                                                         _086_ (net)
                      0.045831    0.000020    0.888228 v _222_/B1 (sky130_fd_sc_hd__o21ai_2)
     1    0.008636    0.070583    0.067252    0.955479 ^ _222_/Y (sky130_fd_sc_hd__o21ai_2)
                                                         _091_ (net)
                      0.070583    0.000009    0.955488 ^ _223_/B (sky130_fd_sc_hd__xnor2_2)
     1    0.034873    0.158777    0.149831    1.105319 v _223_/Y (sky130_fd_sc_hd__xnor2_2)
                                                         S[17] (net)
                      0.158777    0.000316    1.105636 v S[17] (out)
                                              1.105636   data arrival time

                      0.000000    0.000000    0.000000   clock __VIRTUAL_CLK__ (rise edge)
                                  0.000000    0.000000   clock network delay (ideal)
                                  0.250000    0.250000   clock uncertainty
                                  0.000000    0.250000   clock reconvergence pessimism
                                 -0.800000   -0.550000   output external delay
                                             -0.550000   data required time
---------------------------------------------------------------------------------------------
                                             -0.550000   data required time
                                             -1.105636   data arrival time
---------------------------------------------------------------------------------------------
                                              1.655636   slack (MET)


Startpoint: A[24] (input port clocked by __VIRTUAL_CLK__)
Endpoint: S[25] (output port clocked by __VIRTUAL_CLK__)
Path Group: __VIRTUAL_CLK__
Path Type: min

Fanout         Cap        Slew       Delay        Time   Description
---------------------------------------------------------------------------------------------
                      0.000000    0.000000    0.000000   clock __VIRTUAL_CLK__ (rise edge)
                                  0.000000    0.000000   clock network delay (ideal)
                                  0.800000    0.800000 ^ input external delay
     2    0.008079    0.042870    0.026410    0.826410 ^ A[24] (in)
                                                         A[24] (net)
                      0.042871    0.000000    0.826410 ^ _274_/A (sky130_fd_sc_hd__nand2_2)
     3    0.012138    0.055629    0.060210    0.886621 v _274_/Y (sky130_fd_sc_hd__nand2_2)
                                                         _136_ (net)
                      0.055647    0.000053    0.886674 v _289_/A (sky130_fd_sc_hd__nand2_2)
     1    0.008564    0.057013    0.068833    0.955507 ^ _289_/Y (sky130_fd_sc_hd__nand2_2)
                                                         _150_ (net)
                      0.057013    0.000005    0.955513 ^ _290_/B (sky130_fd_sc_hd__xnor2_2)
     1    0.036004    0.163273    0.149549    1.105062 v _290_/Y (sky130_fd_sc_hd__xnor2_2)
                                                         S[25] (net)
                      0.163276    0.000574    1.105636 v S[25] (out)
                                              1.105636   data arrival time

                      0.000000    0.000000    0.000000   clock __VIRTUAL_CLK__ (rise edge)
                                  0.000000    0.000000   clock network delay (ideal)
                                  0.250000    0.250000   clock uncertainty
                                  0.000000    0.250000   clock reconvergence pessimism
                                 -0.800000   -0.550000   output external delay
                                             -0.550000   data required time
---------------------------------------------------------------------------------------------
                                             -0.550000   data required time
                                             -1.105636   data arrival time
---------------------------------------------------------------------------------------------
                                              1.655636   slack (MET)


Startpoint: A[31] (input port clocked by __VIRTUAL_CLK__)
Endpoint: S[31] (output port clocked by __VIRTUAL_CLK__)
Path Group: __VIRTUAL_CLK__
Path Type: min

Fanout         Cap        Slew       Delay        Time   Description
---------------------------------------------------------------------------------------------
                      0.000000    0.000000    0.000000   clock __VIRTUAL_CLK__ (rise edge)
                                  0.000000    0.000000   clock network delay (ideal)
                                  0.800000    0.800000 ^ input external delay
     2    0.007321    0.039504    0.024058    0.824058 ^ A[31] (in)
                                                         A[31] (net)
                      0.039504    0.000000    0.824058 ^ _333_/A (sky130_fd_sc_hd__nand2_2)
     2    0.008617    0.044627    0.049685    0.873743 v _333_/Y (sky130_fd_sc_hd__nand2_2)
                                                         _188_ (net)
                      0.044627    0.000002    0.873745 v _334_/B (sky130_fd_sc_hd__nand2_2)
     2    0.014650    0.086918    0.093412    0.967157 ^ _334_/Y (sky130_fd_sc_hd__nand2_2)
                                                         _189_ (net)
                      0.086918    0.000011    0.967168 ^ _336_/A (sky130_fd_sc_hd__xor2_2)
     1    0.034696    0.102221    0.155540    1.122708 v _336_/X (sky130_fd_sc_hd__xor2_2)
                                                         S[31] (net)
                      0.102221    0.000170    1.122878 v S[31] (out)
                                              1.122878   data arrival time

                      0.000000    0.000000    0.000000   clock __VIRTUAL_CLK__ (rise edge)
                                  0.000000    0.000000   clock network delay (ideal)
                                  0.250000    0.250000   clock uncertainty
                                  0.000000    0.250000   clock reconvergence pessimism
                                 -0.800000   -0.550000   output external delay
                                             -0.550000   data required time
---------------------------------------------------------------------------------------------
                                             -0.550000   data required time
                                             -1.122878   data arrival time
---------------------------------------------------------------------------------------------
                                              1.672878   slack (MET)


Startpoint: A[8] (input port clocked by __VIRTUAL_CLK__)
Endpoint: S[9] (output port clocked by __VIRTUAL_CLK__)
Path Group: __VIRTUAL_CLK__
Path Type: min

Fanout         Cap        Slew       Delay        Time   Description
---------------------------------------------------------------------------------------------
                      0.000000    0.000000    0.000000   clock __VIRTUAL_CLK__ (rise edge)
                                  0.000000    0.000000   clock network delay (ideal)
                                  0.800000    0.800000 ^ input external delay
     2    0.014783    0.072422    0.046767    0.846767 ^ A[8] (in)
                                                         A[8] (net)
                      0.072422    0.000000    0.846767 ^ _376_/A (sky130_fd_sc_hd__nand2_2)
     3    0.010037    0.051865    0.063130    0.909897 v _376_/Y (sky130_fd_sc_hd__nand2_2)
                                                         _005_ (net)
                      0.051865    0.000015    0.909912 v _355_/A (sky130_fd_sc_hd__nand2_2)
     1    0.008791    0.057777    0.068043    0.977956 ^ _355_/Y (sky130_fd_sc_hd__nand2_2)
                                                         _200_ (net)
                      0.057777    0.000014    0.977970 ^ _356_/B (sky130_fd_sc_hd__xnor2_2)
     1    0.034366    0.156426    0.145304    1.123273 v _356_/Y (sky130_fd_sc_hd__xnor2_2)
                                                         S[9] (net)
                      0.156426    0.000127    1.123400 v S[9] (out)
                                              1.123400   data arrival time

                      0.000000    0.000000    0.000000   clock __VIRTUAL_CLK__ (rise edge)
                                  0.000000    0.000000   clock network delay (ideal)
                                  0.250000    0.250000   clock uncertainty
                                  0.000000    0.250000   clock reconvergence pessimism
                                 -0.800000   -0.550000   output external delay
                                             -0.550000   data required time
---------------------------------------------------------------------------------------------
                                             -0.550000   data required time
                                             -1.123400   data arrival time
---------------------------------------------------------------------------------------------
                                              1.673400   slack (MET)


Startpoint: A[10] (input port clocked by __VIRTUAL_CLK__)
Endpoint: S[11] (output port clocked by __VIRTUAL_CLK__)
Path Group: __VIRTUAL_CLK__
Path Type: min

Fanout         Cap        Slew       Delay        Time   Description
---------------------------------------------------------------------------------------------
                      0.000000    0.000000    0.000000   clock __VIRTUAL_CLK__ (rise edge)
                                  0.000000    0.000000   clock network delay (ideal)
                                  0.800000    0.800000 ^ input external delay
     3    0.019775    0.094671    0.061629    0.861629 ^ A[10] (in)
                                                         A[10] (net)
                      0.094672    0.000000    0.861629 ^ _373_/A (sky130_fd_sc_hd__nand2_2)
     1    0.004694    0.039941    0.052235    0.913864 v _373_/Y (sky130_fd_sc_hd__nand2_2)
                                                         _002_ (net)
                      0.039941    0.000009    0.913874 v _359_/B1 (sky130_fd_sc_hd__o21ai_2)
     1    0.008523    0.069947    0.064463    0.978337 ^ _359_/Y (sky130_fd_sc_hd__o21ai_2)
                                                         _202_ (net)
                      0.069947    0.000003    0.978340 ^ _360_/B (sky130_fd_sc_hd__xnor2_2)
     1    0.036069    0.163697    0.153119    1.131459 v _360_/Y (sky130_fd_sc_hd__xnor2_2)
                                                         S[11] (net)
                      0.163698    0.000361    1.131820 v S[11] (out)
                                              1.131820   data arrival time

                      0.000000    0.000000    0.000000   clock __VIRTUAL_CLK__ (rise edge)
                                  0.000000    0.000000   clock network delay (ideal)
                                  0.250000    0.250000   clock uncertainty
                                  0.000000    0.250000   clock reconvergence pessimism
                                 -0.800000   -0.550000   output external delay
                                             -0.550000   data required time
---------------------------------------------------------------------------------------------
                                             -0.550000   data required time
                                             -1.131820   data arrival time
---------------------------------------------------------------------------------------------
                                              1.681820   slack (MET)


Startpoint: A[5] (input port clocked by __VIRTUAL_CLK__)
Endpoint: S[6] (output port clocked by __VIRTUAL_CLK__)
Path Group: __VIRTUAL_CLK__
Path Type: min

Fanout         Cap        Slew       Delay        Time   Description
---------------------------------------------------------------------------------------------
                      0.000000    0.000000    0.000000   clock __VIRTUAL_CLK__ (rise edge)
                                  0.000000    0.000000   clock network delay (ideal)
                                  0.800000    0.800000 ^ input external delay
     4    0.022494    0.106777    0.069667    0.869667 ^ A[5] (in)
                                                         A[5] (net)
                      0.106777    0.000000    0.869667 ^ _391_/A (sky130_fd_sc_hd__nand2_2)
     1    0.004510    0.041738    0.054217    0.923884 v _391_/Y (sky130_fd_sc_hd__nand2_2)
                                                         _020_ (net)
                      0.041738    0.000005    0.923889 v _348_/B1 (sky130_fd_sc_hd__o21ai_2)
     1    0.008701    0.070933    0.065819    0.989709 ^ _348_/Y (sky130_fd_sc_hd__o21ai_2)
                                                         _196_ (net)
                      0.070933    0.000009    0.989718 ^ _349_/B (sky130_fd_sc_hd__xnor2_2)
     1    0.034337    0.156526    0.148500    1.138218 v _349_/Y (sky130_fd_sc_hd__xnor2_2)
                                                         S[6] (net)
                      0.156526    0.000120    1.138339 v S[6] (out)
                                              1.138339   data arrival time

                      0.000000    0.000000    0.000000   clock __VIRTUAL_CLK__ (rise edge)
                                  0.000000    0.000000   clock network delay (ideal)
                                  0.250000    0.250000   clock uncertainty
                                  0.000000    0.250000   clock reconvergence pessimism
                                 -0.800000   -0.550000   output external delay
                                             -0.550000   data required time
---------------------------------------------------------------------------------------------
                                             -0.550000   data required time
                                             -1.138339   data arrival time
---------------------------------------------------------------------------------------------
                                              1.688339   slack (MET)


Startpoint: A[1] (input port clocked by __VIRTUAL_CLK__)
Endpoint: S[2] (output port clocked by __VIRTUAL_CLK__)
Path Group: __VIRTUAL_CLK__
Path Type: min

Fanout         Cap        Slew       Delay        Time   Description
---------------------------------------------------------------------------------------------
                      0.000000    0.000000    0.000000   clock __VIRTUAL_CLK__ (rise edge)
                                  0.000000    0.000000   clock network delay (ideal)
                                  0.800000    0.800000 ^ input external delay
     4    0.022909    0.108616    0.070871    0.870871 ^ A[1] (in)
                                                         A[1] (net)
                      0.108616    0.000000    0.870871 ^ _418_/A1 (sky130_fd_sc_hd__a21oi_2)
     1    0.004520    0.031229    0.061947    0.932818 v _418_/Y (sky130_fd_sc_hd__a21oi_2)
                                                         _047_ (net)
                      0.031229    0.000005    0.932824 v _340_/A (sky130_fd_sc_hd__nand2_2)
     1    0.008904    0.058021    0.060136    0.992959 ^ _340_/Y (sky130_fd_sc_hd__nand2_2)
                                                         _192_ (net)
                      0.058021    0.000020    0.992979 ^ _341_/B (sky130_fd_sc_hd__xnor2_2)
     1    0.034487    0.156936    0.145705    1.138685 v _341_/Y (sky130_fd_sc_hd__xnor2_2)
                                                         S[2] (net)
                      0.156936    0.000144    1.138829 v S[2] (out)
                                              1.138829   data arrival time

                      0.000000    0.000000    0.000000   clock __VIRTUAL_CLK__ (rise edge)
                                  0.000000    0.000000   clock network delay (ideal)
                                  0.250000    0.250000   clock uncertainty
                                  0.000000    0.250000   clock reconvergence pessimism
                                 -0.800000   -0.550000   output external delay
                                             -0.550000   data required time
---------------------------------------------------------------------------------------------
                                             -0.550000   data required time
                                             -1.138829   data arrival time
---------------------------------------------------------------------------------------------
                                              1.688828   slack (MET)


Startpoint: A[12] (input port clocked by __VIRTUAL_CLK__)
Endpoint: S[12] (output port clocked by __VIRTUAL_CLK__)
Path Group: __VIRTUAL_CLK__
Path Type: min

Fanout         Cap        Slew       Delay        Time   Description
---------------------------------------------------------------------------------------------
                      0.000000    0.000000    0.000000   clock __VIRTUAL_CLK__ (rise edge)
                                  0.000000    0.000000   clock network delay (ideal)
                                  0.800000    0.800000 ^ input external delay
     2    0.007529    0.040429    0.024709    0.824709 ^ A[12] (in)
                                                         A[12] (net)
                      0.040429    0.000000    0.824709 ^ _432_/A (sky130_fd_sc_hd__nand2_2)
     3    0.011726    0.054176    0.058349    0.883057 v _432_/Y (sky130_fd_sc_hd__nand2_2)
                                                         _061_ (net)
                      0.054176    0.000021    0.883078 v _434_/A (sky130_fd_sc_hd__nand2_2)
     4    0.017797    0.102132    0.099127    0.982206 ^ _434_/Y (sky130_fd_sc_hd__nand2_2)
                                                         _063_ (net)
                      0.102132    0.000035    0.982241 ^ _361_/B (sky130_fd_sc_hd__xor2_2)
     1    0.035305    0.103687    0.156203    1.138444 v _361_/X (sky130_fd_sc_hd__xor2_2)
                                                         S[12] (net)
                      0.103688    0.000413    1.138857 v S[12] (out)
                                              1.138857   data arrival time

                      0.000000    0.000000    0.000000   clock __VIRTUAL_CLK__ (rise edge)
                                  0.000000    0.000000   clock network delay (ideal)
                                  0.250000    0.250000   clock uncertainty
                                  0.000000    0.250000   clock reconvergence pessimism
                                 -0.800000   -0.550000   output external delay
                                             -0.550000   data required time
---------------------------------------------------------------------------------------------
                                             -0.550000   data required time
                                             -1.138857   data arrival time
---------------------------------------------------------------------------------------------
                                              1.688857   slack (MET)


Startpoint: A[8] (input port clocked by __VIRTUAL_CLK__)
Endpoint: S[8] (output port clocked by __VIRTUAL_CLK__)
Path Group: __VIRTUAL_CLK__
Path Type: min

Fanout         Cap        Slew       Delay        Time   Description
---------------------------------------------------------------------------------------------
                      0.000000    0.000000    0.000000   clock __VIRTUAL_CLK__ (rise edge)
                                  0.000000    0.000000   clock network delay (ideal)
                                  0.800000    0.800000 ^ input external delay
     2    0.014783    0.072422    0.046768    0.846768 ^ A[8] (in)
                                                         A[8] (net)
                      0.072422    0.000000    0.846768 ^ _377_/A (sky130_fd_sc_hd__xnor2_2)
     3    0.014263    0.084891    0.140101    0.986870 ^ _377_/Y (sky130_fd_sc_hd__xnor2_2)
                                                         _006_ (net)
                      0.084891    0.000041    0.986910 ^ _354_/A (sky130_fd_sc_hd__xor2_2)
     1    0.034386    0.101521    0.154122    1.141032 v _354_/X (sky130_fd_sc_hd__xor2_2)
                                                         S[8] (net)
                      0.101521    0.000127    1.141160 v S[8] (out)
                                              1.141160   data arrival time

                      0.000000    0.000000    0.000000   clock __VIRTUAL_CLK__ (rise edge)
                                  0.000000    0.000000   clock network delay (ideal)
                                  0.250000    0.250000   clock uncertainty
                                  0.000000    0.250000   clock reconvergence pessimism
                                 -0.800000   -0.550000   output external delay
                                             -0.550000   data required time
---------------------------------------------------------------------------------------------
                                             -0.550000   data required time
                                             -1.141160   data arrival time
---------------------------------------------------------------------------------------------
                                              1.691159   slack (MET)


Startpoint: A[4] (input port clocked by __VIRTUAL_CLK__)
Endpoint: S[4] (output port clocked by __VIRTUAL_CLK__)
Path Group: __VIRTUAL_CLK__
Path Type: min

Fanout         Cap        Slew       Delay        Time   Description
---------------------------------------------------------------------------------------------
                      0.000000    0.000000    0.000000   clock __VIRTUAL_CLK__ (rise edge)
                                  0.000000    0.000000   clock network delay (ideal)
                                  0.800000    0.800000 ^ input external delay
     2    0.014795    0.072472    0.046801    0.846801 ^ A[4] (in)
                                                         A[4] (net)
                      0.072472    0.000000    0.846801 ^ _400_/A (sky130_fd_sc_hd__xnor2_2)
     3    0.014424    0.088462    0.140671    0.987472 ^ _400_/Y (sky130_fd_sc_hd__xnor2_2)
                                                         _029_ (net)
                      0.088462    0.000025    0.987498 ^ _345_/A (sky130_fd_sc_hd__xor2_2)
     1    0.034403    0.101568    0.155203    1.142701 v _345_/X (sky130_fd_sc_hd__xor2_2)
                                                         S[4] (net)
                      0.101568    0.000135    1.142836 v S[4] (out)
                                              1.142836   data arrival time

                      0.000000    0.000000    0.000000   clock __VIRTUAL_CLK__ (rise edge)
                                  0.000000    0.000000   clock network delay (ideal)
                                  0.250000    0.250000   clock uncertainty
                                  0.000000    0.250000   clock reconvergence pessimism
                                 -0.800000   -0.550000   output external delay
                                             -0.550000   data required time
---------------------------------------------------------------------------------------------
                                             -0.550000   data required time
                                             -1.142836   data arrival time
---------------------------------------------------------------------------------------------
                                              1.692836   slack (MET)


Startpoint: A[28] (input port clocked by __VIRTUAL_CLK__)
Endpoint: S[29] (output port clocked by __VIRTUAL_CLK__)
Path Group: __VIRTUAL_CLK__
Path Type: min

Fanout         Cap        Slew       Delay        Time   Description
---------------------------------------------------------------------------------------------
                      0.000000    0.000000    0.000000   clock __VIRTUAL_CLK__ (rise edge)
                                  0.000000    0.000000   clock network delay (ideal)
                                  0.800000    0.800000 ^ input external delay
     3    0.020757    0.099046    0.064534    0.864534 ^ A[28] (in)
                                                         A[28] (net)
                      0.099046    0.000000    0.864534 ^ _320_/A1_N (sky130_fd_sc_hd__o2bb2ai_2)
     1    0.008633    0.080707    0.125916    0.990450 ^ _320_/Y (sky130_fd_sc_hd__o2bb2ai_2)
                                                         _177_ (net)
                      0.080707    0.000009    0.990459 ^ _321_/B (sky130_fd_sc_hd__xnor2_2)
     1    0.035122    0.159986    0.153043    1.143502 v _321_/Y (sky130_fd_sc_hd__xnor2_2)
                                                         S[29] (net)
                      0.159988    0.000372    1.143874 v S[29] (out)
                                              1.143874   data arrival time

                      0.000000    0.000000    0.000000   clock __VIRTUAL_CLK__ (rise edge)
                                  0.000000    0.000000   clock network delay (ideal)
                                  0.250000    0.250000   clock uncertainty
                                  0.000000    0.250000   clock reconvergence pessimism
                                 -0.800000   -0.550000   output external delay
                                             -0.550000   data required time
---------------------------------------------------------------------------------------------
                                             -0.550000   data required time
                                             -1.143874   data arrival time
---------------------------------------------------------------------------------------------
                                              1.693874   slack (MET)


Startpoint: A[19] (input port clocked by __VIRTUAL_CLK__)
Endpoint: S[19] (output port clocked by __VIRTUAL_CLK__)
Path Group: __VIRTUAL_CLK__
Path Type: min

Fanout         Cap        Slew       Delay        Time   Description
---------------------------------------------------------------------------------------------
                      0.000000    0.000000    0.000000   clock __VIRTUAL_CLK__ (rise edge)
                                  0.000000    0.000000   clock network delay (ideal)
                                  0.800000    0.800000 ^ input external delay
     2    0.010626    0.054193    0.034204    0.834204 ^ A[19] (in)
                                                         A[19] (net)
                      0.054193    0.000000    0.834204 ^ _236_/A (sky130_fd_sc_hd__nand3_2)
     2    0.007235    0.064184    0.065351    0.899555 v _236_/Y (sky130_fd_sc_hd__nand3_2)
                                                         _103_ (net)
                      0.064184    0.000016    0.899571 v _237_/B (sky130_fd_sc_hd__nand2b_2)
     2    0.011550    0.077837    0.092231    0.991802 ^ _237_/Y (sky130_fd_sc_hd__nand2b_2)
                                                         _104_ (net)
                      0.077837    0.000008    0.991810 ^ _241_/A (sky130_fd_sc_hd__xor2_2)
     1    0.035343    0.103707    0.154623    1.146434 v _241_/X (sky130_fd_sc_hd__xor2_2)
                                                         S[19] (net)
                      0.103707    0.000259    1.146693 v S[19] (out)
                                              1.146693   data arrival time

                      0.000000    0.000000    0.000000   clock __VIRTUAL_CLK__ (rise edge)
                                  0.000000    0.000000   clock network delay (ideal)
                                  0.250000    0.250000   clock uncertainty
                                  0.000000    0.250000   clock reconvergence pessimism
                                 -0.800000   -0.550000   output external delay
                                             -0.550000   data required time
---------------------------------------------------------------------------------------------
                                             -0.550000   data required time
                                             -1.146693   data arrival time
---------------------------------------------------------------------------------------------
                                              1.696693   slack (MET)


Startpoint: A[7] (input port clocked by __VIRTUAL_CLK__)
Endpoint: S[7] (output port clocked by __VIRTUAL_CLK__)
Path Group: __VIRTUAL_CLK__
Path Type: min

Fanout         Cap        Slew       Delay        Time   Description
---------------------------------------------------------------------------------------------
                      0.000000    0.000000    0.000000   clock __VIRTUAL_CLK__ (rise edge)
                                  0.000000    0.000000   clock network delay (ideal)
                                  0.800000    0.800000 ^ input external delay
     3    0.017966    0.086611    0.056261    0.856261 ^ A[7] (in)
                                                         A[7] (net)
                      0.086612    0.000000    0.856261 ^ _401_/A (sky130_fd_sc_hd__xnor2_2)
     2    0.011414    0.071847    0.134318    0.990579 ^ _401_/Y (sky130_fd_sc_hd__xnor2_2)
                                                         _030_ (net)
                      0.071847    0.000038    0.990617 ^ _351_/A (sky130_fd_sc_hd__xnor2_2)
     1    0.034731    0.157956    0.158840    1.149457 v _351_/Y (sky130_fd_sc_hd__xnor2_2)
                                                         S[7] (net)
                      0.157956    0.000178    1.149635 v S[7] (out)
                                              1.149635   data arrival time

                      0.000000    0.000000    0.000000   clock __VIRTUAL_CLK__ (rise edge)
                                  0.000000    0.000000   clock network delay (ideal)
                                  0.250000    0.250000   clock uncertainty
                                  0.000000    0.250000   clock reconvergence pessimism
                                 -0.800000   -0.550000   output external delay
                                             -0.550000   data required time
---------------------------------------------------------------------------------------------
                                             -0.550000   data required time
                                             -1.149635   data arrival time
---------------------------------------------------------------------------------------------
                                              1.699635   slack (MET)


Startpoint: A[16] (input port clocked by __VIRTUAL_CLK__)
Endpoint: S[16] (output port clocked by __VIRTUAL_CLK__)
Path Group: __VIRTUAL_CLK__
Path Type: min

Fanout         Cap        Slew       Delay        Time   Description
---------------------------------------------------------------------------------------------
                      0.000000    0.000000    0.000000   clock __VIRTUAL_CLK__ (rise edge)
                                  0.000000    0.000000   clock network delay (ideal)
                                  0.800000    0.800000 ^ input external delay
     3    0.010193    0.052271    0.032892    0.832892 ^ A[16] (in)
                                                         A[16] (net)
                      0.052271    0.000000    0.832892 ^ _216_/A (sky130_fd_sc_hd__nand2_2)
     2    0.009233    0.045831    0.055316    0.888208 v _216_/Y (sky130_fd_sc_hd__nand2_2)
                                                         _086_ (net)
                      0.045831    0.000012    0.888220 v _218_/A (sky130_fd_sc_hd__nand2_2)
     4    0.020408    0.115023    0.104485    0.992705 ^ _218_/Y (sky130_fd_sc_hd__nand2_2)
                                                         _088_ (net)
                      0.115023    0.000026    0.992731 ^ _219_/B (sky130_fd_sc_hd__xor2_2)
     1    0.034858    0.102680    0.159167    1.151898 v _219_/X (sky130_fd_sc_hd__xor2_2)
                                                         S[16] (net)
                      0.102680    0.000311    1.152210 v S[16] (out)
                                              1.152210   data arrival time

                      0.000000    0.000000    0.000000   clock __VIRTUAL_CLK__ (rise edge)
                                  0.000000    0.000000   clock network delay (ideal)
                                  0.250000    0.250000   clock uncertainty
                                  0.000000    0.250000   clock reconvergence pessimism
                                 -0.800000   -0.550000   output external delay
                                             -0.550000   data required time
---------------------------------------------------------------------------------------------
                                             -0.550000   data required time
                                             -1.152210   data arrival time
---------------------------------------------------------------------------------------------
                                              1.702209   slack (MET)


Startpoint: A[17] (input port clocked by __VIRTUAL_CLK__)
Endpoint: S[18] (output port clocked by __VIRTUAL_CLK__)
Path Group: __VIRTUAL_CLK__
Path Type: min

Fanout         Cap        Slew       Delay        Time   Description
---------------------------------------------------------------------------------------------
                      0.000000    0.000000    0.000000   clock __VIRTUAL_CLK__ (rise edge)
                                  0.000000    0.000000   clock network delay (ideal)
                                  0.800000    0.800000 ^ input external delay
     4    0.022657    0.107510    0.070163    0.870163 ^ A[17] (in)
                                                         A[17] (net)
                      0.107511    0.000000    0.870163 ^ _231_/A1 (sky130_fd_sc_hd__a211oi_2)
     1    0.008018    0.038956    0.085881    0.956043 v _231_/Y (sky130_fd_sc_hd__a211oi_2)
                                                         _099_ (net)
                      0.038956    0.000006    0.956049 v _232_/B (sky130_fd_sc_hd__xor2_2)
     1    0.034993    0.102981    0.196885    1.152935 v _232_/X (sky130_fd_sc_hd__xor2_2)
                                                         S[18] (net)
                      0.102981    0.000342    1.153277 v S[18] (out)
                                              1.153277   data arrival time

                      0.000000    0.000000    0.000000   clock __VIRTUAL_CLK__ (rise edge)
                                  0.000000    0.000000   clock network delay (ideal)
                                  0.250000    0.250000   clock uncertainty
                                  0.000000    0.250000   clock reconvergence pessimism
                                 -0.800000   -0.550000   output external delay
                                             -0.550000   data required time
---------------------------------------------------------------------------------------------
                                             -0.550000   data required time
                                             -1.153277   data arrival time
---------------------------------------------------------------------------------------------
                                              1.703277   slack (MET)


Startpoint: A[2] (input port clocked by __VIRTUAL_CLK__)
Endpoint: S[3] (output port clocked by __VIRTUAL_CLK__)
Path Group: __VIRTUAL_CLK__
Path Type: min

Fanout         Cap        Slew       Delay        Time   Description
---------------------------------------------------------------------------------------------
                      0.000000    0.000000    0.000000   clock __VIRTUAL_CLK__ (rise edge)
                                  0.000000    0.000000   clock network delay (ideal)
                                  0.800000    0.800000 ^ input external delay
     2    0.007506    0.040322    0.024625    0.824625 ^ A[2] (in)
                                                         A[2] (net)
                      0.040322    0.000000    0.824625 ^ _420_/B1 (sky130_fd_sc_hd__a21oi_2)
     3    0.009040    0.029611    0.037118    0.861743 v _420_/Y (sky130_fd_sc_hd__a21oi_2)
                                                         _049_ (net)
                      0.029611    0.000018    0.861761 v _342_/B1 (sky130_fd_sc_hd__a21oi_2)
     1    0.008643    0.136329    0.126082    0.987844 ^ _342_/Y (sky130_fd_sc_hd__a21oi_2)
                                                         _193_ (net)
                      0.136329    0.000008    0.987852 ^ _343_/B (sky130_fd_sc_hd__xnor2_2)
     1    0.034723    0.158558    0.165664    1.153516 v _343_/Y (sky130_fd_sc_hd__xnor2_2)
                                                         S[3] (net)
                      0.158558    0.000173    1.153688 v S[3] (out)
                                              1.153688   data arrival time

                      0.000000    0.000000    0.000000   clock __VIRTUAL_CLK__ (rise edge)
                                  0.000000    0.000000   clock network delay (ideal)
                                  0.250000    0.250000   clock uncertainty
                                  0.000000    0.250000   clock reconvergence pessimism
                                 -0.800000   -0.550000   output external delay
                                             -0.550000   data required time
---------------------------------------------------------------------------------------------
                                             -0.550000   data required time
                                             -1.153688   data arrival time
---------------------------------------------------------------------------------------------
                                              1.703688   slack (MET)


Startpoint: A[30] (input port clocked by __VIRTUAL_CLK__)
Endpoint: S[30] (output port clocked by __VIRTUAL_CLK__)
Path Group: __VIRTUAL_CLK__
Path Type: min

Fanout         Cap        Slew       Delay        Time   Description
---------------------------------------------------------------------------------------------
                      0.000000    0.000000    0.000000   clock __VIRTUAL_CLK__ (rise edge)
                                  0.000000    0.000000   clock network delay (ideal)
                                  0.800000    0.800000 v input external delay
     2    0.009593    0.023599    0.014739    0.814739 v A[30] (in)
                                                         A[30] (net)
                      0.023599    0.000000    0.814739 v _325_/A (sky130_fd_sc_hd__nand3_2)
     2    0.004509    0.039638    0.044486    0.859225 ^ _325_/Y (sky130_fd_sc_hd__nand3_2)
                                                         _181_ (net)
                      0.039638    0.000006    0.859231 ^ _326_/B (sky130_fd_sc_hd__and2b_2)
     1    0.009152    0.064163    0.146849    1.006080 ^ _326_/X (sky130_fd_sc_hd__and2b_2)
                                                         _182_ (net)
                      0.064163    0.000005    1.006085 ^ _330_/A (sky130_fd_sc_hd__xnor2_2)
     1    0.034975    0.159080    0.157605    1.163689 v _330_/Y (sky130_fd_sc_hd__xnor2_2)
                                                         S[30] (net)
                      0.159080    0.000209    1.163898 v S[30] (out)
                                              1.163898   data arrival time

                      0.000000    0.000000    0.000000   clock __VIRTUAL_CLK__ (rise edge)
                                  0.000000    0.000000   clock network delay (ideal)
                                  0.250000    0.250000   clock uncertainty
                                  0.000000    0.250000   clock reconvergence pessimism
                                 -0.800000   -0.550000   output external delay
                                             -0.550000   data required time
---------------------------------------------------------------------------------------------
                                             -0.550000   data required time
                                             -1.163898   data arrival time
---------------------------------------------------------------------------------------------
                                              1.713898   slack (MET)


Startpoint: A[1] (input port clocked by __VIRTUAL_CLK__)
Endpoint: S[1] (output port clocked by __VIRTUAL_CLK__)
Path Group: __VIRTUAL_CLK__
Path Type: min

Fanout         Cap        Slew       Delay        Time   Description
---------------------------------------------------------------------------------------------
                      0.000000    0.000000    0.000000   clock __VIRTUAL_CLK__ (rise edge)
                                  0.000000    0.000000   clock network delay (ideal)
                                  0.800000    0.800000 ^ input external delay
     4    0.022909    0.108616    0.070890    0.870890 ^ A[1] (in)
                                                         A[1] (net)
                      0.108617    0.000000    0.870890 ^ _423_/A (sky130_fd_sc_hd__xnor2_2)
     2    0.011158    0.073372    0.139086    1.009976 ^ _423_/Y (sky130_fd_sc_hd__xnor2_2)
                                                         _052_ (net)
                      0.073372    0.000018    1.009994 ^ _339_/A (sky130_fd_sc_hd__xnor2_2)
     1    0.034326    0.156784    0.158072    1.168067 v _339_/Y (sky130_fd_sc_hd__xnor2_2)
                                                         S[1] (net)
                      0.156784    0.000118    1.168185 v S[1] (out)
                                              1.168185   data arrival time

                      0.000000    0.000000    0.000000   clock __VIRTUAL_CLK__ (rise edge)
                                  0.000000    0.000000   clock network delay (ideal)
                                  0.250000    0.250000   clock uncertainty
                                  0.000000    0.250000   clock reconvergence pessimism
                                 -0.800000   -0.550000   output external delay
                                             -0.550000   data required time
---------------------------------------------------------------------------------------------
                                             -0.550000   data required time
                                             -1.168185   data arrival time
---------------------------------------------------------------------------------------------
                                              1.718185   slack (MET)


Startpoint: A[5] (input port clocked by __VIRTUAL_CLK__)
Endpoint: S[5] (output port clocked by __VIRTUAL_CLK__)
Path Group: __VIRTUAL_CLK__
Path Type: min

Fanout         Cap        Slew       Delay        Time   Description
---------------------------------------------------------------------------------------------
                      0.000000    0.000000    0.000000   clock __VIRTUAL_CLK__ (rise edge)
                                  0.000000    0.000000   clock network delay (ideal)
                                  0.800000    0.800000 ^ input external delay
     4    0.022494    0.106777    0.069665    0.869666 ^ A[5] (in)
                                                         A[5] (net)
                      0.106777    0.000000    0.869666 ^ _393_/A (sky130_fd_sc_hd__xnor2_2)
     3    0.013596    0.084763    0.146693    1.016358 ^ _393_/Y (sky130_fd_sc_hd__xnor2_2)
                                                         _022_ (net)
                      0.084763    0.000020    1.016378 ^ _347_/A (sky130_fd_sc_hd__xor2_2)
     1    0.034340    0.101414    0.153962    1.170340 v _347_/X (sky130_fd_sc_hd__xor2_2)
                                                         S[5] (net)
                      0.101414    0.000121    1.170461 v S[5] (out)
                                              1.170461   data arrival time

                      0.000000    0.000000    0.000000   clock __VIRTUAL_CLK__ (rise edge)
                                  0.000000    0.000000   clock network delay (ideal)
                                  0.250000    0.250000   clock uncertainty
                                  0.000000    0.250000   clock reconvergence pessimism
                                 -0.800000   -0.550000   output external delay
                                             -0.550000   data required time
---------------------------------------------------------------------------------------------
                                             -0.550000   data required time
                                             -1.170461   data arrival time
---------------------------------------------------------------------------------------------
                                              1.720461   slack (MET)


Startpoint: A[26] (input port clocked by __VIRTUAL_CLK__)
Endpoint: S[26] (output port clocked by __VIRTUAL_CLK__)
Path Group: __VIRTUAL_CLK__
Path Type: min

Fanout         Cap        Slew       Delay        Time   Description
---------------------------------------------------------------------------------------------
                      0.000000    0.000000    0.000000   clock __VIRTUAL_CLK__ (rise edge)
                                  0.000000    0.000000   clock network delay (ideal)
                                  0.800000    0.800000 ^ input external delay
     2    0.010892    0.055387    0.035041    0.835041 ^ A[26] (in)
                                                         A[26] (net)
                      0.055388    0.000000    0.835041 ^ _294_/A (sky130_fd_sc_hd__nand3_2)
     2    0.007402    0.065245    0.066343    0.901384 v _294_/Y (sky130_fd_sc_hd__nand3_2)
                                                         _154_ (net)
                      0.065245    0.000017    0.901401 v _295_/B (sky130_fd_sc_hd__nand2b_2)
     3    0.015390    0.097544    0.105468    1.006869 ^ _295_/Y (sky130_fd_sc_hd__nand2b_2)
                                                         _155_ (net)
                      0.097544    0.000021    1.006890 ^ _298_/A (sky130_fd_sc_hd__xnor2_2)
     1    0.035304    0.160565    0.166836    1.173726 v _298_/Y (sky130_fd_sc_hd__xnor2_2)
                                                         S[26] (net)
                      0.160567    0.000411    1.174137 v S[26] (out)
                                              1.174137   data arrival time

                      0.000000    0.000000    0.000000   clock __VIRTUAL_CLK__ (rise edge)
                                  0.000000    0.000000   clock network delay (ideal)
                                  0.250000    0.250000   clock uncertainty
                                  0.000000    0.250000   clock reconvergence pessimism
                                 -0.800000   -0.550000   output external delay
                                             -0.550000   data required time
---------------------------------------------------------------------------------------------
                                             -0.550000   data required time
                                             -1.174137   data arrival time
---------------------------------------------------------------------------------------------
                                              1.724137   slack (MET)


Startpoint: A[22] (input port clocked by __VIRTUAL_CLK__)
Endpoint: S[22] (output port clocked by __VIRTUAL_CLK__)
Path Group: __VIRTUAL_CLK__
Path Type: min

Fanout         Cap        Slew       Delay        Time   Description
---------------------------------------------------------------------------------------------
                      0.000000    0.000000    0.000000   clock __VIRTUAL_CLK__ (rise edge)
                                  0.000000    0.000000   clock network delay (ideal)
                                  0.800000    0.800000 ^ input external delay
     3    0.020203    0.096560    0.062859    0.862859 ^ A[22] (in)
                                                         A[22] (net)
                      0.096561    0.000000    0.862859 ^ _257_/A (sky130_fd_sc_hd__xnor2_2)
     2    0.014460    0.088751    0.146943    1.009802 ^ _257_/Y (sky130_fd_sc_hd__xnor2_2)
                                                         _121_ (net)
                      0.088751    0.000026    1.009828 ^ _262_/A (sky130_fd_sc_hd__xnor2_2)
     1    0.035603    0.161592    0.165582    1.175410 v _262_/Y (sky130_fd_sc_hd__xnor2_2)
                                                         S[22] (net)
                      0.161593    0.000295    1.175705 v S[22] (out)
                                              1.175705   data arrival time

                      0.000000    0.000000    0.000000   clock __VIRTUAL_CLK__ (rise edge)
                                  0.000000    0.000000   clock network delay (ideal)
                                  0.250000    0.250000   clock uncertainty
                                  0.000000    0.250000   clock reconvergence pessimism
                                 -0.800000   -0.550000   output external delay
                                             -0.550000   data required time
---------------------------------------------------------------------------------------------
                                             -0.550000   data required time
                                             -1.175705   data arrival time
---------------------------------------------------------------------------------------------
                                              1.725705   slack (MET)


Startpoint: A[20] (input port clocked by __VIRTUAL_CLK__)
Endpoint: S[20] (output port clocked by __VIRTUAL_CLK__)
Path Group: __VIRTUAL_CLK__
Path Type: min

Fanout         Cap        Slew       Delay        Time   Description
---------------------------------------------------------------------------------------------
                      0.000000    0.000000    0.000000   clock __VIRTUAL_CLK__ (rise edge)
                                  0.000000    0.000000   clock network delay (ideal)
                                  0.800000    0.800000 ^ input external delay
     4    0.016217    0.078799    0.051024    0.851024 ^ A[20] (in)
                                                         A[20] (net)
                      0.078799    0.000000    0.851024 ^ _245_/A (sky130_fd_sc_hd__xnor2_2)
     3    0.018979    0.109849    0.157324    1.008348 ^ _245_/Y (sky130_fd_sc_hd__xnor2_2)
                                                         _111_ (net)
                      0.109849    0.000008    1.008356 ^ _249_/A (sky130_fd_sc_hd__xnor2_2)
     1    0.035340    0.161116    0.170138    1.178494 v _249_/Y (sky130_fd_sc_hd__xnor2_2)
                                                         S[20] (net)
                      0.161116    0.000258    1.178752 v S[20] (out)
                                              1.178752   data arrival time

                      0.000000    0.000000    0.000000   clock __VIRTUAL_CLK__ (rise edge)
                                  0.000000    0.000000   clock network delay (ideal)
                                  0.250000    0.250000   clock uncertainty
                                  0.000000    0.250000   clock reconvergence pessimism
                                 -0.800000   -0.550000   output external delay
                                             -0.550000   data required time
---------------------------------------------------------------------------------------------
                                             -0.550000   data required time
                                             -1.178752   data arrival time
---------------------------------------------------------------------------------------------
                                              1.728752   slack (MET)


Startpoint: A[28] (input port clocked by __VIRTUAL_CLK__)
Endpoint: S[28] (output port clocked by __VIRTUAL_CLK__)
Path Group: __VIRTUAL_CLK__
Path Type: min

Fanout         Cap        Slew       Delay        Time   Description
---------------------------------------------------------------------------------------------
                      0.000000    0.000000    0.000000   clock __VIRTUAL_CLK__ (rise edge)
                                  0.000000    0.000000   clock network delay (ideal)
                                  0.800000    0.800000 ^ input external delay
     3    0.020757    0.099046    0.064533    0.864533 ^ A[28] (in)
                                                         A[28] (net)
                      0.099046    0.000000    0.864533 ^ _308_/A (sky130_fd_sc_hd__xnor2_2)
     3    0.017566    0.103303    0.157858    1.022390 ^ _308_/Y (sky130_fd_sc_hd__xnor2_2)
                                                         _166_ (net)
                      0.103303    0.000009    1.022400 ^ _313_/A (sky130_fd_sc_hd__xor2_2)
     1    0.035333    0.103792    0.161895    1.184295 v _313_/X (sky130_fd_sc_hd__xor2_2)
                                                         S[28] (net)
                      0.103792    0.000419    1.184714 v S[28] (out)
                                              1.184714   data arrival time

                      0.000000    0.000000    0.000000   clock __VIRTUAL_CLK__ (rise edge)
                                  0.000000    0.000000   clock network delay (ideal)
                                  0.250000    0.250000   clock uncertainty
                                  0.000000    0.250000   clock reconvergence pessimism
                                 -0.800000   -0.550000   output external delay
                                             -0.550000   data required time
---------------------------------------------------------------------------------------------
                                             -0.550000   data required time
                                             -1.184714   data arrival time
---------------------------------------------------------------------------------------------
                                              1.734714   slack (MET)


Startpoint: A[21] (input port clocked by __VIRTUAL_CLK__)
Endpoint: S[21] (output port clocked by __VIRTUAL_CLK__)
Path Group: __VIRTUAL_CLK__
Path Type: min

Fanout         Cap        Slew       Delay        Time   Description
---------------------------------------------------------------------------------------------
                      0.000000    0.000000    0.000000   clock __VIRTUAL_CLK__ (rise edge)
                                  0.000000    0.000000   clock network delay (ideal)
                                  0.800000    0.800000 ^ input external delay
     3    0.017899    0.086285    0.056005    0.856005 ^ A[21] (in)
                                                         A[21] (net)
                      0.086285    0.000000    0.856005 ^ _251_/A (sky130_fd_sc_hd__xnor2_2)
     3    0.019713    0.113342    0.161650    1.017655 ^ _251_/Y (sky130_fd_sc_hd__xnor2_2)
                                                         _116_ (net)
                      0.113342    0.000033    1.017688 ^ _253_/A (sky130_fd_sc_hd__xnor2_2)
     1    0.034849    0.158362    0.169614    1.187301 v _253_/Y (sky130_fd_sc_hd__xnor2_2)
                                                         S[21] (net)
                      0.158362    0.000191    1.187492 v S[21] (out)
                                              1.187492   data arrival time

                      0.000000    0.000000    0.000000   clock __VIRTUAL_CLK__ (rise edge)
                                  0.000000    0.000000   clock network delay (ideal)
                                  0.250000    0.250000   clock uncertainty
                                  0.000000    0.250000   clock reconvergence pessimism
                                 -0.800000   -0.550000   output external delay
                                             -0.550000   data required time
---------------------------------------------------------------------------------------------
                                             -0.550000   data required time
                                             -1.187492   data arrival time
---------------------------------------------------------------------------------------------
                                              1.737492   slack (MET)


Startpoint: A[23] (input port clocked by __VIRTUAL_CLK__)
Endpoint: S[23] (output port clocked by __VIRTUAL_CLK__)
Path Group: __VIRTUAL_CLK__
Path Type: min

Fanout         Cap        Slew       Delay        Time   Description
---------------------------------------------------------------------------------------------
                      0.000000    0.000000    0.000000   clock __VIRTUAL_CLK__ (rise edge)
                                  0.000000    0.000000   clock network delay (ideal)
                                  0.800000    0.800000 v input external delay
     2    0.008791    0.021858    0.013536    0.813536 v A[23] (in)
                                                         A[23] (net)
                      0.021859    0.000000    0.813536 v _266_/B1 (sky130_fd_sc_hd__a21oi_2)
     2    0.003085    0.073144    0.081835    0.895371 ^ _266_/Y (sky130_fd_sc_hd__a21oi_2)
                                                         _129_ (net)
                      0.073144    0.000001    0.895372 ^ _267_/B (sky130_fd_sc_hd__or2_2)
     2    0.010972    0.068334    0.128940    1.024312 ^ _267_/X (sky130_fd_sc_hd__or2_2)
                                                         _130_ (net)
                      0.068334    0.000016    1.024328 ^ _271_/A (sky130_fd_sc_hd__xnor2_2)
     1    0.036592    0.165600    0.163262    1.187590 v _271_/Y (sky130_fd_sc_hd__xnor2_2)
                                                         S[23] (net)
                      0.165601    0.000439    1.188028 v S[23] (out)
                                              1.188028   data arrival time

                      0.000000    0.000000    0.000000   clock __VIRTUAL_CLK__ (rise edge)
                                  0.000000    0.000000   clock network delay (ideal)
                                  0.250000    0.250000   clock uncertainty
                                  0.000000    0.250000   clock reconvergence pessimism
                                 -0.800000   -0.550000   output external delay
                                             -0.550000   data required time
---------------------------------------------------------------------------------------------
                                             -0.550000   data required time
                                             -1.188028   data arrival time
---------------------------------------------------------------------------------------------
                                              1.738028   slack (MET)


Startpoint: A[10] (input port clocked by __VIRTUAL_CLK__)
Endpoint: S[10] (output port clocked by __VIRTUAL_CLK__)
Path Group: __VIRTUAL_CLK__
Path Type: min

Fanout         Cap        Slew       Delay        Time   Description
---------------------------------------------------------------------------------------------
                      0.000000    0.000000    0.000000   clock __VIRTUAL_CLK__ (rise edge)
                                  0.000000    0.000000   clock network delay (ideal)
                                  0.800000    0.800000 ^ input external delay
     3    0.019775    0.094671    0.061637    0.861637 ^ A[10] (in)
                                                         A[10] (net)
                      0.094672    0.000000    0.861637 ^ _374_/A (sky130_fd_sc_hd__xnor2_2)
     4    0.020216    0.112371    0.165382    1.027020 ^ _374_/Y (sky130_fd_sc_hd__xnor2_2)
                                                         _003_ (net)
                      0.112371    0.000055    1.027075 ^ _358_/A (sky130_fd_sc_hd__xor2_2)
     1    0.035780    0.104781    0.165825    1.192900 v _358_/X (sky130_fd_sc_hd__xor2_2)
                                                         S[10] (net)
                      0.104781    0.000328    1.193228 v S[10] (out)
                                              1.193228   data arrival time

                      0.000000    0.000000    0.000000   clock __VIRTUAL_CLK__ (rise edge)
                                  0.000000    0.000000   clock network delay (ideal)
                                  0.250000    0.250000   clock uncertainty
                                  0.000000    0.250000   clock reconvergence pessimism
                                 -0.800000   -0.550000   output external delay
                                             -0.550000   data required time
---------------------------------------------------------------------------------------------
                                             -0.550000   data required time
                                             -1.193228   data arrival time
---------------------------------------------------------------------------------------------
                                              1.743228   slack (MET)


Startpoint: A[27] (input port clocked by __VIRTUAL_CLK__)
Endpoint: S[27] (output port clocked by __VIRTUAL_CLK__)
Path Group: __VIRTUAL_CLK__
Path Type: min

Fanout         Cap        Slew       Delay        Time   Description
---------------------------------------------------------------------------------------------
                      0.000000    0.000000    0.000000   clock __VIRTUAL_CLK__ (rise edge)
                                  0.000000    0.000000   clock network delay (ideal)
                                  0.800000    0.800000 v input external delay
     2    0.007287    0.018578    0.011208    0.811208 v A[27] (in)
                                                         A[27] (net)
                      0.018579    0.000000    0.811208 v _302_/B1 (sky130_fd_sc_hd__a21oi_2)
     2    0.004565    0.089922    0.092261    0.903469 ^ _302_/Y (sky130_fd_sc_hd__a21oi_2)
                                                         _161_ (net)
                      0.089922    0.000007    0.903476 ^ _303_/B (sky130_fd_sc_hd__or2_2)
     2    0.012560    0.075951    0.140463    1.043939 ^ _303_/X (sky130_fd_sc_hd__or2_2)
                                                         _162_ (net)
                      0.075951    0.000006    1.043946 ^ _306_/A (sky130_fd_sc_hd__xor2_2)
     1    0.035244    0.103575    0.153713    1.197658 v _306_/X (sky130_fd_sc_hd__xor2_2)
                                                         S[27] (net)
                      0.103575    0.000397    1.198056 v S[27] (out)
                                              1.198056   data arrival time

                      0.000000    0.000000    0.000000   clock __VIRTUAL_CLK__ (rise edge)
                                  0.000000    0.000000   clock network delay (ideal)
                                  0.250000    0.250000   clock uncertainty
                                  0.000000    0.250000   clock reconvergence pessimism
                                 -0.800000   -0.550000   output external delay
                                             -0.550000   data required time
---------------------------------------------------------------------------------------------
                                             -0.550000   data required time
                                             -1.198056   data arrival time
---------------------------------------------------------------------------------------------
                                              1.748056   slack (MET)


Startpoint: A[15] (input port clocked by __VIRTUAL_CLK__)
Endpoint: S[15] (output port clocked by __VIRTUAL_CLK__)
Path Group: __VIRTUAL_CLK__
Path Type: min

Fanout         Cap        Slew       Delay        Time   Description
---------------------------------------------------------------------------------------------
                      0.000000    0.000000    0.000000   clock __VIRTUAL_CLK__ (rise edge)
                                  0.000000    0.000000   clock network delay (ideal)
                                  0.800000    0.800000 v input external delay
     2    0.008545    0.021327    0.013172    0.813172 v A[15] (in)
                                                         A[15] (net)
                      0.021329    0.000000    0.813172 v _448_/B1 (sky130_fd_sc_hd__a21oi_2)
     2    0.004308    0.087014    0.090971    0.904143 ^ _448_/Y (sky130_fd_sc_hd__a21oi_2)
                                                         _077_ (net)
                      0.087014    0.000003    0.904146 ^ _208_/B (sky130_fd_sc_hd__or2_2)
     2    0.011308    0.068122    0.135010    1.039155 ^ _208_/X (sky130_fd_sc_hd__or2_2)
                                                         _078_ (net)
                      0.068122    0.000037    1.039193 ^ _368_/A (sky130_fd_sc_hd__xnor2_2)
     1    0.035714    0.162278    0.160582    1.199775 v _368_/Y (sky130_fd_sc_hd__xnor2_2)
                                                         S[15] (net)
                      0.162280    0.000506    1.200281 v S[15] (out)
                                              1.200281   data arrival time

                      0.000000    0.000000    0.000000   clock __VIRTUAL_CLK__ (rise edge)
                                  0.000000    0.000000   clock network delay (ideal)
                                  0.250000    0.250000   clock uncertainty
                                  0.000000    0.250000   clock reconvergence pessimism
                                 -0.800000   -0.550000   output external delay
                                             -0.550000   data required time
---------------------------------------------------------------------------------------------
                                             -0.550000   data required time
                                             -1.200281   data arrival time
---------------------------------------------------------------------------------------------
                                              1.750281   slack (MET)


Startpoint: A[14] (input port clocked by __VIRTUAL_CLK__)
Endpoint: S[14] (output port clocked by __VIRTUAL_CLK__)
Path Group: __VIRTUAL_CLK__
Path Type: min

Fanout         Cap        Slew       Delay        Time   Description
---------------------------------------------------------------------------------------------
                      0.000000    0.000000    0.000000   clock __VIRTUAL_CLK__ (rise edge)
                                  0.000000    0.000000   clock network delay (ideal)
                                  0.800000    0.800000 v input external delay
     2    0.007116    0.018204    0.010943    0.810943 v A[14] (in)
                                                         A[14] (net)
                      0.018205    0.000000    0.810943 v _443_/B1 (sky130_fd_sc_hd__a21oi_2)
     2    0.004668    0.091091    0.092953    0.903896 ^ _443_/Y (sky130_fd_sc_hd__a21oi_2)
                                                         _072_ (net)
                      0.091091    0.000010    0.903906 ^ _444_/B (sky130_fd_sc_hd__or2_2)
     3    0.016681    0.096230    0.154662    1.058568 ^ _444_/X (sky130_fd_sc_hd__or2_2)
                                                         _073_ (net)
                      0.096230    0.000002    1.058570 ^ _366_/A (sky130_fd_sc_hd__xnor2_2)
     1    0.035224    0.160015    0.166284    1.224854 v _366_/Y (sky130_fd_sc_hd__xnor2_2)
                                                         S[14] (net)
                      0.160016    0.000390    1.225244 v S[14] (out)
                                              1.225244   data arrival time

                      0.000000    0.000000    0.000000   clock __VIRTUAL_CLK__ (rise edge)
                                  0.000000    0.000000   clock network delay (ideal)
                                  0.250000    0.250000   clock uncertainty
                                  0.000000    0.250000   clock reconvergence pessimism
                                 -0.800000   -0.550000   output external delay
                                             -0.550000   data required time
---------------------------------------------------------------------------------------------
                                             -0.550000   data required time
                                             -1.225244   data arrival time
---------------------------------------------------------------------------------------------
                                              1.775244   slack (MET)


Startpoint: A[24] (input port clocked by __VIRTUAL_CLK__)
Endpoint: S[24] (output port clocked by __VIRTUAL_CLK__)
Path Group: __VIRTUAL_CLK__
Path Type: min

Fanout         Cap        Slew       Delay        Time   Description
---------------------------------------------------------------------------------------------
                      0.000000    0.000000    0.000000   clock __VIRTUAL_CLK__ (rise edge)
                                  0.000000    0.000000   clock network delay (ideal)
                                  0.800000    0.800000 ^ input external delay
     2    0.008079    0.042870    0.026410    0.826410 ^ A[24] (in)
                                                         A[24] (net)
                      0.042871    0.000000    0.826410 ^ _274_/A (sky130_fd_sc_hd__nand2_2)
     3    0.012138    0.055629    0.060210    0.886621 v _274_/Y (sky130_fd_sc_hd__nand2_2)
                                                         _136_ (net)
                      0.055629    0.000037    0.886657 v _275_/B (sky130_fd_sc_hd__nand2_2)
     3    0.008012    0.053093    0.075847    0.962505 ^ _275_/Y (sky130_fd_sc_hd__nand2_2)
                                                         _137_ (net)
                      0.053093    0.000036    0.962540 ^ _282_/B1 (sky130_fd_sc_hd__a21o_2)
     4    0.015603    0.083687    0.121130    1.083670 ^ _282_/X (sky130_fd_sc_hd__a21o_2)
                                                         _144_ (net)
                      0.083687    0.000038    1.083708 ^ _283_/B (sky130_fd_sc_hd__and2b_2)
     1    0.036030    0.183850    0.248227    1.331935 ^ _283_/X (sky130_fd_sc_hd__and2b_2)
                                                         S[24] (net)
                      0.183850    0.000582    1.332518 ^ S[24] (out)
                                              1.332518   data arrival time

                      0.000000    0.000000    0.000000   clock __VIRTUAL_CLK__ (rise edge)
                                  0.000000    0.000000   clock network delay (ideal)
                                  0.250000    0.250000   clock uncertainty
                                  0.000000    0.250000   clock reconvergence pessimism
                                 -0.800000   -0.550000   output external delay
                                             -0.550000   data required time
---------------------------------------------------------------------------------------------
                                             -0.550000   data required time
                                             -1.332518   data arrival time
---------------------------------------------------------------------------------------------
                                              1.882518   slack (MET)



