
===========================================================================
Violator List
============================================================================
[setup in-out] sub -> S[24] : -2.669487
[setup in-out] sub -> S[21] : -2.657565
[setup in-out] sub -> S[22] : -2.652987
[setup in-out] sub -> S[20] : -2.644407
[setup in-out] sub -> S[31] : -2.602667
[setup in-out] sub -> S[26] : -2.573033
[setup in-out] sub -> S[23] : -2.538405
[setup in-out] sub -> S[28] : -2.538205
[setup in-out] sub -> S[30] : -2.521569
[setup in-out] sub -> S[25] : -2.505034
[setup in-out] sub -> S[27] : -2.463857
[setup in-out] sub -> S[29] : -2.461512
[setup in-out] sub -> S[19] : -2.452449
[setup in-out] sub -> carryOut : -2.411219
[setup in-out] sub -> S[15] : -2.401802
[setup in-out] sub -> S[17] : -2.360867
[setup in-out] sub -> S[18] : -2.349182
[setup in-out] sub -> S[13] : -2.211812
[setup in-out] sub -> S[14] : -2.148301
[setup in-out] sub -> S[11] : -2.068273
[setup in-out] sub -> S[16] : -1.994711
[setup in-out] sub -> S[7] : -1.887497
[setup in-out] sub -> S[12] : -1.866153
[setup in-out] sub -> S[9] : -1.826496
[setup in-out] sub -> S[6] : -1.806836
[setup in-out] sub -> S[10] : -1.755690
[setup in-out] sub -> S[8] : -1.558134
[setup in-out] sub -> S[5] : -1.518183
[setup in-out] sub -> S[4] : -1.419191
[setup in-out] sub -> S[3] : -1.261238
[setup in-out] sub -> S[2] : -1.096668
[setup in-out] sub -> S[1] : -0.428567
