
===========================================================================
report_checks -path_delay min (Hold)
============================================================================
======================= min_ff_n40C_1v95 Corner ===================================

Startpoint: B[0] (input port clocked by __VIRTUAL_CLK__)
Endpoint: S[1] (output port clocked by __VIRTUAL_CLK__)
Path Group: __VIRTUAL_CLK__
Path Type: min

Fanout         Cap        Slew       Delay        Time   Description
---------------------------------------------------------------------------------------------
                      0.000000    0.000000    0.000000   clock __VIRTUAL_CLK__ (rise edge)
                                  0.000000    0.000000   clock network delay (ideal)
                                  0.800000    0.800000 v input external delay
     1    0.003477    0.005719    0.002718    0.802718 v B[0] (in)
                                                         B[0] (net)
                      0.005719    0.000000    0.802718 v input33/A (sky130_fd_sc_hd__buf_4)
     6    0.019890    0.032196    0.086232    0.888950 v input33/X (sky130_fd_sc_hd__buf_4)
                                                         net33 (net)
                      0.032197    0.000215    0.889165 v _565_/A (sky130_fd_sc_hd__inv_2)
     3    0.013950    0.051773    0.052231    0.941397 ^ _565_/Y (sky130_fd_sc_hd__inv_2)
                                                         _272_ (net)
                      0.051773    0.000072    0.941468 ^ _570_/A (sky130_fd_sc_hd__nor2_2)
     1    0.008274    0.019483    0.030859    0.972327 v _570_/Y (sky130_fd_sc_hd__nor2_2)
                                                         _276_ (net)
                      0.019483    0.000039    0.972366 v _571_/B (sky130_fd_sc_hd__xnor2_2)
     1    0.005174    0.028215    0.073184    1.045550 v _571_/Y (sky130_fd_sc_hd__xnor2_2)
                                                         net77 (net)
                      0.028215    0.000056    1.045606 v output77/A (sky130_fd_sc_hd__buf_6)
     1    0.035334    0.032647    0.085653    1.131259 v output77/X (sky130_fd_sc_hd__buf_6)
                                                         S[1] (net)
                      0.032648    0.000222    1.131482 v S[1] (out)
                                              1.131482   data arrival time

                      0.000000    0.000000    0.000000   clock __VIRTUAL_CLK__ (rise edge)
                                  0.000000    0.000000   clock network delay (ideal)
                                  0.250000    0.250000   clock uncertainty
                                  0.000000    0.250000   clock reconvergence pessimism
                                 -0.800000   -0.550000   output external delay
                                             -0.550000   data required time
---------------------------------------------------------------------------------------------
                                             -0.550000   data required time
                                             -1.131482   data arrival time
---------------------------------------------------------------------------------------------
                                              1.681481   slack (MET)


Startpoint: B[4] (input port clocked by __VIRTUAL_CLK__)
Endpoint: S[5] (output port clocked by __VIRTUAL_CLK__)
Path Group: __VIRTUAL_CLK__
Path Type: min

Fanout         Cap        Slew       Delay        Time   Description
---------------------------------------------------------------------------------------------
                      0.000000    0.000000    0.000000   clock __VIRTUAL_CLK__ (rise edge)
                                  0.000000    0.000000   clock network delay (ideal)
                                  0.800000    0.800000 v input external delay
     1    0.004203    0.006825    0.003333    0.803333 v B[4] (in)
                                                         B[4] (net)
                      0.006825    0.000000    0.803333 v input59/A (sky130_fd_sc_hd__clkbuf_2)
     3    0.016186    0.047449    0.079699    0.883032 v input59/X (sky130_fd_sc_hd__clkbuf_2)
                                                         net59 (net)
                      0.047449    0.000234    0.883266 v _590_/A (sky130_fd_sc_hd__nand2_2)
     1    0.006232    0.034114    0.046083    0.929349 ^ _590_/Y (sky130_fd_sc_hd__nand2_2)
                                                         _292_ (net)
                      0.034114    0.000077    0.929427 ^ _593_/A3 (sky130_fd_sc_hd__a31o_4)
     1    0.008607    0.028832    0.087406    1.016832 ^ _593_/X (sky130_fd_sc_hd__a31o_4)
                                                         _295_ (net)
                      0.028832    0.000059    1.016891 ^ _594_/B (sky130_fd_sc_hd__xor2_2)
     1    0.004950    0.025060    0.030970    1.047861 v _594_/X (sky130_fd_sc_hd__xor2_2)
                                                         net93 (net)
                      0.025060    0.000050    1.047911 v output93/A (sky130_fd_sc_hd__buf_6)
     1    0.035073    0.032525    0.084110    1.132021 v output93/X (sky130_fd_sc_hd__buf_6)
                                                         S[5] (net)
                      0.032534    0.000499    1.132520 v S[5] (out)
                                              1.132520   data arrival time

                      0.000000    0.000000    0.000000   clock __VIRTUAL_CLK__ (rise edge)
                                  0.000000    0.000000   clock network delay (ideal)
                                  0.250000    0.250000   clock uncertainty
                                  0.000000    0.250000   clock reconvergence pessimism
                                 -0.800000   -0.550000   output external delay
                                             -0.550000   data required time
---------------------------------------------------------------------------------------------
                                             -0.550000   data required time
                                             -1.132520   data arrival time
---------------------------------------------------------------------------------------------
                                              1.682520   slack (MET)


Startpoint: B[10] (input port clocked by __VIRTUAL_CLK__)
Endpoint: S[10] (output port clocked by __VIRTUAL_CLK__)
Path Group: __VIRTUAL_CLK__
Path Type: min

Fanout         Cap        Slew       Delay        Time   Description
---------------------------------------------------------------------------------------------
                      0.000000    0.000000    0.000000   clock __VIRTUAL_CLK__ (rise edge)
                                  0.000000    0.000000   clock network delay (ideal)
                                  0.800000    0.800000 ^ input external delay
     1    0.004069    0.018462    0.010021    0.810021 ^ B[10] (in)
                                                         B[10] (net)
                      0.018462    0.000000    0.810021 ^ input34/A (sky130_fd_sc_hd__buf_4)
     3    0.026441    0.060970    0.087147    0.897168 ^ input34/X (sky130_fd_sc_hd__buf_4)
                                                         net34 (net)
                      0.060970    0.000277    0.897445 ^ _733_/A (sky130_fd_sc_hd__xor2_4)
     5    0.026673    0.043371    0.067115    0.964561 v _733_/X (sky130_fd_sc_hd__xor2_4)
                                                         _068_ (net)
                      0.043373    0.000349    0.964910 v _625_/A (sky130_fd_sc_hd__xor2_2)
     1    0.004973    0.025097    0.107409    1.072319 v _625_/X (sky130_fd_sc_hd__xor2_2)
                                                         net67 (net)
                      0.025097    0.000050    1.072369 v output67/A (sky130_fd_sc_hd__buf_6)
     1    0.035101    0.032531    0.084292    1.156661 v output67/X (sky130_fd_sc_hd__buf_6)
                                                         S[10] (net)
                      0.032531    0.000204    1.156865 v S[10] (out)
                                              1.156865   data arrival time

                      0.000000    0.000000    0.000000   clock __VIRTUAL_CLK__ (rise edge)
                                  0.000000    0.000000   clock network delay (ideal)
                                  0.250000    0.250000   clock uncertainty
                                  0.000000    0.250000   clock reconvergence pessimism
                                 -0.800000   -0.550000   output external delay
                                             -0.550000   data required time
---------------------------------------------------------------------------------------------
                                             -0.550000   data required time
                                             -1.156865   data arrival time
---------------------------------------------------------------------------------------------
                                              1.706865   slack (MET)


Startpoint: A[5] (input port clocked by __VIRTUAL_CLK__)
Endpoint: S[6] (output port clocked by __VIRTUAL_CLK__)
Path Group: __VIRTUAL_CLK__
Path Type: min

Fanout         Cap        Slew       Delay        Time   Description
---------------------------------------------------------------------------------------------
                      0.000000    0.000000    0.000000   clock __VIRTUAL_CLK__ (rise edge)
                                  0.000000    0.000000   clock network delay (ideal)
                                  0.800000    0.800000 ^ input external delay
     1    0.004783    0.020983    0.011815    0.811815 ^ A[5] (in)
                                                         A[5] (net)
                      0.020984    0.000000    0.811815 ^ input28/A (sky130_fd_sc_hd__buf_4)
     7    0.041270    0.090284    0.107325    0.919141 ^ input28/X (sky130_fd_sc_hd__buf_4)
                                                         net28 (net)
                      0.090319    0.000505    0.919645 ^ _601_/A1 (sky130_fd_sc_hd__o211a_2)
     1    0.008845    0.049404    0.119762    1.039407 ^ _601_/X (sky130_fd_sc_hd__o211a_2)
                                                         _302_ (net)
                      0.049404    0.000083    1.039490 ^ _604_/B (sky130_fd_sc_hd__xnor2_2)
     1    0.005176    0.025418    0.035884    1.075374 v _604_/Y (sky130_fd_sc_hd__xnor2_2)
                                                         net94 (net)
                      0.025418    0.000055    1.075430 v output94/A (sky130_fd_sc_hd__buf_6)
     1    0.035008    0.032488    0.084224    1.159654 v output94/X (sky130_fd_sc_hd__buf_6)
                                                         S[6] (net)
                      0.032498    0.000498    1.160152 v S[6] (out)
                                              1.160152   data arrival time

                      0.000000    0.000000    0.000000   clock __VIRTUAL_CLK__ (rise edge)
                                  0.000000    0.000000   clock network delay (ideal)
                                  0.250000    0.250000   clock uncertainty
                                  0.000000    0.250000   clock reconvergence pessimism
                                 -0.800000   -0.550000   output external delay
                                             -0.550000   data required time
---------------------------------------------------------------------------------------------
                                             -0.550000   data required time
                                             -1.160152   data arrival time
---------------------------------------------------------------------------------------------
                                              1.710152   slack (MET)


Startpoint: A[14] (input port clocked by __VIRTUAL_CLK__)
Endpoint: S[15] (output port clocked by __VIRTUAL_CLK__)
Path Group: __VIRTUAL_CLK__
Path Type: min

Fanout         Cap        Slew       Delay        Time   Description
---------------------------------------------------------------------------------------------
                      0.000000    0.000000    0.000000   clock __VIRTUAL_CLK__ (rise edge)
                                  0.000000    0.000000   clock network delay (ideal)
                                  0.800000    0.800000 ^ input external delay
     1    0.005039    0.021833    0.012412    0.812412 ^ A[14] (in)
                                                         A[14] (net)
                      0.021834    0.000000    0.812412 ^ input6/A (sky130_fd_sc_hd__clkbuf_2)
     3    0.013776    0.062407    0.083142    0.895555 ^ input6/X (sky130_fd_sc_hd__clkbuf_2)
                                                         net6 (net)
                      0.062407    0.000120    0.895674 ^ _652_/A1 (sky130_fd_sc_hd__o21a_2)
     1    0.003903    0.023563    0.079181    0.974855 ^ _652_/X (sky130_fd_sc_hd__o21a_2)
                                                         _344_ (net)
                      0.023563    0.000050    0.974905 ^ _654_/B1 (sky130_fd_sc_hd__a32o_2)
     1    0.008771    0.048621    0.074223    1.049127 ^ _654_/X (sky130_fd_sc_hd__a32o_2)
                                                         _346_ (net)
                      0.048621    0.000077    1.049204 ^ _655_/B (sky130_fd_sc_hd__xnor2_2)
     1    0.004957    0.024854    0.035294    1.084498 v _655_/Y (sky130_fd_sc_hd__xnor2_2)
                                                         net72 (net)
                      0.024854    0.000048    1.084546 v output72/A (sky130_fd_sc_hd__buf_6)
     1    0.035407    0.032710    0.084157    1.168703 v output72/X (sky130_fd_sc_hd__buf_6)
                                                         S[15] (net)
                      0.032723    0.000563    1.169266 v S[15] (out)
                                              1.169266   data arrival time

                      0.000000    0.000000    0.000000   clock __VIRTUAL_CLK__ (rise edge)
                                  0.000000    0.000000   clock network delay (ideal)
                                  0.250000    0.250000   clock uncertainty
                                  0.000000    0.250000   clock reconvergence pessimism
                                 -0.800000   -0.550000   output external delay
                                             -0.550000   data required time
---------------------------------------------------------------------------------------------
                                             -0.550000   data required time
                                             -1.169266   data arrival time
---------------------------------------------------------------------------------------------
                                              1.719266   slack (MET)


Startpoint: A[25] (input port clocked by __VIRTUAL_CLK__)
Endpoint: S[25] (output port clocked by __VIRTUAL_CLK__)
Path Group: __VIRTUAL_CLK__
Path Type: min

Fanout         Cap        Slew       Delay        Time   Description
---------------------------------------------------------------------------------------------
                      0.000000    0.000000    0.000000   clock __VIRTUAL_CLK__ (rise edge)
                                  0.000000    0.000000   clock network delay (ideal)
                                  0.800000    0.800000 ^ input external delay
     1    0.002999    0.014625    0.007360    0.807360 ^ A[25] (in)
                                                         A[25] (net)
                      0.014625    0.000000    0.807360 ^ input18/A (sky130_fd_sc_hd__dlymetal6s2s_1)
     5    0.024223    0.194398    0.158039    0.965399 ^ input18/X (sky130_fd_sc_hd__dlymetal6s2s_1)
                                                         net18 (net)
                      0.194398    0.000167    0.965566 ^ _480_/B (sky130_fd_sc_hd__xnor2_2)
     3    0.018577    0.080417    0.108321    1.073887 ^ _480_/Y (sky130_fd_sc_hd__xnor2_2)
                                                         _194_ (net)
                      0.080417    0.000177    1.074063 ^ _486_/A (sky130_fd_sc_hd__xnor2_2)
     1    0.004887    0.023180    0.043443    1.117506 v _486_/Y (sky130_fd_sc_hd__xnor2_2)
                                                         net83 (net)
                      0.023180    0.000048    1.117554 v output83/A (sky130_fd_sc_hd__buf_6)
     1    0.034999    0.032480    0.083366    1.200920 v output83/X (sky130_fd_sc_hd__buf_6)
                                                         S[25] (net)
                      0.032485    0.000411    1.201331 v S[25] (out)
                                              1.201331   data arrival time

                      0.000000    0.000000    0.000000   clock __VIRTUAL_CLK__ (rise edge)
                                  0.000000    0.000000   clock network delay (ideal)
                                  0.250000    0.250000   clock uncertainty
                                  0.000000    0.250000   clock reconvergence pessimism
                                 -0.800000   -0.550000   output external delay
                                             -0.550000   data required time
---------------------------------------------------------------------------------------------
                                             -0.550000   data required time
                                             -1.201331   data arrival time
---------------------------------------------------------------------------------------------
                                              1.751331   slack (MET)


Startpoint: sub (input port clocked by __VIRTUAL_CLK__)
Endpoint: S[2] (output port clocked by __VIRTUAL_CLK__)
Path Group: __VIRTUAL_CLK__
Path Type: min

Fanout         Cap        Slew       Delay        Time   Description
---------------------------------------------------------------------------------------------
                      0.000000    0.000000    0.000000   clock __VIRTUAL_CLK__ (rise edge)
                                  0.000000    0.000000   clock network delay (ideal)
                                  0.800000    0.800000 ^ input external delay
     1    0.008365    0.032987    0.020049    0.820049 ^ sub (in)
                                                         sub (net)
                      0.032987    0.000000    0.820049 ^ input65/A (sky130_fd_sc_hd__buf_8)
     3    0.024828    0.038646    0.067386    0.887435 ^ input65/X (sky130_fd_sc_hd__buf_8)
                                                         net65 (net)
                      0.038731    0.001126    0.888561 ^ fanout110/A (sky130_fd_sc_hd__buf_2)
     5    0.027116    0.102768    0.115804    1.004366 ^ fanout110/X (sky130_fd_sc_hd__buf_2)
                                                         net110 (net)
                      0.102782    0.000968    1.005334 ^ _577_/A (sky130_fd_sc_hd__xnor2_2)
     1    0.009270    0.046659    0.086841    1.092175 ^ _577_/Y (sky130_fd_sc_hd__xnor2_2)
                                                         _282_ (net)
                      0.046659    0.000081    1.092257 ^ _578_/A (sky130_fd_sc_hd__xnor2_2)
     1    0.005399    0.026941    0.040855    1.133111 v _578_/Y (sky130_fd_sc_hd__xnor2_2)
                                                         net88 (net)
                      0.026941    0.000066    1.133177 v output88/A (sky130_fd_sc_hd__buf_6)
     1    0.035431    0.032692    0.085100    1.218277 v output88/X (sky130_fd_sc_hd__buf_6)
                                                         S[2] (net)
                      0.032697    0.000396    1.218673 v S[2] (out)
                                              1.218673   data arrival time

                      0.000000    0.000000    0.000000   clock __VIRTUAL_CLK__ (rise edge)
                                  0.000000    0.000000   clock network delay (ideal)
                                  0.250000    0.250000   clock uncertainty
                                  0.000000    0.250000   clock reconvergence pessimism
                                 -0.800000   -0.550000   output external delay
                                             -0.550000   data required time
---------------------------------------------------------------------------------------------
                                             -0.550000   data required time
                                             -1.218673   data arrival time
---------------------------------------------------------------------------------------------
                                              1.768673   slack (MET)


Startpoint: A[20] (input port clocked by __VIRTUAL_CLK__)
Endpoint: S[21] (output port clocked by __VIRTUAL_CLK__)
Path Group: __VIRTUAL_CLK__
Path Type: min

Fanout         Cap        Slew       Delay        Time   Description
---------------------------------------------------------------------------------------------
                      0.000000    0.000000    0.000000   clock __VIRTUAL_CLK__ (rise edge)
                                  0.000000    0.000000   clock network delay (ideal)
                                  0.800000    0.800000 v input external delay
     1    0.002776    0.004695    0.002127    0.802127 v A[20] (in)
                                                         A[20] (net)
                      0.004695    0.000000    0.802127 v input13/A (sky130_fd_sc_hd__dlymetal6s2s_1)
     6    0.023642    0.087694    0.123892    0.926019 v input13/X (sky130_fd_sc_hd__dlymetal6s2s_1)
                                                         net13 (net)
                      0.087699    0.000698    0.926717 v _437_/B (sky130_fd_sc_hd__nand3_2)
     1    0.010306    0.048966    0.082165    1.008882 ^ _437_/Y (sky130_fd_sc_hd__nand3_2)
                                                         _155_ (net)
                      0.048966    0.000128    1.009010 ^ _438_/C (sky130_fd_sc_hd__nand3_4)
     1    0.008199    0.033827    0.042829    1.051839 v _438_/Y (sky130_fd_sc_hd__nand3_4)
                                                         _156_ (net)
                      0.033827    0.000036    1.051875 v _439_/B (sky130_fd_sc_hd__xnor2_2)
     1    0.007435    0.029805    0.083137    1.135012 v _439_/Y (sky130_fd_sc_hd__xnor2_2)
                                                         net79 (net)
                      0.029806    0.000175    1.135187 v output79/A (sky130_fd_sc_hd__buf_6)
     1    0.034904    0.032420    0.085934    1.221121 v output79/X (sky130_fd_sc_hd__buf_6)
                                                         S[21] (net)
                      0.032430    0.000505    1.221626 v S[21] (out)
                                              1.221626   data arrival time

                      0.000000    0.000000    0.000000   clock __VIRTUAL_CLK__ (rise edge)
                                  0.000000    0.000000   clock network delay (ideal)
                                  0.250000    0.250000   clock uncertainty
                                  0.000000    0.250000   clock reconvergence pessimism
                                 -0.800000   -0.550000   output external delay
                                             -0.550000   data required time
---------------------------------------------------------------------------------------------
                                             -0.550000   data required time
                                             -1.221626   data arrival time
---------------------------------------------------------------------------------------------
                                              1.771626   slack (MET)


Startpoint: A[0] (input port clocked by __VIRTUAL_CLK__)
Endpoint: S[0] (output port clocked by __VIRTUAL_CLK__)
Path Group: __VIRTUAL_CLK__
Path Type: min

Fanout         Cap        Slew       Delay        Time   Description
---------------------------------------------------------------------------------------------
                      0.000000    0.000000    0.000000   clock __VIRTUAL_CLK__ (rise edge)
                                  0.000000    0.000000   clock network delay (ideal)
                                  0.800000    0.800000 v input external delay
     1    0.003388    0.005593    0.002634    0.802633 v A[0] (in)
                                                         A[0] (net)
                      0.005593    0.000000    0.802633 v input1/A (sky130_fd_sc_hd__buf_2)
     6    0.029464    0.055395    0.097372    0.900005 v input1/X (sky130_fd_sc_hd__buf_2)
                                                         net1 (net)
                      0.055395    0.000122    0.900127 v _566_/A (sky130_fd_sc_hd__nand2_2)
     1    0.005012    0.031292    0.046069    0.946196 ^ _566_/Y (sky130_fd_sc_hd__nand2_2)
                                                         _273_ (net)
                      0.031292    0.000026    0.946222 ^ _567_/B (sky130_fd_sc_hd__nand2_2)
     1    0.002982    0.015925    0.024520    0.970742 v _567_/Y (sky130_fd_sc_hd__nand2_2)
                                                         net66 (net)
                      0.015925    0.000031    0.970773 v output66/A (sky130_fd_sc_hd__clkdlybuf4s25_1)
     1    0.034767    0.177816    0.259075    1.229848 v output66/X (sky130_fd_sc_hd__clkdlybuf4s25_1)
                                                         S[0] (net)
                      0.177816    0.000254    1.230102 v S[0] (out)
                                              1.230102   data arrival time

                      0.000000    0.000000    0.000000   clock __VIRTUAL_CLK__ (rise edge)
                                  0.000000    0.000000   clock network delay (ideal)
                                  0.250000    0.250000   clock uncertainty
                                  0.000000    0.250000   clock reconvergence pessimism
                                 -0.800000   -0.550000   output external delay
                                             -0.550000   data required time
---------------------------------------------------------------------------------------------
                                             -0.550000   data required time
                                             -1.230102   data arrival time
---------------------------------------------------------------------------------------------
                                              1.780102   slack (MET)


Startpoint: sub (input port clocked by __VIRTUAL_CLK__)
Endpoint: S[16] (output port clocked by __VIRTUAL_CLK__)
Path Group: __VIRTUAL_CLK__
Path Type: min

Fanout         Cap        Slew       Delay        Time   Description
---------------------------------------------------------------------------------------------
                      0.000000    0.000000    0.000000   clock __VIRTUAL_CLK__ (rise edge)
                                  0.000000    0.000000   clock network delay (ideal)
                                  0.800000    0.800000 ^ input external delay
     1    0.008365    0.032987    0.020049    0.820049 ^ sub (in)
                                                         sub (net)
                      0.032987    0.000000    0.820049 ^ input65/A (sky130_fd_sc_hd__buf_8)
     3    0.024828    0.038646    0.067386    0.887435 ^ input65/X (sky130_fd_sc_hd__buf_8)
                                                         net65 (net)
                      0.038697    0.000739    0.888174 ^ fanout107/A (sky130_fd_sc_hd__buf_6)
     3    0.017364    0.034131    0.066206    0.954379 ^ fanout107/X (sky130_fd_sc_hd__buf_6)
                                                         net107 (net)
                      0.034135    0.000362    0.954742 ^ fanout103/A (sky130_fd_sc_hd__buf_4)
     2    0.014888    0.038923    0.075406    1.030148 ^ fanout103/X (sky130_fd_sc_hd__buf_4)
                                                         net103 (net)
                      0.038923    0.000167    1.030316 ^ _373_/A (sky130_fd_sc_hd__xnor2_2)
     1    0.008657    0.043903    0.076934    1.107249 ^ _373_/Y (sky130_fd_sc_hd__xnor2_2)
                                                         _096_ (net)
                      0.043903    0.000041    1.107290 ^ _374_/B (sky130_fd_sc_hd__xnor2_2)
     1    0.006951    0.029290    0.038825    1.146115 v _374_/Y (sky130_fd_sc_hd__xnor2_2)
                                                         net73 (net)
                      0.029290    0.000140    1.146255 v output73/A (sky130_fd_sc_hd__buf_6)
     1    0.035561    0.032784    0.085988    1.232243 v output73/X (sky130_fd_sc_hd__buf_6)
                                                         S[16] (net)
                      0.032799    0.000621    1.232863 v S[16] (out)
                                              1.232863   data arrival time

                      0.000000    0.000000    0.000000   clock __VIRTUAL_CLK__ (rise edge)
                                  0.000000    0.000000   clock network delay (ideal)
                                  0.250000    0.250000   clock uncertainty
                                  0.000000    0.250000   clock reconvergence pessimism
                                 -0.800000   -0.550000   output external delay
                                             -0.550000   data required time
---------------------------------------------------------------------------------------------
                                             -0.550000   data required time
                                             -1.232863   data arrival time
---------------------------------------------------------------------------------------------
                                              1.782863   slack (MET)


Startpoint: A[31] (input port clocked by __VIRTUAL_CLK__)
Endpoint: carryOut (output port clocked by __VIRTUAL_CLK__)
Path Group: __VIRTUAL_CLK__
Path Type: min

Fanout         Cap        Slew       Delay        Time   Description
---------------------------------------------------------------------------------------------
                      0.000000    0.000000    0.000000   clock __VIRTUAL_CLK__ (rise edge)
                                  0.000000    0.000000   clock network delay (ideal)
                                  0.800000    0.800000 ^ input external delay
     1    0.004422    0.019708    0.010917    0.810917 ^ A[31] (in)
                                                         A[31] (net)
                      0.019708    0.000000    0.810917 ^ input25/A (sky130_fd_sc_hd__clkdlybuf4s25_1)
     5    0.020126    0.156075    0.231200    1.042116 ^ input25/X (sky130_fd_sc_hd__clkdlybuf4s25_1)
                                                         net25 (net)
                      0.156075    0.000215    1.042332 ^ _663_/A1 (sky130_fd_sc_hd__o221a_4)
     1    0.007596    0.032393    0.114838    1.157170 ^ _663_/X (sky130_fd_sc_hd__o221a_4)
                                                         net98 (net)
                      0.032393    0.000063    1.157233 ^ output98/A (sky130_fd_sc_hd__buf_8)
     1    0.035375    0.050529    0.075954    1.233187 ^ output98/X (sky130_fd_sc_hd__buf_8)
                                                         carryOut (net)
                      0.050537    0.000588    1.233775 ^ carryOut (out)
                                              1.233775   data arrival time

                      0.000000    0.000000    0.000000   clock __VIRTUAL_CLK__ (rise edge)
                                  0.000000    0.000000   clock network delay (ideal)
                                  0.250000    0.250000   clock uncertainty
                                  0.000000    0.250000   clock reconvergence pessimism
                                 -0.800000   -0.550000   output external delay
                                             -0.550000   data required time
---------------------------------------------------------------------------------------------
                                             -0.550000   data required time
                                             -1.233775   data arrival time
---------------------------------------------------------------------------------------------
                                              1.783775   slack (MET)


Startpoint: B[3] (input port clocked by __VIRTUAL_CLK__)
Endpoint: S[3] (output port clocked by __VIRTUAL_CLK__)
Path Group: __VIRTUAL_CLK__
Path Type: min

Fanout         Cap        Slew       Delay        Time   Description
---------------------------------------------------------------------------------------------
                      0.000000    0.000000    0.000000   clock __VIRTUAL_CLK__ (rise edge)
                                  0.000000    0.000000   clock network delay (ideal)
                                  0.800000    0.800000 ^ input external delay
     1    0.004150    0.018746    0.010219    0.810219 ^ B[3] (in)
                                                         B[3] (net)
                      0.018746    0.000000    0.810219 ^ input58/A (sky130_fd_sc_hd__dlymetal6s2s_1)
     5    0.025396    0.202650    0.164725    0.974944 ^ input58/X (sky130_fd_sc_hd__dlymetal6s2s_1)
                                                         net58 (net)
                      0.202650    0.000171    0.975114 ^ _691_/B (sky130_fd_sc_hd__xnor2_2)
     3    0.020709    0.087506    0.113672    1.088786 ^ _691_/Y (sky130_fd_sc_hd__xnor2_2)
                                                         _026_ (net)
                      0.087506    0.000144    1.088930 ^ _584_/A (sky130_fd_sc_hd__xnor2_2)
     1    0.002798    0.018231    0.038845    1.127775 v _584_/Y (sky130_fd_sc_hd__xnor2_2)
                                                         net91 (net)
                      0.018231    0.000029    1.127804 v output91/A (sky130_fd_sc_hd__clkbuf_4)
     1    0.035654    0.058151    0.113527    1.241331 v output91/X (sky130_fd_sc_hd__clkbuf_4)
                                                         S[3] (net)
                      0.058153    0.000379    1.241710 v S[3] (out)
                                              1.241710   data arrival time

                      0.000000    0.000000    0.000000   clock __VIRTUAL_CLK__ (rise edge)
                                  0.000000    0.000000   clock network delay (ideal)
                                  0.250000    0.250000   clock uncertainty
                                  0.000000    0.250000   clock reconvergence pessimism
                                 -0.800000   -0.550000   output external delay
                                             -0.550000   data required time
---------------------------------------------------------------------------------------------
                                             -0.550000   data required time
                                             -1.241710   data arrival time
---------------------------------------------------------------------------------------------
                                              1.791710   slack (MET)


Startpoint: B[14] (input port clocked by __VIRTUAL_CLK__)
Endpoint: S[14] (output port clocked by __VIRTUAL_CLK__)
Path Group: __VIRTUAL_CLK__
Path Type: min

Fanout         Cap        Slew       Delay        Time   Description
---------------------------------------------------------------------------------------------
                      0.000000    0.000000    0.000000   clock __VIRTUAL_CLK__ (rise edge)
                                  0.000000    0.000000   clock network delay (ideal)
                                  0.800000    0.800000 ^ input external delay
     1    0.005332    0.022811    0.013091    0.813091 ^ B[14] (in)
                                                         B[14] (net)
                      0.022811    0.000000    0.813091 ^ input38/A (sky130_fd_sc_hd__clkbuf_2)
     5    0.033999    0.144222    0.135509    0.948600 ^ input38/X (sky130_fd_sc_hd__clkbuf_2)
                                                         net38 (net)
                      0.144229    0.000782    0.949382 ^ _726_/A (sky130_fd_sc_hd__xnor2_4)
     3    0.016986    0.049795    0.095277    1.044659 ^ _726_/Y (sky130_fd_sc_hd__xnor2_4)
                                                         _061_ (net)
                      0.049795    0.000063    1.044722 ^ _648_/B (sky130_fd_sc_hd__xnor2_2)
     1    0.010444    0.050238    0.080034    1.124756 ^ _648_/Y (sky130_fd_sc_hd__xnor2_2)
                                                         _341_ (net)
                      0.050238    0.000190    1.124946 ^ _649_/B (sky130_fd_sc_hd__xnor2_2)
     1    0.006236    0.027968    0.038307    1.163253 v _649_/Y (sky130_fd_sc_hd__xnor2_2)
                                                         net71 (net)
                      0.027968    0.000087    1.163341 v output71/A (sky130_fd_sc_hd__buf_6)
     1    0.035750    0.032889    0.085547    1.248888 v output71/X (sky130_fd_sc_hd__buf_6)
                                                         S[14] (net)
                      0.032904    0.000630    1.249517 v S[14] (out)
                                              1.249517   data arrival time

                      0.000000    0.000000    0.000000   clock __VIRTUAL_CLK__ (rise edge)
                                  0.000000    0.000000   clock network delay (ideal)
                                  0.250000    0.250000   clock uncertainty
                                  0.000000    0.250000   clock reconvergence pessimism
                                 -0.800000   -0.550000   output external delay
                                             -0.550000   data required time
---------------------------------------------------------------------------------------------
                                             -0.550000   data required time
                                             -1.249517   data arrival time
---------------------------------------------------------------------------------------------
                                              1.799517   slack (MET)


Startpoint: B[10] (input port clocked by __VIRTUAL_CLK__)
Endpoint: S[11] (output port clocked by __VIRTUAL_CLK__)
Path Group: __VIRTUAL_CLK__
Path Type: min

Fanout         Cap        Slew       Delay        Time   Description
---------------------------------------------------------------------------------------------
                      0.000000    0.000000    0.000000   clock __VIRTUAL_CLK__ (rise edge)
                                  0.000000    0.000000   clock network delay (ideal)
                                  0.800000    0.800000 ^ input external delay
     1    0.004069    0.018462    0.010021    0.810021 ^ B[10] (in)
                                                         B[10] (net)
                      0.018462    0.000000    0.810021 ^ input34/A (sky130_fd_sc_hd__buf_4)
     3    0.026441    0.060970    0.087147    0.897168 ^ input34/X (sky130_fd_sc_hd__buf_4)
                                                         net34 (net)
                      0.060971    0.000361    0.897529 ^ _361_/A1 (sky130_fd_sc_hd__a21oi_2)
     1    0.002567    0.011842    0.026341    0.923870 v _361_/Y (sky130_fd_sc_hd__a21oi_2)
                                                         _084_ (net)
                      0.011842    0.000021    0.923891 v _362_/B1 (sky130_fd_sc_hd__a31o_2)
     3    0.010812    0.031506    0.082499    1.006390 v _362_/X (sky130_fd_sc_hd__a31o_2)
                                                         _085_ (net)
                      0.031506    0.000179    1.006569 v _627_/B1_N (sky130_fd_sc_hd__a21bo_2)
     1    0.009265    0.044787    0.125148    1.131717 ^ _627_/X (sky130_fd_sc_hd__a21bo_2)
                                                         _323_ (net)
                      0.044787    0.000077    1.131795 ^ _629_/A (sky130_fd_sc_hd__xnor2_2)
     1    0.004947    0.027685    0.039578    1.171372 v _629_/Y (sky130_fd_sc_hd__xnor2_2)
                                                         net68 (net)
                      0.027685    0.000049    1.171422 v output68/A (sky130_fd_sc_hd__buf_6)
     1    0.035010    0.032482    0.085271    1.256693 v output68/X (sky130_fd_sc_hd__buf_6)
                                                         S[11] (net)
                      0.032484    0.000235    1.256927 v S[11] (out)
                                              1.256927   data arrival time

                      0.000000    0.000000    0.000000   clock __VIRTUAL_CLK__ (rise edge)
                                  0.000000    0.000000   clock network delay (ideal)
                                  0.250000    0.250000   clock uncertainty
                                  0.000000    0.250000   clock reconvergence pessimism
                                 -0.800000   -0.550000   output external delay
                                             -0.550000   data required time
---------------------------------------------------------------------------------------------
                                             -0.550000   data required time
                                             -1.256927   data arrival time
---------------------------------------------------------------------------------------------
                                              1.806927   slack (MET)


Startpoint: B[12] (input port clocked by __VIRTUAL_CLK__)
Endpoint: S[12] (output port clocked by __VIRTUAL_CLK__)
Path Group: __VIRTUAL_CLK__
Path Type: min

Fanout         Cap        Slew       Delay        Time   Description
---------------------------------------------------------------------------------------------
                      0.000000    0.000000    0.000000   clock __VIRTUAL_CLK__ (rise edge)
                                  0.000000    0.000000   clock network delay (ideal)
                                  0.800000    0.800000 ^ input external delay
     1    0.007286    0.029359    0.017590    0.817590 ^ B[12] (in)
                                                         B[12] (net)
                      0.029360    0.000000    0.817590 ^ input36/A (sky130_fd_sc_hd__buf_6)
     9    0.044447    0.071869    0.089812    0.907402 ^ input36/X (sky130_fd_sc_hd__buf_6)
                                                         net36 (net)
                      0.071926    0.001560    0.908962 ^ _729_/B (sky130_fd_sc_hd__xnor2_4)
     2    0.006088    0.026027    0.037483    0.946444 v _729_/Y (sky130_fd_sc_hd__xnor2_4)
                                                         _064_ (net)
                      0.026028    0.000056    0.946500 v rebuffer135/A (sky130_fd_sc_hd__buf_2)
     2    0.020273    0.042186    0.093209    1.039710 v rebuffer135/X (sky130_fd_sc_hd__buf_2)
                                                         net135 (net)
                      0.042186    0.000173    1.039883 v _632_/B (sky130_fd_sc_hd__xnor2_4)
     1    0.008691    0.033958    0.098112    1.137995 ^ _632_/Y (sky130_fd_sc_hd__xnor2_4)
                                                         _327_ (net)
                      0.033958    0.000073    1.138067 ^ _633_/B (sky130_fd_sc_hd__xnor2_2)
     1    0.006819    0.028314    0.036953    1.175020 v _633_/Y (sky130_fd_sc_hd__xnor2_2)
                                                         net69 (net)
                      0.028314    0.000136    1.175156 v output69/A (sky130_fd_sc_hd__buf_6)
     1    0.036204    0.033150    0.085822    1.260978 v output69/X (sky130_fd_sc_hd__buf_6)
                                                         S[12] (net)
                      0.033176    0.000790    1.261768 v S[12] (out)
                                              1.261768   data arrival time

                      0.000000    0.000000    0.000000   clock __VIRTUAL_CLK__ (rise edge)
                                  0.000000    0.000000   clock network delay (ideal)
                                  0.250000    0.250000   clock uncertainty
                                  0.000000    0.250000   clock reconvergence pessimism
                                 -0.800000   -0.550000   output external delay
                                             -0.550000   data required time
---------------------------------------------------------------------------------------------
                                             -0.550000   data required time
                                             -1.261768   data arrival time
---------------------------------------------------------------------------------------------
                                              1.811768   slack (MET)


Startpoint: B[9] (input port clocked by __VIRTUAL_CLK__)
Endpoint: S[9] (output port clocked by __VIRTUAL_CLK__)
Path Group: __VIRTUAL_CLK__
Path Type: min

Fanout         Cap        Slew       Delay        Time   Description
---------------------------------------------------------------------------------------------
                      0.000000    0.000000    0.000000   clock __VIRTUAL_CLK__ (rise edge)
                                  0.000000    0.000000   clock network delay (ideal)
                                  0.800000    0.800000 ^ input external delay
     1    0.006816    0.027773    0.016481    0.816481 ^ B[9] (in)
                                                         B[9] (net)
                      0.027774    0.000000    0.816481 ^ input64/A (sky130_fd_sc_hd__buf_6)
     7    0.035005    0.058398    0.081003    0.897484 ^ input64/X (sky130_fd_sc_hd__buf_6)
                                                         net64 (net)
                      0.058399    0.000332    0.897816 ^ _734_/A (sky130_fd_sc_hd__xor2_4)
     2    0.005889    0.024383    0.043400    0.941217 v _734_/X (sky130_fd_sc_hd__xor2_4)
                                                         _069_ (net)
                      0.024383    0.000049    0.941265 v rebuffer136/A (sky130_fd_sc_hd__buf_2)
     4    0.020132    0.042003    0.092376    1.033642 v rebuffer136/X (sky130_fd_sc_hd__buf_2)
                                                         net136 (net)
                      0.042004    0.000205    1.033846 v _617_/B (sky130_fd_sc_hd__xnor2_2)
     1    0.008748    0.044896    0.109921    1.143767 ^ _617_/Y (sky130_fd_sc_hd__xnor2_2)
                                                         _315_ (net)
                      0.044896    0.000073    1.143840 ^ _618_/B (sky130_fd_sc_hd__xnor2_2)
     1    0.005220    0.025160    0.035301    1.179141 v _618_/Y (sky130_fd_sc_hd__xnor2_2)
                                                         net97 (net)
                      0.025160    0.000060    1.179201 v output97/A (sky130_fd_sc_hd__buf_6)
     1    0.035177    0.032571    0.084234    1.263435 v output97/X (sky130_fd_sc_hd__buf_6)
                                                         S[9] (net)
                      0.032578    0.000443    1.263878 v S[9] (out)
                                              1.263878   data arrival time

                      0.000000    0.000000    0.000000   clock __VIRTUAL_CLK__ (rise edge)
                                  0.000000    0.000000   clock network delay (ideal)
                                  0.250000    0.250000   clock uncertainty
                                  0.000000    0.250000   clock reconvergence pessimism
                                 -0.800000   -0.550000   output external delay
                                             -0.550000   data required time
---------------------------------------------------------------------------------------------
                                             -0.550000   data required time
                                             -1.263878   data arrival time
---------------------------------------------------------------------------------------------
                                              1.813878   slack (MET)


Startpoint: A[17] (input port clocked by __VIRTUAL_CLK__)
Endpoint: S[17] (output port clocked by __VIRTUAL_CLK__)
Path Group: __VIRTUAL_CLK__
Path Type: min

Fanout         Cap        Slew       Delay        Time   Description
---------------------------------------------------------------------------------------------
                      0.000000    0.000000    0.000000   clock __VIRTUAL_CLK__ (rise edge)
                                  0.000000    0.000000   clock network delay (ideal)
                                  0.800000    0.800000 ^ input external delay
     1    0.003757    0.017356    0.009258    0.809258 ^ A[17] (in)
                                                         A[17] (net)
                      0.017356    0.000000    0.809258 ^ input9/A (sky130_fd_sc_hd__dlygate4sd1_1)
     5    0.021023    0.157634    0.199497    1.008754 ^ input9/X (sky130_fd_sc_hd__dlygate4sd1_1)
                                                         net9 (net)
                      0.157634    0.000133    1.008887 ^ _375_/B (sky130_fd_sc_hd__xnor2_2)
     3    0.015300    0.068676    0.099887    1.108774 ^ _375_/Y (sky130_fd_sc_hd__xnor2_2)
                                                         _097_ (net)
                      0.068676    0.000158    1.108932 ^ _385_/A (sky130_fd_sc_hd__xor2_2)
     1    0.002893    0.021399    0.038605    1.147538 v _385_/X (sky130_fd_sc_hd__xor2_2)
                                                         net74 (net)
                      0.021399    0.000020    1.147557 v output74/A (sky130_fd_sc_hd__clkbuf_2)
     1    0.034595    0.092235    0.117939    1.265497 v output74/X (sky130_fd_sc_hd__clkbuf_2)
                                                         S[17] (net)
                      0.092235    0.000284    1.265780 v S[17] (out)
                                              1.265780   data arrival time

                      0.000000    0.000000    0.000000   clock __VIRTUAL_CLK__ (rise edge)
                                  0.000000    0.000000   clock network delay (ideal)
                                  0.250000    0.250000   clock uncertainty
                                  0.000000    0.250000   clock reconvergence pessimism
                                 -0.800000   -0.550000   output external delay
                                             -0.550000   data required time
---------------------------------------------------------------------------------------------
                                             -0.550000   data required time
                                             -1.265780   data arrival time
---------------------------------------------------------------------------------------------
                                              1.815780   slack (MET)


Startpoint: A[8] (input port clocked by __VIRTUAL_CLK__)
Endpoint: S[8] (output port clocked by __VIRTUAL_CLK__)
Path Group: __VIRTUAL_CLK__
Path Type: min

Fanout         Cap        Slew       Delay        Time   Description
---------------------------------------------------------------------------------------------
                      0.000000    0.000000    0.000000   clock __VIRTUAL_CLK__ (rise edge)
                                  0.000000    0.000000   clock network delay (ideal)
                                  0.800000    0.800000 ^ input external delay
     1    0.004191    0.018892    0.010330    0.810330 ^ A[8] (in)
                                                         A[8] (net)
                      0.018892    0.000000    0.810330 ^ input31/A (sky130_fd_sc_hd__clkdlybuf4s25_1)
     3    0.023846    0.183145    0.248950    1.059279 ^ input31/X (sky130_fd_sc_hd__clkdlybuf4s25_1)
                                                         net31 (net)
                      0.183145    0.000303    1.059582 ^ _613_/A (sky130_fd_sc_hd__xnor2_2)
     1    0.009125    0.045753    0.089863    1.149445 ^ _613_/Y (sky130_fd_sc_hd__xnor2_2)
                                                         _312_ (net)
                      0.045753    0.000099    1.149544 ^ _614_/B (sky130_fd_sc_hd__xnor2_2)
     1    0.005233    0.025259    0.035458    1.185002 v _614_/Y (sky130_fd_sc_hd__xnor2_2)
                                                         net96 (net)
                      0.025259    0.000061    1.185063 v output96/A (sky130_fd_sc_hd__buf_6)
     1    0.035027    0.032473    0.084272    1.269335 v output96/X (sky130_fd_sc_hd__buf_6)
                                                         S[8] (net)
                      0.032476    0.000306    1.269640 v S[8] (out)
                                              1.269640   data arrival time

                      0.000000    0.000000    0.000000   clock __VIRTUAL_CLK__ (rise edge)
                                  0.000000    0.000000   clock network delay (ideal)
                                  0.250000    0.250000   clock uncertainty
                                  0.000000    0.250000   clock reconvergence pessimism
                                 -0.800000   -0.550000   output external delay
                                             -0.550000   data required time
---------------------------------------------------------------------------------------------
                                             -0.550000   data required time
                                             -1.269640   data arrival time
---------------------------------------------------------------------------------------------
                                              1.819640   slack (MET)


Startpoint: A[6] (input port clocked by __VIRTUAL_CLK__)
Endpoint: S[7] (output port clocked by __VIRTUAL_CLK__)
Path Group: __VIRTUAL_CLK__
Path Type: min

Fanout         Cap        Slew       Delay        Time   Description
---------------------------------------------------------------------------------------------
                      0.000000    0.000000    0.000000   clock __VIRTUAL_CLK__ (rise edge)
                                  0.000000    0.000000   clock network delay (ideal)
                                  0.800000    0.800000 v input external delay
     1    0.003141    0.005227    0.002441    0.802441 v A[6] (in)
                                                         A[6] (net)
                      0.005227    0.000000    0.802441 v input29/A (sky130_fd_sc_hd__dlymetal6s2s_1)
     4    0.026871    0.097470    0.131486    0.933927 v input29/X (sky130_fd_sc_hd__dlymetal6s2s_1)
                                                         net29 (net)
                      0.097479    0.000924    0.934851 v _722_/A (sky130_fd_sc_hd__inv_2)
     4    0.023645    0.088364    0.099402    1.034253 ^ _722_/Y (sky130_fd_sc_hd__inv_2)
                                                         _057_ (net)
                      0.088364    0.000144    1.034398 ^ _607_/A1 (sky130_fd_sc_hd__o211ai_2)
     1    0.008283    0.035877    0.063227    1.097625 v _607_/Y (sky130_fd_sc_hd__o211ai_2)
                                                         _307_ (net)
                      0.035877    0.000069    1.097694 v _610_/B (sky130_fd_sc_hd__xnor2_2)
     1    0.008333    0.032870    0.085807    1.183500 v _610_/Y (sky130_fd_sc_hd__xnor2_2)
                                                         net95 (net)
                      0.032871    0.000207    1.183707 v output95/A (sky130_fd_sc_hd__buf_6)
     1    0.036280    0.033161    0.087753    1.271460 v output95/X (sky130_fd_sc_hd__buf_6)
                                                         S[7] (net)
                      0.033179    0.000670    1.272130 v S[7] (out)
                                              1.272130   data arrival time

                      0.000000    0.000000    0.000000   clock __VIRTUAL_CLK__ (rise edge)
                                  0.000000    0.000000   clock network delay (ideal)
                                  0.250000    0.250000   clock uncertainty
                                  0.000000    0.250000   clock reconvergence pessimism
                                 -0.800000   -0.550000   output external delay
                                             -0.550000   data required time
---------------------------------------------------------------------------------------------
                                             -0.550000   data required time
                                             -1.272130   data arrival time
---------------------------------------------------------------------------------------------
                                              1.822130   slack (MET)


Startpoint: A[25] (input port clocked by __VIRTUAL_CLK__)
Endpoint: S[26] (output port clocked by __VIRTUAL_CLK__)
Path Group: __VIRTUAL_CLK__
Path Type: min

Fanout         Cap        Slew       Delay        Time   Description
---------------------------------------------------------------------------------------------
                      0.000000    0.000000    0.000000   clock __VIRTUAL_CLK__ (rise edge)
                                  0.000000    0.000000   clock network delay (ideal)
                                  0.800000    0.800000 ^ input external delay
     1    0.002999    0.014625    0.007360    0.807360 ^ A[25] (in)
                                                         A[25] (net)
                      0.014625    0.000000    0.807360 ^ input18/A (sky130_fd_sc_hd__dlymetal6s2s_1)
     5    0.024223    0.194398    0.158039    0.965399 ^ input18/X (sky130_fd_sc_hd__dlymetal6s2s_1)
                                                         net18 (net)
                      0.194398    0.000160    0.965559 ^ _492_/B2 (sky130_fd_sc_hd__a22oi_2)
     2    0.006847    0.033933    0.043968    1.009526 v _492_/Y (sky130_fd_sc_hd__a22oi_2)
                                                         _205_ (net)
                      0.033933    0.000074    1.009601 v rebuffer133/A (sky130_fd_sc_hd__buf_2)
     5    0.019337    0.040825    0.095128    1.104729 v rebuffer133/X (sky130_fd_sc_hd__buf_2)
                                                         net133 (net)
                      0.040825    0.000093    1.104822 v _497_/A (sky130_fd_sc_hd__nand2_2)
     1    0.009695    0.045415    0.052150    1.156973 ^ _497_/Y (sky130_fd_sc_hd__nand2_2)
                                                         _210_ (net)
                      0.045415    0.000107    1.157080 ^ _500_/A (sky130_fd_sc_hd__xnor2_2)
     1    0.006228    0.027516    0.042403    1.199483 v _500_/Y (sky130_fd_sc_hd__xnor2_2)
                                                         net84 (net)
                      0.027516    0.000097    1.199580 v output84/A (sky130_fd_sc_hd__buf_6)
     1    0.034787    0.032350    0.085019    1.284600 v output84/X (sky130_fd_sc_hd__buf_6)
                                                         S[26] (net)
                      0.032355    0.000383    1.284982 v S[26] (out)
                                              1.284982   data arrival time

                      0.000000    0.000000    0.000000   clock __VIRTUAL_CLK__ (rise edge)
                                  0.000000    0.000000   clock network delay (ideal)
                                  0.250000    0.250000   clock uncertainty
                                  0.000000    0.250000   clock reconvergence pessimism
                                 -0.800000   -0.550000   output external delay
                                             -0.550000   data required time
---------------------------------------------------------------------------------------------
                                             -0.550000   data required time
                                             -1.284982   data arrival time
---------------------------------------------------------------------------------------------
                                              1.834982   slack (MET)


Startpoint: A[27] (input port clocked by __VIRTUAL_CLK__)
Endpoint: S[27] (output port clocked by __VIRTUAL_CLK__)
Path Group: __VIRTUAL_CLK__
Path Type: min

Fanout         Cap        Slew       Delay        Time   Description
---------------------------------------------------------------------------------------------
                      0.000000    0.000000    0.000000   clock __VIRTUAL_CLK__ (rise edge)
                                  0.000000    0.000000   clock network delay (ideal)
                                  0.800000    0.800000 ^ input external delay
     1    0.003889    0.017823    0.009574    0.809574 ^ A[27] (in)
                                                         A[27] (net)
                      0.017823    0.000000    0.809574 ^ input20/A (sky130_fd_sc_hd__clkdlybuf4s25_1)
     5    0.020864    0.161421    0.234327    1.043900 ^ input20/X (sky130_fd_sc_hd__clkdlybuf4s25_1)
                                                         net20 (net)
                      0.161421    0.000142    1.044042 ^ _501_/B (sky130_fd_sc_hd__xnor2_2)
     3    0.023601    0.097893    0.120613    1.164655 ^ _501_/Y (sky130_fd_sc_hd__xnor2_2)
                                                         _213_ (net)
                      0.097893    0.000248    1.164903 ^ _509_/B (sky130_fd_sc_hd__xnor2_4)
     1    0.004612    0.024641    0.036189    1.201092 v _509_/Y (sky130_fd_sc_hd__xnor2_4)
                                                         net85 (net)
                      0.024641    0.000019    1.201111 v output85/A (sky130_fd_sc_hd__buf_6)
     1    0.035426    0.032714    0.084245    1.285356 v output85/X (sky130_fd_sc_hd__buf_6)
                                                         S[27] (net)
                      0.032716    0.000249    1.285605 v S[27] (out)
                                              1.285605   data arrival time

                      0.000000    0.000000    0.000000   clock __VIRTUAL_CLK__ (rise edge)
                                  0.000000    0.000000   clock network delay (ideal)
                                  0.250000    0.250000   clock uncertainty
                                  0.000000    0.250000   clock reconvergence pessimism
                                 -0.800000   -0.550000   output external delay
                                             -0.550000   data required time
---------------------------------------------------------------------------------------------
                                             -0.550000   data required time
                                             -1.285605   data arrival time
---------------------------------------------------------------------------------------------
                                              1.835605   slack (MET)


Startpoint: A[4] (input port clocked by __VIRTUAL_CLK__)
Endpoint: S[4] (output port clocked by __VIRTUAL_CLK__)
Path Group: __VIRTUAL_CLK__
Path Type: min

Fanout         Cap        Slew       Delay        Time   Description
---------------------------------------------------------------------------------------------
                      0.000000    0.000000    0.000000   clock __VIRTUAL_CLK__ (rise edge)
                                  0.000000    0.000000   clock network delay (ideal)
                                  0.800000    0.800000 ^ input external delay
     1    0.004148    0.018741    0.010231    0.810231 ^ A[4] (in)
                                                         A[4] (net)
                      0.018741    0.000000    0.810231 ^ input27/A (sky130_fd_sc_hd__clkbuf_2)
     7    0.036276    0.153411    0.140228    0.950459 ^ input27/X (sky130_fd_sc_hd__clkbuf_2)
                                                         net27 (net)
                      0.153419    0.000894    0.951353 ^ _703_/B (sky130_fd_sc_hd__xnor2_2)
     3    0.025950    0.105767    0.126273    1.077626 ^ _703_/Y (sky130_fd_sc_hd__xnor2_2)
                                                         _038_ (net)
                      0.105767    0.000204    1.077829 ^ _586_/A (sky130_fd_sc_hd__xnor2_4)
     1    0.017743    0.051598    0.094273    1.172103 ^ _586_/Y (sky130_fd_sc_hd__xnor2_4)
                                                         _289_ (net)
                      0.051598    0.000177    1.172279 ^ _587_/A (sky130_fd_sc_hd__xnor2_4)
     1    0.006416    0.023302    0.042060    1.214339 v _587_/Y (sky130_fd_sc_hd__xnor2_4)
                                                         net92 (net)
                      0.023302    0.000110    1.214450 v output92/A (sky130_fd_sc_hd__buf_6)
     1    0.035015    0.032501    0.083371    1.297821 v output92/X (sky130_fd_sc_hd__buf_6)
                                                         S[4] (net)
                      0.032511    0.000505    1.298326 v S[4] (out)
                                              1.298326   data arrival time

                      0.000000    0.000000    0.000000   clock __VIRTUAL_CLK__ (rise edge)
                                  0.000000    0.000000   clock network delay (ideal)
                                  0.250000    0.250000   clock uncertainty
                                  0.000000    0.250000   clock reconvergence pessimism
                                 -0.800000   -0.550000   output external delay
                                             -0.550000   data required time
---------------------------------------------------------------------------------------------
                                             -0.550000   data required time
                                             -1.298326   data arrival time
---------------------------------------------------------------------------------------------
                                              1.848326   slack (MET)


Startpoint: B[31] (input port clocked by __VIRTUAL_CLK__)
Endpoint: S[31] (output port clocked by __VIRTUAL_CLK__)
Path Group: __VIRTUAL_CLK__
Path Type: min

Fanout         Cap        Slew       Delay        Time   Description
---------------------------------------------------------------------------------------------
                      0.000000    0.000000    0.000000   clock __VIRTUAL_CLK__ (rise edge)
                                  0.000000    0.000000   clock network delay (ideal)
                                  0.800000    0.800000 ^ input external delay
     1    0.004419    0.019699    0.010909    0.810909 ^ B[31] (in)
                                                         B[31] (net)
                      0.019699    0.000000    0.810909 ^ input57/A (sky130_fd_sc_hd__clkdlybuf4s25_1)
     5    0.016924    0.132784    0.215734    1.026643 ^ input57/X (sky130_fd_sc_hd__clkdlybuf4s25_1)
                                                         net57 (net)
                      0.132784    0.000095    1.026739 ^ _555_/B (sky130_fd_sc_hd__and2b_2)
     1    0.002623    0.022950    0.092962    1.119701 ^ _555_/X (sky130_fd_sc_hd__and2b_2)
                                                         _263_ (net)
                      0.022950    0.000030    1.119730 ^ _556_/B (sky130_fd_sc_hd__or2_2)
     1    0.008992    0.042296    0.072364    1.192094 ^ _556_/X (sky130_fd_sc_hd__or2_2)
                                                         _264_ (net)
                      0.042296    0.000094    1.192189 ^ _564_/B (sky130_fd_sc_hd__xnor2_2)
     1    0.004972    0.024367    0.034384    1.226572 v _564_/Y (sky130_fd_sc_hd__xnor2_2)
                                                         net90 (net)
                      0.024367    0.000051    1.226623 v output90/A (sky130_fd_sc_hd__buf_6)
     1    0.035008    0.032496    0.083786    1.310409 v output90/X (sky130_fd_sc_hd__buf_6)
                                                         S[31] (net)
                      0.032507    0.000528    1.310937 v S[31] (out)
                                              1.310937   data arrival time

                      0.000000    0.000000    0.000000   clock __VIRTUAL_CLK__ (rise edge)
                                  0.000000    0.000000   clock network delay (ideal)
                                  0.250000    0.250000   clock uncertainty
                                  0.000000    0.250000   clock reconvergence pessimism
                                 -0.800000   -0.550000   output external delay
                                             -0.550000   data required time
---------------------------------------------------------------------------------------------
                                             -0.550000   data required time
                                             -1.310937   data arrival time
---------------------------------------------------------------------------------------------
                                              1.860937   slack (MET)


Startpoint: B[12] (input port clocked by __VIRTUAL_CLK__)
Endpoint: S[13] (output port clocked by __VIRTUAL_CLK__)
Path Group: __VIRTUAL_CLK__
Path Type: min

Fanout         Cap        Slew       Delay        Time   Description
---------------------------------------------------------------------------------------------
                      0.000000    0.000000    0.000000   clock __VIRTUAL_CLK__ (rise edge)
                                  0.000000    0.000000   clock network delay (ideal)
                                  0.800000    0.800000 ^ input external delay
     1    0.007286    0.029359    0.017590    0.817590 ^ B[12] (in)
                                                         B[12] (net)
                      0.029360    0.000000    0.817590 ^ input36/A (sky130_fd_sc_hd__buf_6)
     9    0.044447    0.071869    0.089812    0.907402 ^ input36/X (sky130_fd_sc_hd__buf_6)
                                                         net36 (net)
                      0.071922    0.001498    0.908899 ^ _636_/B1 (sky130_fd_sc_hd__a31o_2)
     1    0.002916    0.021691    0.058236    0.967136 ^ _636_/X (sky130_fd_sc_hd__a31o_2)
                                                         _330_ (net)
                      0.021691    0.000014    0.967150 ^ _639_/A3 (sky130_fd_sc_hd__a31o_2)
     1    0.009783    0.048189    0.099317    1.066468 ^ _639_/X (sky130_fd_sc_hd__a31o_2)
                                                         _333_ (net)
                      0.048189    0.000152    1.066620 ^ _640_/B (sky130_fd_sc_hd__xnor2_2)
     1    0.001767    0.017335    0.027708    1.094328 v _640_/Y (sky130_fd_sc_hd__xnor2_2)
                                                         net70 (net)
                      0.017335    0.000006    1.094334 v output70/A (sky130_fd_sc_hd__dlymetal6s4s_1)
     1    0.035430    0.124586    0.222468    1.316802 v output70/X (sky130_fd_sc_hd__dlymetal6s4s_1)
                                                         S[13] (net)
                      0.124588    0.000605    1.317408 v S[13] (out)
                                              1.317408   data arrival time

                      0.000000    0.000000    0.000000   clock __VIRTUAL_CLK__ (rise edge)
                                  0.000000    0.000000   clock network delay (ideal)
                                  0.250000    0.250000   clock uncertainty
                                  0.000000    0.250000   clock reconvergence pessimism
                                 -0.800000   -0.550000   output external delay
                                             -0.550000   data required time
---------------------------------------------------------------------------------------------
                                             -0.550000   data required time
                                             -1.317408   data arrival time
---------------------------------------------------------------------------------------------
                                              1.867408   slack (MET)


Startpoint: A[23] (input port clocked by __VIRTUAL_CLK__)
Endpoint: S[23] (output port clocked by __VIRTUAL_CLK__)
Path Group: __VIRTUAL_CLK__
Path Type: min

Fanout         Cap        Slew       Delay        Time   Description
---------------------------------------------------------------------------------------------
                      0.000000    0.000000    0.000000   clock __VIRTUAL_CLK__ (rise edge)
                                  0.000000    0.000000   clock network delay (ideal)
                                  0.800000    0.800000 ^ input external delay
     1    0.004186    0.018876    0.010310    0.810310 ^ A[23] (in)
                                                         A[23] (net)
                      0.018876    0.000000    0.810310 ^ input16/A (sky130_fd_sc_hd__clkdlybuf4s25_1)
     5    0.029157    0.221998    0.274388    1.084698 ^ input16/X (sky130_fd_sc_hd__clkdlybuf4s25_1)
                                                         net16 (net)
                      0.221998    0.000666    1.085364 ^ _453_/B (sky130_fd_sc_hd__xnor2_2)
     3    0.016800    0.074280    0.104103    1.189468 ^ _453_/Y (sky130_fd_sc_hd__xnor2_2)
                                                         _169_ (net)
                      0.074280    0.000176    1.189644 ^ _461_/A (sky130_fd_sc_hd__xnor2_2)
     1    0.008121    0.031443    0.050276    1.239920 v _461_/Y (sky130_fd_sc_hd__xnor2_2)
                                                         net81 (net)
                      0.031444    0.000201    1.240121 v output81/A (sky130_fd_sc_hd__buf_6)
     1    0.034632    0.032261    0.086505    1.326626 v output81/X (sky130_fd_sc_hd__buf_6)
                                                         S[23] (net)
                      0.032267    0.000416    1.327042 v S[23] (out)
                                              1.327042   data arrival time

                      0.000000    0.000000    0.000000   clock __VIRTUAL_CLK__ (rise edge)
                                  0.000000    0.000000   clock network delay (ideal)
                                  0.250000    0.250000   clock uncertainty
                                  0.000000    0.250000   clock reconvergence pessimism
                                 -0.800000   -0.550000   output external delay
                                             -0.550000   data required time
---------------------------------------------------------------------------------------------
                                             -0.550000   data required time
                                             -1.327042   data arrival time
---------------------------------------------------------------------------------------------
                                              1.877042   slack (MET)


Startpoint: A[19] (input port clocked by __VIRTUAL_CLK__)
Endpoint: S[19] (output port clocked by __VIRTUAL_CLK__)
Path Group: __VIRTUAL_CLK__
Path Type: min

Fanout         Cap        Slew       Delay        Time   Description
---------------------------------------------------------------------------------------------
                      0.000000    0.000000    0.000000   clock __VIRTUAL_CLK__ (rise edge)
                                  0.000000    0.000000   clock network delay (ideal)
                                  0.800000    0.800000 ^ input external delay
     1    0.005070    0.021938    0.012483    0.812483 ^ A[19] (in)
                                                         A[19] (net)
                      0.021939    0.000000    0.812483 ^ input11/A (sky130_fd_sc_hd__clkdlybuf4s25_1)
     5    0.026761    0.204360    0.263869    1.076352 ^ input11/X (sky130_fd_sc_hd__clkdlybuf4s25_1)
                                                         net11 (net)
                      0.204360    0.000194    1.076545 ^ _400_/B (sky130_fd_sc_hd__xnor2_2)
     3    0.019089    0.082214    0.109678    1.186223 ^ _400_/Y (sky130_fd_sc_hd__xnor2_2)
                                                         _120_ (net)
                      0.082214    0.000112    1.186335 ^ _406_/A (sky130_fd_sc_hd__xnor2_2)
     1    0.002358    0.018891    0.037232    1.223567 v _406_/Y (sky130_fd_sc_hd__xnor2_2)
                                                         net76 (net)
                      0.018891    0.000020    1.223587 v output76/A (sky130_fd_sc_hd__clkbuf_2)
     1    0.034617    0.092313    0.116969    1.340556 v output76/X (sky130_fd_sc_hd__clkbuf_2)
                                                         S[19] (net)
                      0.092314    0.000408    1.340964 v S[19] (out)
                                              1.340964   data arrival time

                      0.000000    0.000000    0.000000   clock __VIRTUAL_CLK__ (rise edge)
                                  0.000000    0.000000   clock network delay (ideal)
                                  0.250000    0.250000   clock uncertainty
                                  0.000000    0.250000   clock reconvergence pessimism
                                 -0.800000   -0.550000   output external delay
                                             -0.550000   data required time
---------------------------------------------------------------------------------------------
                                             -0.550000   data required time
                                             -1.340964   data arrival time
---------------------------------------------------------------------------------------------
                                              1.890963   slack (MET)


Startpoint: A[29] (input port clocked by __VIRTUAL_CLK__)
Endpoint: S[29] (output port clocked by __VIRTUAL_CLK__)
Path Group: __VIRTUAL_CLK__
Path Type: min

Fanout         Cap        Slew       Delay        Time   Description
---------------------------------------------------------------------------------------------
                      0.000000    0.000000    0.000000   clock __VIRTUAL_CLK__ (rise edge)
                                  0.000000    0.000000   clock network delay (ideal)
                                  0.800000    0.800000 ^ input external delay
     1    0.003897    0.017852    0.009592    0.809592 ^ A[29] (in)
                                                         A[29] (net)
                      0.017852    0.000000    0.809592 ^ input22/A (sky130_fd_sc_hd__clkdlybuf4s25_1)
     6    0.032373    0.245485    0.290016    1.099609 ^ input22/X (sky130_fd_sc_hd__clkdlybuf4s25_1)
                                                         net22 (net)
                      0.245485    0.000156    1.099764 ^ _531_/B (sky130_fd_sc_hd__xnor2_2)
     1    0.018140    0.079157    0.107589    1.207353 ^ _531_/Y (sky130_fd_sc_hd__xnor2_2)
                                                         _241_ (net)
                      0.079157    0.000199    1.207553 ^ _536_/A (sky130_fd_sc_hd__xnor2_4)
     1    0.002825    0.020999    0.038926    1.246479 v _536_/Y (sky130_fd_sc_hd__xnor2_4)
                                                         net87 (net)
                      0.020999    0.000025    1.246503 v output87/A (sky130_fd_sc_hd__buf_4)
     1    0.034917    0.043145    0.102457    1.348960 v output87/X (sky130_fd_sc_hd__buf_4)
                                                         S[29] (net)
                      0.043145    0.000216    1.349176 v S[29] (out)
                                              1.349176   data arrival time

                      0.000000    0.000000    0.000000   clock __VIRTUAL_CLK__ (rise edge)
                                  0.000000    0.000000   clock network delay (ideal)
                                  0.250000    0.250000   clock uncertainty
                                  0.000000    0.250000   clock reconvergence pessimism
                                 -0.800000   -0.550000   output external delay
                                             -0.550000   data required time
---------------------------------------------------------------------------------------------
                                             -0.550000   data required time
                                             -1.349176   data arrival time
---------------------------------------------------------------------------------------------
                                              1.899176   slack (MET)


Startpoint: B[24] (input port clocked by __VIRTUAL_CLK__)
Endpoint: S[24] (output port clocked by __VIRTUAL_CLK__)
Path Group: __VIRTUAL_CLK__
Path Type: min

Fanout         Cap        Slew       Delay        Time   Description
---------------------------------------------------------------------------------------------
                      0.000000    0.000000    0.000000   clock __VIRTUAL_CLK__ (rise edge)
                                  0.000000    0.000000   clock network delay (ideal)
                                  0.800000    0.800000 ^ input external delay
     1    0.004206    0.018946    0.010368    0.810368 ^ B[24] (in)
                                                         B[24] (net)
                      0.018946    0.000000    0.810368 ^ input49/A (sky130_fd_sc_hd__clkdlybuf4s25_1)
     5    0.019626    0.152413    0.228670    1.039038 ^ input49/X (sky130_fd_sc_hd__clkdlybuf4s25_1)
                                                         net49 (net)
                      0.152413    0.000069    1.039108 ^ _477_/A (sky130_fd_sc_hd__xnor2_2)
     3    0.015864    0.070475    0.106081    1.145189 ^ _477_/Y (sky130_fd_sc_hd__xnor2_2)
                                                         _192_ (net)
                      0.070475    0.000142    1.145330 ^ _478_/B (sky130_fd_sc_hd__xnor2_2)
     1    0.008598    0.043943    0.077820    1.223150 ^ _478_/Y (sky130_fd_sc_hd__xnor2_2)
                                                         _193_ (net)
                      0.043943    0.000071    1.223222 ^ _479_/B (sky130_fd_sc_hd__xnor2_2)
     1    0.007640    0.031043    0.040302    1.263524 v _479_/Y (sky130_fd_sc_hd__xnor2_2)
                                                         net82 (net)
                      0.031043    0.000143    1.263666 v output82/A (sky130_fd_sc_hd__buf_6)
     1    0.035036    0.032468    0.086564    1.350230 v output82/X (sky130_fd_sc_hd__buf_6)
                                                         S[24] (net)
                      0.032473    0.000377    1.350608 v S[24] (out)
                                              1.350608   data arrival time

                      0.000000    0.000000    0.000000   clock __VIRTUAL_CLK__ (rise edge)
                                  0.000000    0.000000   clock network delay (ideal)
                                  0.250000    0.250000   clock uncertainty
                                  0.000000    0.250000   clock reconvergence pessimism
                                 -0.800000   -0.550000   output external delay
                                             -0.550000   data required time
---------------------------------------------------------------------------------------------
                                             -0.550000   data required time
                                             -1.350608   data arrival time
---------------------------------------------------------------------------------------------
                                              1.900607   slack (MET)


Startpoint: B[30] (input port clocked by __VIRTUAL_CLK__)
Endpoint: S[30] (output port clocked by __VIRTUAL_CLK__)
Path Group: __VIRTUAL_CLK__
Path Type: min

Fanout         Cap        Slew       Delay        Time   Description
---------------------------------------------------------------------------------------------
                      0.000000    0.000000    0.000000   clock __VIRTUAL_CLK__ (rise edge)
                                  0.000000    0.000000   clock network delay (ideal)
                                  0.800000    0.800000 ^ input external delay
     1    0.004655    0.020532    0.011502    0.811502 ^ B[30] (in)
                                                         B[30] (net)
                      0.020533    0.000000    0.811502 ^ input56/A (sky130_fd_sc_hd__clkdlybuf4s25_1)
     4    0.025688    0.196593    0.258160    1.069661 ^ input56/X (sky130_fd_sc_hd__clkdlybuf4s25_1)
                                                         net56 (net)
                      0.196593    0.000509    1.070171 ^ _551_/A (sky130_fd_sc_hd__xnor2_2)
     1    0.008548    0.045513    0.088568    1.158738 ^ _551_/Y (sky130_fd_sc_hd__xnor2_2)
                                                         _260_ (net)
                      0.045513    0.000032    1.158771 ^ _552_/B (sky130_fd_sc_hd__xnor2_2)
     1    0.008775    0.044450    0.075037    1.233808 ^ _552_/Y (sky130_fd_sc_hd__xnor2_2)
                                                         _261_ (net)
                      0.044450    0.000077    1.233886 ^ _553_/B (sky130_fd_sc_hd__xnor2_2)
     1    0.005127    0.024906    0.035034    1.268920 v _553_/Y (sky130_fd_sc_hd__xnor2_2)
                                                         net89 (net)
                      0.024906    0.000057    1.268977 v output89/A (sky130_fd_sc_hd__buf_6)
     1    0.034648    0.032293    0.083878    1.352854 v output89/X (sky130_fd_sc_hd__buf_6)
                                                         S[30] (net)
                      0.032299    0.000424    1.353279 v S[30] (out)
                                              1.353279   data arrival time

                      0.000000    0.000000    0.000000   clock __VIRTUAL_CLK__ (rise edge)
                                  0.000000    0.000000   clock network delay (ideal)
                                  0.250000    0.250000   clock uncertainty
                                  0.000000    0.250000   clock reconvergence pessimism
                                 -0.800000   -0.550000   output external delay
                                             -0.550000   data required time
---------------------------------------------------------------------------------------------
                                             -0.550000   data required time
                                             -1.353279   data arrival time
---------------------------------------------------------------------------------------------
                                              1.903278   slack (MET)


Startpoint: B[28] (input port clocked by __VIRTUAL_CLK__)
Endpoint: S[28] (output port clocked by __VIRTUAL_CLK__)
Path Group: __VIRTUAL_CLK__
Path Type: min

Fanout         Cap        Slew       Delay        Time   Description
---------------------------------------------------------------------------------------------
                      0.000000    0.000000    0.000000   clock __VIRTUAL_CLK__ (rise edge)
                                  0.000000    0.000000   clock network delay (ideal)
                                  0.800000    0.800000 ^ input external delay
     1    0.003442    0.016221    0.008461    0.808460 ^ B[28] (in)
                                                         B[28] (net)
                      0.016221    0.000000    0.808460 ^ input53/A (sky130_fd_sc_hd__clkdlybuf4s25_1)
     6    0.022258    0.171590    0.240525    1.048985 ^ input53/X (sky130_fd_sc_hd__clkdlybuf4s25_1)
                                                         net53 (net)
                      0.171590    0.000331    1.049316 ^ _527_/A (sky130_fd_sc_hd__nor2_2)
     1    0.004915    0.022836    0.027627    1.076944 v _527_/Y (sky130_fd_sc_hd__nor2_2)
                                                         _238_ (net)
                      0.022836    0.000033    1.076977 v _528_/B (sky130_fd_sc_hd__nor2_2)
     1    0.008597    0.084363    0.071562    1.148539 ^ _528_/Y (sky130_fd_sc_hd__nor2_2)
                                                         _239_ (net)
                      0.084363    0.000071    1.148610 ^ _529_/B (sky130_fd_sc_hd__xnor2_2)
     1    0.008544    0.043668    0.079033    1.227643 ^ _529_/Y (sky130_fd_sc_hd__xnor2_2)
                                                         _240_ (net)
                      0.043668    0.000032    1.227675 ^ _530_/B (sky130_fd_sc_hd__xnor2_2)
     1    0.007711    0.031213    0.040393    1.268068 v _530_/Y (sky130_fd_sc_hd__xnor2_2)
                                                         net86 (net)
                      0.031214    0.000171    1.268238 v output86/A (sky130_fd_sc_hd__buf_6)
     1    0.035225    0.032591    0.086632    1.354871 v output86/X (sky130_fd_sc_hd__buf_6)
                                                         S[28] (net)
                      0.032603    0.000555    1.355425 v S[28] (out)
                                              1.355425   data arrival time

                      0.000000    0.000000    0.000000   clock __VIRTUAL_CLK__ (rise edge)
                                  0.000000    0.000000   clock network delay (ideal)
                                  0.250000    0.250000   clock uncertainty
                                  0.000000    0.250000   clock reconvergence pessimism
                                 -0.800000   -0.550000   output external delay
                                             -0.550000   data required time
---------------------------------------------------------------------------------------------
                                             -0.550000   data required time
                                             -1.355425   data arrival time
---------------------------------------------------------------------------------------------
                                              1.905425   slack (MET)


Startpoint: A[17] (input port clocked by __VIRTUAL_CLK__)
Endpoint: S[18] (output port clocked by __VIRTUAL_CLK__)
Path Group: __VIRTUAL_CLK__
Path Type: min

Fanout         Cap        Slew       Delay        Time   Description
---------------------------------------------------------------------------------------------
                      0.000000    0.000000    0.000000   clock __VIRTUAL_CLK__ (rise edge)
                                  0.000000    0.000000   clock network delay (ideal)
                                  0.800000    0.800000 ^ input external delay
     1    0.003757    0.017356    0.009258    0.809258 ^ A[17] (in)
                                                         A[17] (net)
                      0.017356    0.000000    0.809258 ^ input9/A (sky130_fd_sc_hd__dlygate4sd1_1)
     5    0.021023    0.157634    0.199497    1.008754 ^ input9/X (sky130_fd_sc_hd__dlygate4sd1_1)
                                                         net9 (net)
                      0.157634    0.000110    1.008865 ^ _395_/B2 (sky130_fd_sc_hd__a22o_2)
     2    0.009119    0.043276    0.102314    1.111178 ^ _395_/X (sky130_fd_sc_hd__a22o_2)
                                                         _116_ (net)
                      0.043276    0.000172    1.111351 ^ _396_/B1_N (sky130_fd_sc_hd__o21bai_4)
     5    0.027633    0.068634    0.100576    1.211927 ^ _396_/Y (sky130_fd_sc_hd__o21bai_4)
                                                         _117_ (net)
                      0.068634    0.000255    1.212182 ^ _399_/A (sky130_fd_sc_hd__xnor2_2)
     1    0.004459    0.023383    0.041353    1.253535 v _399_/Y (sky130_fd_sc_hd__xnor2_2)
                                                         net75 (net)
                      0.023383    0.000071    1.253606 v output75/A (sky130_fd_sc_hd__buf_4)
     1    0.034888    0.043218    0.103110    1.356715 v output75/X (sky130_fd_sc_hd__buf_4)
                                                         S[18] (net)
                      0.043225    0.000512    1.357227 v S[18] (out)
                                              1.357227   data arrival time

                      0.000000    0.000000    0.000000   clock __VIRTUAL_CLK__ (rise edge)
                                  0.000000    0.000000   clock network delay (ideal)
                                  0.250000    0.250000   clock uncertainty
                                  0.000000    0.250000   clock reconvergence pessimism
                                 -0.800000   -0.550000   output external delay
                                             -0.550000   data required time
---------------------------------------------------------------------------------------------
                                             -0.550000   data required time
                                             -1.357227   data arrival time
---------------------------------------------------------------------------------------------
                                              1.907227   slack (MET)


Startpoint: A[20] (input port clocked by __VIRTUAL_CLK__)
Endpoint: S[22] (output port clocked by __VIRTUAL_CLK__)
Path Group: __VIRTUAL_CLK__
Path Type: min

Fanout         Cap        Slew       Delay        Time   Description
---------------------------------------------------------------------------------------------
                      0.000000    0.000000    0.000000   clock __VIRTUAL_CLK__ (rise edge)
                                  0.000000    0.000000   clock network delay (ideal)
                                  0.800000    0.800000 v input external delay
     1    0.002776    0.004695    0.002127    0.802127 v A[20] (in)
                                                         A[20] (net)
                      0.004695    0.000000    0.802127 v input13/A (sky130_fd_sc_hd__dlymetal6s2s_1)
     6    0.023642    0.087694    0.123892    0.926019 v input13/X (sky130_fd_sc_hd__dlymetal6s2s_1)
                                                         net13 (net)
                      0.087699    0.000694    0.926713 v _448_/A1 (sky130_fd_sc_hd__a22o_2)
     3    0.016553    0.044576    0.159119    1.085831 v _448_/X (sky130_fd_sc_hd__a22o_2)
                                                         _165_ (net)
                      0.044576    0.000219    1.086050 v _449_/B1 (sky130_fd_sc_hd__a31oi_4)
     3    0.017634    0.077749    0.075551    1.161601 ^ _449_/Y (sky130_fd_sc_hd__a31oi_4)
                                                         _166_ (net)
                      0.077752    0.000336    1.161937 ^ rebuffer137/A (sky130_fd_sc_hd__buf_4)
     1    0.009934    0.030325    0.078315    1.240252 ^ rebuffer137/X (sky130_fd_sc_hd__buf_4)
                                                         net137 (net)
                      0.030325    0.000124    1.240376 ^ _452_/A (sky130_fd_sc_hd__xnor2_2)
     1    0.007697    0.031272    0.042858    1.283234 v _452_/Y (sky130_fd_sc_hd__xnor2_2)
                                                         net80 (net)
                      0.031272    0.000192    1.283425 v output80/A (sky130_fd_sc_hd__buf_6)
     1    0.034803    0.032358    0.086492    1.369917 v output80/X (sky130_fd_sc_hd__buf_6)
                                                         S[22] (net)
                      0.032366    0.000471    1.370388 v S[22] (out)
                                              1.370388   data arrival time

                      0.000000    0.000000    0.000000   clock __VIRTUAL_CLK__ (rise edge)
                                  0.000000    0.000000   clock network delay (ideal)
                                  0.250000    0.250000   clock uncertainty
                                  0.000000    0.250000   clock reconvergence pessimism
                                 -0.800000   -0.550000   output external delay
                                             -0.550000   data required time
---------------------------------------------------------------------------------------------
                                             -0.550000   data required time
                                             -1.370388   data arrival time
---------------------------------------------------------------------------------------------
                                              1.920388   slack (MET)


Startpoint: A[20] (input port clocked by __VIRTUAL_CLK__)
Endpoint: S[20] (output port clocked by __VIRTUAL_CLK__)
Path Group: __VIRTUAL_CLK__
Path Type: min

Fanout         Cap        Slew       Delay        Time   Description
---------------------------------------------------------------------------------------------
                      0.000000    0.000000    0.000000   clock __VIRTUAL_CLK__ (rise edge)
                                  0.000000    0.000000   clock network delay (ideal)
                                  0.800000    0.800000 v input external delay
     1    0.002776    0.004695    0.002127    0.802127 v A[20] (in)
                                                         A[20] (net)
                      0.004695    0.000000    0.802127 v input13/A (sky130_fd_sc_hd__dlymetal6s2s_1)
     6    0.023642    0.087694    0.123892    0.926019 v input13/X (sky130_fd_sc_hd__dlymetal6s2s_1)
                                                         net13 (net)
                      0.087699    0.000687    0.926706 v _429_/B_N (sky130_fd_sc_hd__or2b_4)
     2    0.005017    0.023190    0.141851    1.068557 ^ _429_/X (sky130_fd_sc_hd__or2b_4)
                                                         _148_ (net)
                      0.023190    0.000020    1.068576 ^ _430_/B (sky130_fd_sc_hd__and2_4)
     2    0.014124    0.041830    0.089567    1.158144 ^ _430_/X (sky130_fd_sc_hd__and2_4)
                                                         _149_ (net)
                      0.041830    0.000113    1.158257 ^ _431_/B (sky130_fd_sc_hd__xnor2_2)
     1    0.017688    0.076012    0.096129    1.254386 ^ _431_/Y (sky130_fd_sc_hd__xnor2_2)
                                                         _150_ (net)
                      0.076012    0.000156    1.254542 ^ _432_/A (sky130_fd_sc_hd__xnor2_4)
     1    0.008372    0.025815    0.046924    1.301466 v _432_/Y (sky130_fd_sc_hd__xnor2_4)
                                                         net78 (net)
                      0.025815    0.000221    1.301688 v output78/A (sky130_fd_sc_hd__buf_6)
     1    0.034577    0.032253    0.084204    1.385891 v output78/X (sky130_fd_sc_hd__buf_6)
                                                         S[20] (net)
                      0.032260    0.000436    1.386327 v S[20] (out)
                                              1.386327   data arrival time

                      0.000000    0.000000    0.000000   clock __VIRTUAL_CLK__ (rise edge)
                                  0.000000    0.000000   clock network delay (ideal)
                                  0.250000    0.250000   clock uncertainty
                                  0.000000    0.250000   clock reconvergence pessimism
                                 -0.800000   -0.550000   output external delay
                                             -0.550000   data required time
---------------------------------------------------------------------------------------------
                                             -0.550000   data required time
                                             -1.386327   data arrival time
---------------------------------------------------------------------------------------------
                                              1.936327   slack (MET)



