                                                                        Cells by Master                                                                         
┏━━━━━━━━━━━━━━━━━━━━━━━━━━━━━━━━━━━━━━━━━━━━━━━━━━━━━━━━━━━━━━━━━━━━━━━━━━━━━━━━━━━━━━━━━━━━━━━━━━━━━━━━━━━━━━━━━━━━━━━━━━━━━━━━━━━┳━━━━━━━━━━━━━━━━━━━━━━━━━━┓
┃ Cell                                                                                                                              ┃ Count                    ┃
┡━━━━━━━━━━━━━━━━━━━━━━━━━━━━━━━━━━━━━━━━━━━━━━━━━━━━━━━━━━━━━━━━━━━━━━━━━━━━━━━━━━━━━━━━━━━━━━━━━━━━━━━━━━━━━━━━━━━━━━━━━━━━━━━━━━━╇━━━━━━━━━━━━━━━━━━━━━━━━━━┩
│ sky130_fd_sc_hd__a2111o_2                                                                                                         │ 2                        │
│ sky130_fd_sc_hd__a211o_2                                                                                                          │ 1                        │
│ sky130_fd_sc_hd__a211o_4                                                                                                          │ 1                        │
│ sky130_fd_sc_hd__a211oi_2                                                                                                         │ 3                        │
│ sky130_fd_sc_hd__a21bo_2                                                                                                          │ 2                        │
│ sky130_fd_sc_hd__a21o_2                                                                                                           │ 5                        │
│ sky130_fd_sc_hd__a21o_4                                                                                                           │ 1                        │
│ sky130_fd_sc_hd__a21oi_2                                                                                                          │ 15                       │
│ sky130_fd_sc_hd__a22o_2                                                                                                           │ 2                        │
│ sky130_fd_sc_hd__a31o_2                                                                                                           │ 1                        │
│ sky130_fd_sc_hd__a31o_4                                                                                                           │ 1                        │
│ sky130_fd_sc_hd__a31oi_2                                                                                                          │ 1                        │
│ sky130_fd_sc_hd__a41o_4                                                                                                           │ 1                        │
│ sky130_fd_sc_hd__and2_2                                                                                                           │ 7                        │
│ sky130_fd_sc_hd__and2b_2                                                                                                          │ 3                        │
│ sky130_fd_sc_hd__and3_2                                                                                                           │ 10                       │
│ sky130_fd_sc_hd__and3b_2                                                                                                          │ 1                        │
│ sky130_fd_sc_hd__buf_12                                                                                                           │ 2                        │
│ sky130_fd_sc_hd__buf_2                                                                                                            │ 14                       │
│ sky130_fd_sc_hd__buf_4                                                                                                            │ 4                        │
│ sky130_fd_sc_hd__buf_6                                                                                                            │ 17                       │
│ sky130_fd_sc_hd__buf_8                                                                                                            │ 4                        │
│ sky130_fd_sc_hd__clkbuf_2                                                                                                         │ 2                        │
│ sky130_fd_sc_hd__clkbuf_4                                                                                                         │ 3                        │
│ sky130_fd_sc_hd__clkdlybuf4s25_1                                                                                                  │ 72                       │
│ sky130_fd_sc_hd__decap_3                                                                                                          │ 2003                     │
│ sky130_fd_sc_hd__dlymetal6s2s_1                                                                                                   │ 2                        │
│ sky130_fd_sc_hd__dlymetal6s4s_1                                                                                                   │ 2                        │
│ sky130_fd_sc_hd__fill_1                                                                                                           │ 157                      │
│ sky130_fd_sc_hd__fill_2                                                                                                           │ 100                      │
│ sky130_fd_sc_hd__inv_2                                                                                                            │ 1                        │
│ sky130_fd_sc_hd__mux2_1                                                                                                           │ 1                        │
│ sky130_fd_sc_hd__nand2_2                                                                                                          │ 32                       │
│ sky130_fd_sc_hd__nand2b_2                                                                                                         │ 5                        │
│ sky130_fd_sc_hd__nand3_2                                                                                                          │ 5                        │
│ sky130_fd_sc_hd__nor2_2                                                                                                           │ 5                        │
│ sky130_fd_sc_hd__nor3_2                                                                                                           │ 2                        │
│ sky130_fd_sc_hd__o211a_2                                                                                                          │ 4                        │
│ sky130_fd_sc_hd__o211a_4                                                                                                          │ 1                        │
│ sky130_fd_sc_hd__o21a_2                                                                                                           │ 4                        │
│ sky130_fd_sc_hd__o21ai_2                                                                                                          │ 8                        │
│ sky130_fd_sc_hd__o21ai_4                                                                                                          │ 3                        │
│ sky130_fd_sc_hd__o21ba_2                                                                                                          │ 4                        │
│ sky130_fd_sc_hd__o22a_2                                                                                                           │ 1                        │
│ sky130_fd_sc_hd__o2bb2ai_4                                                                                                        │ 1                        │
│ sky130_fd_sc_hd__o31a_2                                                                                                           │ 3                        │
│ sky130_fd_sc_hd__o41a_2                                                                                                           │ 1                        │
│ sky130_fd_sc_hd__or2_2                                                                                                            │ 25                       │
│ sky130_fd_sc_hd__or2_4                                                                                                            │ 7                        │
│ sky130_fd_sc_hd__or3_4                                                                                                            │ 3                        │
│ sky130_fd_sc_hd__or4_4                                                                                                            │ 2                        │
│ sky130_fd_sc_hd__or4b_4                                                                                                           │ 2                        │
│ sky130_fd_sc_hd__tapvpwrvgnd_1                                                                                                    │ 168                      │
│ sky130_fd_sc_hd__xnor2_2                                                                                                          │ 29                       │
│ sky130_fd_sc_hd__xnor2_4                                                                                                          │ 5                        │
│ sky130_fd_sc_hd__xor2_2                                                                                                           │ 25                       │
│ sky130_fd_sc_hd__xor2_4                                                                                                           │ 5                        │
└───────────────────────────────────────────────────────────────────────────────────────────────────────────────────────────────────┴──────────────────────────┘
