[WARNING ORD-0039] .openroad ignored with -python
                                Cells by Master                                 
┏━━━━━━━━━━━━━━━━━━━━━━━━━━━━━━━━━━━━━━━━━━━━━━━━━━━━━━━━━━━━━━━━┳━━━━━━━━━━━━━┓
┃ Cell                                                           ┃ Count       ┃
┡━━━━━━━━━━━━━━━━━━━━━━━━━━━━━━━━━━━━━━━━━━━━━━━━━━━━━━━━━━━━━━━━╇━━━━━━━━━━━━━┩
│ sky130_fd_sc_hd__a2111o_2                                      │ 2           │
│ sky130_fd_sc_hd__a211o_2                                       │ 1           │
│ sky130_fd_sc_hd__a211o_4                                       │ 1           │
│ sky130_fd_sc_hd__a211oi_2                                      │ 3           │
│ sky130_fd_sc_hd__a21bo_2                                       │ 2           │
│ sky130_fd_sc_hd__a21o_2                                        │ 5           │
│ sky130_fd_sc_hd__a21o_4                                        │ 1           │
│ sky130_fd_sc_hd__a21oi_2                                       │ 15          │
│ sky130_fd_sc_hd__a22o_2                                        │ 2           │
│ sky130_fd_sc_hd__a31o_2                                        │ 1           │
│ sky130_fd_sc_hd__a31o_4                                        │ 1           │
│ sky130_fd_sc_hd__a31oi_2                                       │ 1           │
│ sky130_fd_sc_hd__a41o_4                                        │ 1           │
│ sky130_fd_sc_hd__and2_2                                        │ 7           │
│ sky130_fd_sc_hd__and2b_2                                       │ 3           │
│ sky130_fd_sc_hd__and3_2                                        │ 10          │
│ sky130_fd_sc_hd__and3b_2                                       │ 1           │
│ sky130_fd_sc_hd__buf_12                                        │ 2           │
│ sky130_fd_sc_hd__buf_2                                         │ 14          │
│ sky130_fd_sc_hd__buf_4                                         │ 4           │
│ sky130_fd_sc_hd__buf_6                                         │ 17          │
│ sky130_fd_sc_hd__buf_8                                         │ 4           │
│ sky130_fd_sc_hd__clkbuf_2                                      │ 2           │
│ sky130_fd_sc_hd__clkbuf_4                                      │ 3           │
│ sky130_fd_sc_hd__clkdlybuf4s25_1                               │ 72          │
│ sky130_fd_sc_hd__decap_3                                       │ 2003        │
│ sky130_fd_sc_hd__dlymetal6s2s_1                                │ 2           │
│ sky130_fd_sc_hd__dlymetal6s4s_1                                │ 2           │
│ sky130_fd_sc_hd__fill_1                                        │ 157         │
│ sky130_fd_sc_hd__fill_2                                        │ 100         │
│ sky130_fd_sc_hd__inv_2                                         │ 1           │
│ sky130_fd_sc_hd__mux2_1                                        │ 1           │
│ sky130_fd_sc_hd__nand2_2                                       │ 32          │
│ sky130_fd_sc_hd__nand2b_2                                      │ 5           │
│ sky130_fd_sc_hd__nand3_2                                       │ 5           │
│ sky130_fd_sc_hd__nor2_2                                        │ 5           │
│ sky130_fd_sc_hd__nor3_2                                        │ 2           │
│ sky130_fd_sc_hd__o211a_2                                       │ 4           │
│ sky130_fd_sc_hd__o211a_4                                       │ 1           │
│ sky130_fd_sc_hd__o21a_2                                        │ 4           │
│ sky130_fd_sc_hd__o21ai_2                                       │ 8           │
│ sky130_fd_sc_hd__o21ai_4                                       │ 3           │
│ sky130_fd_sc_hd__o21ba_2                                       │ 4           │
│ sky130_fd_sc_hd__o22a_2                                        │ 1           │
│ sky130_fd_sc_hd__o2bb2ai_4                                     │ 1           │
│ sky130_fd_sc_hd__o31a_2                                        │ 3           │
│ sky130_fd_sc_hd__o41a_2                                        │ 1           │
│ sky130_fd_sc_hd__or2_2                                         │ 25          │
│ sky130_fd_sc_hd__or2_4                                         │ 7           │
│ sky130_fd_sc_hd__or3_4                                         │ 3           │
│ sky130_fd_sc_hd__or4_4                                         │ 2           │
│ sky130_fd_sc_hd__or4b_4                                        │ 2           │
│ sky130_fd_sc_hd__tapvpwrvgnd_1                                 │ 168         │
│ sky130_fd_sc_hd__xnor2_2                                       │ 29          │
│ sky130_fd_sc_hd__xnor2_4                                       │ 5           │
│ sky130_fd_sc_hd__xor2_2                                        │ 25          │
│ sky130_fd_sc_hd__xor2_4                                        │ 5           │
└────────────────────────────────────────────────────────────────┴─────────────┘
                               Cells by Function                                
┏━━━━━━━━━━━━━━━━━━━━━━━━━━━━━━━━━━━━━━━━━━━━━━━━━━━━━━━━━━━━━━━━┳━━━━━━━━━━━━━┓
┃ Cell Function                                                  ┃ Count       ┃
┡━━━━━━━━━━━━━━━━━━━━━━━━━━━━━━━━━━━━━━━━━━━━━━━━━━━━━━━━━━━━━━━━╇━━━━━━━━━━━━━┩
│ sky130_fd_sc_hd__a2111o                                        │ 2           │
│ sky130_fd_sc_hd__a211o                                         │ 2           │
│ sky130_fd_sc_hd__a211oi                                        │ 3           │
│ sky130_fd_sc_hd__a21bo                                         │ 2           │
│ sky130_fd_sc_hd__a21o                                          │ 6           │
│ sky130_fd_sc_hd__a21oi                                         │ 15          │
│ sky130_fd_sc_hd__a22o                                          │ 2           │
│ sky130_fd_sc_hd__a31o                                          │ 2           │
│ sky130_fd_sc_hd__a31oi                                         │ 1           │
│ sky130_fd_sc_hd__a41o                                          │ 1           │
│ sky130_fd_sc_hd__and2                                          │ 7           │
│ sky130_fd_sc_hd__and2b                                         │ 3           │
│ sky130_fd_sc_hd__and3                                          │ 10          │
│ sky130_fd_sc_hd__and3b                                         │ 1           │
│ sky130_fd_sc_hd__buf                                           │ 41          │
│ sky130_fd_sc_hd__clkbuf                                        │ 5           │
│ sky130_fd_sc_hd__clkdlybuf4s25                                 │ 72          │
│ sky130_fd_sc_hd__decap                                         │ 2003        │
│ sky130_fd_sc_hd__dlymetal6s2s                                  │ 2           │
│ sky130_fd_sc_hd__dlymetal6s4s                                  │ 2           │
│ sky130_fd_sc_hd__fill                                          │ 257         │
│ sky130_fd_sc_hd__inv                                           │ 1           │
│ sky130_fd_sc_hd__mux2                                          │ 1           │
│ sky130_fd_sc_hd__nand2                                         │ 32          │
│ sky130_fd_sc_hd__nand2b                                        │ 5           │
│ sky130_fd_sc_hd__nand3                                         │ 5           │
│ sky130_fd_sc_hd__nor2                                          │ 5           │
│ sky130_fd_sc_hd__nor3                                          │ 2           │
│ sky130_fd_sc_hd__o211a                                         │ 5           │
│ sky130_fd_sc_hd__o21a                                          │ 4           │
│ sky130_fd_sc_hd__o21ai                                         │ 11          │
│ sky130_fd_sc_hd__o21ba                                         │ 4           │
│ sky130_fd_sc_hd__o22a                                          │ 1           │
│ sky130_fd_sc_hd__o2bb2ai                                       │ 1           │
│ sky130_fd_sc_hd__o31a                                          │ 3           │
│ sky130_fd_sc_hd__o41a                                          │ 1           │
│ sky130_fd_sc_hd__or2                                           │ 32          │
│ sky130_fd_sc_hd__or3                                           │ 3           │
│ sky130_fd_sc_hd__or4                                           │ 2           │
│ sky130_fd_sc_hd__or4b                                          │ 2           │
│ sky130_fd_sc_hd__tapvpwrvgnd                                   │ 168         │
│ sky130_fd_sc_hd__xnor2                                         │ 34          │
│ sky130_fd_sc_hd__xor2                                          │ 30          │
└────────────────────────────────────────────────────────────────┴─────────────┘
                                  Cells by SCL                                  
┏━━━━━━━━━━━━━━━━━━━━━━━━━━━━━━━━━━━━━━━━━━━━━━━━━━━━━━━┳━━━━━━━━━━━━━━━━━━━━━━┓
┃ SCL                                                   ┃ Count                ┃
┡━━━━━━━━━━━━━━━━━━━━━━━━━━━━━━━━━━━━━━━━━━━━━━━━━━━━━━━╇━━━━━━━━━━━━━━━━━━━━━━┩
│ sky130_fd_sc_hd                                       │ 2791                 │
└───────────────────────────────────────────────────────┴──────────────────────┘
                             Buffers by Cell Master                             
┏━━━━━━━━━━━━━━━━━━━━━━━━━━━━━━━━━━━━━━━━━━━━━━━━━━━━━━━━━━━━━━━━┳━━━━━━━━━━━━━┓
┃ Buffer                                                         ┃ Count       ┃
┡━━━━━━━━━━━━━━━━━━━━━━━━━━━━━━━━━━━━━━━━━━━━━━━━━━━━━━━━━━━━━━━━╇━━━━━━━━━━━━━┩
│ sky130_fd_sc_hd__buf_12                                        │ 2           │
│ sky130_fd_sc_hd__buf_2                                         │ 14          │
│ sky130_fd_sc_hd__buf_4                                         │ 4           │
│ sky130_fd_sc_hd__buf_6                                         │ 17          │
│ sky130_fd_sc_hd__buf_8                                         │ 4           │
│ sky130_fd_sc_hd__clkbuf_2                                      │ 2           │
│ sky130_fd_sc_hd__clkbuf_4                                      │ 3           │
│ sky130_fd_sc_hd__clkdlybuf4s25_1                               │ 72          │
│ sky130_fd_sc_hd__dlymetal6s2s_1                                │ 2           │
│ sky130_fd_sc_hd__dlymetal6s4s_1                                │ 2           │
└────────────────────────────────────────────────────────────────┴─────────────┘
