
===========================================================================
Violator List
============================================================================
[setup in-out] sub -> S[24] : -2.624756
[setup in-out] sub -> S[21] : -2.610194
[setup in-out] sub -> S[22] : -2.607814
[setup in-out] sub -> S[20] : -2.599402
[setup in-out] sub -> S[31] : -2.549832
[setup in-out] sub -> S[26] : -2.520841
[setup in-out] sub -> S[28] : -2.500231
[setup in-out] sub -> S[23] : -2.495571
[setup in-out] sub -> S[30] : -2.481648
[setup in-out] sub -> S[25] : -2.461444
[setup in-out] sub -> S[27] : -2.416187
[setup in-out] sub -> S[19] : -2.414280
[setup in-out] sub -> S[29] : -2.403548
[setup in-out] sub -> S[15] : -2.370912
[setup in-out] sub -> carryOut : -2.355534
[setup in-out] sub -> S[17] : -2.326137
[setup in-out] sub -> S[18] : -2.307454
[setup in-out] sub -> S[13] : -2.179747
[setup in-out] sub -> S[14] : -2.117043
[setup in-out] sub -> S[11] : -2.034227
[setup in-out] sub -> S[16] : -1.960568
[setup in-out] sub -> S[7] : -1.859924
[setup in-out] sub -> S[12] : -1.834405
[setup in-out] sub -> S[9] : -1.783603
[setup in-out] sub -> S[6] : -1.779979
[setup in-out] sub -> S[10] : -1.716439
[setup in-out] sub -> S[8] : -1.526212
[setup in-out] sub -> S[5] : -1.475738
[setup in-out] sub -> S[4] : -1.377080
[setup in-out] sub -> S[3] : -1.226777
[setup in-out] sub -> S[2] : -1.066570
[setup in-out] sub -> S[1] : -0.411317
