
===========================================================================
report_checks -path_delay min (Hold)
============================================================================
======================= nom_tt_025C_1v80 Corner ===================================

Startpoint: A[31] (input port clocked by __VIRTUAL_CLK__)
Endpoint: carryOut (output port clocked by __VIRTUAL_CLK__)
Path Group: __VIRTUAL_CLK__
Path Type: min

Fanout         Cap        Slew       Delay        Time   Description
---------------------------------------------------------------------------------------------
                      0.000000    0.000000    0.000000   clock __VIRTUAL_CLK__ (rise edge)
                                  0.000000    0.000000   clock network delay (ideal)
                                  0.800000    0.800000 v input external delay
     2    0.017651    0.040938    0.026988    0.826988 v A[31] (in)
                                                         A[31] (net)
                      0.040938    0.000000    0.826988 v _651_/A1_N (sky130_fd_sc_hd__o2bb2ai_4)
     1    0.034552    0.096988    0.170814    0.997802 v _651_/Y (sky130_fd_sc_hd__o2bb2ai_4)
                                                         carryOut (net)
                      0.096988    0.000152    0.997955 v carryOut (out)
                                              0.997955   data arrival time

                      0.000000    0.000000    0.000000   clock __VIRTUAL_CLK__ (rise edge)
                                  0.000000    0.000000   clock network delay (ideal)
                                  0.250000    0.250000   clock uncertainty
                                  0.000000    0.250000   clock reconvergence pessimism
                                 -0.800000   -0.550000   output external delay
                                             -0.550000   data required time
---------------------------------------------------------------------------------------------
                                             -0.550000   data required time
                                             -0.997955   data arrival time
---------------------------------------------------------------------------------------------
                                              1.547954   slack (MET)


Startpoint: A[0] (input port clocked by __VIRTUAL_CLK__)
Endpoint: S[0] (output port clocked by __VIRTUAL_CLK__)
Path Group: __VIRTUAL_CLK__
Path Type: min

Fanout         Cap        Slew       Delay        Time   Description
---------------------------------------------------------------------------------------------
                      0.000000    0.000000    0.000000   clock __VIRTUAL_CLK__ (rise edge)
                                  0.000000    0.000000   clock network delay (ideal)
                                  0.800000    0.800000 ^ input external delay
     4    0.019309    0.092580    0.060209    0.860209 ^ A[0] (in)
                                                         A[0] (net)
                      0.092580    0.000000    0.860209 ^ _615_/A (sky130_fd_sc_hd__xor2_2)
     1    0.034708    0.102297    0.157149    1.017358 v _615_/X (sky130_fd_sc_hd__xor2_2)
                                                         S[0] (net)
                      0.102297    0.000273    1.017631 v S[0] (out)
                                              1.017631   data arrival time

                      0.000000    0.000000    0.000000   clock __VIRTUAL_CLK__ (rise edge)
                                  0.000000    0.000000   clock network delay (ideal)
                                  0.250000    0.250000   clock uncertainty
                                  0.000000    0.250000   clock reconvergence pessimism
                                 -0.800000   -0.550000   output external delay
                                             -0.550000   data required time
---------------------------------------------------------------------------------------------
                                             -0.550000   data required time
                                             -1.017631   data arrival time
---------------------------------------------------------------------------------------------
                                              1.567631   slack (MET)


Startpoint: A[20] (input port clocked by __VIRTUAL_CLK__)
Endpoint: S[21] (output port clocked by __VIRTUAL_CLK__)
Path Group: __VIRTUAL_CLK__
Path Type: min

Fanout         Cap        Slew       Delay        Time   Description
---------------------------------------------------------------------------------------------
                      0.000000    0.000000    0.000000   clock __VIRTUAL_CLK__ (rise edge)
                                  0.000000    0.000000   clock network delay (ideal)
                                  0.800000    0.800000 v input external delay
     2    0.011090    0.026874    0.017050    0.817050 v A[20] (in)
                                                         A[20] (net)
                      0.026875    0.000000    0.817050 v _460_/B1 (sky130_fd_sc_hd__o21ai_4)
     3    0.013105    0.066280    0.059272    0.876322 ^ _460_/Y (sky130_fd_sc_hd__o21ai_4)
                                                         _185_ (net)
                      0.066280    0.000037    0.876359 ^ _479_/B2 (sky130_fd_sc_hd__o2bb2ai_2)
     1    0.004617    0.032365    0.053436    0.929795 v _479_/Y (sky130_fd_sc_hd__o2bb2ai_2)
                                                         _203_ (net)
                      0.032365    0.000008    0.929803 v _481_/B1 (sky130_fd_sc_hd__o21ai_2)
     1    0.009554    0.075622    0.065035    0.994838 ^ _481_/Y (sky130_fd_sc_hd__o21ai_2)
                                                         _205_ (net)
                      0.075622    0.000013    0.994850 ^ _482_/B (sky130_fd_sc_hd__nand2_4)
     1    0.036301    0.084346    0.092478    1.087329 v _482_/Y (sky130_fd_sc_hd__nand2_4)
                                                         S[21] (net)
                      0.084353    0.000613    1.087942 v S[21] (out)
                                              1.087942   data arrival time

                      0.000000    0.000000    0.000000   clock __VIRTUAL_CLK__ (rise edge)
                                  0.000000    0.000000   clock network delay (ideal)
                                  0.250000    0.250000   clock uncertainty
                                  0.000000    0.250000   clock reconvergence pessimism
                                 -0.800000   -0.550000   output external delay
                                             -0.550000   data required time
---------------------------------------------------------------------------------------------
                                             -0.550000   data required time
                                             -1.087942   data arrival time
---------------------------------------------------------------------------------------------
                                              1.637941   slack (MET)


Startpoint: A[25] (input port clocked by __VIRTUAL_CLK__)
Endpoint: S[25] (output port clocked by __VIRTUAL_CLK__)
Path Group: __VIRTUAL_CLK__
Path Type: min

Fanout         Cap        Slew       Delay        Time   Description
---------------------------------------------------------------------------------------------
                      0.000000    0.000000    0.000000   clock __VIRTUAL_CLK__ (rise edge)
                                  0.000000    0.000000   clock network delay (ideal)
                                  0.800000    0.800000 v input external delay
     2    0.007149    0.018277    0.010994    0.810994 v A[25] (in)
                                                         A[25] (net)
                      0.018277    0.000000    0.810994 v _535_/B1 (sky130_fd_sc_hd__o21ai_2)
     2    0.007540    0.064285    0.052272    0.863265 ^ _535_/Y (sky130_fd_sc_hd__o21ai_2)
                                                         _255_ (net)
                      0.064285    0.000008    0.863273 ^ _537_/A2 (sky130_fd_sc_hd__o21bai_2)
     4    0.013460    0.066470    0.083743    0.947016 v _537_/Y (sky130_fd_sc_hd__o21bai_2)
                                                         _257_ (net)
                      0.066470    0.000038    0.947054 v _539_/B1 (sky130_fd_sc_hd__o21ai_2)
     1    0.004745    0.051717    0.061428    1.008482 ^ _539_/Y (sky130_fd_sc_hd__o21ai_2)
                                                         _259_ (net)
                      0.051717    0.000003    1.008485 ^ _540_/B (sky130_fd_sc_hd__nand2_2)
     1    0.035048    0.141399    0.128313    1.136799 v _540_/Y (sky130_fd_sc_hd__nand2_2)
                                                         S[25] (net)
                      0.141400    0.000354    1.137153 v S[25] (out)
                                              1.137153   data arrival time

                      0.000000    0.000000    0.000000   clock __VIRTUAL_CLK__ (rise edge)
                                  0.000000    0.000000   clock network delay (ideal)
                                  0.250000    0.250000   clock uncertainty
                                  0.000000    0.250000   clock reconvergence pessimism
                                 -0.800000   -0.550000   output external delay
                                             -0.550000   data required time
---------------------------------------------------------------------------------------------
                                             -0.550000   data required time
                                             -1.137153   data arrival time
---------------------------------------------------------------------------------------------
                                              1.687153   slack (MET)


Startpoint: A[22] (input port clocked by __VIRTUAL_CLK__)
Endpoint: S[22] (output port clocked by __VIRTUAL_CLK__)
Path Group: __VIRTUAL_CLK__
Path Type: min

Fanout         Cap        Slew       Delay        Time   Description
---------------------------------------------------------------------------------------------
                      0.000000    0.000000    0.000000   clock __VIRTUAL_CLK__ (rise edge)
                                  0.000000    0.000000   clock network delay (ideal)
                                  0.800000    0.800000 v input external delay
     3    0.014001    0.033099    0.021511    0.821511 v A[22] (in)
                                                         A[22] (net)
                      0.033100    0.000000    0.821511 v _491_/C (sky130_fd_sc_hd__nand3b_4)
     6    0.025300    0.094320    0.099721    0.921232 ^ _491_/Y (sky130_fd_sc_hd__nand3b_4)
                                                         _214_ (net)
                      0.094320    0.000167    0.921399 ^ _494_/A (sky130_fd_sc_hd__nand2_2)
     2    0.006828    0.041366    0.058984    0.980383 v _494_/Y (sky130_fd_sc_hd__nand2_2)
                                                         _217_ (net)
                      0.041366    0.000010    0.980393 v _496_/B (sky130_fd_sc_hd__nand2_2)
     1    0.009465    0.060792    0.074798    1.055191 ^ _496_/Y (sky130_fd_sc_hd__nand2_2)
                                                         _219_ (net)
                      0.060792    0.000009    1.055201 ^ _497_/B (sky130_fd_sc_hd__nand2_4)
     1    0.034896    0.081395    0.086973    1.142174 v _497_/Y (sky130_fd_sc_hd__nand2_4)
                                                         S[22] (net)
                      0.081397    0.000316    1.142490 v S[22] (out)
                                              1.142490   data arrival time

                      0.000000    0.000000    0.000000   clock __VIRTUAL_CLK__ (rise edge)
                                  0.000000    0.000000   clock network delay (ideal)
                                  0.250000    0.250000   clock uncertainty
                                  0.000000    0.250000   clock reconvergence pessimism
                                 -0.800000   -0.550000   output external delay
                                             -0.550000   data required time
---------------------------------------------------------------------------------------------
                                             -0.550000   data required time
                                             -1.142490   data arrival time
---------------------------------------------------------------------------------------------
                                              1.692490   slack (MET)


Startpoint: A[12] (input port clocked by __VIRTUAL_CLK__)
Endpoint: S[13] (output port clocked by __VIRTUAL_CLK__)
Path Group: __VIRTUAL_CLK__
Path Type: min

Fanout         Cap        Slew       Delay        Time   Description
---------------------------------------------------------------------------------------------
                      0.000000    0.000000    0.000000   clock __VIRTUAL_CLK__ (rise edge)
                                  0.000000    0.000000   clock network delay (ideal)
                                  0.800000    0.800000 ^ input external delay
     4    0.015187    0.074221    0.047984    0.847984 ^ A[12] (in)
                                                         A[12] (net)
                      0.074221    0.000000    0.847984 ^ _643_/A1 (sky130_fd_sc_hd__a22o_2)
     1    0.008529    0.060234    0.152340    1.000324 ^ _643_/X (sky130_fd_sc_hd__a22o_2)
                                                         _343_ (net)
                      0.060234    0.000004    1.000328 ^ _644_/B (sky130_fd_sc_hd__xnor2_2)
     1    0.034926    0.158795    0.147482    1.147811 v _644_/Y (sky130_fd_sc_hd__xnor2_2)
                                                         S[13] (net)
                      0.158796    0.000210    1.148020 v S[13] (out)
                                              1.148020   data arrival time

                      0.000000    0.000000    0.000000   clock __VIRTUAL_CLK__ (rise edge)
                                  0.000000    0.000000   clock network delay (ideal)
                                  0.250000    0.250000   clock uncertainty
                                  0.000000    0.250000   clock reconvergence pessimism
                                 -0.800000   -0.550000   output external delay
                                             -0.550000   data required time
---------------------------------------------------------------------------------------------
                                             -0.550000   data required time
                                             -1.148020   data arrival time
---------------------------------------------------------------------------------------------
                                              1.698020   slack (MET)


Startpoint: A[3] (input port clocked by __VIRTUAL_CLK__)
Endpoint: S[3] (output port clocked by __VIRTUAL_CLK__)
Path Group: __VIRTUAL_CLK__
Path Type: min

Fanout         Cap        Slew       Delay        Time   Description
---------------------------------------------------------------------------------------------
                      0.000000    0.000000    0.000000   clock __VIRTUAL_CLK__ (rise edge)
                                  0.000000    0.000000   clock network delay (ideal)
                                  0.800000    0.800000 v input external delay
     2    0.008545    0.021327    0.013170    0.813170 v A[3] (in)
                                                         A[3] (net)
                      0.021328    0.000000    0.813170 v _401_/B1 (sky130_fd_sc_hd__o21ai_2)
     3    0.012267    0.090574    0.070262    0.883432 ^ _401_/Y (sky130_fd_sc_hd__o21ai_2)
                                                         _130_ (net)
                      0.090574    0.000015    0.883447 ^ _404_/A2 (sky130_fd_sc_hd__o21ai_2)
     2    0.009374    0.048363    0.070695    0.954142 v _404_/Y (sky130_fd_sc_hd__o21ai_2)
                                                         _133_ (net)
                      0.048363    0.000031    0.954173 v _622_/B (sky130_fd_sc_hd__nand3_2)
     1    0.004974    0.043300    0.067236    1.021409 ^ _622_/Y (sky130_fd_sc_hd__nand3_2)
                                                         _332_ (net)
                      0.043300    0.000005    1.021414 ^ _623_/B (sky130_fd_sc_hd__nand2b_2)
     1    0.036639    0.152244    0.139337    1.160751 v _623_/Y (sky130_fd_sc_hd__nand2b_2)
                                                         S[3] (net)
                      0.152246    0.000476    1.161226 v S[3] (out)
                                              1.161226   data arrival time

                      0.000000    0.000000    0.000000   clock __VIRTUAL_CLK__ (rise edge)
                                  0.000000    0.000000   clock network delay (ideal)
                                  0.250000    0.250000   clock uncertainty
                                  0.000000    0.250000   clock reconvergence pessimism
                                 -0.800000   -0.550000   output external delay
                                             -0.550000   data required time
---------------------------------------------------------------------------------------------
                                             -0.550000   data required time
                                             -1.161226   data arrival time
---------------------------------------------------------------------------------------------
                                              1.711226   slack (MET)


Startpoint: A[30] (input port clocked by __VIRTUAL_CLK__)
Endpoint: S[30] (output port clocked by __VIRTUAL_CLK__)
Path Group: __VIRTUAL_CLK__
Path Type: min

Fanout         Cap        Slew       Delay        Time   Description
---------------------------------------------------------------------------------------------
                      0.000000    0.000000    0.000000   clock __VIRTUAL_CLK__ (rise edge)
                                  0.000000    0.000000   clock network delay (ideal)
                                  0.800000    0.800000 ^ input external delay
     3    0.005994    0.033646    0.019985    0.819985 ^ A[30] (in)
                                                         A[30] (net)
                      0.033646    0.000000    0.819985 ^ _595_/B1_N (sky130_fd_sc_hd__o21bai_2)
     2    0.010378    0.077142    0.115135    0.935120 ^ _595_/Y (sky130_fd_sc_hd__o21bai_2)
                                                         _310_ (net)
                      0.077142    0.000045    0.935164 ^ _596_/B (sky130_fd_sc_hd__nand2_2)
     2    0.006864    0.040898    0.060088    0.995253 v _596_/Y (sky130_fd_sc_hd__nand2_2)
                                                         _311_ (net)
                      0.040898    0.000012    0.995265 v _602_/B1 (sky130_fd_sc_hd__o21ai_2)
     1    0.009006    0.072617    0.066555    1.061820 ^ _602_/Y (sky130_fd_sc_hd__o21ai_2)
                                                         _317_ (net)
                      0.072617    0.000000    1.061821 ^ _604_/B1 (sky130_fd_sc_hd__o21ai_4)
     1    0.036595    0.091157    0.100504    1.162324 v _604_/Y (sky130_fd_sc_hd__o21ai_4)
                                                         S[30] (net)
                      0.091160    0.000435    1.162759 v S[30] (out)
                                              1.162759   data arrival time

                      0.000000    0.000000    0.000000   clock __VIRTUAL_CLK__ (rise edge)
                                  0.000000    0.000000   clock network delay (ideal)
                                  0.250000    0.250000   clock uncertainty
                                  0.000000    0.250000   clock reconvergence pessimism
                                 -0.800000   -0.550000   output external delay
                                             -0.550000   data required time
---------------------------------------------------------------------------------------------
                                             -0.550000   data required time
                                             -1.162759   data arrival time
---------------------------------------------------------------------------------------------
                                              1.712759   slack (MET)


Startpoint: A[31] (input port clocked by __VIRTUAL_CLK__)
Endpoint: S[31] (output port clocked by __VIRTUAL_CLK__)
Path Group: __VIRTUAL_CLK__
Path Type: min

Fanout         Cap        Slew       Delay        Time   Description
---------------------------------------------------------------------------------------------
                      0.000000    0.000000    0.000000   clock __VIRTUAL_CLK__ (rise edge)
                                  0.000000    0.000000   clock network delay (ideal)
                                  0.800000    0.800000 ^ input external delay
     2    0.019261    0.092354    0.060044    0.860044 ^ A[31] (in)
                                                         A[31] (net)
                      0.092354    0.000000    0.860044 ^ _607_/A (sky130_fd_sc_hd__xnor2_2)
     3    0.008682    0.054684    0.086002    0.946046 v _607_/Y (sky130_fd_sc_hd__xnor2_2)
                                                         _321_ (net)
                      0.054684    0.000025    0.946071 v _612_/B (sky130_fd_sc_hd__nor2_2)
     1    0.009410    0.129208    0.116405    1.062476 ^ _612_/Y (sky130_fd_sc_hd__nor2_2)
                                                         _326_ (net)
                      0.129208    0.000010    1.062485 ^ _614_/B2 (sky130_fd_sc_hd__a22oi_4)
     1    0.035558    0.097023    0.110665    1.173150 v _614_/Y (sky130_fd_sc_hd__a22oi_4)
                                                         S[31] (net)
                      0.097024    0.000292    1.173442 v S[31] (out)
                                              1.173442   data arrival time

                      0.000000    0.000000    0.000000   clock __VIRTUAL_CLK__ (rise edge)
                                  0.000000    0.000000   clock network delay (ideal)
                                  0.250000    0.250000   clock uncertainty
                                  0.000000    0.250000   clock reconvergence pessimism
                                 -0.800000   -0.550000   output external delay
                                             -0.550000   data required time
---------------------------------------------------------------------------------------------
                                             -0.550000   data required time
                                             -1.173442   data arrival time
---------------------------------------------------------------------------------------------
                                              1.723442   slack (MET)


Startpoint: A[4] (input port clocked by __VIRTUAL_CLK__)
Endpoint: S[4] (output port clocked by __VIRTUAL_CLK__)
Path Group: __VIRTUAL_CLK__
Path Type: min

Fanout         Cap        Slew       Delay        Time   Description
---------------------------------------------------------------------------------------------
                      0.000000    0.000000    0.000000   clock __VIRTUAL_CLK__ (rise edge)
                                  0.000000    0.000000   clock network delay (ideal)
                                  0.800000    0.800000 v input external delay
     3    0.010042    0.024603    0.015482    0.815482 v A[4] (in)
                                                         A[4] (net)
                      0.024604    0.000000    0.815482 v _364_/B1 (sky130_fd_sc_hd__o21ai_2)
     3    0.010385    0.080191    0.064848    0.880331 ^ _364_/Y (sky130_fd_sc_hd__o21ai_2)
                                                         _093_ (net)
                      0.080191    0.000014    0.880345 ^ _368_/A2 (sky130_fd_sc_hd__o21a_2)
     1    0.009146    0.060780    0.133040    1.013385 ^ _368_/X (sky130_fd_sc_hd__o21a_2)
                                                         _097_ (net)
                      0.060780    0.000004    1.013389 ^ _625_/A (sky130_fd_sc_hd__xnor2_2)
     1    0.036290    0.165017    0.160346    1.173735 v _625_/Y (sky130_fd_sc_hd__xnor2_2)
                                                         S[4] (net)
                      0.165018    0.000634    1.174369 v S[4] (out)
                                              1.174369   data arrival time

                      0.000000    0.000000    0.000000   clock __VIRTUAL_CLK__ (rise edge)
                                  0.000000    0.000000   clock network delay (ideal)
                                  0.250000    0.250000   clock uncertainty
                                  0.000000    0.250000   clock reconvergence pessimism
                                 -0.800000   -0.550000   output external delay
                                             -0.550000   data required time
---------------------------------------------------------------------------------------------
                                             -0.550000   data required time
                                             -1.174369   data arrival time
---------------------------------------------------------------------------------------------
                                              1.724369   slack (MET)


Startpoint: A[12] (input port clocked by __VIRTUAL_CLK__)
Endpoint: S[14] (output port clocked by __VIRTUAL_CLK__)
Path Group: __VIRTUAL_CLK__
Path Type: min

Fanout         Cap        Slew       Delay        Time   Description
---------------------------------------------------------------------------------------------
                      0.000000    0.000000    0.000000   clock __VIRTUAL_CLK__ (rise edge)
                                  0.000000    0.000000   clock network delay (ideal)
                                  0.800000    0.800000 ^ input external delay
     4    0.015187    0.074221    0.047987    0.847987 ^ A[12] (in)
                                                         A[12] (net)
                      0.074221    0.000000    0.847987 ^ _677_/C (sky130_fd_sc_hd__nand3_2)
     2    0.009785    0.075858    0.093181    0.941168 v _677_/Y (sky130_fd_sc_hd__nand3_2)
                                                         _024_ (net)
                      0.075858    0.000025    0.941193 v _645_/C1 (sky130_fd_sc_hd__o211ai_2)
     1    0.008532    0.079688    0.082848    1.024040 ^ _645_/Y (sky130_fd_sc_hd__o211ai_2)
                                                         _344_ (net)
                      0.079688    0.000002    1.024042 ^ _647_/B (sky130_fd_sc_hd__xor2_2)
     1    0.035707    0.104556    0.150186    1.174228 v _647_/X (sky130_fd_sc_hd__xor2_2)
                                                         S[14] (net)
                      0.104556    0.000318    1.174546 v S[14] (out)
                                              1.174546   data arrival time

                      0.000000    0.000000    0.000000   clock __VIRTUAL_CLK__ (rise edge)
                                  0.000000    0.000000   clock network delay (ideal)
                                  0.250000    0.250000   clock uncertainty
                                  0.000000    0.250000   clock reconvergence pessimism
                                 -0.800000   -0.550000   output external delay
                                             -0.550000   data required time
---------------------------------------------------------------------------------------------
                                             -0.550000   data required time
                                             -1.174546   data arrival time
---------------------------------------------------------------------------------------------
                                              1.724546   slack (MET)


Startpoint: A[29] (input port clocked by __VIRTUAL_CLK__)
Endpoint: S[29] (output port clocked by __VIRTUAL_CLK__)
Path Group: __VIRTUAL_CLK__
Path Type: min

Fanout         Cap        Slew       Delay        Time   Description
---------------------------------------------------------------------------------------------
                      0.000000    0.000000    0.000000   clock __VIRTUAL_CLK__ (rise edge)
                                  0.000000    0.000000   clock network delay (ideal)
                                  0.800000    0.800000 ^ input external delay
     3    0.009019    0.047053    0.029356    0.829356 ^ A[29] (in)
                                                         A[29] (net)
                      0.047055    0.000000    0.829356 ^ _586_/B1_N (sky130_fd_sc_hd__o21bai_2)
     2    0.006565    0.061047    0.106912    0.936268 ^ _586_/Y (sky130_fd_sc_hd__o21bai_2)
                                                         _302_ (net)
                      0.061047    0.000011    0.936280 ^ _587_/B (sky130_fd_sc_hd__nand2_2)
     2    0.007043    0.038291    0.056796    0.993075 v _587_/Y (sky130_fd_sc_hd__nand2_2)
                                                         _303_ (net)
                      0.038291    0.000036    0.993112 v _589_/B1 (sky130_fd_sc_hd__o21ai_2)
     1    0.004737    0.048674    0.049966    1.043078 ^ _589_/Y (sky130_fd_sc_hd__o21ai_2)
                                                         _305_ (net)
                      0.048674    0.000004    1.043082 ^ _590_/B1 (sky130_fd_sc_hd__o21ai_2)
     1    0.037664    0.149154    0.131113    1.174195 v _590_/Y (sky130_fd_sc_hd__o21ai_2)
                                                         S[29] (net)
                      0.149157    0.000592    1.174787 v S[29] (out)
                                              1.174787   data arrival time

                      0.000000    0.000000    0.000000   clock __VIRTUAL_CLK__ (rise edge)
                                  0.000000    0.000000   clock network delay (ideal)
                                  0.250000    0.250000   clock uncertainty
                                  0.000000    0.250000   clock reconvergence pessimism
                                 -0.800000   -0.550000   output external delay
                                             -0.550000   data required time
---------------------------------------------------------------------------------------------
                                             -0.550000   data required time
                                             -1.174787   data arrival time
---------------------------------------------------------------------------------------------
                                              1.724787   slack (MET)


Startpoint: A[2] (input port clocked by __VIRTUAL_CLK__)
Endpoint: S[2] (output port clocked by __VIRTUAL_CLK__)
Path Group: __VIRTUAL_CLK__
Path Type: min

Fanout         Cap        Slew       Delay        Time   Description
---------------------------------------------------------------------------------------------
                      0.000000    0.000000    0.000000   clock __VIRTUAL_CLK__ (rise edge)
                                  0.000000    0.000000   clock network delay (ideal)
                                  0.800000    0.800000 v input external delay
     2    0.009364    0.023109    0.014415    0.814415 v A[2] (in)
                                                         A[2] (net)
                      0.023109    0.000000    0.814415 v _397_/B1 (sky130_fd_sc_hd__o21ai_2)
     3    0.012334    0.087741    0.071148    0.885562 ^ _397_/Y (sky130_fd_sc_hd__o21ai_2)
                                                         _126_ (net)
                      0.087741    0.000050    0.885612 ^ _398_/A2 (sky130_fd_sc_hd__o21a_2)
     1    0.009764    0.063747    0.137420    1.023032 ^ _398_/X (sky130_fd_sc_hd__o21a_2)
                                                         _127_ (net)
                      0.063747    0.000024    1.023056 ^ _620_/A (sky130_fd_sc_hd__xor2_2)
     1    0.035678    0.104572    0.151298    1.174353 v _620_/X (sky130_fd_sc_hd__xor2_2)
                                                         S[2] (net)
                      0.104573    0.000494    1.174847 v S[2] (out)
                                              1.174847   data arrival time

                      0.000000    0.000000    0.000000   clock __VIRTUAL_CLK__ (rise edge)
                                  0.000000    0.000000   clock network delay (ideal)
                                  0.250000    0.250000   clock uncertainty
                                  0.000000    0.250000   clock reconvergence pessimism
                                 -0.800000   -0.550000   output external delay
                                             -0.550000   data required time
---------------------------------------------------------------------------------------------
                                             -0.550000   data required time
                                             -1.174847   data arrival time
---------------------------------------------------------------------------------------------
                                              1.724847   slack (MET)


Startpoint: A[26] (input port clocked by __VIRTUAL_CLK__)
Endpoint: S[27] (output port clocked by __VIRTUAL_CLK__)
Path Group: __VIRTUAL_CLK__
Path Type: min

Fanout         Cap        Slew       Delay        Time   Description
---------------------------------------------------------------------------------------------
                      0.000000    0.000000    0.000000   clock __VIRTUAL_CLK__ (rise edge)
                                  0.000000    0.000000   clock network delay (ideal)
                                  0.800000    0.800000 ^ input external delay
     2    0.004613    0.027601    0.015756    0.815756 ^ A[26] (in)
                                                         A[26] (net)
                      0.027609    0.000000    0.815756 ^ _548_/B1_N (sky130_fd_sc_hd__o21bai_2)
     2    0.007217    0.062269    0.102135    0.917891 ^ _548_/Y (sky130_fd_sc_hd__o21bai_2)
                                                         _267_ (net)
                      0.062269    0.000022    0.917913 ^ _560_/A2 (sky130_fd_sc_hd__a21boi_2)
     3    0.012319    0.056423    0.072425    0.990339 v _560_/Y (sky130_fd_sc_hd__a21boi_2)
                                                         _278_ (net)
                      0.056423    0.000080    0.990418 v _563_/A (sky130_fd_sc_hd__nand2_2)
     1    0.004831    0.039146    0.056473    1.046891 ^ _563_/Y (sky130_fd_sc_hd__nand2_2)
                                                         _281_ (net)
                      0.039146    0.000003    1.046894 ^ _564_/A2 (sky130_fd_sc_hd__o21ai_2)
     1    0.036729    0.145838    0.129095    1.175989 v _564_/Y (sky130_fd_sc_hd__o21ai_2)
                                                         S[27] (net)
                      0.145840    0.000479    1.176468 v S[27] (out)
                                              1.176468   data arrival time

                      0.000000    0.000000    0.000000   clock __VIRTUAL_CLK__ (rise edge)
                                  0.000000    0.000000   clock network delay (ideal)
                                  0.250000    0.250000   clock uncertainty
                                  0.000000    0.250000   clock reconvergence pessimism
                                 -0.800000   -0.550000   output external delay
                                             -0.550000   data required time
---------------------------------------------------------------------------------------------
                                             -0.550000   data required time
                                             -1.176468   data arrival time
---------------------------------------------------------------------------------------------
                                              1.726468   slack (MET)


Startpoint: A[23] (input port clocked by __VIRTUAL_CLK__)
Endpoint: S[23] (output port clocked by __VIRTUAL_CLK__)
Path Group: __VIRTUAL_CLK__
Path Type: min

Fanout         Cap        Slew       Delay        Time   Description
---------------------------------------------------------------------------------------------
                      0.000000    0.000000    0.000000   clock __VIRTUAL_CLK__ (rise edge)
                                  0.000000    0.000000   clock network delay (ideal)
                                  0.800000    0.800000 v input external delay
     3    0.010440    0.025470    0.016084    0.816084 v A[23] (in)
                                                         A[23] (net)
                      0.025471    0.000000    0.816084 v _502_/B1 (sky130_fd_sc_hd__o21ai_2)
     4    0.015474    0.108282    0.083262    0.899346 ^ _502_/Y (sky130_fd_sc_hd__o21ai_2)
                                                         _224_ (net)
                      0.108282    0.000025    0.899371 ^ _505_/A2 (sky130_fd_sc_hd__o21ai_2)
     1    0.004867    0.035171    0.060659    0.960030 v _505_/Y (sky130_fd_sc_hd__o21ai_2)
                                                         _227_ (net)
                      0.035171    0.000020    0.960050 v _512_/B1 (sky130_fd_sc_hd__a21oi_2)
     1    0.009642    0.147746    0.135257    1.095307 ^ _512_/Y (sky130_fd_sc_hd__a21oi_2)
                                                         _234_ (net)
                      0.147746    0.000018    1.095325 ^ _513_/B (sky130_fd_sc_hd__nor2_4)
     1    0.035091    0.063359    0.083659    1.178984 v _513_/Y (sky130_fd_sc_hd__nor2_4)
                                                         S[23] (net)
                      0.063360    0.000350    1.179334 v S[23] (out)
                                              1.179334   data arrival time

                      0.000000    0.000000    0.000000   clock __VIRTUAL_CLK__ (rise edge)
                                  0.000000    0.000000   clock network delay (ideal)
                                  0.250000    0.250000   clock uncertainty
                                  0.000000    0.250000   clock reconvergence pessimism
                                 -0.800000   -0.550000   output external delay
                                             -0.550000   data required time
---------------------------------------------------------------------------------------------
                                             -0.550000   data required time
                                             -1.179334   data arrival time
---------------------------------------------------------------------------------------------
                                              1.729334   slack (MET)


Startpoint: A[0] (input port clocked by __VIRTUAL_CLK__)
Endpoint: S[1] (output port clocked by __VIRTUAL_CLK__)
Path Group: __VIRTUAL_CLK__
Path Type: min

Fanout         Cap        Slew       Delay        Time   Description
---------------------------------------------------------------------------------------------
                      0.000000    0.000000    0.000000   clock __VIRTUAL_CLK__ (rise edge)
                                  0.000000    0.000000   clock network delay (ideal)
                                  0.800000    0.800000 ^ input external delay
     4    0.019309    0.092580    0.060200    0.860200 ^ A[0] (in)
                                                         A[0] (net)
                      0.092580    0.000000    0.860200 ^ _616_/A1 (sky130_fd_sc_hd__mux2_1)
     1    0.008717    0.090402    0.164797    1.024997 ^ _616_/X (sky130_fd_sc_hd__mux2_1)
                                                         _328_ (net)
                      0.090402    0.000010    1.025007 ^ _617_/B (sky130_fd_sc_hd__xnor2_2)
     1    0.034790    0.158760    0.154551    1.179558 v _617_/Y (sky130_fd_sc_hd__xnor2_2)
                                                         S[1] (net)
                      0.158761    0.000287    1.179845 v S[1] (out)
                                              1.179845   data arrival time

                      0.000000    0.000000    0.000000   clock __VIRTUAL_CLK__ (rise edge)
                                  0.000000    0.000000   clock network delay (ideal)
                                  0.250000    0.250000   clock uncertainty
                                  0.000000    0.250000   clock reconvergence pessimism
                                 -0.800000   -0.550000   output external delay
                                             -0.550000   data required time
---------------------------------------------------------------------------------------------
                                             -0.550000   data required time
                                             -1.179845   data arrival time
---------------------------------------------------------------------------------------------
                                              1.729845   slack (MET)


Startpoint: B[10] (input port clocked by __VIRTUAL_CLK__)
Endpoint: S[11] (output port clocked by __VIRTUAL_CLK__)
Path Group: __VIRTUAL_CLK__
Path Type: min

Fanout         Cap        Slew       Delay        Time   Description
---------------------------------------------------------------------------------------------
                      0.000000    0.000000    0.000000   clock __VIRTUAL_CLK__ (rise edge)
                                  0.000000    0.000000   clock network delay (ideal)
                                  0.800000    0.800000 v input external delay
     4    0.015282    0.035837    0.023425    0.823425 v B[10] (in)
                                                         B[10] (net)
                      0.035837    0.000000    0.823425 v _712_/B (sky130_fd_sc_hd__nand2_2)
     2    0.012553    0.080764    0.082850    0.906274 ^ _712_/Y (sky130_fd_sc_hd__nand2_2)
                                                         _059_ (net)
                      0.080764    0.000033    0.906307 ^ _715_/B (sky130_fd_sc_hd__nand2_4)
     4    0.016804    0.045283    0.066060    0.972367 v _715_/Y (sky130_fd_sc_hd__nand2_4)
                                                         _062_ (net)
                      0.045283    0.000110    0.972477 v _638_/B1 (sky130_fd_sc_hd__o21ai_2)
     1    0.008688    0.070869    0.067212    1.039689 ^ _638_/Y (sky130_fd_sc_hd__o21ai_2)
                                                         _340_ (net)
                      0.070869    0.000008    1.039697 ^ _639_/B (sky130_fd_sc_hd__xor2_2)
     1    0.034405    0.101569    0.143890    1.183587 v _639_/X (sky130_fd_sc_hd__xor2_2)
                                                         S[11] (net)
                      0.101569    0.000150    1.183737 v S[11] (out)
                                              1.183737   data arrival time

                      0.000000    0.000000    0.000000   clock __VIRTUAL_CLK__ (rise edge)
                                  0.000000    0.000000   clock network delay (ideal)
                                  0.250000    0.250000   clock uncertainty
                                  0.000000    0.250000   clock reconvergence pessimism
                                 -0.800000   -0.550000   output external delay
                                             -0.550000   data required time
---------------------------------------------------------------------------------------------
                                             -0.550000   data required time
                                             -1.183737   data arrival time
---------------------------------------------------------------------------------------------
                                              1.733737   slack (MET)


Startpoint: A[19] (input port clocked by __VIRTUAL_CLK__)
Endpoint: S[19] (output port clocked by __VIRTUAL_CLK__)
Path Group: __VIRTUAL_CLK__
Path Type: min

Fanout         Cap        Slew       Delay        Time   Description
---------------------------------------------------------------------------------------------
                      0.000000    0.000000    0.000000   clock __VIRTUAL_CLK__ (rise edge)
                                  0.000000    0.000000   clock network delay (ideal)
                                  0.800000    0.800000 ^ input external delay
     4    0.020753    0.099062    0.064597    0.864597 ^ A[19] (in)
                                                         A[19] (net)
                      0.099066    0.000000    0.864597 ^ _451_/B (sky130_fd_sc_hd__nand2_2)
     5    0.017640    0.078726    0.095998    0.960596 v _451_/Y (sky130_fd_sc_hd__nand2_2)
                                                         _177_ (net)
                      0.078726    0.000022    0.960618 v _456_/B (sky130_fd_sc_hd__nand4_2)
     1    0.004929    0.054896    0.091157    1.051775 ^ _456_/Y (sky130_fd_sc_hd__nand4_2)
                                                         _182_ (net)
                      0.054896    0.000007    1.051782 ^ _457_/B (sky130_fd_sc_hd__nand2_2)
     1    0.037180    0.149520    0.134500    1.186282 v _457_/Y (sky130_fd_sc_hd__nand2_2)
                                                         S[19] (net)
                      0.149527    0.000823    1.187105 v S[19] (out)
                                              1.187105   data arrival time

                      0.000000    0.000000    0.000000   clock __VIRTUAL_CLK__ (rise edge)
                                  0.000000    0.000000   clock network delay (ideal)
                                  0.250000    0.250000   clock uncertainty
                                  0.000000    0.250000   clock reconvergence pessimism
                                 -0.800000   -0.550000   output external delay
                                             -0.550000   data required time
---------------------------------------------------------------------------------------------
                                             -0.550000   data required time
                                             -1.187105   data arrival time
---------------------------------------------------------------------------------------------
                                              1.737105   slack (MET)


Startpoint: A[9] (input port clocked by __VIRTUAL_CLK__)
Endpoint: S[9] (output port clocked by __VIRTUAL_CLK__)
Path Group: __VIRTUAL_CLK__
Path Type: min

Fanout         Cap        Slew       Delay        Time   Description
---------------------------------------------------------------------------------------------
                      0.000000    0.000000    0.000000   clock __VIRTUAL_CLK__ (rise edge)
                                  0.000000    0.000000   clock network delay (ideal)
                                  0.800000    0.800000 v input external delay
     3    0.006786    0.017487    0.010435    0.810435 v A[9] (in)
                                                         A[9] (net)
                      0.017487    0.000000    0.810435 v _697_/B1_N (sky130_fd_sc_hd__o21bai_4)
     3    0.011298    0.040829    0.157620    0.968055 v _697_/Y (sky130_fd_sc_hd__o21bai_4)
                                                         _044_ (net)
                      0.040829    0.000021    0.968076 v _700_/A (sky130_fd_sc_hd__nand2_2)
     1    0.009435    0.060774    0.065800    1.033876 ^ _700_/Y (sky130_fd_sc_hd__nand2_2)
                                                         _047_ (net)
                      0.060774    0.000020    1.033896 ^ _635_/A (sky130_fd_sc_hd__xnor2_2)
     1    0.034692    0.157850    0.155877    1.189773 v _635_/Y (sky130_fd_sc_hd__xnor2_2)
                                                         S[9] (net)
                      0.157851    0.000274    1.190047 v S[9] (out)
                                              1.190047   data arrival time

                      0.000000    0.000000    0.000000   clock __VIRTUAL_CLK__ (rise edge)
                                  0.000000    0.000000   clock network delay (ideal)
                                  0.250000    0.250000   clock uncertainty
                                  0.000000    0.250000   clock reconvergence pessimism
                                 -0.800000   -0.550000   output external delay
                                             -0.550000   data required time
---------------------------------------------------------------------------------------------
                                             -0.550000   data required time
                                             -1.190047   data arrival time
---------------------------------------------------------------------------------------------
                                              1.740047   slack (MET)


Startpoint: A[6] (input port clocked by __VIRTUAL_CLK__)
Endpoint: S[6] (output port clocked by __VIRTUAL_CLK__)
Path Group: __VIRTUAL_CLK__
Path Type: min

Fanout         Cap        Slew       Delay        Time   Description
---------------------------------------------------------------------------------------------
                      0.000000    0.000000    0.000000   clock __VIRTUAL_CLK__ (rise edge)
                                  0.000000    0.000000   clock network delay (ideal)
                                  0.800000    0.800000 v input external delay
     2    0.006914    0.017765    0.010628    0.810628 v A[6] (in)
                                                         A[6] (net)
                      0.017765    0.000000    0.810628 v _730_/B1 (sky130_fd_sc_hd__o21ai_2)
     4    0.017410    0.118920    0.087098    0.897726 ^ _730_/Y (sky130_fd_sc_hd__o21ai_2)
                                                         _077_ (net)
                      0.118920    0.000022    0.897748 ^ _350_/A2 (sky130_fd_sc_hd__o21ai_2)
     1    0.009043    0.049731    0.076495    0.974243 v _350_/Y (sky130_fd_sc_hd__o21ai_2)
                                                         _079_ (net)
                      0.049731    0.000027    0.974270 v _629_/A (sky130_fd_sc_hd__xnor2_2)
     1    0.034710    0.158496    0.217407    1.191677 v _629_/Y (sky130_fd_sc_hd__xnor2_2)
                                                         S[6] (net)
                      0.158496    0.000276    1.191953 v S[6] (out)
                                              1.191953   data arrival time

                      0.000000    0.000000    0.000000   clock __VIRTUAL_CLK__ (rise edge)
                                  0.000000    0.000000   clock network delay (ideal)
                                  0.250000    0.250000   clock uncertainty
                                  0.000000    0.250000   clock reconvergence pessimism
                                 -0.800000   -0.550000   output external delay
                                             -0.550000   data required time
---------------------------------------------------------------------------------------------
                                             -0.550000   data required time
                                             -1.191953   data arrival time
---------------------------------------------------------------------------------------------
                                              1.741953   slack (MET)


Startpoint: B[8] (input port clocked by __VIRTUAL_CLK__)
Endpoint: S[8] (output port clocked by __VIRTUAL_CLK__)
Path Group: __VIRTUAL_CLK__
Path Type: min

Fanout         Cap        Slew       Delay        Time   Description
---------------------------------------------------------------------------------------------
                      0.000000    0.000000    0.000000   clock __VIRTUAL_CLK__ (rise edge)
                                  0.000000    0.000000   clock network delay (ideal)
                                  0.800000    0.800000 v input external delay
     4    0.016417    0.038296    0.025149    0.825149 v B[8] (in)
                                                         B[8] (net)
                      0.038297    0.000000    0.825149 v _701_/B (sky130_fd_sc_hd__nand2_2)
     2    0.012251    0.082258    0.082915    0.908065 ^ _701_/Y (sky130_fd_sc_hd__nand2_2)
                                                         _048_ (net)
                      0.082258    0.000020    0.908085 ^ _705_/B (sky130_fd_sc_hd__nand2_4)
     4    0.015707    0.043293    0.064724    0.972809 v _705_/Y (sky130_fd_sc_hd__nand2_4)
                                                         _052_ (net)
                      0.043293    0.000037    0.972845 v _707_/A (sky130_fd_sc_hd__nand2_2)
     1    0.009120    0.059260    0.065717    1.038562 ^ _707_/Y (sky130_fd_sc_hd__nand2_2)
                                                         _054_ (net)
                      0.059260    0.000003    1.038565 ^ _633_/A (sky130_fd_sc_hd__xnor2_2)
     1    0.035398    0.161338    0.157475    1.196040 v _633_/Y (sky130_fd_sc_hd__xnor2_2)
                                                         S[8] (net)
                      0.161338    0.000427    1.196467 v S[8] (out)
                                              1.196467   data arrival time

                      0.000000    0.000000    0.000000   clock __VIRTUAL_CLK__ (rise edge)
                                  0.000000    0.000000   clock network delay (ideal)
                                  0.250000    0.250000   clock uncertainty
                                  0.000000    0.250000   clock reconvergence pessimism
                                 -0.800000   -0.550000   output external delay
                                             -0.550000   data required time
---------------------------------------------------------------------------------------------
                                             -0.550000   data required time
                                             -1.196467   data arrival time
---------------------------------------------------------------------------------------------
                                              1.746467   slack (MET)


Startpoint: A[16] (input port clocked by __VIRTUAL_CLK__)
Endpoint: S[17] (output port clocked by __VIRTUAL_CLK__)
Path Group: __VIRTUAL_CLK__
Path Type: min

Fanout         Cap        Slew       Delay        Time   Description
---------------------------------------------------------------------------------------------
                      0.000000    0.000000    0.000000   clock __VIRTUAL_CLK__ (rise edge)
                                  0.000000    0.000000   clock network delay (ideal)
                                  0.800000    0.800000 v input external delay
     2    0.007685    0.019439    0.011809    0.811809 v A[16] (in)
                                                         A[16] (net)
                      0.019439    0.000000    0.811809 v _657_/C (sky130_fd_sc_hd__nand3b_2)
     4    0.014434    0.091622    0.101256    0.913065 ^ _657_/Y (sky130_fd_sc_hd__nand3b_2)
                                                         _004_ (net)
                      0.091622    0.000047    0.913112 ^ _432_/A1 (sky130_fd_sc_hd__a21bo_2)
     1    0.008625    0.059177    0.143934    1.057045 ^ _432_/X (sky130_fd_sc_hd__a21bo_2)
                                                         _160_ (net)
                      0.059177    0.000005    1.057050 ^ _433_/B (sky130_fd_sc_hd__xor2_2)
     1    0.035341    0.103744    0.142641    1.199692 v _433_/X (sky130_fd_sc_hd__xor2_2)
                                                         S[17] (net)
                      0.103744    0.000271    1.199963 v S[17] (out)
                                              1.199963   data arrival time

                      0.000000    0.000000    0.000000   clock __VIRTUAL_CLK__ (rise edge)
                                  0.000000    0.000000   clock network delay (ideal)
                                  0.250000    0.250000   clock uncertainty
                                  0.000000    0.250000   clock reconvergence pessimism
                                 -0.800000   -0.550000   output external delay
                                             -0.550000   data required time
---------------------------------------------------------------------------------------------
                                             -0.550000   data required time
                                             -1.199963   data arrival time
---------------------------------------------------------------------------------------------
                                              1.749963   slack (MET)


Startpoint: A[7] (input port clocked by __VIRTUAL_CLK__)
Endpoint: S[7] (output port clocked by __VIRTUAL_CLK__)
Path Group: __VIRTUAL_CLK__
Path Type: min

Fanout         Cap        Slew       Delay        Time   Description
---------------------------------------------------------------------------------------------
                      0.000000    0.000000    0.000000   clock __VIRTUAL_CLK__ (rise edge)
                                  0.000000    0.000000   clock network delay (ideal)
                                  0.800000    0.800000 v input external delay
     3    0.007628    0.019323    0.011748    0.811748 v A[7] (in)
                                                         A[7] (net)
                      0.019324    0.000000    0.811748 v _371_/B1_N (sky130_fd_sc_hd__o21bai_4)
     4    0.019124    0.057107    0.172121    0.983869 v _371_/Y (sky130_fd_sc_hd__o21bai_4)
                                                         _100_ (net)
                      0.057107    0.000020    0.983888 v _375_/B1 (sky130_fd_sc_hd__o21ai_2)
     1    0.009809    0.074828    0.076029    1.059918 ^ _375_/Y (sky130_fd_sc_hd__o21ai_2)
                                                         _104_ (net)
                      0.074828    0.000026    1.059943 ^ _631_/A (sky130_fd_sc_hd__xor2_2)
     1    0.035175    0.103386    0.153204    1.213148 v _631_/X (sky130_fd_sc_hd__xor2_2)
                                                         S[7] (net)
                      0.103386    0.000385    1.213533 v S[7] (out)
                                              1.213533   data arrival time

                      0.000000    0.000000    0.000000   clock __VIRTUAL_CLK__ (rise edge)
                                  0.000000    0.000000   clock network delay (ideal)
                                  0.250000    0.250000   clock uncertainty
                                  0.000000    0.250000   clock reconvergence pessimism
                                 -0.800000   -0.550000   output external delay
                                             -0.550000   data required time
---------------------------------------------------------------------------------------------
                                             -0.550000   data required time
                                             -1.213533   data arrival time
---------------------------------------------------------------------------------------------
                                              1.763533   slack (MET)


Startpoint: A[4] (input port clocked by __VIRTUAL_CLK__)
Endpoint: S[5] (output port clocked by __VIRTUAL_CLK__)
Path Group: __VIRTUAL_CLK__
Path Type: min

Fanout         Cap        Slew       Delay        Time   Description
---------------------------------------------------------------------------------------------
                      0.000000    0.000000    0.000000   clock __VIRTUAL_CLK__ (rise edge)
                                  0.000000    0.000000   clock network delay (ideal)
                                  0.800000    0.800000 v input external delay
     3    0.010042    0.024603    0.015482    0.815482 v A[4] (in)
                                                         A[4] (net)
                      0.024604    0.000000    0.815482 v _364_/B1 (sky130_fd_sc_hd__o21ai_2)
     3    0.010385    0.080191    0.064848    0.880331 ^ _364_/Y (sky130_fd_sc_hd__o21ai_2)
                                                         _093_ (net)
                      0.080191    0.000012    0.880343 ^ _626_/A2 (sky130_fd_sc_hd__o22a_2)
     3    0.017328    0.096901    0.180698    1.061041 ^ _626_/X (sky130_fd_sc_hd__o22a_2)
                                                         _334_ (net)
                      0.096901    0.000101    1.061141 ^ _627_/B (sky130_fd_sc_hd__xnor2_2)
     1    0.035284    0.160896    0.157528    1.218670 v _627_/Y (sky130_fd_sc_hd__xnor2_2)
                                                         S[5] (net)
                      0.160896    0.000409    1.219079 v S[5] (out)
                                              1.219079   data arrival time

                      0.000000    0.000000    0.000000   clock __VIRTUAL_CLK__ (rise edge)
                                  0.000000    0.000000   clock network delay (ideal)
                                  0.250000    0.250000   clock uncertainty
                                  0.000000    0.250000   clock reconvergence pessimism
                                 -0.800000   -0.550000   output external delay
                                             -0.550000   data required time
---------------------------------------------------------------------------------------------
                                             -0.550000   data required time
                                             -1.219079   data arrival time
---------------------------------------------------------------------------------------------
                                              1.769079   slack (MET)


Startpoint: B[10] (input port clocked by __VIRTUAL_CLK__)
Endpoint: S[10] (output port clocked by __VIRTUAL_CLK__)
Path Group: __VIRTUAL_CLK__
Path Type: min

Fanout         Cap        Slew       Delay        Time   Description
---------------------------------------------------------------------------------------------
                      0.000000    0.000000    0.000000   clock __VIRTUAL_CLK__ (rise edge)
                                  0.000000    0.000000   clock network delay (ideal)
                                  0.800000    0.800000 v input external delay
     4    0.015282    0.035837    0.023425    0.823425 v B[10] (in)
                                                         B[10] (net)
                      0.035837    0.000000    0.823425 v _712_/B (sky130_fd_sc_hd__nand2_2)
     2    0.012553    0.080764    0.082850    0.906274 ^ _712_/Y (sky130_fd_sc_hd__nand2_2)
                                                         _059_ (net)
                      0.080764    0.000033    0.906307 ^ _715_/B (sky130_fd_sc_hd__nand2_4)
     4    0.016804    0.045283    0.066060    0.972367 v _715_/Y (sky130_fd_sc_hd__nand2_4)
                                                         _062_ (net)
                      0.045283    0.000104    0.972471 v _716_/B (sky130_fd_sc_hd__nand2_2)
     2    0.014687    0.089136    0.093808    1.066279 ^ _716_/Y (sky130_fd_sc_hd__nand2_2)
                                                         _063_ (net)
                      0.089136    0.000013    1.066292 ^ _637_/A (sky130_fd_sc_hd__xor2_2)
     1    0.034326    0.101374    0.155187    1.221480 v _637_/X (sky130_fd_sc_hd__xor2_2)
                                                         S[10] (net)
                      0.101374    0.000133    1.221613 v S[10] (out)
                                              1.221613   data arrival time

                      0.000000    0.000000    0.000000   clock __VIRTUAL_CLK__ (rise edge)
                                  0.000000    0.000000   clock network delay (ideal)
                                  0.250000    0.250000   clock uncertainty
                                  0.000000    0.250000   clock reconvergence pessimism
                                 -0.800000   -0.550000   output external delay
                                             -0.550000   data required time
---------------------------------------------------------------------------------------------
                                             -0.550000   data required time
                                             -1.221613   data arrival time
---------------------------------------------------------------------------------------------
                                              1.771613   slack (MET)


Startpoint: A[18] (input port clocked by __VIRTUAL_CLK__)
Endpoint: S[18] (output port clocked by __VIRTUAL_CLK__)
Path Group: __VIRTUAL_CLK__
Path Type: min

Fanout         Cap        Slew       Delay        Time   Description
---------------------------------------------------------------------------------------------
                      0.000000    0.000000    0.000000   clock __VIRTUAL_CLK__ (rise edge)
                                  0.000000    0.000000   clock network delay (ideal)
                                  0.800000    0.800000 ^ input external delay
     3    0.014991    0.073358    0.047423    0.847423 ^ A[18] (in)
                                                         A[18] (net)
                      0.073359    0.000000    0.847423 ^ _438_/C (sky130_fd_sc_hd__nand3b_2)
     2    0.006541    0.062092    0.085152    0.932575 v _438_/Y (sky130_fd_sc_hd__nand3b_2)
                                                         _165_ (net)
                      0.062092    0.000023    0.932598 v _440_/A (sky130_fd_sc_hd__nand2_2)
     3    0.021897    0.119943    0.116120    1.048718 ^ _440_/Y (sky130_fd_sc_hd__nand2_2)
                                                         _167_ (net)
                      0.119943    0.000076    1.048795 ^ _445_/A (sky130_fd_sc_hd__xor2_2)
     1    0.037457    0.108772    0.172290    1.221084 v _445_/X (sky130_fd_sc_hd__xor2_2)
                                                         S[18] (net)
                      0.108779    0.000904    1.221988 v S[18] (out)
                                              1.221988   data arrival time

                      0.000000    0.000000    0.000000   clock __VIRTUAL_CLK__ (rise edge)
                                  0.000000    0.000000   clock network delay (ideal)
                                  0.250000    0.250000   clock uncertainty
                                  0.000000    0.250000   clock reconvergence pessimism
                                 -0.800000   -0.550000   output external delay
                                             -0.550000   data required time
---------------------------------------------------------------------------------------------
                                             -0.550000   data required time
                                             -1.221988   data arrival time
---------------------------------------------------------------------------------------------
                                              1.771988   slack (MET)


Startpoint: A[16] (input port clocked by __VIRTUAL_CLK__)
Endpoint: S[16] (output port clocked by __VIRTUAL_CLK__)
Path Group: __VIRTUAL_CLK__
Path Type: min

Fanout         Cap        Slew       Delay        Time   Description
---------------------------------------------------------------------------------------------
                      0.000000    0.000000    0.000000   clock __VIRTUAL_CLK__ (rise edge)
                                  0.000000    0.000000   clock network delay (ideal)
                                  0.800000    0.800000 ^ input external delay
     2    0.008387    0.044231    0.027333    0.827333 ^ A[16] (in)
                                                         A[16] (net)
                      0.044231    0.000000    0.827333 ^ _657_/C (sky130_fd_sc_hd__nand3b_2)
     4    0.013722    0.100759    0.108254    0.935587 v _657_/Y (sky130_fd_sc_hd__nand3b_2)
                                                         _004_ (net)
                      0.100759    0.000049    0.935636 v _659_/A (sky130_fd_sc_hd__nand2_2)
     2    0.019423    0.109234    0.124566    1.060202 ^ _659_/Y (sky130_fd_sc_hd__nand2_2)
                                                         _006_ (net)
                      0.109234    0.000014    1.060215 ^ _425_/A (sky130_fd_sc_hd__xor2_2)
     1    0.035857    0.104930    0.165119    1.225334 v _425_/X (sky130_fd_sc_hd__xor2_2)
                                                         S[16] (net)
                      0.104930    0.000338    1.225672 v S[16] (out)
                                              1.225672   data arrival time

                      0.000000    0.000000    0.000000   clock __VIRTUAL_CLK__ (rise edge)
                                  0.000000    0.000000   clock network delay (ideal)
                                  0.250000    0.250000   clock uncertainty
                                  0.000000    0.250000   clock reconvergence pessimism
                                 -0.800000   -0.550000   output external delay
                                             -0.550000   data required time
---------------------------------------------------------------------------------------------
                                             -0.550000   data required time
                                             -1.225672   data arrival time
---------------------------------------------------------------------------------------------
                                              1.775672   slack (MET)


Startpoint: A[12] (input port clocked by __VIRTUAL_CLK__)
Endpoint: S[12] (output port clocked by __VIRTUAL_CLK__)
Path Group: __VIRTUAL_CLK__
Path Type: min

Fanout         Cap        Slew       Delay        Time   Description
---------------------------------------------------------------------------------------------
                      0.000000    0.000000    0.000000   clock __VIRTUAL_CLK__ (rise edge)
                                  0.000000    0.000000   clock network delay (ideal)
                                  0.800000    0.800000 v input external delay
     4    0.014170    0.033451    0.021731    0.821731 v A[12] (in)
                                                         A[12] (net)
                      0.033451    0.000000    0.821731 v _675_/B1 (sky130_fd_sc_hd__o21ai_2)
     2    0.007742    0.065530    0.058987    0.880718 ^ _675_/Y (sky130_fd_sc_hd__o21ai_2)
                                                         _022_ (net)
                      0.065530    0.000008    0.880726 ^ _687_/A2 (sky130_fd_sc_hd__o21a_2)
     5    0.023357    0.128327    0.178511    1.059237 ^ _687_/X (sky130_fd_sc_hd__o21a_2)
                                                         _034_ (net)
                      0.128327    0.000068    1.059305 ^ _642_/A (sky130_fd_sc_hd__xor2_2)
     1    0.034832    0.102544    0.167829    1.227134 v _642_/X (sky130_fd_sc_hd__xor2_2)
                                                         S[12] (net)
                      0.102544    0.000187    1.227321 v S[12] (out)
                                              1.227321   data arrival time

                      0.000000    0.000000    0.000000   clock __VIRTUAL_CLK__ (rise edge)
                                  0.000000    0.000000   clock network delay (ideal)
                                  0.250000    0.250000   clock uncertainty
                                  0.000000    0.250000   clock reconvergence pessimism
                                 -0.800000   -0.550000   output external delay
                                             -0.550000   data required time
---------------------------------------------------------------------------------------------
                                             -0.550000   data required time
                                             -1.227321   data arrival time
---------------------------------------------------------------------------------------------
                                              1.777321   slack (MET)


Startpoint: A[24] (input port clocked by __VIRTUAL_CLK__)
Endpoint: S[26] (output port clocked by __VIRTUAL_CLK__)
Path Group: __VIRTUAL_CLK__
Path Type: min

Fanout         Cap        Slew       Delay        Time   Description
---------------------------------------------------------------------------------------------
                      0.000000    0.000000    0.000000   clock __VIRTUAL_CLK__ (rise edge)
                                  0.000000    0.000000   clock network delay (ideal)
                                  0.800000    0.800000 v input external delay
     3    0.008800    0.021877    0.013539    0.813539 v A[24] (in)
                                                         A[24] (net)
                      0.021878    0.000000    0.813539 v _525_/C (sky130_fd_sc_hd__nand3b_2)
     3    0.015041    0.094660    0.104432    0.917971 ^ _525_/Y (sky130_fd_sc_hd__nand3b_2)
                                                         _246_ (net)
                      0.094660    0.000049    0.918020 ^ _543_/A1 (sky130_fd_sc_hd__a21oi_2)
     3    0.014284    0.040372    0.083905    1.001925 v _543_/Y (sky130_fd_sc_hd__a21oi_2)
                                                         _262_ (net)
                      0.040372    0.000066    1.001991 v _550_/A2 (sky130_fd_sc_hd__o21bai_2)
     1    0.004781    0.052591    0.105237    1.107228 ^ _550_/Y (sky130_fd_sc_hd__o21bai_2)
                                                         _269_ (net)
                      0.052591    0.000005    1.107233 ^ _552_/A (sky130_fd_sc_hd__nand2_2)
     1    0.035644    0.143681    0.124663    1.231896 v _552_/Y (sky130_fd_sc_hd__nand2_2)
                                                         S[26] (net)
                      0.143684    0.000486    1.232381 v S[26] (out)
                                              1.232381   data arrival time

                      0.000000    0.000000    0.000000   clock __VIRTUAL_CLK__ (rise edge)
                                  0.000000    0.000000   clock network delay (ideal)
                                  0.250000    0.250000   clock uncertainty
                                  0.000000    0.250000   clock reconvergence pessimism
                                 -0.800000   -0.550000   output external delay
                                             -0.550000   data required time
---------------------------------------------------------------------------------------------
                                             -0.550000   data required time
                                             -1.232381   data arrival time
---------------------------------------------------------------------------------------------
                                              1.782381   slack (MET)


Startpoint: A[15] (input port clocked by __VIRTUAL_CLK__)
Endpoint: S[15] (output port clocked by __VIRTUAL_CLK__)
Path Group: __VIRTUAL_CLK__
Path Type: min

Fanout         Cap        Slew       Delay        Time   Description
---------------------------------------------------------------------------------------------
                      0.000000    0.000000    0.000000   clock __VIRTUAL_CLK__ (rise edge)
                                  0.000000    0.000000   clock network delay (ideal)
                                  0.800000    0.800000 ^ input external delay
     2    0.004228    0.025930    0.014527    0.814527 ^ A[15] (in)
                                                         A[15] (net)
                      0.025930    0.000000    0.814527 ^ _681_/B1_N (sky130_fd_sc_hd__o21bai_2)
     6    0.021496    0.129747    0.148603    0.963130 ^ _681_/Y (sky130_fd_sc_hd__o21bai_2)
                                                         _028_ (net)
                      0.129747    0.000122    0.963252 ^ _649_/A2 (sky130_fd_sc_hd__a22oi_2)
     1    0.008483    0.058310    0.103551    1.066803 v _649_/Y (sky130_fd_sc_hd__a22oi_2)
                                                         _347_ (net)
                      0.058310    0.000015    1.066818 v _650_/B (sky130_fd_sc_hd__nor2_4)
     1    0.035002    0.231675    0.195542    1.262360 ^ _650_/Y (sky130_fd_sc_hd__nor2_4)
                                                         S[15] (net)
                      0.231675    0.000236    1.262596 ^ S[15] (out)
                                              1.262596   data arrival time

                      0.000000    0.000000    0.000000   clock __VIRTUAL_CLK__ (rise edge)
                                  0.000000    0.000000   clock network delay (ideal)
                                  0.250000    0.250000   clock uncertainty
                                  0.000000    0.250000   clock reconvergence pessimism
                                 -0.800000   -0.550000   output external delay
                                             -0.550000   data required time
---------------------------------------------------------------------------------------------
                                             -0.550000   data required time
                                             -1.262596   data arrival time
---------------------------------------------------------------------------------------------
                                              1.812596   slack (MET)


Startpoint: A[28] (input port clocked by __VIRTUAL_CLK__)
Endpoint: S[28] (output port clocked by __VIRTUAL_CLK__)
Path Group: __VIRTUAL_CLK__
Path Type: min

Fanout         Cap        Slew       Delay        Time   Description
---------------------------------------------------------------------------------------------
                      0.000000    0.000000    0.000000   clock __VIRTUAL_CLK__ (rise edge)
                                  0.000000    0.000000   clock network delay (ideal)
                                  0.800000    0.800000 ^ input external delay
     3    0.008904    0.046534    0.028961    0.828961 ^ A[28] (in)
                                                         A[28] (net)
                      0.046534    0.000000    0.828961 ^ _567_/B1_N (sky130_fd_sc_hd__o21bai_2)
     3    0.010083    0.075787    0.118924    0.947886 ^ _567_/Y (sky130_fd_sc_hd__o21bai_2)
                                                         _284_ (net)
                      0.075787    0.000025    0.947911 ^ _580_/A1 (sky130_fd_sc_hd__a21o_2)
     1    0.003154    0.028932    0.111386    1.059297 ^ _580_/X (sky130_fd_sc_hd__a21o_2)
                                                         _297_ (net)
                      0.028932    0.000008    1.059305 ^ _581_/B (sky130_fd_sc_hd__and2b_4)
     1    0.038124    0.137632    0.205333    1.264637 ^ _581_/X (sky130_fd_sc_hd__and2b_4)
                                                         S[28] (net)
                      0.137633    0.000662    1.265299 ^ S[28] (out)
                                              1.265299   data arrival time

                      0.000000    0.000000    0.000000   clock __VIRTUAL_CLK__ (rise edge)
                                  0.000000    0.000000   clock network delay (ideal)
                                  0.250000    0.250000   clock uncertainty
                                  0.000000    0.250000   clock reconvergence pessimism
                                 -0.800000   -0.550000   output external delay
                                             -0.550000   data required time
---------------------------------------------------------------------------------------------
                                             -0.550000   data required time
                                             -1.265299   data arrival time
---------------------------------------------------------------------------------------------
                                              1.815299   slack (MET)


Startpoint: A[19] (input port clocked by __VIRTUAL_CLK__)
Endpoint: S[20] (output port clocked by __VIRTUAL_CLK__)
Path Group: __VIRTUAL_CLK__
Path Type: min

Fanout         Cap        Slew       Delay        Time   Description
---------------------------------------------------------------------------------------------
                      0.000000    0.000000    0.000000   clock __VIRTUAL_CLK__ (rise edge)
                                  0.000000    0.000000   clock network delay (ideal)
                                  0.800000    0.800000 v input external delay
     4    0.019349    0.044678    0.029683    0.829683 v A[19] (in)
                                                         A[19] (net)
                      0.044685    0.000000    0.829683 v _452_/A (sky130_fd_sc_hd__nor2_2)
     1    0.009687    0.132018    0.136515    0.966197 ^ _452_/Y (sky130_fd_sc_hd__nor2_2)
                                                         _178_ (net)
                      0.132018    0.000005    0.966203 ^ _470_/A1 (sky130_fd_sc_hd__o22ai_4)
     7    0.040945    0.111017    0.141155    1.107358 v _470_/Y (sky130_fd_sc_hd__o22ai_4)
                                                         _195_ (net)
                      0.111019    0.000374    1.107732 v _471_/B (sky130_fd_sc_hd__xor2_4)
     1    0.035796    0.070168    0.202586    1.310318 v _471_/X (sky130_fd_sc_hd__xor2_4)
                                                         S[20] (net)
                      0.070168    0.000340    1.310658 v S[20] (out)
                                              1.310658   data arrival time

                      0.000000    0.000000    0.000000   clock __VIRTUAL_CLK__ (rise edge)
                                  0.000000    0.000000   clock network delay (ideal)
                                  0.250000    0.250000   clock uncertainty
                                  0.000000    0.250000   clock reconvergence pessimism
                                 -0.800000   -0.550000   output external delay
                                             -0.550000   data required time
---------------------------------------------------------------------------------------------
                                             -0.550000   data required time
                                             -1.310658   data arrival time
---------------------------------------------------------------------------------------------
                                              1.860658   slack (MET)


Startpoint: A[24] (input port clocked by __VIRTUAL_CLK__)
Endpoint: S[24] (output port clocked by __VIRTUAL_CLK__)
Path Group: __VIRTUAL_CLK__
Path Type: min

Fanout         Cap        Slew       Delay        Time   Description
---------------------------------------------------------------------------------------------
                      0.000000    0.000000    0.000000   clock __VIRTUAL_CLK__ (rise edge)
                                  0.000000    0.000000   clock network delay (ideal)
                                  0.800000    0.800000 v input external delay
     3    0.008800    0.021877    0.013539    0.813539 v A[24] (in)
                                                         A[24] (net)
                      0.021878    0.000000    0.813539 v _525_/C (sky130_fd_sc_hd__nand3b_2)
     3    0.015041    0.094660    0.104432    0.917971 ^ _525_/Y (sky130_fd_sc_hd__nand3b_2)
                                                         _246_ (net)
                      0.094660    0.000029    0.918000 ^ _527_/A (sky130_fd_sc_hd__nand2_2)
     5    0.018221    0.078264    0.092278    1.010278 v _527_/Y (sky130_fd_sc_hd__nand2_2)
                                                         _248_ (net)
                      0.078264    0.000103    1.010381 v _530_/B1 (sky130_fd_sc_hd__o211ai_2)
     1    0.001985    0.047269    0.069791    1.080172 ^ _530_/Y (sky130_fd_sc_hd__o211ai_2)
                                                         _251_ (net)
                      0.047269    0.000005    1.080176 ^ _531_/B (sky130_fd_sc_hd__and2_2)
     1    0.035982    0.188746    0.238996    1.319172 ^ _531_/X (sky130_fd_sc_hd__and2_2)
                                                         S[24] (net)
                      0.188746    0.000561    1.319733 ^ S[24] (out)
                                              1.319733   data arrival time

                      0.000000    0.000000    0.000000   clock __VIRTUAL_CLK__ (rise edge)
                                  0.000000    0.000000   clock network delay (ideal)
                                  0.250000    0.250000   clock uncertainty
                                  0.000000    0.250000   clock reconvergence pessimism
                                 -0.800000   -0.550000   output external delay
                                             -0.550000   data required time
---------------------------------------------------------------------------------------------
                                             -0.550000   data required time
                                             -1.319733   data arrival time
---------------------------------------------------------------------------------------------
                                              1.869733   slack (MET)



