
===========================================================================
Violator List
============================================================================
[setup in-out] sub -> S[23] : -1.568281
[setup in-out] sub -> S[30] : -1.553159
[setup in-out] sub -> S[21] : -1.529473
[setup in-out] sub -> S[31] : -1.527445
[setup in-out] sub -> S[22] : -1.518342
[setup in-out] sub -> S[11] : -1.493747
[setup in-out] sub -> S[17] : -1.482514
[setup in-out] sub -> S[20] : -1.473007
[setup in-out] sub -> S[28] : -1.470979
[setup in-out] sub -> S[18] : -1.445193
[setup in-out] sub -> S[29] : -1.442520
[setup in-out] sub -> S[15] : -1.426837
[setup in-out] sub -> S[7] : -1.423727
[setup in-out] sub -> S[14] : -1.421911
[setup in-out] sub -> carryOut : -1.410613
[setup in-out] sub -> S[27] : -1.402935
[setup in-out] sub -> S[26] : -1.388306
[setup in-out] sub -> S[9] : -1.383176
[setup in-out] sub -> S[10] : -1.381317
[setup in-out] sub -> S[24] : -1.380052
[setup in-out] sub -> S[13] : -1.354293
[setup in-out] sub -> S[25] : -1.341435
[setup in-out] sub -> S[19] : -1.330587
[setup in-out] sub -> S[6] : -1.318248
[setup in-out] sub -> S[16] : -1.265653
[setup in-out] sub -> S[12] : -1.167336
[setup in-out] sub -> S[8] : -1.151713
[setup in-out] sub -> S[5] : -1.064090
[setup in-out] sub -> S[2] : -0.904225
[setup in-out] sub -> S[3] : -0.891573
[setup in-out] sub -> S[4] : -0.855204
[setup in-out] sub -> S[1] : -0.307269
Writing metric timing__hold_vio__count__corner:nom_tt_025C_1v80: 0
Writing metric timing__hold_r2r__ws__corner:nom_tt_025C_1v80: 1e30
Writing metric timing__hold_r2r_vio__count__corner:nom_tt_025C_1v80: 0
Writing metric timing__setup_vio__count__corner:nom_tt_025C_1v80: 32
Writing metric timing__setup_r2r__ws__corner:nom_tt_025C_1v80: 1e30
Writing metric timing__setup_r2r_vio__count__corner:nom_tt_025C_1v80: 0
