
===========================================================================
report_checks -path_delay min (Hold)
============================================================================
======================= nom_ff_n40C_1v95 Corner ===================================

Startpoint: A[31] (input port clocked by __VIRTUAL_CLK__)
Endpoint: carryOut (output port clocked by __VIRTUAL_CLK__)
Path Group: __VIRTUAL_CLK__
Path Type: min

Fanout         Cap        Slew       Delay        Time   Description
---------------------------------------------------------------------------------------------
                      0.000000    0.000000    0.000000   clock __VIRTUAL_CLK__ (rise edge)
                                  0.000000    0.000000   clock network delay (ideal)
                                  1.000000    1.000000 v input external delay
     2    0.016638    0.027027    0.016399    1.016399 v A[31] (in)
                                                         A[31] (net)
                      0.027027    0.000000    1.016399 v _651_/A1_N (sky130_fd_sc_hd__o2bb2ai_4)
     1    0.033442    0.054220    0.096518    1.112917 v _651_/Y (sky130_fd_sc_hd__o2bb2ai_4)
                                                         carryOut (net)
                      0.054220    0.000000    1.112917 v carryOut (out)
                                              1.112917   data arrival time

                      0.000000    0.000000    0.000000   clock __VIRTUAL_CLK__ (rise edge)
                                  0.000000    0.000000   clock network delay (ideal)
                                  0.250000    0.250000   clock uncertainty
                                  0.000000    0.250000   clock reconvergence pessimism
                                 -1.000000   -0.750000   output external delay
                                             -0.750000   data required time
---------------------------------------------------------------------------------------------
                                             -0.750000   data required time
                                             -1.112917   data arrival time
---------------------------------------------------------------------------------------------
                                              1.862917   slack (MET)


Startpoint: A[0] (input port clocked by __VIRTUAL_CLK__)
Endpoint: S[0] (output port clocked by __VIRTUAL_CLK__)
Path Group: __VIRTUAL_CLK__
Path Type: min

Fanout         Cap        Slew       Delay        Time   Description
---------------------------------------------------------------------------------------------
                      0.000000    0.000000    0.000000   clock __VIRTUAL_CLK__ (rise edge)
                                  0.000000    0.000000   clock network delay (ideal)
                                  1.000000    1.000000 ^ input external delay
     4    0.017498    0.064755    0.040767    1.040767 ^ A[0] (in)
                                                         A[0] (net)
                      0.064755    0.000000    1.040767 ^ _615_/A (sky130_fd_sc_hd__xor2_2)
     1    0.033442    0.071963    0.096169    1.136936 v _615_/X (sky130_fd_sc_hd__xor2_2)
                                                         S[0] (net)
                      0.071963    0.000000    1.136936 v S[0] (out)
                                              1.136936   data arrival time

                      0.000000    0.000000    0.000000   clock __VIRTUAL_CLK__ (rise edge)
                                  0.000000    0.000000   clock network delay (ideal)
                                  0.250000    0.250000   clock uncertainty
                                  0.000000    0.250000   clock reconvergence pessimism
                                 -1.000000   -0.750000   output external delay
                                             -0.750000   data required time
---------------------------------------------------------------------------------------------
                                             -0.750000   data required time
                                             -1.136936   data arrival time
---------------------------------------------------------------------------------------------
                                              1.886936   slack (MET)


Startpoint: A[20] (input port clocked by __VIRTUAL_CLK__)
Endpoint: S[21] (output port clocked by __VIRTUAL_CLK__)
Path Group: __VIRTUAL_CLK__
Path Type: min

Fanout         Cap        Slew       Delay        Time   Description
---------------------------------------------------------------------------------------------
                      0.000000    0.000000    0.000000   clock __VIRTUAL_CLK__ (rise edge)
                                  0.000000    0.000000   clock network delay (ideal)
                                  1.000000    1.000000 v input external delay
     2    0.009883    0.016256    0.009223    1.009223 v A[20] (in)
                                                         A[20] (net)
                      0.016256    0.000000    1.009223 v _460_/B1 (sky130_fd_sc_hd__o21ai_4)
     3    0.011961    0.040106    0.039689    1.048912 ^ _460_/Y (sky130_fd_sc_hd__o21ai_4)
                                                         _185_ (net)
                      0.040106    0.000000    1.048912 ^ _479_/B2 (sky130_fd_sc_hd__o2bb2ai_2)
     1    0.004267    0.019150    0.029643    1.078555 v _479_/Y (sky130_fd_sc_hd__o2bb2ai_2)
                                                         _203_ (net)
                      0.019150    0.000000    1.078555 v _481_/B1 (sky130_fd_sc_hd__o21ai_2)
     1    0.009272    0.046868    0.044180    1.122735 ^ _481_/Y (sky130_fd_sc_hd__o21ai_2)
                                                         _205_ (net)
                      0.046868    0.000000    1.122735 ^ _482_/B (sky130_fd_sc_hd__nand2_4)
     1    0.033442    0.053991    0.054259    1.176995 v _482_/Y (sky130_fd_sc_hd__nand2_4)
                                                         S[21] (net)
                      0.053991    0.000000    1.176995 v S[21] (out)
                                              1.176995   data arrival time

                      0.000000    0.000000    0.000000   clock __VIRTUAL_CLK__ (rise edge)
                                  0.000000    0.000000   clock network delay (ideal)
                                  0.250000    0.250000   clock uncertainty
                                  0.000000    0.250000   clock reconvergence pessimism
                                 -1.000000   -0.750000   output external delay
                                             -0.750000   data required time
---------------------------------------------------------------------------------------------
                                             -0.750000   data required time
                                             -1.176995   data arrival time
---------------------------------------------------------------------------------------------
                                              1.926995   slack (MET)


Startpoint: A[23] (input port clocked by __VIRTUAL_CLK__)
Endpoint: S[23] (output port clocked by __VIRTUAL_CLK__)
Path Group: __VIRTUAL_CLK__
Path Type: min

Fanout         Cap        Slew       Delay        Time   Description
---------------------------------------------------------------------------------------------
                      0.000000    0.000000    0.000000   clock __VIRTUAL_CLK__ (rise edge)
                                  0.000000    0.000000   clock network delay (ideal)
                                  1.000000    1.000000 v input external delay
     3    0.007930    0.013068    0.007141    1.007141 v A[23] (in)
                                                         A[23] (net)
                      0.013068    0.000000    1.007141 v _502_/B1 (sky130_fd_sc_hd__o21ai_2)
     4    0.014551    0.067977    0.056067    1.063208 ^ _502_/Y (sky130_fd_sc_hd__o21ai_2)
                                                         _224_ (net)
                      0.067977    0.000000    1.063208 ^ _505_/A2 (sky130_fd_sc_hd__o21ai_2)
     1    0.004215    0.018486    0.030702    1.093910 v _505_/Y (sky130_fd_sc_hd__o21ai_2)
                                                         _227_ (net)
                      0.018486    0.000000    1.093910 v _512_/B1 (sky130_fd_sc_hd__a21oi_2)
     1    0.009347    0.076453    0.063254    1.157164 ^ _512_/Y (sky130_fd_sc_hd__a21oi_2)
                                                         _234_ (net)
                      0.076453    0.000000    1.157164 ^ _513_/B (sky130_fd_sc_hd__nor2_4)
     1    0.033442    0.042206    0.043265    1.200429 v _513_/Y (sky130_fd_sc_hd__nor2_4)
                                                         S[23] (net)
                      0.042206    0.000000    1.200429 v S[23] (out)
                                              1.200429   data arrival time

                      0.000000    0.000000    0.000000   clock __VIRTUAL_CLK__ (rise edge)
                                  0.000000    0.000000   clock network delay (ideal)
                                  0.250000    0.250000   clock uncertainty
                                  0.000000    0.250000   clock reconvergence pessimism
                                 -1.000000   -0.750000   output external delay
                                             -0.750000   data required time
---------------------------------------------------------------------------------------------
                                             -0.750000   data required time
                                             -1.200429   data arrival time
---------------------------------------------------------------------------------------------
                                              1.950429   slack (MET)


Startpoint: A[29] (input port clocked by __VIRTUAL_CLK__)
Endpoint: S[29] (output port clocked by __VIRTUAL_CLK__)
Path Group: __VIRTUAL_CLK__
Path Type: min

Fanout         Cap        Slew       Delay        Time   Description
---------------------------------------------------------------------------------------------
                      0.000000    0.000000    0.000000   clock __VIRTUAL_CLK__ (rise edge)
                                  0.000000    0.000000   clock network delay (ideal)
                                  1.000000    1.000000 ^ input external delay
     3    0.004668    0.021310    0.011495    1.011495 ^ A[29] (in)
                                                         A[29] (net)
                      0.021310    0.000000    1.011495 ^ _586_/B1_N (sky130_fd_sc_hd__o21bai_2)
     2    0.006290    0.034444    0.065160    1.076655 ^ _586_/Y (sky130_fd_sc_hd__o21bai_2)
                                                         _302_ (net)
                      0.034444    0.000000    1.076655 ^ _587_/B (sky130_fd_sc_hd__nand2_2)
     2    0.005642    0.022643    0.030153    1.106808 v _587_/Y (sky130_fd_sc_hd__nand2_2)
                                                         _303_ (net)
                      0.022643    0.000000    1.106808 v _589_/B1 (sky130_fd_sc_hd__o21ai_2)
     1    0.004594    0.028222    0.032659    1.139467 ^ _589_/Y (sky130_fd_sc_hd__o21ai_2)
                                                         _305_ (net)
                      0.028222    0.000000    1.139467 ^ _590_/B1 (sky130_fd_sc_hd__o21ai_2)
     1    0.033442    0.071718    0.061233    1.200701 v _590_/Y (sky130_fd_sc_hd__o21ai_2)
                                                         S[29] (net)
                      0.071718    0.000000    1.200701 v S[29] (out)
                                              1.200701   data arrival time

                      0.000000    0.000000    0.000000   clock __VIRTUAL_CLK__ (rise edge)
                                  0.000000    0.000000   clock network delay (ideal)
                                  0.250000    0.250000   clock uncertainty
                                  0.000000    0.250000   clock reconvergence pessimism
                                 -1.000000   -0.750000   output external delay
                                             -0.750000   data required time
---------------------------------------------------------------------------------------------
                                             -0.750000   data required time
                                             -1.200701   data arrival time
---------------------------------------------------------------------------------------------
                                              1.950701   slack (MET)


Startpoint: A[25] (input port clocked by __VIRTUAL_CLK__)
Endpoint: S[25] (output port clocked by __VIRTUAL_CLK__)
Path Group: __VIRTUAL_CLK__
Path Type: min

Fanout         Cap        Slew       Delay        Time   Description
---------------------------------------------------------------------------------------------
                      0.000000    0.000000    0.000000   clock __VIRTUAL_CLK__ (rise edge)
                                  0.000000    0.000000   clock network delay (ideal)
                                  1.000000    1.000000 v input external delay
     2    0.005673    0.009383    0.004734    1.004734 v A[25] (in)
                                                         A[25] (net)
                      0.009383    0.000000    1.004734 v _535_/B1 (sky130_fd_sc_hd__o21ai_2)
     2    0.007340    0.039251    0.035504    1.040238 ^ _535_/Y (sky130_fd_sc_hd__o21ai_2)
                                                         _255_ (net)
                      0.039251    0.000000    1.040238 ^ _537_/A2 (sky130_fd_sc_hd__o21bai_2)
     4    0.011431    0.039054    0.046326    1.086564 v _537_/Y (sky130_fd_sc_hd__o21bai_2)
                                                         _257_ (net)
                      0.039054    0.000000    1.086564 v _539_/B1 (sky130_fd_sc_hd__o21ai_2)
     1    0.004614    0.030179    0.039248    1.125812 ^ _539_/Y (sky130_fd_sc_hd__o21ai_2)
                                                         _259_ (net)
                      0.030179    0.000000    1.125812 ^ _540_/B (sky130_fd_sc_hd__nand2_2)
     1    0.033442    0.087177    0.076618    1.202431 v _540_/Y (sky130_fd_sc_hd__nand2_2)
                                                         S[25] (net)
                      0.087177    0.000000    1.202431 v S[25] (out)
                                              1.202431   data arrival time

                      0.000000    0.000000    0.000000   clock __VIRTUAL_CLK__ (rise edge)
                                  0.000000    0.000000   clock network delay (ideal)
                                  0.250000    0.250000   clock uncertainty
                                  0.000000    0.250000   clock reconvergence pessimism
                                 -1.000000   -0.750000   output external delay
                                             -0.750000   data required time
---------------------------------------------------------------------------------------------
                                             -0.750000   data required time
                                             -1.202431   data arrival time
---------------------------------------------------------------------------------------------
                                              1.952431   slack (MET)


Startpoint: A[12] (input port clocked by __VIRTUAL_CLK__)
Endpoint: S[13] (output port clocked by __VIRTUAL_CLK__)
Path Group: __VIRTUAL_CLK__
Path Type: min

Fanout         Cap        Slew       Delay        Time   Description
---------------------------------------------------------------------------------------------
                      0.000000    0.000000    0.000000   clock __VIRTUAL_CLK__ (rise edge)
                                  0.000000    0.000000   clock network delay (ideal)
                                  1.000000    1.000000 ^ input external delay
     4    0.013287    0.050629    0.031339    1.031340 ^ A[12] (in)
                                                         A[12] (net)
                      0.050629    0.000000    1.031340 ^ _643_/A1 (sky130_fd_sc_hd__a22o_2)
     1    0.008395    0.042074    0.088676    1.120015 ^ _643_/X (sky130_fd_sc_hd__a22o_2)
                                                         _343_ (net)
                      0.042074    0.000000    1.120015 ^ _644_/B (sky130_fd_sc_hd__xnor2_2)
     1    0.033442    0.099944    0.089464    1.209479 v _644_/Y (sky130_fd_sc_hd__xnor2_2)
                                                         S[13] (net)
                      0.099944    0.000000    1.209479 v S[13] (out)
                                              1.209479   data arrival time

                      0.000000    0.000000    0.000000   clock __VIRTUAL_CLK__ (rise edge)
                                  0.000000    0.000000   clock network delay (ideal)
                                  0.250000    0.250000   clock uncertainty
                                  0.000000    0.250000   clock reconvergence pessimism
                                 -1.000000   -0.750000   output external delay
                                             -0.750000   data required time
---------------------------------------------------------------------------------------------
                                             -0.750000   data required time
                                             -1.209479   data arrival time
---------------------------------------------------------------------------------------------
                                              1.959479   slack (MET)


Startpoint: A[30] (input port clocked by __VIRTUAL_CLK__)
Endpoint: S[30] (output port clocked by __VIRTUAL_CLK__)
Path Group: __VIRTUAL_CLK__
Path Type: min

Fanout         Cap        Slew       Delay        Time   Description
---------------------------------------------------------------------------------------------
                      0.000000    0.000000    0.000000   clock __VIRTUAL_CLK__ (rise edge)
                                  0.000000    0.000000   clock network delay (ideal)
                                  1.000000    1.000000 ^ input external delay
     3    0.004668    0.021310    0.011495    1.011495 ^ A[30] (in)
                                                         A[30] (net)
                      0.021310    0.000000    1.011495 ^ _595_/B1_N (sky130_fd_sc_hd__o21bai_2)
     2    0.009106    0.044056    0.072461    1.083956 ^ _595_/Y (sky130_fd_sc_hd__o21bai_2)
                                                         _310_ (net)
                      0.044056    0.000000    1.083956 ^ _596_/B (sky130_fd_sc_hd__nand2_2)
     2    0.006556    0.026005    0.033498    1.117454 v _596_/Y (sky130_fd_sc_hd__nand2_2)
                                                         _311_ (net)
                      0.026005    0.000000    1.117454 v _602_/B1 (sky130_fd_sc_hd__o21ai_2)
     1    0.009155    0.046469    0.046355    1.163809 ^ _602_/Y (sky130_fd_sc_hd__o21ai_2)
                                                         _317_ (net)
                      0.046469    0.000000    1.163809 ^ _604_/B1 (sky130_fd_sc_hd__o21ai_4)
     1    0.033442    0.048432    0.047737    1.211545 v _604_/Y (sky130_fd_sc_hd__o21ai_4)
                                                         S[30] (net)
                      0.048432    0.000000    1.211545 v S[30] (out)
                                              1.211545   data arrival time

                      0.000000    0.000000    0.000000   clock __VIRTUAL_CLK__ (rise edge)
                                  0.000000    0.000000   clock network delay (ideal)
                                  0.250000    0.250000   clock uncertainty
                                  0.000000    0.250000   clock reconvergence pessimism
                                 -1.000000   -0.750000   output external delay
                                             -0.750000   data required time
---------------------------------------------------------------------------------------------
                                             -0.750000   data required time
                                             -1.211545   data arrival time
---------------------------------------------------------------------------------------------
                                              1.961545   slack (MET)


Startpoint: A[22] (input port clocked by __VIRTUAL_CLK__)
Endpoint: S[22] (output port clocked by __VIRTUAL_CLK__)
Path Group: __VIRTUAL_CLK__
Path Type: min

Fanout         Cap        Slew       Delay        Time   Description
---------------------------------------------------------------------------------------------
                      0.000000    0.000000    0.000000   clock __VIRTUAL_CLK__ (rise edge)
                                  0.000000    0.000000   clock network delay (ideal)
                                  1.000000    1.000000 v input external delay
     3    0.012059    0.019809    0.011544    1.011544 v A[22] (in)
                                                         A[22] (net)
                      0.019809    0.000000    1.011544 v _491_/C (sky130_fd_sc_hd__nand3b_4)
     6    0.022342    0.065973    0.067478    1.079022 ^ _491_/Y (sky130_fd_sc_hd__nand3b_4)
                                                         _214_ (net)
                      0.065973    0.000000    1.079022 ^ _494_/A (sky130_fd_sc_hd__nand2_2)
     2    0.006418    0.025867    0.031557    1.110579 v _494_/Y (sky130_fd_sc_hd__nand2_2)
                                                         _217_ (net)
                      0.025867    0.000000    1.110579 v _496_/B (sky130_fd_sc_hd__nand2_2)
     1    0.009272    0.044539    0.051735    1.162314 ^ _496_/Y (sky130_fd_sc_hd__nand2_2)
                                                         _219_ (net)
                      0.044539    0.000000    1.162314 ^ _497_/B (sky130_fd_sc_hd__nand2_4)
     1    0.033442    0.053872    0.053827    1.216141 v _497_/Y (sky130_fd_sc_hd__nand2_4)
                                                         S[22] (net)
                      0.053872    0.000000    1.216141 v S[22] (out)
                                              1.216141   data arrival time

                      0.000000    0.000000    0.000000   clock __VIRTUAL_CLK__ (rise edge)
                                  0.000000    0.000000   clock network delay (ideal)
                                  0.250000    0.250000   clock uncertainty
                                  0.000000    0.250000   clock reconvergence pessimism
                                 -1.000000   -0.750000   output external delay
                                             -0.750000   data required time
---------------------------------------------------------------------------------------------
                                             -0.750000   data required time
                                             -1.216141   data arrival time
---------------------------------------------------------------------------------------------
                                              1.966141   slack (MET)


Startpoint: A[3] (input port clocked by __VIRTUAL_CLK__)
Endpoint: S[3] (output port clocked by __VIRTUAL_CLK__)
Path Group: __VIRTUAL_CLK__
Path Type: min

Fanout         Cap        Slew       Delay        Time   Description
---------------------------------------------------------------------------------------------
                      0.000000    0.000000    0.000000   clock __VIRTUAL_CLK__ (rise edge)
                                  0.000000    0.000000   clock network delay (ideal)
                                  1.000000    1.000000 v input external delay
     2    0.005642    0.009332    0.004701    1.004701 v A[3] (in)
                                                         A[3] (net)
                      0.009332    0.000000    1.004701 v _401_/B1 (sky130_fd_sc_hd__o21ai_2)
     3    0.011935    0.057615    0.047810    1.052511 ^ _401_/Y (sky130_fd_sc_hd__o21ai_2)
                                                         _130_ (net)
                      0.057615    0.000000    1.052511 ^ _404_/A2 (sky130_fd_sc_hd__o21ai_2)
     2    0.008557    0.028924    0.039280    1.091790 v _404_/Y (sky130_fd_sc_hd__o21ai_2)
                                                         _133_ (net)
                      0.028924    0.000000    1.091790 v _622_/B (sky130_fd_sc_hd__nand3_2)
     1    0.004784    0.031477    0.045176    1.136967 ^ _622_/Y (sky130_fd_sc_hd__nand3_2)
                                                         _332_ (net)
                      0.031477    0.000000    1.136967 ^ _623_/B (sky130_fd_sc_hd__nand2b_2)
     1    0.033442    0.090812    0.081677    1.218643 v _623_/Y (sky130_fd_sc_hd__nand2b_2)
                                                         S[3] (net)
                      0.090812    0.000000    1.218643 v S[3] (out)
                                              1.218643   data arrival time

                      0.000000    0.000000    0.000000   clock __VIRTUAL_CLK__ (rise edge)
                                  0.000000    0.000000   clock network delay (ideal)
                                  0.250000    0.250000   clock uncertainty
                                  0.000000    0.250000   clock reconvergence pessimism
                                 -1.000000   -0.750000   output external delay
                                             -0.750000   data required time
---------------------------------------------------------------------------------------------
                                             -0.750000   data required time
                                             -1.218643   data arrival time
---------------------------------------------------------------------------------------------
                                              1.968643   slack (MET)


Startpoint: A[2] (input port clocked by __VIRTUAL_CLK__)
Endpoint: S[2] (output port clocked by __VIRTUAL_CLK__)
Path Group: __VIRTUAL_CLK__
Path Type: min

Fanout         Cap        Slew       Delay        Time   Description
---------------------------------------------------------------------------------------------
                      0.000000    0.000000    0.000000   clock __VIRTUAL_CLK__ (rise edge)
                                  0.000000    0.000000   clock network delay (ideal)
                                  1.000000    1.000000 v input external delay
     2    0.006524    0.010772    0.005641    1.005641 v A[2] (in)
                                                         A[2] (net)
                      0.010772    0.000000    1.005641 v _397_/B1 (sky130_fd_sc_hd__o21ai_2)
     3    0.009816    0.049142    0.042741    1.048382 ^ _397_/Y (sky130_fd_sc_hd__o21ai_2)
                                                         _126_ (net)
                      0.049142    0.000000    1.048382 ^ _398_/A2 (sky130_fd_sc_hd__o21a_2)
     1    0.009349    0.044172    0.082636    1.131018 ^ _398_/X (sky130_fd_sc_hd__o21a_2)
                                                         _127_ (net)
                      0.044172    0.000000    1.131018 ^ _620_/A (sky130_fd_sc_hd__xor2_2)
     1    0.033442    0.071963    0.091491    1.222510 v _620_/X (sky130_fd_sc_hd__xor2_2)
                                                         S[2] (net)
                      0.071963    0.000000    1.222510 v S[2] (out)
                                              1.222510   data arrival time

                      0.000000    0.000000    0.000000   clock __VIRTUAL_CLK__ (rise edge)
                                  0.000000    0.000000   clock network delay (ideal)
                                  0.250000    0.250000   clock uncertainty
                                  0.000000    0.250000   clock reconvergence pessimism
                                 -1.000000   -0.750000   output external delay
                                             -0.750000   data required time
---------------------------------------------------------------------------------------------
                                             -0.750000   data required time
                                             -1.222510   data arrival time
---------------------------------------------------------------------------------------------
                                              1.972509   slack (MET)


Startpoint: A[12] (input port clocked by __VIRTUAL_CLK__)
Endpoint: S[14] (output port clocked by __VIRTUAL_CLK__)
Path Group: __VIRTUAL_CLK__
Path Type: min

Fanout         Cap        Slew       Delay        Time   Description
---------------------------------------------------------------------------------------------
                      0.000000    0.000000    0.000000   clock __VIRTUAL_CLK__ (rise edge)
                                  0.000000    0.000000   clock network delay (ideal)
                                  1.000000    1.000000 ^ input external delay
     4    0.013287    0.050629    0.031339    1.031340 ^ A[12] (in)
                                                         A[12] (net)
                      0.050629    0.000000    1.031340 ^ _677_/C (sky130_fd_sc_hd__nand3_2)
     2    0.008578    0.044494    0.050309    1.081649 v _677_/Y (sky130_fd_sc_hd__nand3_2)
                                                         _024_ (net)
                      0.044494    0.000000    1.081649 v _645_/C1 (sky130_fd_sc_hd__o211ai_2)
     1    0.008409    0.047253    0.054082    1.135731 ^ _645_/Y (sky130_fd_sc_hd__o211ai_2)
                                                         _344_ (net)
                      0.047253    0.000000    1.135731 ^ _647_/B (sky130_fd_sc_hd__xor2_2)
     1    0.033442    0.071961    0.087155    1.222886 v _647_/X (sky130_fd_sc_hd__xor2_2)
                                                         S[14] (net)
                      0.071961    0.000000    1.222886 v S[14] (out)
                                              1.222886   data arrival time

                      0.000000    0.000000    0.000000   clock __VIRTUAL_CLK__ (rise edge)
                                  0.000000    0.000000   clock network delay (ideal)
                                  0.250000    0.250000   clock uncertainty
                                  0.000000    0.250000   clock reconvergence pessimism
                                 -1.000000   -0.750000   output external delay
                                             -0.750000   data required time
---------------------------------------------------------------------------------------------
                                             -0.750000   data required time
                                             -1.222886   data arrival time
---------------------------------------------------------------------------------------------
                                              1.972886   slack (MET)


Startpoint: A[26] (input port clocked by __VIRTUAL_CLK__)
Endpoint: S[27] (output port clocked by __VIRTUAL_CLK__)
Path Group: __VIRTUAL_CLK__
Path Type: min

Fanout         Cap        Slew       Delay        Time   Description
---------------------------------------------------------------------------------------------
                      0.000000    0.000000    0.000000   clock __VIRTUAL_CLK__ (rise edge)
                                  0.000000    0.000000   clock network delay (ideal)
                                  1.000000    1.000000 ^ input external delay
     2    0.003132    0.015652    0.007676    1.007676 ^ A[26] (in)
                                                         A[26] (net)
                      0.015652    0.000000    1.007676 ^ _548_/B1_N (sky130_fd_sc_hd__o21bai_2)
     2    0.006657    0.035697    0.064491    1.072167 ^ _548_/Y (sky130_fd_sc_hd__o21bai_2)
                                                         _267_ (net)
                      0.035697    0.000000    1.072167 ^ _560_/A2 (sky130_fd_sc_hd__a21boi_2)
     3    0.010871    0.034879    0.040049    1.112216 v _560_/Y (sky130_fd_sc_hd__a21boi_2)
                                                         _278_ (net)
                      0.034879    0.000000    1.112216 v _563_/A (sky130_fd_sc_hd__nand2_2)
     1    0.004721    0.028714    0.037271    1.149486 ^ _563_/Y (sky130_fd_sc_hd__nand2_2)
                                                         _281_ (net)
                      0.028714    0.000000    1.149486 ^ _564_/A2 (sky130_fd_sc_hd__o21ai_2)
     1    0.033442    0.071785    0.076541    1.226027 v _564_/Y (sky130_fd_sc_hd__o21ai_2)
                                                         S[27] (net)
                      0.071785    0.000000    1.226027 v S[27] (out)
                                              1.226027   data arrival time

                      0.000000    0.000000    0.000000   clock __VIRTUAL_CLK__ (rise edge)
                                  0.000000    0.000000   clock network delay (ideal)
                                  0.250000    0.250000   clock uncertainty
                                  0.000000    0.250000   clock reconvergence pessimism
                                 -1.000000   -0.750000   output external delay
                                             -0.750000   data required time
---------------------------------------------------------------------------------------------
                                             -0.750000   data required time
                                             -1.226027   data arrival time
---------------------------------------------------------------------------------------------
                                              1.976027   slack (MET)


Startpoint: A[4] (input port clocked by __VIRTUAL_CLK__)
Endpoint: S[4] (output port clocked by __VIRTUAL_CLK__)
Path Group: __VIRTUAL_CLK__
Path Type: min

Fanout         Cap        Slew       Delay        Time   Description
---------------------------------------------------------------------------------------------
                      0.000000    0.000000    0.000000   clock __VIRTUAL_CLK__ (rise edge)
                                  0.000000    0.000000   clock network delay (ideal)
                                  1.000000    1.000000 v input external delay
     3    0.007195    0.011868    0.006357    1.006357 v A[4] (in)
                                                         A[4] (net)
                      0.011868    0.000000    1.006357 v _364_/B1 (sky130_fd_sc_hd__o21ai_2)
     3    0.009863    0.049316    0.043248    1.049605 ^ _364_/Y (sky130_fd_sc_hd__o21ai_2)
                                                         _093_ (net)
                      0.049316    0.000000    1.049605 ^ _368_/A2 (sky130_fd_sc_hd__o21a_2)
     1    0.008977    0.042750    0.081685    1.131289 ^ _368_/X (sky130_fd_sc_hd__o21a_2)
                                                         _097_ (net)
                      0.042750    0.000000    1.131289 ^ _625_/A (sky130_fd_sc_hd__xnor2_2)
     1    0.033442    0.101134    0.095042    1.226332 v _625_/Y (sky130_fd_sc_hd__xnor2_2)
                                                         S[4] (net)
                      0.101134    0.000000    1.226332 v S[4] (out)
                                              1.226332   data arrival time

                      0.000000    0.000000    0.000000   clock __VIRTUAL_CLK__ (rise edge)
                                  0.000000    0.000000   clock network delay (ideal)
                                  0.250000    0.250000   clock uncertainty
                                  0.000000    0.250000   clock reconvergence pessimism
                                 -1.000000   -0.750000   output external delay
                                             -0.750000   data required time
---------------------------------------------------------------------------------------------
                                             -0.750000   data required time
                                             -1.226332   data arrival time
---------------------------------------------------------------------------------------------
                                              1.976332   slack (MET)


Startpoint: A[19] (input port clocked by __VIRTUAL_CLK__)
Endpoint: S[19] (output port clocked by __VIRTUAL_CLK__)
Path Group: __VIRTUAL_CLK__
Path Type: min

Fanout         Cap        Slew       Delay        Time   Description
---------------------------------------------------------------------------------------------
                      0.000000    0.000000    0.000000   clock __VIRTUAL_CLK__ (rise edge)
                                  0.000000    0.000000   clock network delay (ideal)
                                  1.000000    1.000000 ^ input external delay
     4    0.015797    0.059088    0.037013    1.037013 ^ A[19] (in)
                                                         A[19] (net)
                      0.059088    0.000000    1.037013 ^ _451_/B (sky130_fd_sc_hd__nand2_2)
     5    0.016630    0.049625    0.054574    1.091588 v _451_/Y (sky130_fd_sc_hd__nand2_2)
                                                         _177_ (net)
                      0.049625    0.000000    1.091588 v _456_/B (sky130_fd_sc_hd__nand4_2)
     1    0.004614    0.036675    0.060194    1.151782 ^ _456_/Y (sky130_fd_sc_hd__nand4_2)
                                                         _182_ (net)
                      0.036675    0.000000    1.151782 ^ _457_/B (sky130_fd_sc_hd__nand2_2)
     1    0.033442    0.087340    0.078109    1.229891 v _457_/Y (sky130_fd_sc_hd__nand2_2)
                                                         S[19] (net)
                      0.087340    0.000000    1.229891 v S[19] (out)
                                              1.229891   data arrival time

                      0.000000    0.000000    0.000000   clock __VIRTUAL_CLK__ (rise edge)
                                  0.000000    0.000000   clock network delay (ideal)
                                  0.250000    0.250000   clock uncertainty
                                  0.000000    0.250000   clock reconvergence pessimism
                                 -1.000000   -0.750000   output external delay
                                             -0.750000   data required time
---------------------------------------------------------------------------------------------
                                             -0.750000   data required time
                                             -1.229891   data arrival time
---------------------------------------------------------------------------------------------
                                              1.979891   slack (MET)


Startpoint: A[5] (input port clocked by __VIRTUAL_CLK__)
Endpoint: S[5] (output port clocked by __VIRTUAL_CLK__)
Path Group: __VIRTUAL_CLK__
Path Type: min

Fanout         Cap        Slew       Delay        Time   Description
---------------------------------------------------------------------------------------------
                      0.000000    0.000000    0.000000   clock __VIRTUAL_CLK__ (rise edge)
                                  0.000000    0.000000   clock network delay (ideal)
                                  1.000000    1.000000 ^ input external delay
     4    0.013723    0.052110    0.032342    1.032342 ^ A[5] (in)
                                                         A[5] (net)
                      0.052110    0.000000    1.032342 ^ _357_/B1 (sky130_fd_sc_hd__a21oi_2)
     2    0.012240    0.028726    0.031742    1.064085 v _357_/Y (sky130_fd_sc_hd__a21oi_2)
                                                         _086_ (net)
                      0.028726    0.000000    1.064085 v _359_/B1 (sky130_fd_sc_hd__a22oi_4)
     2    0.013325    0.072176    0.065696    1.129780 ^ _359_/Y (sky130_fd_sc_hd__a22oi_4)
                                                         _088_ (net)
                      0.072176    0.000000    1.129780 ^ _627_/A (sky130_fd_sc_hd__xnor2_2)
     1    0.033442    0.100596    0.100231    1.230011 v _627_/Y (sky130_fd_sc_hd__xnor2_2)
                                                         S[5] (net)
                      0.100596    0.000000    1.230011 v S[5] (out)
                                              1.230011   data arrival time

                      0.000000    0.000000    0.000000   clock __VIRTUAL_CLK__ (rise edge)
                                  0.000000    0.000000   clock network delay (ideal)
                                  0.250000    0.250000   clock uncertainty
                                  0.000000    0.250000   clock reconvergence pessimism
                                 -1.000000   -0.750000   output external delay
                                             -0.750000   data required time
---------------------------------------------------------------------------------------------
                                             -0.750000   data required time
                                             -1.230011   data arrival time
---------------------------------------------------------------------------------------------
                                              1.980011   slack (MET)


Startpoint: A[9] (input port clocked by __VIRTUAL_CLK__)
Endpoint: S[9] (output port clocked by __VIRTUAL_CLK__)
Path Group: __VIRTUAL_CLK__
Path Type: min

Fanout         Cap        Slew       Delay        Time   Description
---------------------------------------------------------------------------------------------
                      0.000000    0.000000    0.000000   clock __VIRTUAL_CLK__ (rise edge)
                                  0.000000    0.000000   clock network delay (ideal)
                                  1.000000    1.000000 v input external delay
     3    0.005238    0.008673    0.004270    1.004270 v A[9] (in)
                                                         A[9] (net)
                      0.008673    0.000000    1.004270 v _697_/B1_N (sky130_fd_sc_hd__o21bai_4)
     3    0.010127    0.027083    0.086577    1.090847 v _697_/Y (sky130_fd_sc_hd__o21bai_4)
                                                         _044_ (net)
                      0.027083    0.000000    1.090847 v _700_/A (sky130_fd_sc_hd__nand2_2)
     1    0.008977    0.043676    0.045006    1.135853 ^ _700_/Y (sky130_fd_sc_hd__nand2_2)
                                                         _047_ (net)
                      0.043676    0.000000    1.135853 ^ _635_/A (sky130_fd_sc_hd__xnor2_2)
     1    0.033442    0.099942    0.095215    1.231069 v _635_/Y (sky130_fd_sc_hd__xnor2_2)
                                                         S[9] (net)
                      0.099942    0.000000    1.231069 v S[9] (out)
                                              1.231069   data arrival time

                      0.000000    0.000000    0.000000   clock __VIRTUAL_CLK__ (rise edge)
                                  0.000000    0.000000   clock network delay (ideal)
                                  0.250000    0.250000   clock uncertainty
                                  0.000000    0.250000   clock reconvergence pessimism
                                 -1.000000   -0.750000   output external delay
                                             -0.750000   data required time
---------------------------------------------------------------------------------------------
                                             -0.750000   data required time
                                             -1.231069   data arrival time
---------------------------------------------------------------------------------------------
                                              1.981069   slack (MET)


Startpoint: A[31] (input port clocked by __VIRTUAL_CLK__)
Endpoint: S[31] (output port clocked by __VIRTUAL_CLK__)
Path Group: __VIRTUAL_CLK__
Path Type: min

Fanout         Cap        Slew       Delay        Time   Description
---------------------------------------------------------------------------------------------
                      0.000000    0.000000    0.000000   clock __VIRTUAL_CLK__ (rise edge)
                                  0.000000    0.000000   clock network delay (ideal)
                                  1.000000    1.000000 ^ input external delay
     2    0.018219    0.067158    0.042358    1.042358 ^ A[31] (in)
                                                         A[31] (net)
                      0.067158    0.000000    1.042358 ^ _607_/A (sky130_fd_sc_hd__xnor2_2)
     3    0.007822    0.035785    0.048828    1.091186 v _607_/Y (sky130_fd_sc_hd__xnor2_2)
                                                         _321_ (net)
                      0.035785    0.000000    1.091186 v _612_/B (sky130_fd_sc_hd__nor2_2)
     1    0.009237    0.092053    0.079117    1.170303 ^ _612_/Y (sky130_fd_sc_hd__nor2_2)
                                                         _326_ (net)
                      0.092053    0.000000    1.170303 ^ _614_/B2 (sky130_fd_sc_hd__a22oi_4)
     1    0.033442    0.058049    0.063912    1.234215 v _614_/Y (sky130_fd_sc_hd__a22oi_4)
                                                         S[31] (net)
                      0.058049    0.000000    1.234215 v S[31] (out)
                                              1.234215   data arrival time

                      0.000000    0.000000    0.000000   clock __VIRTUAL_CLK__ (rise edge)
                                  0.000000    0.000000   clock network delay (ideal)
                                  0.250000    0.250000   clock uncertainty
                                  0.000000    0.250000   clock reconvergence pessimism
                                 -1.000000   -0.750000   output external delay
                                             -0.750000   data required time
---------------------------------------------------------------------------------------------
                                             -0.750000   data required time
                                             -1.234215   data arrival time
---------------------------------------------------------------------------------------------
                                              1.984215   slack (MET)


Startpoint: A[0] (input port clocked by __VIRTUAL_CLK__)
Endpoint: S[1] (output port clocked by __VIRTUAL_CLK__)
Path Group: __VIRTUAL_CLK__
Path Type: min

Fanout         Cap        Slew       Delay        Time   Description
---------------------------------------------------------------------------------------------
                      0.000000    0.000000    0.000000   clock __VIRTUAL_CLK__ (rise edge)
                                  0.000000    0.000000   clock network delay (ideal)
                                  1.000000    1.000000 ^ input external delay
     4    0.017498    0.064755    0.040767    1.040767 ^ A[0] (in)
                                                         A[0] (net)
                      0.064755    0.000000    1.040767 ^ _616_/A1 (sky130_fd_sc_hd__mux2_1)
     1    0.008395    0.064291    0.102359    1.143126 ^ _616_/X (sky130_fd_sc_hd__mux2_1)
                                                         _328_ (net)
                      0.064291    0.000000    1.143126 ^ _617_/B (sky130_fd_sc_hd__xnor2_2)
     1    0.033442    0.100683    0.093515    1.236641 v _617_/Y (sky130_fd_sc_hd__xnor2_2)
                                                         S[1] (net)
                      0.100683    0.000000    1.236641 v S[1] (out)
                                              1.236641   data arrival time

                      0.000000    0.000000    0.000000   clock __VIRTUAL_CLK__ (rise edge)
                                  0.000000    0.000000   clock network delay (ideal)
                                  0.250000    0.250000   clock uncertainty
                                  0.000000    0.250000   clock reconvergence pessimism
                                 -1.000000   -0.750000   output external delay
                                             -0.750000   data required time
---------------------------------------------------------------------------------------------
                                             -0.750000   data required time
                                             -1.236641   data arrival time
---------------------------------------------------------------------------------------------
                                              1.986641   slack (MET)


Startpoint: B[10] (input port clocked by __VIRTUAL_CLK__)
Endpoint: S[11] (output port clocked by __VIRTUAL_CLK__)
Path Group: __VIRTUAL_CLK__
Path Type: min

Fanout         Cap        Slew       Delay        Time   Description
---------------------------------------------------------------------------------------------
                      0.000000    0.000000    0.000000   clock __VIRTUAL_CLK__ (rise edge)
                                  0.000000    0.000000   clock network delay (ideal)
                                  1.000000    1.000000 v input external delay
     4    0.014012    0.022997    0.013626    1.013626 v B[10] (in)
                                                         B[10] (net)
                      0.022997    0.000000    1.013626 v _712_/B (sky130_fd_sc_hd__nand2_2)
     2    0.011767    0.060337    0.056824    1.070451 ^ _712_/Y (sky130_fd_sc_hd__nand2_2)
                                                         _059_ (net)
                      0.060337    0.000000    1.070451 ^ _715_/B (sky130_fd_sc_hd__nand2_4)
     4    0.015050    0.030366    0.038105    1.108556 v _715_/Y (sky130_fd_sc_hd__nand2_4)
                                                         _062_ (net)
                      0.030366    0.000000    1.108556 v _638_/B1 (sky130_fd_sc_hd__o21ai_2)
     1    0.008409    0.043764    0.046014    1.154570 ^ _638_/Y (sky130_fd_sc_hd__o21ai_2)
                                                         _340_ (net)
                      0.043764    0.000000    1.154570 ^ _639_/B (sky130_fd_sc_hd__xor2_2)
     1    0.033442    0.071963    0.086331    1.240901 v _639_/X (sky130_fd_sc_hd__xor2_2)
                                                         S[11] (net)
                      0.071963    0.000000    1.240901 v S[11] (out)
                                              1.240901   data arrival time

                      0.000000    0.000000    0.000000   clock __VIRTUAL_CLK__ (rise edge)
                                  0.000000    0.000000   clock network delay (ideal)
                                  0.250000    0.250000   clock uncertainty
                                  0.000000    0.250000   clock reconvergence pessimism
                                 -1.000000   -0.750000   output external delay
                                             -0.750000   data required time
---------------------------------------------------------------------------------------------
                                             -0.750000   data required time
                                             -1.240901   data arrival time
---------------------------------------------------------------------------------------------
                                              1.990901   slack (MET)


Startpoint: A[6] (input port clocked by __VIRTUAL_CLK__)
Endpoint: S[6] (output port clocked by __VIRTUAL_CLK__)
Path Group: __VIRTUAL_CLK__
Path Type: min

Fanout         Cap        Slew       Delay        Time   Description
---------------------------------------------------------------------------------------------
                      0.000000    0.000000    0.000000   clock __VIRTUAL_CLK__ (rise edge)
                                  0.000000    0.000000   clock network delay (ideal)
                                  1.000000    1.000000 ^ input external delay
     2    0.006189    0.026508    0.015013    1.015013 ^ A[6] (in)
                                                         A[6] (net)
                      0.026508    0.000000    1.015013 ^ _730_/B1 (sky130_fd_sc_hd__o21ai_2)
     4    0.014566    0.034953    0.034512    1.049524 v _730_/Y (sky130_fd_sc_hd__o21ai_2)
                                                         _077_ (net)
                      0.034953    0.000000    1.049524 v _350_/A2 (sky130_fd_sc_hd__o21ai_2)
     1    0.008977    0.051727    0.096472    1.145996 ^ _350_/Y (sky130_fd_sc_hd__o21ai_2)
                                                         _079_ (net)
                      0.051727    0.000000    1.145996 ^ _629_/A (sky130_fd_sc_hd__xnor2_2)
     1    0.033442    0.101173    0.096721    1.242717 v _629_/Y (sky130_fd_sc_hd__xnor2_2)
                                                         S[6] (net)
                      0.101173    0.000000    1.242717 v S[6] (out)
                                              1.242717   data arrival time

                      0.000000    0.000000    0.000000   clock __VIRTUAL_CLK__ (rise edge)
                                  0.000000    0.000000   clock network delay (ideal)
                                  0.250000    0.250000   clock uncertainty
                                  0.000000    0.250000   clock reconvergence pessimism
                                 -1.000000   -0.750000   output external delay
                                             -0.750000   data required time
---------------------------------------------------------------------------------------------
                                             -0.750000   data required time
                                             -1.242717   data arrival time
---------------------------------------------------------------------------------------------
                                              1.992717   slack (MET)


Startpoint: A[7] (input port clocked by __VIRTUAL_CLK__)
Endpoint: S[7] (output port clocked by __VIRTUAL_CLK__)
Path Group: __VIRTUAL_CLK__
Path Type: min

Fanout         Cap        Slew       Delay        Time   Description
---------------------------------------------------------------------------------------------
                      0.000000    0.000000    0.000000   clock __VIRTUAL_CLK__ (rise edge)
                                  0.000000    0.000000   clock network delay (ideal)
                                  1.000000    1.000000 v input external delay
     3    0.005185    0.008586    0.004213    1.004213 v A[7] (in)
                                                         A[7] (net)
                      0.008586    0.000000    1.004213 v _371_/B1_N (sky130_fd_sc_hd__o21bai_4)
     4    0.017564    0.037681    0.095216    1.099429 v _371_/Y (sky130_fd_sc_hd__o21bai_4)
                                                         _100_ (net)
                      0.037681    0.000000    1.099429 v _375_/B1 (sky130_fd_sc_hd__o21ai_2)
     1    0.009349    0.047634    0.051347    1.150777 ^ _375_/Y (sky130_fd_sc_hd__o21ai_2)
                                                         _104_ (net)
                      0.047634    0.000000    1.150777 ^ _631_/A (sky130_fd_sc_hd__xor2_2)
     1    0.033442    0.071961    0.092291    1.243068 v _631_/X (sky130_fd_sc_hd__xor2_2)
                                                         S[7] (net)
                      0.071961    0.000000    1.243068 v S[7] (out)
                                              1.243068   data arrival time

                      0.000000    0.000000    0.000000   clock __VIRTUAL_CLK__ (rise edge)
                                  0.000000    0.000000   clock network delay (ideal)
                                  0.250000    0.250000   clock uncertainty
                                  0.000000    0.250000   clock reconvergence pessimism
                                 -1.000000   -0.750000   output external delay
                                             -0.750000   data required time
---------------------------------------------------------------------------------------------
                                             -0.750000   data required time
                                             -1.243068   data arrival time
---------------------------------------------------------------------------------------------
                                              1.993068   slack (MET)


Startpoint: A[17] (input port clocked by __VIRTUAL_CLK__)
Endpoint: S[17] (output port clocked by __VIRTUAL_CLK__)
Path Group: __VIRTUAL_CLK__
Path Type: min

Fanout         Cap        Slew       Delay        Time   Description
---------------------------------------------------------------------------------------------
                      0.000000    0.000000    0.000000   clock __VIRTUAL_CLK__ (rise edge)
                                  0.000000    0.000000   clock network delay (ideal)
                                  1.000000    1.000000 ^ input external delay
     2    0.007200    0.029943    0.017338    1.017338 ^ A[17] (in)
                                                         A[17] (net)
                      0.029943    0.000000    1.017338 ^ _429_/C (sky130_fd_sc_hd__nand3b_2)
     3    0.010101    0.051359    0.054257    1.071595 v _429_/Y (sky130_fd_sc_hd__nand3b_2)
                                                         _157_ (net)
                      0.051359    0.000000    1.071595 v _431_/A (sky130_fd_sc_hd__nand2_2)
     2    0.018558    0.079247    0.078423    1.150018 ^ _431_/Y (sky130_fd_sc_hd__nand2_2)
                                                         _159_ (net)
                      0.079247    0.000000    1.150018 ^ _433_/A (sky130_fd_sc_hd__xor2_2)
     1    0.033442    0.071950    0.099420    1.249438 v _433_/X (sky130_fd_sc_hd__xor2_2)
                                                         S[17] (net)
                      0.071950    0.000000    1.249438 v S[17] (out)
                                              1.249438   data arrival time

                      0.000000    0.000000    0.000000   clock __VIRTUAL_CLK__ (rise edge)
                                  0.000000    0.000000   clock network delay (ideal)
                                  0.250000    0.250000   clock uncertainty
                                  0.000000    0.250000   clock reconvergence pessimism
                                 -1.000000   -0.750000   output external delay
                                             -0.750000   data required time
---------------------------------------------------------------------------------------------
                                             -0.750000   data required time
                                             -1.249438   data arrival time
---------------------------------------------------------------------------------------------
                                              1.999438   slack (MET)


Startpoint: A[18] (input port clocked by __VIRTUAL_CLK__)
Endpoint: S[18] (output port clocked by __VIRTUAL_CLK__)
Path Group: __VIRTUAL_CLK__
Path Type: min

Fanout         Cap        Slew       Delay        Time   Description
---------------------------------------------------------------------------------------------
                      0.000000    0.000000    0.000000   clock __VIRTUAL_CLK__ (rise edge)
                                  0.000000    0.000000   clock network delay (ideal)
                                  1.000000    1.000000 ^ input external delay
     3    0.011629    0.044994    0.027526    1.027526 ^ A[18] (in)
                                                         A[18] (net)
                      0.044994    0.000000    1.027526 ^ _438_/C (sky130_fd_sc_hd__nand3b_2)
     2    0.005895    0.037100    0.045581    1.073107 v _438_/Y (sky130_fd_sc_hd__nand3b_2)
                                                         _165_ (net)
                      0.037100    0.000000    1.073107 v _440_/A (sky130_fd_sc_hd__nand2_2)
     3    0.020067    0.084993    0.076766    1.149873 ^ _440_/Y (sky130_fd_sc_hd__nand2_2)
                                                         _167_ (net)
                      0.084993    0.000000    1.149873 ^ _445_/A (sky130_fd_sc_hd__xor2_2)
     1    0.033442    0.071948    0.100709    1.250582 v _445_/X (sky130_fd_sc_hd__xor2_2)
                                                         S[18] (net)
                      0.071948    0.000000    1.250582 v S[18] (out)
                                              1.250582   data arrival time

                      0.000000    0.000000    0.000000   clock __VIRTUAL_CLK__ (rise edge)
                                  0.000000    0.000000   clock network delay (ideal)
                                  0.250000    0.250000   clock uncertainty
                                  0.000000    0.250000   clock reconvergence pessimism
                                 -1.000000   -0.750000   output external delay
                                             -0.750000   data required time
---------------------------------------------------------------------------------------------
                                             -0.750000   data required time
                                             -1.250582   data arrival time
---------------------------------------------------------------------------------------------
                                              2.000582   slack (MET)


Startpoint: B[8] (input port clocked by __VIRTUAL_CLK__)
Endpoint: S[8] (output port clocked by __VIRTUAL_CLK__)
Path Group: __VIRTUAL_CLK__
Path Type: min

Fanout         Cap        Slew       Delay        Time   Description
---------------------------------------------------------------------------------------------
                      0.000000    0.000000    0.000000   clock __VIRTUAL_CLK__ (rise edge)
                                  0.000000    0.000000   clock network delay (ideal)
                                  1.000000    1.000000 v input external delay
     4    0.014890    0.024409    0.014560    1.014560 v B[8] (in)
                                                         B[8] (net)
                      0.024409    0.000000    1.014560 v _701_/B (sky130_fd_sc_hd__nand2_2)
     2    0.011816    0.060543    0.057497    1.072058 ^ _701_/Y (sky130_fd_sc_hd__nand2_2)
                                                         _048_ (net)
                      0.060543    0.000000    1.072058 ^ _705_/B (sky130_fd_sc_hd__nand2_4)
     4    0.014637    0.029852    0.037641    1.109699 v _705_/Y (sky130_fd_sc_hd__nand2_4)
                                                         _052_ (net)
                      0.029852    0.000000    1.109699 v _707_/A (sky130_fd_sc_hd__nand2_2)
     1    0.008977    0.043832    0.046093    1.155792 ^ _707_/Y (sky130_fd_sc_hd__nand2_2)
                                                         _054_ (net)
                      0.043832    0.000000    1.155792 ^ _633_/A (sky130_fd_sc_hd__xnor2_2)
     1    0.033442    0.101160    0.095244    1.251036 v _633_/Y (sky130_fd_sc_hd__xnor2_2)
                                                         S[8] (net)
                      0.101160    0.000000    1.251036 v S[8] (out)
                                              1.251036   data arrival time

                      0.000000    0.000000    0.000000   clock __VIRTUAL_CLK__ (rise edge)
                                  0.000000    0.000000   clock network delay (ideal)
                                  0.250000    0.250000   clock uncertainty
                                  0.000000    0.250000   clock reconvergence pessimism
                                 -1.000000   -0.750000   output external delay
                                             -0.750000   data required time
---------------------------------------------------------------------------------------------
                                             -0.750000   data required time
                                             -1.251036   data arrival time
---------------------------------------------------------------------------------------------
                                              2.001036   slack (MET)


Startpoint: A[14] (input port clocked by __VIRTUAL_CLK__)
Endpoint: S[15] (output port clocked by __VIRTUAL_CLK__)
Path Group: __VIRTUAL_CLK__
Path Type: min

Fanout         Cap        Slew       Delay        Time   Description
---------------------------------------------------------------------------------------------
                      0.000000    0.000000    0.000000   clock __VIRTUAL_CLK__ (rise edge)
                                  0.000000    0.000000   clock network delay (ideal)
                                  1.000000    1.000000 v input external delay
     5    0.016608    0.026982    0.016367    1.016367 v A[14] (in)
                                                         A[14] (net)
                      0.026982    0.000000    1.016367 v _680_/B1_N (sky130_fd_sc_hd__o21bai_2)
     4    0.010335    0.041206    0.107994    1.124361 v _680_/Y (sky130_fd_sc_hd__o21bai_2)
                                                         _027_ (net)
                      0.041206    0.000000    1.124361 v _649_/B2 (sky130_fd_sc_hd__a22oi_2)
     1    0.009347    0.081626    0.089045    1.213406 ^ _649_/Y (sky130_fd_sc_hd__a22oi_2)
                                                         _347_ (net)
                      0.081626    0.000000    1.213406 ^ _650_/B (sky130_fd_sc_hd__nor2_4)
     1    0.033442    0.041228    0.043951    1.257357 v _650_/Y (sky130_fd_sc_hd__nor2_4)
                                                         S[15] (net)
                      0.041228    0.000000    1.257357 v S[15] (out)
                                              1.257357   data arrival time

                      0.000000    0.000000    0.000000   clock __VIRTUAL_CLK__ (rise edge)
                                  0.000000    0.000000   clock network delay (ideal)
                                  0.250000    0.250000   clock uncertainty
                                  0.000000    0.250000   clock reconvergence pessimism
                                 -1.000000   -0.750000   output external delay
                                             -0.750000   data required time
---------------------------------------------------------------------------------------------
                                             -0.750000   data required time
                                             -1.257357   data arrival time
---------------------------------------------------------------------------------------------
                                              2.007357   slack (MET)


Startpoint: A[16] (input port clocked by __VIRTUAL_CLK__)
Endpoint: S[16] (output port clocked by __VIRTUAL_CLK__)
Path Group: __VIRTUAL_CLK__
Path Type: min

Fanout         Cap        Slew       Delay        Time   Description
---------------------------------------------------------------------------------------------
                      0.000000    0.000000    0.000000   clock __VIRTUAL_CLK__ (rise edge)
                                  0.000000    0.000000   clock network delay (ideal)
                                  1.000000    1.000000 ^ input external delay
     2    0.007200    0.029943    0.017338    1.017338 ^ A[16] (in)
                                                         A[16] (net)
                      0.029943    0.000000    1.017338 ^ _657_/C (sky130_fd_sc_hd__nand3b_2)
     4    0.012531    0.059454    0.060301    1.077639 v _657_/Y (sky130_fd_sc_hd__nand3b_2)
                                                         _004_ (net)
                      0.059454    0.000000    1.077639 v _659_/A (sky130_fd_sc_hd__nand2_2)
     2    0.018489    0.079655    0.081501    1.159140 ^ _659_/Y (sky130_fd_sc_hd__nand2_2)
                                                         _006_ (net)
                      0.079655    0.000000    1.159140 ^ _425_/A (sky130_fd_sc_hd__xor2_2)
     1    0.033442    0.071950    0.099511    1.258651 v _425_/X (sky130_fd_sc_hd__xor2_2)
                                                         S[16] (net)
                      0.071950    0.000000    1.258651 v S[16] (out)
                                              1.258651   data arrival time

                      0.000000    0.000000    0.000000   clock __VIRTUAL_CLK__ (rise edge)
                                  0.000000    0.000000   clock network delay (ideal)
                                  0.250000    0.250000   clock uncertainty
                                  0.000000    0.250000   clock reconvergence pessimism
                                 -1.000000   -0.750000   output external delay
                                             -0.750000   data required time
---------------------------------------------------------------------------------------------
                                             -0.750000   data required time
                                             -1.258651   data arrival time
---------------------------------------------------------------------------------------------
                                              2.008651   slack (MET)


Startpoint: A[12] (input port clocked by __VIRTUAL_CLK__)
Endpoint: S[12] (output port clocked by __VIRTUAL_CLK__)
Path Group: __VIRTUAL_CLK__
Path Type: min

Fanout         Cap        Slew       Delay        Time   Description
---------------------------------------------------------------------------------------------
                      0.000000    0.000000    0.000000   clock __VIRTUAL_CLK__ (rise edge)
                                  0.000000    0.000000   clock network delay (ideal)
                                  1.000000    1.000000 v input external delay
     4    0.012185    0.020015    0.011678    1.011678 v A[12] (in)
                                                         A[12] (net)
                      0.020015    0.000000    1.011678 v _675_/B1 (sky130_fd_sc_hd__o21ai_2)
     2    0.007296    0.038989    0.039099    1.050777 ^ _675_/Y (sky130_fd_sc_hd__o21ai_2)
                                                         _022_ (net)
                      0.038989    0.000000    1.050777 ^ _687_/A2 (sky130_fd_sc_hd__o21a_2)
     5    0.020525    0.086115    0.109233    1.160010 ^ _687_/X (sky130_fd_sc_hd__o21a_2)
                                                         _034_ (net)
                      0.086115    0.000000    1.160010 ^ _642_/A (sky130_fd_sc_hd__xor2_2)
     1    0.033442    0.071955    0.100961    1.260971 v _642_/X (sky130_fd_sc_hd__xor2_2)
                                                         S[12] (net)
                      0.071955    0.000000    1.260971 v S[12] (out)
                                              1.260971   data arrival time

                      0.000000    0.000000    0.000000   clock __VIRTUAL_CLK__ (rise edge)
                                  0.000000    0.000000   clock network delay (ideal)
                                  0.250000    0.250000   clock uncertainty
                                  0.000000    0.250000   clock reconvergence pessimism
                                 -1.000000   -0.750000   output external delay
                                             -0.750000   data required time
---------------------------------------------------------------------------------------------
                                             -0.750000   data required time
                                             -1.260971   data arrival time
---------------------------------------------------------------------------------------------
                                              2.010971   slack (MET)


Startpoint: A[24] (input port clocked by __VIRTUAL_CLK__)
Endpoint: S[26] (output port clocked by __VIRTUAL_CLK__)
Path Group: __VIRTUAL_CLK__
Path Type: min

Fanout         Cap        Slew       Delay        Time   Description
---------------------------------------------------------------------------------------------
                      0.000000    0.000000    0.000000   clock __VIRTUAL_CLK__ (rise edge)
                                  0.000000    0.000000   clock network delay (ideal)
                                  1.000000    1.000000 v input external delay
     3    0.007134    0.011768    0.006292    1.006292 v A[24] (in)
                                                         A[24] (net)
                      0.011768    0.000000    1.006292 v _525_/C (sky130_fd_sc_hd__nand3b_2)
     3    0.013904    0.069426    0.072267    1.078559 ^ _525_/Y (sky130_fd_sc_hd__nand3b_2)
                                                         _246_ (net)
                      0.069426    0.000000    1.078559 ^ _543_/A1 (sky130_fd_sc_hd__a21oi_2)
     3    0.012680    0.026199    0.045901    1.124459 v _543_/Y (sky130_fd_sc_hd__a21oi_2)
                                                         _262_ (net)
                      0.026199    0.000000    1.124459 v _550_/A2 (sky130_fd_sc_hd__o21bai_2)
     1    0.004581    0.028834    0.070186    1.194645 ^ _550_/Y (sky130_fd_sc_hd__o21bai_2)
                                                         _269_ (net)
                      0.028834    0.000000    1.194645 ^ _552_/A (sky130_fd_sc_hd__nand2_2)
     1    0.033442    0.087289    0.072284    1.266929 v _552_/Y (sky130_fd_sc_hd__nand2_2)
                                                         S[26] (net)
                      0.087289    0.000000    1.266929 v S[26] (out)
                                              1.266929   data arrival time

                      0.000000    0.000000    0.000000   clock __VIRTUAL_CLK__ (rise edge)
                                  0.000000    0.000000   clock network delay (ideal)
                                  0.250000    0.250000   clock uncertainty
                                  0.000000    0.250000   clock reconvergence pessimism
                                 -1.000000   -0.750000   output external delay
                                             -0.750000   data required time
---------------------------------------------------------------------------------------------
                                             -0.750000   data required time
                                             -1.266929   data arrival time
---------------------------------------------------------------------------------------------
                                              2.016929   slack (MET)


Startpoint: B[10] (input port clocked by __VIRTUAL_CLK__)
Endpoint: S[10] (output port clocked by __VIRTUAL_CLK__)
Path Group: __VIRTUAL_CLK__
Path Type: min

Fanout         Cap        Slew       Delay        Time   Description
---------------------------------------------------------------------------------------------
                      0.000000    0.000000    0.000000   clock __VIRTUAL_CLK__ (rise edge)
                                  0.000000    0.000000   clock network delay (ideal)
                                  1.000000    1.000000 v input external delay
     4    0.014012    0.022997    0.013626    1.013626 v B[10] (in)
                                                         B[10] (net)
                      0.022997    0.000000    1.013626 v _712_/B (sky130_fd_sc_hd__nand2_2)
     2    0.011767    0.060337    0.056824    1.070451 ^ _712_/Y (sky130_fd_sc_hd__nand2_2)
                                                         _059_ (net)
                      0.060337    0.000000    1.070451 ^ _715_/B (sky130_fd_sc_hd__nand2_4)
     4    0.015050    0.030366    0.038105    1.108556 v _715_/Y (sky130_fd_sc_hd__nand2_4)
                                                         _062_ (net)
                      0.030366    0.000000    1.108556 v _716_/B (sky130_fd_sc_hd__nand2_2)
     2    0.014424    0.063860    0.066290    1.174846 ^ _716_/Y (sky130_fd_sc_hd__nand2_2)
                                                         _063_ (net)
                      0.063860    0.000000    1.174846 ^ _637_/A (sky130_fd_sc_hd__xor2_2)
     1    0.033442    0.071955    0.095968    1.270814 v _637_/X (sky130_fd_sc_hd__xor2_2)
                                                         S[10] (net)
                      0.071955    0.000000    1.270814 v S[10] (out)
                                              1.270814   data arrival time

                      0.000000    0.000000    0.000000   clock __VIRTUAL_CLK__ (rise edge)
                                  0.000000    0.000000   clock network delay (ideal)
                                  0.250000    0.250000   clock uncertainty
                                  0.000000    0.250000   clock reconvergence pessimism
                                 -1.000000   -0.750000   output external delay
                                             -0.750000   data required time
---------------------------------------------------------------------------------------------
                                             -0.750000   data required time
                                             -1.270814   data arrival time
---------------------------------------------------------------------------------------------
                                              2.020814   slack (MET)


Startpoint: A[28] (input port clocked by __VIRTUAL_CLK__)
Endpoint: S[28] (output port clocked by __VIRTUAL_CLK__)
Path Group: __VIRTUAL_CLK__
Path Type: min

Fanout         Cap        Slew       Delay        Time   Description
---------------------------------------------------------------------------------------------
                      0.000000    0.000000    0.000000   clock __VIRTUAL_CLK__ (rise edge)
                                  0.000000    0.000000   clock network delay (ideal)
                                  1.000000    1.000000 ^ input external delay
     3    0.004547    0.020864    0.011194    1.011194 ^ A[28] (in)
                                                         A[28] (net)
                      0.020864    0.000000    1.011194 ^ _567_/B1_N (sky130_fd_sc_hd__o21bai_2)
     3    0.008663    0.042543    0.071184    1.082378 ^ _567_/Y (sky130_fd_sc_hd__o21bai_2)
                                                         _284_ (net)
                      0.042543    0.000000    1.082378 ^ _580_/A1 (sky130_fd_sc_hd__a21o_2)
     1    0.002634    0.018451    0.063241    1.145619 ^ _580_/X (sky130_fd_sc_hd__a21o_2)
                                                         _297_ (net)
                      0.018451    0.000000    1.145619 ^ _581_/B (sky130_fd_sc_hd__and2b_4)
     1    0.033442    0.095236    0.127261    1.272880 ^ _581_/X (sky130_fd_sc_hd__and2b_4)
                                                         S[28] (net)
                      0.095236    0.000000    1.272880 ^ S[28] (out)
                                              1.272880   data arrival time

                      0.000000    0.000000    0.000000   clock __VIRTUAL_CLK__ (rise edge)
                                  0.000000    0.000000   clock network delay (ideal)
                                  0.250000    0.250000   clock uncertainty
                                  0.000000    0.250000   clock reconvergence pessimism
                                 -1.000000   -0.750000   output external delay
                                             -0.750000   data required time
---------------------------------------------------------------------------------------------
                                             -0.750000   data required time
                                             -1.272880   data arrival time
---------------------------------------------------------------------------------------------
                                              2.022880   slack (MET)


Startpoint: A[19] (input port clocked by __VIRTUAL_CLK__)
Endpoint: S[20] (output port clocked by __VIRTUAL_CLK__)
Path Group: __VIRTUAL_CLK__
Path Type: min

Fanout         Cap        Slew       Delay        Time   Description
---------------------------------------------------------------------------------------------
                      0.000000    0.000000    0.000000   clock __VIRTUAL_CLK__ (rise edge)
                                  0.000000    0.000000   clock network delay (ideal)
                                  1.000000    1.000000 v input external delay
     4    0.014389    0.023613    0.014028    1.014028 v A[19] (in)
                                                         A[19] (net)
                      0.023613    0.000000    1.014028 v _452_/A (sky130_fd_sc_hd__nor2_2)
     1    0.009583    0.094640    0.091235    1.105263 ^ _452_/Y (sky130_fd_sc_hd__nor2_2)
                                                         _178_ (net)
                      0.094640    0.000000    1.105263 ^ _470_/A1 (sky130_fd_sc_hd__o22ai_4)
     7    0.035856    0.057866    0.070025    1.175289 v _470_/Y (sky130_fd_sc_hd__o22ai_4)
                                                         _195_ (net)
                      0.057866    0.000000    1.175289 v _471_/B (sky130_fd_sc_hd__xor2_4)
     1    0.033442    0.050701    0.124528    1.299816 v _471_/X (sky130_fd_sc_hd__xor2_4)
                                                         S[20] (net)
                      0.050701    0.000000    1.299816 v S[20] (out)
                                              1.299816   data arrival time

                      0.000000    0.000000    0.000000   clock __VIRTUAL_CLK__ (rise edge)
                                  0.000000    0.000000   clock network delay (ideal)
                                  0.250000    0.250000   clock uncertainty
                                  0.000000    0.250000   clock reconvergence pessimism
                                 -1.000000   -0.750000   output external delay
                                             -0.750000   data required time
---------------------------------------------------------------------------------------------
                                             -0.750000   data required time
                                             -1.299816   data arrival time
---------------------------------------------------------------------------------------------
                                              2.049816   slack (MET)


Startpoint: A[24] (input port clocked by __VIRTUAL_CLK__)
Endpoint: S[24] (output port clocked by __VIRTUAL_CLK__)
Path Group: __VIRTUAL_CLK__
Path Type: min

Fanout         Cap        Slew       Delay        Time   Description
---------------------------------------------------------------------------------------------
                      0.000000    0.000000    0.000000   clock __VIRTUAL_CLK__ (rise edge)
                                  0.000000    0.000000   clock network delay (ideal)
                                  1.000000    1.000000 ^ input external delay
     3    0.007868    0.032213    0.018875    1.018875 ^ A[24] (in)
                                                         A[24] (net)
                      0.032213    0.000000    1.018875 ^ _526_/B1_N (sky130_fd_sc_hd__o21bai_2)
     1    0.004614    0.028742    0.064027    1.082902 ^ _526_/Y (sky130_fd_sc_hd__o21bai_2)
                                                         _247_ (net)
                      0.028742    0.000000    1.082902 ^ _527_/B (sky130_fd_sc_hd__nand2_2)
     5    0.016434    0.046830    0.047839    1.130741 v _527_/Y (sky130_fd_sc_hd__nand2_2)
                                                         _248_ (net)
                      0.046830    0.000000    1.130741 v _530_/B1 (sky130_fd_sc_hd__o211ai_2)
     1    0.001632    0.023663    0.043841    1.174582 ^ _530_/Y (sky130_fd_sc_hd__o211ai_2)
                                                         _251_ (net)
                      0.023663    0.000000    1.174582 ^ _531_/B (sky130_fd_sc_hd__and2_2)
     1    0.033442    0.134727    0.150986    1.325568 ^ _531_/X (sky130_fd_sc_hd__and2_2)
                                                         S[24] (net)
                      0.134727    0.000000    1.325568 ^ S[24] (out)
                                              1.325568   data arrival time

                      0.000000    0.000000    0.000000   clock __VIRTUAL_CLK__ (rise edge)
                                  0.000000    0.000000   clock network delay (ideal)
                                  0.250000    0.250000   clock uncertainty
                                  0.000000    0.250000   clock reconvergence pessimism
                                 -1.000000   -0.750000   output external delay
                                             -0.750000   data required time
---------------------------------------------------------------------------------------------
                                             -0.750000   data required time
                                             -1.325568   data arrival time
---------------------------------------------------------------------------------------------
                                              2.075567   slack (MET)



