
===========================================================================
report_checks -unconstrained
===========================================================================
======================= nom_tt_025C_1v80 Corner ===================================

Startpoint: sub (input port clocked by __VIRTUAL_CLK__)
Endpoint: S[20] (output port clocked by __VIRTUAL_CLK__)
Path Group: __VIRTUAL_CLK__
Path Type: max

Fanout         Cap        Slew       Delay        Time   Description
---------------------------------------------------------------------------------------------
                      0.000000    0.000000    0.000000   clock __VIRTUAL_CLK__ (rise edge)
                                  0.000000    0.000000   clock network delay (ideal)
                                  0.800000    0.800000 v input external delay
     1    0.010055    0.024610    0.017084    0.817084 v sub (in)
                                                         sub (net)
                      0.024610    0.000000    0.817084 v input65/A (sky130_fd_sc_hd__buf_12)
     8    0.039244    0.037458    0.133706    0.950790 v input65/X (sky130_fd_sc_hd__buf_12)
                                                         net65 (net)
                      0.037467    0.000600    0.951389 v fanout106/A (sky130_fd_sc_hd__buf_8)
     3    0.011445    0.025821    0.119958    1.071347 v fanout106/X (sky130_fd_sc_hd__buf_8)
                                                         net106 (net)
                      0.025821    0.000029    1.071377 v fanout102/A (sky130_fd_sc_hd__buf_8)
     2    0.010360    0.024925    0.113614    1.184991 v fanout102/X (sky130_fd_sc_hd__buf_8)
                                                         net102 (net)
                      0.024925    0.000091    1.185082 v load_slew103/A (sky130_fd_sc_hd__buf_8)
     5    0.022475    0.032039    0.122664    1.307746 v load_slew103/X (sky130_fd_sc_hd__buf_8)
                                                         net103 (net)
                      0.032039    0.000179    1.307924 v fanout100/A (sky130_fd_sc_hd__buf_8)
     5    0.020993    0.031169    0.124732    1.432656 v fanout100/X (sky130_fd_sc_hd__buf_8)
                                                         net100 (net)
                      0.031169    0.000047    1.432703 v load_slew101/A (sky130_fd_sc_hd__buf_8)
     4    0.018699    0.029857    0.122569    1.555272 v load_slew101/X (sky130_fd_sc_hd__buf_8)
                                                         net101 (net)
                      0.029857    0.000015    1.555287 v _354_/A1 (sky130_fd_sc_hd__o21a_2)
     1    0.008259    0.048370    0.226055    1.781342 v _354_/X (sky130_fd_sc_hd__o21a_2)
                                                         _083_ (net)
                      0.048370    0.000013    1.781355 v _359_/A1 (sky130_fd_sc_hd__a22oi_4)
     2    0.012550    0.171921    0.199334    1.980689 ^ _359_/Y (sky130_fd_sc_hd__a22oi_4)
                                                         _088_ (net)
                      0.171921    0.000079    1.980768 ^ _406_/A (sky130_fd_sc_hd__nand4_4)
     1    0.008872    0.092411    0.109197    2.089966 v _406_/Y (sky130_fd_sc_hd__nand4_4)
                                                         _135_ (net)
                      0.092411    0.000027    2.089992 v _409_/A (sky130_fd_sc_hd__nand2_4)
     2    0.015381    0.064825    0.096182    2.186174 ^ _409_/Y (sky130_fd_sc_hd__nand2_4)
                                                         _138_ (net)
                      0.064825    0.000112    2.186286 ^ _411_/A (sky130_fd_sc_hd__nand3_4)
     3    0.026756    0.117836    0.110892    2.297178 v _411_/Y (sky130_fd_sc_hd__nand3_4)
                                                         _140_ (net)
                      0.117836    0.000198    2.297376 v _415_/B (sky130_fd_sc_hd__nand3_4)
     3    0.027927    0.118866    0.155073    2.452449 ^ _415_/Y (sky130_fd_sc_hd__nand3_4)
                                                         _144_ (net)
                      0.118866    0.000077    2.452527 ^ _424_/B1 (sky130_fd_sc_hd__o22ai_4)
     2    0.012516    0.077192    0.100978    2.553505 v _424_/Y (sky130_fd_sc_hd__o22ai_4)
                                                         _153_ (net)
                      0.077192    0.000172    2.553677 v _470_/B1 (sky130_fd_sc_hd__o22ai_4)
     7    0.040015    0.344928    0.307909    2.861586 ^ _470_/Y (sky130_fd_sc_hd__o22ai_4)
                                                         _195_ (net)
                      0.344928    0.000242    2.861827 ^ rebuffer122/A (sky130_fd_sc_hd__buf_6)
     1    0.016495    0.049197    0.175259    3.037086 ^ rebuffer122/X (sky130_fd_sc_hd__buf_6)
                                                         net122 (net)
                      0.049197    0.000071    3.037157 ^ _471_/B (sky130_fd_sc_hd__xor2_4)
     1    0.005480    0.108021    0.145340    3.182496 ^ _471_/X (sky130_fd_sc_hd__xor2_4)
                                                         net78 (net)
                      0.108021    0.000018    3.182514 ^ output78/A (sky130_fd_sc_hd__buf_6)
     1    0.034685    0.077764    0.154525    3.337039 ^ output78/X (sky130_fd_sc_hd__buf_6)
                                                         S[20] (net)
                      0.077764    0.000280    3.337318 ^ S[20] (out)
                                              3.337318   data arrival time

                      0.000000    4.000000    4.000000   clock __VIRTUAL_CLK__ (rise edge)
                                  0.000000    4.000000   clock network delay (ideal)
                                 -0.250000    3.750000   clock uncertainty
                                  0.000000    3.750000   clock reconvergence pessimism
                                 -0.800000    2.950000   output external delay
                                              2.950000   data required time
---------------------------------------------------------------------------------------------
                                              2.950000   data required time
                                             -3.337318   data arrival time
---------------------------------------------------------------------------------------------
                                             -0.387318   slack (VIOLATED)




===========================================================================
report_checks --slack_max -0.01
============================================================================
======================= nom_tt_025C_1v80 Corner ===================================

Startpoint: sub (input port clocked by __VIRTUAL_CLK__)
Endpoint: S[20] (output port clocked by __VIRTUAL_CLK__)
Path Group: __VIRTUAL_CLK__
Path Type: max

Fanout         Cap        Slew       Delay        Time   Description
---------------------------------------------------------------------------------------------
                      0.000000    0.000000    0.000000   clock __VIRTUAL_CLK__ (rise edge)
                                  0.000000    0.000000   clock network delay (ideal)
                                  0.800000    0.800000 v input external delay
     1    0.010055    0.024610    0.017084    0.817084 v sub (in)
                                                         sub (net)
                      0.024610    0.000000    0.817084 v input65/A (sky130_fd_sc_hd__buf_12)
     8    0.039244    0.037458    0.133706    0.950790 v input65/X (sky130_fd_sc_hd__buf_12)
                                                         net65 (net)
                      0.037467    0.000600    0.951389 v fanout106/A (sky130_fd_sc_hd__buf_8)
     3    0.011445    0.025821    0.119958    1.071347 v fanout106/X (sky130_fd_sc_hd__buf_8)
                                                         net106 (net)
                      0.025821    0.000029    1.071377 v fanout102/A (sky130_fd_sc_hd__buf_8)
     2    0.010360    0.024925    0.113614    1.184991 v fanout102/X (sky130_fd_sc_hd__buf_8)
                                                         net102 (net)
                      0.024925    0.000091    1.185082 v load_slew103/A (sky130_fd_sc_hd__buf_8)
     5    0.022475    0.032039    0.122664    1.307746 v load_slew103/X (sky130_fd_sc_hd__buf_8)
                                                         net103 (net)
                      0.032039    0.000179    1.307924 v fanout100/A (sky130_fd_sc_hd__buf_8)
     5    0.020993    0.031169    0.124732    1.432656 v fanout100/X (sky130_fd_sc_hd__buf_8)
                                                         net100 (net)
                      0.031169    0.000047    1.432703 v load_slew101/A (sky130_fd_sc_hd__buf_8)
     4    0.018699    0.029857    0.122569    1.555272 v load_slew101/X (sky130_fd_sc_hd__buf_8)
                                                         net101 (net)
                      0.029857    0.000015    1.555287 v _354_/A1 (sky130_fd_sc_hd__o21a_2)
     1    0.008259    0.048370    0.226055    1.781342 v _354_/X (sky130_fd_sc_hd__o21a_2)
                                                         _083_ (net)
                      0.048370    0.000013    1.781355 v _359_/A1 (sky130_fd_sc_hd__a22oi_4)
     2    0.012550    0.171921    0.199334    1.980689 ^ _359_/Y (sky130_fd_sc_hd__a22oi_4)
                                                         _088_ (net)
                      0.171921    0.000079    1.980768 ^ _406_/A (sky130_fd_sc_hd__nand4_4)
     1    0.008872    0.092411    0.109197    2.089966 v _406_/Y (sky130_fd_sc_hd__nand4_4)
                                                         _135_ (net)
                      0.092411    0.000027    2.089992 v _409_/A (sky130_fd_sc_hd__nand2_4)
     2    0.015381    0.064825    0.096182    2.186174 ^ _409_/Y (sky130_fd_sc_hd__nand2_4)
                                                         _138_ (net)
                      0.064825    0.000112    2.186286 ^ _411_/A (sky130_fd_sc_hd__nand3_4)
     3    0.026756    0.117836    0.110892    2.297178 v _411_/Y (sky130_fd_sc_hd__nand3_4)
                                                         _140_ (net)
                      0.117836    0.000198    2.297376 v _415_/B (sky130_fd_sc_hd__nand3_4)
     3    0.027927    0.118866    0.155073    2.452449 ^ _415_/Y (sky130_fd_sc_hd__nand3_4)
                                                         _144_ (net)
                      0.118866    0.000077    2.452527 ^ _424_/B1 (sky130_fd_sc_hd__o22ai_4)
     2    0.012516    0.077192    0.100978    2.553505 v _424_/Y (sky130_fd_sc_hd__o22ai_4)
                                                         _153_ (net)
                      0.077192    0.000172    2.553677 v _470_/B1 (sky130_fd_sc_hd__o22ai_4)
     7    0.040015    0.344928    0.307909    2.861586 ^ _470_/Y (sky130_fd_sc_hd__o22ai_4)
                                                         _195_ (net)
                      0.344928    0.000242    2.861827 ^ rebuffer122/A (sky130_fd_sc_hd__buf_6)
     1    0.016495    0.049197    0.175259    3.037086 ^ rebuffer122/X (sky130_fd_sc_hd__buf_6)
                                                         net122 (net)
                      0.049197    0.000071    3.037157 ^ _471_/B (sky130_fd_sc_hd__xor2_4)
     1    0.005480    0.108021    0.145340    3.182496 ^ _471_/X (sky130_fd_sc_hd__xor2_4)
                                                         net78 (net)
                      0.108021    0.000018    3.182514 ^ output78/A (sky130_fd_sc_hd__buf_6)
     1    0.034685    0.077764    0.154525    3.337039 ^ output78/X (sky130_fd_sc_hd__buf_6)
                                                         S[20] (net)
                      0.077764    0.000280    3.337318 ^ S[20] (out)
                                              3.337318   data arrival time

                      0.000000    4.000000    4.000000   clock __VIRTUAL_CLK__ (rise edge)
                                  0.000000    4.000000   clock network delay (ideal)
                                 -0.250000    3.750000   clock uncertainty
                                  0.000000    3.750000   clock reconvergence pessimism
                                 -0.800000    2.950000   output external delay
                                              2.950000   data required time
---------------------------------------------------------------------------------------------
                                              2.950000   data required time
                                             -3.337318   data arrival time
---------------------------------------------------------------------------------------------
                                             -0.387318   slack (VIOLATED)




===========================================================================
 report_check_types -max_slew -max_cap -max_fanout -violators
============================================================================
======================= nom_tt_025C_1v80 Corner ===================================



===========================================================================
report_parasitic_annotation -report_unannotated
============================================================================
Found 0 unannotated drivers.
Found 0 partially unannotated drivers.

===========================================================================
max slew violation count 0
Writing metric design__max_slew_violation__count__corner:nom_tt_025C_1v80: 0
max fanout violation count 0
Writing metric design__max_fanout_violation__count__corner:nom_tt_025C_1v80: 0
max cap violation count 0
Writing metric design__max_cap_violation__count__corner:nom_tt_025C_1v80: 0
============================================================================

===========================================================================
check_setup -verbose -unconstrained_endpoints -multiple_clock -no_clock -no_input_delay -loops -generated_clocks
===========================================================================
