
===========================================================================
report_checks -unconstrained
===========================================================================
======================= nom_ss_100C_1v60 Corner ===================================

Startpoint: B[4] (input port clocked by __VIRTUAL_CLK__)
Endpoint: y[25] (output port clocked by __VIRTUAL_CLK__)
Path Group: __VIRTUAL_CLK__
Path Type: max

Fanout         Cap        Slew       Delay        Time   Description
---------------------------------------------------------------------------------------------
                      0.000000    0.000000    0.000000   clock __VIRTUAL_CLK__ (rise edge)
                                  0.000000    0.000000   clock network delay (ideal)
                                  4.000000    4.000000 v input external delay
     1    0.003948    0.022933    0.013505    4.013505 v B[4] (in)
                                                         B[4] (net)
                      0.022934    0.000000    4.013505 v input59/A (sky130_fd_sc_hd__clkdlybuf4s25_1)
     5    0.029159    0.399611    0.732655    4.746161 v input59/X (sky130_fd_sc_hd__clkdlybuf4s25_1)
                                                         net59 (net)
                      0.399611    0.000946    4.747107 v _491_/B (sky130_fd_sc_hd__xnor2_2)
     2    0.008909    0.149180    0.417572    5.164679 v _491_/Y (sky130_fd_sc_hd__xnor2_2)
                                                         _058_ (net)
                      0.149180    0.000149    5.164828 v max_cap106/A (sky130_fd_sc_hd__buf_2)
     6    0.026344    0.134774    0.374962    5.539790 v max_cap106/X (sky130_fd_sc_hd__buf_2)
                                                         net106 (net)
                      0.134776    0.000858    5.540648 v _546_/A (sky130_fd_sc_hd__or4_2)
     2    0.007862    0.256899    1.732415    7.273063 v _546_/X (sky130_fd_sc_hd__or4_2)
                                                         _109_ (net)
                      0.256899    0.000183    7.273246 v _658_/A (sky130_fd_sc_hd__or4_2)
     2    0.005613    0.244016    1.748321    9.021566 v _658_/X (sky130_fd_sc_hd__or4_2)
                                                         _213_ (net)
                      0.244016    0.000145    9.021711 v _660_/B1 (sky130_fd_sc_hd__o221a_2)
     3    0.014309    0.145851    0.650780    9.672491 v _660_/X (sky130_fd_sc_hd__o221a_2)
                                                         _215_ (net)
                      0.145851    0.000504    9.672996 v _688_/A1 (sky130_fd_sc_hd__a21o_2)
     4    0.015937    0.117495    0.469667   10.142662 v _688_/X (sky130_fd_sc_hd__a21o_2)
                                                         _241_ (net)
                      0.117495    0.000259   10.142921 v _778_/A2 (sky130_fd_sc_hd__o41a_2)
     3    0.013648    0.171801    1.057734   11.200655 v _778_/X (sky130_fd_sc_hd__o41a_2)
                                                         _325_ (net)
                      0.171801    0.000504   11.201159 v _789_/B (sky130_fd_sc_hd__or2_2)
     2    0.008335    0.139802    0.742432   11.943590 v _789_/X (sky130_fd_sc_hd__or2_2)
                                                         _335_ (net)
                      0.139802    0.000286   11.943876 v _790_/C (sky130_fd_sc_hd__and3_2)
     2    0.007269    0.093007    0.520591   12.464467 v _790_/X (sky130_fd_sc_hd__and3_2)
                                                         _336_ (net)
                      0.093007    0.000157   12.464624 v _793_/B (sky130_fd_sc_hd__or3_2)
     1    0.005414    0.183553    1.142398   13.607022 v _793_/X (sky130_fd_sc_hd__or3_2)
                                                         _339_ (net)
                      0.183553    0.000179   13.607202 v _795_/B (sky130_fd_sc_hd__nand3_2)
     1    0.004995    0.190269    0.175173   13.782374 ^ _795_/Y (sky130_fd_sc_hd__nand3_2)
                                                         _341_ (net)
                      0.190269    0.000155   13.782530 ^ _797_/B1 (sky130_fd_sc_hd__o211ai_2)
     1    0.002443    0.128653    0.218887   14.001417 v _797_/Y (sky130_fd_sc_hd__o211ai_2)
                                                         net87 (net)
                      0.128653    0.000073   14.001491 v output87/A (sky130_fd_sc_hd__clkdlybuf4s25_1)
     1    0.034486    0.466631    0.836238   14.837728 v output87/X (sky130_fd_sc_hd__clkdlybuf4s25_1)
                                                         y[25] (net)
                      0.466631    0.000751   14.838478 v y[25] (out)
                                             14.838478   data arrival time

                      0.000000   20.000000   20.000000   clock __VIRTUAL_CLK__ (rise edge)
                                  0.000000   20.000000   clock network delay (ideal)
                                 -0.250000   19.750002   clock uncertainty
                                  0.000000   19.750002   clock reconvergence pessimism
                                 -4.000000   15.750001   output external delay
                                             15.750001   data required time
---------------------------------------------------------------------------------------------
                                             15.750001   data required time
                                            -14.838478   data arrival time
---------------------------------------------------------------------------------------------
                                              0.911522   slack (MET)




===========================================================================
report_checks --slack_max -0.01
============================================================================
======================= nom_ss_100C_1v60 Corner ===================================

No paths found.


===========================================================================
 report_check_types -max_slew -max_cap -max_fanout -violators
============================================================================
======================= nom_ss_100C_1v60 Corner ===================================

max slew

Pin                                        Limit        Slew       Slack
------------------------------------------------------------------------
_463_/A1                                0.750000    1.205096   -0.455096 (VIOLATED)
_476_/A1                                0.750000    1.205096   -0.455096 (VIOLATED)
_489_/A1                                0.750000    1.205096   -0.455096 (VIOLATED)
_506_/A1                                0.750000    1.205096   -0.455096 (VIOLATED)
_527_/B1                                0.750000    1.205096   -0.455096 (VIOLATED)
_699_/A1                                0.750000    1.205096   -0.455096 (VIOLATED)
_784_/A1                                0.750000    1.205096   -0.455096 (VIOLATED)
_846_/A1                                0.750000    1.205096   -0.455096 (VIOLATED)
_886_/A1                                0.750000    1.205096   -0.455096 (VIOLATED)
fanout121/X                             0.750000    1.205096   -0.455096 (VIOLATED)
_766_/A1                                0.750000    1.134861   -0.384861 (VIOLATED)
_539_/A1                                0.750000    1.134861   -0.384861 (VIOLATED)
_558_/A1                                0.750000    1.134861   -0.384861 (VIOLATED)
_737_/A1                                0.750000    1.134861   -0.384861 (VIOLATED)
_569_/A1                                0.750000    1.134861   -0.384860 (VIOLATED)
_581_/B2                                0.750000    1.134861   -0.384860 (VIOLATED)
_596_/A1                                0.750000    1.134861   -0.384860 (VIOLATED)
_623_/A1                                0.750000    1.134861   -0.384860 (VIOLATED)
_636_/A1                                0.750000    1.134861   -0.384860 (VIOLATED)
_726_/A1                                0.750000    1.134861   -0.384860 (VIOLATED)
fanout120/X                             0.750000    1.134861   -0.384860 (VIOLATED)
_452_/B1                                0.750000    1.072355   -0.322355 (VIOLATED)
_461_/B1                                0.750000    1.072355   -0.322355 (VIOLATED)
_504_/B1                                0.750000    1.072355   -0.322355 (VIOLATED)
_669_/A1                                0.750000    1.072355   -0.322355 (VIOLATED)
_679_/A1                                0.750000    1.072355   -0.322355 (VIOLATED)
_735_/A                                 0.750000    1.072355   -0.322355 (VIOLATED)
_751_/B2                                0.750000    1.072355   -0.322355 (VIOLATED)
_764_/A                                 0.750000    1.072355   -0.322355 (VIOLATED)
_782_/A                                 0.750000    1.072355   -0.322355 (VIOLATED)
fanout109/A                             0.750000    1.072355   -0.322355 (VIOLATED)
fanout110/X                             0.750000    1.072355   -0.322355 (VIOLATED)
_475_/A1                                0.750000    1.000526   -0.250526 (VIOLATED)
_487_/A                                 0.750000    1.000526   -0.250526 (VIOLATED)
_516_/A1                                0.750000    1.000526   -0.250526 (VIOLATED)
_530_/A1                                0.750000    1.000526   -0.250526 (VIOLATED)
_594_/A1                                0.750000    1.000526   -0.250526 (VIOLATED)
_698_/A1                                0.750000    1.000526   -0.250526 (VIOLATED)
_796_/B2                                0.750000    1.000526   -0.250526 (VIOLATED)
_809_/A1                                0.750000    1.000526   -0.250526 (VIOLATED)
_825_/B2                                0.750000    1.000526   -0.250526 (VIOLATED)
_844_/A                                 0.750000    1.000526   -0.250526 (VIOLATED)
fanout108/X                             0.750000    1.000526   -0.250526 (VIOLATED)
_580_/B1                                0.750000    0.925168   -0.175168 (VIOLATED)
_537_/B1                                0.750000    0.925168   -0.175168 (VIOLATED)
_556_/B1                                0.750000    0.925168   -0.175168 (VIOLATED)
_567_/B1                                0.750000    0.925167   -0.175167 (VIOLATED)
_611_/B1                                0.750000    0.925167   -0.175167 (VIOLATED)
_621_/B1                                0.750000    0.925167   -0.175167 (VIOLATED)
_634_/B1                                0.750000    0.925167   -0.175167 (VIOLATED)
_651_/B2                                0.750000    0.925167   -0.175167 (VIOLATED)
_711_/B2                                0.750000    0.925167   -0.175167 (VIOLATED)
_724_/B1                                0.750000    0.925167   -0.175167 (VIOLATED)
fanout109/X                             0.750000    0.925167   -0.175167 (VIOLATED)
_795_/A                                 0.750000    0.920085   -0.170085 (VIOLATED)
_752_/A1                                0.750000    0.920084   -0.170084 (VIOLATED)
_823_/C1                                0.750000    0.920084   -0.170084 (VIOLATED)
_445_/B1                                0.750000    0.920084   -0.170084 (VIOLATED)
_514_/B1                                0.750000    0.920084   -0.170084 (VIOLATED)
_612_/A1_N                              0.750000    0.920084   -0.170084 (VIOLATED)
_652_/A1                                0.750000    0.920084   -0.170084 (VIOLATED)
_670_/A1                                0.750000    0.920084   -0.170084 (VIOLATED)
_681_/A1                                0.750000    0.920084   -0.170084 (VIOLATED)
_712_/A1                                0.750000    0.920084   -0.170084 (VIOLATED)
fanout119/X                             0.750000    0.920084   -0.170084 (VIOLATED)
_618_/B1                                0.750000    0.901006   -0.151006 (VIOLATED)
_565_/A1                                0.750000    0.901006   -0.151006 (VIOLATED)
_574_/D1                                0.750000    0.901006   -0.151006 (VIOLATED)
_578_/A1                                0.750000    0.901006   -0.151006 (VIOLATED)
_590_/C1                                0.750000    0.901006   -0.151006 (VIOLATED)
_554_/A1                                0.750000    0.901004   -0.151004 (VIOLATED)
_609_/S                                 0.750000    0.901003   -0.151003 (VIOLATED)
_502_/A1                                0.750000    0.901002   -0.151002 (VIOLATED)
_535_/A3                                0.750000    0.901002   -0.151002 (VIOLATED)
_548_/A                                 0.750000    0.901002   -0.151002 (VIOLATED)
fanout122/X                             0.750000    0.901002   -0.151002 (VIOLATED)
_453_/B1                                0.750000    0.870986   -0.120986 (VIOLATED)
_462_/A1                                0.750000    0.870986   -0.120986 (VIOLATED)
_517_/A1                                0.750000    0.870984   -0.120984 (VIOLATED)
_529_/A1                                0.750000    0.870982   -0.120982 (VIOLATED)
_505_/A1                                0.750000    0.870979   -0.120979 (VIOLATED)
_474_/A                                 0.750000    0.870979   -0.120979 (VIOLATED)
_488_/A1                                0.750000    0.870979   -0.120979 (VIOLATED)
_668_/A                                 0.750000    0.870979   -0.120979 (VIOLATED)
_783_/A1                                0.750000    0.870979   -0.120979 (VIOLATED)
_885_/A1                                0.750000    0.870979   -0.120979 (VIOLATED)
fanout112/X                             0.750000    0.870979   -0.120979 (VIOLATED)
_453_/A2                                0.750000    0.847704   -0.097704 (VIOLATED)
_462_/B2                                0.750000    0.847704   -0.097704 (VIOLATED)
_475_/B2                                0.750000    0.847704   -0.097704 (VIOLATED)
_488_/B2                                0.750000    0.847704   -0.097704 (VIOLATED)
_505_/B2                                0.750000    0.847704   -0.097704 (VIOLATED)
_516_/B2                                0.750000    0.847704   -0.097704 (VIOLATED)
_529_/B2                                0.750000    0.847704   -0.097704 (VIOLATED)
_698_/B2                                0.750000    0.847704   -0.097704 (VIOLATED)
_783_/B2                                0.750000    0.847704   -0.097704 (VIOLATED)
_885_/B2                                0.750000    0.847704   -0.097704 (VIOLATED)
fanout117/X                             0.750000    0.847704   -0.097704 (VIOLATED)
_635_/A1                                0.750000    0.840158   -0.090158 (VIOLATED)
_736_/A1                                0.750000    0.840158   -0.090158 (VIOLATED)
_725_/A1                                0.750000    0.840157   -0.090157 (VIOLATED)
_538_/A1                                0.750000    0.840157   -0.090157 (VIOLATED)
_557_/A1                                0.750000    0.840157   -0.090157 (VIOLATED)
_568_/A1                                0.750000    0.840157   -0.090157 (VIOLATED)
_582_/A1                                0.750000    0.840157   -0.090157 (VIOLATED)
_595_/A1                                0.750000    0.840157   -0.090157 (VIOLATED)
_613_/A1                                0.750000    0.840157   -0.090157 (VIOLATED)
_622_/A1                                0.750000    0.840157   -0.090157 (VIOLATED)
fanout111/X                             0.750000    0.840157   -0.090157 (VIOLATED)
_457_/B1                                0.750000    0.812865   -0.062865 (VIOLATED)
_459_/A3                                0.750000    0.812865   -0.062865 (VIOLATED)
_471_/C1                                0.750000    0.812865   -0.062865 (VIOLATED)
_472_/A1                                0.750000    0.812865   -0.062865 (VIOLATED)
_484_/C1                                0.750000    0.812865   -0.062865 (VIOLATED)
_485_/A1                                0.750000    0.812865   -0.062865 (VIOLATED)
_501_/A                                 0.750000    0.812865   -0.062865 (VIOLATED)
_511_/B1                                0.750000    0.812865   -0.062865 (VIOLATED)
_513_/B2                                0.750000    0.812865   -0.062865 (VIOLATED)
_694_/A                                 0.750000    0.812865   -0.062865 (VIOLATED)
fanout124/X                             0.750000    0.812865   -0.062865 (VIOLATED)
_437_/B                                 0.750000    0.812015   -0.062015 (VIOLATED)
_438_/B                                 0.750000    0.812015   -0.062015 (VIOLATED)
_439_/B                                 0.750000    0.812015   -0.062015 (VIOLATED)
_452_/A2                                0.750000    0.812015   -0.062015 (VIOLATED)
_458_/A2                                0.750000    0.812015   -0.062015 (VIOLATED)
_470_/A2                                0.750000    0.812015   -0.062015 (VIOLATED)
input33/X                               0.750000    0.812015   -0.062015 (VIOLATED)
_538_/B2                                0.750000    0.804458   -0.054458 (VIOLATED)
_557_/B2                                0.750000    0.804457   -0.054457 (VIOLATED)
_635_/B2                                0.750000    0.804457   -0.054457 (VIOLATED)
_568_/B2                                0.750000    0.804456   -0.054456 (VIOLATED)
_622_/B2                                0.750000    0.804456   -0.054456 (VIOLATED)
_581_/A1                                0.750000    0.804455   -0.054455 (VIOLATED)
_594_/B2                                0.750000    0.804452   -0.054452 (VIOLATED)
_612_/B2                                0.750000    0.804452   -0.054452 (VIOLATED)
_650_/A                                 0.750000    0.804452   -0.054452 (VIOLATED)
_710_/A                                 0.750000    0.804452   -0.054452 (VIOLATED)
fanout115/X                             0.750000    0.804452   -0.054452 (VIOLATED)
_717_/A                                 0.750000    0.795110   -0.045110 (VIOLATED)
_708_/A1                                0.750000    0.795110   -0.045110 (VIOLATED)
_722_/A1                                0.750000    0.795109   -0.045109 (VIOLATED)
_648_/A1                                0.750000    0.795108   -0.045108 (VIOLATED)
_632_/A1                                0.750000    0.795106   -0.045106 (VIOLATED)
_619_/A1                                0.750000    0.795104   -0.045104 (VIOLATED)
_562_/B1                                0.750000    0.795103   -0.045103 (VIOLATED)
_592_/A1                                0.750000    0.795103   -0.045103 (VIOLATED)
_524_/A                                 0.750000    0.795103   -0.045103 (VIOLATED)
_666_/S                                 0.750000    0.795103   -0.045103 (VIOLATED)
fanout126/X                             0.750000    0.795103   -0.045103 (VIOLATED)
_765_/A1                                0.750000    0.754892   -0.004892 (VIOLATED)
_796_/A1                                0.750000    0.754892   -0.004892 (VIOLATED)
_809_/B2                                0.750000    0.754892   -0.004892 (VIOLATED)
_825_/A1                                0.750000    0.754892   -0.004892 (VIOLATED)
_845_/A1                                0.750000    0.754892   -0.004892 (VIOLATED)
_870_/A1                                0.750000    0.754892   -0.004892 (VIOLATED)
fanout111/A                             0.750000    0.754892   -0.004892 (VIOLATED)
fanout112/A                             0.750000    0.754892   -0.004892 (VIOLATED)
fanout113/X                             0.750000    0.754892   -0.004892 (VIOLATED)



===========================================================================
report_parasitic_annotation -report_unannotated
============================================================================
Found 2 unannotated drivers.
 statusIn[1]
 statusIn[2]
Found 0 partially unannotated drivers.

===========================================================================
max slew violation count 158
max fanout violation count 0
max cap violation count 0
============================================================================

===========================================================================
check_setup -verbose -unconstrained_endpoints -multiple_clock -no_clock -no_input_delay -loops -generated_clocks
===========================================================================
