
===========================================================================
report_checks -unconstrained
===========================================================================
======================= nom_tt_025C_1v80 Corner ===================================

Startpoint: sub (input port clocked by __VIRTUAL_CLK__)
Endpoint: carryOut (output port clocked by __VIRTUAL_CLK__)
Path Group: __VIRTUAL_CLK__
Path Type: max

Fanout         Cap        Slew       Delay        Time   Description
---------------------------------------------------------------------------------------------
                      0.000000    0.000000    0.000000   clock __VIRTUAL_CLK__ (rise edge)
                                  0.000000    0.000000   clock network delay (ideal)
                                  0.800000    0.800000 v input external delay
     1    0.009879    0.024226    0.016784    0.816784 v sub (in)
                                                         sub (net)
                      0.024226    0.000000    0.816784 v input65/A (sky130_fd_sc_hd__buf_12)
     4    0.022292    0.029486    0.123173    0.939957 v input65/X (sky130_fd_sc_hd__buf_12)
                                                         net65 (net)
                      0.029495    0.000269    0.940226 v fanout106/A (sky130_fd_sc_hd__buf_8)
     4    0.017027    0.028937    0.120459    1.060685 v fanout106/X (sky130_fd_sc_hd__buf_8)
                                                         net106 (net)
                      0.028937    0.000030    1.060715 v fanout104/A (sky130_fd_sc_hd__buf_6)
     2    0.006656    0.022956    0.109523    1.170238 v fanout104/X (sky130_fd_sc_hd__buf_6)
                                                         net104 (net)
                      0.022956    0.000010    1.170248 v load_slew105/A (sky130_fd_sc_hd__buf_6)
     4    0.014789    0.029219    0.116302    1.286550 v load_slew105/X (sky130_fd_sc_hd__buf_6)
                                                         net105 (net)
                      0.029220    0.000191    1.286740 v rebuffer111/A (sky130_fd_sc_hd__buf_6)
     1    0.017347    0.031481    0.122207    1.408947 v rebuffer111/X (sky130_fd_sc_hd__buf_6)
                                                         net111 (net)
                      0.031481    0.000084    1.409031 v _378_/A (sky130_fd_sc_hd__xor2_4)
     3    0.022121    0.212587    0.235857    1.644888 ^ _378_/X (sky130_fd_sc_hd__xor2_4)
                                                         _007_ (net)
                      0.212587    0.000007    1.644895 ^ rebuffer116/A (sky130_fd_sc_hd__buf_2)
     1    0.004876    0.039826    0.159283    1.804178 ^ rebuffer116/X (sky130_fd_sc_hd__buf_2)
                                                         net116 (net)
                      0.039826    0.000008    1.804186 ^ _379_/B (sky130_fd_sc_hd__nand2_2)
     2    0.008420    0.082733    0.060642    1.864828 v _379_/Y (sky130_fd_sc_hd__nand2_2)
                                                         _008_ (net)
                      0.082733    0.000046    1.864873 v _405_/A2 (sky130_fd_sc_hd__a2111o_2)
     2    0.009333    0.081000    0.526625    2.391498 v _405_/X (sky130_fd_sc_hd__a2111o_2)
                                                         _034_ (net)
                      0.081000    0.000042    2.391540 v _406_/C1 (sky130_fd_sc_hd__o211a_4)
     1    0.004668    0.038815    0.154719    2.546259 v _406_/X (sky130_fd_sc_hd__o211a_4)
                                                         _035_ (net)
                      0.038815    0.000013    2.546272 v _429_/B1 (sky130_fd_sc_hd__a41o_4)
     2    0.007168    0.042686    0.248408    2.794680 v _429_/X (sky130_fd_sc_hd__a41o_4)
                                                         _058_ (net)
                      0.042686    0.000044    2.794724 v _210_/A1 (sky130_fd_sc_hd__a21o_4)
     2    0.007425    0.036959    0.207800    3.002523 v _210_/X (sky130_fd_sc_hd__a21o_4)
                                                         _080_ (net)
                      0.036959    0.000047    3.002570 v _280_/A2 (sky130_fd_sc_hd__a211o_4)
     4    0.010709    0.058732    0.354562    3.357132 v _280_/X (sky130_fd_sc_hd__a211o_4)
                                                         _142_ (net)
                      0.058732    0.000132    3.357264 v _327_/A2 (sky130_fd_sc_hd__a2111o_2)
     2    0.007371    0.075181    0.507138    3.864401 v _327_/X (sky130_fd_sc_hd__a2111o_2)
                                                         _183_ (net)
                      0.075181    0.000055    3.864456 v _335_/A1 (sky130_fd_sc_hd__a31o_4)
     2    0.013656    0.047675    0.254210    4.118666 v _335_/X (sky130_fd_sc_hd__a31o_4)
                                                         _190_ (net)
                      0.047675    0.000067    4.118732 v _369_/A1 (sky130_fd_sc_hd__o21ai_2)
     1    0.005115    0.108535    0.144702    4.263434 ^ _369_/Y (sky130_fd_sc_hd__o21ai_2)
                                                         net98 (net)
                      0.108535    0.000006    4.263440 ^ output98/A (sky130_fd_sc_hd__buf_6)
     1    0.035565    0.079401    0.155927    4.419367 ^ output98/X (sky130_fd_sc_hd__buf_6)
                                                         carryOut (net)
                      0.079401    0.000347    4.419714 ^ carryOut (out)
                                              4.419714   data arrival time

                      0.000000    4.000000    4.000000   clock __VIRTUAL_CLK__ (rise edge)
                                  0.000000    4.000000   clock network delay (ideal)
                                 -0.250000    3.750000   clock uncertainty
                                  0.000000    3.750000   clock reconvergence pessimism
                                 -0.800000    2.950000   output external delay
                                              2.950000   data required time
---------------------------------------------------------------------------------------------
                                              2.950000   data required time
                                             -4.419714   data arrival time
---------------------------------------------------------------------------------------------
                                             -1.469714   slack (VIOLATED)




===========================================================================
report_checks --slack_max -0.01
============================================================================
======================= nom_tt_025C_1v80 Corner ===================================

Startpoint: sub (input port clocked by __VIRTUAL_CLK__)
Endpoint: carryOut (output port clocked by __VIRTUAL_CLK__)
Path Group: __VIRTUAL_CLK__
Path Type: max

Fanout         Cap        Slew       Delay        Time   Description
---------------------------------------------------------------------------------------------
                      0.000000    0.000000    0.000000   clock __VIRTUAL_CLK__ (rise edge)
                                  0.000000    0.000000   clock network delay (ideal)
                                  0.800000    0.800000 v input external delay
     1    0.009879    0.024226    0.016784    0.816784 v sub (in)
                                                         sub (net)
                      0.024226    0.000000    0.816784 v input65/A (sky130_fd_sc_hd__buf_12)
     4    0.022292    0.029486    0.123173    0.939957 v input65/X (sky130_fd_sc_hd__buf_12)
                                                         net65 (net)
                      0.029495    0.000269    0.940226 v fanout106/A (sky130_fd_sc_hd__buf_8)
     4    0.017027    0.028937    0.120459    1.060685 v fanout106/X (sky130_fd_sc_hd__buf_8)
                                                         net106 (net)
                      0.028937    0.000030    1.060715 v fanout104/A (sky130_fd_sc_hd__buf_6)
     2    0.006656    0.022956    0.109523    1.170238 v fanout104/X (sky130_fd_sc_hd__buf_6)
                                                         net104 (net)
                      0.022956    0.000010    1.170248 v load_slew105/A (sky130_fd_sc_hd__buf_6)
     4    0.014789    0.029219    0.116302    1.286550 v load_slew105/X (sky130_fd_sc_hd__buf_6)
                                                         net105 (net)
                      0.029220    0.000191    1.286740 v rebuffer111/A (sky130_fd_sc_hd__buf_6)
     1    0.017347    0.031481    0.122207    1.408947 v rebuffer111/X (sky130_fd_sc_hd__buf_6)
                                                         net111 (net)
                      0.031481    0.000084    1.409031 v _378_/A (sky130_fd_sc_hd__xor2_4)
     3    0.022121    0.212587    0.235857    1.644888 ^ _378_/X (sky130_fd_sc_hd__xor2_4)
                                                         _007_ (net)
                      0.212587    0.000007    1.644895 ^ rebuffer116/A (sky130_fd_sc_hd__buf_2)
     1    0.004876    0.039826    0.159283    1.804178 ^ rebuffer116/X (sky130_fd_sc_hd__buf_2)
                                                         net116 (net)
                      0.039826    0.000008    1.804186 ^ _379_/B (sky130_fd_sc_hd__nand2_2)
     2    0.008420    0.082733    0.060642    1.864828 v _379_/Y (sky130_fd_sc_hd__nand2_2)
                                                         _008_ (net)
                      0.082733    0.000046    1.864873 v _405_/A2 (sky130_fd_sc_hd__a2111o_2)
     2    0.009333    0.081000    0.526625    2.391498 v _405_/X (sky130_fd_sc_hd__a2111o_2)
                                                         _034_ (net)
                      0.081000    0.000042    2.391540 v _406_/C1 (sky130_fd_sc_hd__o211a_4)
     1    0.004668    0.038815    0.154719    2.546259 v _406_/X (sky130_fd_sc_hd__o211a_4)
                                                         _035_ (net)
                      0.038815    0.000013    2.546272 v _429_/B1 (sky130_fd_sc_hd__a41o_4)
     2    0.007168    0.042686    0.248408    2.794680 v _429_/X (sky130_fd_sc_hd__a41o_4)
                                                         _058_ (net)
                      0.042686    0.000044    2.794724 v _210_/A1 (sky130_fd_sc_hd__a21o_4)
     2    0.007425    0.036959    0.207800    3.002523 v _210_/X (sky130_fd_sc_hd__a21o_4)
                                                         _080_ (net)
                      0.036959    0.000047    3.002570 v _280_/A2 (sky130_fd_sc_hd__a211o_4)
     4    0.010709    0.058732    0.354562    3.357132 v _280_/X (sky130_fd_sc_hd__a211o_4)
                                                         _142_ (net)
                      0.058732    0.000132    3.357264 v _327_/A2 (sky130_fd_sc_hd__a2111o_2)
     2    0.007371    0.075181    0.507138    3.864401 v _327_/X (sky130_fd_sc_hd__a2111o_2)
                                                         _183_ (net)
                      0.075181    0.000055    3.864456 v _335_/A1 (sky130_fd_sc_hd__a31o_4)
     2    0.013656    0.047675    0.254210    4.118666 v _335_/X (sky130_fd_sc_hd__a31o_4)
                                                         _190_ (net)
                      0.047675    0.000067    4.118732 v _369_/A1 (sky130_fd_sc_hd__o21ai_2)
     1    0.005115    0.108535    0.144702    4.263434 ^ _369_/Y (sky130_fd_sc_hd__o21ai_2)
                                                         net98 (net)
                      0.108535    0.000006    4.263440 ^ output98/A (sky130_fd_sc_hd__buf_6)
     1    0.035565    0.079401    0.155927    4.419367 ^ output98/X (sky130_fd_sc_hd__buf_6)
                                                         carryOut (net)
                      0.079401    0.000347    4.419714 ^ carryOut (out)
                                              4.419714   data arrival time

                      0.000000    4.000000    4.000000   clock __VIRTUAL_CLK__ (rise edge)
                                  0.000000    4.000000   clock network delay (ideal)
                                 -0.250000    3.750000   clock uncertainty
                                  0.000000    3.750000   clock reconvergence pessimism
                                 -0.800000    2.950000   output external delay
                                              2.950000   data required time
---------------------------------------------------------------------------------------------
                                              2.950000   data required time
                                             -4.419714   data arrival time
---------------------------------------------------------------------------------------------
                                             -1.469714   slack (VIOLATED)




===========================================================================
 report_check_types -max_slew -max_cap -max_fanout -violators
============================================================================
======================= nom_tt_025C_1v80 Corner ===================================



===========================================================================
report_parasitic_annotation -report_unannotated
============================================================================
Found 0 unannotated drivers.
Found 0 partially unannotated drivers.

===========================================================================
max slew violation count 0
Writing metric design__max_slew_violation__count__corner:nom_tt_025C_1v80: 0
max fanout violation count 0
Writing metric design__max_fanout_violation__count__corner:nom_tt_025C_1v80: 0
max cap violation count 0
Writing metric design__max_cap_violation__count__corner:nom_tt_025C_1v80: 0
============================================================================

===========================================================================
check_setup -verbose -unconstrained_endpoints -multiple_clock -no_clock -no_input_delay -loops -generated_clocks
===========================================================================
