
===========================================================================
Violator List
============================================================================
[setup in-out] sub -> S[21] : -1.787875
[setup in-out] sub -> S[22] : -1.780469
[setup in-out] sub -> S[30] : -1.692266
[setup in-out] sub -> S[23] : -1.671803
[setup in-out] sub -> S[28] : -1.647825
[setup in-out] sub -> S[15] : -1.641117
[setup in-out] sub -> S[31] : -1.613557
[setup in-out] sub -> S[26] : -1.610927
[setup in-out] sub -> S[20] : -1.565481
[setup in-out] sub -> carryOut : -1.546766
[setup in-out] sub -> S[24] : -1.542681
[setup in-out] sub -> S[25] : -1.540356
[setup in-out] sub -> S[29] : -1.535959
[setup in-out] sub -> S[18] : -1.532122
[setup in-out] sub -> S[17] : -1.531311
[setup in-out] sub -> S[27] : -1.516049
[setup in-out] sub -> S[19] : -1.478797
[setup in-out] sub -> S[13] : -1.446378
[setup in-out] sub -> S[14] : -1.429431
[setup in-out] sub -> S[11] : -1.424929
[setup in-out] sub -> S[7] : -1.383790
[setup in-out] sub -> S[10] : -1.346630
[setup in-out] sub -> S[16] : -1.339248
[setup in-out] sub -> S[9] : -1.337131
[setup in-out] sub -> S[6] : -1.286352
[setup in-out] sub -> S[12] : -1.206124
[setup in-out] sub -> S[5] : -1.174267
[setup in-out] sub -> S[8] : -1.131984
[setup in-out] sub -> S[3] : -1.112094
[setup in-out] sub -> S[2] : -0.998524
[setup in-out] sub -> S[4] : -0.978152
[setup in-out] sub -> S[1] : -0.578786
Writing metric timing__hold_vio__count__corner:nom_tt_025C_1v80: 0
Writing metric timing__hold_r2r__ws__corner:nom_tt_025C_1v80: 1e30
Writing metric timing__hold_r2r_vio__count__corner:nom_tt_025C_1v80: 0
Writing metric timing__setup_vio__count__corner:nom_tt_025C_1v80: 32
Writing metric timing__setup_r2r__ws__corner:nom_tt_025C_1v80: 1e30
Writing metric timing__setup_r2r_vio__count__corner:nom_tt_025C_1v80: 0
