
===========================================================================
report_checks -path_delay min (Hold)
============================================================================
======================= nom_ff_n40C_1v95 Corner ===================================

Startpoint: A[0] (input port clocked by __VIRTUAL_CLK__)
Endpoint: S[0] (output port clocked by __VIRTUAL_CLK__)
Path Group: __VIRTUAL_CLK__
Path Type: min

Fanout         Cap        Slew       Delay        Time   Description
---------------------------------------------------------------------------------------------
                      0.000000    0.000000    0.000000   clock __VIRTUAL_CLK__ (rise edge)
                                  0.000000    0.000000   clock network delay (ideal)
                                  0.800000    0.800000 v input external delay
     6    0.020841    0.033320    0.020820    0.820820 v A[0] (in)
                                                         A[0] (net)
                      0.033320    0.000000    0.820820 v _566_/A (sky130_fd_sc_hd__nand2_2)
     1    0.004614    0.028152    0.036372    0.857192 ^ _566_/Y (sky130_fd_sc_hd__nand2_2)
                                                         _273_ (net)
                      0.028152    0.000000    0.857192 ^ _567_/B (sky130_fd_sc_hd__nand2_2)
     1    0.033442    0.087126    0.076153    0.933345 v _567_/Y (sky130_fd_sc_hd__nand2_2)
                                                         S[0] (net)
                      0.087126    0.000000    0.933345 v S[0] (out)
                                              0.933345   data arrival time

                      0.000000    0.000000    0.000000   clock __VIRTUAL_CLK__ (rise edge)
                                  0.000000    0.000000   clock network delay (ideal)
                                  0.250000    0.250000   clock uncertainty
                                  0.000000    0.250000   clock reconvergence pessimism
                                 -0.800000   -0.550000   output external delay
                                             -0.550000   data required time
---------------------------------------------------------------------------------------------
                                             -0.550000   data required time
                                             -0.933345   data arrival time
---------------------------------------------------------------------------------------------
                                              1.483345   slack (MET)


Startpoint: A[31] (input port clocked by __VIRTUAL_CLK__)
Endpoint: carryOut (output port clocked by __VIRTUAL_CLK__)
Path Group: __VIRTUAL_CLK__
Path Type: min

Fanout         Cap        Slew       Delay        Time   Description
---------------------------------------------------------------------------------------------
                      0.000000    0.000000    0.000000   clock __VIRTUAL_CLK__ (rise edge)
                                  0.000000    0.000000   clock network delay (ideal)
                                  0.800000    0.800000 ^ input external delay
     5    0.011036    0.042979    0.026162    0.826162 ^ A[31] (in)
                                                         A[31] (net)
                      0.042979    0.000000    0.826162 ^ _663_/A1 (sky130_fd_sc_hd__o221a_2)
     1    0.033442    0.143729    0.175829    1.001991 ^ _663_/X (sky130_fd_sc_hd__o221a_2)
                                                         carryOut (net)
                      0.143729    0.000000    1.001991 ^ carryOut (out)
                                              1.001991   data arrival time

                      0.000000    0.000000    0.000000   clock __VIRTUAL_CLK__ (rise edge)
                                  0.000000    0.000000   clock network delay (ideal)
                                  0.250000    0.250000   clock uncertainty
                                  0.000000    0.250000   clock reconvergence pessimism
                                 -0.800000   -0.550000   output external delay
                                             -0.550000   data required time
---------------------------------------------------------------------------------------------
                                             -0.550000   data required time
                                             -1.001991   data arrival time
---------------------------------------------------------------------------------------------
                                              1.551991   slack (MET)


Startpoint: B[0] (input port clocked by __VIRTUAL_CLK__)
Endpoint: S[1] (output port clocked by __VIRTUAL_CLK__)
Path Group: __VIRTUAL_CLK__
Path Type: min

Fanout         Cap        Slew       Delay        Time   Description
---------------------------------------------------------------------------------------------
                      0.000000    0.000000    0.000000   clock __VIRTUAL_CLK__ (rise edge)
                                  0.000000    0.000000   clock network delay (ideal)
                                  0.800000    0.800000 v input external delay
     6    0.014682    0.024091    0.014341    0.814341 v B[0] (in)
                                                         B[0] (net)
                      0.024091    0.000000    0.814341 v _565_/A (sky130_fd_sc_hd__inv_2)
     3    0.011792    0.045446    0.044255    0.858596 ^ _565_/Y (sky130_fd_sc_hd__inv_2)
                                                         _272_ (net)
                      0.045446    0.000000    0.858596 ^ _570_/A (sky130_fd_sc_hd__nor2_2)
     1    0.008002    0.019568    0.029076    0.887672 v _570_/Y (sky130_fd_sc_hd__nor2_2)
                                                         _276_ (net)
                      0.019568    0.000000    0.887672 v _571_/B (sky130_fd_sc_hd__xnor2_2)
     1    0.033442    0.101186    0.127674    1.015346 v _571_/Y (sky130_fd_sc_hd__xnor2_2)
                                                         S[1] (net)
                      0.101186    0.000000    1.015346 v S[1] (out)
                                              1.015346   data arrival time

                      0.000000    0.000000    0.000000   clock __VIRTUAL_CLK__ (rise edge)
                                  0.000000    0.000000   clock network delay (ideal)
                                  0.250000    0.250000   clock uncertainty
                                  0.000000    0.250000   clock reconvergence pessimism
                                 -0.800000   -0.550000   output external delay
                                             -0.550000   data required time
---------------------------------------------------------------------------------------------
                                             -0.550000   data required time
                                             -1.015346   data arrival time
---------------------------------------------------------------------------------------------
                                              1.565346   slack (MET)


Startpoint: A[7] (input port clocked by __VIRTUAL_CLK__)
Endpoint: S[7] (output port clocked by __VIRTUAL_CLK__)
Path Group: __VIRTUAL_CLK__
Path Type: min

Fanout         Cap        Slew       Delay        Time   Description
---------------------------------------------------------------------------------------------
                      0.000000    0.000000    0.000000   clock __VIRTUAL_CLK__ (rise edge)
                                  0.000000    0.000000   clock network delay (ideal)
                                  0.800000    0.800000 ^ input external delay
     6    0.018944    0.069573    0.043958    0.843958 ^ A[7] (in)
                                                         A[7] (net)
                      0.069573    0.000000    0.843958 ^ _724_/A (sky130_fd_sc_hd__nand2_2)
     2    0.006511    0.032259    0.031987    0.875945 v _724_/Y (sky130_fd_sc_hd__nand2_2)
                                                         _059_ (net)
                      0.032259    0.000000    0.875945 v _609_/B (sky130_fd_sc_hd__nand2_2)
     1    0.008395    0.042374    0.052076    0.928021 ^ _609_/Y (sky130_fd_sc_hd__nand2_2)
                                                         _309_ (net)
                      0.042374    0.000000    0.928021 ^ _610_/B (sky130_fd_sc_hd__xnor2_2)
     1    0.033442    0.099946    0.089522    1.017543 v _610_/Y (sky130_fd_sc_hd__xnor2_2)
                                                         S[7] (net)
                      0.099946    0.000000    1.017543 v S[7] (out)
                                              1.017543   data arrival time

                      0.000000    0.000000    0.000000   clock __VIRTUAL_CLK__ (rise edge)
                                  0.000000    0.000000   clock network delay (ideal)
                                  0.250000    0.250000   clock uncertainty
                                  0.000000    0.250000   clock reconvergence pessimism
                                 -0.800000   -0.550000   output external delay
                                             -0.550000   data required time
---------------------------------------------------------------------------------------------
                                             -0.550000   data required time
                                             -1.017543   data arrival time
---------------------------------------------------------------------------------------------
                                              1.567543   slack (MET)


Startpoint: A[8] (input port clocked by __VIRTUAL_CLK__)
Endpoint: S[8] (output port clocked by __VIRTUAL_CLK__)
Path Group: __VIRTUAL_CLK__
Path Type: min

Fanout         Cap        Slew       Delay        Time   Description
---------------------------------------------------------------------------------------------
                      0.000000    0.000000    0.000000   clock __VIRTUAL_CLK__ (rise edge)
                                  0.000000    0.000000   clock network delay (ideal)
                                  0.800000    0.800000 ^ input external delay
     3    0.022024    0.079836    0.050755    0.850755 ^ A[8] (in)
                                                         A[8] (net)
                      0.079836    0.000000    0.850755 ^ _613_/A (sky130_fd_sc_hd__xnor2_2)
     1    0.008395    0.044846    0.081957    0.932712 ^ _613_/Y (sky130_fd_sc_hd__xnor2_2)
                                                         _312_ (net)
                      0.044846    0.000000    0.932712 ^ _614_/B (sky130_fd_sc_hd__xnor2_2)
     1    0.033442    0.099960    0.090005    1.022717 v _614_/Y (sky130_fd_sc_hd__xnor2_2)
                                                         S[8] (net)
                      0.099960    0.000000    1.022717 v S[8] (out)
                                              1.022717   data arrival time

                      0.000000    0.000000    0.000000   clock __VIRTUAL_CLK__ (rise edge)
                                  0.000000    0.000000   clock network delay (ideal)
                                  0.250000    0.250000   clock uncertainty
                                  0.000000    0.250000   clock reconvergence pessimism
                                 -0.800000   -0.550000   output external delay
                                             -0.550000   data required time
---------------------------------------------------------------------------------------------
                                             -0.550000   data required time
                                             -1.022717   data arrival time
---------------------------------------------------------------------------------------------
                                              1.572717   slack (MET)


Startpoint: A[17] (input port clocked by __VIRTUAL_CLK__)
Endpoint: S[17] (output port clocked by __VIRTUAL_CLK__)
Path Group: __VIRTUAL_CLK__
Path Type: min

Fanout         Cap        Slew       Delay        Time   Description
---------------------------------------------------------------------------------------------
                      0.000000    0.000000    0.000000   clock __VIRTUAL_CLK__ (rise edge)
                                  0.000000    0.000000   clock network delay (ideal)
                                  0.800000    0.800000 ^ input external delay
     5    0.017901    0.066098    0.041656    0.841656 ^ A[17] (in)
                                                         A[17] (net)
                      0.066098    0.000000    0.841656 ^ _375_/B (sky130_fd_sc_hd__xnor2_2)
     3    0.012568    0.060036    0.087331    0.928988 ^ _375_/Y (sky130_fd_sc_hd__xnor2_2)
                                                         _097_ (net)
                      0.060036    0.000000    0.928988 ^ _385_/A (sky130_fd_sc_hd__xor2_2)
     1    0.033442    0.071952    0.095110    1.024098 v _385_/X (sky130_fd_sc_hd__xor2_2)
                                                         S[17] (net)
                      0.071952    0.000000    1.024098 v S[17] (out)
                                              1.024098   data arrival time

                      0.000000    0.000000    0.000000   clock __VIRTUAL_CLK__ (rise edge)
                                  0.000000    0.000000   clock network delay (ideal)
                                  0.250000    0.250000   clock uncertainty
                                  0.000000    0.250000   clock reconvergence pessimism
                                 -0.800000   -0.550000   output external delay
                                             -0.550000   data required time
---------------------------------------------------------------------------------------------
                                             -0.550000   data required time
                                             -1.024098   data arrival time
---------------------------------------------------------------------------------------------
                                              1.574098   slack (MET)


Startpoint: A[20] (input port clocked by __VIRTUAL_CLK__)
Endpoint: S[21] (output port clocked by __VIRTUAL_CLK__)
Path Group: __VIRTUAL_CLK__
Path Type: min

Fanout         Cap        Slew       Delay        Time   Description
---------------------------------------------------------------------------------------------
                      0.000000    0.000000    0.000000   clock __VIRTUAL_CLK__ (rise edge)
                                  0.000000    0.000000   clock network delay (ideal)
                                  0.800000    0.800000 ^ input external delay
     6    0.016894    0.062743    0.039434    0.839434 ^ A[20] (in)
                                                         A[20] (net)
                      0.062743    0.000000    0.839434 ^ _437_/B (sky130_fd_sc_hd__nand3_2)
     1    0.004282    0.033855    0.042075    0.881509 v _437_/Y (sky130_fd_sc_hd__nand3_2)
                                                         _155_ (net)
                      0.033855    0.000000    0.881509 v _438_/C (sky130_fd_sc_hd__nand3_2)
     1    0.008395    0.044003    0.057396    0.938905 ^ _438_/Y (sky130_fd_sc_hd__nand3_2)
                                                         _156_ (net)
                      0.044003    0.000000    0.938905 ^ _439_/B (sky130_fd_sc_hd__xnor2_2)
     1    0.033442    0.099955    0.089841    1.028746 v _439_/Y (sky130_fd_sc_hd__xnor2_2)
                                                         S[21] (net)
                      0.099955    0.000000    1.028746 v S[21] (out)
                                              1.028746   data arrival time

                      0.000000    0.000000    0.000000   clock __VIRTUAL_CLK__ (rise edge)
                                  0.000000    0.000000   clock network delay (ideal)
                                  0.250000    0.250000   clock uncertainty
                                  0.000000    0.250000   clock reconvergence pessimism
                                 -0.800000   -0.550000   output external delay
                                             -0.550000   data required time
---------------------------------------------------------------------------------------------
                                             -0.550000   data required time
                                             -1.028746   data arrival time
---------------------------------------------------------------------------------------------
                                              1.578746   slack (MET)


Startpoint: A[3] (input port clocked by __VIRTUAL_CLK__)
Endpoint: S[3] (output port clocked by __VIRTUAL_CLK__)
Path Group: __VIRTUAL_CLK__
Path Type: min

Fanout         Cap        Slew       Delay        Time   Description
---------------------------------------------------------------------------------------------
                      0.000000    0.000000    0.000000   clock __VIRTUAL_CLK__ (rise edge)
                                  0.000000    0.000000   clock network delay (ideal)
                                  0.800000    0.800000 ^ input external delay
     3    0.013171    0.050234    0.031073    0.831073 ^ A[3] (in)
                                                         A[3] (net)
                      0.050234    0.000000    0.831073 ^ _691_/A (sky130_fd_sc_hd__xnor2_2)
     3    0.016069    0.072453    0.097408    0.928480 ^ _691_/Y (sky130_fd_sc_hd__xnor2_2)
                                                         _026_ (net)
                      0.072453    0.000000    0.928480 ^ _584_/A (sky130_fd_sc_hd__xnor2_2)
     1    0.033442    0.099967    0.100278    1.028759 v _584_/Y (sky130_fd_sc_hd__xnor2_2)
                                                         S[3] (net)
                      0.099967    0.000000    1.028759 v S[3] (out)
                                              1.028759   data arrival time

                      0.000000    0.000000    0.000000   clock __VIRTUAL_CLK__ (rise edge)
                                  0.000000    0.000000   clock network delay (ideal)
                                  0.250000    0.250000   clock uncertainty
                                  0.000000    0.250000   clock reconvergence pessimism
                                 -0.800000   -0.550000   output external delay
                                             -0.550000   data required time
---------------------------------------------------------------------------------------------
                                             -0.550000   data required time
                                             -1.028759   data arrival time
---------------------------------------------------------------------------------------------
                                              1.578758   slack (MET)


Startpoint: A[11] (input port clocked by __VIRTUAL_CLK__)
Endpoint: S[11] (output port clocked by __VIRTUAL_CLK__)
Path Group: __VIRTUAL_CLK__
Path Type: min

Fanout         Cap        Slew       Delay        Time   Description
---------------------------------------------------------------------------------------------
                      0.000000    0.000000    0.000000   clock __VIRTUAL_CLK__ (rise edge)
                                  0.000000    0.000000   clock network delay (ideal)
                                  0.800000    0.800000 ^ input external delay
     4    0.020737    0.075547    0.047915    0.847915 ^ A[11] (in)
                                                         A[11] (net)
                      0.075547    0.000000    0.847915 ^ _628_/A (sky130_fd_sc_hd__xor2_2)
     1    0.008002    0.031435    0.050878    0.898793 v _628_/X (sky130_fd_sc_hd__xor2_2)
                                                         _324_ (net)
                      0.031435    0.000000    0.898793 v _629_/B (sky130_fd_sc_hd__xnor2_2)
     1    0.033442    0.101154    0.131998    1.030791 v _629_/Y (sky130_fd_sc_hd__xnor2_2)
                                                         S[11] (net)
                      0.101154    0.000000    1.030791 v S[11] (out)
                                              1.030791   data arrival time

                      0.000000    0.000000    0.000000   clock __VIRTUAL_CLK__ (rise edge)
                                  0.000000    0.000000   clock network delay (ideal)
                                  0.250000    0.250000   clock uncertainty
                                  0.000000    0.250000   clock reconvergence pessimism
                                 -0.800000   -0.550000   output external delay
                                             -0.550000   data required time
---------------------------------------------------------------------------------------------
                                             -0.550000   data required time
                                             -1.030791   data arrival time
---------------------------------------------------------------------------------------------
                                              1.580791   slack (MET)


Startpoint: A[29] (input port clocked by __VIRTUAL_CLK__)
Endpoint: S[29] (output port clocked by __VIRTUAL_CLK__)
Path Group: __VIRTUAL_CLK__
Path Type: min

Fanout         Cap        Slew       Delay        Time   Description
---------------------------------------------------------------------------------------------
                      0.000000    0.000000    0.000000   clock __VIRTUAL_CLK__ (rise edge)
                                  0.000000    0.000000   clock network delay (ideal)
                                  0.800000    0.800000 ^ input external delay
     6    0.023186    0.083707    0.053319    0.853319 ^ A[29] (in)
                                                         A[29] (net)
                      0.083707    0.000000    0.853319 ^ _531_/B (sky130_fd_sc_hd__xnor2_2)
     1    0.017314    0.077417    0.100837    0.954156 ^ _531_/Y (sky130_fd_sc_hd__xnor2_2)
                                                         _241_ (net)
                      0.077417    0.000000    0.954156 ^ _536_/A (sky130_fd_sc_hd__xnor2_4)
     1    0.033442    0.066742    0.079273    1.033429 v _536_/Y (sky130_fd_sc_hd__xnor2_4)
                                                         S[29] (net)
                      0.066742    0.000000    1.033429 v S[29] (out)
                                              1.033429   data arrival time

                      0.000000    0.000000    0.000000   clock __VIRTUAL_CLK__ (rise edge)
                                  0.000000    0.000000   clock network delay (ideal)
                                  0.250000    0.250000   clock uncertainty
                                  0.000000    0.250000   clock reconvergence pessimism
                                 -0.800000   -0.550000   output external delay
                                             -0.550000   data required time
---------------------------------------------------------------------------------------------
                                             -0.550000   data required time
                                             -1.033429   data arrival time
---------------------------------------------------------------------------------------------
                                              1.583429   slack (MET)


Startpoint: A[27] (input port clocked by __VIRTUAL_CLK__)
Endpoint: S[27] (output port clocked by __VIRTUAL_CLK__)
Path Group: __VIRTUAL_CLK__
Path Type: min

Fanout         Cap        Slew       Delay        Time   Description
---------------------------------------------------------------------------------------------
                      0.000000    0.000000    0.000000   clock __VIRTUAL_CLK__ (rise edge)
                                  0.000000    0.000000   clock network delay (ideal)
                                  0.800000    0.800000 ^ input external delay
     5    0.017660    0.065295    0.041124    0.841124 ^ A[27] (in)
                                                         A[27] (net)
                      0.065295    0.000000    0.841124 ^ _501_/B (sky130_fd_sc_hd__xnor2_2)
     3    0.023608    0.099917    0.114512    0.955637 ^ _501_/Y (sky130_fd_sc_hd__xnor2_2)
                                                         _213_ (net)
                      0.099917    0.000000    0.955637 ^ _509_/A (sky130_fd_sc_hd__xnor2_4)
     1    0.033442    0.065666    0.082523    1.038159 v _509_/Y (sky130_fd_sc_hd__xnor2_4)
                                                         S[27] (net)
                      0.065666    0.000000    1.038159 v S[27] (out)
                                              1.038159   data arrival time

                      0.000000    0.000000    0.000000   clock __VIRTUAL_CLK__ (rise edge)
                                  0.000000    0.000000   clock network delay (ideal)
                                  0.250000    0.250000   clock uncertainty
                                  0.000000    0.250000   clock reconvergence pessimism
                                 -0.800000   -0.550000   output external delay
                                             -0.550000   data required time
---------------------------------------------------------------------------------------------
                                             -0.550000   data required time
                                             -1.038159   data arrival time
---------------------------------------------------------------------------------------------
                                              1.588159   slack (MET)


Startpoint: A[19] (input port clocked by __VIRTUAL_CLK__)
Endpoint: S[19] (output port clocked by __VIRTUAL_CLK__)
Path Group: __VIRTUAL_CLK__
Path Type: min

Fanout         Cap        Slew       Delay        Time   Description
---------------------------------------------------------------------------------------------
                      0.000000    0.000000    0.000000   clock __VIRTUAL_CLK__ (rise edge)
                                  0.000000    0.000000   clock network delay (ideal)
                                  0.800000    0.800000 ^ input external delay
     5    0.019773    0.072335    0.045787    0.845787 ^ A[19] (in)
                                                         A[19] (net)
                      0.072335    0.000000    0.845787 ^ _400_/B (sky130_fd_sc_hd__xnor2_2)
     3    0.015367    0.070222    0.094869    0.940657 ^ _400_/Y (sky130_fd_sc_hd__xnor2_2)
                                                         _120_ (net)
                      0.070222    0.000000    0.940657 ^ _406_/A (sky130_fd_sc_hd__xnor2_2)
     1    0.033442    0.099983    0.099898    1.040554 v _406_/Y (sky130_fd_sc_hd__xnor2_2)
                                                         S[19] (net)
                      0.099983    0.000000    1.040554 v S[19] (out)
                                              1.040554   data arrival time

                      0.000000    0.000000    0.000000   clock __VIRTUAL_CLK__ (rise edge)
                                  0.000000    0.000000   clock network delay (ideal)
                                  0.250000    0.250000   clock uncertainty
                                  0.000000    0.250000   clock reconvergence pessimism
                                 -0.800000   -0.550000   output external delay
                                             -0.550000   data required time
---------------------------------------------------------------------------------------------
                                             -0.550000   data required time
                                             -1.040554   data arrival time
---------------------------------------------------------------------------------------------
                                              1.590554   slack (MET)


Startpoint: A[25] (input port clocked by __VIRTUAL_CLK__)
Endpoint: S[25] (output port clocked by __VIRTUAL_CLK__)
Path Group: __VIRTUAL_CLK__
Path Type: min

Fanout         Cap        Slew       Delay        Time   Description
---------------------------------------------------------------------------------------------
                      0.000000    0.000000    0.000000   clock __VIRTUAL_CLK__ (rise edge)
                                  0.000000    0.000000   clock network delay (ideal)
                                  0.800000    0.800000 ^ input external delay
     5    0.019987    0.073048    0.046259    0.846259 ^ A[25] (in)
                                                         A[25] (net)
                      0.073048    0.000000    0.846259 ^ _480_/B (sky130_fd_sc_hd__xnor2_2)
     3    0.015443    0.070463    0.095129    0.941388 ^ _480_/Y (sky130_fd_sc_hd__xnor2_2)
                                                         _194_ (net)
                      0.070463    0.000000    0.941388 ^ _486_/A (sky130_fd_sc_hd__xnor2_2)
     1    0.033442    0.099956    0.099939    1.041327 v _486_/Y (sky130_fd_sc_hd__xnor2_2)
                                                         S[25] (net)
                      0.099956    0.000000    1.041327 v S[25] (out)
                                              1.041327   data arrival time

                      0.000000    0.000000    0.000000   clock __VIRTUAL_CLK__ (rise edge)
                                  0.000000    0.000000   clock network delay (ideal)
                                  0.250000    0.250000   clock uncertainty
                                  0.000000    0.250000   clock reconvergence pessimism
                                 -0.800000   -0.550000   output external delay
                                             -0.550000   data required time
---------------------------------------------------------------------------------------------
                                             -0.550000   data required time
                                             -1.041327   data arrival time
---------------------------------------------------------------------------------------------
                                              1.591327   slack (MET)


Startpoint: A[23] (input port clocked by __VIRTUAL_CLK__)
Endpoint: S[23] (output port clocked by __VIRTUAL_CLK__)
Path Group: __VIRTUAL_CLK__
Path Type: min

Fanout         Cap        Slew       Delay        Time   Description
---------------------------------------------------------------------------------------------
                      0.000000    0.000000    0.000000   clock __VIRTUAL_CLK__ (rise edge)
                                  0.000000    0.000000   clock network delay (ideal)
                                  0.800000    0.800000 ^ input external delay
     5    0.024810    0.089118    0.056903    0.856903 ^ A[23] (in)
                                                         A[23] (net)
                      0.089118    0.000000    0.856903 ^ _453_/B (sky130_fd_sc_hd__xnor2_2)
     3    0.012355    0.059418    0.089075    0.945978 ^ _453_/Y (sky130_fd_sc_hd__xnor2_2)
                                                         _169_ (net)
                      0.059418    0.000000    0.945978 ^ _461_/A (sky130_fd_sc_hd__xnor2_2)
     1    0.033442    0.099944    0.098055    1.044033 v _461_/Y (sky130_fd_sc_hd__xnor2_2)
                                                         S[23] (net)
                      0.099944    0.000000    1.044033 v S[23] (out)
                                              1.044033   data arrival time

                      0.000000    0.000000    0.000000   clock __VIRTUAL_CLK__ (rise edge)
                                  0.000000    0.000000   clock network delay (ideal)
                                  0.250000    0.250000   clock uncertainty
                                  0.000000    0.250000   clock reconvergence pessimism
                                 -0.800000   -0.550000   output external delay
                                             -0.550000   data required time
---------------------------------------------------------------------------------------------
                                             -0.550000   data required time
                                             -1.044033   data arrival time
---------------------------------------------------------------------------------------------
                                              1.594033   slack (MET)


Startpoint: A[15] (input port clocked by __VIRTUAL_CLK__)
Endpoint: S[15] (output port clocked by __VIRTUAL_CLK__)
Path Group: __VIRTUAL_CLK__
Path Type: min

Fanout         Cap        Slew       Delay        Time   Description
---------------------------------------------------------------------------------------------
                      0.000000    0.000000    0.000000   clock __VIRTUAL_CLK__ (rise edge)
                                  0.000000    0.000000   clock network delay (ideal)
                                  0.800000    0.800000 ^ input external delay
     5    0.021759    0.078953    0.050170    0.850170 ^ A[15] (in)
                                                         A[15] (net)
                      0.078953    0.000000    0.850170 ^ _727_/B (sky130_fd_sc_hd__xnor2_2)
     3    0.016046    0.072759    0.097215    0.947385 ^ _727_/Y (sky130_fd_sc_hd__xnor2_2)
                                                         _062_ (net)
                      0.072759    0.000000    0.947385 ^ _655_/A (sky130_fd_sc_hd__xnor2_2)
     1    0.033442    0.099983    0.100330    1.047715 v _655_/Y (sky130_fd_sc_hd__xnor2_2)
                                                         S[15] (net)
                      0.099983    0.000000    1.047715 v S[15] (out)
                                              1.047715   data arrival time

                      0.000000    0.000000    0.000000   clock __VIRTUAL_CLK__ (rise edge)
                                  0.000000    0.000000   clock network delay (ideal)
                                  0.250000    0.250000   clock uncertainty
                                  0.000000    0.250000   clock reconvergence pessimism
                                 -0.800000   -0.550000   output external delay
                                             -0.550000   data required time
---------------------------------------------------------------------------------------------
                                             -0.550000   data required time
                                             -1.047715   data arrival time
---------------------------------------------------------------------------------------------
                                              1.597715   slack (MET)


Startpoint: A[8] (input port clocked by __VIRTUAL_CLK__)
Endpoint: S[9] (output port clocked by __VIRTUAL_CLK__)
Path Group: __VIRTUAL_CLK__
Path Type: min

Fanout         Cap        Slew       Delay        Time   Description
---------------------------------------------------------------------------------------------
                      0.000000    0.000000    0.000000   clock __VIRTUAL_CLK__ (rise edge)
                                  0.000000    0.000000   clock network delay (ideal)
                                  0.800000    0.800000 v input external delay
     3    0.020558    0.032896    0.020522    0.820522 v A[8] (in)
                                                         A[8] (net)
                      0.032896    0.000000    0.820522 v _365_/A (sky130_fd_sc_hd__inv_2)
     3    0.009684    0.039207    0.042786    0.863308 ^ _365_/Y (sky130_fd_sc_hd__inv_2)
                                                         _088_ (net)
                      0.039207    0.000000    0.863308 ^ _616_/A1 (sky130_fd_sc_hd__a21oi_2)
     5    0.016703    0.029523    0.046227    0.909534 v _616_/Y (sky130_fd_sc_hd__a21oi_2)
                                                         _314_ (net)
                      0.029523    0.000000    0.909534 v _618_/A (sky130_fd_sc_hd__xnor2_2)
     1    0.033442    0.099970    0.139875    1.049409 v _618_/Y (sky130_fd_sc_hd__xnor2_2)
                                                         S[9] (net)
                      0.099970    0.000000    1.049409 v S[9] (out)
                                              1.049409   data arrival time

                      0.000000    0.000000    0.000000   clock __VIRTUAL_CLK__ (rise edge)
                                  0.000000    0.000000   clock network delay (ideal)
                                  0.250000    0.250000   clock uncertainty
                                  0.000000    0.250000   clock reconvergence pessimism
                                 -0.800000   -0.550000   output external delay
                                             -0.550000   data required time
---------------------------------------------------------------------------------------------
                                             -0.550000   data required time
                                             -1.049409   data arrival time
---------------------------------------------------------------------------------------------
                                              1.599409   slack (MET)


Startpoint: B[4] (input port clocked by __VIRTUAL_CLK__)
Endpoint: S[5] (output port clocked by __VIRTUAL_CLK__)
Path Group: __VIRTUAL_CLK__
Path Type: min

Fanout         Cap        Slew       Delay        Time   Description
---------------------------------------------------------------------------------------------
                      0.000000    0.000000    0.000000   clock __VIRTUAL_CLK__ (rise edge)
                                  0.000000    0.000000   clock network delay (ideal)
                                  0.800000    0.800000 v input external delay
     9    0.031131    0.048728    0.031643    0.831643 v B[4] (in)
                                                         B[4] (net)
                      0.048728    0.000000    0.831643 v _590_/A (sky130_fd_sc_hd__nand2_2)
     1    0.002528    0.024088    0.036463    0.868106 ^ _590_/Y (sky130_fd_sc_hd__nand2_2)
                                                         _292_ (net)
                      0.024088    0.000000    0.868106 ^ _593_/A3 (sky130_fd_sc_hd__a31o_2)
     1    0.008409    0.044012    0.095799    0.963906 ^ _593_/X (sky130_fd_sc_hd__a31o_2)
                                                         _295_ (net)
                      0.044012    0.000000    0.963906 ^ _594_/B (sky130_fd_sc_hd__xor2_2)
     1    0.033442    0.071947    0.086390    1.050296 v _594_/X (sky130_fd_sc_hd__xor2_2)
                                                         S[5] (net)
                      0.071947    0.000000    1.050296 v S[5] (out)
                                              1.050296   data arrival time

                      0.000000    0.000000    0.000000   clock __VIRTUAL_CLK__ (rise edge)
                                  0.000000    0.000000   clock network delay (ideal)
                                  0.250000    0.250000   clock uncertainty
                                  0.000000    0.250000   clock reconvergence pessimism
                                 -0.800000   -0.550000   output external delay
                                             -0.550000   data required time
---------------------------------------------------------------------------------------------
                                             -0.550000   data required time
                                             -1.050296   data arrival time
---------------------------------------------------------------------------------------------
                                              1.600296   slack (MET)


Startpoint: A[6] (input port clocked by __VIRTUAL_CLK__)
Endpoint: S[6] (output port clocked by __VIRTUAL_CLK__)
Path Group: __VIRTUAL_CLK__
Path Type: min

Fanout         Cap        Slew       Delay        Time   Description
---------------------------------------------------------------------------------------------
                      0.000000    0.000000    0.000000   clock __VIRTUAL_CLK__ (rise edge)
                                  0.000000    0.000000   clock network delay (ideal)
                                  0.800000    0.800000 v input external delay
     4    0.020830    0.033304    0.020808    0.820808 v A[6] (in)
                                                         A[6] (net)
                      0.033304    0.000000    0.820808 v _722_/A (sky130_fd_sc_hd__inv_2)
     4    0.018571    0.068383    0.062972    0.883780 ^ _722_/Y (sky130_fd_sc_hd__inv_2)
                                                         _057_ (net)
                      0.068383    0.000000    0.883780 ^ _603_/A (sky130_fd_sc_hd__xnor2_2)
     1    0.008395    0.044847    0.080662    0.964442 ^ _603_/Y (sky130_fd_sc_hd__xnor2_2)
                                                         _304_ (net)
                      0.044847    0.000000    0.964442 ^ _604_/B (sky130_fd_sc_hd__xnor2_2)
     1    0.033442    0.099960    0.090005    1.054448 v _604_/Y (sky130_fd_sc_hd__xnor2_2)
                                                         S[6] (net)
                      0.099960    0.000000    1.054448 v S[6] (out)
                                              1.054448   data arrival time

                      0.000000    0.000000    0.000000   clock __VIRTUAL_CLK__ (rise edge)
                                  0.000000    0.000000   clock network delay (ideal)
                                  0.250000    0.250000   clock uncertainty
                                  0.000000    0.250000   clock reconvergence pessimism
                                 -0.800000   -0.550000   output external delay
                                             -0.550000   data required time
---------------------------------------------------------------------------------------------
                                             -0.550000   data required time
                                             -1.054448   data arrival time
---------------------------------------------------------------------------------------------
                                              1.604447   slack (MET)


Startpoint: A[13] (input port clocked by __VIRTUAL_CLK__)
Endpoint: S[13] (output port clocked by __VIRTUAL_CLK__)
Path Group: __VIRTUAL_CLK__
Path Type: min

Fanout         Cap        Slew       Delay        Time   Description
---------------------------------------------------------------------------------------------
                      0.000000    0.000000    0.000000   clock __VIRTUAL_CLK__ (rise edge)
                                  0.000000    0.000000   clock network delay (ideal)
                                  0.800000    0.800000 ^ input external delay
     6    0.024424    0.087832    0.056051    0.856051 ^ A[13] (in)
                                                         A[13] (net)
                      0.087832    0.000000    0.856051 ^ _728_/B (sky130_fd_sc_hd__xnor2_2)
     3    0.016119    0.073165    0.098290    0.954340 ^ _728_/Y (sky130_fd_sc_hd__xnor2_2)
                                                         _063_ (net)
                      0.073165    0.000000    0.954340 ^ _640_/A (sky130_fd_sc_hd__xnor2_2)
     1    0.033442    0.099955    0.100400    1.054740 v _640_/Y (sky130_fd_sc_hd__xnor2_2)
                                                         S[13] (net)
                      0.099955    0.000000    1.054740 v S[13] (out)
                                              1.054740   data arrival time

                      0.000000    0.000000    0.000000   clock __VIRTUAL_CLK__ (rise edge)
                                  0.000000    0.000000   clock network delay (ideal)
                                  0.250000    0.250000   clock uncertainty
                                  0.000000    0.250000   clock reconvergence pessimism
                                 -0.800000   -0.550000   output external delay
                                             -0.550000   data required time
---------------------------------------------------------------------------------------------
                                             -0.550000   data required time
                                             -1.054740   data arrival time
---------------------------------------------------------------------------------------------
                                              1.604740   slack (MET)


Startpoint: A[25] (input port clocked by __VIRTUAL_CLK__)
Endpoint: S[26] (output port clocked by __VIRTUAL_CLK__)
Path Group: __VIRTUAL_CLK__
Path Type: min

Fanout         Cap        Slew       Delay        Time   Description
---------------------------------------------------------------------------------------------
                      0.000000    0.000000    0.000000   clock __VIRTUAL_CLK__ (rise edge)
                                  0.000000    0.000000   clock network delay (ideal)
                                  0.800000    0.800000 ^ input external delay
     5    0.019987    0.073048    0.046259    0.846259 ^ A[25] (in)
                                                         A[25] (net)
                      0.073048    0.000000    0.846259 ^ _492_/B2 (sky130_fd_sc_hd__a22oi_2)
     6    0.016311    0.052996    0.058192    0.904451 v _492_/Y (sky130_fd_sc_hd__a22oi_2)
                                                         _205_ (net)
                      0.052996    0.000000    0.904451 v _497_/A (sky130_fd_sc_hd__nand2_2)
     1    0.008977    0.045132    0.055171    0.959622 ^ _497_/Y (sky130_fd_sc_hd__nand2_2)
                                                         _210_ (net)
                      0.045132    0.000000    0.959622 ^ _500_/A (sky130_fd_sc_hd__xnor2_2)
     1    0.033442    0.099961    0.095488    1.055110 v _500_/Y (sky130_fd_sc_hd__xnor2_2)
                                                         S[26] (net)
                      0.099961    0.000000    1.055110 v S[26] (out)
                                              1.055110   data arrival time

                      0.000000    0.000000    0.000000   clock __VIRTUAL_CLK__ (rise edge)
                                  0.000000    0.000000   clock network delay (ideal)
                                  0.250000    0.250000   clock uncertainty
                                  0.000000    0.250000   clock reconvergence pessimism
                                 -0.800000   -0.550000   output external delay
                                             -0.550000   data required time
---------------------------------------------------------------------------------------------
                                             -0.550000   data required time
                                             -1.055110   data arrival time
---------------------------------------------------------------------------------------------
                                              1.605110   slack (MET)


Startpoint: B[30] (input port clocked by __VIRTUAL_CLK__)
Endpoint: S[31] (output port clocked by __VIRTUAL_CLK__)
Path Group: __VIRTUAL_CLK__
Path Type: min

Fanout         Cap        Slew       Delay        Time   Description
---------------------------------------------------------------------------------------------
                      0.000000    0.000000    0.000000   clock __VIRTUAL_CLK__ (rise edge)
                                  0.000000    0.000000   clock network delay (ideal)
                                  0.800000    0.800000 v input external delay
     4    0.019019    0.030592    0.018903    0.818903 v B[30] (in)
                                                         B[30] (net)
                      0.030592    0.000000    0.818903 v _558_/B1 (sky130_fd_sc_hd__o211ai_2)
     1    0.001615    0.021004    0.037389    0.856292 ^ _558_/Y (sky130_fd_sc_hd__o211ai_2)
                                                         _266_ (net)
                      0.021004    0.000000    0.856292 ^ _563_/A (sky130_fd_sc_hd__and4_2)
     1    0.008395    0.052590    0.117809    0.974101 ^ _563_/X (sky130_fd_sc_hd__and4_2)
                                                         _271_ (net)
                      0.052590    0.000000    0.974101 ^ _564_/B (sky130_fd_sc_hd__xnor2_2)
     1    0.033442    0.100005    0.091518    1.065619 v _564_/Y (sky130_fd_sc_hd__xnor2_2)
                                                         S[31] (net)
                      0.100005    0.000000    1.065619 v S[31] (out)
                                              1.065619   data arrival time

                      0.000000    0.000000    0.000000   clock __VIRTUAL_CLK__ (rise edge)
                                  0.000000    0.000000   clock network delay (ideal)
                                  0.250000    0.250000   clock uncertainty
                                  0.000000    0.250000   clock reconvergence pessimism
                                 -0.800000   -0.550000   output external delay
                                             -0.550000   data required time
---------------------------------------------------------------------------------------------
                                             -0.550000   data required time
                                             -1.065619   data arrival time
---------------------------------------------------------------------------------------------
                                              1.615619   slack (MET)


Startpoint: B[10] (input port clocked by __VIRTUAL_CLK__)
Endpoint: S[10] (output port clocked by __VIRTUAL_CLK__)
Path Group: __VIRTUAL_CLK__
Path Type: min

Fanout         Cap        Slew       Delay        Time   Description
---------------------------------------------------------------------------------------------
                      0.000000    0.000000    0.000000   clock __VIRTUAL_CLK__ (rise edge)
                                  0.000000    0.000000   clock network delay (ideal)
                                  0.800000    0.800000 ^ input external delay
     3    0.024215    0.087136    0.055590    0.855590 ^ B[10] (in)
                                                         B[10] (net)
                      0.087136    0.000000    0.855590 ^ _733_/A (sky130_fd_sc_hd__xor2_4)
     5    0.018135    0.036788    0.061843    0.917433 v _733_/X (sky130_fd_sc_hd__xor2_4)
                                                         _068_ (net)
                      0.036788    0.000000    0.917433 v _625_/A (sky130_fd_sc_hd__xor2_2)
     1    0.033442    0.071957    0.149718    1.067151 v _625_/X (sky130_fd_sc_hd__xor2_2)
                                                         S[10] (net)
                      0.071957    0.000000    1.067151 v S[10] (out)
                                              1.067151   data arrival time

                      0.000000    0.000000    0.000000   clock __VIRTUAL_CLK__ (rise edge)
                                  0.000000    0.000000   clock network delay (ideal)
                                  0.250000    0.250000   clock uncertainty
                                  0.000000    0.250000   clock reconvergence pessimism
                                 -0.800000   -0.550000   output external delay
                                             -0.550000   data required time
---------------------------------------------------------------------------------------------
                                             -0.550000   data required time
                                             -1.067151   data arrival time
---------------------------------------------------------------------------------------------
                                              1.617151   slack (MET)


Startpoint: A[30] (input port clocked by __VIRTUAL_CLK__)
Endpoint: S[30] (output port clocked by __VIRTUAL_CLK__)
Path Group: __VIRTUAL_CLK__
Path Type: min

Fanout         Cap        Slew       Delay        Time   Description
---------------------------------------------------------------------------------------------
                      0.000000    0.000000    0.000000   clock __VIRTUAL_CLK__ (rise edge)
                                  0.000000    0.000000   clock network delay (ideal)
                                  0.800000    0.800000 v input external delay
     5    0.019811    0.031778    0.019736    0.819736 v A[30] (in)
                                                         A[30] (net)
                      0.031778    0.000000    0.819736 v _551_/B (sky130_fd_sc_hd__xnor2_2)
     1    0.008395    0.044983    0.104673    0.924409 ^ _551_/Y (sky130_fd_sc_hd__xnor2_2)
                                                         _260_ (net)
                      0.044983    0.000000    0.924409 ^ _552_/B (sky130_fd_sc_hd__xnor2_2)
     1    0.008395    0.044749    0.073958    0.998367 ^ _552_/Y (sky130_fd_sc_hd__xnor2_2)
                                                         _261_ (net)
                      0.044749    0.000000    0.998367 ^ _553_/B (sky130_fd_sc_hd__xnor2_2)
     1    0.033442    0.099960    0.089986    1.088353 v _553_/Y (sky130_fd_sc_hd__xnor2_2)
                                                         S[30] (net)
                      0.099960    0.000000    1.088353 v S[30] (out)
                                              1.088353   data arrival time

                      0.000000    0.000000    0.000000   clock __VIRTUAL_CLK__ (rise edge)
                                  0.000000    0.000000   clock network delay (ideal)
                                  0.250000    0.250000   clock uncertainty
                                  0.000000    0.250000   clock reconvergence pessimism
                                 -0.800000   -0.550000   output external delay
                                             -0.550000   data required time
---------------------------------------------------------------------------------------------
                                             -0.550000   data required time
                                             -1.088353   data arrival time
---------------------------------------------------------------------------------------------
                                              1.638353   slack (MET)


Startpoint: A[16] (input port clocked by __VIRTUAL_CLK__)
Endpoint: S[16] (output port clocked by __VIRTUAL_CLK__)
Path Group: __VIRTUAL_CLK__
Path Type: min

Fanout         Cap        Slew       Delay        Time   Description
---------------------------------------------------------------------------------------------
                      0.000000    0.000000    0.000000   clock __VIRTUAL_CLK__ (rise edge)
                                  0.000000    0.000000   clock network delay (ideal)
                                  0.800000    0.800000 ^ input external delay
     4    0.017983    0.066371    0.041837    0.841837 ^ A[16] (in)
                                                         A[16] (net)
                      0.066371    0.000000    0.841837 ^ _372_/B (sky130_fd_sc_hd__xnor2_2)
     3    0.011009    0.042882    0.050239    0.892077 v _372_/Y (sky130_fd_sc_hd__xnor2_2)
                                                         _095_ (net)
                      0.042882    0.000000    0.892077 v _373_/B (sky130_fd_sc_hd__xnor2_2)
     1    0.008395    0.044875    0.108123    1.000200 ^ _373_/Y (sky130_fd_sc_hd__xnor2_2)
                                                         _096_ (net)
                      0.044875    0.000000    1.000200 ^ _374_/B (sky130_fd_sc_hd__xnor2_2)
     1    0.033442    0.099960    0.090011    1.090210 v _374_/Y (sky130_fd_sc_hd__xnor2_2)
                                                         S[16] (net)
                      0.099960    0.000000    1.090210 v S[16] (out)
                                              1.090210   data arrival time

                      0.000000    0.000000    0.000000   clock __VIRTUAL_CLK__ (rise edge)
                                  0.000000    0.000000   clock network delay (ideal)
                                  0.250000    0.250000   clock uncertainty
                                  0.000000    0.250000   clock reconvergence pessimism
                                 -0.800000   -0.550000   output external delay
                                             -0.550000   data required time
---------------------------------------------------------------------------------------------
                                             -0.550000   data required time
                                             -1.090210   data arrival time
---------------------------------------------------------------------------------------------
                                              1.640210   slack (MET)


Startpoint: B[22] (input port clocked by __VIRTUAL_CLK__)
Endpoint: S[22] (output port clocked by __VIRTUAL_CLK__)
Path Group: __VIRTUAL_CLK__
Path Type: min

Fanout         Cap        Slew       Delay        Time   Description
---------------------------------------------------------------------------------------------
                      0.000000    0.000000    0.000000   clock __VIRTUAL_CLK__ (rise edge)
                                  0.000000    0.000000   clock network delay (ideal)
                                  0.800000    0.800000 ^ input external delay
     5    0.021785    0.079039    0.050227    0.850227 ^ B[22] (in)
                                                         B[22] (net)
                      0.079039    0.000000    0.850227 ^ _450_/B (sky130_fd_sc_hd__xnor2_2)
     3    0.011038    0.043893    0.051679    0.901906 v _450_/Y (sky130_fd_sc_hd__xnor2_2)
                                                         _167_ (net)
                      0.043893    0.000000    0.901906 v _451_/B (sky130_fd_sc_hd__xnor2_2)
     1    0.008395    0.044882    0.108437    1.010343 ^ _451_/Y (sky130_fd_sc_hd__xnor2_2)
                                                         _168_ (net)
                      0.044882    0.000000    1.010343 ^ _452_/B (sky130_fd_sc_hd__xnor2_2)
     1    0.033442    0.099960    0.090012    1.100355 v _452_/Y (sky130_fd_sc_hd__xnor2_2)
                                                         S[22] (net)
                      0.099960    0.000000    1.100355 v S[22] (out)
                                              1.100355   data arrival time

                      0.000000    0.000000    0.000000   clock __VIRTUAL_CLK__ (rise edge)
                                  0.000000    0.000000   clock network delay (ideal)
                                  0.250000    0.250000   clock uncertainty
                                  0.000000    0.250000   clock reconvergence pessimism
                                 -0.800000   -0.550000   output external delay
                                             -0.550000   data required time
---------------------------------------------------------------------------------------------
                                             -0.550000   data required time
                                             -1.100355   data arrival time
---------------------------------------------------------------------------------------------
                                              1.650355   slack (MET)


Startpoint: B[24] (input port clocked by __VIRTUAL_CLK__)
Endpoint: S[24] (output port clocked by __VIRTUAL_CLK__)
Path Group: __VIRTUAL_CLK__
Path Type: min

Fanout         Cap        Slew       Delay        Time   Description
---------------------------------------------------------------------------------------------
                      0.000000    0.000000    0.000000   clock __VIRTUAL_CLK__ (rise edge)
                                  0.000000    0.000000   clock network delay (ideal)
                                  0.800000    0.800000 ^ input external delay
     5    0.017348    0.064255    0.040436    0.840436 ^ B[24] (in)
                                                         B[24] (net)
                      0.064255    0.000000    0.840436 ^ _477_/A (sky130_fd_sc_hd__xnor2_2)
     3    0.013744    0.050657    0.060591    0.901027 v _477_/Y (sky130_fd_sc_hd__xnor2_2)
                                                         _192_ (net)
                      0.050657    0.000000    0.901027 v _478_/B (sky130_fd_sc_hd__xnor2_2)
     1    0.008395    0.045055    0.110538    1.011565 ^ _478_/Y (sky130_fd_sc_hd__xnor2_2)
                                                         _193_ (net)
                      0.045055    0.000000    1.011565 ^ _479_/B (sky130_fd_sc_hd__xnor2_2)
     1    0.033442    0.099961    0.090046    1.101611 v _479_/Y (sky130_fd_sc_hd__xnor2_2)
                                                         S[24] (net)
                      0.099961    0.000000    1.101611 v S[24] (out)
                                              1.101611   data arrival time

                      0.000000    0.000000    0.000000   clock __VIRTUAL_CLK__ (rise edge)
                                  0.000000    0.000000   clock network delay (ideal)
                                  0.250000    0.250000   clock uncertainty
                                  0.000000    0.250000   clock reconvergence pessimism
                                 -0.800000   -0.550000   output external delay
                                             -0.550000   data required time
---------------------------------------------------------------------------------------------
                                             -0.550000   data required time
                                             -1.101611   data arrival time
---------------------------------------------------------------------------------------------
                                              1.651611   slack (MET)


Startpoint: B[28] (input port clocked by __VIRTUAL_CLK__)
Endpoint: S[28] (output port clocked by __VIRTUAL_CLK__)
Path Group: __VIRTUAL_CLK__
Path Type: min

Fanout         Cap        Slew       Delay        Time   Description
---------------------------------------------------------------------------------------------
                      0.000000    0.000000    0.000000   clock __VIRTUAL_CLK__ (rise edge)
                                  0.000000    0.000000   clock network delay (ideal)
                                  0.800000    0.800000 v input external delay
     6    0.016761    0.027211    0.016528    0.816528 v B[28] (in)
                                                         B[28] (net)
                      0.027211    0.000000    0.816528 v _527_/A (sky130_fd_sc_hd__nor2_2)
     1    0.004773    0.058872    0.067844    0.884373 ^ _527_/Y (sky130_fd_sc_hd__nor2_2)
                                                         _238_ (net)
                      0.058872    0.000000    0.884373 ^ _528_/B (sky130_fd_sc_hd__nor2_2)
     1    0.008002    0.025288    0.027222    0.911595 v _528_/Y (sky130_fd_sc_hd__nor2_2)
                                                         _239_ (net)
                      0.025288    0.000000    0.911595 v _529_/B (sky130_fd_sc_hd__xnor2_2)
     1    0.008395    0.045360    0.102657    1.014252 ^ _529_/Y (sky130_fd_sc_hd__xnor2_2)
                                                         _240_ (net)
                      0.045360    0.000000    1.014252 ^ _530_/B (sky130_fd_sc_hd__xnor2_2)
     1    0.033442    0.099963    0.090106    1.104357 v _530_/Y (sky130_fd_sc_hd__xnor2_2)
                                                         S[28] (net)
                      0.099963    0.000000    1.104357 v S[28] (out)
                                              1.104357   data arrival time

                      0.000000    0.000000    0.000000   clock __VIRTUAL_CLK__ (rise edge)
                                  0.000000    0.000000   clock network delay (ideal)
                                  0.250000    0.250000   clock uncertainty
                                  0.000000    0.250000   clock reconvergence pessimism
                                 -0.800000   -0.550000   output external delay
                                             -0.550000   data required time
---------------------------------------------------------------------------------------------
                                             -0.550000   data required time
                                             -1.104357   data arrival time
---------------------------------------------------------------------------------------------
                                              1.654357   slack (MET)


Startpoint: B[2] (input port clocked by __VIRTUAL_CLK__)
Endpoint: S[2] (output port clocked by __VIRTUAL_CLK__)
Path Group: __VIRTUAL_CLK__
Path Type: min

Fanout         Cap        Slew       Delay        Time   Description
---------------------------------------------------------------------------------------------
                      0.000000    0.000000    0.000000   clock __VIRTUAL_CLK__ (rise edge)
                                  0.000000    0.000000   clock network delay (ideal)
                                  0.800000    0.800000 ^ input external delay
     6    0.017881    0.066031    0.041612    0.841612 ^ B[2] (in)
                                                         B[2] (net)
                      0.066031    0.000000    0.841612 ^ _692_/A (sky130_fd_sc_hd__xnor2_2)
     3    0.014498    0.052552    0.062344    0.903956 v _692_/Y (sky130_fd_sc_hd__xnor2_2)
                                                         _027_ (net)
                      0.052552    0.000000    0.903956 v _577_/B (sky130_fd_sc_hd__xnor2_2)
     1    0.008395    0.045117    0.111127    1.015083 ^ _577_/Y (sky130_fd_sc_hd__xnor2_2)
                                                         _282_ (net)
                      0.045117    0.000000    1.015083 ^ _578_/B (sky130_fd_sc_hd__xnor2_2)
     1    0.033442    0.099962    0.090058    1.105141 v _578_/Y (sky130_fd_sc_hd__xnor2_2)
                                                         S[2] (net)
                      0.099962    0.000000    1.105141 v S[2] (out)
                                              1.105141   data arrival time

                      0.000000    0.000000    0.000000   clock __VIRTUAL_CLK__ (rise edge)
                                  0.000000    0.000000   clock network delay (ideal)
                                  0.250000    0.250000   clock uncertainty
                                  0.000000    0.250000   clock reconvergence pessimism
                                 -0.800000   -0.550000   output external delay
                                             -0.550000   data required time
---------------------------------------------------------------------------------------------
                                             -0.550000   data required time
                                             -1.105141   data arrival time
---------------------------------------------------------------------------------------------
                                              1.655141   slack (MET)


Startpoint: B[18] (input port clocked by __VIRTUAL_CLK__)
Endpoint: S[18] (output port clocked by __VIRTUAL_CLK__)
Path Group: __VIRTUAL_CLK__
Path Type: min

Fanout         Cap        Slew       Delay        Time   Description
---------------------------------------------------------------------------------------------
                      0.000000    0.000000    0.000000   clock __VIRTUAL_CLK__ (rise edge)
                                  0.000000    0.000000   clock network delay (ideal)
                                  0.800000    0.800000 ^ input external delay
     5    0.020153    0.073602    0.046626    0.846626 ^ B[18] (in)
                                                         B[18] (net)
                      0.073602    0.000000    0.846626 ^ _397_/A (sky130_fd_sc_hd__xnor2_2)
     3    0.013513    0.050088    0.061424    0.908050 v _397_/Y (sky130_fd_sc_hd__xnor2_2)
                                                         _118_ (net)
                      0.050088    0.000000    0.908050 v _398_/B (sky130_fd_sc_hd__xnor2_2)
     1    0.008395    0.045060    0.110361    1.018411 ^ _398_/Y (sky130_fd_sc_hd__xnor2_2)
                                                         _119_ (net)
                      0.045060    0.000000    1.018411 ^ _399_/B (sky130_fd_sc_hd__xnor2_2)
     1    0.033442    0.099961    0.090047    1.108458 v _399_/Y (sky130_fd_sc_hd__xnor2_2)
                                                         S[18] (net)
                      0.099961    0.000000    1.108458 v S[18] (out)
                                              1.108458   data arrival time

                      0.000000    0.000000    0.000000   clock __VIRTUAL_CLK__ (rise edge)
                                  0.000000    0.000000   clock network delay (ideal)
                                  0.250000    0.250000   clock uncertainty
                                  0.000000    0.250000   clock reconvergence pessimism
                                 -0.800000   -0.550000   output external delay
                                             -0.550000   data required time
---------------------------------------------------------------------------------------------
                                             -0.550000   data required time
                                             -1.108458   data arrival time
---------------------------------------------------------------------------------------------
                                              1.658458   slack (MET)


Startpoint: A[4] (input port clocked by __VIRTUAL_CLK__)
Endpoint: S[4] (output port clocked by __VIRTUAL_CLK__)
Path Group: __VIRTUAL_CLK__
Path Type: min

Fanout         Cap        Slew       Delay        Time   Description
---------------------------------------------------------------------------------------------
                      0.000000    0.000000    0.000000   clock __VIRTUAL_CLK__ (rise edge)
                                  0.000000    0.000000   clock network delay (ideal)
                                  0.800000    0.800000 ^ input external delay
     7    0.022824    0.082501    0.052520    0.852520 ^ A[4] (in)
                                                         A[4] (net)
                      0.082501    0.000000    0.852520 ^ _703_/B (sky130_fd_sc_hd__xnor2_2)
     3    0.013531    0.050188    0.057220    0.909740 v _703_/Y (sky130_fd_sc_hd__xnor2_2)
                                                         _038_ (net)
                      0.050188    0.000000    0.909740 v _586_/B (sky130_fd_sc_hd__xnor2_2)
     1    0.008395    0.045057    0.110392    1.020132 ^ _586_/Y (sky130_fd_sc_hd__xnor2_2)
                                                         _289_ (net)
                      0.045057    0.000000    1.020132 ^ _587_/B (sky130_fd_sc_hd__xnor2_2)
     1    0.033442    0.099961    0.090047    1.110179 v _587_/Y (sky130_fd_sc_hd__xnor2_2)
                                                         S[4] (net)
                      0.099961    0.000000    1.110179 v S[4] (out)
                                              1.110179   data arrival time

                      0.000000    0.000000    0.000000   clock __VIRTUAL_CLK__ (rise edge)
                                  0.000000    0.000000   clock network delay (ideal)
                                  0.250000    0.250000   clock uncertainty
                                  0.000000    0.250000   clock reconvergence pessimism
                                 -0.800000   -0.550000   output external delay
                                             -0.550000   data required time
---------------------------------------------------------------------------------------------
                                             -0.550000   data required time
                                             -1.110179   data arrival time
---------------------------------------------------------------------------------------------
                                              1.660179   slack (MET)


Startpoint: A[12] (input port clocked by __VIRTUAL_CLK__)
Endpoint: S[12] (output port clocked by __VIRTUAL_CLK__)
Path Group: __VIRTUAL_CLK__
Path Type: min

Fanout         Cap        Slew       Delay        Time   Description
---------------------------------------------------------------------------------------------
                      0.000000    0.000000    0.000000   clock __VIRTUAL_CLK__ (rise edge)
                                  0.000000    0.000000   clock network delay (ideal)
                                  0.800000    0.800000 ^ input external delay
     7    0.023744    0.085567    0.054550    0.854550 ^ A[12] (in)
                                                         A[12] (net)
                      0.085567    0.000000    0.854550 ^ _729_/B (sky130_fd_sc_hd__xnor2_2)
     3    0.014312    0.052131    0.059215    0.913765 v _729_/Y (sky130_fd_sc_hd__xnor2_2)
                                                         _064_ (net)
                      0.052131    0.000000    0.913765 v _632_/B (sky130_fd_sc_hd__xnor2_2)
     1    0.008395    0.045119    0.110996    1.024761 ^ _632_/Y (sky130_fd_sc_hd__xnor2_2)
                                                         _327_ (net)
                      0.045119    0.000000    1.024761 ^ _633_/B (sky130_fd_sc_hd__xnor2_2)
     1    0.033442    0.099962    0.090058    1.114820 v _633_/Y (sky130_fd_sc_hd__xnor2_2)
                                                         S[12] (net)
                      0.099962    0.000000    1.114820 v S[12] (out)
                                              1.114820   data arrival time

                      0.000000    0.000000    0.000000   clock __VIRTUAL_CLK__ (rise edge)
                                  0.000000    0.000000   clock network delay (ideal)
                                  0.250000    0.250000   clock uncertainty
                                  0.000000    0.250000   clock reconvergence pessimism
                                 -0.800000   -0.550000   output external delay
                                             -0.550000   data required time
---------------------------------------------------------------------------------------------
                                             -0.550000   data required time
                                             -1.114820   data arrival time
---------------------------------------------------------------------------------------------
                                              1.664820   slack (MET)


Startpoint: B[14] (input port clocked by __VIRTUAL_CLK__)
Endpoint: S[14] (output port clocked by __VIRTUAL_CLK__)
Path Group: __VIRTUAL_CLK__
Path Type: min

Fanout         Cap        Slew       Delay        Time   Description
---------------------------------------------------------------------------------------------
                      0.000000    0.000000    0.000000   clock __VIRTUAL_CLK__ (rise edge)
                                  0.000000    0.000000   clock network delay (ideal)
                                  0.800000    0.800000 ^ input external delay
     5    0.028570    0.101647    0.065200    0.865200 ^ B[14] (in)
                                                         B[14] (net)
                      0.101647    0.000000    0.865200 ^ _726_/A (sky130_fd_sc_hd__xnor2_4)
     3    0.015257    0.048835    0.090260    0.955459 ^ _726_/Y (sky130_fd_sc_hd__xnor2_4)
                                                         _061_ (net)
                      0.048835    0.000000    0.955459 ^ _648_/B (sky130_fd_sc_hd__xnor2_2)
     1    0.008395    0.044783    0.074756    1.030215 ^ _648_/Y (sky130_fd_sc_hd__xnor2_2)
                                                         _341_ (net)
                      0.044783    0.000000    1.030215 ^ _649_/B (sky130_fd_sc_hd__xnor2_2)
     1    0.033442    0.099960    0.089993    1.120208 v _649_/Y (sky130_fd_sc_hd__xnor2_2)
                                                         S[14] (net)
                      0.099960    0.000000    1.120208 v S[14] (out)
                                              1.120208   data arrival time

                      0.000000    0.000000    0.000000   clock __VIRTUAL_CLK__ (rise edge)
                                  0.000000    0.000000   clock network delay (ideal)
                                  0.250000    0.250000   clock uncertainty
                                  0.000000    0.250000   clock reconvergence pessimism
                                 -0.800000   -0.550000   output external delay
                                             -0.550000   data required time
---------------------------------------------------------------------------------------------
                                             -0.550000   data required time
                                             -1.120208   data arrival time
---------------------------------------------------------------------------------------------
                                              1.670208   slack (MET)


Startpoint: B[20] (input port clocked by __VIRTUAL_CLK__)
Endpoint: S[20] (output port clocked by __VIRTUAL_CLK__)
Path Group: __VIRTUAL_CLK__
Path Type: min

Fanout         Cap        Slew       Delay        Time   Description
---------------------------------------------------------------------------------------------
                      0.000000    0.000000    0.000000   clock __VIRTUAL_CLK__ (rise edge)
                                  0.000000    0.000000   clock network delay (ideal)
                                  0.800000    0.800000 ^ input external delay
     5    0.012333    0.047387    0.029145    0.829145 ^ B[20] (in)
                                                         B[20] (net)
                      0.047387    0.000000    0.829145 ^ _429_/A (sky130_fd_sc_hd__or2b_2)
     2    0.003252    0.021451    0.064257    0.893402 ^ _429_/X (sky130_fd_sc_hd__or2b_2)
                                                         _148_ (net)
                      0.021451    0.000000    0.893402 ^ _430_/B (sky130_fd_sc_hd__and2_2)
     2    0.013017    0.060768    0.100509    0.993911 ^ _430_/X (sky130_fd_sc_hd__and2_2)
                                                         _149_ (net)
                      0.060768    0.000000    0.993911 ^ _431_/B (sky130_fd_sc_hd__xnor2_2)
     1    0.008395    0.044946    0.076380    1.070291 ^ _431_/Y (sky130_fd_sc_hd__xnor2_2)
                                                         _150_ (net)
                      0.044946    0.000000    1.070291 ^ _432_/B (sky130_fd_sc_hd__xnor2_2)
     1    0.033442    0.099961    0.090025    1.160316 v _432_/Y (sky130_fd_sc_hd__xnor2_2)
                                                         S[20] (net)
                      0.099961    0.000000    1.160316 v S[20] (out)
                                              1.160316   data arrival time

                      0.000000    0.000000    0.000000   clock __VIRTUAL_CLK__ (rise edge)
                                  0.000000    0.000000   clock network delay (ideal)
                                  0.250000    0.250000   clock uncertainty
                                  0.000000    0.250000   clock reconvergence pessimism
                                 -0.800000   -0.550000   output external delay
                                             -0.550000   data required time
---------------------------------------------------------------------------------------------
                                             -0.550000   data required time
                                             -1.160316   data arrival time
---------------------------------------------------------------------------------------------
                                              1.710316   slack (MET)



