Reading timing models for corner nom_tt_025C_1v80…
Reading timing library for the 'nom_tt_025C_1v80' corner at '/home/admin/.ciel/ciel/sky130/versions/8afc8346a57fe1ab7934ba5a6056ea8b43078e71/sky130A/libs.ref/sky130_fd_sc_hd/lib/sky130_fd_sc_hd__tt_025C_1v80.lib'…
Reading OpenROAD database at '/home/admin/Documents/Projekty/Hobby/Nauka/RISC-5/.v/DDCA/code/exercises/ALUDesignIverilog/ALU/systemIverilog/build/runs/RUN_2026-09-29_09-33-51/41-openroad-repairantennas/1-openroad-diodeinsertion/addsub32.odb'…
Reading design constraints file at '/nix/store/33pw6r3szpqrlxwi0ri36rfq68whzq26-python3-3.13.9-env/lib/python3.13/site-packages/librelane/scripts/base.sdc'…
[WARNING STA-0366] port '__VIRTUAL_CLK__' not found.
[INFO] Using clock __VIRTUAL_CLK__…
[INFO] Setting output delay to: 0.8
[INFO] Setting input delay to: 0.8
[WARNING STA-0366] port '__VIRTUAL_CLK__' not found.
[INFO] Setting load to: 0.033442
[INFO] Setting clock uncertainty to: 0.25
[INFO] Setting clock transition to: 0.1499999999999999944488848768742172978818416595458984375
[WARNING STA-0419] transition time can not be specified for virtual clocks.
[INFO] Setting timing derate to: 5.0%
[WARNING STA-0450] virtual clock __VIRTUAL_CLK__ can not be propagated.
[INFO ORD-0030] Using 8 thread(s).
+ detailed_route -droute_end_iter 64 -or_seed 42 -verbose 1 -output_drc /home/admin/Documents/Projekty/Hobby/Nauka/RISC-5/.v/DDCA/code/exercises/ALUDesignIverilog/ALU/systemIverilog/build/runs/RUN_2026-09-29_09-33-51/43-openroad-detailedrouting/drt-run-0/addsub32.drc
[INFO DRT-0149] Reading tech and libs.
[WARNING DRT-0349] LEF58_ENCLOSURE with no CUTCLASS is not supported. Skipping for layer mcon
[WARNING DRT-0349] LEF58_ENCLOSURE with no CUTCLASS is not supported. Skipping for layer mcon
[WARNING DRT-0349] LEF58_ENCLOSURE with no CUTCLASS is not supported. Skipping for layer via
[WARNING DRT-0349] LEF58_ENCLOSURE with no CUTCLASS is not supported. Skipping for layer via
[WARNING DRT-0349] LEF58_ENCLOSURE with no CUTCLASS is not supported. Skipping for layer via2
[WARNING DRT-0349] LEF58_ENCLOSURE with no CUTCLASS is not supported. Skipping for layer via2
[WARNING DRT-0349] LEF58_ENCLOSURE with no CUTCLASS is not supported. Skipping for layer via3
[WARNING DRT-0349] LEF58_ENCLOSURE with no CUTCLASS is not supported. Skipping for layer via3
[WARNING DRT-0349] LEF58_ENCLOSURE with no CUTCLASS is not supported. Skipping for layer via4
[WARNING DRT-0349] LEF58_ENCLOSURE with no CUTCLASS is not supported. Skipping for layer via4

Units:                1000
Number of layers:     13
Number of macros:     445
Number of vias:       28
Number of viarulegen: 25

[INFO DRT-0150] Reading design.

Design:                   addsub32
Die area:                 ( 0 0 ) ( 112270 122990 )
Number of track patterns: 12
Number of DEF vias:       0
Number of components:     751
Number of terminals:      100
Number of snets:          2
Number of nets:           606

[INFO DRT-0167] List of default vias:
  Layer via
    default via: M1M2_PR
  Layer via2
    default via: M2M3_PR
  Layer via3
    default via: M3M4_PR
  Layer via4
    default via: M4M5_PR
[INFO DRT-0162] Library cell analysis.
[INFO DRT-0163] Instance analysis.
[INFO DRT-0164] Number of unique instances = 205.
[INFO DRT-0168] Init region query.
[INFO DRT-0024]   Complete FR_MASTERSLICE.
[INFO DRT-0024]   Complete licon.
[INFO DRT-0024]   Complete li1.
[INFO DRT-0024]   Complete mcon.
[INFO DRT-0024]   Complete met1.
[INFO DRT-0024]   Complete via.
[INFO DRT-0024]   Complete met2.
[INFO DRT-0024]   Complete via2.
[INFO DRT-0024]   Complete met3.
[INFO DRT-0024]   Complete via3.
[INFO DRT-0024]   Complete met4.
[INFO DRT-0024]   Complete via4.
[INFO DRT-0024]   Complete met5.
[INFO DRT-0033] FR_MASTERSLICE shape region query size = 0.
[INFO DRT-0033] licon shape region query size = 0.
[INFO DRT-0033] li1 shape region query size = 17609.
[INFO DRT-0033] mcon shape region query size = 0.
[INFO DRT-0033] met1 shape region query size = 1905.
[INFO DRT-0033] via shape region query size = 190.
[INFO DRT-0033] met2 shape region query size = 159.
[INFO DRT-0033] via2 shape region query size = 152.
[INFO DRT-0033] met3 shape region query size = 167.
[INFO DRT-0033] via3 shape region query size = 152.
[INFO DRT-0033] met4 shape region query size = 42.
[INFO DRT-0033] via4 shape region query size = 0.
[INFO DRT-0033] met5 shape region query size = 0.
[INFO DRT-0165] Start pin access.
[INFO DRT-0076]   Complete 1000 pins.
[INFO DRT-0078]   Complete 1547 pins.
[INFO DRT-0079]   Complete 100 unique inst patterns.
[INFO DRT-0079]   Complete 200 unique inst patterns.
[INFO DRT-0081]   Complete 205 unique inst patterns.
[INFO DRT-0084]   Complete 340 groups.
#scanned instances     = 751
#unique  instances     = 205
#stdCellGenAp          = 5418
#stdCellValidPlanarAp  = 25
#stdCellValidViaAp     = 4127
#stdCellPinNoAp        = 0
#stdCellPinCnt         = 1761
#instTermValidViaApCnt = 0
#macroGenAp            = 0
#macroValidPlanarAp    = 0
#macroValidViaAp       = 0
#macroNoAp             = 0
[INFO DRT-0166] Complete pin access.
[INFO DRT-0267] cpu time = 00:01:32, elapsed time = 00:00:12, memory = 134.12 (MB), peak = 133.38 (MB)

[INFO DRT-0157] Number of guides:     3817

[INFO DRT-0169] Post process guides.
[INFO DRT-0176] GCELLGRID X 0 DO 16 STEP 6900 ;
[INFO DRT-0177] GCELLGRID Y 0 DO 17 STEP 6900 ;
[INFO DRT-0028]   Complete FR_MASTERSLICE.
[INFO DRT-0028]   Complete licon.
[INFO DRT-0028]   Complete li1.
[INFO DRT-0028]   Complete mcon.
[INFO DRT-0028]   Complete met1.
[INFO DRT-0028]   Complete via.
[INFO DRT-0028]   Complete met2.
[INFO DRT-0028]   Complete via2.
[INFO DRT-0028]   Complete met3.
[INFO DRT-0028]   Complete via3.
[INFO DRT-0028]   Complete met4.
[INFO DRT-0028]   Complete via4.
[INFO DRT-0028]   Complete met5.
[INFO DRT-0178] Init guide query.
[INFO DRT-0035]   Complete FR_MASTERSLICE (guide).
[INFO DRT-0035]   Complete licon (guide).
[INFO DRT-0035]   Complete li1 (guide).
[INFO DRT-0035]   Complete mcon (guide).
[INFO DRT-0035]   Complete met1 (guide).
[INFO DRT-0035]   Complete via (guide).
[INFO DRT-0035]   Complete met2 (guide).
[INFO DRT-0035]   Complete via2 (guide).
[INFO DRT-0035]   Complete met3 (guide).
[INFO DRT-0035]   Complete via3 (guide).
[INFO DRT-0035]   Complete met4 (guide).
[INFO DRT-0035]   Complete via4 (guide).
[INFO DRT-0035]   Complete met5 (guide).
[INFO DRT-0036] FR_MASTERSLICE guide region query size = 0.
[INFO DRT-0036] licon guide region query size = 0.
[INFO DRT-0036] li1 guide region query size = 1364.
[INFO DRT-0036] mcon guide region query size = 0.
[INFO DRT-0036] met1 guide region query size = 1137.
[INFO DRT-0036] via guide region query size = 0.
[INFO DRT-0036] met2 guide region query size = 597.
[INFO DRT-0036] via2 guide region query size = 0.
[INFO DRT-0036] met3 guide region query size = 59.
[INFO DRT-0036] via3 guide region query size = 0.
[INFO DRT-0036] met4 guide region query size = 2.
[INFO DRT-0036] via4 guide region query size = 0.
[INFO DRT-0036] met5 guide region query size = 0.
[INFO DRT-0179] Init gr pin query.
[INFO DRT-0267] cpu time = 00:00:00, elapsed time = 00:00:00, memory = 135.54 (MB), peak = 134.64 (MB)
[INFO DRT-0245] skipped writing guide updates to database.
[INFO DRT-0185] Post process initialize RPin region query.
[INFO DRT-0181] Start track assignment.
[INFO DRT-0184] Done with 1963 vertical wires in 1 frboxes and 1196 horizontal wires in 1 frboxes.
[INFO DRT-0186] Done with 148 vertical wires in 1 frboxes and 253 horizontal wires in 1 frboxes.
[INFO DRT-0182] Complete track assignment.
[INFO DRT-0267] cpu time = 00:00:02, elapsed time = 00:00:00, memory = 143.94 (MB), peak = 143.02 (MB)
[INFO DRT-0187] Start routing data preparation.
[INFO DRT-0267] cpu time = 00:00:00, elapsed time = 00:00:00, memory = 143.94 (MB), peak = 143.02 (MB)
[INFO DRT-0194] Start detail routing.
[INFO DRT-0195] Start 0th optimization iteration.
    Completing 10% with 0 violations.
    elapsed time = 00:00:00, memory = 165.16 (MB).
    Completing 20% with 0 violations.
    elapsed time = 00:00:00, memory = 167.03 (MB).
    Completing 30% with 0 violations.
    elapsed time = 00:00:00, memory = 168.14 (MB).
    Completing 40% with 0 violations.
    elapsed time = 00:00:00, memory = 157.88 (MB).
    Completing 50% with 24 violations.
    elapsed time = 00:00:00, memory = 174.95 (MB).
    Completing 60% with 24 violations.
    elapsed time = 00:00:01, memory = 166.94 (MB).
    Completing 70% with 34 violations.
    elapsed time = 00:00:01, memory = 186.80 (MB).
    Completing 80% with 34 violations.
    elapsed time = 00:00:01, memory = 187.61 (MB).
    Completing 100% with 70 violations.
    elapsed time = 00:00:02, memory = 187.61 (MB).
[INFO DRT-0199]   Number of violations = 97.
Viol/Layer         li1   mcon   met1   met2
Cut Spacing          0      1      0      0
Metal Spacing        0      0     21      3
Recheck              2      0     20      5
Short                0      0     36      9
[INFO DRT-0267] cpu time = 00:00:09, elapsed time = 00:00:02, memory = 545.74 (MB), peak = 544.73 (MB)
Total wire length = 10626 um.
Total wire length on LAYER li1 = 0 um.
Total wire length on LAYER met1 = 4618 um.
Total wire length on LAYER met2 = 5585 um.
Total wire length on LAYER met3 = 409 um.
Total wire length on LAYER met4 = 12 um.
Total wire length on LAYER met5 = 0 um.
Total number of vias = 3567.
Up-via summary (total 3567):

-----------------------
 FR_MASTERSLICE       0
            li1    1793
           met1    1715
           met2      57
           met3       2
           met4       0
-----------------------
               3567


[INFO DRT-0195] Start 1st optimization iteration.
    Completing 10% with 97 violations.
    elapsed time = 00:00:00, memory = 557.40 (MB).
    Completing 20% with 97 violations.
    elapsed time = 00:00:00, memory = 557.86 (MB).
    Completing 30% with 97 violations.
    elapsed time = 00:00:00, memory = 557.86 (MB).
    Completing 40% with 97 violations.
    elapsed time = 00:00:00, memory = 557.86 (MB).
    Completing 50% with 75 violations.
    elapsed time = 00:00:00, memory = 568.65 (MB).
    Completing 60% with 75 violations.
    elapsed time = 00:00:00, memory = 568.84 (MB).
    Completing 70% with 59 violations.
    elapsed time = 00:00:01, memory = 568.84 (MB).
    Completing 80% with 59 violations.
    elapsed time = 00:00:01, memory = 573.61 (MB).
    Completing 100% with 14 violations.
    elapsed time = 00:00:02, memory = 573.61 (MB).
[INFO DRT-0199]   Number of violations = 14.
Viol/Layer        met1   met2
Metal Spacing        2      0
Short               10      2
[INFO DRT-0267] cpu time = 00:00:09, elapsed time = 00:00:02, memory = 573.61 (MB), peak = 572.61 (MB)
Total wire length = 10517 um.
Total wire length on LAYER li1 = 0 um.
Total wire length on LAYER met1 = 4541 um.
Total wire length on LAYER met2 = 5546 um.
Total wire length on LAYER met3 = 429 um.
Total wire length on LAYER met4 = 0 um.
Total wire length on LAYER met5 = 0 um.
Total number of vias = 3533.
Up-via summary (total 3533):

-----------------------
 FR_MASTERSLICE       0
            li1    1788
           met1    1690
           met2      55
           met3       0
           met4       0
-----------------------
               3533


[INFO DRT-0195] Start 2nd optimization iteration.
    Completing 10% with 14 violations.
    elapsed time = 00:00:00, memory = 573.61 (MB).
    Completing 20% with 14 violations.
    elapsed time = 00:00:00, memory = 573.61 (MB).
    Completing 30% with 14 violations.
    elapsed time = 00:00:00, memory = 573.61 (MB).
    Completing 40% with 14 violations.
    elapsed time = 00:00:00, memory = 573.61 (MB).
    Completing 50% with 14 violations.
    elapsed time = 00:00:00, memory = 573.61 (MB).
    Completing 60% with 14 violations.
    elapsed time = 00:00:00, memory = 573.61 (MB).
    Completing 70% with 14 violations.
    elapsed time = 00:00:00, memory = 573.61 (MB).
    Completing 80% with 14 violations.
    elapsed time = 00:00:01, memory = 587.49 (MB).
    Completing 90% with 9 violations.
    elapsed time = 00:00:01, memory = 587.49 (MB).
    Completing 100% with 9 violations.
    elapsed time = 00:00:01, memory = 587.49 (MB).
[INFO DRT-0199]   Number of violations = 9.
Viol/Layer        met1
Metal Spacing        4
Short                5
[INFO DRT-0267] cpu time = 00:00:03, elapsed time = 00:00:01, memory = 587.49 (MB), peak = 586.48 (MB)
Total wire length = 10557 um.
Total wire length on LAYER li1 = 0 um.
Total wire length on LAYER met1 = 4575 um.
Total wire length on LAYER met2 = 5552 um.
Total wire length on LAYER met3 = 429 um.
Total wire length on LAYER met4 = 0 um.
Total wire length on LAYER met5 = 0 um.
Total number of vias = 3528.
Up-via summary (total 3528):

-----------------------
 FR_MASTERSLICE       0
            li1    1784
           met1    1689
           met2      55
           met3       0
           met4       0
-----------------------
               3528


[INFO DRT-0195] Start 3rd guides tiles iteration.
    Completing 10% with 9 violations.
    elapsed time = 00:00:00, memory = 593.98 (MB).
    Completing 20% with 9 violations.
    elapsed time = 00:00:00, memory = 596.98 (MB).
    Completing 30% with 9 violations.
    elapsed time = 00:00:00, memory = 596.98 (MB).
    Completing 40% with 9 violations.
    elapsed time = 00:00:00, memory = 597.67 (MB).
    Completing 50% with 0 violations.
    elapsed time = 00:00:00, memory = 597.67 (MB).
    Completing 60% with 0 violations.
    elapsed time = 00:00:00, memory = 597.67 (MB).
    Completing 70% with 0 violations.
    elapsed time = 00:00:00, memory = 597.67 (MB).
    Completing 80% with 0 violations.
    elapsed time = 00:00:00, memory = 597.67 (MB).
    Completing 100% with 0 violations.
    elapsed time = 00:00:00, memory = 597.67 (MB).
[INFO DRT-0199]   Number of violations = 0.
[INFO DRT-0267] cpu time = 00:00:02, elapsed time = 00:00:00, memory = 597.67 (MB), peak = 596.62 (MB)
Total wire length = 10560 um.
Total wire length on LAYER li1 = 0 um.
Total wire length on LAYER met1 = 4554 um.
Total wire length on LAYER met2 = 5556 um.
Total wire length on LAYER met3 = 449 um.
Total wire length on LAYER met4 = 0 um.
Total wire length on LAYER met5 = 0 um.
Total number of vias = 3537.
Up-via summary (total 3537):

-----------------------
 FR_MASTERSLICE       0
            li1    1785
           met1    1691
           met2      61
           met3       0
           met4       0
-----------------------
               3537


[INFO DRT-0198] Complete detail routing.
Total wire length = 10560 um.
Total wire length on LAYER li1 = 0 um.
Total wire length on LAYER met1 = 4554 um.
Total wire length on LAYER met2 = 5556 um.
Total wire length on LAYER met3 = 449 um.
Total wire length on LAYER met4 = 0 um.
Total wire length on LAYER met5 = 0 um.
Total number of vias = 3537.
Up-via summary (total 3537):

-----------------------
 FR_MASTERSLICE       0
            li1    1785
           met1    1691
           met2      61
           met3       0
           met4       0
-----------------------
               3537


[INFO DRT-0267] cpu time = 00:00:24, elapsed time = 00:00:06, memory = 597.82 (MB), peak = 596.74 (MB)

[INFO DRT-0180] Post processing.
+ check_antennas 
[INFO ANT-0002] Found 0 net violations.
[INFO ANT-0001] Found 0 pin violations.
Setting global connections for newly added cells…
[INFO] Setting global connections...
[INFO ODB-0403] 0 connections made, 0 conflicts skipped.
Updating metrics…
Cell type report:                       Count       Area
  Fill cell                                74     277.77
  Tap cell                                136     170.16
  Buffer                                    4      50.05
  Timing Repair Buffer                    153    1455.15
  Inverter                                 20      96.34
  Multi-Input combinational cell          364    4433.00
  Total                                   751    6482.47
Writing OpenROAD database to '/home/admin/Documents/Projekty/Hobby/Nauka/RISC-5/.v/DDCA/code/exercises/ALUDesignIverilog/ALU/systemIverilog/build/runs/RUN_2026-09-29_09-33-51/43-openroad-detailedrouting/addsub32.odb'…
Writing netlist to '/home/admin/Documents/Projekty/Hobby/Nauka/RISC-5/.v/DDCA/code/exercises/ALUDesignIverilog/ALU/systemIverilog/build/runs/RUN_2026-09-29_09-33-51/43-openroad-detailedrouting/addsub32.nl.v'…
Writing powered netlist to '/home/admin/Documents/Projekty/Hobby/Nauka/RISC-5/.v/DDCA/code/exercises/ALUDesignIverilog/ALU/systemIverilog/build/runs/RUN_2026-09-29_09-33-51/43-openroad-detailedrouting/addsub32.pnl.v'…
Writing layout to '/home/admin/Documents/Projekty/Hobby/Nauka/RISC-5/.v/DDCA/code/exercises/ALUDesignIverilog/ALU/systemIverilog/build/runs/RUN_2026-09-29_09-33-51/43-openroad-detailedrouting/addsub32.def'…
Writing timing constraints to '/home/admin/Documents/Projekty/Hobby/Nauka/RISC-5/.v/DDCA/code/exercises/ALUDesignIverilog/ALU/systemIverilog/build/runs/RUN_2026-09-29_09-33-51/43-openroad-detailedrouting/addsub32.sdc'…
