                                                                       Cells by Function                                                                        
┏━━━━━━━━━━━━━━━━━━━━━━━━━━━━━━━━━━━━━━━━━━━━━━━━━━━━━━━━━━━━━━━━━━━━━━━━━━━━━━━━━━━━━━━━━━━━━━━━━━━━━━━━━━━━━━━━━━━━━━━━━━━━━━━━━┳━━━━━━━━━━━━━━━━━━━━━━━━━━━━┓
┃ Cell Function                                                                                                                   ┃ Count                      ┃
┡━━━━━━━━━━━━━━━━━━━━━━━━━━━━━━━━━━━━━━━━━━━━━━━━━━━━━━━━━━━━━━━━━━━━━━━━━━━━━━━━━━━━━━━━━━━━━━━━━━━━━━━━━━━━━━━━━━━━━━━━━━━━━━━━━╇━━━━━━━━━━━━━━━━━━━━━━━━━━━━┩
│ sky130_fd_sc_hd__a211o                                                                                                          │ 4                          │
│ sky130_fd_sc_hd__a211oi                                                                                                         │ 1                          │
│ sky130_fd_sc_hd__a21bo                                                                                                          │ 2                          │
│ sky130_fd_sc_hd__a21boi                                                                                                         │ 9                          │
│ sky130_fd_sc_hd__a21o                                                                                                           │ 8                          │
│ sky130_fd_sc_hd__a21oi                                                                                                          │ 18                         │
│ sky130_fd_sc_hd__a22o                                                                                                           │ 3                          │
│ sky130_fd_sc_hd__a22oi                                                                                                          │ 6                          │
│ sky130_fd_sc_hd__a2bb2oi                                                                                                        │ 1                          │
│ sky130_fd_sc_hd__a31o                                                                                                           │ 1                          │
│ sky130_fd_sc_hd__a31oi                                                                                                          │ 4                          │
│ sky130_fd_sc_hd__a41o                                                                                                           │ 1                          │
│ sky130_fd_sc_hd__and2                                                                                                           │ 32                         │
│ sky130_fd_sc_hd__and2b                                                                                                          │ 1                          │
│ sky130_fd_sc_hd__and3                                                                                                           │ 2                          │
│ sky130_fd_sc_hd__and3b                                                                                                          │ 2                          │
│ sky130_fd_sc_hd__and4                                                                                                           │ 5                          │
│ sky130_fd_sc_hd__buf                                                                                                            │ 73                         │
│ sky130_fd_sc_hd__clkbuf                                                                                                         │ 12                         │
│ sky130_fd_sc_hd__clkdlybuf4s25                                                                                                  │ 64                         │
│ sky130_fd_sc_hd__decap                                                                                                          │ 887                        │
│ sky130_fd_sc_hd__dlygate4sd1                                                                                                    │ 1                          │
│ sky130_fd_sc_hd__dlymetal6s2s                                                                                                   │ 1                          │
│ sky130_fd_sc_hd__fill                                                                                                           │ 274                        │
│ sky130_fd_sc_hd__inv                                                                                                            │ 7                          │
│ sky130_fd_sc_hd__mux2                                                                                                           │ 1                          │
│ sky130_fd_sc_hd__nand2                                                                                                          │ 49                         │
│ sky130_fd_sc_hd__nand2b                                                                                                         │ 8                          │
│ sky130_fd_sc_hd__nand3                                                                                                          │ 7                          │
│ sky130_fd_sc_hd__nand3b                                                                                                         │ 13                         │
│ sky130_fd_sc_hd__nand4                                                                                                          │ 7                          │
│ sky130_fd_sc_hd__nand4b                                                                                                         │ 2                          │
│ sky130_fd_sc_hd__nor2                                                                                                           │ 40                         │
│ sky130_fd_sc_hd__nor2b                                                                                                          │ 1                          │
│ sky130_fd_sc_hd__nor3b                                                                                                          │ 1                          │
│ sky130_fd_sc_hd__nor4                                                                                                           │ 2                          │
│ sky130_fd_sc_hd__o2111a                                                                                                         │ 3                          │
│ sky130_fd_sc_hd__o2111ai                                                                                                        │ 3                          │
│ sky130_fd_sc_hd__o211a                                                                                                          │ 3                          │
│ sky130_fd_sc_hd__o211ai                                                                                                         │ 5                          │
│ sky130_fd_sc_hd__o21a                                                                                                           │ 13                         │
│ sky130_fd_sc_hd__o21ai                                                                                                          │ 40                         │
│ sky130_fd_sc_hd__o21ba                                                                                                          │ 9                          │
│ sky130_fd_sc_hd__o21bai                                                                                                         │ 25                         │
│ sky130_fd_sc_hd__o221ai                                                                                                         │ 2                          │
│ sky130_fd_sc_hd__o22a                                                                                                           │ 2                          │
│ sky130_fd_sc_hd__o22ai                                                                                                          │ 4                          │
│ sky130_fd_sc_hd__o2bb2a                                                                                                         │ 1                          │
│ sky130_fd_sc_hd__o2bb2ai                                                                                                        │ 4                          │
│ sky130_fd_sc_hd__o31a                                                                                                           │ 1                          │
│ sky130_fd_sc_hd__or2                                                                                                            │ 2                          │
│ sky130_fd_sc_hd__or3b                                                                                                           │ 7                          │
│ sky130_fd_sc_hd__tapvpwrvgnd                                                                                                    │ 133                        │
│ sky130_fd_sc_hd__xnor2                                                                                                          │ 8                          │
│ sky130_fd_sc_hd__xor2                                                                                                           │ 12                         │
└─────────────────────────────────────────────────────────────────────────────────────────────────────────────────────────────────┴────────────────────────────┘
