                                                                       Cells by Function                                                                        
┏━━━━━━━━━━━━━━━━━━━━━━━━━━━━━━━━━━━━━━━━━━━━━━━━━━━━━━━━━━━━━━━━━━━━━━━━━━━━━━━━━━━━━━━━━━━━━━━━━━━━━━━━━━━━━━━━━━━━━━━━━━━━━━━━━┳━━━━━━━━━━━━━━━━━━━━━━━━━━━━┓
┃ Cell Function                                                                                                                   ┃ Count                      ┃
┡━━━━━━━━━━━━━━━━━━━━━━━━━━━━━━━━━━━━━━━━━━━━━━━━━━━━━━━━━━━━━━━━━━━━━━━━━━━━━━━━━━━━━━━━━━━━━━━━━━━━━━━━━━━━━━━━━━━━━━━━━━━━━━━━━╇━━━━━━━━━━━━━━━━━━━━━━━━━━━━┩
│ sky130_fd_sc_hd__a211o                                                                                                          │ 5                          │
│ sky130_fd_sc_hd__a211oi                                                                                                         │ 2                          │
│ sky130_fd_sc_hd__a21bo                                                                                                          │ 3                          │
│ sky130_fd_sc_hd__a21o                                                                                                           │ 27                         │
│ sky130_fd_sc_hd__a21oi                                                                                                          │ 17                         │
│ sky130_fd_sc_hd__a221o                                                                                                          │ 6                          │
│ sky130_fd_sc_hd__a22o                                                                                                           │ 4                          │
│ sky130_fd_sc_hd__a2bb2o                                                                                                         │ 1                          │
│ sky130_fd_sc_hd__a311o                                                                                                          │ 1                          │
│ sky130_fd_sc_hd__a311oi                                                                                                         │ 2                          │
│ sky130_fd_sc_hd__a31o                                                                                                           │ 13                         │
│ sky130_fd_sc_hd__a32o                                                                                                           │ 1                          │
│ sky130_fd_sc_hd__and2                                                                                                           │ 17                         │
│ sky130_fd_sc_hd__and2b                                                                                                          │ 21                         │
│ sky130_fd_sc_hd__and3                                                                                                           │ 5                          │
│ sky130_fd_sc_hd__and3b                                                                                                          │ 1                          │
│ sky130_fd_sc_hd__and4                                                                                                           │ 2                          │
│ sky130_fd_sc_hd__buf                                                                                                            │ 5                          │
│ sky130_fd_sc_hd__clkbuf                                                                                                         │ 3                          │
│ sky130_fd_sc_hd__clkdlybuf4s25                                                                                                  │ 122                        │
│ sky130_fd_sc_hd__decap                                                                                                          │ 217                        │
│ sky130_fd_sc_hd__fill                                                                                                           │ 176                        │
│ sky130_fd_sc_hd__inv                                                                                                            │ 14                         │
│ sky130_fd_sc_hd__mux2                                                                                                           │ 5                          │
│ sky130_fd_sc_hd__nand2                                                                                                          │ 51                         │
│ sky130_fd_sc_hd__nand2b                                                                                                         │ 12                         │
│ sky130_fd_sc_hd__nand3                                                                                                          │ 2                          │
│ sky130_fd_sc_hd__nand3b                                                                                                         │ 1                          │
│ sky130_fd_sc_hd__nand4                                                                                                          │ 1                          │
│ sky130_fd_sc_hd__nand4b                                                                                                         │ 1                          │
│ sky130_fd_sc_hd__nor2                                                                                                           │ 26                         │
│ sky130_fd_sc_hd__nor3b                                                                                                          │ 3                          │
│ sky130_fd_sc_hd__o2111ai                                                                                                        │ 1                          │
│ sky130_fd_sc_hd__o211a                                                                                                          │ 9                          │
│ sky130_fd_sc_hd__o211ai                                                                                                         │ 7                          │
│ sky130_fd_sc_hd__o21a                                                                                                           │ 12                         │
│ sky130_fd_sc_hd__o21ai                                                                                                          │ 42                         │
│ sky130_fd_sc_hd__o21ba                                                                                                          │ 2                          │
│ sky130_fd_sc_hd__o221a                                                                                                          │ 24                         │
│ sky130_fd_sc_hd__o22a                                                                                                           │ 7                          │
│ sky130_fd_sc_hd__o2bb2a                                                                                                         │ 3                          │
│ sky130_fd_sc_hd__o311a                                                                                                          │ 6                          │
│ sky130_fd_sc_hd__o311ai                                                                                                         │ 1                          │
│ sky130_fd_sc_hd__o31a                                                                                                           │ 12                         │
│ sky130_fd_sc_hd__o32ai                                                                                                          │ 1                          │
│ sky130_fd_sc_hd__o41a                                                                                                           │ 1                          │
│ sky130_fd_sc_hd__or2                                                                                                            │ 29                         │
│ sky130_fd_sc_hd__or3                                                                                                            │ 7                          │
│ sky130_fd_sc_hd__or3b                                                                                                           │ 4                          │
│ sky130_fd_sc_hd__or4                                                                                                            │ 5                          │
│ sky130_fd_sc_hd__or4b                                                                                                           │ 1                          │
│ sky130_fd_sc_hd__tapvpwrvgnd                                                                                                    │ 90                         │
│ sky130_fd_sc_hd__xnor2                                                                                                          │ 33                         │
│ sky130_fd_sc_hd__xor2                                                                                                           │ 11                         │
└─────────────────────────────────────────────────────────────────────────────────────────────────────────────────────────────────┴────────────────────────────┘
