
===========================================================================
report_checks -path_delay min (Hold)
============================================================================
======================= nom_tt_025C_1v80 Corner ===================================

Startpoint: A[0] (input port clocked by __VIRTUAL_CLK__)
Endpoint: S[0] (output port clocked by __VIRTUAL_CLK__)
Path Group: __VIRTUAL_CLK__
Path Type: min

Fanout         Cap        Slew       Delay        Time   Description
---------------------------------------------------------------------------------------------
                      0.000000    0.000000    0.000000   clock __VIRTUAL_CLK__ (rise edge)
                                  0.000000    0.000000   clock network delay (ideal)
                                  0.800000    0.800000 v input external delay
     6    0.024137    0.054928    0.036727    0.836727 v A[0] (in)
                                                         A[0] (net)
                      0.054928    0.000000    0.836727 v _566_/A (sky130_fd_sc_hd__nand2_2)
     1    0.004794    0.038680    0.055749    0.892477 ^ _566_/Y (sky130_fd_sc_hd__nand2_2)
                                                         _273_ (net)
                      0.038680    0.000005    0.892482 ^ _567_/B (sky130_fd_sc_hd__nand2_2)
     1    0.034283    0.138453    0.122575    1.015057 v _567_/Y (sky130_fd_sc_hd__nand2_2)
                                                         S[0] (net)
                      0.138453    0.000113    1.015170 v S[0] (out)
                                              1.015170   data arrival time

                      0.000000    0.000000    0.000000   clock __VIRTUAL_CLK__ (rise edge)
                                  0.000000    0.000000   clock network delay (ideal)
                                  0.250000    0.250000   clock uncertainty
                                  0.000000    0.250000   clock reconvergence pessimism
                                 -0.800000   -0.550000   output external delay
                                             -0.550000   data required time
---------------------------------------------------------------------------------------------
                                             -0.550000   data required time
                                             -1.015170   data arrival time
---------------------------------------------------------------------------------------------
                                              1.565170   slack (MET)


Startpoint: B[0] (input port clocked by __VIRTUAL_CLK__)
Endpoint: S[1] (output port clocked by __VIRTUAL_CLK__)
Path Group: __VIRTUAL_CLK__
Path Type: min

Fanout         Cap        Slew       Delay        Time   Description
---------------------------------------------------------------------------------------------
                      0.000000    0.000000    0.000000   clock __VIRTUAL_CLK__ (rise edge)
                                  0.000000    0.000000   clock network delay (ideal)
                                  0.800000    0.800000 v input external delay
     6    0.017389    0.040391    0.026598    0.826598 v B[0] (in)
                                                         B[0] (net)
                      0.040392    0.000000    0.826598 v _565_/A (sky130_fd_sc_hd__inv_2)
     3    0.012849    0.065315    0.067061    0.893658 ^ _565_/Y (sky130_fd_sc_hd__inv_2)
                                                         _272_ (net)
                      0.065315    0.000021    0.893679 ^ _570_/A (sky130_fd_sc_hd__nor2_2)
     1    0.008315    0.025585    0.048524    0.942203 v _570_/Y (sky130_fd_sc_hd__nor2_2)
                                                         _276_ (net)
                      0.025585    0.000011    0.942214 v _571_/B (sky130_fd_sc_hd__xnor2_2)
     1    0.034553    0.157848    0.201420    1.143635 v _571_/Y (sky130_fd_sc_hd__xnor2_2)
                                                         S[1] (net)
                      0.157848    0.000189    1.143823 v S[1] (out)
                                              1.143823   data arrival time

                      0.000000    0.000000    0.000000   clock __VIRTUAL_CLK__ (rise edge)
                                  0.000000    0.000000   clock network delay (ideal)
                                  0.250000    0.250000   clock uncertainty
                                  0.000000    0.250000   clock reconvergence pessimism
                                 -0.800000   -0.550000   output external delay
                                             -0.550000   data required time
---------------------------------------------------------------------------------------------
                                             -0.550000   data required time
                                             -1.143823   data arrival time
---------------------------------------------------------------------------------------------
                                              1.693823   slack (MET)


Startpoint: A[31] (input port clocked by __VIRTUAL_CLK__)
Endpoint: carryOut (output port clocked by __VIRTUAL_CLK__)
Path Group: __VIRTUAL_CLK__
Path Type: min

Fanout         Cap        Slew       Delay        Time   Description
---------------------------------------------------------------------------------------------
                      0.000000    0.000000    0.000000   clock __VIRTUAL_CLK__ (rise edge)
                                  0.000000    0.000000   clock network delay (ideal)
                                  0.800000    0.800000 ^ input external delay
     5    0.013083    0.064870    0.041752    0.841752 ^ A[31] (in)
                                                         A[31] (net)
                      0.064870    0.000000    0.841752 ^ _663_/A1 (sky130_fd_sc_hd__o221a_2)
     1    0.034934    0.198762    0.302935    1.144687 ^ _663_/X (sky130_fd_sc_hd__o221a_2)
                                                         carryOut (net)
                      0.198762    0.000318    1.145005 ^ carryOut (out)
                                              1.145005   data arrival time

                      0.000000    0.000000    0.000000   clock __VIRTUAL_CLK__ (rise edge)
                                  0.000000    0.000000   clock network delay (ideal)
                                  0.250000    0.250000   clock uncertainty
                                  0.000000    0.250000   clock reconvergence pessimism
                                 -0.800000   -0.550000   output external delay
                                             -0.550000   data required time
---------------------------------------------------------------------------------------------
                                             -0.550000   data required time
                                             -1.145005   data arrival time
---------------------------------------------------------------------------------------------
                                              1.695005   slack (MET)


Startpoint: A[8] (input port clocked by __VIRTUAL_CLK__)
Endpoint: S[8] (output port clocked by __VIRTUAL_CLK__)
Path Group: __VIRTUAL_CLK__
Path Type: min

Fanout         Cap        Slew       Delay        Time   Description
---------------------------------------------------------------------------------------------
                      0.000000    0.000000    0.000000   clock __VIRTUAL_CLK__ (rise edge)
                                  0.000000    0.000000   clock network delay (ideal)
                                  0.800000    0.800000 ^ input external delay
     3    0.023973    0.113355    0.074011    0.874011 ^ A[8] (in)
                                                         A[8] (net)
                      0.113355    0.000000    0.874011 ^ _613_/A (sky130_fd_sc_hd__xnor2_2)
     1    0.008699    0.061831    0.132139    1.006150 ^ _613_/Y (sky130_fd_sc_hd__xnor2_2)
                                                         _312_ (net)
                      0.061831    0.000010    1.006160 ^ _614_/B (sky130_fd_sc_hd__xnor2_2)
     1    0.034108    0.155424    0.145592    1.151753 v _614_/Y (sky130_fd_sc_hd__xnor2_2)
                                                         S[8] (net)
                      0.155424    0.000090    1.151842 v S[8] (out)
                                              1.151842   data arrival time

                      0.000000    0.000000    0.000000   clock __VIRTUAL_CLK__ (rise edge)
                                  0.000000    0.000000   clock network delay (ideal)
                                  0.250000    0.250000   clock uncertainty
                                  0.000000    0.250000   clock reconvergence pessimism
                                 -0.800000   -0.550000   output external delay
                                             -0.550000   data required time
---------------------------------------------------------------------------------------------
                                             -0.550000   data required time
                                             -1.151842   data arrival time
---------------------------------------------------------------------------------------------
                                              1.701842   slack (MET)


Startpoint: A[7] (input port clocked by __VIRTUAL_CLK__)
Endpoint: S[7] (output port clocked by __VIRTUAL_CLK__)
Path Group: __VIRTUAL_CLK__
Path Type: min

Fanout         Cap        Slew       Delay        Time   Description
---------------------------------------------------------------------------------------------
                      0.000000    0.000000    0.000000   clock __VIRTUAL_CLK__ (rise edge)
                                  0.000000    0.000000   clock network delay (ideal)
                                  0.800000    0.800000 ^ input external delay
     6    0.022711    0.107756    0.070359    0.870359 ^ A[7] (in)
                                                         A[7] (net)
                      0.107757    0.000000    0.870359 ^ _724_/A (sky130_fd_sc_hd__nand2_2)
     2    0.006859    0.049381    0.062316    0.932676 v _724_/Y (sky130_fd_sc_hd__nand2_2)
                                                         _059_ (net)
                      0.049381    0.000006    0.932682 v _609_/B (sky130_fd_sc_hd__nand2_2)
     1    0.009376    0.059423    0.077822    1.010504 ^ _609_/Y (sky130_fd_sc_hd__nand2_2)
                                                         _309_ (net)
                      0.059423    0.000051    1.010554 ^ _610_/B (sky130_fd_sc_hd__xnor2_2)
     1    0.036879    0.166964    0.152559    1.163113 v _610_/Y (sky130_fd_sc_hd__xnor2_2)
                                                         S[7] (net)
                      0.166969    0.000767    1.163881 v S[7] (out)
                                              1.163881   data arrival time

                      0.000000    0.000000    0.000000   clock __VIRTUAL_CLK__ (rise edge)
                                  0.000000    0.000000   clock network delay (ideal)
                                  0.250000    0.250000   clock uncertainty
                                  0.000000    0.250000   clock reconvergence pessimism
                                 -0.800000   -0.550000   output external delay
                                             -0.550000   data required time
---------------------------------------------------------------------------------------------
                                             -0.550000   data required time
                                             -1.163881   data arrival time
---------------------------------------------------------------------------------------------
                                              1.713881   slack (MET)


Startpoint: A[17] (input port clocked by __VIRTUAL_CLK__)
Endpoint: S[17] (output port clocked by __VIRTUAL_CLK__)
Path Group: __VIRTUAL_CLK__
Path Type: min

Fanout         Cap        Slew       Delay        Time   Description
---------------------------------------------------------------------------------------------
                      0.000000    0.000000    0.000000   clock __VIRTUAL_CLK__ (rise edge)
                                  0.000000    0.000000   clock network delay (ideal)
                                  0.800000    0.800000 ^ input external delay
     5    0.020382    0.097364    0.063411    0.863411 ^ A[17] (in)
                                                         A[17] (net)
                      0.097364    0.000000    0.863411 ^ _375_/B (sky130_fd_sc_hd__xnor2_2)
     3    0.014613    0.086723    0.143286    1.006697 ^ _375_/Y (sky130_fd_sc_hd__xnor2_2)
                                                         _097_ (net)
                      0.086723    0.000059    1.006756 ^ _385_/A (sky130_fd_sc_hd__xor2_2)
     1    0.035292    0.103618    0.157066    1.163822 v _385_/X (sky130_fd_sc_hd__xor2_2)
                                                         S[17] (net)
                      0.103618    0.000260    1.164082 v S[17] (out)
                                              1.164082   data arrival time

                      0.000000    0.000000    0.000000   clock __VIRTUAL_CLK__ (rise edge)
                                  0.000000    0.000000   clock network delay (ideal)
                                  0.250000    0.250000   clock uncertainty
                                  0.000000    0.250000   clock reconvergence pessimism
                                 -0.800000   -0.550000   output external delay
                                             -0.550000   data required time
---------------------------------------------------------------------------------------------
                                             -0.550000   data required time
                                             -1.164082   data arrival time
---------------------------------------------------------------------------------------------
                                              1.714082   slack (MET)


Startpoint: A[3] (input port clocked by __VIRTUAL_CLK__)
Endpoint: S[3] (output port clocked by __VIRTUAL_CLK__)
Path Group: __VIRTUAL_CLK__
Path Type: min

Fanout         Cap        Slew       Delay        Time   Description
---------------------------------------------------------------------------------------------
                      0.000000    0.000000    0.000000   clock __VIRTUAL_CLK__ (rise edge)
                                  0.000000    0.000000   clock network delay (ideal)
                                  0.800000    0.800000 ^ input external delay
     3    0.015499    0.075606    0.048892    0.848892 ^ A[3] (in)
                                                         A[3] (net)
                      0.075606    0.000000    0.848892 ^ _691_/A (sky130_fd_sc_hd__xnor2_2)
     3    0.018415    0.104231    0.154608    1.003499 ^ _691_/Y (sky130_fd_sc_hd__xnor2_2)
                                                         _026_ (net)
                      0.104231    0.000019    1.003518 ^ _584_/A (sky130_fd_sc_hd__xnor2_2)
     1    0.034133    0.155558    0.165279    1.168797 v _584_/Y (sky130_fd_sc_hd__xnor2_2)
                                                         S[3] (net)
                      0.155558    0.000095    1.168893 v S[3] (out)
                                              1.168893   data arrival time

                      0.000000    0.000000    0.000000   clock __VIRTUAL_CLK__ (rise edge)
                                  0.000000    0.000000   clock network delay (ideal)
                                  0.250000    0.250000   clock uncertainty
                                  0.000000    0.250000   clock reconvergence pessimism
                                 -0.800000   -0.550000   output external delay
                                             -0.550000   data required time
---------------------------------------------------------------------------------------------
                                             -0.550000   data required time
                                             -1.168893   data arrival time
---------------------------------------------------------------------------------------------
                                              1.718893   slack (MET)


Startpoint: A[29] (input port clocked by __VIRTUAL_CLK__)
Endpoint: S[29] (output port clocked by __VIRTUAL_CLK__)
Path Group: __VIRTUAL_CLK__
Path Type: min

Fanout         Cap        Slew       Delay        Time   Description
---------------------------------------------------------------------------------------------
                      0.000000    0.000000    0.000000   clock __VIRTUAL_CLK__ (rise edge)
                                  0.000000    0.000000   clock network delay (ideal)
                                  0.800000    0.800000 ^ input external delay
     6    0.026777    0.125858    0.082294    0.882294 ^ A[29] (in)
                                                         A[29] (net)
                      0.125858    0.000000    0.882294 ^ _531_/B (sky130_fd_sc_hd__xnor2_2)
     1    0.017784    0.104678    0.161277    1.043571 ^ _531_/Y (sky130_fd_sc_hd__xnor2_2)
                                                         _241_ (net)
                      0.104678    0.000025    1.043596 ^ _536_/A (sky130_fd_sc_hd__xnor2_4)
     1    0.034831    0.097838    0.128340    1.171936 v _536_/Y (sky130_fd_sc_hd__xnor2_4)
                                                         S[29] (net)
                      0.097838    0.000202    1.172138 v S[29] (out)
                                              1.172138   data arrival time

                      0.000000    0.000000    0.000000   clock __VIRTUAL_CLK__ (rise edge)
                                  0.000000    0.000000   clock network delay (ideal)
                                  0.250000    0.250000   clock uncertainty
                                  0.000000    0.250000   clock reconvergence pessimism
                                 -0.800000   -0.550000   output external delay
                                             -0.550000   data required time
---------------------------------------------------------------------------------------------
                                             -0.550000   data required time
                                             -1.172138   data arrival time
---------------------------------------------------------------------------------------------
                                              1.722138   slack (MET)


Startpoint: A[11] (input port clocked by __VIRTUAL_CLK__)
Endpoint: S[11] (output port clocked by __VIRTUAL_CLK__)
Path Group: __VIRTUAL_CLK__
Path Type: min

Fanout         Cap        Slew       Delay        Time   Description
---------------------------------------------------------------------------------------------
                      0.000000    0.000000    0.000000   clock __VIRTUAL_CLK__ (rise edge)
                                  0.000000    0.000000   clock network delay (ideal)
                                  0.800000    0.800000 ^ input external delay
     4    0.023830    0.112738    0.073641    0.873641 ^ A[11] (in)
                                                         A[11] (net)
                      0.112739    0.000000    0.873641 ^ _628_/A (sky130_fd_sc_hd__xor2_2)
     1    0.008493    0.043820    0.089380    0.963021 v _628_/X (sky130_fd_sc_hd__xor2_2)
                                                         _324_ (net)
                      0.043820    0.000016    0.963038 v _629_/B (sky130_fd_sc_hd__xnor2_2)
     1    0.035068    0.159937    0.209980    1.173018 v _629_/Y (sky130_fd_sc_hd__xnor2_2)
                                                         S[11] (net)
                      0.159937    0.000219    1.173237 v S[11] (out)
                                              1.173237   data arrival time

                      0.000000    0.000000    0.000000   clock __VIRTUAL_CLK__ (rise edge)
                                  0.000000    0.000000   clock network delay (ideal)
                                  0.250000    0.250000   clock uncertainty
                                  0.000000    0.250000   clock reconvergence pessimism
                                 -0.800000   -0.550000   output external delay
                                             -0.550000   data required time
---------------------------------------------------------------------------------------------
                                             -0.550000   data required time
                                             -1.173237   data arrival time
---------------------------------------------------------------------------------------------
                                              1.723237   slack (MET)


Startpoint: A[27] (input port clocked by __VIRTUAL_CLK__)
Endpoint: S[27] (output port clocked by __VIRTUAL_CLK__)
Path Group: __VIRTUAL_CLK__
Path Type: min

Fanout         Cap        Slew       Delay        Time   Description
---------------------------------------------------------------------------------------------
                      0.000000    0.000000    0.000000   clock __VIRTUAL_CLK__ (rise edge)
                                  0.000000    0.000000   clock network delay (ideal)
                                  0.800000    0.800000 ^ input external delay
     5    0.020010    0.095699    0.062294    0.862294 ^ A[27] (in)
                                                         A[27] (net)
                      0.095699    0.000000    0.862294 ^ _501_/B (sky130_fd_sc_hd__xnor2_2)
     3    0.024751    0.134027    0.175661    1.037955 ^ _501_/Y (sky130_fd_sc_hd__xnor2_2)
                                                         _213_ (net)
                      0.134027    0.000091    1.038046 ^ _509_/A (sky130_fd_sc_hd__xnor2_4)
     1    0.035723    0.099252    0.136345    1.174392 v _509_/Y (sky130_fd_sc_hd__xnor2_4)
                                                         S[27] (net)
                      0.099254    0.000320    1.174712 v S[27] (out)
                                              1.174712   data arrival time

                      0.000000    0.000000    0.000000   clock __VIRTUAL_CLK__ (rise edge)
                                  0.000000    0.000000   clock network delay (ideal)
                                  0.250000    0.250000   clock uncertainty
                                  0.000000    0.250000   clock reconvergence pessimism
                                 -0.800000   -0.550000   output external delay
                                             -0.550000   data required time
---------------------------------------------------------------------------------------------
                                             -0.550000   data required time
                                             -1.174712   data arrival time
---------------------------------------------------------------------------------------------
                                              1.724712   slack (MET)


Startpoint: A[21] (input port clocked by __VIRTUAL_CLK__)
Endpoint: S[21] (output port clocked by __VIRTUAL_CLK__)
Path Group: __VIRTUAL_CLK__
Path Type: min

Fanout         Cap        Slew       Delay        Time   Description
---------------------------------------------------------------------------------------------
                      0.000000    0.000000    0.000000   clock __VIRTUAL_CLK__ (rise edge)
                                  0.000000    0.000000   clock network delay (ideal)
                                  0.800000    0.800000 ^ input external delay
     4    0.018510    0.089029    0.057872    0.857872 ^ A[21] (in)
                                                         A[21] (net)
                      0.089029    0.000000    0.857872 ^ _433_/B (sky130_fd_sc_hd__xnor2_2)
     3    0.017104    0.098259    0.149177    1.007049 ^ _433_/Y (sky130_fd_sc_hd__xnor2_2)
                                                         _151_ (net)
                      0.098259    0.000107    1.007156 ^ _439_/A (sky130_fd_sc_hd__xnor2_2)
     1    0.036678    0.166146    0.170866    1.178022 v _439_/Y (sky130_fd_sc_hd__xnor2_2)
                                                         S[21] (net)
                      0.166150    0.000715    1.178737 v S[21] (out)
                                              1.178737   data arrival time

                      0.000000    0.000000    0.000000   clock __VIRTUAL_CLK__ (rise edge)
                                  0.000000    0.000000   clock network delay (ideal)
                                  0.250000    0.250000   clock uncertainty
                                  0.000000    0.250000   clock reconvergence pessimism
                                 -0.800000   -0.550000   output external delay
                                             -0.550000   data required time
---------------------------------------------------------------------------------------------
                                             -0.550000   data required time
                                             -1.178737   data arrival time
---------------------------------------------------------------------------------------------
                                              1.728737   slack (MET)


Startpoint: A[19] (input port clocked by __VIRTUAL_CLK__)
Endpoint: S[19] (output port clocked by __VIRTUAL_CLK__)
Path Group: __VIRTUAL_CLK__
Path Type: min

Fanout         Cap        Slew       Delay        Time   Description
---------------------------------------------------------------------------------------------
                      0.000000    0.000000    0.000000   clock __VIRTUAL_CLK__ (rise edge)
                                  0.000000    0.000000   clock network delay (ideal)
                                  0.800000    0.800000 ^ input external delay
     5    0.022120    0.105105    0.068551    0.868551 ^ A[19] (in)
                                                         A[19] (net)
                      0.105105    0.000000    0.868551 ^ _400_/B (sky130_fd_sc_hd__xnor2_2)
     3    0.016755    0.096669    0.152496    1.021047 ^ _400_/Y (sky130_fd_sc_hd__xnor2_2)
                                                         _120_ (net)
                      0.096669    0.000026    1.021073 ^ _406_/A (sky130_fd_sc_hd__xnor2_2)
     1    0.034724    0.158158    0.164996    1.186069 v _406_/Y (sky130_fd_sc_hd__xnor2_2)
                                                         S[19] (net)
                      0.158159    0.000280    1.186349 v S[19] (out)
                                              1.186349   data arrival time

                      0.000000    0.000000    0.000000   clock __VIRTUAL_CLK__ (rise edge)
                                  0.000000    0.000000   clock network delay (ideal)
                                  0.250000    0.250000   clock uncertainty
                                  0.000000    0.250000   clock reconvergence pessimism
                                 -0.800000   -0.550000   output external delay
                                             -0.550000   data required time
---------------------------------------------------------------------------------------------
                                             -0.550000   data required time
                                             -1.186349   data arrival time
---------------------------------------------------------------------------------------------
                                              1.736349   slack (MET)


Startpoint: A[25] (input port clocked by __VIRTUAL_CLK__)
Endpoint: S[25] (output port clocked by __VIRTUAL_CLK__)
Path Group: __VIRTUAL_CLK__
Path Type: min

Fanout         Cap        Slew       Delay        Time   Description
---------------------------------------------------------------------------------------------
                      0.000000    0.000000    0.000000   clock __VIRTUAL_CLK__ (rise edge)
                                  0.000000    0.000000   clock network delay (ideal)
                                  0.800000    0.800000 ^ input external delay
     5    0.022056    0.104803    0.068335    0.868334 ^ A[25] (in)
                                                         A[25] (net)
                      0.104803    0.000000    0.868334 ^ _480_/B (sky130_fd_sc_hd__xnor2_2)
     3    0.017546    0.100327    0.155010    1.023344 ^ _480_/Y (sky130_fd_sc_hd__xnor2_2)
                                                         _194_ (net)
                      0.100327    0.000061    1.023405 ^ _486_/A (sky130_fd_sc_hd__xnor2_2)
     1    0.034506    0.157146    0.165362    1.188767 v _486_/Y (sky130_fd_sc_hd__xnor2_2)
                                                         S[25] (net)
                      0.157146    0.000146    1.188913 v S[25] (out)
                                              1.188913   data arrival time

                      0.000000    0.000000    0.000000   clock __VIRTUAL_CLK__ (rise edge)
                                  0.000000    0.000000   clock network delay (ideal)
                                  0.250000    0.250000   clock uncertainty
                                  0.000000    0.250000   clock reconvergence pessimism
                                 -0.800000   -0.550000   output external delay
                                             -0.550000   data required time
---------------------------------------------------------------------------------------------
                                             -0.550000   data required time
                                             -1.188913   data arrival time
---------------------------------------------------------------------------------------------
                                              1.738913   slack (MET)


Startpoint: A[8] (input port clocked by __VIRTUAL_CLK__)
Endpoint: S[9] (output port clocked by __VIRTUAL_CLK__)
Path Group: __VIRTUAL_CLK__
Path Type: min

Fanout         Cap        Slew       Delay        Time   Description
---------------------------------------------------------------------------------------------
                      0.000000    0.000000    0.000000   clock __VIRTUAL_CLK__ (rise edge)
                                  0.000000    0.000000   clock network delay (ideal)
                                  0.800000    0.800000 v input external delay
     3    0.022520    0.051433    0.034328    0.834328 v A[8] (in)
                                                         A[8] (net)
                      0.051434    0.000000    0.834328 v _365_/A (sky130_fd_sc_hd__inv_2)
     3    0.010759    0.056517    0.065227    0.899556 ^ _365_/Y (sky130_fd_sc_hd__inv_2)
                                                         _088_ (net)
                      0.056517    0.000018    0.899574 ^ _616_/A1 (sky130_fd_sc_hd__a21oi_2)
     5    0.018952    0.048478    0.082929    0.982503 v _616_/Y (sky130_fd_sc_hd__a21oi_2)
                                                         _314_ (net)
                      0.048479    0.000057    0.982560 v _618_/A (sky130_fd_sc_hd__xnor2_2)
     1    0.034212    0.155884    0.215593    1.198153 v _618_/Y (sky130_fd_sc_hd__xnor2_2)
                                                         S[9] (net)
                      0.155884    0.000113    1.198265 v S[9] (out)
                                              1.198265   data arrival time

                      0.000000    0.000000    0.000000   clock __VIRTUAL_CLK__ (rise edge)
                                  0.000000    0.000000   clock network delay (ideal)
                                  0.250000    0.250000   clock uncertainty
                                  0.000000    0.250000   clock reconvergence pessimism
                                 -0.800000   -0.550000   output external delay
                                             -0.550000   data required time
---------------------------------------------------------------------------------------------
                                             -0.550000   data required time
                                             -1.198265   data arrival time
---------------------------------------------------------------------------------------------
                                              1.748265   slack (MET)


Startpoint: A[23] (input port clocked by __VIRTUAL_CLK__)
Endpoint: S[23] (output port clocked by __VIRTUAL_CLK__)
Path Group: __VIRTUAL_CLK__
Path Type: min

Fanout         Cap        Slew       Delay        Time   Description
---------------------------------------------------------------------------------------------
                      0.000000    0.000000    0.000000   clock __VIRTUAL_CLK__ (rise edge)
                                  0.000000    0.000000   clock network delay (ideal)
                                  0.800000    0.800000 ^ input external delay
     5    0.028780    0.134833    0.088381    0.888381 ^ A[23] (in)
                                                         A[23] (net)
                      0.134835    0.000000    0.888381 ^ _453_/B (sky130_fd_sc_hd__xnor2_2)
     3    0.014186    0.084928    0.150809    1.039190 ^ _453_/Y (sky130_fd_sc_hd__xnor2_2)
                                                         _169_ (net)
                      0.084928    0.000055    1.039245 ^ _461_/A (sky130_fd_sc_hd__xnor2_2)
     1    0.036766    0.166476    0.167753    1.206998 v _461_/Y (sky130_fd_sc_hd__xnor2_2)
                                                         S[23] (net)
                      0.166481    0.000744    1.207742 v S[23] (out)
                                              1.207742   data arrival time

                      0.000000    0.000000    0.000000   clock __VIRTUAL_CLK__ (rise edge)
                                  0.000000    0.000000   clock network delay (ideal)
                                  0.250000    0.250000   clock uncertainty
                                  0.000000    0.250000   clock reconvergence pessimism
                                 -0.800000   -0.550000   output external delay
                                             -0.550000   data required time
---------------------------------------------------------------------------------------------
                                             -0.550000   data required time
                                             -1.207742   data arrival time
---------------------------------------------------------------------------------------------
                                              1.757742   slack (MET)


Startpoint: A[15] (input port clocked by __VIRTUAL_CLK__)
Endpoint: S[15] (output port clocked by __VIRTUAL_CLK__)
Path Group: __VIRTUAL_CLK__
Path Type: min

Fanout         Cap        Slew       Delay        Time   Description
---------------------------------------------------------------------------------------------
                      0.000000    0.000000    0.000000   clock __VIRTUAL_CLK__ (rise edge)
                                  0.000000    0.000000   clock network delay (ideal)
                                  0.800000    0.800000 ^ input external delay
     5    0.025781    0.121471    0.079512    0.879512 ^ A[15] (in)
                                                         A[15] (net)
                      0.121473    0.000000    0.879512 ^ _727_/B (sky130_fd_sc_hd__xnor2_2)
     3    0.018969    0.106909    0.164324    1.043836 ^ _727_/Y (sky130_fd_sc_hd__xnor2_2)
                                                         _062_ (net)
                      0.106909    0.000039    1.043875 ^ _655_/A (sky130_fd_sc_hd__xnor2_2)
     1    0.035046    0.159500    0.168488    1.212363 v _655_/Y (sky130_fd_sc_hd__xnor2_2)
                                                         S[15] (net)
                      0.159501    0.000328    1.212691 v S[15] (out)
                                              1.212691   data arrival time

                      0.000000    0.000000    0.000000   clock __VIRTUAL_CLK__ (rise edge)
                                  0.000000    0.000000   clock network delay (ideal)
                                  0.250000    0.250000   clock uncertainty
                                  0.000000    0.250000   clock reconvergence pessimism
                                 -0.800000   -0.550000   output external delay
                                             -0.550000   data required time
---------------------------------------------------------------------------------------------
                                             -0.550000   data required time
                                             -1.212691   data arrival time
---------------------------------------------------------------------------------------------
                                              1.762691   slack (MET)


Startpoint: B[4] (input port clocked by __VIRTUAL_CLK__)
Endpoint: S[5] (output port clocked by __VIRTUAL_CLK__)
Path Group: __VIRTUAL_CLK__
Path Type: min

Fanout         Cap        Slew       Delay        Time   Description
---------------------------------------------------------------------------------------------
                      0.000000    0.000000    0.000000   clock __VIRTUAL_CLK__ (rise edge)
                                  0.000000    0.000000   clock network delay (ideal)
                                  0.800000    0.800000 v input external delay
     9    0.035775    0.080096    0.054294    0.854293 v B[4] (in)
                                                         B[4] (net)
                      0.080098    0.000000    0.854293 v _590_/A (sky130_fd_sc_hd__nand2_2)
     1    0.002547    0.034369    0.056754    0.911047 ^ _590_/Y (sky130_fd_sc_hd__nand2_2)
                                                         _292_ (net)
                      0.034369    0.000000    0.911048 ^ _593_/A3 (sky130_fd_sc_hd__a31o_2)
     1    0.008680    0.062117    0.159324    1.070372 ^ _593_/X (sky130_fd_sc_hd__a31o_2)
                                                         _295_ (net)
                      0.062117    0.000006    1.070378 ^ _594_/B (sky130_fd_sc_hd__xor2_2)
     1    0.034877    0.102719    0.142281    1.212659 v _594_/X (sky130_fd_sc_hd__xor2_2)
                                                         S[5] (net)
                      0.102719    0.000311    1.212970 v S[5] (out)
                                              1.212970   data arrival time

                      0.000000    0.000000    0.000000   clock __VIRTUAL_CLK__ (rise edge)
                                  0.000000    0.000000   clock network delay (ideal)
                                  0.250000    0.250000   clock uncertainty
                                  0.000000    0.250000   clock reconvergence pessimism
                                 -0.800000   -0.550000   output external delay
                                             -0.550000   data required time
---------------------------------------------------------------------------------------------
                                             -0.550000   data required time
                                             -1.212970   data arrival time
---------------------------------------------------------------------------------------------
                                              1.762970   slack (MET)


Startpoint: A[6] (input port clocked by __VIRTUAL_CLK__)
Endpoint: S[6] (output port clocked by __VIRTUAL_CLK__)
Path Group: __VIRTUAL_CLK__
Path Type: min

Fanout         Cap        Slew       Delay        Time   Description
---------------------------------------------------------------------------------------------
                      0.000000    0.000000    0.000000   clock __VIRTUAL_CLK__ (rise edge)
                                  0.000000    0.000000   clock network delay (ideal)
                                  0.800000    0.800000 v input external delay
     4    0.025329    0.057545    0.038609    0.838609 v A[6] (in)
                                                         A[6] (net)
                      0.057548    0.000000    0.838609 v _722_/A (sky130_fd_sc_hd__inv_2)
     4    0.019846    0.094962    0.094789    0.933397 ^ _722_/Y (sky130_fd_sc_hd__inv_2)
                                                         _057_ (net)
                      0.094962    0.000043    0.933441 ^ _603_/A (sky130_fd_sc_hd__xnor2_2)
     1    0.010374    0.067156    0.132966    1.066407 ^ _603_/Y (sky130_fd_sc_hd__xnor2_2)
                                                         _304_ (net)
                      0.067156    0.000117    1.066524 ^ _604_/B (sky130_fd_sc_hd__xnor2_2)
     1    0.034763    0.158262    0.148679    1.215202 v _604_/Y (sky130_fd_sc_hd__xnor2_2)
                                                         S[6] (net)
                      0.158263    0.000289    1.215491 v S[6] (out)
                                              1.215491   data arrival time

                      0.000000    0.000000    0.000000   clock __VIRTUAL_CLK__ (rise edge)
                                  0.000000    0.000000   clock network delay (ideal)
                                  0.250000    0.250000   clock uncertainty
                                  0.000000    0.250000   clock reconvergence pessimism
                                 -0.800000   -0.550000   output external delay
                                             -0.550000   data required time
---------------------------------------------------------------------------------------------
                                             -0.550000   data required time
                                             -1.215491   data arrival time
---------------------------------------------------------------------------------------------
                                              1.765491   slack (MET)


Startpoint: B[10] (input port clocked by __VIRTUAL_CLK__)
Endpoint: S[10] (output port clocked by __VIRTUAL_CLK__)
Path Group: __VIRTUAL_CLK__
Path Type: min

Fanout         Cap        Slew       Delay        Time   Description
---------------------------------------------------------------------------------------------
                      0.000000    0.000000    0.000000   clock __VIRTUAL_CLK__ (rise edge)
                                  0.000000    0.000000   clock network delay (ideal)
                                  0.800000    0.800000 ^ input external delay
     3    0.026757    0.125782    0.082305    0.882305 ^ B[10] (in)
                                                         B[10] (net)
                      0.125782    0.000000    0.882305 ^ _733_/A (sky130_fd_sc_hd__xor2_4)
     5    0.022161    0.054257    0.108386    0.990691 v _733_/X (sky130_fd_sc_hd__xor2_4)
                                                         _068_ (net)
                      0.054257    0.000127    0.990818 v _625_/A (sky130_fd_sc_hd__xor2_2)
     1    0.034231    0.101139    0.227715    1.218532 v _625_/X (sky130_fd_sc_hd__xor2_2)
                                                         S[10] (net)
                      0.101139    0.000117    1.218649 v S[10] (out)
                                              1.218649   data arrival time

                      0.000000    0.000000    0.000000   clock __VIRTUAL_CLK__ (rise edge)
                                  0.000000    0.000000   clock network delay (ideal)
                                  0.250000    0.250000   clock uncertainty
                                  0.000000    0.250000   clock reconvergence pessimism
                                 -0.800000   -0.550000   output external delay
                                             -0.550000   data required time
---------------------------------------------------------------------------------------------
                                             -0.550000   data required time
                                             -1.218649   data arrival time
---------------------------------------------------------------------------------------------
                                              1.768649   slack (MET)


Startpoint: A[13] (input port clocked by __VIRTUAL_CLK__)
Endpoint: S[13] (output port clocked by __VIRTUAL_CLK__)
Path Group: __VIRTUAL_CLK__
Path Type: min

Fanout         Cap        Slew       Delay        Time   Description
---------------------------------------------------------------------------------------------
                      0.000000    0.000000    0.000000   clock __VIRTUAL_CLK__ (rise edge)
                                  0.000000    0.000000   clock network delay (ideal)
                                  0.800000    0.800000 ^ input external delay
     6    0.028076    0.131674    0.086207    0.886207 ^ A[13] (in)
                                                         A[13] (net)
                      0.131675    0.000000    0.886207 ^ _728_/B (sky130_fd_sc_hd__xnor2_2)
     3    0.019225    0.108172    0.166958    1.053166 ^ _728_/Y (sky130_fd_sc_hd__xnor2_2)
                                                         _063_ (net)
                      0.108172    0.000046    1.053212 ^ _640_/A (sky130_fd_sc_hd__xnor2_2)
     1    0.034681    0.157895    0.167767    1.220979 v _640_/Y (sky130_fd_sc_hd__xnor2_2)
                                                         S[13] (net)
                      0.157895    0.000270    1.221249 v S[13] (out)
                                              1.221249   data arrival time

                      0.000000    0.000000    0.000000   clock __VIRTUAL_CLK__ (rise edge)
                                  0.000000    0.000000   clock network delay (ideal)
                                  0.250000    0.250000   clock uncertainty
                                  0.000000    0.250000   clock reconvergence pessimism
                                 -0.800000   -0.550000   output external delay
                                             -0.550000   data required time
---------------------------------------------------------------------------------------------
                                             -0.550000   data required time
                                             -1.221249   data arrival time
---------------------------------------------------------------------------------------------
                                              1.771249   slack (MET)


Startpoint: A[25] (input port clocked by __VIRTUAL_CLK__)
Endpoint: S[26] (output port clocked by __VIRTUAL_CLK__)
Path Group: __VIRTUAL_CLK__
Path Type: min

Fanout         Cap        Slew       Delay        Time   Description
---------------------------------------------------------------------------------------------
                      0.000000    0.000000    0.000000   clock __VIRTUAL_CLK__ (rise edge)
                                  0.000000    0.000000   clock network delay (ideal)
                                  0.800000    0.800000 ^ input external delay
     5    0.022056    0.104803    0.068321    0.868321 ^ A[25] (in)
                                                         A[25] (net)
                      0.104803    0.000000    0.868321 ^ _492_/B2 (sky130_fd_sc_hd__a22oi_2)
     6    0.019138    0.096149    0.105515    0.973836 v _492_/Y (sky130_fd_sc_hd__a22oi_2)
                                                         _205_ (net)
                      0.096149    0.000143    0.973978 v _497_/A (sky130_fd_sc_hd__nand2_2)
     1    0.009219    0.064834    0.088018    1.061996 ^ _497_/Y (sky130_fd_sc_hd__nand2_2)
                                                         _210_ (net)
                      0.064834    0.000007    1.062003 ^ _500_/A (sky130_fd_sc_hd__xnor2_2)
     1    0.035759    0.162288    0.160010    1.222014 v _500_/Y (sky130_fd_sc_hd__xnor2_2)
                                                         S[26] (net)
                      0.162289    0.000317    1.222331 v S[26] (out)
                                              1.222331   data arrival time

                      0.000000    0.000000    0.000000   clock __VIRTUAL_CLK__ (rise edge)
                                  0.000000    0.000000   clock network delay (ideal)
                                  0.250000    0.250000   clock uncertainty
                                  0.000000    0.250000   clock reconvergence pessimism
                                 -0.800000   -0.550000   output external delay
                                             -0.550000   data required time
---------------------------------------------------------------------------------------------
                                             -0.550000   data required time
                                             -1.222331   data arrival time
---------------------------------------------------------------------------------------------
                                              1.772331   slack (MET)


Startpoint: B[31] (input port clocked by __VIRTUAL_CLK__)
Endpoint: S[31] (output port clocked by __VIRTUAL_CLK__)
Path Group: __VIRTUAL_CLK__
Path Type: min

Fanout         Cap        Slew       Delay        Time   Description
---------------------------------------------------------------------------------------------
                      0.000000    0.000000    0.000000   clock __VIRTUAL_CLK__ (rise edge)
                                  0.000000    0.000000   clock network delay (ideal)
                                  0.800000    0.800000 ^ input external delay
     5    0.014434    0.070878    0.045736    0.845736 ^ B[31] (in)
                                                         B[31] (net)
                      0.070878    0.000000    0.845736 ^ _555_/B (sky130_fd_sc_hd__and2b_2)
     1    0.001592    0.029863    0.122844    0.968580 ^ _555_/X (sky130_fd_sc_hd__and2b_2)
                                                         _263_ (net)
                      0.029863    0.000000    0.968581 ^ _556_/B (sky130_fd_sc_hd__or2_2)
     1    0.009575    0.061625    0.108415    1.076995 ^ _556_/X (sky130_fd_sc_hd__or2_2)
                                                         _264_ (net)
                      0.061625    0.000020    1.077015 ^ _564_/A (sky130_fd_sc_hd__xnor2_2)
     1    0.034714    0.158291    0.156156    1.233172 v _564_/Y (sky130_fd_sc_hd__xnor2_2)
                                                         S[31] (net)
                      0.158292    0.000275    1.233446 v S[31] (out)
                                              1.233446   data arrival time

                      0.000000    0.000000    0.000000   clock __VIRTUAL_CLK__ (rise edge)
                                  0.000000    0.000000   clock network delay (ideal)
                                  0.250000    0.250000   clock uncertainty
                                  0.000000    0.250000   clock reconvergence pessimism
                                 -0.800000   -0.550000   output external delay
                                             -0.550000   data required time
---------------------------------------------------------------------------------------------
                                             -0.550000   data required time
                                             -1.233446   data arrival time
---------------------------------------------------------------------------------------------
                                              1.783446   slack (MET)


Startpoint: A[30] (input port clocked by __VIRTUAL_CLK__)
Endpoint: S[30] (output port clocked by __VIRTUAL_CLK__)
Path Group: __VIRTUAL_CLK__
Path Type: min

Fanout         Cap        Slew       Delay        Time   Description
---------------------------------------------------------------------------------------------
                      0.000000    0.000000    0.000000   clock __VIRTUAL_CLK__ (rise edge)
                                  0.000000    0.000000   clock network delay (ideal)
                                  0.800000    0.800000 v input external delay
     5    0.023070    0.052653    0.035139    0.835139 v A[30] (in)
                                                         A[30] (net)
                      0.052654    0.000000    0.835139 v _551_/B (sky130_fd_sc_hd__xnor2_2)
     1    0.008551    0.061205    0.151635    0.986774 ^ _551_/Y (sky130_fd_sc_hd__xnor2_2)
                                                         _260_ (net)
                      0.061205    0.000005    0.986779 ^ _552_/B (sky130_fd_sc_hd__xnor2_2)
     1    0.008589    0.061141    0.113556    1.100335 ^ _552_/Y (sky130_fd_sc_hd__xnor2_2)
                                                         _261_ (net)
                      0.061141    0.000006    1.100340 ^ _553_/B (sky130_fd_sc_hd__xnor2_2)
     1    0.034814    0.158372    0.147321    1.247661 v _553_/Y (sky130_fd_sc_hd__xnor2_2)
                                                         S[30] (net)
                      0.158372    0.000297    1.247958 v S[30] (out)
                                              1.247958   data arrival time

                      0.000000    0.000000    0.000000   clock __VIRTUAL_CLK__ (rise edge)
                                  0.000000    0.000000   clock network delay (ideal)
                                  0.250000    0.250000   clock uncertainty
                                  0.000000    0.250000   clock reconvergence pessimism
                                 -0.800000   -0.550000   output external delay
                                             -0.550000   data required time
---------------------------------------------------------------------------------------------
                                             -0.550000   data required time
                                             -1.247958   data arrival time
---------------------------------------------------------------------------------------------
                                              1.797958   slack (MET)


Startpoint: A[16] (input port clocked by __VIRTUAL_CLK__)
Endpoint: S[16] (output port clocked by __VIRTUAL_CLK__)
Path Group: __VIRTUAL_CLK__
Path Type: min

Fanout         Cap        Slew       Delay        Time   Description
---------------------------------------------------------------------------------------------
                      0.000000    0.000000    0.000000   clock __VIRTUAL_CLK__ (rise edge)
                                  0.000000    0.000000   clock network delay (ideal)
                                  0.800000    0.800000 ^ input external delay
     4    0.020470    0.097765    0.063707    0.863707 ^ A[16] (in)
                                                         A[16] (net)
                      0.097766    0.000000    0.863707 ^ _372_/B (sky130_fd_sc_hd__xnor2_2)
     3    0.011648    0.065332    0.087649    0.951355 v _372_/Y (sky130_fd_sc_hd__xnor2_2)
                                                         _095_ (net)
                      0.065332    0.000027    0.951382 v _373_/B (sky130_fd_sc_hd__xnor2_2)
     1    0.008563    0.061234    0.156257    1.107639 ^ _373_/Y (sky130_fd_sc_hd__xnor2_2)
                                                         _096_ (net)
                      0.061234    0.000005    1.107644 ^ _374_/B (sky130_fd_sc_hd__xnor2_2)
     1    0.035992    0.163295    0.150571    1.258215 v _374_/Y (sky130_fd_sc_hd__xnor2_2)
                                                         S[16] (net)
                      0.163298    0.000573    1.258789 v S[16] (out)
                                              1.258789   data arrival time

                      0.000000    0.000000    0.000000   clock __VIRTUAL_CLK__ (rise edge)
                                  0.000000    0.000000   clock network delay (ideal)
                                  0.250000    0.250000   clock uncertainty
                                  0.000000    0.250000   clock reconvergence pessimism
                                 -0.800000   -0.550000   output external delay
                                             -0.550000   data required time
---------------------------------------------------------------------------------------------
                                             -0.550000   data required time
                                             -1.258789   data arrival time
---------------------------------------------------------------------------------------------
                                              1.808789   slack (MET)


Startpoint: B[24] (input port clocked by __VIRTUAL_CLK__)
Endpoint: S[24] (output port clocked by __VIRTUAL_CLK__)
Path Group: __VIRTUAL_CLK__
Path Type: min

Fanout         Cap        Slew       Delay        Time   Description
---------------------------------------------------------------------------------------------
                      0.000000    0.000000    0.000000   clock __VIRTUAL_CLK__ (rise edge)
                                  0.000000    0.000000   clock network delay (ideal)
                                  0.800000    0.800000 ^ input external delay
     5    0.020088    0.096045    0.062535    0.862535 ^ B[24] (in)
                                                         B[24] (net)
                      0.096045    0.000000    0.862535 ^ _477_/A (sky130_fd_sc_hd__xnor2_2)
     3    0.014339    0.076679    0.104308    0.966843 v _477_/Y (sky130_fd_sc_hd__xnor2_2)
                                                         _192_ (net)
                      0.076679    0.000034    0.966877 v _478_/B (sky130_fd_sc_hd__xnor2_2)
     1    0.008696    0.062028    0.161391    1.128268 ^ _478_/Y (sky130_fd_sc_hd__xnor2_2)
                                                         _193_ (net)
                      0.062028    0.000011    1.128279 ^ _479_/B (sky130_fd_sc_hd__xnor2_2)
     1    0.036083    0.163628    0.151175    1.279454 v _479_/Y (sky130_fd_sc_hd__xnor2_2)
                                                         S[24] (net)
                      0.163629    0.000370    1.279824 v S[24] (out)
                                              1.279824   data arrival time

                      0.000000    0.000000    0.000000   clock __VIRTUAL_CLK__ (rise edge)
                                  0.000000    0.000000   clock network delay (ideal)
                                  0.250000    0.250000   clock uncertainty
                                  0.000000    0.250000   clock reconvergence pessimism
                                 -0.800000   -0.550000   output external delay
                                             -0.550000   data required time
---------------------------------------------------------------------------------------------
                                             -0.550000   data required time
                                             -1.279824   data arrival time
---------------------------------------------------------------------------------------------
                                              1.829824   slack (MET)


Startpoint: B[28] (input port clocked by __VIRTUAL_CLK__)
Endpoint: S[28] (output port clocked by __VIRTUAL_CLK__)
Path Group: __VIRTUAL_CLK__
Path Type: min

Fanout         Cap        Slew       Delay        Time   Description
---------------------------------------------------------------------------------------------
                      0.000000    0.000000    0.000000   clock __VIRTUAL_CLK__ (rise edge)
                                  0.000000    0.000000   clock network delay (ideal)
                                  0.800000    0.800000 v input external delay
     6    0.020019    0.046056    0.030578    0.830578 v B[28] (in)
                                                         B[28] (net)
                      0.046057    0.000000    0.830578 v _527_/A (sky130_fd_sc_hd__nor2_2)
     1    0.005044    0.084633    0.103793    0.934371 ^ _527_/Y (sky130_fd_sc_hd__nor2_2)
                                                         _238_ (net)
                      0.084633    0.000007    0.934378 ^ _528_/B (sky130_fd_sc_hd__nor2_2)
     1    0.008457    0.033308    0.048826    0.983203 v _528_/Y (sky130_fd_sc_hd__nor2_2)
                                                         _239_ (net)
                      0.033308    0.000016    0.983219 v _529_/B (sky130_fd_sc_hd__xnor2_2)
     1    0.008501    0.061510    0.145083    1.128301 ^ _529_/Y (sky130_fd_sc_hd__xnor2_2)
                                                         _240_ (net)
                      0.061510    0.000002    1.128304 ^ _530_/B (sky130_fd_sc_hd__xnor2_2)
     1    0.036184    0.164095    0.151171    1.279475 v _530_/Y (sky130_fd_sc_hd__xnor2_2)
                                                         S[28] (net)
                      0.164099    0.000608    1.280083 v S[28] (out)
                                              1.280083   data arrival time

                      0.000000    0.000000    0.000000   clock __VIRTUAL_CLK__ (rise edge)
                                  0.000000    0.000000   clock network delay (ideal)
                                  0.250000    0.250000   clock uncertainty
                                  0.000000    0.250000   clock reconvergence pessimism
                                 -0.800000   -0.550000   output external delay
                                             -0.550000   data required time
---------------------------------------------------------------------------------------------
                                             -0.550000   data required time
                                             -1.280083   data arrival time
---------------------------------------------------------------------------------------------
                                              1.830083   slack (MET)


Startpoint: B[2] (input port clocked by __VIRTUAL_CLK__)
Endpoint: S[2] (output port clocked by __VIRTUAL_CLK__)
Path Group: __VIRTUAL_CLK__
Path Type: min

Fanout         Cap        Slew       Delay        Time   Description
---------------------------------------------------------------------------------------------
                      0.000000    0.000000    0.000000   clock __VIRTUAL_CLK__ (rise edge)
                                  0.000000    0.000000   clock network delay (ideal)
                                  0.800000    0.800000 ^ input external delay
     6    0.020308    0.097029    0.063190    0.863190 ^ B[2] (in)
                                                         B[2] (net)
                      0.097030    0.000000    0.863190 ^ _692_/A (sky130_fd_sc_hd__xnor2_2)
     3    0.016058    0.083518    0.109834    0.973024 v _692_/Y (sky130_fd_sc_hd__xnor2_2)
                                                         _027_ (net)
                      0.083518    0.000049    0.973072 v _577_/B (sky130_fd_sc_hd__xnor2_2)
     1    0.008487    0.061131    0.162177    1.135249 ^ _577_/Y (sky130_fd_sc_hd__xnor2_2)
                                                         _282_ (net)
                      0.061131    0.000002    1.135252 ^ _578_/B (sky130_fd_sc_hd__xnor2_2)
     1    0.034160    0.155630    0.145561    1.280813 v _578_/Y (sky130_fd_sc_hd__xnor2_2)
                                                         S[2] (net)
                      0.155630    0.000101    1.280914 v S[2] (out)
                                              1.280914   data arrival time

                      0.000000    0.000000    0.000000   clock __VIRTUAL_CLK__ (rise edge)
                                  0.000000    0.000000   clock network delay (ideal)
                                  0.250000    0.250000   clock uncertainty
                                  0.000000    0.250000   clock reconvergence pessimism
                                 -0.800000   -0.550000   output external delay
                                             -0.550000   data required time
---------------------------------------------------------------------------------------------
                                             -0.550000   data required time
                                             -1.280914   data arrival time
---------------------------------------------------------------------------------------------
                                              1.830914   slack (MET)


Startpoint: B[18] (input port clocked by __VIRTUAL_CLK__)
Endpoint: S[18] (output port clocked by __VIRTUAL_CLK__)
Path Group: __VIRTUAL_CLK__
Path Type: min

Fanout         Cap        Slew       Delay        Time   Description
---------------------------------------------------------------------------------------------
                      0.000000    0.000000    0.000000   clock __VIRTUAL_CLK__ (rise edge)
                                  0.000000    0.000000   clock network delay (ideal)
                                  0.800000    0.800000 ^ input external delay
     5    0.022590    0.107210    0.069970    0.869970 ^ B[18] (in)
                                                         B[18] (net)
                      0.107210    0.000000    0.869970 ^ _397_/A (sky130_fd_sc_hd__xnor2_2)
     3    0.014764    0.078390    0.108340    0.978309 v _397_/Y (sky130_fd_sc_hd__xnor2_2)
                                                         _118_ (net)
                      0.078390    0.000084    0.978394 v _398_/B (sky130_fd_sc_hd__xnor2_2)
     1    0.008644    0.061789    0.161590    1.139984 ^ _398_/Y (sky130_fd_sc_hd__xnor2_2)
                                                         _119_ (net)
                      0.061789    0.000010    1.139994 ^ _399_/B (sky130_fd_sc_hd__xnor2_2)
     1    0.035574    0.161558    0.149563    1.289557 v _399_/Y (sky130_fd_sc_hd__xnor2_2)
                                                         S[18] (net)
                      0.161560    0.000477    1.290033 v S[18] (out)
                                              1.290033   data arrival time

                      0.000000    0.000000    0.000000   clock __VIRTUAL_CLK__ (rise edge)
                                  0.000000    0.000000   clock network delay (ideal)
                                  0.250000    0.250000   clock uncertainty
                                  0.000000    0.250000   clock reconvergence pessimism
                                 -0.800000   -0.550000   output external delay
                                             -0.550000   data required time
---------------------------------------------------------------------------------------------
                                             -0.550000   data required time
                                             -1.290033   data arrival time
---------------------------------------------------------------------------------------------
                                              1.840033   slack (MET)


Startpoint: B[22] (input port clocked by __VIRTUAL_CLK__)
Endpoint: S[22] (output port clocked by __VIRTUAL_CLK__)
Path Group: __VIRTUAL_CLK__
Path Type: min

Fanout         Cap        Slew       Delay        Time   Description
---------------------------------------------------------------------------------------------
                      0.000000    0.000000    0.000000   clock __VIRTUAL_CLK__ (rise edge)
                                  0.000000    0.000000   clock network delay (ideal)
                                  0.800000    0.800000 ^ input external delay
     5    0.026629    0.125277    0.082104    0.882104 ^ B[22] (in)
                                                         B[22] (net)
                      0.125282    0.000000    0.882104 ^ _450_/B (sky130_fd_sc_hd__xnor2_2)
     3    0.012164    0.070403    0.095385    0.977489 v _450_/Y (sky130_fd_sc_hd__xnor2_2)
                                                         _167_ (net)
                      0.070403    0.000017    0.977506 v _451_/B (sky130_fd_sc_hd__xnor2_2)
     1    0.008841    0.060359    0.160302    1.137807 ^ _451_/Y (sky130_fd_sc_hd__xnor2_2)
                                                         _168_ (net)
                      0.060359    0.000022    1.137829 ^ _452_/B (sky130_fd_sc_hd__xnor2_2)
     1    0.036965    0.167336    0.153034    1.290863 v _452_/Y (sky130_fd_sc_hd__xnor2_2)
                                                         S[22] (net)
                      0.167342    0.000781    1.291644 v S[22] (out)
                                              1.291644   data arrival time

                      0.000000    0.000000    0.000000   clock __VIRTUAL_CLK__ (rise edge)
                                  0.000000    0.000000   clock network delay (ideal)
                                  0.250000    0.250000   clock uncertainty
                                  0.000000    0.250000   clock reconvergence pessimism
                                 -0.800000   -0.550000   output external delay
                                             -0.550000   data required time
---------------------------------------------------------------------------------------------
                                             -0.550000   data required time
                                             -1.291644   data arrival time
---------------------------------------------------------------------------------------------
                                              1.841644   slack (MET)


Startpoint: A[4] (input port clocked by __VIRTUAL_CLK__)
Endpoint: S[4] (output port clocked by __VIRTUAL_CLK__)
Path Group: __VIRTUAL_CLK__
Path Type: min

Fanout         Cap        Slew       Delay        Time   Description
---------------------------------------------------------------------------------------------
                      0.000000    0.000000    0.000000   clock __VIRTUAL_CLK__ (rise edge)
                                  0.000000    0.000000   clock network delay (ideal)
                                  0.800000    0.800000 ^ input external delay
     7    0.026986    0.126849    0.083073    0.883073 ^ A[4] (in)
                                                         A[4] (net)
                      0.126851    0.000000    0.883073 ^ _703_/B (sky130_fd_sc_hd__xnor2_2)
     3    0.013976    0.077521    0.101389    0.984462 v _703_/Y (sky130_fd_sc_hd__xnor2_2)
                                                         _038_ (net)
                      0.077521    0.000009    0.984472 v _586_/B (sky130_fd_sc_hd__xnor2_2)
     1    0.008701    0.062047    0.161740    1.146211 ^ _586_/Y (sky130_fd_sc_hd__xnor2_2)
                                                         _289_ (net)
                      0.062047    0.000013    1.146224 ^ _587_/B (sky130_fd_sc_hd__xnor2_2)
     1    0.035631    0.161796    0.149788    1.296012 v _587_/Y (sky130_fd_sc_hd__xnor2_2)
                                                         S[4] (net)
                      0.161798    0.000482    1.296494 v S[4] (out)
                                              1.296494   data arrival time

                      0.000000    0.000000    0.000000   clock __VIRTUAL_CLK__ (rise edge)
                                  0.000000    0.000000   clock network delay (ideal)
                                  0.250000    0.250000   clock uncertainty
                                  0.000000    0.250000   clock reconvergence pessimism
                                 -0.800000   -0.550000   output external delay
                                             -0.550000   data required time
---------------------------------------------------------------------------------------------
                                             -0.550000   data required time
                                             -1.296494   data arrival time
---------------------------------------------------------------------------------------------
                                              1.846494   slack (MET)


Startpoint: A[14] (input port clocked by __VIRTUAL_CLK__)
Endpoint: S[14] (output port clocked by __VIRTUAL_CLK__)
Path Group: __VIRTUAL_CLK__
Path Type: min

Fanout         Cap        Slew       Delay        Time   Description
---------------------------------------------------------------------------------------------
                      0.000000    0.000000    0.000000   clock __VIRTUAL_CLK__ (rise edge)
                                  0.000000    0.000000   clock network delay (ideal)
                                  0.800000    0.800000 v input external delay
     7    0.036105    0.080829    0.054952    0.854952 v A[14] (in)
                                                         A[14] (net)
                      0.080835    0.000000    0.854952 v _726_/B (sky130_fd_sc_hd__xnor2_4)
     3    0.015867    0.064359    0.178846    1.033798 ^ _726_/Y (sky130_fd_sc_hd__xnor2_4)
                                                         _061_ (net)
                      0.064359    0.000036    1.033834 ^ _648_/B (sky130_fd_sc_hd__xnor2_2)
     1    0.010025    0.065498    0.119099    1.152932 ^ _648_/Y (sky130_fd_sc_hd__xnor2_2)
                                                         _341_ (net)
                      0.065498    0.000093    1.153025 ^ _649_/B (sky130_fd_sc_hd__xnor2_2)
     1    0.034735    0.158117    0.148193    1.301218 v _649_/Y (sky130_fd_sc_hd__xnor2_2)
                                                         S[14] (net)
                      0.158118    0.000277    1.301496 v S[14] (out)
                                              1.301496   data arrival time

                      0.000000    0.000000    0.000000   clock __VIRTUAL_CLK__ (rise edge)
                                  0.000000    0.000000   clock network delay (ideal)
                                  0.250000    0.250000   clock uncertainty
                                  0.000000    0.250000   clock reconvergence pessimism
                                 -0.800000   -0.550000   output external delay
                                             -0.550000   data required time
---------------------------------------------------------------------------------------------
                                             -0.550000   data required time
                                             -1.301496   data arrival time
---------------------------------------------------------------------------------------------
                                              1.851496   slack (MET)


Startpoint: A[12] (input port clocked by __VIRTUAL_CLK__)
Endpoint: S[12] (output port clocked by __VIRTUAL_CLK__)
Path Group: __VIRTUAL_CLK__
Path Type: min

Fanout         Cap        Slew       Delay        Time   Description
---------------------------------------------------------------------------------------------
                      0.000000    0.000000    0.000000   clock __VIRTUAL_CLK__ (rise edge)
                                  0.000000    0.000000   clock network delay (ideal)
                                  0.800000    0.800000 ^ input external delay
     7    0.028816    0.135010    0.088517    0.888517 ^ A[12] (in)
                                                         A[12] (net)
                      0.135012    0.000000    0.888517 ^ _729_/B (sky130_fd_sc_hd__xnor2_2)
     3    0.015447    0.081120    0.107581    0.996098 v _729_/Y (sky130_fd_sc_hd__xnor2_2)
                                                         _064_ (net)
                      0.081120    0.000046    0.996143 v _632_/B (sky130_fd_sc_hd__xnor2_2)
     1    0.008796    0.062550    0.163785    1.159929 ^ _632_/Y (sky130_fd_sc_hd__xnor2_2)
                                                         _327_ (net)
                      0.062550    0.000013    1.159942 ^ _633_/B (sky130_fd_sc_hd__xnor2_2)
     1    0.036204    0.164199    0.151481    1.311422 v _633_/Y (sky130_fd_sc_hd__xnor2_2)
                                                         S[12] (net)
                      0.164202    0.000622    1.312044 v S[12] (out)
                                              1.312044   data arrival time

                      0.000000    0.000000    0.000000   clock __VIRTUAL_CLK__ (rise edge)
                                  0.000000    0.000000   clock network delay (ideal)
                                  0.250000    0.250000   clock uncertainty
                                  0.000000    0.250000   clock reconvergence pessimism
                                 -0.800000   -0.550000   output external delay
                                             -0.550000   data required time
---------------------------------------------------------------------------------------------
                                             -0.550000   data required time
                                             -1.312044   data arrival time
---------------------------------------------------------------------------------------------
                                              1.862044   slack (MET)


Startpoint: B[20] (input port clocked by __VIRTUAL_CLK__)
Endpoint: S[20] (output port clocked by __VIRTUAL_CLK__)
Path Group: __VIRTUAL_CLK__
Path Type: min

Fanout         Cap        Slew       Delay        Time   Description
---------------------------------------------------------------------------------------------
                      0.000000    0.000000    0.000000   clock __VIRTUAL_CLK__ (rise edge)
                                  0.000000    0.000000   clock network delay (ideal)
                                  0.800000    0.800000 ^ input external delay
     5    0.016541    0.080263    0.052056    0.852056 ^ B[20] (in)
                                                         B[20] (net)
                      0.080265    0.000000    0.852056 ^ _429_/A (sky130_fd_sc_hd__or2b_2)
     2    0.003376    0.030388    0.103050    0.955106 ^ _429_/X (sky130_fd_sc_hd__or2b_2)
                                                         _148_ (net)
                      0.030388    0.000003    0.955109 ^ _430_/B (sky130_fd_sc_hd__and2_2)
     2    0.013980    0.086100    0.160977    1.116086 ^ _430_/X (sky130_fd_sc_hd__and2_2)
                                                         _149_ (net)
                      0.086100    0.000032    1.116118 ^ _431_/B (sky130_fd_sc_hd__xnor2_2)
     1    0.008566    0.061348    0.120304    1.236422 ^ _431_/Y (sky130_fd_sc_hd__xnor2_2)
                                                         _150_ (net)
                      0.061348    0.000007    1.236429 ^ _432_/B (sky130_fd_sc_hd__xnor2_2)
     1    0.036876    0.166982    0.153028    1.389457 v _432_/Y (sky130_fd_sc_hd__xnor2_2)
                                                         S[20] (net)
                      0.166987    0.000771    1.390228 v S[20] (out)
                                              1.390228   data arrival time

                      0.000000    0.000000    0.000000   clock __VIRTUAL_CLK__ (rise edge)
                                  0.000000    0.000000   clock network delay (ideal)
                                  0.250000    0.250000   clock uncertainty
                                  0.000000    0.250000   clock reconvergence pessimism
                                 -0.800000   -0.550000   output external delay
                                             -0.550000   data required time
---------------------------------------------------------------------------------------------
                                             -0.550000   data required time
                                             -1.390228   data arrival time
---------------------------------------------------------------------------------------------
                                              1.940228   slack (MET)



