Reading timing models for corner max_tt_025C_1v80…
Reading timing library for the 'max_tt_025C_1v80' corner at '/home/admin/.ciel/ciel/sky130/versions/8afc8346a57fe1ab7934ba5a6056ea8b43078e71/sky130A/libs.ref/sky130_fd_sc_hd/lib/sky130_fd_sc_hd__tt_025C_1v80.lib'…
Reading timing models for corner min_ss_100C_1v60…
Reading timing library for the 'min_ss_100C_1v60' corner at '/home/admin/.ciel/ciel/sky130/versions/8afc8346a57fe1ab7934ba5a6056ea8b43078e71/sky130A/libs.ref/sky130_fd_sc_hd/lib/sky130_fd_sc_hd__ss_100C_1v60.lib'…
Reading timing models for corner nom_tt_025C_1v80…
Reading timing library for the 'nom_tt_025C_1v80' corner at '/home/admin/.ciel/ciel/sky130/versions/8afc8346a57fe1ab7934ba5a6056ea8b43078e71/sky130A/libs.ref/sky130_fd_sc_hd/lib/sky130_fd_sc_hd__tt_025C_1v80.lib'…
[WARNING STA-1140] /home/admin/.ciel/ciel/sky130/versions/8afc8346a57fe1ab7934ba5a6056ea8b43078e71/sky130A/libs.ref/sky130_fd_sc_hd/lib/sky130_fd_sc_hd__tt_025C_1v80.lib line 1, library sky130_fd_sc_hd__tt_025C_1v80 already exists.
Reading timing models for corner max_ff_n40C_1v95…
Reading timing library for the 'max_ff_n40C_1v95' corner at '/home/admin/.ciel/ciel/sky130/versions/8afc8346a57fe1ab7934ba5a6056ea8b43078e71/sky130A/libs.ref/sky130_fd_sc_hd/lib/sky130_fd_sc_hd__ff_n40C_1v95.lib'…
Reading timing models for corner nom_ff_n40C_1v95…
Reading timing library for the 'nom_ff_n40C_1v95' corner at '/home/admin/.ciel/ciel/sky130/versions/8afc8346a57fe1ab7934ba5a6056ea8b43078e71/sky130A/libs.ref/sky130_fd_sc_hd/lib/sky130_fd_sc_hd__ff_n40C_1v95.lib'…
[WARNING STA-1140] /home/admin/.ciel/ciel/sky130/versions/8afc8346a57fe1ab7934ba5a6056ea8b43078e71/sky130A/libs.ref/sky130_fd_sc_hd/lib/sky130_fd_sc_hd__ff_n40C_1v95.lib line 1, library sky130_fd_sc_hd__ff_n40C_1v95 already exists.
Reading timing models for corner max_ss_100C_1v60…
Reading timing library for the 'max_ss_100C_1v60' corner at '/home/admin/.ciel/ciel/sky130/versions/8afc8346a57fe1ab7934ba5a6056ea8b43078e71/sky130A/libs.ref/sky130_fd_sc_hd/lib/sky130_fd_sc_hd__ss_100C_1v60.lib'…
[WARNING STA-1140] /home/admin/.ciel/ciel/sky130/versions/8afc8346a57fe1ab7934ba5a6056ea8b43078e71/sky130A/libs.ref/sky130_fd_sc_hd/lib/sky130_fd_sc_hd__ss_100C_1v60.lib line 1, library sky130_fd_sc_hd__ss_100C_1v60 already exists.
Reading timing models for corner min_tt_025C_1v80…
Reading timing library for the 'min_tt_025C_1v80' corner at '/home/admin/.ciel/ciel/sky130/versions/8afc8346a57fe1ab7934ba5a6056ea8b43078e71/sky130A/libs.ref/sky130_fd_sc_hd/lib/sky130_fd_sc_hd__tt_025C_1v80.lib'…
[WARNING STA-1140] /home/admin/.ciel/ciel/sky130/versions/8afc8346a57fe1ab7934ba5a6056ea8b43078e71/sky130A/libs.ref/sky130_fd_sc_hd/lib/sky130_fd_sc_hd__tt_025C_1v80.lib line 1, library sky130_fd_sc_hd__tt_025C_1v80 already exists.
Reading timing models for corner nom_ss_100C_1v60…
Reading timing library for the 'nom_ss_100C_1v60' corner at '/home/admin/.ciel/ciel/sky130/versions/8afc8346a57fe1ab7934ba5a6056ea8b43078e71/sky130A/libs.ref/sky130_fd_sc_hd/lib/sky130_fd_sc_hd__ss_100C_1v60.lib'…
[WARNING STA-1140] /home/admin/.ciel/ciel/sky130/versions/8afc8346a57fe1ab7934ba5a6056ea8b43078e71/sky130A/libs.ref/sky130_fd_sc_hd/lib/sky130_fd_sc_hd__ss_100C_1v60.lib line 1, library sky130_fd_sc_hd__ss_100C_1v60 already exists.
Reading timing models for corner min_ff_n40C_1v95…
Reading timing library for the 'min_ff_n40C_1v95' corner at '/home/admin/.ciel/ciel/sky130/versions/8afc8346a57fe1ab7934ba5a6056ea8b43078e71/sky130A/libs.ref/sky130_fd_sc_hd/lib/sky130_fd_sc_hd__ff_n40C_1v95.lib'…
[WARNING STA-1140] /home/admin/.ciel/ciel/sky130/versions/8afc8346a57fe1ab7934ba5a6056ea8b43078e71/sky130A/libs.ref/sky130_fd_sc_hd/lib/sky130_fd_sc_hd__ff_n40C_1v95.lib line 1, library sky130_fd_sc_hd__ff_n40C_1v95 already exists.
Reading OpenROAD database at '/home/admin/Documents/Projekty/Hobby/Nauka/RISC-5/.v/DDCA/code/exercises/ALUDesignIverilog/ALU/systemIverilog/build/runs/RUN_2026-09-29_09-24-00/34-openroad-detailedplacement/addsub32.odb'…
Reading design constraints file at '/nix/store/33pw6r3szpqrlxwi0ri36rfq68whzq26-python3-3.13.9-env/lib/python3.13/site-packages/librelane/scripts/base.sdc'…
[WARNING STA-0366] port '__VIRTUAL_CLK__' not found.
[INFO] Using clock __VIRTUAL_CLK__…
[INFO] Setting output delay to: 0.8
[INFO] Setting input delay to: 0.8
[WARNING STA-0366] port '__VIRTUAL_CLK__' not found.
[INFO] Setting load to: 0.033442
[INFO] Setting clock uncertainty to: 0.25
[INFO] Setting clock transition to: 0.1499999999999999944488848768742172978818416595458984375
[WARNING STA-0419] transition time can not be specified for virtual clocks.
[INFO] Setting timing derate to: 5.0%
[WARNING STA-0450] virtual clock __VIRTUAL_CLK__ can not be propagated.
[WARNING STA-0450] virtual clock __VIRTUAL_CLK__ can not be propagated.
+ repair_timing -verbose -setup -setup_margin 0.05000000000000000277555756156289135105907917022705078125 -max_buffer_percent 50.0
[INFO RSZ-0100] Repair move sequence: UnbufferMove SizeUpMove SwapPinsMove BufferMove CloneMove SplitLoadMove 
[INFO RSZ-0094] Found 32 endpoints with setup violations.
[INFO RSZ-0099] Repairing 32 out of 32 (100.00%) violating endpoints...
   Iter   | Removed | Resized | Inserted | Cloned |  Pin  |   Area   |    WNS   |   TNS      |  Viol  | Worst
          | Buffers |  Gates  | Buffers  |  Gates | Swaps |          |          |            | Endpts | Endpt
--------------------------------------------------------------------------------------------------------------
        0 |       0 |       0 |        0 |      0 |     0 |    +0.0% |   -8.504 |     -229.2 |     32 | S[31]
       10 |       0 |       9 |        0 |      0 |     0 |    +0.4% |   -8.150 |     -219.4 |     32 | S[31]
       20 |       1 |      18 |        0 |      0 |     0 |    -0.4% |   -7.225 |     -194.6 |     32 | S[27]
       30 |       1 |      28 |        0 |      0 |     0 |    -0.5% |   -6.975 |     -193.2 |     32 | S[30]
       40 |       1 |      38 |        0 |      0 |     0 |    -0.6% |   -6.339 |     -174.0 |     32 | S[31]
       50 |       1 |      48 |        0 |      0 |     0 |    -0.3% |   -5.817 |     -158.7 |     32 | S[31]
       60 |       1 |      58 |        0 |      0 |     0 |    +0.5% |   -5.640 |     -153.9 |     32 | S[31]
       70 |       1 |      67 |        2 |      0 |     0 |    +1.1% |   -5.527 |     -150.6 |     32 | S[31]
       80 |       1 |      76 |        2 |      0 |     1 |    +1.5% |   -5.371 |     -143.4 |     32 | carryOut
       90 |       1 |      85 |        2 |      0 |     2 |    +2.5% |   -5.179 |     -140.2 |     32 | S[31]
      100 |       1 |      94 |        2 |      0 |     3 |    +2.5% |   -4.893 |     -131.3 |     32 | S[31]
      110 |       1 |     103 |        2 |      0 |     4 |    +3.5% |   -4.854 |     -129.9 |     32 | S[31]
      120 |       1 |     108 |        5 |      0 |     6 |    +5.0% |   -4.757 |     -127.7 |     32 | S[31]
      130 |       1 |     113 |        7 |      0 |     9 |    +5.7% |   -4.752 |     -125.3 |     32 | S[31]
      140 |       1 |     118 |       11 |      0 |    11 |    +6.8% |   -4.651 |     -122.5 |     32 | S[31]
      140 |       1 |     118 |       10 |      0 |    10 |    +6.7% |   -4.615 |     -122.8 |     32 | S[31]
      144 |       1 |     119 |       11 |      0 |    11 |    +6.9% |   -4.600 |     -122.4 |     32 | S[31]
      148 |       1 |     119 |       11 |      0 |    11 |    +6.9% |   -4.600 |     -122.4 |     32 | S[31]
      150 |       1 |     120 |       11 |      0 |    11 |    +6.9% |   -4.600 |     -122.4 |     32 | S[31]
      160 |       1 |     126 |       12 |      0 |    14 |    +7.8% |   -4.609 |     -122.4 |     32 | S[31]
      160 |       1 |     122 |       11 |      0 |    11 |    +7.0% |   -4.600 |     -122.4 |     32 | S[31]
      170 |       1 |     130 |       11 |      0 |    12 |    +7.3% |   -4.604 |     -120.4 |     32 | S[31]
      174 |       1 |     129 |       11 |      0 |    12 |    +7.3% |   -4.600 |     -121.1 |     32 | S[31]
      180 |       1 |     134 |       11 |      0 |    12 |    +7.2% |   -4.600 |     -120.8 |     32 | S[31]
      190 |       1 |     139 |       12 |      0 |    16 |    +8.2% |   -4.600 |     -119.1 |     32 | S[31]
      200 |       1 |     143 |       14 |      0 |    20 |    +8.6% |   -4.600 |     -117.9 |     32 | S[31]
      210 |       1 |     146 |       19 |      0 |    22 |   +10.0% |   -4.603 |     -117.6 |     32 | S[31]
      220 |       1 |     152 |       22 |      0 |    23 |   +10.7% |   -4.590 |     -119.0 |     32 | S[31]
      223 |       1 |     150 |       21 |      0 |    23 |   +10.4% |   -4.590 |     -117.3 |     32 | S[31]
      230 |       1 |     156 |       21 |      0 |    23 |   +10.3% |   -4.590 |     -116.8 |     32 | S[31]
      240 |       1 |     162 |       23 |      0 |    25 |   +11.2% |   -4.601 |     -117.0 |     32 | S[31]
      242 |       1 |     159 |       21 |      0 |    23 |   +10.6% |   -4.590 |     -116.8 |     32 | S[31]
      250 |       1 |     166 |       21 |      0 |    23 |   +10.6% |   -4.590 |     -116.4 |     32 | S[31]
      256 |       1 |     166 |       21 |      0 |    23 |   +10.6% |   -4.590 |     -116.4 |     32 | S[31]
      260 |       1 |     169 |       21 |      0 |    23 |   +10.6% |   -4.590 |     -116.0 |     32 | S[31]
      270 |       1 |     177 |       21 |      0 |    25 |   +11.1% |   -4.601 |     -115.8 |     32 | S[31]
      274 |       1 |     175 |       21 |      0 |    23 |   +11.0% |   -4.590 |     -115.8 |     32 | S[31]
      280 |       1 |     180 |       21 |      0 |    23 |   +11.0% |   -4.590 |     -114.9 |     32 | S[31]
      290 |       1 |     187 |       23 |      0 |    24 |   +11.7% |   -4.594 |     -113.2 |     32 | S[31]
      297 |       1 |     184 |       21 |      0 |    24 |   +11.2% |   -4.590 |     -114.6 |     32 | S[31]
      300 |       1 |     186 |       21 |      0 |    24 |   +11.2% |   -4.590 |     -114.5 |     32 | S[31]
      310 |       1 |     195 |       23 |      0 |    24 |   +11.7% |   -4.594 |     -112.9 |     32 | S[31]
      316 |       1 |     191 |       21 |      0 |    24 |   +11.1% |   -4.590 |     -114.1 |     32 | S[31]
      320 |       1 |     194 |       21 |      0 |    24 |   +11.2% |   -4.590 |     -113.7 |     32 | S[31]
      330 |       1 |     202 |       24 |      0 |    24 |   +12.0% |   -4.594 |     -112.4 |     32 | S[31]
      332 |       1 |     198 |       21 |      0 |    24 |   +11.1% |   -4.590 |     -113.5 |     32 | S[31]
      340 |       1 |     205 |       21 |      0 |    24 |   +11.0% |   -4.590 |     -113.0 |     32 | S[31]
      348 |       1 |     206 |       21 |      0 |    24 |   +11.1% |   -4.590 |     -112.9 |     32 | S[31]
      350 |       1 |     207 |       21 |      0 |    24 |   +11.2% |   -4.590 |     -112.9 |     32 | S[31]
      360 |       1 |     216 |       22 |      0 |    24 |   +11.5% |   -4.601 |     -112.9 |     32 | S[31]
      362 |       1 |     212 |       21 |      0 |    24 |   +11.0% |   -4.590 |     -112.5 |     32 | S[31]
      370 |       1 |     219 |       21 |      0 |    24 |   +11.0% |   -4.590 |     -112.0 |     32 | S[31]
      379 |       1 |     220 |       21 |      0 |    24 |   +11.1% |   -4.590 |     -111.9 |     32 | S[31]
      380 |       1 |     220 |       21 |      0 |    24 |   +11.1% |   -4.590 |     -111.9 |     32 | S[31]
      390 |       1 |     230 |       21 |      0 |    24 |   +11.3% |   -4.599 |     -111.4 |     32 | S[31]
      391 |       1 |     227 |       21 |      0 |    24 |   +11.0% |   -4.590 |     -111.5 |     32 | S[31]
      400 |       1 |     235 |       21 |      0 |    24 |   +11.0% |   -4.590 |     -110.9 |     32 | S[31]
      406 |       1 |     235 |       21 |      0 |    24 |   +11.0% |   -4.590 |     -110.9 |     32 | S[31]
      410 |       1 |     238 |       21 |      0 |    24 |   +11.1% |   -4.590 |     -110.6 |     32 | S[31]
      420 |       1 |     246 |       23 |      0 |    25 |   +11.6% |   -4.594 |     -109.8 |     32 | S[31]
      424 |       1 |     241 |       21 |      0 |    24 |   +11.0% |   -4.590 |     -110.4 |     32 | S[31]
      430 |       1 |     246 |       21 |      0 |    24 |   +10.8% |   -4.590 |     -109.9 |     32 | S[31]
      440 |       1 |     252 |       25 |      0 |    26 |   +12.0% |   -4.591 |     -110.1 |     32 | S[31]
      440 |       1 |     245 |       21 |      0 |    24 |   +10.8% |   -4.590 |     -109.9 |     32 | S[31]
      450 |       1 |     254 |       21 |      0 |    24 |   +11.0% |   -4.590 |     -109.4 |     32 | S[31]
      460 |       1 |     260 |       24 |      0 |    25 |   +12.1% |   -4.594 |     -109.7 |     32 | S[31]
      463 |       1 |     254 |       21 |      0 |    24 |   +11.0% |   -4.590 |     -109.4 |     32 | S[31]
      470 |       1 |     260 |       21 |      0 |    24 |   +10.9% |   -4.590 |     -108.9 |     32 | S[31]
      479 |       1 |     263 |       21 |      0 |    24 |   +11.2% |   -4.590 |     -108.9 |     32 | S[31]
      480 |       1 |     263 |       21 |      0 |    24 |   +11.2% |   -4.590 |     -108.9 |     32 | S[31]
      490 |       1 |     272 |       22 |      0 |    24 |   +11.5% |   -4.594 |     -107.0 |     32 | S[31]
      494 |       1 |     267 |       21 |      0 |    24 |   +11.1% |   -4.590 |     -108.5 |     32 | S[31]
      500 |       1 |     272 |       21 |      0 |    24 |   +11.0% |   -4.590 |     -108.0 |     32 | S[31]
      510 |       1 |     279 |       22 |      0 |    26 |   +11.7% |   -4.594 |     -107.5 |     32 | S[31]
      514 |       1 |     276 |       21 |      0 |    24 |   +11.4% |   -4.590 |     -108.0 |     32 | S[31]
      520 |       1 |     281 |       21 |      0 |    24 |   +11.2% |   -4.590 |     -107.5 |     32 | S[31]
      530 |       1 |     290 |       22 |      0 |    24 |   +12.2% |   -4.591 |     -107.4 |     32 | S[31]
      540 |       1 |     294 |       26 |      0 |    26 |   +13.2% |   -4.591 |     -111.0 |     32 | S[31]
      542 |       1 |     287 |       21 |      0 |    24 |   +11.8% |   -4.590 |     -107.2 |     32 | S[31]
      550 |       1 |     294 |       21 |      0 |    24 |   +11.7% |   -4.590 |     -106.6 |     32 | S[31]
      560 |       1 |     300 |       23 |      0 |    26 |   +12.8% |   -4.594 |     -108.0 |     32 | S[31]
      567 |       1 |     296 |       21 |      0 |    24 |   +12.1% |   -4.590 |     -106.6 |     32 | S[31]
      570 |       1 |     298 |       21 |      0 |    24 |   +12.0% |   -4.590 |     -106.5 |     32 | S[31]
      580 |       1 |     307 |       22 |      0 |    24 |   +12.4% |   -4.594 |     -105.7 |     32 | S[31]
      586 |       1 |     302 |       21 |      0 |    24 |   +12.0% |   -4.590 |     -106.2 |     32 | S[31]
      590 |       1 |     305 |       21 |      0 |    24 |   +12.1% |   -4.590 |     -105.9 |     32 | S[31]
      600 |       1 |     314 |       22 |      0 |    24 |   +12.5% |   -4.594 |     -105.6 |     32 | S[31]
      610 |       1 |     320 |       26 |      0 |    24 |   +14.0% |   -4.594 |     -106.3 |     32 | S[31]
      615 |       1 |     310 |       21 |      0 |    24 |   +12.0% |   -4.590 |     -105.6 |     32 | S[31]
      620 |       1 |     314 |       21 |      0 |    24 |   +11.9% |   -4.590 |     -105.2 |     32 | S[31]
      630 |       1 |     322 |       23 |      0 |    24 |   +12.7% |   -4.591 |     -105.8 |     32 | S[31]
      640 |       1 |     328 |       27 |      0 |    24 |   +14.1% |   -4.591 |     -109.9 |     32 | S[31]
      641 |       1 |     318 |       21 |      0 |    24 |   +12.1% |   -4.590 |     -105.1 |     32 | S[31]
      650 |       1 |     326 |       21 |      0 |    24 |   +12.1% |   -4.590 |     -104.6 |     32 | S[31]
      660 |       1 |     332 |       25 |      0 |    24 |   +13.5% |   -4.594 |     -107.4 |     32 | S[31]
      670 |       1 |     338 |       29 |      0 |    24 |   +14.7% |   -4.594 |     -109.4 |     32 | S[31]
      671 |       1 |     326 |       21 |      0 |    24 |   +12.1% |   -4.590 |     -104.6 |     32 | S[31]
      680 |       1 |     334 |       21 |      0 |    24 |   +12.1% |   -4.590 |     -104.0 |     32 | S[31]
      690 |       1 |     340 |       25 |      0 |    24 |   +13.6% |   -4.590 |     -105.7 |     32 | S[31]
      700 |       1 |     345 |       30 |      0 |    24 |   +15.2% |   -4.590 |     -107.6 |     32 | S[31]
      710 |       1 |     350 |       34 |      0 |    25 |   +16.5% |   -4.591 |     -109.0 |     32 | S[31]
      713 |       1 |     336 |       21 |      0 |    24 |   +12.3% |   -4.590 |     -104.2 |     32 | S[31]
      720 |       1 |     342 |       21 |      0 |    24 |   +12.2% |   -4.590 |     -103.7 |     32 | S[31]
      730 |       1 |     348 |       24 |      0 |    25 |   +13.5% |   -4.590 |     -104.7 |     32 | S[31]
      740 |       1 |     353 |       29 |      0 |    25 |   +15.1% |   -4.590 |     -106.6 |     32 | S[31]
      750 |       1 |     358 |       34 |      0 |    25 |   +16.7% |   -4.590 |     -108.5 |     32 | S[31]
      760 |       1 |     364 |       37 |      0 |    26 |   +17.9% |   -4.597 |     -109.4 |     32 | S[31]
      760 |       1 |     345 |       21 |      0 |    24 |   +12.6% |   -4.590 |     -103.6 |     32 | S[31]
      770 |       1 |     354 |       21 |      0 |    24 |   +12.6% |   -4.590 |     -102.8 |     32 | S[31]
      780 |       1 |     361 |       23 |      0 |    25 |   +13.6% |   -4.600 |     -103.4 |     32 | S[31]
      790 |       1 |     367 |       27 |      0 |    25 |   +14.9% |   -4.596 |     -104.9 |     32 | S[31]
      800 |       1 |     373 |       31 |      0 |    25 |   +16.3% |   -4.596 |     -105.7 |     32 | S[31]
      810 |       1 |     378 |       36 |      0 |    25 |   +17.9% |   -4.596 |     -106.6 |     32 | S[31]
      820 |       1 |     383 |       41 |      0 |    25 |   +19.5% |   -4.596 |     -107.6 |     32 | S[31]
      820 |       1 |     355 |       21 |      0 |    24 |   +12.7% |   -4.590 |     -102.8 |     32 | S[31]
     820* |       1 |     355 |       21 |      0 |    24 |   +12.7% |   -4.590 |     -102.8 |     32 | S[31]
     821* |       1 |     355 |       21 |      0 |    24 |   +12.7% |   -4.590 |     -102.8 |     32 | S[31]
     822* |       1 |     355 |       21 |      0 |    24 |   +12.7% |   -4.590 |     -102.8 |     32 | S[31]
     823* |       1 |     355 |       21 |      0 |    24 |   +12.7% |   -4.590 |     -102.8 |     32 | S[31]
     824* |       1 |     355 |       21 |      0 |    24 |   +12.7% |   -4.590 |     -102.8 |     32 | S[31]
     825* |       1 |     355 |       21 |      0 |    24 |   +12.7% |   -4.590 |     -102.8 |     32 | S[31]
     826* |       1 |     355 |       21 |      0 |    24 |   +12.7% |   -4.590 |     -102.8 |     32 | S[31]
     827* |       1 |     355 |       21 |      0 |    24 |   +12.7% |   -4.590 |     -102.8 |     32 | S[31]
     828* |       1 |     355 |       21 |      0 |    24 |   +12.7% |   -4.590 |     -102.8 |     32 | S[31]
     829* |       1 |     355 |       21 |      0 |    24 |   +12.7% |   -4.590 |     -102.8 |     32 | S[31]
     830* |       1 |     355 |       21 |      0 |    24 |   +12.7% |   -4.590 |     -102.8 |     32 | S[31]
     830* |       1 |     355 |       21 |      0 |    24 |   +12.7% |   -4.590 |     -102.8 |     32 | S[31]
     831* |       1 |     355 |       21 |      0 |    24 |   +12.7% |   -4.590 |     -102.8 |     32 | S[31]
     832* |       1 |     355 |       21 |      0 |    24 |   +12.7% |   -4.590 |     -102.8 |     32 | S[31]
     833* |       1 |     355 |       21 |      0 |    24 |   +12.7% |   -4.590 |     -102.8 |     32 | S[31]
     834* |       1 |     355 |       21 |      0 |    24 |   +12.7% |   -4.590 |     -102.8 |     32 | S[31]
     835* |       1 |     355 |       21 |      0 |    24 |   +12.7% |   -4.590 |     -102.8 |     32 | S[31]
     836* |       1 |     355 |       21 |      0 |    24 |   +12.7% |   -4.590 |     -102.8 |     32 | S[31]
     837* |       1 |     355 |       21 |      0 |    24 |   +12.7% |   -4.590 |     -102.8 |     32 | S[31]
     838* |       1 |     355 |       21 |      0 |    24 |   +12.7% |   -4.590 |     -102.8 |     32 | S[31]
     839* |       1 |     355 |       21 |      0 |    24 |   +12.7% |   -4.590 |     -102.8 |     32 | S[31]
     840* |       1 |     355 |       21 |      0 |    24 |   +12.7% |   -4.590 |     -102.8 |     32 | S[31]
     840* |       1 |     355 |       21 |      0 |    24 |   +12.7% |   -4.590 |     -102.8 |     32 | S[31]
     841* |       1 |     355 |       21 |      0 |    24 |   +12.7% |   -4.590 |     -102.8 |     32 | S[31]
     842* |       1 |     355 |       21 |      0 |    24 |   +12.7% |   -4.590 |     -102.8 |     32 | S[31]
     843* |       1 |     355 |       21 |      0 |    24 |   +12.7% |   -4.590 |     -102.8 |     32 | S[31]
     844* |       1 |     355 |       21 |      0 |    24 |   +12.7% |   -4.590 |     -102.8 |     32 | S[31]
     845* |       1 |     355 |       21 |      0 |    24 |   +12.7% |   -4.590 |     -102.8 |     32 | S[31]
     846* |       1 |     355 |       21 |      0 |    24 |   +12.7% |   -4.590 |     -102.8 |     32 | S[31]
     847* |       1 |     355 |       21 |      0 |    24 |   +12.7% |   -4.590 |     -102.8 |     32 | S[31]
     848* |       1 |     355 |       21 |      0 |    24 |   +12.7% |   -4.590 |     -102.8 |     32 | S[31]
     849* |       1 |     355 |       21 |      0 |    24 |   +12.7% |   -4.590 |     -102.8 |     32 | S[31]
     850* |       1 |     355 |       21 |      0 |    24 |   +12.7% |   -4.590 |     -102.8 |     32 | S[31]
     850* |       1 |     355 |       21 |      0 |    24 |   +12.7% |   -4.590 |     -102.8 |     32 | S[31]
     851* |       1 |     355 |       21 |      0 |    24 |   +12.7% |   -4.590 |     -102.8 |     32 | S[31]
     852* |       1 |     355 |       21 |      0 |    24 |   +12.7% |   -4.590 |     -102.8 |     32 | S[31]
    final |       1 |     355 |       21 |      0 |    24 |   +12.7% |   -4.590 |     -102.8 |     32 | S[31]
--------------------------------------------------------------------------------------------------------------
[INFO RSZ-0059] Removed 1 buffers.
[INFO RSZ-0040] Inserted 21 buffers.
[INFO RSZ-0051] Resized 355 instances: 355 up, 0 up match, 0 down, 0 VT
[INFO RSZ-0043] Swapped pins on 24 instances.
[WARNING RSZ-0062] Unable to repair all setup violations.
+ repair_timing -verbose -hold -setup_margin 0.05000000000000000277555756156289135105907917022705078125 -hold_margin 0.1000000000000000055511151231257827021181583404541015625 -max_buffer_percent 50.0
[INFO RSZ-0033] No hold violations found.
+ detailed_placement -max_displacement  500 100 
Placement Analysis
---------------------------------
total displacement        638.9 u
average displacement        1.3 u
max displacement           23.8 u
original HPWL            5860.5 u
legalized HPWL           6759.8 u
delta HPWL                   15 %

[INFO DPL-0020] Mirrored 147 instances
[INFO DPL-0021] HPWL before            6759.8 u
[INFO DPL-0022] HPWL after             6454.0 u
[INFO DPL-0023] HPWL delta               -4.5 %
Setting global connections for newly added cells…
[INFO] Setting global connections...
[INFO ODB-0403] 84 connections made, 0 conflicts skipped.
Updating metrics…
Cell type report:                       Count       Area
  Fill cell                                56     210.20
  Tap cell                                 75      93.84
  Timing Repair Buffer                    129    1223.67
  Inverter                                  1       3.75
  Multi-Input combinational cell          240    2760.15
  Total                                   501    4291.62
Writing OpenROAD database to '/home/admin/Documents/Projekty/Hobby/Nauka/RISC-5/.v/DDCA/code/exercises/ALUDesignIverilog/ALU/systemIverilog/build/runs/RUN_2026-09-29_09-24-00/36-openroad-resizertimingpostcts/addsub32.odb'…
Writing netlist to '/home/admin/Documents/Projekty/Hobby/Nauka/RISC-5/.v/DDCA/code/exercises/ALUDesignIverilog/ALU/systemIverilog/build/runs/RUN_2026-09-29_09-24-00/36-openroad-resizertimingpostcts/addsub32.nl.v'…
Writing powered netlist to '/home/admin/Documents/Projekty/Hobby/Nauka/RISC-5/.v/DDCA/code/exercises/ALUDesignIverilog/ALU/systemIverilog/build/runs/RUN_2026-09-29_09-24-00/36-openroad-resizertimingpostcts/addsub32.pnl.v'…
Writing layout to '/home/admin/Documents/Projekty/Hobby/Nauka/RISC-5/.v/DDCA/code/exercises/ALUDesignIverilog/ALU/systemIverilog/build/runs/RUN_2026-09-29_09-24-00/36-openroad-resizertimingpostcts/addsub32.def'…
Writing timing constraints to '/home/admin/Documents/Projekty/Hobby/Nauka/RISC-5/.v/DDCA/code/exercises/ALUDesignIverilog/ALU/systemIverilog/build/runs/RUN_2026-09-29_09-24-00/36-openroad-resizertimingpostcts/addsub32.sdc'…
