
===========================================================================
report_checks -path_delay min (Hold)
============================================================================
======================= nom_ff_n40C_1v95 Corner ===================================

Startpoint: A[31] (input port clocked by __VIRTUAL_CLK__)
Endpoint: carryOut (output port clocked by __VIRTUAL_CLK__)
Path Group: __VIRTUAL_CLK__
Path Type: min

Fanout         Cap        Slew       Delay        Time   Description
---------------------------------------------------------------------------------------------
                      0.000000    0.000000    0.000000   clock __VIRTUAL_CLK__ (rise edge)
                                  0.000000    0.000000   clock network delay (ideal)
                                  2.000000    2.000000 v input external delay
     2    0.005826    0.009633    0.004897    2.004897 v A[31] (in)
                                                         A[31] (net)
                      0.009633    0.000000    2.004897 v _333_/A (sky130_fd_sc_hd__nand2_2)
     2    0.009208    0.044243    0.039566    2.044463 ^ _333_/Y (sky130_fd_sc_hd__nand2_2)
                                                         _188_ (net)
                      0.044243    0.000000    2.044463 ^ _369_/B1 (sky130_fd_sc_hd__o21ai_2)
     1    0.033442    0.072287    0.065324    2.109787 v _369_/Y (sky130_fd_sc_hd__o21ai_2)
                                                         carryOut (net)
                      0.072287    0.000000    2.109787 v carryOut (out)
                                              2.109787   data arrival time

                      0.000000    0.000000    0.000000   clock __VIRTUAL_CLK__ (rise edge)
                                  0.000000    0.000000   clock network delay (ideal)
                                  0.250000    0.250000   clock uncertainty
                                  0.000000    0.250000   clock reconvergence pessimism
                                 -2.000000   -1.750000   output external delay
                                             -1.750000   data required time
---------------------------------------------------------------------------------------------
                                             -1.750000   data required time
                                             -2.109787   data arrival time
---------------------------------------------------------------------------------------------
                                              3.859786   slack (MET)


Startpoint: B[0] (input port clocked by __VIRTUAL_CLK__)
Endpoint: S[0] (output port clocked by __VIRTUAL_CLK__)
Path Group: __VIRTUAL_CLK__
Path Type: min

Fanout         Cap        Slew       Delay        Time   Description
---------------------------------------------------------------------------------------------
                      0.000000    0.000000    0.000000   clock __VIRTUAL_CLK__ (rise edge)
                                  0.000000    0.000000   clock network delay (ideal)
                                  2.000000    2.000000 ^ input external delay
     3    0.020504    0.074771    0.047400    2.047400 ^ B[0] (in)
                                                         B[0] (net)
                      0.074771    0.000000    2.047400 ^ _337_/B (sky130_fd_sc_hd__xor2_2)
     1    0.033442    0.071961    0.093921    2.141321 v _337_/X (sky130_fd_sc_hd__xor2_2)
                                                         S[0] (net)
                      0.071961    0.000000    2.141321 v S[0] (out)
                                              2.141321   data arrival time

                      0.000000    0.000000    0.000000   clock __VIRTUAL_CLK__ (rise edge)
                                  0.000000    0.000000   clock network delay (ideal)
                                  0.250000    0.250000   clock uncertainty
                                  0.000000    0.250000   clock reconvergence pessimism
                                 -2.000000   -1.750000   output external delay
                                             -1.750000   data required time
---------------------------------------------------------------------------------------------
                                             -1.750000   data required time
                                             -2.141321   data arrival time
---------------------------------------------------------------------------------------------
                                              3.891321   slack (MET)


Startpoint: A[24] (input port clocked by __VIRTUAL_CLK__)
Endpoint: S[25] (output port clocked by __VIRTUAL_CLK__)
Path Group: __VIRTUAL_CLK__
Path Type: min

Fanout         Cap        Slew       Delay        Time   Description
---------------------------------------------------------------------------------------------
                      0.000000    0.000000    0.000000   clock __VIRTUAL_CLK__ (rise edge)
                                  0.000000    0.000000   clock network delay (ideal)
                                  2.000000    2.000000 ^ input external delay
     2    0.006250    0.026715    0.015153    2.015153 ^ A[24] (in)
                                                         A[24] (net)
                      0.026715    0.000000    2.015153 ^ _274_/A (sky130_fd_sc_hd__nand2_2)
     3    0.010861    0.033922    0.033762    2.048914 v _274_/Y (sky130_fd_sc_hd__nand2_2)
                                                         _136_ (net)
                      0.033922    0.000000    2.048914 v _289_/A (sky130_fd_sc_hd__nand2_2)
     1    0.008395    0.041947    0.046212    2.095126 ^ _289_/Y (sky130_fd_sc_hd__nand2_2)
                                                         _150_ (net)
                      0.041947    0.000000    2.095126 ^ _290_/B (sky130_fd_sc_hd__xnor2_2)
     1    0.033442    0.099943    0.089439    2.184565 v _290_/Y (sky130_fd_sc_hd__xnor2_2)
                                                         S[25] (net)
                      0.099943    0.000000    2.184565 v S[25] (out)
                                              2.184565   data arrival time

                      0.000000    0.000000    0.000000   clock __VIRTUAL_CLK__ (rise edge)
                                  0.000000    0.000000   clock network delay (ideal)
                                  0.250000    0.250000   clock uncertainty
                                  0.000000    0.250000   clock reconvergence pessimism
                                 -2.000000   -1.750000   output external delay
                                             -1.750000   data required time
---------------------------------------------------------------------------------------------
                                             -1.750000   data required time
                                             -2.184565   data arrival time
---------------------------------------------------------------------------------------------
                                              3.934565   slack (MET)


Startpoint: A[12] (input port clocked by __VIRTUAL_CLK__)
Endpoint: S[13] (output port clocked by __VIRTUAL_CLK__)
Path Group: __VIRTUAL_CLK__
Path Type: min

Fanout         Cap        Slew       Delay        Time   Description
---------------------------------------------------------------------------------------------
                      0.000000    0.000000    0.000000   clock __VIRTUAL_CLK__ (rise edge)
                                  0.000000    0.000000   clock network delay (ideal)
                                  2.000000    2.000000 ^ input external delay
     2    0.006250    0.026715    0.015153    2.015153 ^ A[12] (in)
                                                         A[12] (net)
                      0.026715    0.000000    2.015153 ^ _432_/A (sky130_fd_sc_hd__nand2_2)
     3    0.010871    0.033945    0.033779    2.048932 v _432_/Y (sky130_fd_sc_hd__nand2_2)
                                                         _061_ (net)
                      0.033945    0.000000    2.048932 v _362_/B1 (sky130_fd_sc_hd__o21ai_2)
     1    0.008395    0.043894    0.047357    2.096289 ^ _362_/Y (sky130_fd_sc_hd__o21ai_2)
                                                         _203_ (net)
                      0.043894    0.000000    2.096289 ^ _363_/B (sky130_fd_sc_hd__xnor2_2)
     1    0.033442    0.099955    0.089819    2.186108 v _363_/Y (sky130_fd_sc_hd__xnor2_2)
                                                         S[13] (net)
                      0.099955    0.000000    2.186108 v S[13] (out)
                                              2.186108   data arrival time

                      0.000000    0.000000    0.000000   clock __VIRTUAL_CLK__ (rise edge)
                                  0.000000    0.000000   clock network delay (ideal)
                                  0.250000    0.250000   clock uncertainty
                                  0.000000    0.250000   clock reconvergence pessimism
                                 -2.000000   -1.750000   output external delay
                                             -1.750000   data required time
---------------------------------------------------------------------------------------------
                                             -1.750000   data required time
                                             -2.186108   data arrival time
---------------------------------------------------------------------------------------------
                                              3.936108   slack (MET)


Startpoint: A[16] (input port clocked by __VIRTUAL_CLK__)
Endpoint: S[17] (output port clocked by __VIRTUAL_CLK__)
Path Group: __VIRTUAL_CLK__
Path Type: min

Fanout         Cap        Slew       Delay        Time   Description
---------------------------------------------------------------------------------------------
                      0.000000    0.000000    0.000000   clock __VIRTUAL_CLK__ (rise edge)
                                  0.000000    0.000000   clock network delay (ideal)
                                  2.000000    2.000000 ^ input external delay
     3    0.008746    0.035197    0.020894    2.020894 ^ A[16] (in)
                                                         A[16] (net)
                      0.035197    0.000000    2.020894 ^ _216_/A (sky130_fd_sc_hd__nand2_2)
     2    0.008587    0.030151    0.031456    2.052350 v _216_/Y (sky130_fd_sc_hd__nand2_2)
                                                         _086_ (net)
                      0.030151    0.000000    2.052350 v _222_/B1 (sky130_fd_sc_hd__o21ai_2)
     1    0.008395    0.043699    0.045893    2.098243 ^ _222_/Y (sky130_fd_sc_hd__o21ai_2)
                                                         _091_ (net)
                      0.043699    0.000000    2.098243 ^ _223_/B (sky130_fd_sc_hd__xnor2_2)
     1    0.033442    0.099953    0.089781    2.188025 v _223_/Y (sky130_fd_sc_hd__xnor2_2)
                                                         S[17] (net)
                      0.099953    0.000000    2.188025 v S[17] (out)
                                              2.188025   data arrival time

                      0.000000    0.000000    0.000000   clock __VIRTUAL_CLK__ (rise edge)
                                  0.000000    0.000000   clock network delay (ideal)
                                  0.250000    0.250000   clock uncertainty
                                  0.000000    0.250000   clock reconvergence pessimism
                                 -2.000000   -1.750000   output external delay
                                             -1.750000   data required time
---------------------------------------------------------------------------------------------
                                             -1.750000   data required time
                                             -2.188025   data arrival time
---------------------------------------------------------------------------------------------
                                              3.938024   slack (MET)


Startpoint: A[2] (input port clocked by __VIRTUAL_CLK__)
Endpoint: S[3] (output port clocked by __VIRTUAL_CLK__)
Path Group: __VIRTUAL_CLK__
Path Type: min

Fanout         Cap        Slew       Delay        Time   Description
---------------------------------------------------------------------------------------------
                      0.000000    0.000000    0.000000   clock __VIRTUAL_CLK__ (rise edge)
                                  0.000000    0.000000   clock network delay (ideal)
                                  2.000000    2.000000 ^ input external delay
     2    0.006315    0.026936    0.015302    2.015302 ^ A[2] (in)
                                                         A[2] (net)
                      0.026936    0.000000    2.015302 ^ _420_/B1 (sky130_fd_sc_hd__a21oi_2)
     3    0.007815    0.017507    0.021503    2.036805 v _420_/Y (sky130_fd_sc_hd__a21oi_2)
                                                         _049_ (net)
                      0.017507    0.000000    2.036805 v _342_/B1 (sky130_fd_sc_hd__a21oi_2)
     1    0.008395    0.070528    0.058893    2.095699 ^ _342_/Y (sky130_fd_sc_hd__a21oi_2)
                                                         _193_ (net)
                      0.070528    0.000000    2.095699 ^ _343_/B (sky130_fd_sc_hd__xnor2_2)
     1    0.033442    0.101061    0.094571    2.190270 v _343_/Y (sky130_fd_sc_hd__xnor2_2)
                                                         S[3] (net)
                      0.101061    0.000000    2.190270 v S[3] (out)
                                              2.190270   data arrival time

                      0.000000    0.000000    0.000000   clock __VIRTUAL_CLK__ (rise edge)
                                  0.000000    0.000000   clock network delay (ideal)
                                  0.250000    0.250000   clock uncertainty
                                  0.000000    0.250000   clock reconvergence pessimism
                                 -2.000000   -1.750000   output external delay
                                             -1.750000   data required time
---------------------------------------------------------------------------------------------
                                             -1.750000   data required time
                                             -2.190270   data arrival time
---------------------------------------------------------------------------------------------
                                              3.940270   slack (MET)


Startpoint: A[10] (input port clocked by __VIRTUAL_CLK__)
Endpoint: S[11] (output port clocked by __VIRTUAL_CLK__)
Path Group: __VIRTUAL_CLK__
Path Type: min

Fanout         Cap        Slew       Delay        Time   Description
---------------------------------------------------------------------------------------------
                      0.000000    0.000000    0.000000   clock __VIRTUAL_CLK__ (rise edge)
                                  0.000000    0.000000   clock network delay (ideal)
                                  2.000000    2.000000 ^ input external delay
     3    0.016054    0.059944    0.037580    2.037580 ^ A[10] (in)
                                                         A[10] (net)
                      0.059944    0.000000    2.037580 ^ _373_/A (sky130_fd_sc_hd__nand2_2)
     1    0.004267    0.025840    0.026537    2.064117 v _373_/Y (sky130_fd_sc_hd__nand2_2)
                                                         _002_ (net)
                      0.025840    0.000000    2.064117 v _359_/B1 (sky130_fd_sc_hd__o21ai_2)
     1    0.008395    0.043478    0.044229    2.108346 ^ _359_/Y (sky130_fd_sc_hd__o21ai_2)
                                                         _202_ (net)
                      0.043478    0.000000    2.108346 ^ _360_/B (sky130_fd_sc_hd__xnor2_2)
     1    0.033442    0.099952    0.089738    2.198084 v _360_/Y (sky130_fd_sc_hd__xnor2_2)
                                                         S[11] (net)
                      0.099952    0.000000    2.198084 v S[11] (out)
                                              2.198084   data arrival time

                      0.000000    0.000000    0.000000   clock __VIRTUAL_CLK__ (rise edge)
                                  0.000000    0.000000   clock network delay (ideal)
                                  0.250000    0.250000   clock uncertainty
                                  0.000000    0.250000   clock reconvergence pessimism
                                 -2.000000   -1.750000   output external delay
                                             -1.750000   data required time
---------------------------------------------------------------------------------------------
                                             -1.750000   data required time
                                             -2.198084   data arrival time
---------------------------------------------------------------------------------------------
                                              3.948084   slack (MET)


Startpoint: A[8] (input port clocked by __VIRTUAL_CLK__)
Endpoint: S[9] (output port clocked by __VIRTUAL_CLK__)
Path Group: __VIRTUAL_CLK__
Path Type: min

Fanout         Cap        Slew       Delay        Time   Description
---------------------------------------------------------------------------------------------
                      0.000000    0.000000    0.000000   clock __VIRTUAL_CLK__ (rise edge)
                                  0.000000    0.000000   clock network delay (ideal)
                                  2.000000    2.000000 ^ input external delay
     2    0.013558    0.051550    0.031963    2.031963 ^ A[8] (in)
                                                         A[8] (net)
                      0.051550    0.000000    2.031963 ^ _376_/A (sky130_fd_sc_hd__nand2_2)
     3    0.009002    0.033697    0.035435    2.067397 v _376_/Y (sky130_fd_sc_hd__nand2_2)
                                                         _005_ (net)
                      0.033697    0.000000    2.067397 v _355_/A (sky130_fd_sc_hd__nand2_2)
     1    0.008395    0.041933    0.046123    2.113521 ^ _355_/Y (sky130_fd_sc_hd__nand2_2)
                                                         _200_ (net)
                      0.041933    0.000000    2.113521 ^ _356_/B (sky130_fd_sc_hd__xnor2_2)
     1    0.033442    0.099943    0.089436    2.202957 v _356_/Y (sky130_fd_sc_hd__xnor2_2)
                                                         S[9] (net)
                      0.099943    0.000000    2.202957 v S[9] (out)
                                              2.202957   data arrival time

                      0.000000    0.000000    0.000000   clock __VIRTUAL_CLK__ (rise edge)
                                  0.000000    0.000000   clock network delay (ideal)
                                  0.250000    0.250000   clock uncertainty
                                  0.000000    0.250000   clock reconvergence pessimism
                                 -2.000000   -1.750000   output external delay
                                             -1.750000   data required time
---------------------------------------------------------------------------------------------
                                             -1.750000   data required time
                                             -2.202957   data arrival time
---------------------------------------------------------------------------------------------
                                              3.952957   slack (MET)


Startpoint: A[31] (input port clocked by __VIRTUAL_CLK__)
Endpoint: S[31] (output port clocked by __VIRTUAL_CLK__)
Path Group: __VIRTUAL_CLK__
Path Type: min

Fanout         Cap        Slew       Delay        Time   Description
---------------------------------------------------------------------------------------------
                      0.000000    0.000000    0.000000   clock __VIRTUAL_CLK__ (rise edge)
                                  0.000000    0.000000   clock network delay (ideal)
                                  2.000000    2.000000 ^ input external delay
     2    0.006250    0.026715    0.015153    2.015153 ^ A[31] (in)
                                                         A[31] (net)
                      0.026715    0.000000    2.015153 ^ _333_/A (sky130_fd_sc_hd__nand2_2)
     2    0.008490    0.028513    0.029638    2.044791 v _333_/Y (sky130_fd_sc_hd__nand2_2)
                                                         _188_ (net)
                      0.028513    0.000000    2.044791 v _334_/B (sky130_fd_sc_hd__nand2_2)
     2    0.014424    0.063836    0.065568    2.110358 ^ _334_/Y (sky130_fd_sc_hd__nand2_2)
                                                         _189_ (net)
                      0.063836    0.000000    2.110358 ^ _336_/A (sky130_fd_sc_hd__xor2_2)
     1    0.033442    0.071955    0.095962    2.206321 v _336_/X (sky130_fd_sc_hd__xor2_2)
                                                         S[31] (net)
                      0.071955    0.000000    2.206321 v S[31] (out)
                                              2.206321   data arrival time

                      0.000000    0.000000    0.000000   clock __VIRTUAL_CLK__ (rise edge)
                                  0.000000    0.000000   clock network delay (ideal)
                                  0.250000    0.250000   clock uncertainty
                                  0.000000    0.250000   clock reconvergence pessimism
                                 -2.000000   -1.750000   output external delay
                                             -1.750000   data required time
---------------------------------------------------------------------------------------------
                                             -1.750000   data required time
                                             -2.206321   data arrival time
---------------------------------------------------------------------------------------------
                                              3.956321   slack (MET)


Startpoint: A[5] (input port clocked by __VIRTUAL_CLK__)
Endpoint: S[6] (output port clocked by __VIRTUAL_CLK__)
Path Group: __VIRTUAL_CLK__
Path Type: min

Fanout         Cap        Slew       Delay        Time   Description
---------------------------------------------------------------------------------------------
                      0.000000    0.000000    0.000000   clock __VIRTUAL_CLK__ (rise edge)
                                  0.000000    0.000000   clock network delay (ideal)
                                  2.000000    2.000000 v input external delay
     4    0.018990    0.030548    0.018873    2.018873 v A[5] (in)
                                                         A[5] (net)
                      0.030548    0.000000    2.018873 v _391_/A (sky130_fd_sc_hd__nand2_2)
     1    0.004594    0.027770    0.035204    2.054077 ^ _391_/Y (sky130_fd_sc_hd__nand2_2)
                                                         _020_ (net)
                      0.027770    0.000000    2.054077 ^ _348_/B1 (sky130_fd_sc_hd__o21ai_2)
     1    0.008002    0.022840    0.025454    2.079531 v _348_/Y (sky130_fd_sc_hd__o21ai_2)
                                                         _196_ (net)
                      0.022840    0.000000    2.079531 v _349_/B (sky130_fd_sc_hd__xnor2_2)
     1    0.033442    0.099953    0.128719    2.208250 v _349_/Y (sky130_fd_sc_hd__xnor2_2)
                                                         S[6] (net)
                      0.099953    0.000000    2.208250 v S[6] (out)
                                              2.208250   data arrival time

                      0.000000    0.000000    0.000000   clock __VIRTUAL_CLK__ (rise edge)
                                  0.000000    0.000000   clock network delay (ideal)
                                  0.250000    0.250000   clock uncertainty
                                  0.000000    0.250000   clock reconvergence pessimism
                                 -2.000000   -1.750000   output external delay
                                             -1.750000   data required time
---------------------------------------------------------------------------------------------
                                             -1.750000   data required time
                                             -2.208250   data arrival time
---------------------------------------------------------------------------------------------
                                              3.958250   slack (MET)


Startpoint: A[1] (input port clocked by __VIRTUAL_CLK__)
Endpoint: S[2] (output port clocked by __VIRTUAL_CLK__)
Path Group: __VIRTUAL_CLK__
Path Type: min

Fanout         Cap        Slew       Delay        Time   Description
---------------------------------------------------------------------------------------------
                      0.000000    0.000000    0.000000   clock __VIRTUAL_CLK__ (rise edge)
                                  0.000000    0.000000   clock network delay (ideal)
                                  2.000000    2.000000 ^ input external delay
     4    0.020682    0.075364    0.047793    2.047793 ^ A[1] (in)
                                                         A[1] (net)
                      0.075364    0.000000    2.047793 ^ _418_/A1 (sky130_fd_sc_hd__a21oi_2)
     1    0.004320    0.019164    0.031049    2.078842 v _418_/Y (sky130_fd_sc_hd__a21oi_2)
                                                         _047_ (net)
                      0.019164    0.000000    2.078842 v _340_/A (sky130_fd_sc_hd__nand2_2)
     1    0.008395    0.041238    0.040643    2.119485 ^ _340_/Y (sky130_fd_sc_hd__nand2_2)
                                                         _192_ (net)
                      0.041238    0.000000    2.119485 ^ _341_/B (sky130_fd_sc_hd__xnor2_2)
     1    0.033442    0.099939    0.089300    2.208786 v _341_/Y (sky130_fd_sc_hd__xnor2_2)
                                                         S[2] (net)
                      0.099939    0.000000    2.208786 v S[2] (out)
                                              2.208786   data arrival time

                      0.000000    0.000000    0.000000   clock __VIRTUAL_CLK__ (rise edge)
                                  0.000000    0.000000   clock network delay (ideal)
                                  0.250000    0.250000   clock uncertainty
                                  0.000000    0.250000   clock reconvergence pessimism
                                 -2.000000   -1.750000   output external delay
                                             -1.750000   data required time
---------------------------------------------------------------------------------------------
                                             -1.750000   data required time
                                             -2.208786   data arrival time
---------------------------------------------------------------------------------------------
                                              3.958785   slack (MET)


Startpoint: A[12] (input port clocked by __VIRTUAL_CLK__)
Endpoint: S[12] (output port clocked by __VIRTUAL_CLK__)
Path Group: __VIRTUAL_CLK__
Path Type: min

Fanout         Cap        Slew       Delay        Time   Description
---------------------------------------------------------------------------------------------
                      0.000000    0.000000    0.000000   clock __VIRTUAL_CLK__ (rise edge)
                                  0.000000    0.000000   clock network delay (ideal)
                                  2.000000    2.000000 ^ input external delay
     2    0.006250    0.026715    0.015153    2.015153 ^ A[12] (in)
                                                         A[12] (net)
                      0.026715    0.000000    2.015153 ^ _432_/A (sky130_fd_sc_hd__nand2_2)
     3    0.010871    0.033945    0.033779    2.048932 v _432_/Y (sky130_fd_sc_hd__nand2_2)
                                                         _061_ (net)
                      0.033945    0.000000    2.048932 v _434_/A (sky130_fd_sc_hd__nand2_2)
     4    0.016527    0.071761    0.066745    2.115677 ^ _434_/Y (sky130_fd_sc_hd__nand2_2)
                                                         _063_ (net)
                      0.071761    0.000000    2.115677 ^ _361_/B (sky130_fd_sc_hd__xor2_2)
     1    0.033442    0.071952    0.093173    2.208850 v _361_/X (sky130_fd_sc_hd__xor2_2)
                                                         S[12] (net)
                      0.071952    0.000000    2.208850 v S[12] (out)
                                              2.208850   data arrival time

                      0.000000    0.000000    0.000000   clock __VIRTUAL_CLK__ (rise edge)
                                  0.000000    0.000000   clock network delay (ideal)
                                  0.250000    0.250000   clock uncertainty
                                  0.000000    0.250000   clock reconvergence pessimism
                                 -2.000000   -1.750000   output external delay
                                             -1.750000   data required time
---------------------------------------------------------------------------------------------
                                             -1.750000   data required time
                                             -2.208850   data arrival time
---------------------------------------------------------------------------------------------
                                              3.958850   slack (MET)


Startpoint: A[28] (input port clocked by __VIRTUAL_CLK__)
Endpoint: S[29] (output port clocked by __VIRTUAL_CLK__)
Path Group: __VIRTUAL_CLK__
Path Type: min

Fanout         Cap        Slew       Delay        Time   Description
---------------------------------------------------------------------------------------------
                      0.000000    0.000000    0.000000   clock __VIRTUAL_CLK__ (rise edge)
                                  0.000000    0.000000   clock network delay (ideal)
                                  2.000000    2.000000 ^ input external delay
     3    0.018714    0.068807    0.043450    2.043450 ^ A[28] (in)
                                                         A[28] (net)
                      0.068807    0.000000    2.043450 ^ _320_/A1_N (sky130_fd_sc_hd__o2bb2ai_2)
     1    0.008395    0.048844    0.077027    2.120477 ^ _320_/Y (sky130_fd_sc_hd__o2bb2ai_2)
                                                         _177_ (net)
                      0.048844    0.000000    2.120477 ^ _321_/B (sky130_fd_sc_hd__xnor2_2)
     1    0.033442    0.099983    0.090786    2.211263 v _321_/Y (sky130_fd_sc_hd__xnor2_2)
                                                         S[29] (net)
                      0.099983    0.000000    2.211263 v S[29] (out)
                                              2.211263   data arrival time

                      0.000000    0.000000    0.000000   clock __VIRTUAL_CLK__ (rise edge)
                                  0.000000    0.000000   clock network delay (ideal)
                                  0.250000    0.250000   clock uncertainty
                                  0.000000    0.250000   clock reconvergence pessimism
                                 -2.000000   -1.750000   output external delay
                                             -1.750000   data required time
---------------------------------------------------------------------------------------------
                                             -1.750000   data required time
                                             -2.211263   data arrival time
---------------------------------------------------------------------------------------------
                                              3.961263   slack (MET)


Startpoint: A[18] (input port clocked by __VIRTUAL_CLK__)
Endpoint: S[19] (output port clocked by __VIRTUAL_CLK__)
Path Group: __VIRTUAL_CLK__
Path Type: min

Fanout         Cap        Slew       Delay        Time   Description
---------------------------------------------------------------------------------------------
                      0.000000    0.000000    0.000000   clock __VIRTUAL_CLK__ (rise edge)
                                  0.000000    0.000000   clock network delay (ideal)
                                  2.000000    2.000000 v input external delay
     2    0.005710    0.009443    0.004773    2.004773 v A[18] (in)
                                                         A[18] (net)
                      0.009443    0.000000    2.004773 v _226_/B1 (sky130_fd_sc_hd__a21oi_2)
     3    0.006745    0.060373    0.049582    2.054355 ^ _226_/Y (sky130_fd_sc_hd__a21oi_2)
                                                         _094_ (net)
                      0.060373    0.000000    2.054355 ^ _240_/B2 (sky130_fd_sc_hd__o22a_2)
     1    0.008409    0.039301    0.074031    2.128386 ^ _240_/X (sky130_fd_sc_hd__o22a_2)
                                                         _107_ (net)
                      0.039301    0.000000    2.128386 ^ _241_/B (sky130_fd_sc_hd__xor2_2)
     1    0.033442    0.071957    0.085277    2.213663 v _241_/X (sky130_fd_sc_hd__xor2_2)
                                                         S[19] (net)
                      0.071957    0.000000    2.213663 v S[19] (out)
                                              2.213663   data arrival time

                      0.000000    0.000000    0.000000   clock __VIRTUAL_CLK__ (rise edge)
                                  0.000000    0.000000   clock network delay (ideal)
                                  0.250000    0.250000   clock uncertainty
                                  0.000000    0.250000   clock reconvergence pessimism
                                 -2.000000   -1.750000   output external delay
                                             -1.750000   data required time
---------------------------------------------------------------------------------------------
                                             -1.750000   data required time
                                             -2.213663   data arrival time
---------------------------------------------------------------------------------------------
                                              3.963663   slack (MET)


Startpoint: A[23] (input port clocked by __VIRTUAL_CLK__)
Endpoint: S[23] (output port clocked by __VIRTUAL_CLK__)
Path Group: __VIRTUAL_CLK__
Path Type: min

Fanout         Cap        Slew       Delay        Time   Description
---------------------------------------------------------------------------------------------
                      0.000000    0.000000    0.000000   clock __VIRTUAL_CLK__ (rise edge)
                                  0.000000    0.000000   clock network delay (ideal)
                                  2.000000    2.000000 v input external delay
     2    0.005710    0.009443    0.004773    2.004773 v A[23] (in)
                                                         A[23] (net)
                      0.009443    0.000000    2.004773 v _266_/B1 (sky130_fd_sc_hd__a21oi_2)
     2    0.003125    0.037636    0.033768    2.038541 ^ _266_/Y (sky130_fd_sc_hd__a21oi_2)
                                                         _129_ (net)
                      0.037636    0.000000    2.038541 ^ _267_/B (sky130_fd_sc_hd__or2_2)
     2    0.010515    0.049220    0.080657    2.119199 ^ _267_/X (sky130_fd_sc_hd__or2_2)
                                                         _130_ (net)
                      0.049220    0.000000    2.119199 ^ _271_/A (sky130_fd_sc_hd__xnor2_2)
     1    0.033442    0.099924    0.096252    2.215451 v _271_/Y (sky130_fd_sc_hd__xnor2_2)
                                                         S[23] (net)
                      0.099924    0.000000    2.215451 v S[23] (out)
                                              2.215451   data arrival time

                      0.000000    0.000000    0.000000   clock __VIRTUAL_CLK__ (rise edge)
                                  0.000000    0.000000   clock network delay (ideal)
                                  0.250000    0.250000   clock uncertainty
                                  0.000000    0.250000   clock reconvergence pessimism
                                 -2.000000   -1.750000   output external delay
                                             -1.750000   data required time
---------------------------------------------------------------------------------------------
                                             -1.750000   data required time
                                             -2.215451   data arrival time
---------------------------------------------------------------------------------------------
                                              3.965450   slack (MET)


Startpoint: A[8] (input port clocked by __VIRTUAL_CLK__)
Endpoint: S[8] (output port clocked by __VIRTUAL_CLK__)
Path Group: __VIRTUAL_CLK__
Path Type: min

Fanout         Cap        Slew       Delay        Time   Description
---------------------------------------------------------------------------------------------
                      0.000000    0.000000    0.000000   clock __VIRTUAL_CLK__ (rise edge)
                                  0.000000    0.000000   clock network delay (ideal)
                                  2.000000    2.000000 ^ input external delay
     2    0.013558    0.051550    0.031963    2.031963 ^ A[8] (in)
                                                         A[8] (net)
                      0.051550    0.000000    2.031963 ^ _377_/A (sky130_fd_sc_hd__xnor2_2)
     3    0.012718    0.060260    0.089414    2.121377 ^ _377_/Y (sky130_fd_sc_hd__xnor2_2)
                                                         _006_ (net)
                      0.060260    0.000000    2.121377 ^ _354_/A (sky130_fd_sc_hd__xor2_2)
     1    0.033442    0.071952    0.095160    2.216537 v _354_/X (sky130_fd_sc_hd__xor2_2)
                                                         S[8] (net)
                      0.071952    0.000000    2.216537 v S[8] (out)
                                              2.216537   data arrival time

                      0.000000    0.000000    0.000000   clock __VIRTUAL_CLK__ (rise edge)
                                  0.000000    0.000000   clock network delay (ideal)
                                  0.250000    0.250000   clock uncertainty
                                  0.000000    0.250000   clock reconvergence pessimism
                                 -2.000000   -1.750000   output external delay
                                             -1.750000   data required time
---------------------------------------------------------------------------------------------
                                             -1.750000   data required time
                                             -2.216537   data arrival time
---------------------------------------------------------------------------------------------
                                              3.966537   slack (MET)


Startpoint: A[7] (input port clocked by __VIRTUAL_CLK__)
Endpoint: S[7] (output port clocked by __VIRTUAL_CLK__)
Path Group: __VIRTUAL_CLK__
Path Type: min

Fanout         Cap        Slew       Delay        Time   Description
---------------------------------------------------------------------------------------------
                      0.000000    0.000000    0.000000   clock __VIRTUAL_CLK__ (rise edge)
                                  0.000000    0.000000   clock network delay (ideal)
                                  2.000000    2.000000 ^ input external delay
     3    0.015482    0.058038    0.036318    2.036318 ^ A[7] (in)
                                                         A[7] (net)
                      0.058038    0.000000    2.036318 ^ _401_/A (sky130_fd_sc_hd__xnor2_2)
     2    0.010569    0.052513    0.084986    2.121305 ^ _401_/Y (sky130_fd_sc_hd__xnor2_2)
                                                         _030_ (net)
                      0.052513    0.000000    2.121305 ^ _351_/A (sky130_fd_sc_hd__xnor2_2)
     1    0.033442    0.099935    0.096868    2.218172 v _351_/Y (sky130_fd_sc_hd__xnor2_2)
                                                         S[7] (net)
                      0.099935    0.000000    2.218172 v S[7] (out)
                                              2.218172   data arrival time

                      0.000000    0.000000    0.000000   clock __VIRTUAL_CLK__ (rise edge)
                                  0.000000    0.000000   clock network delay (ideal)
                                  0.250000    0.250000   clock uncertainty
                                  0.000000    0.250000   clock reconvergence pessimism
                                 -2.000000   -1.750000   output external delay
                                             -1.750000   data required time
---------------------------------------------------------------------------------------------
                                             -1.750000   data required time
                                             -2.218172   data arrival time
---------------------------------------------------------------------------------------------
                                              3.968173   slack (MET)


Startpoint: A[4] (input port clocked by __VIRTUAL_CLK__)
Endpoint: S[4] (output port clocked by __VIRTUAL_CLK__)
Path Group: __VIRTUAL_CLK__
Path Type: min

Fanout         Cap        Slew       Delay        Time   Description
---------------------------------------------------------------------------------------------
                      0.000000    0.000000    0.000000   clock __VIRTUAL_CLK__ (rise edge)
                                  0.000000    0.000000   clock network delay (ideal)
                                  2.000000    2.000000 ^ input external delay
     2    0.013558    0.051550    0.031963    2.031963 ^ A[4] (in)
                                                         A[4] (net)
                      0.051550    0.000000    2.031963 ^ _400_/A (sky130_fd_sc_hd__xnor2_2)
     3    0.013474    0.063012    0.091274    2.123237 ^ _400_/Y (sky130_fd_sc_hd__xnor2_2)
                                                         _029_ (net)
                      0.063012    0.000000    2.123237 ^ _345_/A (sky130_fd_sc_hd__xor2_2)
     1    0.033442    0.071951    0.095778    2.219014 v _345_/X (sky130_fd_sc_hd__xor2_2)
                                                         S[4] (net)
                      0.071951    0.000000    2.219014 v S[4] (out)
                                              2.219014   data arrival time

                      0.000000    0.000000    0.000000   clock __VIRTUAL_CLK__ (rise edge)
                                  0.000000    0.000000   clock network delay (ideal)
                                  0.250000    0.250000   clock uncertainty
                                  0.000000    0.250000   clock reconvergence pessimism
                                 -2.000000   -1.750000   output external delay
                                             -1.750000   data required time
---------------------------------------------------------------------------------------------
                                             -1.750000   data required time
                                             -2.219014   data arrival time
---------------------------------------------------------------------------------------------
                                              3.969015   slack (MET)


Startpoint: A[16] (input port clocked by __VIRTUAL_CLK__)
Endpoint: S[16] (output port clocked by __VIRTUAL_CLK__)
Path Group: __VIRTUAL_CLK__
Path Type: min

Fanout         Cap        Slew       Delay        Time   Description
---------------------------------------------------------------------------------------------
                      0.000000    0.000000    0.000000   clock __VIRTUAL_CLK__ (rise edge)
                                  0.000000    0.000000   clock network delay (ideal)
                                  2.000000    2.000000 ^ input external delay
     3    0.008746    0.035197    0.020894    2.020894 ^ A[16] (in)
                                                         A[16] (net)
                      0.035197    0.000000    2.020894 ^ _216_/A (sky130_fd_sc_hd__nand2_2)
     2    0.008587    0.030151    0.031456    2.052350 v _216_/Y (sky130_fd_sc_hd__nand2_2)
                                                         _086_ (net)
                      0.030151    0.000000    2.052350 v _218_/A (sky130_fd_sc_hd__nand2_2)
     4    0.019586    0.083237    0.072929    2.125279 ^ _218_/Y (sky130_fd_sc_hd__nand2_2)
                                                         _088_ (net)
                      0.083237    0.000000    2.125279 ^ _219_/B (sky130_fd_sc_hd__xor2_2)
     1    0.033442    0.071947    0.096025    2.221304 v _219_/X (sky130_fd_sc_hd__xor2_2)
                                                         S[16] (net)
                      0.071947    0.000000    2.221304 v S[16] (out)
                                              2.221304   data arrival time

                      0.000000    0.000000    0.000000   clock __VIRTUAL_CLK__ (rise edge)
                                  0.000000    0.000000   clock network delay (ideal)
                                  0.250000    0.250000   clock uncertainty
                                  0.000000    0.250000   clock reconvergence pessimism
                                 -2.000000   -1.750000   output external delay
                                             -1.750000   data required time
---------------------------------------------------------------------------------------------
                                             -1.750000   data required time
                                             -2.221304   data arrival time
---------------------------------------------------------------------------------------------
                                              3.971303   slack (MET)


Startpoint: A[15] (input port clocked by __VIRTUAL_CLK__)
Endpoint: S[15] (output port clocked by __VIRTUAL_CLK__)
Path Group: __VIRTUAL_CLK__
Path Type: min

Fanout         Cap        Slew       Delay        Time   Description
---------------------------------------------------------------------------------------------
                      0.000000    0.000000    0.000000   clock __VIRTUAL_CLK__ (rise edge)
                                  0.000000    0.000000   clock network delay (ideal)
                                  2.000000    2.000000 v input external delay
     2    0.005710    0.009443    0.004773    2.004773 v A[15] (in)
                                                         A[15] (net)
                      0.009443    0.000000    2.004773 v _448_/B1 (sky130_fd_sc_hd__a21oi_2)
     2    0.004098    0.043771    0.038064    2.042837 ^ _448_/Y (sky130_fd_sc_hd__a21oi_2)
                                                         _077_ (net)
                      0.043771    0.000000    2.042837 ^ _208_/B (sky130_fd_sc_hd__or2_2)
     2    0.010496    0.049145    0.082377    2.125214 ^ _208_/X (sky130_fd_sc_hd__or2_2)
                                                         _078_ (net)
                      0.049145    0.000000    2.125214 ^ _368_/A (sky130_fd_sc_hd__xnor2_2)
     1    0.033442    0.099951    0.096238    2.221452 v _368_/Y (sky130_fd_sc_hd__xnor2_2)
                                                         S[15] (net)
                      0.099951    0.000000    2.221452 v S[15] (out)
                                              2.221452   data arrival time

                      0.000000    0.000000    0.000000   clock __VIRTUAL_CLK__ (rise edge)
                                  0.000000    0.000000   clock network delay (ideal)
                                  0.250000    0.250000   clock uncertainty
                                  0.000000    0.250000   clock reconvergence pessimism
                                 -2.000000   -1.750000   output external delay
                                             -1.750000   data required time
---------------------------------------------------------------------------------------------
                                             -1.750000   data required time
                                             -2.221452   data arrival time
---------------------------------------------------------------------------------------------
                                              3.971452   slack (MET)


Startpoint: A[27] (input port clocked by __VIRTUAL_CLK__)
Endpoint: S[27] (output port clocked by __VIRTUAL_CLK__)
Path Group: __VIRTUAL_CLK__
Path Type: min

Fanout         Cap        Slew       Delay        Time   Description
---------------------------------------------------------------------------------------------
                      0.000000    0.000000    0.000000   clock __VIRTUAL_CLK__ (rise edge)
                                  0.000000    0.000000   clock network delay (ideal)
                                  2.000000    2.000000 v input external delay
     2    0.005710    0.009443    0.004773    2.004773 v A[27] (in)
                                                         A[27] (net)
                      0.009443    0.000000    2.004773 v _302_/B1 (sky130_fd_sc_hd__a21oi_2)
     2    0.004098    0.043771    0.038064    2.042837 ^ _302_/Y (sky130_fd_sc_hd__a21oi_2)
                                                         _161_ (net)
                      0.043771    0.000000    2.042837 ^ _303_/B (sky130_fd_sc_hd__or2_2)
     2    0.011839    0.054048    0.085890    2.128727 ^ _303_/X (sky130_fd_sc_hd__or2_2)
                                                         _162_ (net)
                      0.054048    0.000000    2.128727 ^ _306_/A (sky130_fd_sc_hd__xor2_2)
     1    0.033442    0.071947    0.093767    2.222494 v _306_/X (sky130_fd_sc_hd__xor2_2)
                                                         S[27] (net)
                      0.071947    0.000000    2.222494 v S[27] (out)
                                              2.222494   data arrival time

                      0.000000    0.000000    0.000000   clock __VIRTUAL_CLK__ (rise edge)
                                  0.000000    0.000000   clock network delay (ideal)
                                  0.250000    0.250000   clock uncertainty
                                  0.000000    0.250000   clock reconvergence pessimism
                                 -2.000000   -1.750000   output external delay
                                             -1.750000   data required time
---------------------------------------------------------------------------------------------
                                             -1.750000   data required time
                                             -2.222494   data arrival time
---------------------------------------------------------------------------------------------
                                              3.972494   slack (MET)


Startpoint: A[17] (input port clocked by __VIRTUAL_CLK__)
Endpoint: S[18] (output port clocked by __VIRTUAL_CLK__)
Path Group: __VIRTUAL_CLK__
Path Type: min

Fanout         Cap        Slew       Delay        Time   Description
---------------------------------------------------------------------------------------------
                      0.000000    0.000000    0.000000   clock __VIRTUAL_CLK__ (rise edge)
                                  0.000000    0.000000   clock network delay (ideal)
                                  2.000000    2.000000 ^ input external delay
     4    0.020568    0.074984    0.047542    2.047542 ^ A[17] (in)
                                                         A[17] (net)
                      0.074984    0.000000    2.047542 ^ _231_/A1 (sky130_fd_sc_hd__a211oi_2)
     1    0.007716    0.024624    0.048040    2.095582 v _231_/Y (sky130_fd_sc_hd__a211oi_2)
                                                         _099_ (net)
                      0.024624    0.000000    2.095582 v _232_/B (sky130_fd_sc_hd__xor2_2)
     1    0.033442    0.071948    0.127023    2.222604 v _232_/X (sky130_fd_sc_hd__xor2_2)
                                                         S[18] (net)
                      0.071948    0.000000    2.222604 v S[18] (out)
                                              2.222604   data arrival time

                      0.000000    0.000000    0.000000   clock __VIRTUAL_CLK__ (rise edge)
                                  0.000000    0.000000   clock network delay (ideal)
                                  0.250000    0.250000   clock uncertainty
                                  0.000000    0.250000   clock reconvergence pessimism
                                 -2.000000   -1.750000   output external delay
                                             -1.750000   data required time
---------------------------------------------------------------------------------------------
                                             -1.750000   data required time
                                             -2.222604   data arrival time
---------------------------------------------------------------------------------------------
                                              3.972605   slack (MET)


Startpoint: A[4] (input port clocked by __VIRTUAL_CLK__)
Endpoint: S[5] (output port clocked by __VIRTUAL_CLK__)
Path Group: __VIRTUAL_CLK__
Path Type: min

Fanout         Cap        Slew       Delay        Time   Description
---------------------------------------------------------------------------------------------
                      0.000000    0.000000    0.000000   clock __VIRTUAL_CLK__ (rise edge)
                                  0.000000    0.000000   clock network delay (ideal)
                                  2.000000    2.000000 v input external delay
     2    0.012591    0.020677    0.012111    2.012111 v A[4] (in)
                                                         A[4] (net)
                      0.020677    0.000000    2.012111 v _387_/A (sky130_fd_sc_hd__nand2_2)
     2    0.005040    0.028607    0.032545    2.044656 ^ _387_/Y (sky130_fd_sc_hd__nand2_2)
                                                         _016_ (net)
                      0.028607    0.000000    2.044656 ^ _346_/B1 (sky130_fd_sc_hd__o21a_2)
     3    0.015705    0.067709    0.085967    2.130622 ^ _346_/X (sky130_fd_sc_hd__o21a_2)
                                                         _195_ (net)
                      0.067709    0.000000    2.130622 ^ _347_/B (sky130_fd_sc_hd__xor2_2)
     1    0.033442    0.071952    0.092166    2.222789 v _347_/X (sky130_fd_sc_hd__xor2_2)
                                                         S[5] (net)
                      0.071952    0.000000    2.222789 v S[5] (out)
                                              2.222789   data arrival time

                      0.000000    0.000000    0.000000   clock __VIRTUAL_CLK__ (rise edge)
                                  0.000000    0.000000   clock network delay (ideal)
                                  0.250000    0.250000   clock uncertainty
                                  0.000000    0.250000   clock reconvergence pessimism
                                 -2.000000   -1.750000   output external delay
                                             -1.750000   data required time
---------------------------------------------------------------------------------------------
                                             -1.750000   data required time
                                             -2.222789   data arrival time
---------------------------------------------------------------------------------------------
                                              3.972788   slack (MET)


Startpoint: A[30] (input port clocked by __VIRTUAL_CLK__)
Endpoint: S[30] (output port clocked by __VIRTUAL_CLK__)
Path Group: __VIRTUAL_CLK__
Path Type: min

Fanout         Cap        Slew       Delay        Time   Description
---------------------------------------------------------------------------------------------
                      0.000000    0.000000    0.000000   clock __VIRTUAL_CLK__ (rise edge)
                                  0.000000    0.000000   clock network delay (ideal)
                                  2.000000    2.000000 v input external delay
     2    0.008480    0.013966    0.007727    2.007727 v A[30] (in)
                                                         A[30] (net)
                      0.013966    0.000000    2.007727 v _325_/A (sky130_fd_sc_hd__nand3_2)
     2    0.004281    0.028246    0.030177    2.037904 ^ _325_/Y (sky130_fd_sc_hd__nand3_2)
                                                         _181_ (net)
                      0.028246    0.000000    2.037904 ^ _326_/B (sky130_fd_sc_hd__and2b_2)
     1    0.008977    0.044942    0.091753    2.129657 ^ _326_/X (sky130_fd_sc_hd__and2b_2)
                                                         _182_ (net)
                      0.044942    0.000000    2.129657 ^ _330_/A (sky130_fd_sc_hd__xnor2_2)
     1    0.033442    0.099960    0.095452    2.225109 v _330_/Y (sky130_fd_sc_hd__xnor2_2)
                                                         S[30] (net)
                      0.099960    0.000000    2.225109 v S[30] (out)
                                              2.225109   data arrival time

                      0.000000    0.000000    0.000000   clock __VIRTUAL_CLK__ (rise edge)
                                  0.000000    0.000000   clock network delay (ideal)
                                  0.250000    0.250000   clock uncertainty
                                  0.000000    0.250000   clock reconvergence pessimism
                                 -2.000000   -1.750000   output external delay
                                             -1.750000   data required time
---------------------------------------------------------------------------------------------
                                             -1.750000   data required time
                                             -2.225109   data arrival time
---------------------------------------------------------------------------------------------
                                              3.975109   slack (MET)


Startpoint: A[26] (input port clocked by __VIRTUAL_CLK__)
Endpoint: S[26] (output port clocked by __VIRTUAL_CLK__)
Path Group: __VIRTUAL_CLK__
Path Type: min

Fanout         Cap        Slew       Delay        Time   Description
---------------------------------------------------------------------------------------------
                      0.000000    0.000000    0.000000   clock __VIRTUAL_CLK__ (rise edge)
                                  0.000000    0.000000   clock network delay (ideal)
                                  2.000000    2.000000 ^ input external delay
     2    0.009175    0.036655    0.021881    2.021881 ^ A[26] (in)
                                                         A[26] (net)
                      0.036655    0.000000    2.021881 ^ _294_/A (sky130_fd_sc_hd__nand3_2)
     2    0.006735    0.038566    0.036943    2.058824 v _294_/Y (sky130_fd_sc_hd__nand3_2)
                                                         _154_ (net)
                      0.038566    0.000000    2.058824 v _295_/B (sky130_fd_sc_hd__nand2b_2)
     3    0.014045    0.066834    0.068773    2.127598 ^ _295_/Y (sky130_fd_sc_hd__nand2b_2)
                                                         _155_ (net)
                      0.066834    0.000000    2.127598 ^ _298_/A (sky130_fd_sc_hd__xnor2_2)
     1    0.033442    0.099952    0.099320    2.226918 v _298_/Y (sky130_fd_sc_hd__xnor2_2)
                                                         S[26] (net)
                      0.099952    0.000000    2.226918 v S[26] (out)
                                              2.226918   data arrival time

                      0.000000    0.000000    0.000000   clock __VIRTUAL_CLK__ (rise edge)
                                  0.000000    0.000000   clock network delay (ideal)
                                  0.250000    0.250000   clock uncertainty
                                  0.000000    0.250000   clock reconvergence pessimism
                                 -2.000000   -1.750000   output external delay
                                             -1.750000   data required time
---------------------------------------------------------------------------------------------
                                             -1.750000   data required time
                                             -2.226918   data arrival time
---------------------------------------------------------------------------------------------
                                              3.976918   slack (MET)


Startpoint: A[1] (input port clocked by __VIRTUAL_CLK__)
Endpoint: S[1] (output port clocked by __VIRTUAL_CLK__)
Path Group: __VIRTUAL_CLK__
Path Type: min

Fanout         Cap        Slew       Delay        Time   Description
---------------------------------------------------------------------------------------------
                      0.000000    0.000000    0.000000   clock __VIRTUAL_CLK__ (rise edge)
                                  0.000000    0.000000   clock network delay (ideal)
                                  2.000000    2.000000 ^ input external delay
     4    0.020682    0.075364    0.047793    2.047793 ^ A[1] (in)
                                                         A[1] (net)
                      0.075364    0.000000    2.047793 ^ _423_/A (sky130_fd_sc_hd__xnor2_2)
     2    0.010610    0.052922    0.087070    2.134863 ^ _423_/Y (sky130_fd_sc_hd__xnor2_2)
                                                         _052_ (net)
                      0.052922    0.000000    2.134863 ^ _339_/A (sky130_fd_sc_hd__xnor2_2)
     1    0.033442    0.100684    0.096944    2.231807 v _339_/Y (sky130_fd_sc_hd__xnor2_2)
                                                         S[1] (net)
                      0.100684    0.000000    2.231807 v S[1] (out)
                                              2.231807   data arrival time

                      0.000000    0.000000    0.000000   clock __VIRTUAL_CLK__ (rise edge)
                                  0.000000    0.000000   clock network delay (ideal)
                                  0.250000    0.250000   clock uncertainty
                                  0.000000    0.250000   clock reconvergence pessimism
                                 -2.000000   -1.750000   output external delay
                                             -1.750000   data required time
---------------------------------------------------------------------------------------------
                                             -1.750000   data required time
                                             -2.231807   data arrival time
---------------------------------------------------------------------------------------------
                                              3.981807   slack (MET)


Startpoint: A[22] (input port clocked by __VIRTUAL_CLK__)
Endpoint: S[22] (output port clocked by __VIRTUAL_CLK__)
Path Group: __VIRTUAL_CLK__
Path Type: min

Fanout         Cap        Slew       Delay        Time   Description
---------------------------------------------------------------------------------------------
                      0.000000    0.000000    0.000000   clock __VIRTUAL_CLK__ (rise edge)
                                  0.000000    0.000000   clock network delay (ideal)
                                  2.000000    2.000000 ^ input external delay
     3    0.018180    0.067028    0.042272    2.042272 ^ A[22] (in)
                                                         A[22] (net)
                      0.067028    0.000000    2.042272 ^ _257_/A (sky130_fd_sc_hd__xnor2_2)
     2    0.013703    0.064025    0.093749    2.136021 ^ _257_/Y (sky130_fd_sc_hd__xnor2_2)
                                                         _121_ (net)
                      0.064025    0.000000    2.136021 ^ _262_/A (sky130_fd_sc_hd__xnor2_2)
     1    0.033442    0.099949    0.098841    2.234862 v _262_/Y (sky130_fd_sc_hd__xnor2_2)
                                                         S[22] (net)
                      0.099949    0.000000    2.234862 v S[22] (out)
                                              2.234862   data arrival time

                      0.000000    0.000000    0.000000   clock __VIRTUAL_CLK__ (rise edge)
                                  0.000000    0.000000   clock network delay (ideal)
                                  0.250000    0.250000   clock uncertainty
                                  0.000000    0.250000   clock reconvergence pessimism
                                 -2.000000   -1.750000   output external delay
                                             -1.750000   data required time
---------------------------------------------------------------------------------------------
                                             -1.750000   data required time
                                             -2.234862   data arrival time
---------------------------------------------------------------------------------------------
                                              3.984862   slack (MET)


Startpoint: A[14] (input port clocked by __VIRTUAL_CLK__)
Endpoint: S[14] (output port clocked by __VIRTUAL_CLK__)
Path Group: __VIRTUAL_CLK__
Path Type: min

Fanout         Cap        Slew       Delay        Time   Description
---------------------------------------------------------------------------------------------
                      0.000000    0.000000    0.000000   clock __VIRTUAL_CLK__ (rise edge)
                                  0.000000    0.000000   clock network delay (ideal)
                                  2.000000    2.000000 v input external delay
     2    0.005710    0.009443    0.004773    2.004773 v A[14] (in)
                                                         A[14] (net)
                      0.009443    0.000000    2.004773 v _443_/B1 (sky130_fd_sc_hd__a21oi_2)
     2    0.004098    0.043771    0.038064    2.042837 ^ _443_/Y (sky130_fd_sc_hd__a21oi_2)
                                                         _072_ (net)
                      0.043771    0.000000    2.042837 ^ _444_/B (sky130_fd_sc_hd__or2_2)
     3    0.015752    0.068584    0.095933    2.138770 ^ _444_/X (sky130_fd_sc_hd__or2_2)
                                                         _073_ (net)
                      0.068584    0.000000    2.138770 ^ _366_/A (sky130_fd_sc_hd__xnor2_2)
     1    0.033442    0.099939    0.099619    2.238389 v _366_/Y (sky130_fd_sc_hd__xnor2_2)
                                                         S[14] (net)
                      0.099939    0.000000    2.238389 v S[14] (out)
                                              2.238389   data arrival time

                      0.000000    0.000000    0.000000   clock __VIRTUAL_CLK__ (rise edge)
                                  0.000000    0.000000   clock network delay (ideal)
                                  0.250000    0.250000   clock uncertainty
                                  0.000000    0.250000   clock reconvergence pessimism
                                 -2.000000   -1.750000   output external delay
                                             -1.750000   data required time
---------------------------------------------------------------------------------------------
                                             -1.750000   data required time
                                             -2.238389   data arrival time
---------------------------------------------------------------------------------------------
                                              3.988388   slack (MET)


Startpoint: A[20] (input port clocked by __VIRTUAL_CLK__)
Endpoint: S[20] (output port clocked by __VIRTUAL_CLK__)
Path Group: __VIRTUAL_CLK__
Path Type: min

Fanout         Cap        Slew       Delay        Time   Description
---------------------------------------------------------------------------------------------
                      0.000000    0.000000    0.000000   clock __VIRTUAL_CLK__ (rise edge)
                                  0.000000    0.000000   clock network delay (ideal)
                                  2.000000    2.000000 ^ input external delay
     4    0.014692    0.055403    0.034571    2.034571 ^ A[20] (in)
                                                         A[20] (net)
                      0.055403    0.000000    2.034571 ^ _245_/A (sky130_fd_sc_hd__xnor2_2)
     3    0.018217    0.080304    0.103518    2.138089 ^ _245_/Y (sky130_fd_sc_hd__xnor2_2)
                                                         _111_ (net)
                      0.080304    0.000000    2.138089 ^ _249_/A (sky130_fd_sc_hd__xnor2_2)
     1    0.033442    0.101197    0.101617    2.239706 v _249_/Y (sky130_fd_sc_hd__xnor2_2)
                                                         S[20] (net)
                      0.101197    0.000000    2.239706 v S[20] (out)
                                              2.239706   data arrival time

                      0.000000    0.000000    0.000000   clock __VIRTUAL_CLK__ (rise edge)
                                  0.000000    0.000000   clock network delay (ideal)
                                  0.250000    0.250000   clock uncertainty
                                  0.000000    0.250000   clock reconvergence pessimism
                                 -2.000000   -1.750000   output external delay
                                             -1.750000   data required time
---------------------------------------------------------------------------------------------
                                             -1.750000   data required time
                                             -2.239706   data arrival time
---------------------------------------------------------------------------------------------
                                              3.989707   slack (MET)


Startpoint: A[10] (input port clocked by __VIRTUAL_CLK__)
Endpoint: S[10] (output port clocked by __VIRTUAL_CLK__)
Path Group: __VIRTUAL_CLK__
Path Type: min

Fanout         Cap        Slew       Delay        Time   Description
---------------------------------------------------------------------------------------------
                      0.000000    0.000000    0.000000   clock __VIRTUAL_CLK__ (rise edge)
                                  0.000000    0.000000   clock network delay (ideal)
                                  2.000000    2.000000 ^ input external delay
     3    0.016054    0.059944    0.037580    2.037580 ^ A[10] (in)
                                                         A[10] (net)
                      0.059944    0.000000    2.037580 ^ _374_/A (sky130_fd_sc_hd__xnor2_2)
     4    0.018968    0.083076    0.105904    2.143485 ^ _374_/Y (sky130_fd_sc_hd__xnor2_2)
                                                         _003_ (net)
                      0.083076    0.000000    2.143485 ^ _358_/A (sky130_fd_sc_hd__xor2_2)
     1    0.033442    0.071947    0.100279    2.243764 v _358_/X (sky130_fd_sc_hd__xor2_2)
                                                         S[10] (net)
                      0.071947    0.000000    2.243764 v S[10] (out)
                                              2.243764   data arrival time

                      0.000000    0.000000    0.000000   clock __VIRTUAL_CLK__ (rise edge)
                                  0.000000    0.000000   clock network delay (ideal)
                                  0.250000    0.250000   clock uncertainty
                                  0.000000    0.250000   clock reconvergence pessimism
                                 -2.000000   -1.750000   output external delay
                                             -1.750000   data required time
---------------------------------------------------------------------------------------------
                                             -1.750000   data required time
                                             -2.243764   data arrival time
---------------------------------------------------------------------------------------------
                                              3.993764   slack (MET)


Startpoint: A[28] (input port clocked by __VIRTUAL_CLK__)
Endpoint: S[28] (output port clocked by __VIRTUAL_CLK__)
Path Group: __VIRTUAL_CLK__
Path Type: min

Fanout         Cap        Slew       Delay        Time   Description
---------------------------------------------------------------------------------------------
                      0.000000    0.000000    0.000000   clock __VIRTUAL_CLK__ (rise edge)
                                  0.000000    0.000000   clock network delay (ideal)
                                  2.000000    2.000000 ^ input external delay
     3    0.018714    0.068807    0.043450    2.043450 ^ A[28] (in)
                                                         A[28] (net)
                      0.068807    0.000000    2.043450 ^ _308_/A (sky130_fd_sc_hd__xnor2_2)
     3    0.017047    0.076183    0.102211    2.145661 ^ _308_/Y (sky130_fd_sc_hd__xnor2_2)
                                                         _166_ (net)
                      0.076183    0.000000    2.145661 ^ _313_/A (sky130_fd_sc_hd__xor2_2)
     1    0.033442    0.071947    0.098732    2.244393 v _313_/X (sky130_fd_sc_hd__xor2_2)
                                                         S[28] (net)
                      0.071947    0.000000    2.244393 v S[28] (out)
                                              2.244393   data arrival time

                      0.000000    0.000000    0.000000   clock __VIRTUAL_CLK__ (rise edge)
                                  0.000000    0.000000   clock network delay (ideal)
                                  0.250000    0.250000   clock uncertainty
                                  0.000000    0.250000   clock reconvergence pessimism
                                 -2.000000   -1.750000   output external delay
                                             -1.750000   data required time
---------------------------------------------------------------------------------------------
                                             -1.750000   data required time
                                             -2.244393   data arrival time
---------------------------------------------------------------------------------------------
                                              3.994393   slack (MET)


Startpoint: A[21] (input port clocked by __VIRTUAL_CLK__)
Endpoint: S[21] (output port clocked by __VIRTUAL_CLK__)
Path Group: __VIRTUAL_CLK__
Path Type: min

Fanout         Cap        Slew       Delay        Time   Description
---------------------------------------------------------------------------------------------
                      0.000000    0.000000    0.000000   clock __VIRTUAL_CLK__ (rise edge)
                                  0.000000    0.000000   clock network delay (ideal)
                                  2.000000    2.000000 ^ input external delay
     3    0.016570    0.061663    0.038719    2.038719 ^ A[21] (in)
                                                         A[21] (net)
                      0.061663    0.000000    2.038719 ^ _251_/A (sky130_fd_sc_hd__xnor2_2)
     3    0.018448    0.081202    0.104826    2.143545 ^ _251_/Y (sky130_fd_sc_hd__xnor2_2)
                                                         _116_ (net)
                      0.081202    0.000000    2.143545 ^ _253_/A (sky130_fd_sc_hd__xnor2_2)
     1    0.033442    0.099923    0.101770    2.245315 v _253_/Y (sky130_fd_sc_hd__xnor2_2)
                                                         S[21] (net)
                      0.099923    0.000000    2.245315 v S[21] (out)
                                              2.245315   data arrival time

                      0.000000    0.000000    0.000000   clock __VIRTUAL_CLK__ (rise edge)
                                  0.000000    0.000000   clock network delay (ideal)
                                  0.250000    0.250000   clock uncertainty
                                  0.000000    0.250000   clock reconvergence pessimism
                                 -2.000000   -1.750000   output external delay
                                             -1.750000   data required time
---------------------------------------------------------------------------------------------
                                             -1.750000   data required time
                                             -2.245315   data arrival time
---------------------------------------------------------------------------------------------
                                              3.995315   slack (MET)


Startpoint: A[24] (input port clocked by __VIRTUAL_CLK__)
Endpoint: S[24] (output port clocked by __VIRTUAL_CLK__)
Path Group: __VIRTUAL_CLK__
Path Type: min

Fanout         Cap        Slew       Delay        Time   Description
---------------------------------------------------------------------------------------------
                      0.000000    0.000000    0.000000   clock __VIRTUAL_CLK__ (rise edge)
                                  0.000000    0.000000   clock network delay (ideal)
                                  2.000000    2.000000 ^ input external delay
     2    0.006250    0.026715    0.015153    2.015153 ^ A[24] (in)
                                                         A[24] (net)
                      0.026715    0.000000    2.015153 ^ _274_/A (sky130_fd_sc_hd__nand2_2)
     3    0.010861    0.033922    0.033762    2.048914 v _274_/Y (sky130_fd_sc_hd__nand2_2)
                                                         _136_ (net)
                      0.033922    0.000000    2.048914 v _275_/B (sky130_fd_sc_hd__nand2_2)
     3    0.006653    0.036212    0.048409    2.097323 ^ _275_/Y (sky130_fd_sc_hd__nand2_2)
                                                         _137_ (net)
                      0.036212    0.000000    2.097323 ^ _282_/B1 (sky130_fd_sc_hd__a21o_2)
     4    0.013995    0.058723    0.075004    2.172328 ^ _282_/X (sky130_fd_sc_hd__a21o_2)
                                                         _144_ (net)
                      0.058723    0.000000    2.172328 ^ _283_/B (sky130_fd_sc_hd__and2b_2)
     1    0.033442    0.131007    0.158279    2.330607 ^ _283_/X (sky130_fd_sc_hd__and2b_2)
                                                         S[24] (net)
                      0.131007    0.000000    2.330607 ^ S[24] (out)
                                              2.330607   data arrival time

                      0.000000    0.000000    0.000000   clock __VIRTUAL_CLK__ (rise edge)
                                  0.000000    0.000000   clock network delay (ideal)
                                  0.250000    0.250000   clock uncertainty
                                  0.000000    0.250000   clock reconvergence pessimism
                                 -2.000000   -1.750000   output external delay
                                             -1.750000   data required time
---------------------------------------------------------------------------------------------
                                             -1.750000   data required time
                                             -2.330607   data arrival time
---------------------------------------------------------------------------------------------
                                              4.080607   slack (MET)



