
===========================================================================
 report_power
============================================================================
======================= nom_tt_025C_1v80 Corner ===================================

Group                    Internal    Switching      Leakage        Total
                            Power        Power        Power        Power (Watts)
------------------------------------------------------------------------
Sequential           0.000000e+00 0.000000e+00 0.000000e+00 0.000000e+00   0.0%
Combinational        6.295304e-05 7.167398e-05 1.652412e-09 1.346287e-04 100.0%
Clock                0.000000e+00 0.000000e+00 1.814421e-10 1.814421e-10   0.0%
Macro                0.000000e+00 0.000000e+00 0.000000e+00 0.000000e+00   0.0%
Pad                  0.000000e+00 0.000000e+00 0.000000e+00 0.000000e+00   0.0%
------------------------------------------------------------------------
Total                6.295304e-05 7.167398e-05 1.833856e-09 1.346288e-04 100.0%
                            46.8%        53.2%         0.0%
Writing metric power__internal__total: 6.295304046943784e-5
Writing metric power__switching__total: 7.167398143792525e-5
Writing metric power__leakage__total: 1.8338557339347972e-9
Writing metric power__total: 0.00013462884817272425

