
===========================================================================
report_checks -path_delay min (Hold)
============================================================================
======================= nom_tt_025C_1v80 Corner ===================================

Startpoint: A[31] (input port clocked by __VIRTUAL_CLK__)
Endpoint: carryOut (output port clocked by __VIRTUAL_CLK__)
Path Group: __VIRTUAL_CLK__
Path Type: min

Fanout         Cap        Slew       Delay        Time   Description
---------------------------------------------------------------------------------------------
                      0.000000    0.000000    0.000000   clock __VIRTUAL_CLK__ (rise edge)
                                  0.000000    0.000000   clock network delay (ideal)
                                  0.800000    0.800000 v input external delay
     2    0.017961    0.041614    0.027462    0.827462 v A[31] (in)
                                                         A[31] (net)
                      0.041614    0.000000    0.827462 v _651_/A1_N (sky130_fd_sc_hd__o2bb2ai_4)
     1    0.034944    0.097208    0.171688    0.999150 v _651_/Y (sky130_fd_sc_hd__o2bb2ai_4)
                                                         carryOut (net)
                      0.097208    0.000229    0.999379 v carryOut (out)
                                              0.999379   data arrival time

                      0.000000    0.000000    0.000000   clock __VIRTUAL_CLK__ (rise edge)
                                  0.000000    0.000000   clock network delay (ideal)
                                  0.250000    0.250000   clock uncertainty
                                  0.000000    0.250000   clock reconvergence pessimism
                                 -0.800000   -0.550000   output external delay
                                             -0.550000   data required time
---------------------------------------------------------------------------------------------
                                             -0.550000   data required time
                                             -0.999379   data arrival time
---------------------------------------------------------------------------------------------
                                              1.549379   slack (MET)


Startpoint: A[0] (input port clocked by __VIRTUAL_CLK__)
Endpoint: S[0] (output port clocked by __VIRTUAL_CLK__)
Path Group: __VIRTUAL_CLK__
Path Type: min

Fanout         Cap        Slew       Delay        Time   Description
---------------------------------------------------------------------------------------------
                      0.000000    0.000000    0.000000   clock __VIRTUAL_CLK__ (rise edge)
                                  0.000000    0.000000   clock network delay (ideal)
                                  0.800000    0.800000 ^ input external delay
     4    0.019214    0.092143    0.059924    0.859924 ^ A[0] (in)
                                                         A[0] (net)
                      0.092143    0.000000    0.859924 ^ _615_/A (sky130_fd_sc_hd__xor2_2)
     1    0.034531    0.101854    0.156614    1.016538 v _615_/X (sky130_fd_sc_hd__xor2_2)
                                                         S[0] (net)
                      0.101854    0.000152    1.016690 v S[0] (out)
                                              1.016690   data arrival time

                      0.000000    0.000000    0.000000   clock __VIRTUAL_CLK__ (rise edge)
                                  0.000000    0.000000   clock network delay (ideal)
                                  0.250000    0.250000   clock uncertainty
                                  0.000000    0.250000   clock reconvergence pessimism
                                 -0.800000   -0.550000   output external delay
                                             -0.550000   data required time
---------------------------------------------------------------------------------------------
                                             -0.550000   data required time
                                             -1.016690   data arrival time
---------------------------------------------------------------------------------------------
                                              1.566690   slack (MET)


Startpoint: A[20] (input port clocked by __VIRTUAL_CLK__)
Endpoint: S[21] (output port clocked by __VIRTUAL_CLK__)
Path Group: __VIRTUAL_CLK__
Path Type: min

Fanout         Cap        Slew       Delay        Time   Description
---------------------------------------------------------------------------------------------
                      0.000000    0.000000    0.000000   clock __VIRTUAL_CLK__ (rise edge)
                                  0.000000    0.000000   clock network delay (ideal)
                                  0.800000    0.800000 v input external delay
     2    0.012465    0.029842    0.019213    0.819213 v A[20] (in)
                                                         A[20] (net)
                      0.029844    0.000000    0.819213 v _460_/B1 (sky130_fd_sc_hd__o21ai_4)
     3    0.012733    0.065149    0.059674    0.878888 ^ _460_/Y (sky130_fd_sc_hd__o21ai_4)
                                                         _185_ (net)
                      0.065149    0.000035    0.878922 ^ _479_/B2 (sky130_fd_sc_hd__o2bb2ai_2)
     1    0.004773    0.031735    0.053682    0.932604 v _479_/Y (sky130_fd_sc_hd__o2bb2ai_2)
                                                         _203_ (net)
                      0.031735    0.000011    0.932615 v _481_/B1 (sky130_fd_sc_hd__o21ai_2)
     1    0.009304    0.074242    0.063897    0.996512 ^ _481_/Y (sky130_fd_sc_hd__o21ai_2)
                                                         _205_ (net)
                      0.074242    0.000002    0.996513 ^ _482_/B (sky130_fd_sc_hd__nand2_4)
     1    0.035160    0.082010    0.090646    1.087159 v _482_/Y (sky130_fd_sc_hd__nand2_4)
                                                         S[21] (net)
                      0.082013    0.000381    1.087541 v S[21] (out)
                                              1.087541   data arrival time

                      0.000000    0.000000    0.000000   clock __VIRTUAL_CLK__ (rise edge)
                                  0.000000    0.000000   clock network delay (ideal)
                                  0.250000    0.250000   clock uncertainty
                                  0.000000    0.250000   clock reconvergence pessimism
                                 -0.800000   -0.550000   output external delay
                                             -0.550000   data required time
---------------------------------------------------------------------------------------------
                                             -0.550000   data required time
                                             -1.087541   data arrival time
---------------------------------------------------------------------------------------------
                                              1.637541   slack (MET)


Startpoint: A[25] (input port clocked by __VIRTUAL_CLK__)
Endpoint: S[25] (output port clocked by __VIRTUAL_CLK__)
Path Group: __VIRTUAL_CLK__
Path Type: min

Fanout         Cap        Slew       Delay        Time   Description
---------------------------------------------------------------------------------------------
                      0.000000    0.000000    0.000000   clock __VIRTUAL_CLK__ (rise edge)
                                  0.000000    0.000000   clock network delay (ideal)
                                  0.800000    0.800000 v input external delay
     2    0.007098    0.018162    0.010907    0.810907 v A[25] (in)
                                                         A[25] (net)
                      0.018162    0.000000    0.810907 v _535_/B1 (sky130_fd_sc_hd__o21ai_2)
     2    0.007519    0.064163    0.052152    0.863059 ^ _535_/Y (sky130_fd_sc_hd__o21ai_2)
                                                         _255_ (net)
                      0.064163    0.000004    0.863063 ^ _537_/A2 (sky130_fd_sc_hd__o21bai_2)
     4    0.013850    0.067953    0.084793    0.947856 v _537_/Y (sky130_fd_sc_hd__o21bai_2)
                                                         _257_ (net)
                      0.067953    0.000082    0.947939 v _539_/B1 (sky130_fd_sc_hd__o21ai_2)
     1    0.004775    0.052149    0.062135    1.010073 ^ _539_/Y (sky130_fd_sc_hd__o21ai_2)
                                                         _259_ (net)
                      0.052149    0.000003    1.010077 ^ _540_/B (sky130_fd_sc_hd__nand2_2)
     1    0.035297    0.142307    0.129069    1.139145 v _540_/Y (sky130_fd_sc_hd__nand2_2)
                                                         S[25] (net)
                      0.142309    0.000396    1.139541 v S[25] (out)
                                              1.139541   data arrival time

                      0.000000    0.000000    0.000000   clock __VIRTUAL_CLK__ (rise edge)
                                  0.000000    0.000000   clock network delay (ideal)
                                  0.250000    0.250000   clock uncertainty
                                  0.000000    0.250000   clock reconvergence pessimism
                                 -0.800000   -0.550000   output external delay
                                             -0.550000   data required time
---------------------------------------------------------------------------------------------
                                             -0.550000   data required time
                                             -1.139541   data arrival time
---------------------------------------------------------------------------------------------
                                              1.689541   slack (MET)


Startpoint: A[22] (input port clocked by __VIRTUAL_CLK__)
Endpoint: S[22] (output port clocked by __VIRTUAL_CLK__)
Path Group: __VIRTUAL_CLK__
Path Type: min

Fanout         Cap        Slew       Delay        Time   Description
---------------------------------------------------------------------------------------------
                      0.000000    0.000000    0.000000   clock __VIRTUAL_CLK__ (rise edge)
                                  0.000000    0.000000   clock network delay (ideal)
                                  0.800000    0.800000 v input external delay
     3    0.013873    0.032823    0.021320    0.821320 v A[22] (in)
                                                         A[22] (net)
                      0.032823    0.000000    0.821320 v _491_/C (sky130_fd_sc_hd__nand3b_4)
     6    0.025609    0.095164    0.100176    0.921496 ^ _491_/Y (sky130_fd_sc_hd__nand3b_4)
                                                         _214_ (net)
                      0.095164    0.000170    0.921666 ^ _494_/A (sky130_fd_sc_hd__nand2_2)
     2    0.006809    0.041312    0.059125    0.980791 v _494_/Y (sky130_fd_sc_hd__nand2_2)
                                                         _217_ (net)
                      0.041312    0.000011    0.980801 v _496_/B (sky130_fd_sc_hd__nand2_2)
     1    0.009564    0.061279    0.075112    1.055913 ^ _496_/Y (sky130_fd_sc_hd__nand2_2)
                                                         _219_ (net)
                      0.061279    0.000013    1.055926 ^ _497_/B (sky130_fd_sc_hd__nand2_4)
     1    0.034831    0.081217    0.087018    1.142944 v _497_/Y (sky130_fd_sc_hd__nand2_4)
                                                         S[22] (net)
                      0.081219    0.000292    1.143236 v S[22] (out)
                                              1.143236   data arrival time

                      0.000000    0.000000    0.000000   clock __VIRTUAL_CLK__ (rise edge)
                                  0.000000    0.000000   clock network delay (ideal)
                                  0.250000    0.250000   clock uncertainty
                                  0.000000    0.250000   clock reconvergence pessimism
                                 -0.800000   -0.550000   output external delay
                                             -0.550000   data required time
---------------------------------------------------------------------------------------------
                                             -0.550000   data required time
                                             -1.143236   data arrival time
---------------------------------------------------------------------------------------------
                                              1.693236   slack (MET)


Startpoint: A[12] (input port clocked by __VIRTUAL_CLK__)
Endpoint: S[13] (output port clocked by __VIRTUAL_CLK__)
Path Group: __VIRTUAL_CLK__
Path Type: min

Fanout         Cap        Slew       Delay        Time   Description
---------------------------------------------------------------------------------------------
                      0.000000    0.000000    0.000000   clock __VIRTUAL_CLK__ (rise edge)
                                  0.000000    0.000000   clock network delay (ideal)
                                  0.800000    0.800000 ^ input external delay
     4    0.015897    0.077387    0.050071    0.850071 ^ A[12] (in)
                                                         A[12] (net)
                      0.077387    0.000000    0.850071 ^ _643_/A1 (sky130_fd_sc_hd__a22o_2)
     1    0.008725    0.061138    0.154178    1.004250 ^ _643_/X (sky130_fd_sc_hd__a22o_2)
                                                         _343_ (net)
                      0.061138    0.000013    1.004263 ^ _644_/B (sky130_fd_sc_hd__xnor2_2)
     1    0.034137    0.155534    0.145502    1.149765 v _644_/Y (sky130_fd_sc_hd__xnor2_2)
                                                         S[13] (net)
                      0.155534    0.000094    1.149859 v S[13] (out)
                                              1.149859   data arrival time

                      0.000000    0.000000    0.000000   clock __VIRTUAL_CLK__ (rise edge)
                                  0.000000    0.000000   clock network delay (ideal)
                                  0.250000    0.250000   clock uncertainty
                                  0.000000    0.250000   clock reconvergence pessimism
                                 -0.800000   -0.550000   output external delay
                                             -0.550000   data required time
---------------------------------------------------------------------------------------------
                                             -0.550000   data required time
                                             -1.149859   data arrival time
---------------------------------------------------------------------------------------------
                                              1.699859   slack (MET)


Startpoint: A[29] (input port clocked by __VIRTUAL_CLK__)
Endpoint: S[29] (output port clocked by __VIRTUAL_CLK__)
Path Group: __VIRTUAL_CLK__
Path Type: min

Fanout         Cap        Slew       Delay        Time   Description
---------------------------------------------------------------------------------------------
                      0.000000    0.000000    0.000000   clock __VIRTUAL_CLK__ (rise edge)
                                  0.000000    0.000000   clock network delay (ideal)
                                  0.800000    0.800000 ^ input external delay
     3    0.005601    0.031921    0.018775    0.818775 ^ A[29] (in)
                                                         A[29] (net)
                      0.031921    0.000000    0.818775 ^ _586_/B1_N (sky130_fd_sc_hd__o21bai_2)
     2    0.006938    0.061009    0.102705    0.921480 ^ _586_/Y (sky130_fd_sc_hd__o21bai_2)
                                                         _302_ (net)
                      0.061009    0.000018    0.921498 ^ _587_/B (sky130_fd_sc_hd__nand2_2)
     2    0.006483    0.036353    0.055243    0.976742 v _587_/Y (sky130_fd_sc_hd__nand2_2)
                                                         _303_ (net)
                      0.036353    0.000030    0.976771 v _589_/B1 (sky130_fd_sc_hd__o21ai_2)
     1    0.004619    0.047935    0.048734    1.025506 ^ _589_/Y (sky130_fd_sc_hd__o21ai_2)
                                                         _305_ (net)
                      0.047935    0.000003    1.025509 ^ _590_/B1 (sky130_fd_sc_hd__o21ai_2)
     1    0.035256    0.140520    0.125089    1.150597 v _590_/Y (sky130_fd_sc_hd__o21ai_2)
                                                         S[29] (net)
                      0.140521    0.000246    1.150843 v S[29] (out)
                                              1.150843   data arrival time

                      0.000000    0.000000    0.000000   clock __VIRTUAL_CLK__ (rise edge)
                                  0.000000    0.000000   clock network delay (ideal)
                                  0.250000    0.250000   clock uncertainty
                                  0.000000    0.250000   clock reconvergence pessimism
                                 -0.800000   -0.550000   output external delay
                                             -0.550000   data required time
---------------------------------------------------------------------------------------------
                                             -0.550000   data required time
                                             -1.150843   data arrival time
---------------------------------------------------------------------------------------------
                                              1.700843   slack (MET)


Startpoint: A[30] (input port clocked by __VIRTUAL_CLK__)
Endpoint: S[30] (output port clocked by __VIRTUAL_CLK__)
Path Group: __VIRTUAL_CLK__
Path Type: min

Fanout         Cap        Slew       Delay        Time   Description
---------------------------------------------------------------------------------------------
                      0.000000    0.000000    0.000000   clock __VIRTUAL_CLK__ (rise edge)
                                  0.000000    0.000000   clock network delay (ideal)
                                  0.800000    0.800000 ^ input external delay
     3    0.005457    0.031292    0.018334    0.818334 ^ A[30] (in)
                                                         A[30] (net)
                      0.031292    0.000000    0.818334 ^ _595_/B1_N (sky130_fd_sc_hd__o21bai_2)
     2    0.010578    0.078064    0.114921    0.933255 ^ _595_/Y (sky130_fd_sc_hd__o21bai_2)
                                                         _310_ (net)
                      0.078064    0.000051    0.933306 ^ _596_/B (sky130_fd_sc_hd__nand2_2)
     2    0.007042    0.040147    0.060809    0.994115 v _596_/Y (sky130_fd_sc_hd__nand2_2)
                                                         _311_ (net)
                      0.040147    0.000020    0.994135 v _602_/B1 (sky130_fd_sc_hd__o21ai_2)
     1    0.009022    0.072699    0.066304    1.060439 ^ _602_/Y (sky130_fd_sc_hd__o21ai_2)
                                                         _317_ (net)
                      0.072699    0.000001    1.060440 ^ _604_/B1 (sky130_fd_sc_hd__o21ai_4)
     1    0.035816    0.089445    0.099465    1.159905 v _604_/Y (sky130_fd_sc_hd__o21ai_4)
                                                         S[30] (net)
                      0.089447    0.000328    1.160233 v S[30] (out)
                                              1.160233   data arrival time

                      0.000000    0.000000    0.000000   clock __VIRTUAL_CLK__ (rise edge)
                                  0.000000    0.000000   clock network delay (ideal)
                                  0.250000    0.250000   clock uncertainty
                                  0.000000    0.250000   clock reconvergence pessimism
                                 -0.800000   -0.550000   output external delay
                                             -0.550000   data required time
---------------------------------------------------------------------------------------------
                                             -0.550000   data required time
                                             -1.160233   data arrival time
---------------------------------------------------------------------------------------------
                                              1.710233   slack (MET)


Startpoint: A[3] (input port clocked by __VIRTUAL_CLK__)
Endpoint: S[3] (output port clocked by __VIRTUAL_CLK__)
Path Group: __VIRTUAL_CLK__
Path Type: min

Fanout         Cap        Slew       Delay        Time   Description
---------------------------------------------------------------------------------------------
                      0.000000    0.000000    0.000000   clock __VIRTUAL_CLK__ (rise edge)
                                  0.000000    0.000000   clock network delay (ideal)
                                  0.800000    0.800000 v input external delay
     2    0.008177    0.020516    0.012581    0.812581 v A[3] (in)
                                                         A[3] (net)
                      0.020517    0.000000    0.812581 v _401_/B1 (sky130_fd_sc_hd__o21ai_2)
     3    0.012802    0.090226    0.071834    0.884415 ^ _401_/Y (sky130_fd_sc_hd__o21ai_2)
                                                         _130_ (net)
                      0.090226    0.000036    0.884452 ^ _404_/A2 (sky130_fd_sc_hd__o21ai_2)
     2    0.009079    0.047311    0.069811    0.954263 v _404_/Y (sky130_fd_sc_hd__o21ai_2)
                                                         _133_ (net)
                      0.047311    0.000033    0.954296 v _622_/B (sky130_fd_sc_hd__nand3_2)
     1    0.005064    0.043951    0.067114    1.021411 ^ _622_/Y (sky130_fd_sc_hd__nand3_2)
                                                         _332_ (net)
                      0.043951    0.000007    1.021418 ^ _623_/B (sky130_fd_sc_hd__nand2b_2)
     1    0.036217    0.150703    0.138308    1.159726 v _623_/Y (sky130_fd_sc_hd__nand2b_2)
                                                         S[3] (net)
                      0.150707    0.000619    1.160345 v S[3] (out)
                                              1.160345   data arrival time

                      0.000000    0.000000    0.000000   clock __VIRTUAL_CLK__ (rise edge)
                                  0.000000    0.000000   clock network delay (ideal)
                                  0.250000    0.250000   clock uncertainty
                                  0.000000    0.250000   clock reconvergence pessimism
                                 -0.800000   -0.550000   output external delay
                                             -0.550000   data required time
---------------------------------------------------------------------------------------------
                                             -0.550000   data required time
                                             -1.160345   data arrival time
---------------------------------------------------------------------------------------------
                                              1.710345   slack (MET)


Startpoint: A[2] (input port clocked by __VIRTUAL_CLK__)
Endpoint: S[2] (output port clocked by __VIRTUAL_CLK__)
Path Group: __VIRTUAL_CLK__
Path Type: min

Fanout         Cap        Slew       Delay        Time   Description
---------------------------------------------------------------------------------------------
                      0.000000    0.000000    0.000000   clock __VIRTUAL_CLK__ (rise edge)
                                  0.000000    0.000000   clock network delay (ideal)
                                  0.800000    0.800000 v input external delay
     2    0.008320    0.020823    0.012790    0.812790 v A[2] (in)
                                                         A[2] (net)
                      0.020823    0.000000    0.812790 v _397_/B1 (sky130_fd_sc_hd__o21ai_2)
     3    0.011780    0.084779    0.068313    0.881103 ^ _397_/Y (sky130_fd_sc_hd__o21ai_2)
                                                         _126_ (net)
                      0.084779    0.000026    0.881129 ^ _398_/A2 (sky130_fd_sc_hd__o21a_2)
     1    0.009728    0.063568    0.136478    1.017607 ^ _398_/X (sky130_fd_sc_hd__o21a_2)
                                                         _127_ (net)
                      0.063568    0.000014    1.017621 ^ _620_/A (sky130_fd_sc_hd__xor2_2)
     1    0.035246    0.103502    0.150216    1.167837 v _620_/X (sky130_fd_sc_hd__xor2_2)
                                                         S[2] (net)
                      0.103502    0.000248    1.168085 v S[2] (out)
                                              1.168085   data arrival time

                      0.000000    0.000000    0.000000   clock __VIRTUAL_CLK__ (rise edge)
                                  0.000000    0.000000   clock network delay (ideal)
                                  0.250000    0.250000   clock uncertainty
                                  0.000000    0.250000   clock reconvergence pessimism
                                 -0.800000   -0.550000   output external delay
                                             -0.550000   data required time
---------------------------------------------------------------------------------------------
                                             -0.550000   data required time
                                             -1.168085   data arrival time
---------------------------------------------------------------------------------------------
                                              1.718084   slack (MET)


Startpoint: A[4] (input port clocked by __VIRTUAL_CLK__)
Endpoint: S[4] (output port clocked by __VIRTUAL_CLK__)
Path Group: __VIRTUAL_CLK__
Path Type: min

Fanout         Cap        Slew       Delay        Time   Description
---------------------------------------------------------------------------------------------
                      0.000000    0.000000    0.000000   clock __VIRTUAL_CLK__ (rise edge)
                                  0.000000    0.000000   clock network delay (ideal)
                                  0.800000    0.800000 v input external delay
     3    0.008456    0.021123    0.013004    0.813004 v A[4] (in)
                                                         A[4] (net)
                      0.021123    0.000000    0.813004 v _364_/B1 (sky130_fd_sc_hd__o21ai_2)
     3    0.010741    0.082148    0.064768    0.877771 ^ _364_/Y (sky130_fd_sc_hd__o21ai_2)
                                                         _093_ (net)
                      0.082148    0.000018    0.877790 ^ _368_/A2 (sky130_fd_sc_hd__o21a_2)
     1    0.009366    0.061832    0.134399    1.012188 ^ _368_/X (sky130_fd_sc_hd__o21a_2)
                                                         _097_ (net)
                      0.061832    0.000014    1.012202 ^ _625_/A (sky130_fd_sc_hd__xnor2_2)
     1    0.035017    0.159733    0.157065    1.169268 v _625_/Y (sky130_fd_sc_hd__xnor2_2)
                                                         S[4] (net)
                      0.159733    0.000326    1.169594 v S[4] (out)
                                              1.169594   data arrival time

                      0.000000    0.000000    0.000000   clock __VIRTUAL_CLK__ (rise edge)
                                  0.000000    0.000000   clock network delay (ideal)
                                  0.250000    0.250000   clock uncertainty
                                  0.000000    0.250000   clock reconvergence pessimism
                                 -0.800000   -0.550000   output external delay
                                             -0.550000   data required time
---------------------------------------------------------------------------------------------
                                             -0.550000   data required time
                                             -1.169594   data arrival time
---------------------------------------------------------------------------------------------
                                              1.719594   slack (MET)


Startpoint: A[26] (input port clocked by __VIRTUAL_CLK__)
Endpoint: S[27] (output port clocked by __VIRTUAL_CLK__)
Path Group: __VIRTUAL_CLK__
Path Type: min

Fanout         Cap        Slew       Delay        Time   Description
---------------------------------------------------------------------------------------------
                      0.000000    0.000000    0.000000   clock __VIRTUAL_CLK__ (rise edge)
                                  0.000000    0.000000   clock network delay (ideal)
                                  0.800000    0.800000 ^ input external delay
     2    0.004338    0.026407    0.014895    0.814895 ^ A[26] (in)
                                                         A[26] (net)
                      0.026407    0.000000    0.814895 ^ _548_/B1_N (sky130_fd_sc_hd__o21bai_2)
     2    0.007114    0.063718    0.101329    0.916224 ^ _548_/Y (sky130_fd_sc_hd__o21bai_2)
                                                         _267_ (net)
                      0.063718    0.000013    0.916237 ^ _560_/A2 (sky130_fd_sc_hd__a21boi_2)
     3    0.011987    0.055817    0.072040    0.988277 v _560_/Y (sky130_fd_sc_hd__a21boi_2)
                                                         _278_ (net)
                      0.055817    0.000066    0.988342 v _563_/A (sky130_fd_sc_hd__nand2_2)
     1    0.004856    0.039153    0.056317    1.044659 ^ _563_/Y (sky130_fd_sc_hd__nand2_2)
                                                         _281_ (net)
                      0.039153    0.000003    1.044663 ^ _564_/A2 (sky130_fd_sc_hd__o21ai_2)
     1    0.035406    0.141072    0.125776    1.170439 v _564_/Y (sky130_fd_sc_hd__o21ai_2)
                                                         S[27] (net)
                      0.141073    0.000289    1.170728 v S[27] (out)
                                              1.170728   data arrival time

                      0.000000    0.000000    0.000000   clock __VIRTUAL_CLK__ (rise edge)
                                  0.000000    0.000000   clock network delay (ideal)
                                  0.250000    0.250000   clock uncertainty
                                  0.000000    0.250000   clock reconvergence pessimism
                                 -0.800000   -0.550000   output external delay
                                             -0.550000   data required time
---------------------------------------------------------------------------------------------
                                             -0.550000   data required time
                                             -1.170728   data arrival time
---------------------------------------------------------------------------------------------
                                              1.720728   slack (MET)


Startpoint: A[12] (input port clocked by __VIRTUAL_CLK__)
Endpoint: S[14] (output port clocked by __VIRTUAL_CLK__)
Path Group: __VIRTUAL_CLK__
Path Type: min

Fanout         Cap        Slew       Delay        Time   Description
---------------------------------------------------------------------------------------------
                      0.000000    0.000000    0.000000   clock __VIRTUAL_CLK__ (rise edge)
                                  0.000000    0.000000   clock network delay (ideal)
                                  0.800000    0.800000 ^ input external delay
     4    0.015897    0.077387    0.050088    0.850088 ^ A[12] (in)
                                                         A[12] (net)
                      0.077387    0.000000    0.850088 ^ _677_/C (sky130_fd_sc_hd__nand3_2)
     2    0.009710    0.075580    0.093542    0.943630 v _677_/Y (sky130_fd_sc_hd__nand3_2)
                                                         _024_ (net)
                      0.075580    0.000020    0.943649 v _645_/C1 (sky130_fd_sc_hd__o211ai_2)
     1    0.008640    0.080238    0.083109    1.026759 ^ _645_/Y (sky130_fd_sc_hd__o211ai_2)
                                                         _344_ (net)
                      0.080238    0.000008    1.026767 ^ _647_/B (sky130_fd_sc_hd__xor2_2)
     1    0.034798    0.102452    0.147949    1.174716 v _647_/X (sky130_fd_sc_hd__xor2_2)
                                                         S[14] (net)
                      0.102452    0.000184    1.174900 v S[14] (out)
                                              1.174900   data arrival time

                      0.000000    0.000000    0.000000   clock __VIRTUAL_CLK__ (rise edge)
                                  0.000000    0.000000   clock network delay (ideal)
                                  0.250000    0.250000   clock uncertainty
                                  0.000000    0.250000   clock reconvergence pessimism
                                 -0.800000   -0.550000   output external delay
                                             -0.550000   data required time
---------------------------------------------------------------------------------------------
                                             -0.550000   data required time
                                             -1.174900   data arrival time
---------------------------------------------------------------------------------------------
                                              1.724900   slack (MET)


Startpoint: A[31] (input port clocked by __VIRTUAL_CLK__)
Endpoint: S[31] (output port clocked by __VIRTUAL_CLK__)
Path Group: __VIRTUAL_CLK__
Path Type: min

Fanout         Cap        Slew       Delay        Time   Description
---------------------------------------------------------------------------------------------
                      0.000000    0.000000    0.000000   clock __VIRTUAL_CLK__ (rise edge)
                                  0.000000    0.000000   clock network delay (ideal)
                                  0.800000    0.800000 ^ input external delay
     2    0.019571    0.093740    0.060976    0.860976 ^ A[31] (in)
                                                         A[31] (net)
                      0.093741    0.000000    0.860976 ^ _607_/A (sky130_fd_sc_hd__xnor2_2)
     3    0.008675    0.054661    0.086312    0.947289 v _607_/Y (sky130_fd_sc_hd__xnor2_2)
                                                         _321_ (net)
                      0.054661    0.000032    0.947321 v _612_/B (sky130_fd_sc_hd__nor2_2)
     1    0.009526    0.130378    0.117221    1.064542 ^ _612_/Y (sky130_fd_sc_hd__nor2_2)
                                                         _326_ (net)
                      0.130378    0.000015    1.064557 ^ _614_/B2 (sky130_fd_sc_hd__a22oi_4)
     1    0.035561    0.097008    0.110905    1.175461 v _614_/Y (sky130_fd_sc_hd__a22oi_4)
                                                         S[31] (net)
                      0.097010    0.000325    1.175787 v S[31] (out)
                                              1.175787   data arrival time

                      0.000000    0.000000    0.000000   clock __VIRTUAL_CLK__ (rise edge)
                                  0.000000    0.000000   clock network delay (ideal)
                                  0.250000    0.250000   clock uncertainty
                                  0.000000    0.250000   clock reconvergence pessimism
                                 -0.800000   -0.550000   output external delay
                                             -0.550000   data required time
---------------------------------------------------------------------------------------------
                                             -0.550000   data required time
                                             -1.175787   data arrival time
---------------------------------------------------------------------------------------------
                                              1.725787   slack (MET)


Startpoint: A[23] (input port clocked by __VIRTUAL_CLK__)
Endpoint: S[23] (output port clocked by __VIRTUAL_CLK__)
Path Group: __VIRTUAL_CLK__
Path Type: min

Fanout         Cap        Slew       Delay        Time   Description
---------------------------------------------------------------------------------------------
                      0.000000    0.000000    0.000000   clock __VIRTUAL_CLK__ (rise edge)
                                  0.000000    0.000000   clock network delay (ideal)
                                  0.800000    0.800000 v input external delay
     3    0.010300    0.025164    0.015867    0.815867 v A[23] (in)
                                                         A[23] (net)
                      0.025165    0.000000    0.815867 v _502_/B1 (sky130_fd_sc_hd__o21ai_2)
     4    0.015198    0.106758    0.082162    0.898029 ^ _502_/Y (sky130_fd_sc_hd__o21ai_2)
                                                         _224_ (net)
                      0.106758    0.000022    0.898052 ^ _505_/A2 (sky130_fd_sc_hd__o21ai_2)
     1    0.004870    0.035020    0.060364    0.958416 v _505_/Y (sky130_fd_sc_hd__o21ai_2)
                                                         _227_ (net)
                      0.035020    0.000022    0.958438 v _512_/B1 (sky130_fd_sc_hd__a21oi_2)
     1    0.009523    0.146388    0.134326    1.092764 ^ _512_/Y (sky130_fd_sc_hd__a21oi_2)
                                                         _234_ (net)
                      0.146388    0.000013    1.092777 ^ _513_/B (sky130_fd_sc_hd__nor2_4)
     1    0.034861    0.062858    0.083220    1.175997 v _513_/Y (sky130_fd_sc_hd__nor2_4)
                                                         S[23] (net)
                      0.062859    0.000303    1.176300 v S[23] (out)
                                              1.176300   data arrival time

                      0.000000    0.000000    0.000000   clock __VIRTUAL_CLK__ (rise edge)
                                  0.000000    0.000000   clock network delay (ideal)
                                  0.250000    0.250000   clock uncertainty
                                  0.000000    0.250000   clock reconvergence pessimism
                                 -0.800000   -0.550000   output external delay
                                             -0.550000   data required time
---------------------------------------------------------------------------------------------
                                             -0.550000   data required time
                                             -1.176300   data arrival time
---------------------------------------------------------------------------------------------
                                              1.726300   slack (MET)


Startpoint: A[0] (input port clocked by __VIRTUAL_CLK__)
Endpoint: S[1] (output port clocked by __VIRTUAL_CLK__)
Path Group: __VIRTUAL_CLK__
Path Type: min

Fanout         Cap        Slew       Delay        Time   Description
---------------------------------------------------------------------------------------------
                      0.000000    0.000000    0.000000   clock __VIRTUAL_CLK__ (rise edge)
                                  0.000000    0.000000   clock network delay (ideal)
                                  0.800000    0.800000 ^ input external delay
     4    0.019214    0.092143    0.059880    0.859880 ^ A[0] (in)
                                                         A[0] (net)
                      0.092143    0.000000    0.859880 ^ _616_/A1 (sky130_fd_sc_hd__mux2_1)
     1    0.008676    0.090067    0.164395    1.024276 ^ _616_/X (sky130_fd_sc_hd__mux2_1)
                                                         _328_ (net)
                      0.090067    0.000012    1.024287 ^ _617_/B (sky130_fd_sc_hd__xnor2_2)
     1    0.034574    0.157833    0.153927    1.178214 v _617_/Y (sky130_fd_sc_hd__xnor2_2)
                                                         S[1] (net)
                      0.157833    0.000162    1.178376 v S[1] (out)
                                              1.178376   data arrival time

                      0.000000    0.000000    0.000000   clock __VIRTUAL_CLK__ (rise edge)
                                  0.000000    0.000000   clock network delay (ideal)
                                  0.250000    0.250000   clock uncertainty
                                  0.000000    0.250000   clock reconvergence pessimism
                                 -0.800000   -0.550000   output external delay
                                             -0.550000   data required time
---------------------------------------------------------------------------------------------
                                             -0.550000   data required time
                                             -1.178376   data arrival time
---------------------------------------------------------------------------------------------
                                              1.728376   slack (MET)


Startpoint: A[19] (input port clocked by __VIRTUAL_CLK__)
Endpoint: S[19] (output port clocked by __VIRTUAL_CLK__)
Path Group: __VIRTUAL_CLK__
Path Type: min

Fanout         Cap        Slew       Delay        Time   Description
---------------------------------------------------------------------------------------------
                      0.000000    0.000000    0.000000   clock __VIRTUAL_CLK__ (rise edge)
                                  0.000000    0.000000   clock network delay (ideal)
                                  0.800000    0.800000 ^ input external delay
     4    0.019323    0.092675    0.060340    0.860340 ^ A[19] (in)
                                                         A[19] (net)
                      0.092677    0.000000    0.860340 ^ _451_/B (sky130_fd_sc_hd__nand2_2)
     5    0.017792    0.078911    0.094610    0.954950 v _451_/Y (sky130_fd_sc_hd__nand2_2)
                                                         _177_ (net)
                      0.078911    0.000061    0.955011 v _456_/B (sky130_fd_sc_hd__nand4_2)
     1    0.004788    0.054217    0.090684    1.045695 ^ _456_/Y (sky130_fd_sc_hd__nand4_2)
                                                         _182_ (net)
                      0.054217    0.000004    1.045699 ^ _457_/B (sky130_fd_sc_hd__nand2_2)
     1    0.036687    0.147628    0.133074    1.178774 v _457_/Y (sky130_fd_sc_hd__nand2_2)
                                                         S[19] (net)
                      0.147634    0.000732    1.179505 v S[19] (out)
                                              1.179505   data arrival time

                      0.000000    0.000000    0.000000   clock __VIRTUAL_CLK__ (rise edge)
                                  0.000000    0.000000   clock network delay (ideal)
                                  0.250000    0.250000   clock uncertainty
                                  0.000000    0.250000   clock reconvergence pessimism
                                 -0.800000   -0.550000   output external delay
                                             -0.550000   data required time
---------------------------------------------------------------------------------------------
                                             -0.550000   data required time
                                             -1.179505   data arrival time
---------------------------------------------------------------------------------------------
                                              1.729505   slack (MET)


Startpoint: B[10] (input port clocked by __VIRTUAL_CLK__)
Endpoint: S[11] (output port clocked by __VIRTUAL_CLK__)
Path Group: __VIRTUAL_CLK__
Path Type: min

Fanout         Cap        Slew       Delay        Time   Description
---------------------------------------------------------------------------------------------
                      0.000000    0.000000    0.000000   clock __VIRTUAL_CLK__ (rise edge)
                                  0.000000    0.000000   clock network delay (ideal)
                                  0.800000    0.800000 v input external delay
     4    0.015898    0.037180    0.024372    0.824372 v B[10] (in)
                                                         B[10] (net)
                      0.037181    0.000000    0.824372 v _712_/B (sky130_fd_sc_hd__nand2_2)
     2    0.012303    0.079585    0.082601    0.906973 ^ _712_/Y (sky130_fd_sc_hd__nand2_2)
                                                         _059_ (net)
                      0.079585    0.000028    0.907002 ^ _715_/B (sky130_fd_sc_hd__nand2_4)
     4    0.017155    0.045975    0.066284    0.973285 v _715_/Y (sky130_fd_sc_hd__nand2_4)
                                                         _062_ (net)
                      0.045975    0.000117    0.973402 v _638_/B1 (sky130_fd_sc_hd__o21ai_2)
     1    0.008710    0.070993    0.067572    1.040974 ^ _638_/Y (sky130_fd_sc_hd__o21ai_2)
                                                         _340_ (net)
                      0.070993    0.000011    1.040984 ^ _639_/B (sky130_fd_sc_hd__xor2_2)
     1    0.035978    0.105197    0.148119    1.189103 v _639_/X (sky130_fd_sc_hd__xor2_2)
                                                         S[11] (net)
                      0.105197    0.000359    1.189462 v S[11] (out)
                                              1.189462   data arrival time

                      0.000000    0.000000    0.000000   clock __VIRTUAL_CLK__ (rise edge)
                                  0.000000    0.000000   clock network delay (ideal)
                                  0.250000    0.250000   clock uncertainty
                                  0.000000    0.250000   clock reconvergence pessimism
                                 -0.800000   -0.550000   output external delay
                                             -0.550000   data required time
---------------------------------------------------------------------------------------------
                                             -0.550000   data required time
                                             -1.189462   data arrival time
---------------------------------------------------------------------------------------------
                                              1.739462   slack (MET)


Startpoint: B[9] (input port clocked by __VIRTUAL_CLK__)
Endpoint: S[9] (output port clocked by __VIRTUAL_CLK__)
Path Group: __VIRTUAL_CLK__
Path Type: min

Fanout         Cap        Slew       Delay        Time   Description
---------------------------------------------------------------------------------------------
                      0.000000    0.000000    0.000000   clock __VIRTUAL_CLK__ (rise edge)
                                  0.000000    0.000000   clock network delay (ideal)
                                  0.800000    0.800000 ^ input external delay
     4    0.018341    0.088255    0.057322    0.857322 ^ B[9] (in)
                                                         B[9] (net)
                      0.088255    0.000000    0.857322 ^ _699_/A2 (sky130_fd_sc_hd__o21ai_2)
     4    0.015666    0.070514    0.087168    0.944491 v _699_/Y (sky130_fd_sc_hd__o21ai_2)
                                                         _046_ (net)
                      0.070514    0.000047    0.944538 v _700_/B (sky130_fd_sc_hd__nand2_2)
     1    0.009720    0.060141    0.088096    1.032634 ^ _700_/Y (sky130_fd_sc_hd__nand2_2)
                                                         _047_ (net)
                      0.060141    0.000040    1.032674 ^ _635_/A (sky130_fd_sc_hd__xnor2_2)
     1    0.034983    0.159073    0.156551    1.189225 v _635_/Y (sky130_fd_sc_hd__xnor2_2)
                                                         S[9] (net)
                      0.159073    0.000310    1.189535 v S[9] (out)
                                              1.189535   data arrival time

                      0.000000    0.000000    0.000000   clock __VIRTUAL_CLK__ (rise edge)
                                  0.000000    0.000000   clock network delay (ideal)
                                  0.250000    0.250000   clock uncertainty
                                  0.000000    0.250000   clock reconvergence pessimism
                                 -0.800000   -0.550000   output external delay
                                             -0.550000   data required time
---------------------------------------------------------------------------------------------
                                             -0.550000   data required time
                                             -1.189535   data arrival time
---------------------------------------------------------------------------------------------
                                              1.739534   slack (MET)


Startpoint: A[6] (input port clocked by __VIRTUAL_CLK__)
Endpoint: S[6] (output port clocked by __VIRTUAL_CLK__)
Path Group: __VIRTUAL_CLK__
Path Type: min

Fanout         Cap        Slew       Delay        Time   Description
---------------------------------------------------------------------------------------------
                      0.000000    0.000000    0.000000   clock __VIRTUAL_CLK__ (rise edge)
                                  0.000000    0.000000   clock network delay (ideal)
                                  0.800000    0.800000 v input external delay
     2    0.007470    0.018976    0.011492    0.811492 v A[6] (in)
                                                         A[6] (net)
                      0.018976    0.000000    0.811492 v _730_/B1 (sky130_fd_sc_hd__o21ai_2)
     4    0.017924    0.117705    0.089355    0.900847 ^ _730_/Y (sky130_fd_sc_hd__o21ai_2)
                                                         _077_ (net)
                      0.117705    0.000089    0.900936 ^ _350_/A2 (sky130_fd_sc_hd__o21ai_2)
     1    0.009075    0.049729    0.076289    0.977225 v _350_/Y (sky130_fd_sc_hd__o21ai_2)
                                                         _079_ (net)
                      0.049729    0.000042    0.977267 v _629_/A (sky130_fd_sc_hd__xnor2_2)
     1    0.034832    0.159001    0.217749    1.195016 v _629_/Y (sky130_fd_sc_hd__xnor2_2)
                                                         S[6] (net)
                      0.159001    0.000296    1.195311 v S[6] (out)
                                              1.195311   data arrival time

                      0.000000    0.000000    0.000000   clock __VIRTUAL_CLK__ (rise edge)
                                  0.000000    0.000000   clock network delay (ideal)
                                  0.250000    0.250000   clock uncertainty
                                  0.000000    0.250000   clock reconvergence pessimism
                                 -0.800000   -0.550000   output external delay
                                             -0.550000   data required time
---------------------------------------------------------------------------------------------
                                             -0.550000   data required time
                                             -1.195311   data arrival time
---------------------------------------------------------------------------------------------
                                              1.745311   slack (MET)


Startpoint: B[8] (input port clocked by __VIRTUAL_CLK__)
Endpoint: S[8] (output port clocked by __VIRTUAL_CLK__)
Path Group: __VIRTUAL_CLK__
Path Type: min

Fanout         Cap        Slew       Delay        Time   Description
---------------------------------------------------------------------------------------------
                      0.000000    0.000000    0.000000   clock __VIRTUAL_CLK__ (rise edge)
                                  0.000000    0.000000   clock network delay (ideal)
                                  0.800000    0.800000 v input external delay
     4    0.017132    0.039841    0.026241    0.826241 v B[8] (in)
                                                         B[8] (net)
                      0.039842    0.000000    0.826241 v _701_/B (sky130_fd_sc_hd__nand2_2)
     2    0.012133    0.081687    0.083178    0.909419 ^ _701_/Y (sky130_fd_sc_hd__nand2_2)
                                                         _048_ (net)
                      0.081687    0.000012    0.909432 ^ _705_/B (sky130_fd_sc_hd__nand2_4)
     4    0.015669    0.043255    0.064540    0.973971 v _705_/Y (sky130_fd_sc_hd__nand2_4)
                                                         _052_ (net)
                      0.043255    0.000004    0.973976 v _707_/A (sky130_fd_sc_hd__nand2_2)
     1    0.009196    0.059634    0.065960    1.039936 ^ _707_/Y (sky130_fd_sc_hd__nand2_2)
                                                         _054_ (net)
                      0.059634    0.000008    1.039944 ^ _633_/A (sky130_fd_sc_hd__xnor2_2)
     1    0.035038    0.159840    0.156577    1.196522 v _633_/Y (sky130_fd_sc_hd__xnor2_2)
                                                         S[8] (net)
                      0.159840    0.000324    1.196845 v S[8] (out)
                                              1.196845   data arrival time

                      0.000000    0.000000    0.000000   clock __VIRTUAL_CLK__ (rise edge)
                                  0.000000    0.000000   clock network delay (ideal)
                                  0.250000    0.250000   clock uncertainty
                                  0.000000    0.250000   clock reconvergence pessimism
                                 -0.800000   -0.550000   output external delay
                                             -0.550000   data required time
---------------------------------------------------------------------------------------------
                                             -0.550000   data required time
                                             -1.196845   data arrival time
---------------------------------------------------------------------------------------------
                                              1.746845   slack (MET)


Startpoint: A[16] (input port clocked by __VIRTUAL_CLK__)
Endpoint: S[17] (output port clocked by __VIRTUAL_CLK__)
Path Group: __VIRTUAL_CLK__
Path Type: min

Fanout         Cap        Slew       Delay        Time   Description
---------------------------------------------------------------------------------------------
                      0.000000    0.000000    0.000000   clock __VIRTUAL_CLK__ (rise edge)
                                  0.000000    0.000000   clock network delay (ideal)
                                  0.800000    0.800000 v input external delay
     2    0.009521    0.023452    0.014658    0.814658 v A[16] (in)
                                                         A[16] (net)
                      0.023452    0.000000    0.814658 v _657_/C (sky130_fd_sc_hd__nand3b_2)
     4    0.014891    0.093827    0.104506    0.919163 ^ _657_/Y (sky130_fd_sc_hd__nand3b_2)
                                                         _004_ (net)
                      0.093827    0.000075    0.919239 ^ _432_/A1 (sky130_fd_sc_hd__a21bo_2)
     1    0.008711    0.059594    0.144979    1.064218 ^ _432_/X (sky130_fd_sc_hd__a21bo_2)
                                                         _160_ (net)
                      0.059594    0.000009    1.064226 ^ _433_/B (sky130_fd_sc_hd__xor2_2)
     1    0.038232    0.110443    0.150459    1.214685 v _433_/X (sky130_fd_sc_hd__xor2_2)
                                                         S[17] (net)
                      0.110446    0.000689    1.215374 v S[17] (out)
                                              1.215374   data arrival time

                      0.000000    0.000000    0.000000   clock __VIRTUAL_CLK__ (rise edge)
                                  0.000000    0.000000   clock network delay (ideal)
                                  0.250000    0.250000   clock uncertainty
                                  0.000000    0.250000   clock reconvergence pessimism
                                 -0.800000   -0.550000   output external delay
                                             -0.550000   data required time
---------------------------------------------------------------------------------------------
                                             -0.550000   data required time
                                             -1.215374   data arrival time
---------------------------------------------------------------------------------------------
                                              1.765374   slack (MET)


Startpoint: A[7] (input port clocked by __VIRTUAL_CLK__)
Endpoint: S[7] (output port clocked by __VIRTUAL_CLK__)
Path Group: __VIRTUAL_CLK__
Path Type: min

Fanout         Cap        Slew       Delay        Time   Description
---------------------------------------------------------------------------------------------
                      0.000000    0.000000    0.000000   clock __VIRTUAL_CLK__ (rise edge)
                                  0.000000    0.000000   clock network delay (ideal)
                                  0.800000    0.800000 v input external delay
     3    0.007620    0.019308    0.011736    0.811736 v A[7] (in)
                                                         A[7] (net)
                      0.019308    0.000000    0.811736 v _371_/B1_N (sky130_fd_sc_hd__o21bai_4)
     4    0.019737    0.058423    0.173207    0.984943 v _371_/Y (sky130_fd_sc_hd__o21bai_4)
                                                         _100_ (net)
                      0.058423    0.000035    0.984978 v _375_/B1 (sky130_fd_sc_hd__o21ai_2)
     1    0.009662    0.076804    0.076095    1.061073 ^ _375_/Y (sky130_fd_sc_hd__o21ai_2)
                                                         _104_ (net)
                      0.076804    0.000013    1.061086 ^ _631_/A (sky130_fd_sc_hd__xor2_2)
     1    0.035860    0.104984    0.155574    1.216660 v _631_/X (sky130_fd_sc_hd__xor2_2)
                                                         S[7] (net)
                      0.104985    0.000529    1.217189 v S[7] (out)
                                              1.217189   data arrival time

                      0.000000    0.000000    0.000000   clock __VIRTUAL_CLK__ (rise edge)
                                  0.000000    0.000000   clock network delay (ideal)
                                  0.250000    0.250000   clock uncertainty
                                  0.000000    0.250000   clock reconvergence pessimism
                                 -0.800000   -0.550000   output external delay
                                             -0.550000   data required time
---------------------------------------------------------------------------------------------
                                             -0.550000   data required time
                                             -1.217189   data arrival time
---------------------------------------------------------------------------------------------
                                              1.767189   slack (MET)


Startpoint: A[4] (input port clocked by __VIRTUAL_CLK__)
Endpoint: S[5] (output port clocked by __VIRTUAL_CLK__)
Path Group: __VIRTUAL_CLK__
Path Type: min

Fanout         Cap        Slew       Delay        Time   Description
---------------------------------------------------------------------------------------------
                      0.000000    0.000000    0.000000   clock __VIRTUAL_CLK__ (rise edge)
                                  0.000000    0.000000   clock network delay (ideal)
                                  0.800000    0.800000 v input external delay
     3    0.008456    0.021123    0.013004    0.813004 v A[4] (in)
                                                         A[4] (net)
                      0.021123    0.000000    0.813004 v _364_/B1 (sky130_fd_sc_hd__o21ai_2)
     3    0.010741    0.082148    0.064768    0.877771 ^ _364_/Y (sky130_fd_sc_hd__o21ai_2)
                                                         _093_ (net)
                      0.082148    0.000017    0.877789 ^ _626_/A2 (sky130_fd_sc_hd__o22a_2)
     3    0.017924    0.099729    0.183232    1.061020 ^ _626_/X (sky130_fd_sc_hd__o22a_2)
                                                         _334_ (net)
                      0.099729    0.000089    1.061109 ^ _627_/B (sky130_fd_sc_hd__xnor2_2)
     1    0.034712    0.158525    0.156657    1.217766 v _627_/Y (sky130_fd_sc_hd__xnor2_2)
                                                         S[5] (net)
                      0.158525    0.000276    1.218042 v S[5] (out)
                                              1.218042   data arrival time

                      0.000000    0.000000    0.000000   clock __VIRTUAL_CLK__ (rise edge)
                                  0.000000    0.000000   clock network delay (ideal)
                                  0.250000    0.250000   clock uncertainty
                                  0.000000    0.250000   clock reconvergence pessimism
                                 -0.800000   -0.550000   output external delay
                                             -0.550000   data required time
---------------------------------------------------------------------------------------------
                                             -0.550000   data required time
                                             -1.218042   data arrival time
---------------------------------------------------------------------------------------------
                                              1.768042   slack (MET)


Startpoint: A[18] (input port clocked by __VIRTUAL_CLK__)
Endpoint: S[18] (output port clocked by __VIRTUAL_CLK__)
Path Group: __VIRTUAL_CLK__
Path Type: min

Fanout         Cap        Slew       Delay        Time   Description
---------------------------------------------------------------------------------------------
                      0.000000    0.000000    0.000000   clock __VIRTUAL_CLK__ (rise edge)
                                  0.000000    0.000000   clock network delay (ideal)
                                  0.800000    0.800000 ^ input external delay
     3    0.015734    0.076671    0.049642    0.849642 ^ A[18] (in)
                                                         A[18] (net)
                      0.076672    0.000000    0.849642 ^ _438_/C (sky130_fd_sc_hd__nand3b_2)
     2    0.006806    0.063493    0.086883    0.936525 v _438_/Y (sky130_fd_sc_hd__nand3b_2)
                                                         _165_ (net)
                      0.063493    0.000027    0.936552 v _440_/A (sky130_fd_sc_hd__nand2_2)
     3    0.021473    0.117920    0.115279    1.051831 ^ _440_/Y (sky130_fd_sc_hd__nand2_2)
                                                         _167_ (net)
                      0.117920    0.000117    1.051948 ^ _445_/A (sky130_fd_sc_hd__xor2_2)
     1    0.037246    0.108158    0.171353    1.223302 v _445_/X (sky130_fd_sc_hd__xor2_2)
                                                         S[18] (net)
                      0.108159    0.000535    1.223837 v S[18] (out)
                                              1.223837   data arrival time

                      0.000000    0.000000    0.000000   clock __VIRTUAL_CLK__ (rise edge)
                                  0.000000    0.000000   clock network delay (ideal)
                                  0.250000    0.250000   clock uncertainty
                                  0.000000    0.250000   clock reconvergence pessimism
                                 -0.800000   -0.550000   output external delay
                                             -0.550000   data required time
---------------------------------------------------------------------------------------------
                                             -0.550000   data required time
                                             -1.223837   data arrival time
---------------------------------------------------------------------------------------------
                                              1.773836   slack (MET)


Startpoint: B[10] (input port clocked by __VIRTUAL_CLK__)
Endpoint: S[10] (output port clocked by __VIRTUAL_CLK__)
Path Group: __VIRTUAL_CLK__
Path Type: min

Fanout         Cap        Slew       Delay        Time   Description
---------------------------------------------------------------------------------------------
                      0.000000    0.000000    0.000000   clock __VIRTUAL_CLK__ (rise edge)
                                  0.000000    0.000000   clock network delay (ideal)
                                  0.800000    0.800000 v input external delay
     4    0.015898    0.037180    0.024372    0.824372 v B[10] (in)
                                                         B[10] (net)
                      0.037181    0.000000    0.824372 v _712_/B (sky130_fd_sc_hd__nand2_2)
     2    0.012303    0.079585    0.082601    0.906973 ^ _712_/Y (sky130_fd_sc_hd__nand2_2)
                                                         _059_ (net)
                      0.079585    0.000028    0.907002 ^ _715_/B (sky130_fd_sc_hd__nand2_4)
     4    0.017155    0.045975    0.066284    0.973285 v _715_/Y (sky130_fd_sc_hd__nand2_4)
                                                         _062_ (net)
                      0.045975    0.000110    0.973395 v _716_/B (sky130_fd_sc_hd__nand2_2)
     2    0.014775    0.089745    0.094390    1.067785 ^ _716_/Y (sky130_fd_sc_hd__nand2_2)
                                                         _063_ (net)
                      0.089745    0.000016    1.067801 ^ _637_/A (sky130_fd_sc_hd__xor2_2)
     1    0.035689    0.104519    0.159000    1.226801 v _637_/X (sky130_fd_sc_hd__xor2_2)
                                                         S[10] (net)
                      0.104519    0.000318    1.227119 v S[10] (out)
                                              1.227119   data arrival time

                      0.000000    0.000000    0.000000   clock __VIRTUAL_CLK__ (rise edge)
                                  0.000000    0.000000   clock network delay (ideal)
                                  0.250000    0.250000   clock uncertainty
                                  0.000000    0.250000   clock reconvergence pessimism
                                 -0.800000   -0.550000   output external delay
                                             -0.550000   data required time
---------------------------------------------------------------------------------------------
                                             -0.550000   data required time
                                             -1.227119   data arrival time
---------------------------------------------------------------------------------------------
                                              1.777119   slack (MET)


Startpoint: A[24] (input port clocked by __VIRTUAL_CLK__)
Endpoint: S[26] (output port clocked by __VIRTUAL_CLK__)
Path Group: __VIRTUAL_CLK__
Path Type: min

Fanout         Cap        Slew       Delay        Time   Description
---------------------------------------------------------------------------------------------
                      0.000000    0.000000    0.000000   clock __VIRTUAL_CLK__ (rise edge)
                                  0.000000    0.000000   clock network delay (ideal)
                                  0.800000    0.800000 v input external delay
     3    0.008790    0.021854    0.013523    0.813523 v A[24] (in)
                                                         A[24] (net)
                      0.021854    0.000000    0.813523 v _525_/C (sky130_fd_sc_hd__nand3b_2)
     3    0.015220    0.095524    0.105091    0.918615 ^ _525_/Y (sky130_fd_sc_hd__nand3b_2)
                                                         _246_ (net)
                      0.095524    0.000032    0.918647 ^ _543_/A1 (sky130_fd_sc_hd__a21oi_2)
     3    0.013667    0.039280    0.082661    1.001308 v _543_/Y (sky130_fd_sc_hd__a21oi_2)
                                                         _262_ (net)
                      0.039280    0.000070    1.001378 v _550_/A2 (sky130_fd_sc_hd__o21bai_2)
     1    0.004810    0.052720    0.105114    1.106492 ^ _550_/Y (sky130_fd_sc_hd__o21bai_2)
                                                         _269_ (net)
                      0.052720    0.000005    1.106497 ^ _552_/A (sky130_fd_sc_hd__nand2_2)
     1    0.035073    0.141482    0.123383    1.229881 v _552_/Y (sky130_fd_sc_hd__nand2_2)
                                                         S[26] (net)
                      0.141483    0.000241    1.230121 v S[26] (out)
                                              1.230121   data arrival time

                      0.000000    0.000000    0.000000   clock __VIRTUAL_CLK__ (rise edge)
                                  0.000000    0.000000   clock network delay (ideal)
                                  0.250000    0.250000   clock uncertainty
                                  0.000000    0.250000   clock reconvergence pessimism
                                 -0.800000   -0.550000   output external delay
                                             -0.550000   data required time
---------------------------------------------------------------------------------------------
                                             -0.550000   data required time
                                             -1.230121   data arrival time
---------------------------------------------------------------------------------------------
                                              1.780121   slack (MET)


Startpoint: A[12] (input port clocked by __VIRTUAL_CLK__)
Endpoint: S[12] (output port clocked by __VIRTUAL_CLK__)
Path Group: __VIRTUAL_CLK__
Path Type: min

Fanout         Cap        Slew       Delay        Time   Description
---------------------------------------------------------------------------------------------
                      0.000000    0.000000    0.000000   clock __VIRTUAL_CLK__ (rise edge)
                                  0.000000    0.000000   clock network delay (ideal)
                                  0.800000    0.800000 v input external delay
     4    0.014880    0.034988    0.022849    0.822849 v A[12] (in)
                                                         A[12] (net)
                      0.034989    0.000000    0.822849 v _675_/B1 (sky130_fd_sc_hd__o21ai_2)
     2    0.007689    0.065245    0.059421    0.882270 ^ _675_/Y (sky130_fd_sc_hd__o21ai_2)
                                                         _022_ (net)
                      0.065245    0.000009    0.882279 ^ _687_/A2 (sky130_fd_sc_hd__o21a_2)
     5    0.024408    0.133562    0.181996    1.064275 ^ _687_/X (sky130_fd_sc_hd__o21a_2)
                                                         _034_ (net)
                      0.133562    0.000152    1.064427 ^ _642_/A (sky130_fd_sc_hd__xor2_2)
     1    0.034238    0.101179    0.167653    1.232080 v _642_/X (sky130_fd_sc_hd__xor2_2)
                                                         S[12] (net)
                      0.101179    0.000116    1.232196 v S[12] (out)
                                              1.232196   data arrival time

                      0.000000    0.000000    0.000000   clock __VIRTUAL_CLK__ (rise edge)
                                  0.000000    0.000000   clock network delay (ideal)
                                  0.250000    0.250000   clock uncertainty
                                  0.000000    0.250000   clock reconvergence pessimism
                                 -0.800000   -0.550000   output external delay
                                             -0.550000   data required time
---------------------------------------------------------------------------------------------
                                             -0.550000   data required time
                                             -1.232196   data arrival time
---------------------------------------------------------------------------------------------
                                              1.782196   slack (MET)


Startpoint: A[16] (input port clocked by __VIRTUAL_CLK__)
Endpoint: S[16] (output port clocked by __VIRTUAL_CLK__)
Path Group: __VIRTUAL_CLK__
Path Type: min

Fanout         Cap        Slew       Delay        Time   Description
---------------------------------------------------------------------------------------------
                      0.000000    0.000000    0.000000   clock __VIRTUAL_CLK__ (rise edge)
                                  0.000000    0.000000   clock network delay (ideal)
                                  0.800000    0.800000 ^ input external delay
     2    0.010223    0.052405    0.032996    0.832996 ^ A[16] (in)
                                                         A[16] (net)
                      0.052405    0.000000    0.832996 ^ _657_/C (sky130_fd_sc_hd__nand3b_2)
     4    0.014179    0.103214    0.112072    0.945068 v _657_/Y (sky130_fd_sc_hd__nand3b_2)
                                                         _004_ (net)
                      0.103214    0.000070    0.945138 v _659_/A (sky130_fd_sc_hd__nand2_2)
     2    0.019555    0.112936    0.126080    1.071218 ^ _659_/Y (sky130_fd_sc_hd__nand2_2)
                                                         _006_ (net)
                      0.112936    0.000034    1.071252 ^ _425_/A (sky130_fd_sc_hd__xor2_2)
     1    0.037675    0.109153    0.171037    1.242289 v _425_/X (sky130_fd_sc_hd__xor2_2)
                                                         S[16] (net)
                      0.109155    0.000615    1.242904 v S[16] (out)
                                              1.242904   data arrival time

                      0.000000    0.000000    0.000000   clock __VIRTUAL_CLK__ (rise edge)
                                  0.000000    0.000000   clock network delay (ideal)
                                  0.250000    0.250000   clock uncertainty
                                  0.000000    0.250000   clock reconvergence pessimism
                                 -0.800000   -0.550000   output external delay
                                             -0.550000   data required time
---------------------------------------------------------------------------------------------
                                             -0.550000   data required time
                                             -1.242904   data arrival time
---------------------------------------------------------------------------------------------
                                              1.792904   slack (MET)


Startpoint: A[28] (input port clocked by __VIRTUAL_CLK__)
Endpoint: S[28] (output port clocked by __VIRTUAL_CLK__)
Path Group: __VIRTUAL_CLK__
Path Type: min

Fanout         Cap        Slew       Delay        Time   Description
---------------------------------------------------------------------------------------------
                      0.000000    0.000000    0.000000   clock __VIRTUAL_CLK__ (rise edge)
                                  0.000000    0.000000   clock network delay (ideal)
                                  0.800000    0.800000 ^ input external delay
     3    0.005723    0.032459    0.019150    0.819150 ^ A[28] (in)
                                                         A[28] (net)
                      0.032459    0.000000    0.819150 ^ _567_/B1_N (sky130_fd_sc_hd__o21bai_2)
     3    0.010574    0.078047    0.115340    0.934490 ^ _567_/Y (sky130_fd_sc_hd__o21bai_2)
                                                         _284_ (net)
                      0.078047    0.000046    0.934537 ^ _580_/A1 (sky130_fd_sc_hd__a21o_2)
     1    0.002744    0.027121    0.110269    1.044806 ^ _580_/X (sky130_fd_sc_hd__a21o_2)
                                                         _297_ (net)
                      0.027121    0.000002    1.044808 ^ _581_/B (sky130_fd_sc_hd__and2b_4)
     1    0.035336    0.129109    0.198995    1.243802 ^ _581_/X (sky130_fd_sc_hd__and2b_4)
                                                         S[28] (net)
                      0.129109    0.000259    1.244061 ^ S[28] (out)
                                              1.244061   data arrival time

                      0.000000    0.000000    0.000000   clock __VIRTUAL_CLK__ (rise edge)
                                  0.000000    0.000000   clock network delay (ideal)
                                  0.250000    0.250000   clock uncertainty
                                  0.000000    0.250000   clock reconvergence pessimism
                                 -0.800000   -0.550000   output external delay
                                             -0.550000   data required time
---------------------------------------------------------------------------------------------
                                             -0.550000   data required time
                                             -1.244061   data arrival time
---------------------------------------------------------------------------------------------
                                              1.794061   slack (MET)


Startpoint: A[15] (input port clocked by __VIRTUAL_CLK__)
Endpoint: S[15] (output port clocked by __VIRTUAL_CLK__)
Path Group: __VIRTUAL_CLK__
Path Type: min

Fanout         Cap        Slew       Delay        Time   Description
---------------------------------------------------------------------------------------------
                      0.000000    0.000000    0.000000   clock __VIRTUAL_CLK__ (rise edge)
                                  0.000000    0.000000   clock network delay (ideal)
                                  0.800000    0.800000 ^ input external delay
     2    0.004262    0.026078    0.014641    0.814641 ^ A[15] (in)
                                                         A[15] (net)
                      0.026078    0.000000    0.814641 ^ _681_/B1_N (sky130_fd_sc_hd__o21bai_2)
     6    0.020838    0.126683    0.146548    0.961190 ^ _681_/Y (sky130_fd_sc_hd__o21bai_2)
                                                         _028_ (net)
                      0.126683    0.000043    0.961232 ^ _649_/A2 (sky130_fd_sc_hd__a22oi_2)
     1    0.008332    0.057717    0.102396    1.063629 v _649_/Y (sky130_fd_sc_hd__a22oi_2)
                                                         _347_ (net)
                      0.057717    0.000010    1.063638 v _650_/B (sky130_fd_sc_hd__nor2_4)
     1    0.035088    0.232171    0.195683    1.259321 ^ _650_/Y (sky130_fd_sc_hd__nor2_4)
                                                         S[15] (net)
                      0.232172    0.000225    1.259547 ^ S[15] (out)
                                              1.259547   data arrival time

                      0.000000    0.000000    0.000000   clock __VIRTUAL_CLK__ (rise edge)
                                  0.000000    0.000000   clock network delay (ideal)
                                  0.250000    0.250000   clock uncertainty
                                  0.000000    0.250000   clock reconvergence pessimism
                                 -0.800000   -0.550000   output external delay
                                             -0.550000   data required time
---------------------------------------------------------------------------------------------
                                             -0.550000   data required time
                                             -1.259547   data arrival time
---------------------------------------------------------------------------------------------
                                              1.809547   slack (MET)


Startpoint: A[19] (input port clocked by __VIRTUAL_CLK__)
Endpoint: S[20] (output port clocked by __VIRTUAL_CLK__)
Path Group: __VIRTUAL_CLK__
Path Type: min

Fanout         Cap        Slew       Delay        Time   Description
---------------------------------------------------------------------------------------------
                      0.000000    0.000000    0.000000   clock __VIRTUAL_CLK__ (rise edge)
                                  0.000000    0.000000   clock network delay (ideal)
                                  0.800000    0.800000 v input external delay
     4    0.017919    0.041576    0.027471    0.827471 v A[19] (in)
                                                         A[19] (net)
                      0.041580    0.000000    0.827471 v _452_/A (sky130_fd_sc_hd__nor2_2)
     1    0.010039    0.135582    0.137786    0.965256 ^ _452_/Y (sky130_fd_sc_hd__nor2_2)
                                                         _178_ (net)
                      0.135582    0.000018    0.965275 ^ _470_/A1 (sky130_fd_sc_hd__o22ai_4)
     7    0.040613    0.110305    0.141423    1.106697 v _470_/Y (sky130_fd_sc_hd__o22ai_4)
                                                         _195_ (net)
                      0.110311    0.000627    1.107324 v _471_/B (sky130_fd_sc_hd__xor2_4)
     1    0.034742    0.068946    0.201249    1.308573 v _471_/X (sky130_fd_sc_hd__xor2_4)
                                                         S[20] (net)
                      0.068946    0.000285    1.308858 v S[20] (out)
                                              1.308858   data arrival time

                      0.000000    0.000000    0.000000   clock __VIRTUAL_CLK__ (rise edge)
                                  0.000000    0.000000   clock network delay (ideal)
                                  0.250000    0.250000   clock uncertainty
                                  0.000000    0.250000   clock reconvergence pessimism
                                 -0.800000   -0.550000   output external delay
                                             -0.550000   data required time
---------------------------------------------------------------------------------------------
                                             -0.550000   data required time
                                             -1.308858   data arrival time
---------------------------------------------------------------------------------------------
                                              1.858858   slack (MET)


Startpoint: A[24] (input port clocked by __VIRTUAL_CLK__)
Endpoint: S[24] (output port clocked by __VIRTUAL_CLK__)
Path Group: __VIRTUAL_CLK__
Path Type: min

Fanout         Cap        Slew       Delay        Time   Description
---------------------------------------------------------------------------------------------
                      0.000000    0.000000    0.000000   clock __VIRTUAL_CLK__ (rise edge)
                                  0.000000    0.000000   clock network delay (ideal)
                                  0.800000    0.800000 v input external delay
     3    0.008790    0.021854    0.013523    0.813523 v A[24] (in)
                                                         A[24] (net)
                      0.021854    0.000000    0.813523 v _525_/C (sky130_fd_sc_hd__nand3b_2)
     3    0.015220    0.095524    0.105091    0.918615 ^ _525_/Y (sky130_fd_sc_hd__nand3b_2)
                                                         _246_ (net)
                      0.095524    0.000034    0.918649 ^ _527_/A (sky130_fd_sc_hd__nand2_2)
     5    0.018977    0.081087    0.094568    1.013216 v _527_/Y (sky130_fd_sc_hd__nand2_2)
                                                         _248_ (net)
                      0.081111    0.000131    1.013347 v _530_/B1 (sky130_fd_sc_hd__o211ai_2)
     1    0.002404    0.048238    0.072606    1.085953 ^ _530_/Y (sky130_fd_sc_hd__o211ai_2)
                                                         _251_ (net)
                      0.048238    0.000010    1.085963 ^ _531_/B (sky130_fd_sc_hd__and2_2)
     1    0.035721    0.187571    0.238451    1.324414 ^ _531_/X (sky130_fd_sc_hd__and2_2)
                                                         S[24] (net)
                      0.187571    0.000500    1.324914 ^ S[24] (out)
                                              1.324914   data arrival time

                      0.000000    0.000000    0.000000   clock __VIRTUAL_CLK__ (rise edge)
                                  0.000000    0.000000   clock network delay (ideal)
                                  0.250000    0.250000   clock uncertainty
                                  0.000000    0.250000   clock reconvergence pessimism
                                 -0.800000   -0.550000   output external delay
                                             -0.550000   data required time
---------------------------------------------------------------------------------------------
                                             -0.550000   data required time
                                             -1.324914   data arrival time
---------------------------------------------------------------------------------------------
                                              1.874914   slack (MET)



