Reading timing models for corner max_tt_025C_1v80…
Reading timing library for the 'max_tt_025C_1v80' corner at '/home/admin/.ciel/ciel/sky130/versions/8afc8346a57fe1ab7934ba5a6056ea8b43078e71/sky130A/libs.ref/sky130_fd_sc_hd/lib/sky130_fd_sc_hd__tt_025C_1v80.lib'…
Reading timing models for corner min_ss_100C_1v60…
Reading timing library for the 'min_ss_100C_1v60' corner at '/home/admin/.ciel/ciel/sky130/versions/8afc8346a57fe1ab7934ba5a6056ea8b43078e71/sky130A/libs.ref/sky130_fd_sc_hd/lib/sky130_fd_sc_hd__ss_100C_1v60.lib'…
Reading timing models for corner nom_tt_025C_1v80…
Reading timing library for the 'nom_tt_025C_1v80' corner at '/home/admin/.ciel/ciel/sky130/versions/8afc8346a57fe1ab7934ba5a6056ea8b43078e71/sky130A/libs.ref/sky130_fd_sc_hd/lib/sky130_fd_sc_hd__tt_025C_1v80.lib'…
[WARNING STA-1140] /home/admin/.ciel/ciel/sky130/versions/8afc8346a57fe1ab7934ba5a6056ea8b43078e71/sky130A/libs.ref/sky130_fd_sc_hd/lib/sky130_fd_sc_hd__tt_025C_1v80.lib line 1, library sky130_fd_sc_hd__tt_025C_1v80 already exists.
Reading timing models for corner max_ff_n40C_1v95…
Reading timing library for the 'max_ff_n40C_1v95' corner at '/home/admin/.ciel/ciel/sky130/versions/8afc8346a57fe1ab7934ba5a6056ea8b43078e71/sky130A/libs.ref/sky130_fd_sc_hd/lib/sky130_fd_sc_hd__ff_n40C_1v95.lib'…
Reading timing models for corner nom_ff_n40C_1v95…
Reading timing library for the 'nom_ff_n40C_1v95' corner at '/home/admin/.ciel/ciel/sky130/versions/8afc8346a57fe1ab7934ba5a6056ea8b43078e71/sky130A/libs.ref/sky130_fd_sc_hd/lib/sky130_fd_sc_hd__ff_n40C_1v95.lib'…
[WARNING STA-1140] /home/admin/.ciel/ciel/sky130/versions/8afc8346a57fe1ab7934ba5a6056ea8b43078e71/sky130A/libs.ref/sky130_fd_sc_hd/lib/sky130_fd_sc_hd__ff_n40C_1v95.lib line 1, library sky130_fd_sc_hd__ff_n40C_1v95 already exists.
Reading timing models for corner max_ss_100C_1v60…
Reading timing library for the 'max_ss_100C_1v60' corner at '/home/admin/.ciel/ciel/sky130/versions/8afc8346a57fe1ab7934ba5a6056ea8b43078e71/sky130A/libs.ref/sky130_fd_sc_hd/lib/sky130_fd_sc_hd__ss_100C_1v60.lib'…
[WARNING STA-1140] /home/admin/.ciel/ciel/sky130/versions/8afc8346a57fe1ab7934ba5a6056ea8b43078e71/sky130A/libs.ref/sky130_fd_sc_hd/lib/sky130_fd_sc_hd__ss_100C_1v60.lib line 1, library sky130_fd_sc_hd__ss_100C_1v60 already exists.
Reading timing models for corner min_tt_025C_1v80…
Reading timing library for the 'min_tt_025C_1v80' corner at '/home/admin/.ciel/ciel/sky130/versions/8afc8346a57fe1ab7934ba5a6056ea8b43078e71/sky130A/libs.ref/sky130_fd_sc_hd/lib/sky130_fd_sc_hd__tt_025C_1v80.lib'…
[WARNING STA-1140] /home/admin/.ciel/ciel/sky130/versions/8afc8346a57fe1ab7934ba5a6056ea8b43078e71/sky130A/libs.ref/sky130_fd_sc_hd/lib/sky130_fd_sc_hd__tt_025C_1v80.lib line 1, library sky130_fd_sc_hd__tt_025C_1v80 already exists.
Reading timing models for corner nom_ss_100C_1v60…
Reading timing library for the 'nom_ss_100C_1v60' corner at '/home/admin/.ciel/ciel/sky130/versions/8afc8346a57fe1ab7934ba5a6056ea8b43078e71/sky130A/libs.ref/sky130_fd_sc_hd/lib/sky130_fd_sc_hd__ss_100C_1v60.lib'…
[WARNING STA-1140] /home/admin/.ciel/ciel/sky130/versions/8afc8346a57fe1ab7934ba5a6056ea8b43078e71/sky130A/libs.ref/sky130_fd_sc_hd/lib/sky130_fd_sc_hd__ss_100C_1v60.lib line 1, library sky130_fd_sc_hd__ss_100C_1v60 already exists.
Reading timing models for corner min_ff_n40C_1v95…
Reading timing library for the 'min_ff_n40C_1v95' corner at '/home/admin/.ciel/ciel/sky130/versions/8afc8346a57fe1ab7934ba5a6056ea8b43078e71/sky130A/libs.ref/sky130_fd_sc_hd/lib/sky130_fd_sc_hd__ff_n40C_1v95.lib'…
[WARNING STA-1140] /home/admin/.ciel/ciel/sky130/versions/8afc8346a57fe1ab7934ba5a6056ea8b43078e71/sky130A/libs.ref/sky130_fd_sc_hd/lib/sky130_fd_sc_hd__ff_n40C_1v95.lib line 1, library sky130_fd_sc_hd__ff_n40C_1v95 already exists.
Reading OpenROAD database at '/home/admin/Documents/Projekty/Hobby/Nauka/RISC-5/.v/DDCA/code/exercises/ALUDesignIverilog/ALU/systemIverilog/build/runs/RUN_2026-09-29_09-14-42/28-openroad-globalplacement/addsub32.odb'…
Reading design constraints file at '/nix/store/33pw6r3szpqrlxwi0ri36rfq68whzq26-python3-3.13.9-env/lib/python3.13/site-packages/librelane/scripts/base.sdc'…
[WARNING STA-0366] port '__VIRTUAL_CLK__' not found.
[INFO] Using clock __VIRTUAL_CLK__…
[INFO] Setting output delay to: 0.8
[INFO] Setting input delay to: 0.8
[WARNING STA-0366] port '__VIRTUAL_CLK__' not found.
[INFO] Setting load to: 0.033442
[INFO] Setting clock uncertainty to: 0.25
[INFO] Setting clock transition to: 0.1499999999999999944488848768742172978818416595458984375
[WARNING STA-0419] transition time can not be specified for virtual clocks.
[INFO] Setting timing derate to: 5.0%
[WARNING STA-0450] virtual clock __VIRTUAL_CLK__ can not be propagated.
[INFO RSZ-0027] Inserted 65 sky130_fd_sc_hd__clkdlybuf4s25_1 input buffers.
[INFO RSZ-0028] Inserted 33 sky130_fd_sc_hd__clkdlybuf4s25_1 output buffers.
+ repair_design -verbose -max_wire_length 0.0 -slew_margin 20.0 -cap_margin 20.0
Iteration |   Area    | Resized | Buffers | Nets repaired | Remaining
---------------------------------------------------------------------
        0 |     +0.0% |       0 |       0 |             0 |       545
       10 |     +0.0% |       0 |       0 |             0 |       535
       20 |     +0.0% |       0 |       0 |             0 |       525
       30 |     +0.0% |       0 |       0 |             0 |       515
       40 |     +0.0% |       0 |       0 |             0 |       505
       50 |     +0.0% |       0 |       0 |             0 |       495
       60 |     +0.0% |       0 |       0 |             0 |       485
       70 |     +0.0% |       0 |       0 |             0 |       475
       80 |     +0.0% |       0 |       0 |             0 |       465
       90 |     +0.0% |       0 |       0 |             0 |       455
      100 |     +0.0% |       0 |       0 |             0 |       445
      110 |     +0.0% |       0 |       0 |             0 |       435
      120 |     +0.0% |       0 |       0 |             0 |       425
      130 |     +0.0% |       0 |       0 |             0 |       415
      140 |     +0.1% |       0 |       1 |             1 |       405
      150 |     +0.1% |       0 |       1 |             1 |       395
      160 |     +0.1% |       0 |       1 |             1 |       385
      170 |     +0.1% |       0 |       1 |             1 |       375
      180 |     +0.1% |       0 |       1 |             1 |       365
      190 |     +0.1% |       0 |       1 |             1 |       355
      200 |     +0.1% |       0 |       1 |             1 |       345
      210 |     +0.1% |       0 |       1 |             1 |       335
      220 |     +0.1% |       0 |       1 |             1 |       325
      230 |     +0.1% |       0 |       1 |             1 |       315
      240 |     +0.1% |       0 |       1 |             1 |       305
      250 |     +0.1% |       0 |       1 |             1 |       295
      260 |     +0.1% |       0 |       1 |             1 |       285
      270 |     +0.1% |       0 |       1 |             1 |       275
      280 |     +0.1% |       0 |       1 |             1 |       265
      290 |     +0.1% |       0 |       1 |             1 |       255
      300 |     +0.1% |       0 |       1 |             1 |       245
      310 |     +0.1% |       0 |       1 |             1 |       235
      320 |     +0.1% |       0 |       1 |             1 |       225
      330 |     +0.1% |       0 |       1 |             1 |       215
      340 |     +0.1% |       0 |       1 |             1 |       205
      350 |     +0.1% |       0 |       1 |             1 |       195
      360 |     +0.1% |       0 |       1 |             1 |       185
      370 |     +0.1% |       0 |       1 |             1 |       175
      380 |     +0.1% |       0 |       1 |             1 |       165
      390 |     +0.1% |       0 |       1 |             1 |       155
      400 |     +0.1% |       0 |       1 |             1 |       145
      410 |     +0.1% |       0 |       1 |             1 |       135
      420 |     +4.0% |       0 |      23 |             2 |       125
      430 |     +4.0% |       0 |      23 |             2 |       115
      440 |     +4.0% |       0 |      23 |             2 |       105
      450 |     +4.0% |       0 |      23 |             2 |        95
      460 |     +4.0% |       0 |      23 |             2 |        85
      470 |     +4.0% |       0 |      23 |             2 |        75
      480 |     +4.0% |       0 |      23 |             2 |        65
      490 |     +4.0% |       0 |      23 |             2 |        55
      500 |     +4.0% |       0 |      23 |             2 |        45
      510 |     +4.0% |       0 |      23 |             2 |        35
      520 |     +4.0% |       0 |      23 |             2 |        25
      530 |     +4.0% |       0 |      23 |             2 |        15
      540 |     +4.0% |       0 |      23 |             2 |         5
    final |     +4.0% |       0 |      23 |             2 |         0
---------------------------------------------------------------------
[INFO RSZ-0034] Found 2 slew violations.
[INFO RSZ-0035] Found 1 fanout violations.
[INFO RSZ-0038] Inserted 23 buffers in 2 nets.
[WARNING RSZ-0020] found 2 floating nets.
 VGND
 VPWR
+ detailed_placement -max_displacement  500 100 
Placement Analysis
---------------------------------
total displacement       2549.9 u
average displacement        3.4 u
max displacement           25.1 u
original HPWL            7985.2 u
legalized HPWL           9355.7 u
delta HPWL                   17 %

[INFO DPL-0020] Mirrored 191 instances
[INFO DPL-0021] HPWL before            9355.7 u
[INFO DPL-0022] HPWL after             8933.9 u
[INFO DPL-0023] HPWL delta               -4.5 %
Setting global connections for newly added cells…
[INFO] Setting global connections...
[INFO ODB-0403] 484 connections made, 0 conflicts skipped.
Updating metrics…
Cell type report:                       Count       Area
  Fill cell                                82     307.80
  Tap cell                                172     215.21
  Timing Repair Buffer                    121    1176.13
  Inverter                                  7      33.78
  Multi-Input combinational cell          375    3877.47
  Total                                   757    5610.38
Writing OpenROAD database to '/home/admin/Documents/Projekty/Hobby/Nauka/RISC-5/.v/DDCA/code/exercises/ALUDesignIverilog/ALU/systemIverilog/build/runs/RUN_2026-09-29_09-14-42/32-openroad-repairdesignpostgpl/addsub32.odb'…
Writing netlist to '/home/admin/Documents/Projekty/Hobby/Nauka/RISC-5/.v/DDCA/code/exercises/ALUDesignIverilog/ALU/systemIverilog/build/runs/RUN_2026-09-29_09-14-42/32-openroad-repairdesignpostgpl/addsub32.nl.v'…
Writing powered netlist to '/home/admin/Documents/Projekty/Hobby/Nauka/RISC-5/.v/DDCA/code/exercises/ALUDesignIverilog/ALU/systemIverilog/build/runs/RUN_2026-09-29_09-14-42/32-openroad-repairdesignpostgpl/addsub32.pnl.v'…
Writing layout to '/home/admin/Documents/Projekty/Hobby/Nauka/RISC-5/.v/DDCA/code/exercises/ALUDesignIverilog/ALU/systemIverilog/build/runs/RUN_2026-09-29_09-14-42/32-openroad-repairdesignpostgpl/addsub32.def'…
Writing timing constraints to '/home/admin/Documents/Projekty/Hobby/Nauka/RISC-5/.v/DDCA/code/exercises/ALUDesignIverilog/ALU/systemIverilog/build/runs/RUN_2026-09-29_09-14-42/32-openroad-repairdesignpostgpl/addsub32.sdc'…
