
===========================================================================
Violator List
============================================================================
[setup in-out] sub -> S[21] : -0.391057
[setup in-out] sub -> S[30] : -0.331336
[setup in-out] sub -> S[23] : -0.326934
[setup in-out] sub -> S[28] : -0.320705
[setup in-out] sub -> S[31] : -0.314581
[setup in-out] sub -> S[22] : -0.306197
[setup in-out] sub -> S[10] : -0.288402
[setup in-out] sub -> S[24] : -0.255608
[setup in-out] sub -> S[20] : -0.248046
[setup in-out] sub -> S[15] : -0.232750
[setup in-out] sub -> carryOut : -0.229782
[setup in-out] sub -> S[26] : -0.224345
[setup in-out] sub -> S[11] : -0.222941
[setup in-out] sub -> S[13] : -0.216972
[setup in-out] sub -> S[29] : -0.209816
[setup in-out] sub -> S[25] : -0.200587
[setup in-out] sub -> S[27] : -0.155291
[setup in-out] sub -> S[19] : -0.135366
[setup in-out] sub -> S[17] : -0.128528
[setup in-out] sub -> S[18] : -0.107972
[setup in-out] sub -> S[7] : -0.101110
[setup in-out] sub -> S[9] : -0.085698
[setup in-out] sub -> S[14] : -0.085226
[setup in-out] sub -> S[12] : -0.041769
