
===========================================================================
Violator List
============================================================================
[setup in-out] sub -> S[25] : -0.519220
[setup in-out] sub -> S[21] : -0.488124
[setup in-out] sub -> S[23] : -0.486751
[setup in-out] sub -> S[31] : -0.477765
[setup in-out] sub -> S[26] : -0.463937
[setup in-out] sub -> S[27] : -0.462606
[setup in-out] sub -> carryOut : -0.456401
[setup in-out] sub -> S[22] : -0.449535
[setup in-out] sub -> S[24] : -0.438179
[setup in-out] sub -> S[30] : -0.420504
[setup in-out] sub -> S[18] : -0.403891
[setup in-out] sub -> S[11] : -0.395982
[setup in-out] sub -> S[29] : -0.376071
[setup in-out] sub -> S[19] : -0.375144
[setup in-out] sub -> S[20] : -0.304543
[setup in-out] sub -> S[7] : -0.263177
[setup in-out] sub -> S[28] : -0.233316
[setup in-out] sub -> S[9] : -0.224053
[setup in-out] sub -> S[10] : -0.216720
[setup in-out] sub -> S[17] : -0.205994
[setup in-out] sub -> S[15] : -0.199356
[setup in-out] sub -> S[14] : -0.156975
[setup in-out] sub -> S[6] : -0.125459
[setup in-out] sub -> S[13] : -0.125042
[setup in-out] sub -> S[16] : -0.062949
[setup in-out] sub -> S[8] : -0.030099
[setup in-out] sub -> S[5] : -0.004578
